::ffff:127.0.0.1 - - [11/Aug/2022:00:48:27 +0000] "GET /json/widgetdata.php?callback=? HTTP/1.0" 404 158 "-" "Mozilla/5.0 (Windows NT 5.1) AppleWebKit/537.36 (KHTML, like Gecko) Chrome/41.0.2225.0 Safari/537.36"
::1 - - [11/Aug/2022:00:48:27 +0000] "GET / HTTP/1.0" 404 139 "-" "Mozilla/5.0 (Windows NT 6.0) AppleWebKit/537.36 (KHTML, like Gecko) Chrome/41.0.2228.0 Safari/537.36"
::ffff:127.0.0.1 - - [11/Aug/2022:00:48:27 +0000] "GET /json/widgetdata.php?callback=? HTTP/1.0" 404 158 "-" "Mozilla/5.0 (Windows NT 6.0) AppleWebKit/537.36 (KHTML, like Gecko) Chrome/41.0.2228.0 Safari/537.36"
::1 - - [11/Aug/2022:01:02:10 +0000] "GET / HTTP/1.0" 404 139 "-" "Mozilla/5.0 (Windows NT 10.0; Win64; x64) AppleWebKit/537.36 (KHTML, like Gecko) Chrome/60.0.3112.113 Safari/537.36"
::ffff:127.0.0.1 - - [11/Aug/2022:02:05:58 +0000] "GET / HTTP/1.0" 404 139 "-" "Mozilla/5.0 (Windows NT 10.0; Win64; x64; rv:79.0) Gecko/20100101 Firefox/79.0"
::1 - - [11/Aug/2022:02:06:24 +0000] "GET /.env HTTP/1.0" 404 143 "-" "Mozilla/5.0 (X11; Linux x86_64) AppleWebKit/537.36 (KHTML, like Gecko) Chrome/81.0.4044.129 Safari/537.36"
::ffff:127.0.0.1 - - [11/Aug/2022:02:06:25 +0000] "POST / HTTP/1.0" 404 140 "-" "Mozilla/5.0 (X11; Linux x86_64) AppleWebKit/537.36 (KHTML, like Gecko) Chrome/81.0.4044.129 Safari/537.36"
::1 - - [11/Aug/2022:02:15:16 +0000] "GET / HTTP/1.0" 404 139 "-" "Mozilla/5.0 (Macintosh; Intel Mac OS X 10_15_7) AppleWebKit/537.36 (KHTML, like Gecko) Chrome/102.0.0.0 Safari/537.36"
::ffff:127.0.0.1 - - [11/Aug/2022:02:46:15 +0000] "GET / HTTP/1.0" 404 139 "-" "Mozilla/5.0 zgrab/0.x"
::1 - - [11/Aug/2022:02:52:15 +0000] "POST / HTTP/1.0" 404 140 "-" "Mozilla/5.0 (X11; Linux x86_64) AppleWebKit/537.36 (KHTML, like Gecko) Chrome/81.0.4044.129 Safari/537.36"
::ffff:127.0.0.1 - - [11/Aug/2022:02:52:15 +0000] "GET /.env HTTP/1.0" 404 143 "-" "Mozilla/5.0 (X11; Linux x86_64) AppleWebKit/537.36 (KHTML, like Gecko) Chrome/81.0.4044.129 Safari/537.36"
::1 - - [11/Aug/2022:02:54:15 +0000] "GET / HTTP/1.0" 404 139 "-" "Mozilla/5.0 (Windows NT 10.0; Win64; x64) AppleWebKit/537.36 (KHTML, like Gecko) Chrome/70.0.3538.77 Safari/537.36"
::ffff:127.0.0.1 - - [11/Aug/2022:03:32:21 +0000] "GET / HTTP/1.0" 404 139 "-" "-"
::1 - - [11/Aug/2022:03:33:07 +0000] "GET / HTTP/1.0" 404 139 "-" "Mozilla/5.0 (Windows NT 10.0; Win64; x64) AppleWebKit/537.36 (KHTML, like Gecko) Chrome/60.0.3112.113 Safari/537.36"
::ffff:127.0.0.1 - - [11/Aug/2022:03:51:37 +0000] "GET /api/v1/transactions/basket?limit=100&sort=-createdAt HTTP/1.0" 304 - "-" "okhttp/4.9.2"
::1 - - [11/Aug/2022:03:51:37 +0000] "GET /api/v1/categories HTTP/1.0" 304 - "-" "okhttp/4.9.2"
::ffff:127.0.0.1 - - [11/Aug/2022:03:51:37 +0000] "GET /api/v1/goods/user?limit=100 HTTP/1.0" 304 - "-" "okhttp/4.9.2"
::1 - - [11/Aug/2022:03:52:37 +0000] "GET /api/v1/goods/user?limit=100 HTTP/1.0" 304 - "-" "okhttp/4.9.2"
::ffff:127.0.0.1 - - [11/Aug/2022:03:52:37 +0000] "GET /api/v1/transactions/basket?limit=100&sort=-createdAt HTTP/1.0" 304 - "-" "okhttp/4.9.2"
::1 - - [11/Aug/2022:03:52:38 +0000] "GET /api/v1/users/logout HTTP/1.0" 200 39 "-" "okhttp/4.9.2"
::ffff:127.0.0.1 - - [11/Aug/2022:03:52:55 +0000] "POST /api/v1/users HTTP/1.0" 500 404 "-" "okhttp/4.9.2"
::1 - - [11/Aug/2022:03:53:00 +0000] "POST /api/v1/users HTTP/1.0" 500 404 "-" "okhttp/4.9.2"
::ffff:127.0.0.1 - - [11/Aug/2022:03:53:13 +0000] "POST /api/v1/users HTTP/1.0" 500 404 "-" "okhttp/4.9.2"
::1 - - [11/Aug/2022:04:02:02 +0000] "POST /api/v1/users/login HTTP/1.0" 200 545 "-" "okhttp/4.9.2"
::ffff:127.0.0.1 - - [11/Aug/2022:04:02:03 +0000] "GET /api/v1/categories HTTP/1.0" 304 - "-" "okhttp/4.9.2"
::1 - - [11/Aug/2022:04:02:03 +0000] "GET /api/v1/goods/user?limit=100 HTTP/1.0" 304 - "-" "okhttp/4.9.2"
::ffff:127.0.0.1 - - [11/Aug/2022:04:02:03 +0000] "GET /api/v1/transactions/basket?limit=100&sort=-createdAt HTTP/1.0" 304 - "-" "okhttp/4.9.2"
::1 - - [11/Aug/2022:04:02:10 +0000] "GET /api/v1/transactions/basket?limit=100&sort=-createdAt HTTP/1.0" 304 - "-" "okhttp/4.9.2"
::ffff:127.0.0.1 - - [11/Aug/2022:04:02:10 +0000] "GET /api/v1/goods/user?limit=100 HTTP/1.0" 304 - "-" "okhttp/4.9.2"
::1 - - [11/Aug/2022:04:02:11 +0000] "GET /api/v1/users/logout HTTP/1.0" 304 - "-" "okhttp/4.9.2"
::ffff:127.0.0.1 - - [11/Aug/2022:04:02:15 +0000] "POST /api/v1/users HTTP/1.0" 500 404 "-" "okhttp/4.9.2"
::1 - - [11/Aug/2022:04:05:10 +0000] "POST /api/v1/users HTTP/1.0" 500 404 "-" "okhttp/4.9.2"
::ffff:127.0.0.1 - - [11/Aug/2022:04:05:13 +0000] "POST /api/v1/users HTTP/1.0" 500 404 "-" "okhttp/4.9.2"
::1 - - [11/Aug/2022:04:05:17 +0000] "POST /api/v1/users HTTP/1.0" 500 404 "-" "okhttp/4.9.2"
::ffff:127.0.0.1 - - [11/Aug/2022:04:05:19 +0000] "POST /api/v1/users HTTP/1.0" 500 404 "-" "okhttp/4.9.2"
::1 - - [11/Aug/2022:04:06:56 +0000] "POST /api/v1/users HTTP/1.0" 500 404 "-" "okhttp/4.9.2"
::ffff:127.0.0.1 - - [11/Aug/2022:04:07:41 +0000] "POST /api/v1/users HTTP/1.0" 500 404 "-" "okhttp/4.9.2"
::1 - - [11/Aug/2022:04:07:52 +0000] "POST /api/v1/users HTTP/1.0" 500 404 "-" "okhttp/4.9.2"
::ffff:127.0.0.1 - - [11/Aug/2022:04:07:54 +0000] "POST /api/v1/users HTTP/1.0" 500 404 "-" "okhttp/4.9.2"
::1 - - [11/Aug/2022:04:10:25 +0000] "POST /api/v1/users HTTP/1.0" 200 503 "-" "okhttp/4.9.2"
::ffff:127.0.0.1 - - [11/Aug/2022:04:11:56 +0000] "POST /api/v1/users/login HTTP/1.0" 401 123 "-" "okhttp/4.9.2"
::1 - - [11/Aug/2022:04:12:04 +0000] "POST /api/v1/users/login HTTP/1.0" 200 503 "-" "okhttp/4.9.2"
::ffff:127.0.0.1 - - [11/Aug/2022:04:12:04 +0000] "GET /api/v1/categories HTTP/1.0" 304 - "-" "okhttp/4.9.2"
::1 - - [11/Aug/2022:04:12:05 +0000] "GET /api/v1/transactions/basket?limit=100&sort=-createdAt HTTP/1.0" 200 107 "-" "okhttp/4.9.2"
::ffff:127.0.0.1 - - [11/Aug/2022:04:12:05 +0000] "GET /api/v1/goods/user?limit=100 HTTP/1.0" 200 107 "-" "okhttp/4.9.2"
::1 - - [11/Aug/2022:04:12:13 +0000] "GET /api/v1/categories HTTP/1.0" 304 - "-" "okhttp/4.9.2"
::ffff:127.0.0.1 - - [11/Aug/2022:04:12:13 +0000] "GET /api/v1/goods/user?limit=100 HTTP/1.0" 304 - "-" "okhttp/4.9.2"
::1 - - [11/Aug/2022:04:12:13 +0000] "GET /api/v1/transactions/basket?limit=100&sort=-createdAt HTTP/1.0" 304 - "-" "okhttp/4.9.2"
::ffff:127.0.0.1 - - [11/Aug/2022:04:12:14 +0000] "GET /api/v1/goods/user?limit=100 HTTP/1.0" 304 - "-" "okhttp/4.9.2"
::1 - - [11/Aug/2022:04:12:14 +0000] "GET /api/v1/transactions/basket?limit=100&sort=-createdAt HTTP/1.0" 304 - "-" "okhttp/4.9.2"
::ffff:127.0.0.1 - - [11/Aug/2022:04:12:15 +0000] "GET /api/v1/categories HTTP/1.0" 304 - "-" "okhttp/4.9.2"
::1 - - [11/Aug/2022:04:12:15 +0000] "GET /api/v1/transactions/basket?limit=100&sort=-createdAt HTTP/1.0" 304 - "-" "okhttp/4.9.2"
::ffff:127.0.0.1 - - [11/Aug/2022:04:12:15 +0000] "GET /api/v1/goods/user?limit=100 HTTP/1.0" 304 - "-" "okhttp/4.9.2"
::1 - - [11/Aug/2022:04:12:17 +0000] "GET /api/v1/transactions/basket?limit=100&sort=-createdAt HTTP/1.0" 304 - "-" "okhttp/4.9.2"
::ffff:127.0.0.1 - - [11/Aug/2022:04:12:17 +0000] "GET /api/v1/goods/user?limit=100 HTTP/1.0" 304 - "-" "okhttp/4.9.2"
::1 - - [11/Aug/2022:04:12:43 +0000] "GET /api/v1/categories HTTP/1.0" 304 - "-" "okhttp/4.9.2"
::ffff:127.0.0.1 - - [11/Aug/2022:04:12:43 +0000] "GET /api/v1/transactions/basket?limit=100&sort=-createdAt HTTP/1.0" 304 - "-" "okhttp/4.9.2"
::1 - - [11/Aug/2022:04:12:43 +0000] "GET /api/v1/goods/user?limit=100 HTTP/1.0" 304 - "-" "okhttp/4.9.2"
::ffff:127.0.0.1 - - [11/Aug/2022:04:14:38 +0000] "GET /api/v1/goods/user?limit=100 HTTP/1.0" 304 - "-" "okhttp/4.9.2"
::1 - - [11/Aug/2022:04:14:38 +0000] "GET /api/v1/transactions/basket?limit=100&sort=-createdAt HTTP/1.0" 304 - "-" "okhttp/4.9.2"
::ffff:127.0.0.1 - - [11/Aug/2022:04:14:41 +0000] "GET /api/v1/categories HTTP/1.0" 304 - "-" "okhttp/4.9.2"
::1 - - [11/Aug/2022:04:14:41 +0000] "GET /api/v1/goods/user?limit=100 HTTP/1.0" 304 - "-" "okhttp/4.9.2"
::ffff:127.0.0.1 - - [11/Aug/2022:04:14:42 +0000] "GET /api/v1/transactions/basket?limit=100&sort=-createdAt HTTP/1.0" 304 - "-" "okhttp/4.9.2"
::1 - - [11/Aug/2022:04:14:44 +0000] "GET /api/v1/transactions/basket?limit=100&sort=-createdAt HTTP/1.0" 304 - "-" "okhttp/4.9.2"
::ffff:127.0.0.1 - - [11/Aug/2022:04:14:44 +0000] "GET /api/v1/goods/user?limit=100 HTTP/1.0" 304 - "-" "okhttp/4.9.2"
::1 - - [11/Aug/2022:04:14:45 +0000] "GET /api/v1/categories HTTP/1.0" 304 - "-" "okhttp/4.9.2"
::ffff:127.0.0.1 - - [11/Aug/2022:04:14:45 +0000] "GET /api/v1/goods/user?limit=100 HTTP/1.0" 304 - "-" "okhttp/4.9.2"
::1 - - [11/Aug/2022:04:14:45 +0000] "GET /api/v1/transactions/basket?limit=100&sort=-createdAt HTTP/1.0" 304 - "-" "okhttp/4.9.2"
::ffff:127.0.0.1 - - [11/Aug/2022:04:16:20 +0000] "GET /api/v1/goods/user?limit=100 HTTP/1.0" 304 - "-" "okhttp/4.9.2"
::1 - - [11/Aug/2022:04:16:21 +0000] "GET /api/v1/bills/user?limit=1000&sort=-createdAt HTTP/1.0" 200 108 "-" "okhttp/4.9.2"
::ffff:127.0.0.1 - - [11/Aug/2022:04:16:21 +0000] "GET /api/v1/goods/user?limit=100 HTTP/1.0" 304 - "-" "okhttp/4.9.2"
::1 - - [11/Aug/2022:04:16:23 +0000] "GET /api/v1/templates?createUser=62f4813199e2a94b91d43a01 HTTP/1.0" 200 109 "-" "okhttp/4.9.2"
::ffff:127.0.0.1 - - [11/Aug/2022:04:16:23 +0000] "GET /api/v1/bills/user?limit=1000&sort=-createdAt HTTP/1.0" 304 - "-" "okhttp/4.9.2"
::ffff:127.0.0.1 - - [11/Aug/2022:04:16:27 +0000] "GET /api/v1/users/62f4813199e2a94b91d43a01 HTTP/1.0" 403 150 "-" "okhttp/4.9.2"
::1 - - [11/Aug/2022:04:16:27 +0000] "GET /api/v1/templates?createUser=62f4813199e2a94b91d43a01 HTTP/1.0" 304 - "-" "okhttp/4.9.2"
::1 - - [11/Aug/2022:04:16:33 +0000] "GET /api/v1/users/logout HTTP/1.0" 304 - "-" "okhttp/4.9.2"
::ffff:127.0.0.1 - - [11/Aug/2022:04:16:51 +0000] "POST /api/v1/users/login HTTP/1.0" 200 503 "-" "okhttp/4.9.2"
::1 - - [11/Aug/2022:04:16:51 +0000] "GET /api/v1/users/62f4813199e2a94b91d43a01 HTTP/1.0" 403 150 "-" "okhttp/4.9.2"
::ffff:127.0.0.1 - - [11/Aug/2022:04:16:54 +0000] "GET /api/v1/goods/user?limit=100 HTTP/1.0" 304 - "-" "okhttp/4.9.2"
::1 - - [11/Aug/2022:04:16:54 +0000] "GET /api/v1/categories HTTP/1.0" 304 - "-" "okhttp/4.9.2"
::ffff:127.0.0.1 - - [11/Aug/2022:04:16:54 +0000] "GET /api/v1/transactions/basket?limit=100&sort=-createdAt HTTP/1.0" 304 - "-" "okhttp/4.9.2"
::1 - - [11/Aug/2022:04:19:25 +0000] "GET /api/v1/categories HTTP/1.0" 304 - "-" "okhttp/4.9.2"
::ffff:127.0.0.1 - - [11/Aug/2022:04:19:25 +0000] "GET /api/v1/goods/user?limit=100 HTTP/1.0" 304 - "-" "okhttp/4.9.2"
::1 - - [11/Aug/2022:04:19:25 +0000] "GET /api/v1/transactions/basket?limit=100&sort=-createdAt HTTP/1.0" 304 - "-" "okhttp/4.9.2"
::ffff:127.0.0.1 - - [11/Aug/2022:04:21:40 +0000] "POST /api/v1/goods HTTP/1.0" 200 349 "-" "okhttp/4.9.2"
::1 - - [11/Aug/2022:04:21:40 +0000] "POST /api/v1/transactions HTTP/1.0" 200 256 "-" "okhttp/4.9.2"
::ffff:127.0.0.1 - - [11/Aug/2022:04:21:41 +0000] "GET /api/v1/goods/user?limit=100 HTTP/1.0" 200 490 "-" "okhttp/4.9.2"
::1 - - [11/Aug/2022:04:21:41 +0000] "GET /api/v1/transactions/basket?limit=100&sort=-createdAt HTTP/1.0" 200 419 "-" "okhttp/4.9.2"
::ffff:127.0.0.1 - - [11/Aug/2022:04:21:41 +0000] "PUT /api/v1/goods/62f483d499e2a94b91d43a53/upload-photo HTTP/1.0" 200 60 "-" "okhttp/4.9.2"
::1 - - [11/Aug/2022:04:22:05 +0000] "GET /api/v1/categories HTTP/1.0" 304 - "-" "okhttp/4.9.2"
::ffff:127.0.0.1 - - [11/Aug/2022:04:22:05 +0000] "GET /api/v1/goods/user?limit=100 HTTP/1.0" 200 512 "-" "okhttp/4.9.2"
::1 - - [11/Aug/2022:04:22:05 +0000] "GET /api/v1/transactions/basket?limit=100&sort=-createdAt HTTP/1.0" 200 441 "-" "okhttp/4.9.2"
::ffff:127.0.0.1 - - [11/Aug/2022:04:24:41 +0000] "POST /api/v1/goods HTTP/1.0" 200 354 "-" "okhttp/4.9.2"
::1 - - [11/Aug/2022:04:24:41 +0000] "POST /api/v1/transactions HTTP/1.0" 200 254 "-" "okhttp/4.9.2"
::ffff:127.0.0.1 - - [11/Aug/2022:04:24:42 +0000] "GET /api/v1/goods/user?limit=100 HTTP/1.0" 200 901 "-" "okhttp/4.9.2"
::1 - - [11/Aug/2022:04:24:42 +0000] "GET /api/v1/transactions/basket?limit=100&sort=-createdAt HTTP/1.0" 200 758 "-" "okhttp/4.9.2"
::ffff:127.0.0.1 - - [11/Aug/2022:04:24:43 +0000] "PUT /api/v1/goods/62f4848999e2a94b91d43a68/upload-photo HTTP/1.0" 200 60 "-" "okhttp/4.9.2"
::1 - - [11/Aug/2022:04:25:22 +0000] "GET /upload/undefined HTTP/1.0" 404 155 "-" "okhttp/4.9.2"
::1 - - [11/Aug/2022:04:25:22 +0000] "GET /api/v1/goods/62f483d499e2a94b91d43a53 HTTP/1.0" 200 429 "-" "okhttp/4.9.2"
::ffff:127.0.0.1 - - [11/Aug/2022:04:25:22 +0000] "GET /api/v1/transactions/user?good=62f483d499e2a94b91d43a53&sort=-createdAt HTTP/1.0" 200 452 "-" "okhttp/4.9.2"
::ffff:127.0.0.1 - - [11/Aug/2022:04:25:23 +0000] "GET /api/v1/goods/user?limit=100 HTTP/1.0" 200 923 "-" "okhttp/4.9.2"
::1 - - [11/Aug/2022:04:25:23 +0000] "GET /api/v1/transactions/basket?limit=100&sort=-createdAt HTTP/1.0" 200 780 "-" "okhttp/4.9.2"
::1 - - [11/Aug/2022:04:25:32 +0000] "GET /api/v1/goods/user?limit=100 HTTP/1.0" 304 - "-" "okhttp/4.9.2"
::ffff:127.0.0.1 - - [11/Aug/2022:04:25:32 +0000] "GET /api/v1/transactions/basket?limit=100&sort=-createdAt HTTP/1.0" 304 - "-" "okhttp/4.9.2"
::1 - - [11/Aug/2022:04:25:44 +0000] "GET /api/v1/categories HTTP/1.0" 304 - "-" "okhttp/4.9.2"
::ffff:127.0.0.1 - - [11/Aug/2022:04:25:45 +0000] "GET /api/v1/goods/user?limit=100 HTTP/1.0" 304 - "-" "okhttp/4.9.2"
::1 - - [11/Aug/2022:04:25:45 +0000] "GET /api/v1/transactions/basket?limit=100&sort=-createdAt HTTP/1.0" 304 - "-" "okhttp/4.9.2"
::ffff:127.0.0.1 - - [11/Aug/2022:04:27:50 +0000] "POST /api/v1/goods HTTP/1.0" 200 351 "-" "okhttp/4.9.2"
::1 - - [11/Aug/2022:04:27:50 +0000] "POST /api/v1/transactions HTTP/1.0" 200 254 "-" "okhttp/4.9.2"
::ffff:127.0.0.1 - - [11/Aug/2022:04:27:51 +0000] "GET /api/v1/goods/user?limit=100 HTTP/1.0" 200 1309 "-" "okhttp/4.9.2"
::1 - - [11/Aug/2022:04:27:51 +0000] "GET /api/v1/transactions/basket?limit=100&sort=-createdAt HTTP/1.0" 200 1094 "-" "okhttp/4.9.2"
::ffff:127.0.0.1 - - [11/Aug/2022:04:27:52 +0000] "PUT /api/v1/goods/62f4854699e2a94b91d43a8e/upload-photo HTTP/1.0" 200 60 "-" "okhttp/4.9.2"
::1 - - [11/Aug/2022:04:28:58 +0000] "POST /api/v1/templates HTTP/1.0" 200 204 "-" "okhttp/4.9.2"
::ffff:127.0.0.1 - - [11/Aug/2022:04:28:59 +0000] "POST /api/v1/bills/receipt HTTP/1.0" 200 279 "-" "okhttp/4.9.2"
::1 - - [11/Aug/2022:04:28:59 +0000] "GET /api/v1/transactions/basket?limit=100&sort=-createdAt HTTP/1.0" 200 107 "-" "okhttp/4.9.2"
::ffff:127.0.0.1 - - [11/Aug/2022:04:29:00 +0000] "GET /api/v1/transactions/basket?limit=100&sort=-createdAt HTTP/1.0" 304 - "-" "okhttp/4.9.2"
::1 - - [11/Aug/2022:04:29:09 +0000] "GET /api/v1/goods/user?limit=100 HTTP/1.0" 200 1331 "-" "okhttp/4.9.2"
::ffff:127.0.0.1 - - [11/Aug/2022:04:29:10 +0000] "GET /api/v1/transactions/basket?limit=100&sort=-createdAt HTTP/1.0" 304 - "-" "okhttp/4.9.2"
::1 - - [11/Aug/2022:04:29:10 +0000] "GET /api/v1/goods/user?limit=100 HTTP/1.0" 200 1331 "-" "okhttp/4.9.2"
::ffff:127.0.0.1 - - [11/Aug/2022:04:29:22 +0000] "GET /api/v1/transactions/basket?limit=100&sort=-createdAt HTTP/1.0" 304 - "-" "okhttp/4.9.2"
::ffff:127.0.0.1 - - [11/Aug/2022:04:29:22 +0000] "GET /api/v1/goods/user?limit=100 HTTP/1.0" 304 - "-" "okhttp/4.9.2"
::1 - - [11/Aug/2022:04:29:22 +0000] "GET /api/v1/goods/user?limit=100 HTTP/1.0" 304 - "-" "okhttp/4.9.2"
::ffff:127.0.0.1 - - [11/Aug/2022:04:29:27 +0000] "GET /api/v1/transactions/basket?limit=100&sort=-createdAt HTTP/1.0" 304 - "-" "okhttp/4.9.2"
::1 - - [11/Aug/2022:04:29:27 +0000] "GET /api/v1/goods/user?limit=100 HTTP/1.0" 304 - "-" "okhttp/4.9.2"
::1 - - [11/Aug/2022:04:29:27 +0000] "GET /api/v1/goods/user?limit=100 HTTP/1.0" 304 - "-" "okhttp/4.9.2"
::1 - - [11/Aug/2022:04:29:29 +0000] "GET /api/v1/bills/user?limit=1000&sort=-createdAt HTTP/1.0" 200 363 "-" "okhttp/4.9.2"
::ffff:127.0.0.1 - - [11/Aug/2022:04:29:29 +0000] "GET /api/v1/goods/user?limit=100 HTTP/1.0" 304 - "-" "okhttp/4.9.2"
::1 - - [11/Aug/2022:04:29:34 +0000] "GET /api/v1/bills/user?limit=1000&sort=-createdAt HTTP/1.0" 304 - "-" "okhttp/4.9.2"
::ffff:127.0.0.1 - - [11/Aug/2022:04:29:34 +0000] "GET /api/v1/goods/user?limit=100 HTTP/1.0" 304 - "-" "okhttp/4.9.2"
::ffff:127.0.0.1 - - [11/Aug/2022:04:29:36 +0000] "GET /api/v1/templates?createUser=62f4813199e2a94b91d43a01 HTTP/1.0" 200 289 "-" "okhttp/4.9.2"
::1 - - [11/Aug/2022:04:29:37 +0000] "GET /api/v1/goods/user?limit=100 HTTP/1.0" 304 - "-" "okhttp/4.9.2"
::1 - - [11/Aug/2022:04:29:40 +0000] "GET /api/v1/templates?createUser=62f4813199e2a94b91d43a01 HTTP/1.0" 304 - "-" "okhttp/4.9.2"
::ffff:127.0.0.1 - - [11/Aug/2022:04:29:40 +0000] "GET /api/v1/transactions/user?template=62f4858a99e2a94b91d43a9a HTTP/1.0" 200 1343 "-" "okhttp/4.9.2"
::ffff:127.0.0.1 - - [11/Aug/2022:04:29:52 +0000] "POST /api/v1/bills/receipt HTTP/1.0" 200 284 "-" "okhttp/4.9.2"
::1 - - [11/Aug/2022:04:30:03 +0000] "GET /api/v1/templates?createUser=62f4813199e2a94b91d43a01 HTTP/1.0" 304 - "-" "okhttp/4.9.2"
::ffff:127.0.0.1 - - [11/Aug/2022:04:30:06 +0000] "GET /api/v1/transactions/basket?limit=100&sort=-createdAt HTTP/1.0" 200 107 "-" "okhttp/4.9.2"
::1 - - [11/Aug/2022:04:30:06 +0000] "GET /api/v1/templates?createUser=62f4813199e2a94b91d43a01 HTTP/1.0" 304 - "-" "okhttp/4.9.2"
::ffff:127.0.0.1 - - [11/Aug/2022:04:30:06 +0000] "GET /api/v1/goods/user?limit=100 HTTP/1.0" 200 1332 "-" "okhttp/4.9.2"
::1 - - [11/Aug/2022:04:30:10 +0000] "GET /api/v1/transactions/basket?limit=100&sort=-createdAt HTTP/1.0" 304 - "-" "okhttp/4.9.2"
::1 - - [11/Aug/2022:04:30:10 +0000] "GET /api/v1/goods/user?limit=100 HTTP/1.0" 304 - "-" "okhttp/4.9.2"
::ffff:127.0.0.1 - - [11/Aug/2022:04:30:10 +0000] "GET /api/v1/goods/user?limit=100 HTTP/1.0" 304 - "-" "okhttp/4.9.2"
::1 - - [11/Aug/2022:04:30:35 +0000] "GET /api/v1/transactions/basket?limit=100&sort=-createdAt HTTP/1.0" 304 - "-" "okhttp/4.9.2"
::ffff:127.0.0.1 - - [11/Aug/2022:04:30:35 +0000] "GET /api/v1/goods/user?limit=100 HTTP/1.0" 304 - "-" "okhttp/4.9.2"
::ffff:127.0.0.1 - - [11/Aug/2022:04:30:35 +0000] "GET /api/v1/goods/user?limit=100 HTTP/1.0" 304 - "-" "okhttp/4.9.2"
::1 - - [11/Aug/2022:04:30:38 +0000] "GET /api/v1/categories HTTP/1.0" 304 - "-" "okhttp/4.9.2"
::1 - - [11/Aug/2022:04:30:38 +0000] "GET /api/v1/transactions/basket?limit=100&sort=-createdAt HTTP/1.0" 304 - "-" "okhttp/4.9.2"
::ffff:127.0.0.1 - - [11/Aug/2022:04:30:38 +0000] "GET /api/v1/goods/user?limit=100 HTTP/1.0" 304 - "-" "okhttp/4.9.2"
::ffff:127.0.0.1 - - [11/Aug/2022:04:30:45 +0000] "POST /api/v1/goods HTTP/1.0" 500 227 "-" "okhttp/4.9.2"
::1 - - [11/Aug/2022:04:31:05 +0000] "GET /api/v1/categories HTTP/1.0" 304 - "-" "okhttp/4.9.2"
::ffff:127.0.0.1 - - [11/Aug/2022:04:31:05 +0000] "GET /api/v1/transactions/basket?limit=100&sort=-createdAt HTTP/1.0" 304 - "-" "okhttp/4.9.2"
::1 - - [11/Aug/2022:04:31:05 +0000] "GET /api/v1/goods/user?limit=100 HTTP/1.0" 304 - "-" "okhttp/4.9.2"
::ffff:127.0.0.1 - - [11/Aug/2022:04:31:20 +0000] "GET /api/v1/templates?createUser=62f4813199e2a94b91d43a01 HTTP/1.0" 304 - "-" "okhttp/4.9.2"
::1 - - [11/Aug/2022:04:31:20 +0000] "GET /api/v1/transactions/basket?limit=100&sort=-createdAt HTTP/1.0" 304 - "-" "okhttp/4.9.2"
::ffff:127.0.0.1 - - [11/Aug/2022:04:31:20 +0000] "GET /api/v1/goods/user?limit=100 HTTP/1.0" 304 - "-" "okhttp/4.9.2"
::ffff:127.0.0.1 - - [11/Aug/2022:04:31:23 +0000] "GET /api/v1/templates?createUser=62f4813199e2a94b91d43a01 HTTP/1.0" 304 - "-" "okhttp/4.9.2"
::1 - - [11/Aug/2022:04:31:23 +0000] "GET /api/v1/transactions/user?template=62f4858a99e2a94b91d43a9a HTTP/1.0" 200 1343 "-" "okhttp/4.9.2"
::1 - - [11/Aug/2022:04:31:36 +0000] "GET /api/v1/templates?createUser=62f4813199e2a94b91d43a01 HTTP/1.0" 304 - "-" "okhttp/4.9.2"
::1 - - [11/Aug/2022:04:31:41 +0000] "GET /api/v1/templates?createUser=62f4813199e2a94b91d43a01 HTTP/1.0" 304 - "-" "okhttp/4.9.2"
::ffff:127.0.0.1 - - [11/Aug/2022:04:31:41 +0000] "GET /api/v1/goods/user?limit=100 HTTP/1.0" 304 - "-" "okhttp/4.9.2"
::ffff:127.0.0.1 - - [11/Aug/2022:04:31:42 +0000] "GET /api/v1/transactions/basket?limit=100&sort=-createdAt HTTP/1.0" 304 - "-" "okhttp/4.9.2"
::ffff:127.0.0.1 - - [11/Aug/2022:04:31:42 +0000] "GET /api/v1/goods/user?limit=100 HTTP/1.0" 304 - "-" "okhttp/4.9.2"
::1 - - [11/Aug/2022:04:31:42 +0000] "GET /api/v1/goods/user?limit=100 HTTP/1.0" 304 - "-" "okhttp/4.9.2"
::1 - - [11/Aug/2022:04:31:44 +0000] "GET /api/v1/categories HTTP/1.0" 304 - "-" "okhttp/4.9.2"
::1 - - [11/Aug/2022:04:31:44 +0000] "GET /api/v1/transactions/basket?limit=100&sort=-createdAt HTTP/1.0" 304 - "-" "okhttp/4.9.2"
::ffff:127.0.0.1 - - [11/Aug/2022:04:31:44 +0000] "GET /api/v1/goods/user?limit=100 HTTP/1.0" 304 - "-" "okhttp/4.9.2"
::ffff:127.0.0.1 - - [11/Aug/2022:04:33:28 +0000] "POST /api/v1/goods HTTP/1.0" 200 348 "-" "okhttp/4.9.2"
::1 - - [11/Aug/2022:04:33:28 +0000] "POST /api/v1/transactions HTTP/1.0" 200 256 "-" "okhttp/4.9.2"
::ffff:127.0.0.1 - - [11/Aug/2022:04:33:29 +0000] "GET /api/v1/goods/user?limit=100 HTTP/1.0" 200 1715 "-" "okhttp/4.9.2"
::1 - - [11/Aug/2022:04:33:29 +0000] "GET /api/v1/transactions/basket?limit=100&sort=-createdAt HTTP/1.0" 200 418 "-" "okhttp/4.9.2"
::ffff:127.0.0.1 - - [11/Aug/2022:04:33:29 +0000] "PUT /api/v1/goods/62f4869899e2a94b91d43b35/upload-photo HTTP/1.0" 200 60 "-" "okhttp/4.9.2"
::ffff:127.0.0.1 - - [11/Aug/2022:04:33:49 +0000] "POST /api/v1/templates HTTP/1.0" 200 193 "-" "okhttp/4.9.2"
::1 - - [11/Aug/2022:04:33:49 +0000] "POST /api/v1/bills/receipt HTTP/1.0" 200 284 "-" "okhttp/4.9.2"
::1 - - [11/Aug/2022:04:33:50 +0000] "GET /api/v1/transactions/basket?limit=100&sort=-createdAt HTTP/1.0" 200 107 "-" "okhttp/4.9.2"
::ffff:127.0.0.1 - - [11/Aug/2022:04:33:51 +0000] "GET /api/v1/transactions/basket?limit=100&sort=-createdAt HTTP/1.0" 304 - "-" "okhttp/4.9.2"
::ffff:127.0.0.1 - - [11/Aug/2022:04:34:00 +0000] "GET /api/v1/transactions/basket?limit=100&sort=-createdAt HTTP/1.0" 304 - "-" "okhttp/4.9.2"
::1 - - [11/Aug/2022:04:34:00 +0000] "GET /api/v1/goods/user?limit=100 HTTP/1.0" 200 1738 "-" "okhttp/4.9.2"
::1 - - [11/Aug/2022:04:34:00 +0000] "GET /api/v1/goods/user?limit=100 HTTP/1.0" 200 1738 "-" "okhttp/4.9.2"
::1 - - [11/Aug/2022:04:34:04 +0000] "GET /api/v1/transactions/basket?limit=100&sort=-createdAt HTTP/1.0" 304 - "-" "okhttp/4.9.2"
::ffff:127.0.0.1 - - [11/Aug/2022:04:34:04 +0000] "GET /api/v1/goods/user?limit=100 HTTP/1.0" 304 - "-" "okhttp/4.9.2"
::ffff:127.0.0.1 - - [11/Aug/2022:04:34:04 +0000] "GET /api/v1/goods/user?limit=100 HTTP/1.0" 304 - "-" "okhttp/4.9.2"
::ffff:127.0.0.1 - - [11/Aug/2022:04:34:04 +0000] "GET /api/v1/transactions/basket?limit=100&sort=-createdAt HTTP/1.0" 304 - "-" "okhttp/4.9.2"
::1 - - [11/Aug/2022:04:34:04 +0000] "GET /api/v1/templates?createUser=62f4813199e2a94b91d43a01 HTTP/1.0" 200 459 "-" "okhttp/4.9.2"
::1 - - [11/Aug/2022:04:34:04 +0000] "GET /api/v1/goods/user?limit=100 HTTP/1.0" 304 - "-" "okhttp/4.9.2"
::1 - - [11/Aug/2022:04:34:08 +0000] "GET /api/v1/transactions/basket?limit=100&sort=-createdAt HTTP/1.0" 304 - "-" "okhttp/4.9.2"
::ffff:127.0.0.1 - - [11/Aug/2022:04:34:08 +0000] "GET /api/v1/templates?createUser=62f4813199e2a94b91d43a01 HTTP/1.0" 304 - "-" "okhttp/4.9.2"
::ffff:127.0.0.1 - - [11/Aug/2022:04:34:08 +0000] "GET /api/v1/goods/user?limit=100 HTTP/1.0" 304 - "-" "okhttp/4.9.2"
::1 - - [11/Aug/2022:04:34:13 +0000] "GET /api/v1/templates?createUser=62f4813199e2a94b91d43a01 HTTP/1.0" 304 - "-" "okhttp/4.9.2"
::ffff:127.0.0.1 - - [11/Aug/2022:04:34:13 +0000] "GET /api/v1/transactions/basket?limit=100&sort=-createdAt HTTP/1.0" 304 - "-" "okhttp/4.9.2"
::1 - - [11/Aug/2022:04:34:13 +0000] "GET /api/v1/goods/user?limit=100 HTTP/1.0" 304 - "-" "okhttp/4.9.2"
::1 - - [11/Aug/2022:04:34:14 +0000] "GET /api/v1/templates?createUser=62f4813199e2a94b91d43a01 HTTP/1.0" 304 - "-" "okhttp/4.9.2"
::ffff:127.0.0.1 - - [11/Aug/2022:04:34:14 +0000] "GET /api/v1/transactions/user?template=62f486ad99e2a94b91d43b43 HTTP/1.0" 200 637 "-" "okhttp/4.9.2"
::1 - - [11/Aug/2022:04:35:29 +0000] "GET /api/v1/templates?createUser=62f4813199e2a94b91d43a01 HTTP/1.0" 304 - "-" "okhttp/4.9.2"
::ffff:127.0.0.1 - - [11/Aug/2022:04:35:30 +0000] "GET /api/v1/transactions/basket?limit=100&sort=-createdAt HTTP/1.0" 304 - "-" "okhttp/4.9.2"
::ffff:127.0.0.1 - - [11/Aug/2022:04:35:31 +0000] "GET /api/v1/templates?createUser=62f4813199e2a94b91d43a01 HTTP/1.0" 304 - "-" "okhttp/4.9.2"
::1 - - [11/Aug/2022:04:35:31 +0000] "GET /api/v1/goods/user?limit=100 HTTP/1.0" 304 - "-" "okhttp/4.9.2"
::ffff:127.0.0.1 - - [11/Aug/2022:04:35:34 +0000] "GET /api/v1/transactions/basket?limit=100&sort=-createdAt HTTP/1.0" 304 - "-" "okhttp/4.9.2"
::1 - - [11/Aug/2022:04:35:35 +0000] "GET /api/v1/goods/user?limit=100 HTTP/1.0" 304 - "-" "okhttp/4.9.2"
::1 - - [11/Aug/2022:04:35:35 +0000] "GET /api/v1/goods/user?limit=100 HTTP/1.0" 304 - "-" "okhttp/4.9.2"
::1 - - [11/Aug/2022:04:35:47 +0000] "GET /api/v1/transactions/basket?limit=100&sort=-createdAt HTTP/1.0" 304 - "-" "okhttp/4.9.2"
::ffff:127.0.0.1 - - [11/Aug/2022:04:35:47 +0000] "GET /api/v1/goods/user?limit=100 HTTP/1.0" 304 - "-" "okhttp/4.9.2"
::ffff:127.0.0.1 - - [11/Aug/2022:04:35:47 +0000] "GET /api/v1/goods/user?limit=100 HTTP/1.0" 304 - "-" "okhttp/4.9.2"
::ffff:127.0.0.1 - - [11/Aug/2022:04:35:49 +0000] "GET /api/v1/transactions/basket?limit=100&sort=-createdAt HTTP/1.0" 304 - "-" "okhttp/4.9.2"
::1 - - [11/Aug/2022:04:35:49 +0000] "GET /api/v1/goods/user?limit=100 HTTP/1.0" 304 - "-" "okhttp/4.9.2"
::1 - - [11/Aug/2022:04:35:49 +0000] "GET /api/v1/goods/user?limit=100 HTTP/1.0" 304 - "-" "okhttp/4.9.2"
::ffff:127.0.0.1 - - [11/Aug/2022:04:35:57 +0000] "GET /api/v1/bills/user?limit=1000&sort=-createdAt HTTP/1.0" 200 885 "-" "okhttp/4.9.2"
::1 - - [11/Aug/2022:04:35:57 +0000] "GET /api/v1/goods/user?limit=100 HTTP/1.0" 304 - "-" "okhttp/4.9.2"
::ffff:127.0.0.1 - - [11/Aug/2022:04:36:18 +0000] "GET /api/v1/transactions/user?bill=62f4858a99e2a94b91d43a9c HTTP/1.0" 200 118 "-" "okhttp/4.9.2"
::1 - - [11/Aug/2022:04:36:18 +0000] "GET /api/v1/bills/user?limit=1000&sort=-createdAt HTTP/1.0" 304 - "-" "okhttp/4.9.2"
::ffff:127.0.0.1 - - [11/Aug/2022:04:36:24 +0000] "GET /api/v1/bills/user?limit=1000&sort=-createdAt HTTP/1.0" 304 - "-" "okhttp/4.9.2"
::ffff:127.0.0.1 - - [11/Aug/2022:04:36:33 +0000] "GET /api/v1/bills/user?limit=1000&sort=-createdAt HTTP/1.0" 304 - "-" "okhttp/4.9.2"
::1 - - [11/Aug/2022:04:36:33 +0000] "GET /api/v1/transactions/user?bill=62f485c099e2a94b91d43ad6 HTTP/1.0" 200 1495 "-" "okhttp/4.9.2"
::1 - - [11/Aug/2022:04:36:35 +0000] "GET /api/v1/bills/user?limit=1000&sort=-createdAt HTTP/1.0" 304 - "-" "okhttp/4.9.2"
::1 - - [11/Aug/2022:04:36:36 +0000] "GET /api/v1/bills/user?limit=1000&sort=-createdAt HTTP/1.0" 304 - "-" "okhttp/4.9.2"
::ffff:127.0.0.1 - - [11/Aug/2022:04:36:36 +0000] "GET /api/v1/transactions/user?bill=62f486ad99e2a94b91d43b41 HTTP/1.0" 200 637 "-" "okhttp/4.9.2"
::ffff:127.0.0.1 - - [11/Aug/2022:04:36:48 +0000] "GET /api/v1/templates?createUser=62f4813199e2a94b91d43a01 HTTP/1.0" 304 - "-" "okhttp/4.9.2"
::1 - - [11/Aug/2022:04:36:53 +0000] "GET /api/v1/transactions/basket?limit=100&sort=-createdAt HTTP/1.0" 304 - "-" "okhttp/4.9.2"
::1 - - [11/Aug/2022:04:36:53 +0000] "GET /api/v1/templates?createUser=62f4813199e2a94b91d43a01 HTTP/1.0" 304 - "-" "okhttp/4.9.2"
::ffff:127.0.0.1 - - [11/Aug/2022:04:36:53 +0000] "GET /api/v1/goods/user?limit=100 HTTP/1.0" 304 - "-" "okhttp/4.9.2"
::ffff:127.0.0.1 - - [11/Aug/2022:04:37:01 +0000] "GET /upload/undefined HTTP/1.0" 404 155 "-" "Dalvik/2.1.0 (Linux; U; Android 10; SM-A202K Build/QP1A.190711.020)"
::ffff:127.0.0.1 - - [11/Aug/2022:04:37:01 +0000] "GET /api/v1/goods/62f483d499e2a94b91d43a53 HTTP/1.0" 200 430 "-" "okhttp/4.9.2"
::1 - - [11/Aug/2022:04:37:01 +0000] "GET /api/v1/transactions/user?good=62f483d499e2a94b91d43a53&sort=-createdAt HTTP/1.0" 200 983 "-" "okhttp/4.9.2"
::ffff:127.0.0.1 - - [11/Aug/2022:04:37:01 +0000] "GET /api/v1/transactions/basket?limit=100&sort=-createdAt HTTP/1.0" 304 - "-" "okhttp/4.9.2"
::1 - - [11/Aug/2022:04:37:01 +0000] "GET /api/v1/goods/user?limit=100 HTTP/1.0" 304 - "-" "okhttp/4.9.2"
::1 - - [11/Aug/2022:04:37:03 +0000] "GET /api/v1/goods/user?limit=100 HTTP/1.0" 304 - "-" "okhttp/4.9.2"
::ffff:127.0.0.1 - - [11/Aug/2022:04:37:03 +0000] "GET /api/v1/transactions/basket?limit=100&sort=-createdAt HTTP/1.0" 304 - "-" "okhttp/4.9.2"
::1 - - [11/Aug/2022:04:37:23 +0000] "POST /api/v1/transactions HTTP/1.0" 200 255 "-" "okhttp/4.9.2"
::ffff:127.0.0.1 - - [11/Aug/2022:04:37:23 +0000] "GET /api/v1/transactions/basket?limit=100&sort=-createdAt HTTP/1.0" 200 440 "-" "okhttp/4.9.2"
::1 - - [11/Aug/2022:04:37:23 +0000] "GET /api/v1/transactions/basket?limit=100&sort=-createdAt HTTP/1.0" 200 440 "-" "okhttp/4.9.2"
::ffff:127.0.0.1 - - [11/Aug/2022:04:37:33 +0000] "POST /api/v1/bills/drain HTTP/1.0" 200 287 "-" "okhttp/4.9.2"
::1 - - [11/Aug/2022:04:37:33 +0000] "GET /api/v1/transactions/basket?limit=100&sort=-createdAt HTTP/1.0" 200 107 "-" "okhttp/4.9.2"
::ffff:127.0.0.1 - - [11/Aug/2022:04:37:34 +0000] "GET /api/v1/transactions/basket?limit=100&sort=-createdAt HTTP/1.0" 304 - "-" "okhttp/4.9.2"
::1 - - [11/Aug/2022:04:37:38 +0000] "GET /api/v1/transactions/basket?limit=100&sort=-createdAt HTTP/1.0" 304 - "-" "okhttp/4.9.2"
::1 - - [11/Aug/2022:04:37:38 +0000] "GET /api/v1/goods/user?limit=100 HTTP/1.0" 200 1738 "-" "okhttp/4.9.2"
::ffff:127.0.0.1 - - [11/Aug/2022:04:37:38 +0000] "GET /api/v1/goods/user?limit=100 HTTP/1.0" 200 1738 "-" "okhttp/4.9.2"
::ffff:127.0.0.1 - - [11/Aug/2022:04:37:45 +0000] "GET /api/v1/transactions/basket?limit=100&sort=-createdAt HTTP/1.0" 304 - "-" "okhttp/4.9.2"
::ffff:127.0.0.1 - - [11/Aug/2022:04:37:45 +0000] "GET /api/v1/goods/user?limit=100 HTTP/1.0" 304 - "-" "okhttp/4.9.2"
::1 - - [11/Aug/2022:04:37:45 +0000] "GET /api/v1/goods/user?limit=100 HTTP/1.0" 304 - "-" "okhttp/4.9.2"
::ffff:127.0.0.1 - - [11/Aug/2022:04:37:46 +0000] "GET /api/v1/transactions/basket?limit=100&sort=-createdAt HTTP/1.0" 304 - "-" "okhttp/4.9.2"
::1 - - [11/Aug/2022:04:37:46 +0000] "GET /api/v1/goods/user?limit=100 HTTP/1.0" 304 - "-" "okhttp/4.9.2"
::1 - - [11/Aug/2022:04:37:46 +0000] "GET /api/v1/goods/user?limit=100 HTTP/1.0" 304 - "-" "okhttp/4.9.2"
::ffff:127.0.0.1 - - [11/Aug/2022:04:37:56 +0000] "GET /api/v1/transactions/basket?limit=100&sort=-createdAt HTTP/1.0" 304 - "-" "okhttp/4.9.2"
::1 - - [11/Aug/2022:04:37:56 +0000] "GET /api/v1/goods/user?limit=100 HTTP/1.0" 304 - "-" "okhttp/4.9.2"
::ffff:127.0.0.1 - - [11/Aug/2022:04:37:56 +0000] "GET /api/v1/goods/user?limit=100 HTTP/1.0" 304 - "-" "okhttp/4.9.2"
::1 - - [11/Aug/2022:04:38:13 +0000] "GET /api/v1/transactions/basket?limit=100&sort=-createdAt HTTP/1.0" 304 - "-" "okhttp/4.9.2"
::ffff:127.0.0.1 - - [11/Aug/2022:04:38:13 +0000] "GET /api/v1/goods/user?limit=100 HTTP/1.0" 304 - "-" "okhttp/4.9.2"
::1 - - [11/Aug/2022:04:38:13 +0000] "GET /api/v1/goods/user?limit=100 HTTP/1.0" 304 - "-" "okhttp/4.9.2"
::ffff:127.0.0.1 - - [11/Aug/2022:04:38:19 +0000] "GET /api/v1/goods/user?limit=100 HTTP/1.0" 304 - "-" "okhttp/4.9.2"
::ffff:127.0.0.1 - - [11/Aug/2022:04:38:26 +0000] "GET /api/v1/transactions/basket?limit=100&sort=-createdAt HTTP/1.0" 304 - "-" "okhttp/4.9.2"
::1 - - [11/Aug/2022:04:38:27 +0000] "GET /api/v1/goods/user?limit=100 HTTP/1.0" 304 - "-" "okhttp/4.9.2"
::1 - - [11/Aug/2022:04:38:39 +0000] "GET /api/v1/transactions/basket?limit=100&sort=-createdAt HTTP/1.0" 304 - "-" "okhttp/4.9.2"
::ffff:127.0.0.1 - - [11/Aug/2022:04:38:39 +0000] "GET /api/v1/goods/user?limit=100 HTTP/1.0" 304 - "-" "okhttp/4.9.2"
::1 - - [11/Aug/2022:04:38:41 +0000] "GET /api/v1/bills/user?limit=1000&sort=-createdAt HTTP/1.0" 200 1149 "-" "okhttp/4.9.2"
::ffff:127.0.0.1 - - [11/Aug/2022:04:38:46 +0000] "GET /api/v1/transactions/user?bill=62f4878c99e2a94b91d43bd6 HTTP/1.0" 200 577 "-" "okhttp/4.9.2"
::1 - - [11/Aug/2022:04:38:46 +0000] "GET /api/v1/bills/user?limit=1000&sort=-createdAt HTTP/1.0" 304 - "-" "okhttp/4.9.2"
::ffff:127.0.0.1 - - [11/Aug/2022:04:38:57 +0000] "GET /api/v1/bills/user?limit=1000&sort=-createdAt HTTP/1.0" 304 - "-" "okhttp/4.9.2"
::1 - - [11/Aug/2022:04:38:58 +0000] "GET /api/v1/transactions/basket?limit=100&sort=-createdAt HTTP/1.0" 304 - "-" "okhttp/4.9.2"
::1 - - [11/Aug/2022:04:38:58 +0000] "GET /api/v1/bills/user?limit=1000&sort=-createdAt HTTP/1.0" 304 - "-" "okhttp/4.9.2"
::ffff:127.0.0.1 - - [11/Aug/2022:04:38:58 +0000] "GET /api/v1/goods/user?limit=100 HTTP/1.0" 304 - "-" "okhttp/4.9.2"
::ffff:127.0.0.1 - - [11/Aug/2022:04:39:30 +0000] "POST /api/v1/transactions HTTP/1.0" 200 255 "-" "okhttp/4.9.2"
::1 - - [11/Aug/2022:04:39:31 +0000] "GET /api/v1/transactions/basket?limit=100&sort=-createdAt HTTP/1.0" 200 439 "-" "okhttp/4.9.2"
::ffff:127.0.0.1 - - [11/Aug/2022:04:39:31 +0000] "GET /api/v1/transactions/basket?limit=100&sort=-createdAt HTTP/1.0" 200 439 "-" "okhttp/4.9.2"
::1 - - [11/Aug/2022:04:39:36 +0000] "POST /api/v1/bills/drain HTTP/1.0" 200 286 "-" "okhttp/4.9.2"
::ffff:127.0.0.1 - - [11/Aug/2022:04:39:37 +0000] "GET /api/v1/transactions/basket?limit=100&sort=-createdAt HTTP/1.0" 200 107 "-" "okhttp/4.9.2"
::1 - - [11/Aug/2022:04:39:37 +0000] "GET /api/v1/transactions/basket?limit=100&sort=-createdAt HTTP/1.0" 304 - "-" "okhttp/4.9.2"
::ffff:127.0.0.1 - - [11/Aug/2022:04:39:41 +0000] "GET /api/v1/transactions/basket?limit=100&sort=-createdAt HTTP/1.0" 304 - "-" "okhttp/4.9.2"
::ffff:127.0.0.1 - - [11/Aug/2022:04:39:42 +0000] "GET /api/v1/goods/user?limit=100 HTTP/1.0" 200 1738 "-" "okhttp/4.9.2"
::1 - - [11/Aug/2022:04:39:42 +0000] "GET /api/v1/goods/user?limit=100 HTTP/1.0" 200 1738 "-" "okhttp/4.9.2"
::ffff:127.0.0.1 - - [11/Aug/2022:04:39:48 +0000] "GET /api/v1/transactions/basket?limit=100&sort=-createdAt HTTP/1.0" 304 - "-" "okhttp/4.9.2"
::1 - - [11/Aug/2022:04:39:48 +0000] "GET /api/v1/goods/user?limit=100 HTTP/1.0" 304 - "-" "okhttp/4.9.2"
::1 - - [11/Aug/2022:04:39:48 +0000] "GET /api/v1/goods/user?limit=100 HTTP/1.0" 304 - "-" "okhttp/4.9.2"
::1 - - [11/Aug/2022:04:40:09 +0000] "GET /api/v1/transactions/basket?limit=100&sort=-createdAt HTTP/1.0" 304 - "-" "okhttp/4.9.2"
::ffff:127.0.0.1 - - [11/Aug/2022:04:40:09 +0000] "GET /api/v1/bills/user?limit=1000&sort=-createdAt HTTP/1.0" 200 1412 "-" "okhttp/4.9.2"
::ffff:127.0.0.1 - - [11/Aug/2022:04:40:09 +0000] "GET /api/v1/goods/user?limit=100 HTTP/1.0" 304 - "-" "okhttp/4.9.2"
::1 - - [11/Aug/2022:04:41:29 +0000] "GET /api/v1/bills/user?limit=1000&sort=-createdAt HTTP/1.0" 304 - "-" "okhttp/4.9.2"
::ffff:127.0.0.1 - - [11/Aug/2022:04:41:29 +0000] "GET /api/v1/goods/user?limit=100 HTTP/1.0" 304 - "-" "okhttp/4.9.2"
::1 - - [11/Aug/2022:04:41:44 +0000] "GET /upload/undefined HTTP/1.0" 404 155 "-" "Dalvik/2.1.0 (Linux; U; Android 10; SM-A202K Build/QP1A.190711.020)"
::1 - - [11/Aug/2022:04:41:44 +0000] "GET /api/v1/goods/62f483d499e2a94b91d43a53 HTTP/1.0" 200 430 "-" "okhttp/4.9.2"
::ffff:127.0.0.1 - - [11/Aug/2022:04:41:44 +0000] "GET /api/v1/transactions/user?good=62f483d499e2a94b91d43a53&sort=-createdAt HTTP/1.0" 200 1443 "-" "okhttp/4.9.2"
::ffff:127.0.0.1 - - [11/Aug/2022:04:41:44 +0000] "GET /api/v1/goods/user?limit=100 HTTP/1.0" 304 - "-" "okhttp/4.9.2"
::1 - - [11/Aug/2022:04:43:41 +0000] "GET /api/v1/goods/user?limit=100 HTTP/1.0" 304 - "-" "okhttp/4.9.2"
::ffff:127.0.0.1 - - [11/Aug/2022:04:43:41 +0000] "GET /api/v1/goods/user?limit=100 HTTP/1.0" 304 - "-" "okhttp/4.9.2"
::ffff:127.0.0.1 - - [11/Aug/2022:04:43:41 +0000] "GET /api/v1/transactions/basket?limit=100&sort=-createdAt HTTP/1.0" 304 - "-" "okhttp/4.9.2"
::1 - - [11/Aug/2022:04:43:41 +0000] "GET /api/v1/goods/user?limit=100 HTTP/1.0" 304 - "-" "okhttp/4.9.2"
::1 - - [11/Aug/2022:04:52:43 +0000] "GET /api/v1/categories HTTP/1.0" 304 - "-" "okhttp/4.9.2"
::1 - - [11/Aug/2022:04:52:43 +0000] "GET /api/v1/transactions/basket?limit=100&sort=-createdAt HTTP/1.0" 304 - "-" "okhttp/4.9.2"
::ffff:127.0.0.1 - - [11/Aug/2022:04:52:43 +0000] "GET /api/v1/goods/user?limit=100 HTTP/1.0" 304 - "-" "okhttp/4.9.2"
::ffff:127.0.0.1 - - [11/Aug/2022:04:52:44 +0000] "GET /api/v1/bills/user?limit=1000&sort=-createdAt HTTP/1.0" 304 - "-" "okhttp/4.9.2"
::ffff:127.0.0.1 - - [11/Aug/2022:04:52:44 +0000] "GET /api/v1/transactions/basket?limit=100&sort=-createdAt HTTP/1.0" 304 - "-" "okhttp/4.9.2"
::1 - - [11/Aug/2022:04:52:44 +0000] "GET /api/v1/goods/user?limit=100 HTTP/1.0" 304 - "-" "okhttp/4.9.2"
::1 - - [11/Aug/2022:04:54:35 +0000] "GET /api/v1/bills/user?limit=1000&sort=-createdAt HTTP/1.0" 304 - "-" "okhttp/4.9.2"
::ffff:127.0.0.1 - - [11/Aug/2022:04:54:38 +0000] "GET /api/v1/bills/user?limit=1000&sort=-createdAt HTTP/1.0" 304 - "-" "okhttp/4.9.2"
::1 - - [11/Aug/2022:04:55:51 +0000] "GET /api/v1/bills/user?limit=1000&sort=-createdAt HTTP/1.0" 304 - "-" "okhttp/4.9.2"
::ffff:127.0.0.1 - - [11/Aug/2022:04:56:35 +0000] "GET /api/v1/bills/user?limit=1000&sort=-createdAt HTTP/1.0" 304 - "-" "okhttp/4.9.2"
::1 - - [11/Aug/2022:04:57:58 +0000] "GET /api/v1/bills/user?limit=1000&sort=-createdAt HTTP/1.0" 304 - "-" "okhttp/4.9.2"
::ffff:127.0.0.1 - - [11/Aug/2022:04:58:19 +0000] "GET /api/v1/bills/user?limit=1000&sort=-createdAt HTTP/1.0" 304 - "-" "okhttp/4.9.2"
::1 - - [11/Aug/2022:04:58:34 +0000] "GET /api/v1/bills/user?limit=1000&sort=-createdAt HTTP/1.0" 304 - "-" "okhttp/4.9.2"
::1 - - [11/Aug/2022:04:58:42 +0000] "GET /api/v1/categories HTTP/1.0" 304 - "-" "okhttp/4.9.2"
::ffff:127.0.0.1 - - [11/Aug/2022:04:58:42 +0000] "GET /api/v1/transactions/basket?limit=100&sort=-createdAt HTTP/1.0" 304 - "-" "okhttp/4.9.2"
::ffff:127.0.0.1 - - [11/Aug/2022:04:58:42 +0000] "GET /api/v1/goods/user?limit=100 HTTP/1.0" 304 - "-" "okhttp/4.9.2"
::ffff:127.0.0.1 - - [11/Aug/2022:04:58:44 +0000] "GET /api/v1/bills/user?limit=1000&sort=-createdAt HTTP/1.0" 304 - "-" "okhttp/4.9.2"
::1 - - [11/Aug/2022:04:58:44 +0000] "GET /api/v1/transactions/basket?limit=100&sort=-createdAt HTTP/1.0" 304 - "-" "okhttp/4.9.2"
::1 - - [11/Aug/2022:04:58:44 +0000] "GET /api/v1/goods/user?limit=100 HTTP/1.0" 304 - "-" "okhttp/4.9.2"
::ffff:127.0.0.1 - - [11/Aug/2022:04:59:12 +0000] "GET / HTTP/1.0" 404 139 "-" "Mozilla/5.0 (Windows NT 10.0; Win64; x64) AppleWebKit/537.36 (KHTML, like Gecko) Chrome/88.0.4324.190 Safari/537.36"
::1 - - [11/Aug/2022:05:03:49 +0000] "GET /api/v1/bills/user?limit=1000&sort=-createdAt HTTP/1.0" 304 - "-" "okhttp/4.9.2"
::ffff:127.0.0.1 - - [11/Aug/2022:05:04:30 +0000] "GET /api/v1/bills/user?limit=1000&sort=-createdAt HTTP/1.0" 304 - "-" "okhttp/4.9.2"
::1 - - [11/Aug/2022:05:04:32 +0000] "GET /api/v1/bills/user?limit=1000&sort=-createdAt HTTP/1.0" 304 - "-" "okhttp/4.9.2"
::ffff:127.0.0.1 - - [11/Aug/2022:05:04:33 +0000] "GET /api/v1/bills/user?limit=1000&sort=-createdAt HTTP/1.0" 304 - "-" "okhttp/4.9.2"
::1 - - [11/Aug/2022:05:04:34 +0000] "GET /api/v1/bills/user?limit=1000&sort=-createdAt HTTP/1.0" 304 - "-" "okhttp/4.9.2"
::ffff:127.0.0.1 - - [11/Aug/2022:05:04:35 +0000] "GET /api/v1/bills/user?limit=1000&sort=-createdAt HTTP/1.0" 304 - "-" "okhttp/4.9.2"
::1 - - [11/Aug/2022:05:04:36 +0000] "GET /api/v1/bills/user?limit=1000&sort=-createdAt HTTP/1.0" 304 - "-" "okhttp/4.9.2"
::ffff:127.0.0.1 - - [11/Aug/2022:05:04:39 +0000] "GET /api/v1/bills/user?limit=1000&sort=-createdAt HTTP/1.0" 304 - "-" "okhttp/4.9.2"
::1 - - [11/Aug/2022:05:06:02 +0000] "GET /.env HTTP/1.0" 404 143 "-" "Mozilla/5.0 (X11; Linux x86_64) AppleWebKit/537.36 (KHTML, like Gecko) Chrome/81.0.4044.129 Safari/537.36"
::ffff:127.0.0.1 - - [11/Aug/2022:05:06:03 +0000] "POST / HTTP/1.0" 404 140 "-" "Mozilla/5.0 (X11; Linux x86_64) AppleWebKit/537.36 (KHTML, like Gecko) Chrome/81.0.4044.129 Safari/537.36"
::1 - - [11/Aug/2022:05:08:07 +0000] "GET /api/v1/bills/user?limit=1000&sort=-createdAt HTTP/1.0" 304 - "-" "okhttp/4.9.2"
::ffff:127.0.0.1 - - [11/Aug/2022:05:08:19 +0000] "GET /api/v1/categories HTTP/1.0" 304 - "-" "okhttp/4.9.2"
::ffff:127.0.0.1 - - [11/Aug/2022:05:08:20 +0000] "GET /api/v1/transactions/basket?limit=100&sort=-createdAt HTTP/1.0" 304 - "-" "okhttp/4.9.2"
::1 - - [11/Aug/2022:05:08:20 +0000] "GET /api/v1/goods/user?limit=100 HTTP/1.0" 304 - "-" "okhttp/4.9.2"
::ffff:127.0.0.1 - - [11/Aug/2022:05:08:21 +0000] "GET /api/v1/transactions/basket?limit=100&sort=-createdAt HTTP/1.0" 304 - "-" "okhttp/4.9.2"
::1 - - [11/Aug/2022:05:08:21 +0000] "GET /api/v1/goods/user?limit=100 HTTP/1.0" 304 - "-" "okhttp/4.9.2"
::1 - - [11/Aug/2022:05:08:27 +0000] "GET /api/v1/bills/user?limit=1000&sort=-createdAt HTTP/1.0" 304 - "-" "okhttp/4.9.2"
::ffff:127.0.0.1 - - [11/Aug/2022:05:08:40 +0000] "GET /api/v1/bills/user?limit=1000&sort=-createdAt HTTP/1.0" 304 - "-" "okhttp/4.9.2"
::1 - - [11/Aug/2022:05:09:13 +0000] "GET /api/v1/bills/user?limit=1000&sort=-createdAt&type:%20%D0%9E%D1%80%D0%BB%D0%BE%D0%B3%D0%BE HTTP/1.0" 200 108 "-" "okhttp/4.9.2"
::ffff:127.0.0.1 - - [11/Aug/2022:05:09:16 +0000] "GET /api/v1/bills/user?limit=1000&sort=-createdAt&type=%20%D0%9E%D1%80%D0%BB%D0%BE%D0%B3%D0%BE HTTP/1.0" 200 108 "-" "okhttp/4.9.2"
::1 - - [11/Aug/2022:05:10:07 +0000] "GET /api/v1/bills/user?limit=1000&sort=-createdAt&type=%D0%9E%D1%80%D0%BB%D0%BE%D0%B3%D0%BE HTTP/1.0" 200 885 "-" "okhttp/4.9.2"
::ffff:127.0.0.1 - - [11/Aug/2022:05:10:15 +0000] "GET /api/v1/bills/user?limit=1000&sort=-createdAt&type=%D0%9E%D1%80%D0%BB%D0%BE%D0%B3%D0%BE HTTP/1.0" 304 - "-" "okhttp/4.9.2"
::1 - - [11/Aug/2022:05:10:24 +0000] "GET /api/v1/bills/user?limit=1000&sort=-createdAt&type=%D0%9E%D1%80%D0%BB%D0%BE%D0%B3%D0%BE HTTP/1.0" 304 - "-" "okhttp/4.9.2"
::ffff:127.0.0.1 - - [11/Aug/2022:05:10:50 +0000] "GET /api/v1/bills/user?limit=1000&sort=-createdAt&type=%D0%97%D0%B0%D1%80%D0%BB%D0%B0%D0%B3%D0%B0 HTTP/1.0" 200 634 "-" "okhttp/4.9.2"
::1 - - [11/Aug/2022:05:10:59 +0000] "GET /api/v1/bills/user?limit=1000&sort=-createdAt&type=%D0%97%D0%B0%D1%80%D0%BB%D0%B0%D0%B3%D0%B0 HTTP/1.0" 304 - "-" "okhttp/4.9.2"
::ffff:127.0.0.1 - - [11/Aug/2022:05:11:01 +0000] "GET /api/v1/bills/user?limit=1000&sort=-createdAt&type=%D0%97%D0%B0%D1%80%D0%BB%D0%B0%D0%B3%D0%B0 HTTP/1.0" 304 - "-" "okhttp/4.9.2"
::1 - - [11/Aug/2022:05:11:03 +0000] "GET /api/v1/bills/user?limit=1000&sort=-createdAt&type=%D0%97%D0%B0%D1%80%D0%BB%D0%B0%D0%B3%D0%B0 HTTP/1.0" 304 - "-" "okhttp/4.9.2"
::ffff:127.0.0.1 - - [11/Aug/2022:05:11:07 +0000] "GET /api/v1/bills/user?limit=1000&sort=-createdAt&type=%D0%97%D0%B0%D1%80%D0%BB%D0%B0%D0%B3%D0%B0 HTTP/1.0" 304 - "-" "okhttp/4.9.2"
::1 - - [11/Aug/2022:05:11:09 +0000] "GET /api/v1/bills/user?limit=1000&sort=-createdAt&type=%D0%9E%D1%80%D0%BB%D0%BE%D0%B3%D0%BE HTTP/1.0" 304 - "-" "okhttp/4.9.2"
::ffff:127.0.0.1 - - [11/Aug/2022:05:12:02 +0000] "GET /api/v1/transactions/user HTTP/1.0" 200 2263 "-" "okhttp/4.9.2"
::1 - - [11/Aug/2022:05:12:38 +0000] "GET /api/v1/bills/user?limit=1000&sort=-createdAt&type=%D0%97%D0%B0%D1%80%D0%BB%D0%B0%D0%B3%D0%B0 HTTP/1.0" 304 - "-" "okhttp/4.9.2"
::ffff:127.0.0.1 - - [11/Aug/2022:05:12:39 +0000] "GET /api/v1/transactions/user?bill=62f4880899e2a94b91d43c32 HTTP/1.0" 200 575 "-" "okhttp/4.9.2"
::1 - - [11/Aug/2022:05:12:39 +0000] "GET /api/v1/bills/user?limit=1000&sort=-createdAt&type=%D0%97%D0%B0%D1%80%D0%BB%D0%B0%D0%B3%D0%B0 HTTP/1.0" 304 - "-" "okhttp/4.9.2"
::ffff:127.0.0.1 - - [11/Aug/2022:05:12:41 +0000] "GET /api/v1/bills/user?limit=1000&sort=-createdAt&type=%D0%97%D0%B0%D1%80%D0%BB%D0%B0%D0%B3%D0%B0 HTTP/1.0" 304 - "-" "okhttp/4.9.2"
::ffff:127.0.0.1 - - [11/Aug/2022:05:12:42 +0000] "GET /api/v1/bills/user?limit=1000&sort=-createdAt&type=%D0%97%D0%B0%D1%80%D0%BB%D0%B0%D0%B3%D0%B0 HTTP/1.0" 304 - "-" "okhttp/4.9.2"
::1 - - [11/Aug/2022:05:12:42 +0000] "GET /api/v1/goods/user?limit=100 HTTP/1.0" 304 - "-" "okhttp/4.9.2"
::1 - - [11/Aug/2022:05:12:44 +0000] "GET /upload/undefined HTTP/1.0" 404 155 "-" "Dalvik/2.1.0 (Linux; U; Android 10; SM-A202K Build/QP1A.190711.020)"
::1 - - [11/Aug/2022:05:12:44 +0000] "GET /api/v1/goods/62f483d499e2a94b91d43a53 HTTP/1.0" 304 - "-" "okhttp/4.9.2"
::ffff:127.0.0.1 - - [11/Aug/2022:05:12:44 +0000] "GET /api/v1/transactions/user?good=62f483d499e2a94b91d43a53&sort=-createdAt HTTP/1.0" 304 - "-" "okhttp/4.9.2"
::ffff:127.0.0.1 - - [11/Aug/2022:05:12:44 +0000] "GET /api/v1/goods/user?limit=100 HTTP/1.0" 304 - "-" "okhttp/4.9.2"
::1 - - [11/Aug/2022:05:14:22 +0000] "POST / HTTP/1.0" 404 140 "-" "Mozilla/5.0 (X11; Linux x86_64) AppleWebKit/537.36 (KHTML, like Gecko) Chrome/81.0.4044.129 Safari/537.36"
::ffff:127.0.0.1 - - [11/Aug/2022:05:14:23 +0000] "GET /.env HTTP/1.0" 404 143 "-" "Mozilla/5.0 (X11; Linux x86_64) AppleWebKit/537.36 (KHTML, like Gecko) Chrome/81.0.4044.129 Safari/537.36"
::1 - - [11/Aug/2022:05:14:25 +0000] "GET /api/v1/goods/user?limit=100 HTTP/1.0" 304 - "-" "okhttp/4.9.2"
::ffff:127.0.0.1 - - [11/Aug/2022:05:14:27 +0000] "GET /api/v1/goods/user?limit=100 HTTP/1.0" 304 - "-" "okhttp/4.9.2"
::1 - - [11/Aug/2022:05:14:27 +0000] "GET /api/v1/bills/user?limit=1000&sort=-createdAt&type=%D0%97%D0%B0%D1%80%D0%BB%D0%B0%D0%B3%D0%B0 HTTP/1.0" 304 - "-" "okhttp/4.9.2"
::1 - - [11/Aug/2022:05:15:14 +0000] "GET /api/v1/transactions/basket?limit=100&sort=-createdAt HTTP/1.0" 304 - "-" "okhttp/4.9.2"
::ffff:127.0.0.1 - - [11/Aug/2022:05:15:14 +0000] "GET /api/v1/goods/user?limit=100 HTTP/1.0" 304 - "-" "okhttp/4.9.2"
::ffff:127.0.0.1 - - [11/Aug/2022:05:15:22 +0000] "GET /api/v1/categories HTTP/1.0" 304 - "-" "okhttp/4.9.2"
::ffff:127.0.0.1 - - [11/Aug/2022:05:15:22 +0000] "GET /api/v1/transactions/basket?limit=100&sort=-createdAt HTTP/1.0" 304 - "-" "okhttp/4.9.2"
::1 - - [11/Aug/2022:05:15:22 +0000] "GET /api/v1/goods/user?limit=100 HTTP/1.0" 304 - "-" "okhttp/4.9.2"
::ffff:127.0.0.1 - - [11/Aug/2022:05:15:24 +0000] "GET /api/v1/transactions/basket?limit=100&sort=-createdAt HTTP/1.0" 304 - "-" "okhttp/4.9.2"
::1 - - [11/Aug/2022:05:15:24 +0000] "GET /api/v1/goods/user?limit=100 HTTP/1.0" 304 - "-" "okhttp/4.9.2"
::1 - - [11/Aug/2022:05:15:34 +0000] "POST /api/v1/transactions HTTP/1.0" 200 256 "-" "okhttp/4.9.2"
::ffff:127.0.0.1 - - [11/Aug/2022:05:15:35 +0000] "GET /api/v1/transactions/basket?limit=100&sort=-createdAt HTTP/1.0" 200 440 "-" "okhttp/4.9.2"
::1 - - [11/Aug/2022:05:15:35 +0000] "GET /api/v1/transactions/basket?limit=100&sort=-createdAt HTTP/1.0" 200 440 "-" "okhttp/4.9.2"
::ffff:127.0.0.1 - - [11/Aug/2022:05:15:41 +0000] "POST /api/v1/bills/receipt HTTP/1.0" 200 285 "-" "okhttp/4.9.2"
::1 - - [11/Aug/2022:05:15:42 +0000] "GET /api/v1/transactions/basket?limit=100&sort=-createdAt HTTP/1.0" 200 107 "-" "okhttp/4.9.2"
::ffff:127.0.0.1 - - [11/Aug/2022:05:15:42 +0000] "GET /api/v1/transactions/basket?limit=100&sort=-createdAt HTTP/1.0" 304 - "-" "okhttp/4.9.2"
::ffff:127.0.0.1 - - [11/Aug/2022:05:15:45 +0000] "GET /api/v1/transactions/basket?limit=100&sort=-createdAt HTTP/1.0" 304 - "-" "okhttp/4.9.2"
::1 - - [11/Aug/2022:05:15:45 +0000] "GET /api/v1/goods/user?limit=100 HTTP/1.0" 200 1739 "-" "okhttp/4.9.2"
::1 - - [11/Aug/2022:05:15:52 +0000] "GET /api/v1/transactions/user HTTP/1.0" 200 2263 "-" "okhttp/4.9.2"
::ffff:127.0.0.1 - - [11/Aug/2022:05:16:37 +0000] "GET /api/v1/transactions/user?isBasket=true HTTP/1.0" 200 2263 "-" "okhttp/4.9.2"
::1 - - [11/Aug/2022:05:17:33 +0000] "GET /api/v1/transactions/user?isBasket=true HTTP/1.0" 304 - "-" "okhttp/4.9.2"
::ffff:127.0.0.1 - - [11/Aug/2022:05:17:38 +0000] "GET /api/v1/transactions/user?isBasket=true HTTP/1.0" 304 - "-" "okhttp/4.9.2"
::1 - - [11/Aug/2022:05:18:59 +0000] "GET /api/v1/categories HTTP/1.0" 304 - "-" "okhttp/4.9.2"
::ffff:127.0.0.1 - - [11/Aug/2022:05:18:59 +0000] "GET /api/v1/transactions/basket?limit=100&sort=-createdAt HTTP/1.0" 304 - "-" "okhttp/4.9.2"
::1 - - [11/Aug/2022:05:18:59 +0000] "GET /api/v1/goods/user?limit=100 HTTP/1.0" 304 - "-" "okhttp/4.9.2"
::1 - - [11/Aug/2022:05:19:00 +0000] "GET /api/v1/transactions/basket?limit=100&sort=-createdAt HTTP/1.0" 304 - "-" "okhttp/4.9.2"
::ffff:127.0.0.1 - - [11/Aug/2022:05:19:01 +0000] "GET /api/v1/goods/user?limit=100 HTTP/1.0" 304 - "-" "okhttp/4.9.2"
::ffff:127.0.0.1 - - [11/Aug/2022:05:19:03 +0000] "GET /api/v1/transactions/user?isBasket=true HTTP/1.0" 304 - "-" "okhttp/4.9.2"
::1 - - [11/Aug/2022:05:19:40 +0000] "GET /api/v1/transactions/user?isBasket=true HTTP/1.0" 304 - "-" "okhttp/4.9.2"
::ffff:127.0.0.1 - - [11/Aug/2022:05:21:42 +0000] "GET /api/v1/transactions/user?isBasket=true HTTP/1.0" 304 - "-" "okhttp/4.9.2"
::1 - - [11/Aug/2022:05:22:27 +0000] "GET /api/v1/transactions/user?isBasket=true HTTP/1.0" 304 - "-" "okhttp/4.9.2"
::ffff:127.0.0.1 - - [11/Aug/2022:05:22:40 +0000] "GET /api/v1/transactions/user?isBasket=true HTTP/1.0" 304 - "-" "okhttp/4.9.2"
::1 - - [11/Aug/2022:05:22:57 +0000] "GET /api/v1/transactions/user?isBasket=true HTTP/1.0" 304 - "-" "okhttp/4.9.2"
::ffff:127.0.0.1 - - [11/Aug/2022:05:23:04 +0000] "GET /api/v1/transactions/user?isBasket=true HTTP/1.0" 304 - "-" "okhttp/4.9.2"
::1 - - [11/Aug/2022:05:23:21 +0000] "GET /api/v1/transactions/user?isBasket=true HTTP/1.0" 304 - "-" "okhttp/4.9.2"
::ffff:127.0.0.1 - - [11/Aug/2022:05:23:26 +0000] "GET /api/v1/goods/user?limit=100 HTTP/1.0" 304 - "-" "okhttp/4.9.2"
::1 - - [11/Aug/2022:05:23:26 +0000] "GET /api/v1/transactions/basket?limit=100&sort=-createdAt HTTP/1.0" 304 - "-" "okhttp/4.9.2"
::ffff:127.0.0.1 - - [11/Aug/2022:05:23:34 +0000] "POST /api/v1/transactions HTTP/1.0" 200 256 "-" "okhttp/4.9.2"
::1 - - [11/Aug/2022:05:23:34 +0000] "GET /api/v1/transactions/basket?limit=100&sort=-createdAt HTTP/1.0" 200 441 "-" "okhttp/4.9.2"
::ffff:127.0.0.1 - - [11/Aug/2022:05:23:35 +0000] "GET /api/v1/transactions/basket?limit=100&sort=-createdAt HTTP/1.0" 200 441 "-" "okhttp/4.9.2"
::1 - - [11/Aug/2022:05:23:39 +0000] "POST /api/v1/bills/drain HTTP/1.0" 200 287 "-" "okhttp/4.9.2"
::ffff:127.0.0.1 - - [11/Aug/2022:05:23:40 +0000] "GET /api/v1/transactions/basket?limit=100&sort=-createdAt HTTP/1.0" 200 107 "-" "okhttp/4.9.2"
::1 - - [11/Aug/2022:05:23:40 +0000] "GET /api/v1/transactions/basket?limit=100&sort=-createdAt HTTP/1.0" 304 - "-" "okhttp/4.9.2"
::ffff:127.0.0.1 - - [11/Aug/2022:05:23:42 +0000] "GET /api/v1/goods/user?limit=100 HTTP/1.0" 200 1739 "-" "okhttp/4.9.2"
::1 - - [11/Aug/2022:05:23:42 +0000] "GET /api/v1/goods/user?limit=100 HTTP/1.0" 200 1739 "-" "okhttp/4.9.2"
::ffff:127.0.0.1 - - [11/Aug/2022:05:23:42 +0000] "GET /api/v1/transactions/basket?limit=100&sort=-createdAt HTTP/1.0" 304 - "-" "okhttp/4.9.2"
