::1 - - [29/Jun/2022:09:48:48 +0000] "GET / HTTP/1.0" 404 139 "-" "Mozilla/5.0 (Windows NT 10.0; Win64; x64) AppleWebKit/537.36 (KHTML, like Gecko) Chrome/78.0.3904.108 Safari/537.36"
::ffff:127.0.0.1 - - [29/Jun/2022:09:52:17 +0000] "GET /api/v1/transactions/user?bill=62bc1836f4282e7602a282b8 HTTP/1.0" 200 892 "-" "Expo/2.24.3.1014878 CFNetwork/1333.0.4 Darwin/21.5.0"
::1 - - [29/Jun/2022:10:01:57 +0000] "GET /api/v1/transactions/user?bill=62bc1836f4282e7602a282b8 HTTP/1.0" 304 - "-" "Expo/2.24.3.1014878 CFNetwork/1333.0.4 Darwin/21.5.0"
::1 - - [29/Jun/2022:10:16:26 +0000] "GET /api/v1/transactions/basket?limit=100&sort=-createdAt HTTP/1.0" 304 - "-" "Expo/2.24.3.1014878 CFNetwork/1333.0.4 Darwin/21.5.0"
::ffff:127.0.0.1 - - [29/Jun/2022:10:16:26 +0000] "GET /api/v1/categories HTTP/1.0" 304 - "-" "Expo/2.24.3.1014878 CFNetwork/1333.0.4 Darwin/21.5.0"
::ffff:127.0.0.1 - - [29/Jun/2022:10:16:26 +0000] "GET /api/v1/goods/user?limit=100 HTTP/1.0" 304 - "-" "Expo/2.24.3.1014878 CFNetwork/1333.0.4 Darwin/21.5.0"
::1 - - [29/Jun/2022:10:16:27 +0000] "GET /api/v1/transactions/basket?limit=100&sort=-createdAt HTTP/1.0" 304 - "-" "Expo/2.24.3.1014878 CFNetwork/1333.0.4 Darwin/21.5.0"
::ffff:127.0.0.1 - - [29/Jun/2022:10:16:27 +0000] "GET /api/v1/transactions/user?limit=100&sort=-createdAt HTTP/1.0" 304 - "-" "Expo/2.24.3.1014878 CFNetwork/1333.0.4 Darwin/21.5.0"
::1 - - [29/Jun/2022:10:16:27 +0000] "GET /api/v1/goods/user?limit=100 HTTP/1.0" 304 - "-" "Expo/2.24.3.1014878 CFNetwork/1333.0.4 Darwin/21.5.0"
::ffff:127.0.0.1 - - [29/Jun/2022:11:06:13 +0000] "GET /.env HTTP/1.0" 404 143 "-" "Mozilla/5.0 (X11; Linux x86_64) AppleWebKit/537.36 (KHTML, like Gecko) Chrome/81.0.4044.129 Safari/537.36"
::1 - - [29/Jun/2022:11:06:14 +0000] "POST / HTTP/1.0" 404 140 "-" "Mozilla/5.0 (X11; Linux x86_64) AppleWebKit/537.36 (KHTML, like Gecko) Chrome/81.0.4044.129 Safari/537.36"
::1 - - [29/Jun/2022:11:13:54 +0000] "GET /api/v1/categories HTTP/1.0" 304 - "-" "Expo/2.24.3.1014878 CFNetwork/1333.0.4 Darwin/21.5.0"
::ffff:127.0.0.1 - - [29/Jun/2022:11:13:54 +0000] "GET /api/v1/transactions/basket?limit=100&sort=-createdAt HTTP/1.0" 200 107 "-" "Expo/2.24.3.1014878 CFNetwork/1333.0.4 Darwin/21.5.0"
::ffff:127.0.0.1 - - [29/Jun/2022:11:13:54 +0000] "GET /api/v1/goods/user?limit=100 HTTP/1.0" 304 - "-" "Expo/2.24.3.1014878 CFNetwork/1333.0.4 Darwin/21.5.0"
::1 - - [29/Jun/2022:11:13:56 +0000] "GET /api/v1/transactions/basket?limit=100&sort=-createdAt HTTP/1.0" 304 - "-" "Expo/2.24.3.1014878 CFNetwork/1333.0.4 Darwin/21.5.0"
::1 - - [29/Jun/2022:11:13:56 +0000] "GET /api/v1/transactions/user?limit=100&sort=-createdAt HTTP/1.0" 200 3208 "-" "Expo/2.24.3.1014878 CFNetwork/1333.0.4 Darwin/21.5.0"
::ffff:127.0.0.1 - - [29/Jun/2022:11:13:56 +0000] "GET /api/v1/goods/user?limit=100 HTTP/1.0" 304 - "-" "Expo/2.24.3.1014878 CFNetwork/1333.0.4 Darwin/21.5.0"
::ffff:127.0.0.1 - - [29/Jun/2022:11:18:52 +0000] "GET /api/v1/bills/user HTTP/1.0" 200 1219 "-" "Expo/2.24.3.1014878 CFNetwork/1333.0.4 Darwin/21.5.0"
::1 - - [29/Jun/2022:11:19:43 +0000] "GET /api/v1/users/logout HTTP/1.0" 304 - "-" "Expo/2.24.3.1014878 CFNetwork/1333.0.4 Darwin/21.5.0"
::ffff:127.0.0.1 - - [29/Jun/2022:11:20:02 +0000] "POST /api/v1/users HTTP/1.0" 500 251 "-" "Expo/2.24.3.1014878 CFNetwork/1333.0.4 Darwin/21.5.0"
::1 - - [29/Jun/2022:11:20:07 +0000] "POST /api/v1/users HTTP/1.0" 200 528 "-" "Expo/2.24.3.1014878 CFNetwork/1333.0.4 Darwin/21.5.0"
::ffff:127.0.0.1 - - [29/Jun/2022:11:20:17 +0000] "POST /api/v1/users/login HTTP/1.0" 200 528 "-" "Expo/2.24.3.1014878 CFNetwork/1333.0.4 Darwin/21.5.0"
::1 - - [29/Jun/2022:11:20:18 +0000] "GET /api/v1/categories HTTP/1.0" 304 - "-" "Expo/2.24.3.1014878 CFNetwork/1333.0.4 Darwin/21.5.0"
::ffff:127.0.0.1 - - [29/Jun/2022:11:20:18 +0000] "GET /api/v1/transactions/basket?limit=100&sort=-createdAt HTTP/1.0" 304 - "-" "Expo/2.24.3.1014878 CFNetwork/1333.0.4 Darwin/21.5.0"
::1 - - [29/Jun/2022:11:20:18 +0000] "GET /api/v1/goods/user?limit=100 HTTP/1.0" 200 107 "-" "Expo/2.24.3.1014878 CFNetwork/1333.0.4 Darwin/21.5.0"
::ffff:127.0.0.1 - - [29/Jun/2022:11:20:22 +0000] "GET /api/v1/categories HTTP/1.0" 304 - "-" "Expo/2.24.3.1014878 CFNetwork/1333.0.4 Darwin/21.5.0"
::1 - - [29/Jun/2022:11:20:22 +0000] "GET /api/v1/goods/user?limit=100 HTTP/1.0" 304 - "-" "Expo/2.24.3.1014878 CFNetwork/1333.0.4 Darwin/21.5.0"
::ffff:127.0.0.1 - - [29/Jun/2022:11:20:22 +0000] "GET /api/v1/transactions/basket?limit=100&sort=-createdAt HTTP/1.0" 304 - "-" "Expo/2.24.3.1014878 CFNetwork/1333.0.4 Darwin/21.5.0"
::1 - - [29/Jun/2022:11:20:50 +0000] "POST /api/v1/goods HTTP/1.0" 200 345 "-" "Expo/2.24.3.1014878 CFNetwork/1333.0.4 Darwin/21.5.0"
::ffff:127.0.0.1 - - [29/Jun/2022:11:20:51 +0000] "POST /api/v1/transactions HTTP/1.0" 200 256 "-" "Expo/2.24.3.1014878 CFNetwork/1333.0.4 Darwin/21.5.0"
::1 - - [29/Jun/2022:11:20:52 +0000] "PUT /api/v1/goods/62bc359280269b9067b3fb06/upload-photo HTTP/1.0" 200 60 "-" "Expo/2.24.3.1014878 CFNetwork/1333.0.4 Darwin/21.5.0"
::ffff:127.0.0.1 - - [29/Jun/2022:11:20:52 +0000] "GET /api/v1/goods/user?limit=100 HTTP/1.0" 200 508 "-" "Expo/2.24.3.1014878 CFNetwork/1333.0.4 Darwin/21.5.0"
::1 - - [29/Jun/2022:11:20:52 +0000] "GET /api/v1/transactions/basket?limit=100&sort=-createdAt HTTP/1.0" 200 393 "-" "Expo/2.24.3.1014878 CFNetwork/1333.0.4 Darwin/21.5.0"
::ffff:127.0.0.1 - - [29/Jun/2022:11:20:55 +0000] "GET /api/v1/categories HTTP/1.0" 304 - "-" "Expo/2.24.3.1014878 CFNetwork/1333.0.4 Darwin/21.5.0"
::1 - - [29/Jun/2022:11:20:55 +0000] "GET /api/v1/goods/user?limit=100 HTTP/1.0" 304 - "-" "Expo/2.24.3.1014878 CFNetwork/1333.0.4 Darwin/21.5.0"
::ffff:127.0.0.1 - - [29/Jun/2022:11:20:55 +0000] "GET /api/v1/transactions/basket?limit=100&sort=-createdAt HTTP/1.0" 304 - "-" "Expo/2.24.3.1014878 CFNetwork/1333.0.4 Darwin/21.5.0"
::1 - - [29/Jun/2022:11:21:23 +0000] "POST /api/v1/goods HTTP/1.0" 200 341 "-" "Expo/2.24.3.1014878 CFNetwork/1333.0.4 Darwin/21.5.0"
::ffff:127.0.0.1 - - [29/Jun/2022:11:21:23 +0000] "POST /api/v1/transactions HTTP/1.0" 200 256 "-" "Expo/2.24.3.1014878 CFNetwork/1333.0.4 Darwin/21.5.0"
::1 - - [29/Jun/2022:11:21:23 +0000] "PUT /api/v1/goods/62bc35b380269b9067b3fb1b/upload-photo HTTP/1.0" 200 60 "-" "Expo/2.24.3.1014878 CFNetwork/1333.0.4 Darwin/21.5.0"
::ffff:127.0.0.1 - - [29/Jun/2022:11:21:24 +0000] "GET /api/v1/goods/user?limit=100 HTTP/1.0" 200 906 "-" "Expo/2.24.3.1014878 CFNetwork/1333.0.4 Darwin/21.5.0"
::1 - - [29/Jun/2022:11:21:24 +0000] "GET /api/v1/transactions/basket?limit=100&sort=-createdAt HTTP/1.0" 200 680 "-" "Expo/2.24.3.1014878 CFNetwork/1333.0.4 Darwin/21.5.0"
::ffff:127.0.0.1 - - [29/Jun/2022:11:21:28 +0000] "POST /api/v1/bills/receipt HTTP/1.0" 200 264 "-" "Expo/2.24.3.1014878 CFNetwork/1333.0.4 Darwin/21.5.0"
::1 - - [29/Jun/2022:11:21:28 +0000] "GET /api/v1/transactions/basket?limit=100&sort=-createdAt HTTP/1.0" 200 107 "-" "Expo/2.24.3.1014878 CFNetwork/1333.0.4 Darwin/21.5.0"
::ffff:127.0.0.1 - - [29/Jun/2022:11:21:28 +0000] "GET /api/v1/transactions/basket?limit=100&sort=-createdAt HTTP/1.0" 200 107 "-" "Expo/2.24.3.1014878 CFNetwork/1333.0.4 Darwin/21.5.0"
::1 - - [29/Jun/2022:11:21:37 +0000] "GET /api/v1/bills/user HTTP/1.0" 200 358 "-" "Expo/2.24.3.1014878 CFNetwork/1333.0.4 Darwin/21.5.0"
::ffff:127.0.0.1 - - [29/Jun/2022:11:21:37 +0000] "GET /api/v1/goods/user?limit=100 HTTP/1.0" 200 910 "-" "Expo/2.24.3.1014878 CFNetwork/1333.0.4 Darwin/21.5.0"
::1 - - [29/Jun/2022:11:21:37 +0000] "GET /api/v1/transactions/basket?limit=100&sort=-createdAt HTTP/1.0" 304 - "-" "Expo/2.24.3.1014878 CFNetwork/1333.0.4 Darwin/21.5.0"
::ffff:127.0.0.1 - - [29/Jun/2022:11:21:38 +0000] "GET /api/v1/goods/user?limit=100 HTTP/1.0" 304 - "-" "Expo/2.24.3.1014878 CFNetwork/1333.0.4 Darwin/21.5.0"
::1 - - [29/Jun/2022:11:21:40 +0000] "GET /api/v1/transactions/basket?limit=100&sort=-createdAt HTTP/1.0" 304 - "-" "Expo/2.24.3.1014878 CFNetwork/1333.0.4 Darwin/21.5.0"
::1 - - [29/Jun/2022:11:21:40 +0000] "GET /api/v1/goods/user?limit=100 HTTP/1.0" 304 - "-" "Expo/2.24.3.1014878 CFNetwork/1333.0.4 Darwin/21.5.0"
::ffff:127.0.0.1 - - [29/Jun/2022:11:21:40 +0000] "GET /api/v1/goods/user?limit=100 HTTP/1.0" 304 - "-" "Expo/2.24.3.1014878 CFNetwork/1333.0.4 Darwin/21.5.0"
::ffff:127.0.0.1 - - [29/Jun/2022:11:21:56 +0000] "POST /api/v1/transactions HTTP/1.0" 200 255 "-" "Expo/2.24.3.1014878 CFNetwork/1333.0.4 Darwin/21.5.0"
::1 - - [29/Jun/2022:11:21:56 +0000] "GET /api/v1/transactions/basket?limit=100&sort=-createdAt HTTP/1.0" 200 392 "-" "Expo/2.24.3.1014878 CFNetwork/1333.0.4 Darwin/21.5.0"
::ffff:127.0.0.1 - - [29/Jun/2022:11:21:56 +0000] "GET /api/v1/transactions/basket?limit=100&sort=-createdAt HTTP/1.0" 200 392 "-" "Expo/2.24.3.1014878 CFNetwork/1333.0.4 Darwin/21.5.0"
::1 - - [29/Jun/2022:11:22:01 +0000] "POST /api/v1/transactions HTTP/1.0" 200 255 "-" "Expo/2.24.3.1014878 CFNetwork/1333.0.4 Darwin/21.5.0"
::ffff:127.0.0.1 - - [29/Jun/2022:11:22:01 +0000] "GET /api/v1/transactions/basket?limit=100&sort=-createdAt HTTP/1.0" 200 678 "-" "Expo/2.24.3.1014878 CFNetwork/1333.0.4 Darwin/21.5.0"
::1 - - [29/Jun/2022:11:22:01 +0000] "GET /api/v1/transactions/basket?limit=100&sort=-createdAt HTTP/1.0" 200 678 "-" "Expo/2.24.3.1014878 CFNetwork/1333.0.4 Darwin/21.5.0"
::ffff:127.0.0.1 - - [29/Jun/2022:11:22:04 +0000] "POST /api/v1/bills/drain HTTP/1.0" 200 266 "-" "Expo/2.24.3.1014878 CFNetwork/1333.0.4 Darwin/21.5.0"
::1 - - [29/Jun/2022:11:22:05 +0000] "GET /api/v1/transactions/basket?limit=100&sort=-createdAt HTTP/1.0" 200 107 "-" "Expo/2.24.3.1014878 CFNetwork/1333.0.4 Darwin/21.5.0"
::ffff:127.0.0.1 - - [29/Jun/2022:11:22:05 +0000] "GET /api/v1/transactions/basket?limit=100&sort=-createdAt HTTP/1.0" 200 107 "-" "Expo/2.24.3.1014878 CFNetwork/1333.0.4 Darwin/21.5.0"
::ffff:127.0.0.1 - - [29/Jun/2022:11:22:06 +0000] "GET /api/v1/transactions/basket?limit=100&sort=-createdAt HTTP/1.0" 304 - "-" "Expo/2.24.3.1014878 CFNetwork/1333.0.4 Darwin/21.5.0"
::1 - - [29/Jun/2022:11:22:06 +0000] "GET /api/v1/goods/user?limit=100 HTTP/1.0" 200 908 "-" "Expo/2.24.3.1014878 CFNetwork/1333.0.4 Darwin/21.5.0"
::1 - - [29/Jun/2022:11:22:07 +0000] "GET /api/v1/goods/user?limit=100 HTTP/1.0" 304 - "-" "Expo/2.24.3.1014878 CFNetwork/1333.0.4 Darwin/21.5.0"
::ffff:127.0.0.1 - - [29/Jun/2022:11:22:12 +0000] "GET /api/v1/goods/user?limit=100 HTTP/1.0" 304 - "-" "Expo/2.24.3.1014878 CFNetwork/1333.0.4 Darwin/21.5.0"
::ffff:127.0.0.1 - - [29/Jun/2022:11:22:19 +0000] "GET /api/v1/categories HTTP/1.0" 304 - "-" "Expo/2.24.3.1014878 CFNetwork/1333.0.4 Darwin/21.5.0"
::1 - - [29/Jun/2022:11:22:19 +0000] "GET /api/v1/transactions/basket?limit=100&sort=-createdAt HTTP/1.0" 304 - "-" "Expo/2.24.3.1014878 CFNetwork/1333.0.4 Darwin/21.5.0"
::1 - - [29/Jun/2022:11:22:19 +0000] "GET /api/v1/goods/user?limit=100 HTTP/1.0" 304 - "-" "Expo/2.24.3.1014878 CFNetwork/1333.0.4 Darwin/21.5.0"
::ffff:127.0.0.1 - - [29/Jun/2022:11:24:12 +0000] "GET /api/v1/bills/user HTTP/1.0" 200 601 "-" "Expo/2.24.3.1014878 CFNetwork/1333.0.4 Darwin/21.5.0"
::ffff:127.0.0.1 - - [29/Jun/2022:11:24:12 +0000] "GET /api/v1/transactions/basket?limit=100&sort=-createdAt HTTP/1.0" 304 - "-" "Expo/2.24.3.1014878 CFNetwork/1333.0.4 Darwin/21.5.0"
::1 - - [29/Jun/2022:11:24:13 +0000] "GET /api/v1/goods/user?limit=100 HTTP/1.0" 304 - "-" "Expo/2.24.3.1014878 CFNetwork/1333.0.4 Darwin/21.5.0"
::1 - - [29/Jun/2022:11:24:39 +0000] "GET /api/v1/bills/user HTTP/1.0" 304 - "-" "Expo/2.24.3.1014878 CFNetwork/1333.0.4 Darwin/21.5.0"
::ffff:127.0.0.1 - - [29/Jun/2022:11:44:59 +0000] "GET /.env HTTP/1.0" 404 143 "-" "Mozilla/5.0 (X11; Linux x86_64) AppleWebKit/537.36 (KHTML, like Gecko) Chrome/81.0.4044.129 Safari/537.36"
::1 - - [29/Jun/2022:11:49:10 +0000] "GET / HTTP/1.0" 404 139 "-" "Mozilla/5.0 (Windows NT 10.0; Win64; x64) AppleWebKit/537.36 (KHTML, like Gecko) Chrome/78.0.3904.108 Safari/537.36"
::ffff:127.0.0.1 - - [29/Jun/2022:12:02:02 +0000] "GET / HTTP/1.0" 404 139 "-" "Mozilla/5.0 (Windows NT 10.0; Win64; x64) AppleWebKit/537.36 (KHTML, like Gecko) Chrome/88.0.4324.190 Safari/537.36"
::ffff:127.0.0.1 - - [29/Jun/2022:12:12:55 +0000] "GET /api/v1/categories HTTP/1.0" 304 - "-" "Expo/2.24.3.1014878 CFNetwork/1333.0.4 Darwin/21.5.0"
::1 - - [29/Jun/2022:12:12:55 +0000] "GET /api/v1/transactions/basket?limit=100&sort=-createdAt HTTP/1.0" 200 107 "-" "Expo/2.24.3.1014878 CFNetwork/1333.0.4 Darwin/21.5.0"
::1 - - [29/Jun/2022:12:12:55 +0000] "GET /api/v1/goods/user?limit=100 HTTP/1.0" 304 - "-" "Expo/2.24.3.1014878 CFNetwork/1333.0.4 Darwin/21.5.0"
::ffff:127.0.0.1 - - [29/Jun/2022:12:12:57 +0000] "GET /api/v1/bills/user HTTP/1.0" 200 631 "-" "Expo/2.24.3.1014878 CFNetwork/1333.0.4 Darwin/21.5.0"
::1 - - [29/Jun/2022:12:12:57 +0000] "GET /api/v1/transactions/basket?limit=100&sort=-createdAt HTTP/1.0" 304 - "-" "Expo/2.24.3.1014878 CFNetwork/1333.0.4 Darwin/21.5.0"
::ffff:127.0.0.1 - - [29/Jun/2022:12:12:57 +0000] "GET /api/v1/goods/user?limit=100 HTTP/1.0" 304 - "-" "Expo/2.24.3.1014878 CFNetwork/1333.0.4 Darwin/21.5.0"
::ffff:127.0.0.1 - - [29/Jun/2022:12:13:05 +0000] "GET /api/v1/transactions/basket?limit=100&sort=-createdAt HTTP/1.0" 304 - "-" "Expo/2.24.3.1014878 CFNetwork/1333.0.4 Darwin/21.5.0"
::1 - - [29/Jun/2022:12:13:05 +0000] "GET /api/v1/goods/user?limit=100 HTTP/1.0" 304 - "-" "Expo/2.24.3.1014878 CFNetwork/1333.0.4 Darwin/21.5.0"
::1 - - [29/Jun/2022:12:13:09 +0000] "POST /api/v1/transactions HTTP/1.0" 200 255 "-" "Expo/2.24.3.1014878 CFNetwork/1333.0.4 Darwin/21.5.0"
::1 - - [29/Jun/2022:12:13:09 +0000] "GET /api/v1/transactions/basket?limit=100&sort=-createdAt HTTP/1.0" 200 392 "-" "Expo/2.24.3.1014878 CFNetwork/1333.0.4 Darwin/21.5.0"
::ffff:127.0.0.1 - - [29/Jun/2022:12:13:09 +0000] "GET /api/v1/transactions/basket?limit=100&sort=-createdAt HTTP/1.0" 200 392 "-" "Expo/2.24.3.1014878 CFNetwork/1333.0.4 Darwin/21.5.0"
::ffff:127.0.0.1 - - [29/Jun/2022:12:13:12 +0000] "POST /api/v1/transactions HTTP/1.0" 200 255 "-" "Expo/2.24.3.1014878 CFNetwork/1333.0.4 Darwin/21.5.0"
::1 - - [29/Jun/2022:12:13:12 +0000] "GET /api/v1/transactions/basket?limit=100&sort=-createdAt HTTP/1.0" 200 678 "-" "Expo/2.24.3.1014878 CFNetwork/1333.0.4 Darwin/21.5.0"
::ffff:127.0.0.1 - - [29/Jun/2022:12:13:12 +0000] "GET /api/v1/transactions/basket?limit=100&sort=-createdAt HTTP/1.0" 200 678 "-" "Expo/2.24.3.1014878 CFNetwork/1333.0.4 Darwin/21.5.0"
::1 - - [29/Jun/2022:12:13:14 +0000] "POST /api/v1/bills/receipt HTTP/1.0" 200 284 "-" "Expo/2.24.3.1014878 CFNetwork/1333.0.4 Darwin/21.5.0"
::ffff:127.0.0.1 - - [29/Jun/2022:12:13:15 +0000] "GET /api/v1/transactions/basket?limit=100&sort=-createdAt HTTP/1.0" 200 107 "-" "Expo/2.24.3.1014878 CFNetwork/1333.0.4 Darwin/21.5.0"
::1 - - [29/Jun/2022:12:13:15 +0000] "GET /api/v1/transactions/basket?limit=100&sort=-createdAt HTTP/1.0" 200 107 "-" "Expo/2.24.3.1014878 CFNetwork/1333.0.4 Darwin/21.5.0"
::ffff:127.0.0.1 - - [29/Jun/2022:12:13:16 +0000] "GET /api/v1/transactions/basket?limit=100&sort=-createdAt HTTP/1.0" 304 - "-" "Expo/2.24.3.1014878 CFNetwork/1333.0.4 Darwin/21.5.0"
::ffff:127.0.0.1 - - [29/Jun/2022:12:13:16 +0000] "GET /api/v1/goods/user?limit=100 HTTP/1.0" 200 910 "-" "Expo/2.24.3.1014878 CFNetwork/1333.0.4 Darwin/21.5.0"
::1 - - [29/Jun/2022:12:13:16 +0000] "GET /api/v1/goods/user?limit=100 HTTP/1.0" 200 910 "-" "Expo/2.24.3.1014878 CFNetwork/1333.0.4 Darwin/21.5.0"
::1 - - [29/Jun/2022:12:13:19 +0000] "GET /api/v1/transactions/basket?limit=100&sort=-createdAt HTTP/1.0" 304 - "-" "Expo/2.24.3.1014878 CFNetwork/1333.0.4 Darwin/21.5.0"
::1 - - [29/Jun/2022:12:13:19 +0000] "GET /api/v1/goods/user?limit=100 HTTP/1.0" 304 - "-" "Expo/2.24.3.1014878 CFNetwork/1333.0.4 Darwin/21.5.0"
::ffff:127.0.0.1 - - [29/Jun/2022:12:13:19 +0000] "GET /api/v1/goods/user?limit=100 HTTP/1.0" 304 - "-" "Expo/2.24.3.1014878 CFNetwork/1333.0.4 Darwin/21.5.0"
::ffff:127.0.0.1 - - [29/Jun/2022:12:13:25 +0000] "POST /api/v1/transactions HTTP/1.0" 200 255 "-" "Expo/2.24.3.1014878 CFNetwork/1333.0.4 Darwin/21.5.0"
::1 - - [29/Jun/2022:12:13:26 +0000] "GET /api/v1/transactions/basket?limit=100&sort=-createdAt HTTP/1.0" 200 392 "-" "Expo/2.24.3.1014878 CFNetwork/1333.0.4 Darwin/21.5.0"
::ffff:127.0.0.1 - - [29/Jun/2022:12:13:26 +0000] "GET /api/v1/transactions/basket?limit=100&sort=-createdAt HTTP/1.0" 200 392 "-" "Expo/2.24.3.1014878 CFNetwork/1333.0.4 Darwin/21.5.0"
::1 - - [29/Jun/2022:12:13:28 +0000] "POST /api/v1/transactions HTTP/1.0" 200 255 "-" "Expo/2.24.3.1014878 CFNetwork/1333.0.4 Darwin/21.5.0"
::ffff:127.0.0.1 - - [29/Jun/2022:12:13:29 +0000] "GET /api/v1/transactions/basket?limit=100&sort=-createdAt HTTP/1.0" 200 678 "-" "Expo/2.24.3.1014878 CFNetwork/1333.0.4 Darwin/21.5.0"
::1 - - [29/Jun/2022:12:13:29 +0000] "GET /api/v1/transactions/basket?limit=100&sort=-createdAt HTTP/1.0" 200 678 "-" "Expo/2.24.3.1014878 CFNetwork/1333.0.4 Darwin/21.5.0"
::ffff:127.0.0.1 - - [29/Jun/2022:12:13:31 +0000] "POST /api/v1/bills/drain HTTP/1.0" 200 285 "-" "Expo/2.24.3.1014878 CFNetwork/1333.0.4 Darwin/21.5.0"
::1 - - [29/Jun/2022:12:13:31 +0000] "GET /api/v1/transactions/basket?limit=100&sort=-createdAt HTTP/1.0" 200 107 "-" "Expo/2.24.3.1014878 CFNetwork/1333.0.4 Darwin/21.5.0"
::ffff:127.0.0.1 - - [29/Jun/2022:12:13:32 +0000] "GET /api/v1/transactions/basket?limit=100&sort=-createdAt HTTP/1.0" 200 107 "-" "Expo/2.24.3.1014878 CFNetwork/1333.0.4 Darwin/21.5.0"
::1 - - [29/Jun/2022:12:13:36 +0000] "GET /api/v1/transactions/basket?limit=100&sort=-createdAt HTTP/1.0" 304 - "-" "Expo/2.24.3.1014878 CFNetwork/1333.0.4 Darwin/21.5.0"
::1 - - [29/Jun/2022:12:13:36 +0000] "GET /api/v1/goods/user?limit=100 HTTP/1.0" 200 909 "-" "Expo/2.24.3.1014878 CFNetwork/1333.0.4 Darwin/21.5.0"
::ffff:127.0.0.1 - - [29/Jun/2022:12:13:36 +0000] "GET /api/v1/goods/user?limit=100 HTTP/1.0" 200 909 "-" "Expo/2.24.3.1014878 CFNetwork/1333.0.4 Darwin/21.5.0"
::ffff:127.0.0.1 - - [29/Jun/2022:12:13:36 +0000] "GET /api/v1/goods/user?limit=100 HTTP/1.0" 304 - "-" "Expo/2.24.3.1014878 CFNetwork/1333.0.4 Darwin/21.5.0"
::1 - - [29/Jun/2022:12:13:40 +0000] "GET /api/v1/categories HTTP/1.0" 304 - "-" "Expo/2.24.3.1014878 CFNetwork/1333.0.4 Darwin/21.5.0"
::ffff:127.0.0.1 - - [29/Jun/2022:12:13:40 +0000] "GET /api/v1/transactions/basket?limit=100&sort=-createdAt HTTP/1.0" 304 - "-" "Expo/2.24.3.1014878 CFNetwork/1333.0.4 Darwin/21.5.0"
::1 - - [29/Jun/2022:12:13:40 +0000] "GET /api/v1/goods/user?limit=100 HTTP/1.0" 304 - "-" "Expo/2.24.3.1014878 CFNetwork/1333.0.4 Darwin/21.5.0"
::ffff:127.0.0.1 - - [29/Jun/2022:12:13:41 +0000] "GET /api/v1/transactions/basket?limit=100&sort=-createdAt HTTP/1.0" 304 - "-" "Expo/2.24.3.1014878 CFNetwork/1333.0.4 Darwin/21.5.0"
::1 - - [29/Jun/2022:12:13:41 +0000] "GET /api/v1/bills/user HTTP/1.0" 200 1154 "-" "Expo/2.24.3.1014878 CFNetwork/1333.0.4 Darwin/21.5.0"
::ffff:127.0.0.1 - - [29/Jun/2022:12:13:42 +0000] "GET /api/v1/goods/user?limit=100 HTTP/1.0" 304 - "-" "Expo/2.24.3.1014878 CFNetwork/1333.0.4 Darwin/21.5.0"
::1 - - [29/Jun/2022:12:19:17 +0000] "GET /api/v1/transactions/basket?limit=100&sort=-createdAt HTTP/1.0" 304 - "-" "Expo/2.24.3.1014878 CFNetwork/1333.0.4 Darwin/21.5.0"
::1 - - [29/Jun/2022:12:19:17 +0000] "GET /api/v1/categories HTTP/1.0" 304 - "-" "Expo/2.24.3.1014878 CFNetwork/1333.0.4 Darwin/21.5.0"
::ffff:127.0.0.1 - - [29/Jun/2022:12:19:17 +0000] "GET /api/v1/goods/user?limit=100 HTTP/1.0" 304 - "-" "Expo/2.24.3.1014878 CFNetwork/1333.0.4 Darwin/21.5.0"
::ffff:127.0.0.1 - - [29/Jun/2022:12:19:23 +0000] "GET /api/v1/bills/user HTTP/1.0" 304 - "-" "Expo/2.24.3.1014878 CFNetwork/1333.0.4 Darwin/21.5.0"
::ffff:127.0.0.1 - - [29/Jun/2022:12:19:23 +0000] "GET /api/v1/transactions/basket?limit=100&sort=-createdAt HTTP/1.0" 304 - "-" "Expo/2.24.3.1014878 CFNetwork/1333.0.4 Darwin/21.5.0"
::1 - - [29/Jun/2022:12:19:23 +0000] "GET /api/v1/goods/user?limit=100 HTTP/1.0" 304 - "-" "Expo/2.24.3.1014878 CFNetwork/1333.0.4 Darwin/21.5.0"
::1 - - [29/Jun/2022:12:19:45 +0000] "GET /api/v1/bills/user HTTP/1.0" 304 - "-" "Expo/2.24.3.1014878 CFNetwork/1333.0.4 Darwin/21.5.0"
::ffff:127.0.0.1 - - [29/Jun/2022:12:19:54 +0000] "GET /api/v1/bills/user HTTP/1.0" 304 - "-" "Expo/2.24.3.1014878 CFNetwork/1333.0.4 Darwin/21.5.0"
::1 - - [29/Jun/2022:12:20:09 +0000] "GET /api/v1/bills/user HTTP/1.0" 304 - "-" "Expo/2.24.3.1014878 CFNetwork/1333.0.4 Darwin/21.5.0"
::ffff:127.0.0.1 - - [29/Jun/2022:12:20:38 +0000] "GET /api/v1/bills/user?limit=1000&-createdAt HTTP/1.0" 200 108 "-" "Expo/2.24.3.1014878 CFNetwork/1333.0.4 Darwin/21.5.0"
::1 - - [29/Jun/2022:12:21:06 +0000] "GET /api/v1/bills/user?limit=1000&sort=-createdAt HTTP/1.0" 200 1144 "-" "Expo/2.24.3.1014878 CFNetwork/1333.0.4 Darwin/21.5.0"
::ffff:127.0.0.1 - - [29/Jun/2022:12:22:09 +0000] "GET /api/v1/categories HTTP/1.0" 304 - "-" "Expo/2.24.3.1014878 CFNetwork/1333.0.4 Darwin/21.5.0"
::ffff:127.0.0.1 - - [29/Jun/2022:12:22:09 +0000] "GET /api/v1/transactions/basket?limit=100&sort=-createdAt HTTP/1.0" 304 - "-" "Expo/2.24.3.1014878 CFNetwork/1333.0.4 Darwin/21.5.0"
::1 - - [29/Jun/2022:12:22:09 +0000] "GET /api/v1/goods/user?limit=100 HTTP/1.0" 304 - "-" "Expo/2.24.3.1014878 CFNetwork/1333.0.4 Darwin/21.5.0"
::1 - - [29/Jun/2022:12:22:10 +0000] "GET /api/v1/bills/user?limit=1000&sort=-createdAt HTTP/1.0" 304 - "-" "Expo/2.24.3.1014878 CFNetwork/1333.0.4 Darwin/21.5.0"
::1 - - [29/Jun/2022:12:22:10 +0000] "GET /api/v1/transactions/basket?limit=100&sort=-createdAt HTTP/1.0" 304 - "-" "Expo/2.24.3.1014878 CFNetwork/1333.0.4 Darwin/21.5.0"
::ffff:127.0.0.1 - - [29/Jun/2022:12:22:10 +0000] "GET /api/v1/goods/user?limit=100 HTTP/1.0" 304 - "-" "Expo/2.24.3.1014878 CFNetwork/1333.0.4 Darwin/21.5.0"
::ffff:127.0.0.1 - - [29/Jun/2022:12:22:20 +0000] "GET /api/v1/categories HTTP/1.0" 304 - "-" "Expo/2.24.3.1014878 CFNetwork/1333.0.4 Darwin/21.5.0"
::ffff:127.0.0.1 - - [29/Jun/2022:12:22:20 +0000] "GET /api/v1/transactions/basket?limit=100&sort=-createdAt HTTP/1.0" 304 - "-" "Expo/2.24.3.1014878 CFNetwork/1333.0.4 Darwin/21.5.0"
::1 - - [29/Jun/2022:12:22:20 +0000] "GET /api/v1/goods/user?limit=100 HTTP/1.0" 304 - "-" "Expo/2.24.3.1014878 CFNetwork/1333.0.4 Darwin/21.5.0"
::1 - - [29/Jun/2022:12:22:27 +0000] "GET /api/v1/bills/user?limit=1000&sort=-createdAt HTTP/1.0" 304 - "-" "Expo/2.24.3.1014878 CFNetwork/1333.0.4 Darwin/21.5.0"
::1 - - [29/Jun/2022:12:22:27 +0000] "GET /api/v1/transactions/basket?limit=100&sort=-createdAt HTTP/1.0" 304 - "-" "Expo/2.24.3.1014878 CFNetwork/1333.0.4 Darwin/21.5.0"
::ffff:127.0.0.1 - - [29/Jun/2022:12:22:27 +0000] "GET /api/v1/goods/user?limit=100 HTTP/1.0" 304 - "-" "Expo/2.24.3.1014878 CFNetwork/1333.0.4 Darwin/21.5.0"
::1 - - [29/Jun/2022:12:23:23 +0000] "GET /api/v1/transactions/user?bill=undefined HTTP/1.0" 500 259 "-" "Expo/2.24.3.1014878 CFNetwork/1333.0.4 Darwin/21.5.0"
::ffff:127.0.0.1 - - [29/Jun/2022:12:23:23 +0000] "GET /api/v1/bills/user?limit=1000&sort=-createdAt HTTP/1.0" 304 - "-" "Expo/2.24.3.1014878 CFNetwork/1333.0.4 Darwin/21.5.0"
::ffff:127.0.0.1 - - [29/Jun/2022:12:23:41 +0000] "GET /api/v1/bills/user?limit=1000&sort=-createdAt HTTP/1.0" 304 - "-" "Expo/2.24.3.1014878 CFNetwork/1333.0.4 Darwin/21.5.0"
::1 - - [29/Jun/2022:12:23:48 +0000] "GET /api/v1/transactions/user?bill=undefined HTTP/1.0" 500 259 "-" "Expo/2.24.3.1014878 CFNetwork/1333.0.4 Darwin/21.5.0"
::ffff:127.0.0.1 - - [29/Jun/2022:12:23:48 +0000] "GET /api/v1/bills/user?limit=1000&sort=-createdAt HTTP/1.0" 304 - "-" "Expo/2.24.3.1014878 CFNetwork/1333.0.4 Darwin/21.5.0"
::1 - - [29/Jun/2022:12:24:18 +0000] "GET /api/v1/transactions/user?bill=62babf85b8fc4520e4c75424 HTTP/1.0" 200 118 "-" "Expo/2.24.3.1014878 CFNetwork/1333.0.4 Darwin/21.5.0"
::ffff:127.0.0.1 - - [29/Jun/2022:12:24:23 +0000] "GET /api/v1/transactions/user?bill=undefined HTTP/1.0" 500 259 "-" "Expo/2.24.3.1014878 CFNetwork/1333.0.4 Darwin/21.5.0"
::1 - - [29/Jun/2022:12:24:29 +0000] "GET /api/v1/transactions/user?bill=undefined HTTP/1.0" 500 259 "-" "Expo/2.24.3.1014878 CFNetwork/1333.0.4 Darwin/21.5.0"
::ffff:127.0.0.1 - - [29/Jun/2022:12:25:07 +0000] "GET /api/v1/transactions/user?bill=undefined HTTP/1.0" 500 259 "-" "Expo/2.24.3.1014878 CFNetwork/1333.0.4 Darwin/21.5.0"
::1 - - [29/Jun/2022:12:25:18 +0000] "GET /api/v1/bills/user?limit=1000&sort=-createdAt HTTP/1.0" 304 - "-" "Expo/2.24.3.1014878 CFNetwork/1333.0.4 Darwin/21.5.0"
::1 - - [29/Jun/2022:12:28:18 +0000] "GET /api/v1/bills/user?limit=1000&sort=-createdAt HTTP/1.0" 304 - "-" "Expo/2.24.3.1014878 CFNetwork/1333.0.4 Darwin/21.5.0"
::ffff:127.0.0.1 - - [29/Jun/2022:12:28:18 +0000] "GET /api/v1/transactions/user?bill=62bc41da3ce11091a7c4bac1 HTTP/1.0" 200 890 "-" "Expo/2.24.3.1014878 CFNetwork/1333.0.4 Darwin/21.5.0"
::ffff:127.0.0.1 - - [29/Jun/2022:12:29:48 +0000] "GET /api/v1/transactions/user?bill=62bc41da3ce11091a7c4bac1 HTTP/1.0" 304 - "-" "Expo/2.24.3.1014878 CFNetwork/1333.0.4 Darwin/21.5.0"
::1 - - [29/Jun/2022:12:29:50 +0000] "GET /api/v1/bills/user?limit=1000&sort=-createdAt HTTP/1.0" 304 - "-" "Expo/2.24.3.1014878 CFNetwork/1333.0.4 Darwin/21.5.0"
::ffff:127.0.0.1 - - [29/Jun/2022:12:30:03 +0000] "GET /api/v1/transactions/user?bill=62bc41da3ce11091a7c4bac1 HTTP/1.0" 304 - "-" "Expo/2.24.3.1014878 CFNetwork/1333.0.4 Darwin/21.5.0"
::1 - - [29/Jun/2022:12:30:03 +0000] "GET /api/v1/bills/user?limit=1000&sort=-createdAt HTTP/1.0" 304 - "-" "Expo/2.24.3.1014878 CFNetwork/1333.0.4 Darwin/21.5.0"
::ffff:127.0.0.1 - - [29/Jun/2022:12:30:32 +0000] "GET /api/v1/transactions/user?bill=62bc41da3ce11091a7c4bac1 HTTP/1.0" 304 - "-" "Expo/2.24.3.1014878 CFNetwork/1333.0.4 Darwin/21.5.0"
::1 - - [29/Jun/2022:12:31:35 +0000] "GET /api/v1/transactions/user?bill=62bc41da3ce11091a7c4bac1 HTTP/1.0" 304 - "-" "Expo/2.24.3.1014878 CFNetwork/1333.0.4 Darwin/21.5.0"
::ffff:127.0.0.1 - - [29/Jun/2022:12:31:56 +0000] "GET /api/v1/transactions/user?bill=62bc41da3ce11091a7c4bac1 HTTP/1.0" 304 - "-" "Expo/2.24.3.1014878 CFNetwork/1333.0.4 Darwin/21.5.0"
::1 - - [29/Jun/2022:12:32:09 +0000] "GET /api/v1/transactions/user?bill=62bc41da3ce11091a7c4bac1 HTTP/1.0" 304 - "-" "Expo/2.24.3.1014878 CFNetwork/1333.0.4 Darwin/21.5.0"
::ffff:127.0.0.1 - - [29/Jun/2022:12:32:13 +0000] "GET /api/v1/transactions/user?bill=62bc41da3ce11091a7c4bac1 HTTP/1.0" 304 - "-" "Expo/2.24.3.1014878 CFNetwork/1333.0.4 Darwin/21.5.0"
::1 - - [29/Jun/2022:12:32:17 +0000] "GET /api/v1/transactions/user?bill=62bc41da3ce11091a7c4bac1 HTTP/1.0" 304 - "-" "Expo/2.24.3.1014878 CFNetwork/1333.0.4 Darwin/21.5.0"
::ffff:127.0.0.1 - - [29/Jun/2022:12:32:24 +0000] "GET /api/v1/transactions/user?bill=62bc41da3ce11091a7c4bac1 HTTP/1.0" 304 - "-" "Expo/2.24.3.1014878 CFNetwork/1333.0.4 Darwin/21.5.0"
::1 - - [29/Jun/2022:12:32:28 +0000] "GET /api/v1/transactions/user?bill=62bc41da3ce11091a7c4bac1 HTTP/1.0" 304 - "-" "Expo/2.24.3.1014878 CFNetwork/1333.0.4 Darwin/21.5.0"
::ffff:127.0.0.1 - - [29/Jun/2022:12:32:45 +0000] "GET /api/v1/transactions/user?bill=62bc41da3ce11091a7c4bac1 HTTP/1.0" 304 - "-" "Expo/2.24.3.1014878 CFNetwork/1333.0.4 Darwin/21.5.0"
::1 - - [29/Jun/2022:12:33:00 +0000] "GET /api/v1/transactions/user?bill=62bc41da3ce11091a7c4bac1 HTTP/1.0" 304 - "-" "Expo/2.24.3.1014878 CFNetwork/1333.0.4 Darwin/21.5.0"
::ffff:127.0.0.1 - - [29/Jun/2022:12:33:02 +0000] "GET /api/v1/transactions/user?bill=62bc41da3ce11091a7c4bac1 HTTP/1.0" 304 - "-" "Expo/2.24.3.1014878 CFNetwork/1333.0.4 Darwin/21.5.0"
::1 - - [29/Jun/2022:12:33:04 +0000] "GET /api/v1/bills/user?limit=1000&sort=-createdAt HTTP/1.0" 304 - "-" "Expo/2.24.3.1014878 CFNetwork/1333.0.4 Darwin/21.5.0"
::ffff:127.0.0.1 - - [29/Jun/2022:12:33:04 +0000] "GET /api/v1/bills/user?limit=1000&sort=-createdAt HTTP/1.0" 304 - "-" "Expo/2.24.3.1014878 CFNetwork/1333.0.4 Darwin/21.5.0"
::1 - - [29/Jun/2022:12:33:04 +0000] "GET /api/v1/transactions/user?bill=62bc41da3ce11091a7c4bac1 HTTP/1.0" 304 - "-" "Expo/2.24.3.1014878 CFNetwork/1333.0.4 Darwin/21.5.0"
::ffff:127.0.0.1 - - [29/Jun/2022:12:34:20 +0000] "GET /api/v1/transactions/user?bill=62bc41da3ce11091a7c4bac1 HTTP/1.0" 304 - "-" "Expo/2.24.3.1014878 CFNetwork/1333.0.4 Darwin/21.5.0"
::1 - - [29/Jun/2022:12:34:26 +0000] "GET /api/v1/transactions/user?bill=62bc41da3ce11091a7c4bac1 HTTP/1.0" 304 - "-" "Expo/2.24.3.1014878 CFNetwork/1333.0.4 Darwin/21.5.0"
::ffff:127.0.0.1 - - [29/Jun/2022:12:35:02 +0000] "GET /actuator/gateway/routes HTTP/1.0" 404 162 "-" "Mozilla/5.0 (Windows NT 10.0; Win64; x64) AppleWebKit/537.36 (KHTML, like Gecko) Chrome/78.0.3904.108 Safari/537.36"
::1 - - [29/Jun/2022:12:35:36 +0000] "GET /api/v1/transactions/user?bill=62bc41da3ce11091a7c4bac1 HTTP/1.0" 304 - "-" "Expo/2.24.3.1014878 CFNetwork/1333.0.4 Darwin/21.5.0"
::ffff:127.0.0.1 - - [29/Jun/2022:12:35:40 +0000] "GET /api/v1/transactions/user?bill=62bc41da3ce11091a7c4bac1 HTTP/1.0" 304 - "-" "Expo/2.24.3.1014878 CFNetwork/1333.0.4 Darwin/21.5.0"
::1 - - [29/Jun/2022:12:35:48 +0000] "GET /api/v1/transactions/user?bill=62bc41da3ce11091a7c4bac1 HTTP/1.0" 304 - "-" "Expo/2.24.3.1014878 CFNetwork/1333.0.4 Darwin/21.5.0"
::ffff:127.0.0.1 - - [29/Jun/2022:12:35:53 +0000] "GET /api/v1/transactions/user?bill=62bc41da3ce11091a7c4bac1 HTTP/1.0" 304 - "-" "Expo/2.24.3.1014878 CFNetwork/1333.0.4 Darwin/21.5.0"
::1 - - [29/Jun/2022:12:36:35 +0000] "GET /api/v1/transactions/user?bill=62bc41da3ce11091a7c4bac1 HTTP/1.0" 304 - "-" "Expo/2.24.3.1014878 CFNetwork/1333.0.4 Darwin/21.5.0"
::ffff:127.0.0.1 - - [29/Jun/2022:12:36:37 +0000] "GET /api/v1/bills/user?limit=1000&sort=-createdAt HTTP/1.0" 304 - "-" "Expo/2.24.3.1014878 CFNetwork/1333.0.4 Darwin/21.5.0"
::1 - - [29/Jun/2022:12:36:47 +0000] "GET /api/v1/transactions/user?bill=62bc41da3ce11091a7c4bac1 HTTP/1.0" 304 - "-" "Expo/2.24.3.1014878 CFNetwork/1333.0.4 Darwin/21.5.0"
::ffff:127.0.0.1 - - [29/Jun/2022:12:36:48 +0000] "GET /api/v1/bills/user?limit=1000&sort=-createdAt HTTP/1.0" 304 - "-" "Expo/2.24.3.1014878 CFNetwork/1333.0.4 Darwin/21.5.0"
::1 - - [29/Jun/2022:12:37:07 +0000] "GET /api/v1/bills/user?limit=1000&sort=-createdAt HTTP/1.0" 304 - "-" "Expo/2.24.3.1014878 CFNetwork/1333.0.4 Darwin/21.5.0"
::1 - - [29/Jun/2022:12:37:08 +0000] "GET /api/v1/bills/user?limit=1000&sort=-createdAt HTTP/1.0" 304 - "-" "Expo/2.24.3.1014878 CFNetwork/1333.0.4 Darwin/21.5.0"
::ffff:127.0.0.1 - - [29/Jun/2022:12:37:09 +0000] "GET /api/v1/transactions/user?bill=62bc41da3ce11091a7c4bac1 HTTP/1.0" 304 - "-" "Expo/2.24.3.1014878 CFNetwork/1333.0.4 Darwin/21.5.0"
::ffff:127.0.0.1 - - [29/Jun/2022:12:37:12 +0000] "GET /api/v1/transactions/user?bill=62bc41da3ce11091a7c4bac1 HTTP/1.0" 304 - "-" "Expo/2.24.3.1014878 CFNetwork/1333.0.4 Darwin/21.5.0"
::1 - - [29/Jun/2022:12:37:50 +0000] "GET /api/v1/transactions/user?bill=62bc41da3ce11091a7c4bac1 HTTP/1.0" 304 - "-" "Expo/2.24.3.1014878 CFNetwork/1333.0.4 Darwin/21.5.0"
::ffff:127.0.0.1 - - [29/Jun/2022:12:37:56 +0000] "GET /api/v1/transactions/user?bill=62bc41da3ce11091a7c4bac1 HTTP/1.0" 304 - "-" "Expo/2.24.3.1014878 CFNetwork/1333.0.4 Darwin/21.5.0"
::1 - - [29/Jun/2022:12:39:44 +0000] "GET /api/v1/transactions/user?bill=62bc41da3ce11091a7c4bac1 HTTP/1.0" 304 - "-" "Expo/2.24.3.1014878 CFNetwork/1333.0.4 Darwin/21.5.0"
::ffff:127.0.0.1 - - [29/Jun/2022:12:40:25 +0000] "GET /api/v1/bills/user?limit=1000&sort=-createdAt HTTP/1.0" 304 - "-" "Expo/2.24.3.1014878 CFNetwork/1333.0.4 Darwin/21.5.0"
::ffff:127.0.0.1 - - [29/Jun/2022:12:41:51 +0000] "GET /api/v1/bills/user?limit=1000&sort=-createdAt HTTP/1.0" 304 - "-" "Expo/2.24.3.1014878 CFNetwork/1333.0.4 Darwin/21.5.0"
::1 - - [29/Jun/2022:12:41:51 +0000] "GET /api/v1/transactions/user?bill=62bc41da3ce11091a7c4bac1 HTTP/1.0" 304 - "-" "Expo/2.24.3.1014878 CFNetwork/1333.0.4 Darwin/21.5.0"
::1 - - [29/Jun/2022:12:42:11 +0000] "GET /api/v1/transactions/user?bill=62bc41da3ce11091a7c4bac1 HTTP/1.0" 304 - "-" "Expo/2.24.3.1014878 CFNetwork/1333.0.4 Darwin/21.5.0"
::ffff:127.0.0.1 - - [29/Jun/2022:12:43:02 +0000] "GET /api/v1/transactions/basket?limit=100&sort=-createdAt HTTP/1.0" 304 - "-" "Expo/2.24.3.1014878 CFNetwork/1333.0.4 Darwin/21.5.0"
::1 - - [29/Jun/2022:12:43:02 +0000] "GET /api/v1/categories HTTP/1.0" 304 - "-" "Expo/2.24.3.1014878 CFNetwork/1333.0.4 Darwin/21.5.0"
::ffff:127.0.0.1 - - [29/Jun/2022:12:43:02 +0000] "GET /api/v1/goods/user?limit=100 HTTP/1.0" 304 - "-" "Expo/2.24.3.1014878 CFNetwork/1333.0.4 Darwin/21.5.0"
::1 - - [29/Jun/2022:12:43:04 +0000] "GET /api/v1/transactions/basket?limit=100&sort=-createdAt HTTP/1.0" 304 - "-" "Expo/2.24.3.1014878 CFNetwork/1333.0.4 Darwin/21.5.0"
::1 - - [29/Jun/2022:12:43:04 +0000] "GET /api/v1/bills/user?limit=1000&sort=-createdAt HTTP/1.0" 304 - "-" "Expo/2.24.3.1014878 CFNetwork/1333.0.4 Darwin/21.5.0"
::ffff:127.0.0.1 - - [29/Jun/2022:12:43:04 +0000] "GET /api/v1/goods/user?limit=100 HTTP/1.0" 304 - "-" "Expo/2.24.3.1014878 CFNetwork/1333.0.4 Darwin/21.5.0"
::1 - - [29/Jun/2022:12:43:05 +0000] "GET /api/v1/bills/user?limit=1000&sort=-createdAt HTTP/1.0" 304 - "-" "Expo/2.24.3.1014878 CFNetwork/1333.0.4 Darwin/21.5.0"
::ffff:127.0.0.1 - - [29/Jun/2022:12:43:05 +0000] "GET /api/v1/transactions/user?bill=62bc41da3ce11091a7c4bac1 HTTP/1.0" 304 - "-" "Expo/2.24.3.1014878 CFNetwork/1333.0.4 Darwin/21.5.0"
::ffff:127.0.0.1 - - [29/Jun/2022:12:43:28 +0000] "GET /api/v1/transactions/user?bill=62bc41da3ce11091a7c4bac1 HTTP/1.0" 304 - "-" "Expo/2.24.3.1014878 CFNetwork/1333.0.4 Darwin/21.5.0"
::1 - - [29/Jun/2022:12:43:49 +0000] "GET /api/v1/transactions/user?bill=62bc41da3ce11091a7c4bac1 HTTP/1.0" 200 980 "-" "Expo/2.24.3.1014878 CFNetwork/1333.0.4 Darwin/21.5.0"
::ffff:127.0.0.1 - - [29/Jun/2022:12:43:50 +0000] "GET /api/v1/transactions/user?bill=62bc41da3ce11091a7c4bac1 HTTP/1.0" 304 - "-" "Expo/2.24.3.1014878 CFNetwork/1333.0.4 Darwin/21.5.0"
::1 - - [29/Jun/2022:12:43:54 +0000] "GET /api/v1/transactions/user?bill=62bc41da3ce11091a7c4bac1 HTTP/1.0" 304 - "-" "Expo/2.24.3.1014878 CFNetwork/1333.0.4 Darwin/21.5.0"
::ffff:127.0.0.1 - - [29/Jun/2022:12:43:56 +0000] "GET /api/v1/transactions/user?bill=62bc41da3ce11091a7c4bac1 HTTP/1.0" 304 - "-" "Expo/2.24.3.1014878 CFNetwork/1333.0.4 Darwin/21.5.0"
::1 - - [29/Jun/2022:12:44:01 +0000] "GET /api/v1/transactions/user?bill=62bc41da3ce11091a7c4bac1 HTTP/1.0" 304 - "-" "Expo/2.24.3.1014878 CFNetwork/1333.0.4 Darwin/21.5.0"
::ffff:127.0.0.1 - - [29/Jun/2022:12:44:02 +0000] "GET /api/v1/transactions/user?bill=62bc41da3ce11091a7c4bac1 HTTP/1.0" 304 - "-" "Expo/2.24.3.1014878 CFNetwork/1333.0.4 Darwin/21.5.0"
::1 - - [29/Jun/2022:12:44:28 +0000] "GET /api/v1/transactions/user?bill=62bc41da3ce11091a7c4bac1 HTTP/1.0" 304 - "-" "Expo/2.24.3.1014878 CFNetwork/1333.0.4 Darwin/21.5.0"
::ffff:127.0.0.1 - - [29/Jun/2022:12:44:32 +0000] "GET /api/v1/transactions/user?bill=62bc41da3ce11091a7c4bac1 HTTP/1.0" 304 - "-" "Expo/2.24.3.1014878 CFNetwork/1333.0.4 Darwin/21.5.0"
::1 - - [29/Jun/2022:12:45:07 +0000] "GET /api/v1/transactions/user?bill=62bc41da3ce11091a7c4bac1 HTTP/1.0" 304 - "-" "Expo/2.24.3.1014878 CFNetwork/1333.0.4 Darwin/21.5.0"
::ffff:127.0.0.1 - - [29/Jun/2022:12:45:17 +0000] "GET /api/v1/transactions/user?bill=62bc41da3ce11091a7c4bac1 HTTP/1.0" 304 - "-" "Expo/2.24.3.1014878 CFNetwork/1333.0.4 Darwin/21.5.0"
::1 - - [29/Jun/2022:12:45:22 +0000] "GET /api/v1/transactions/user?bill=62bc41da3ce11091a7c4bac1 HTTP/1.0" 304 - "-" "Expo/2.24.3.1014878 CFNetwork/1333.0.4 Darwin/21.5.0"
::ffff:127.0.0.1 - - [29/Jun/2022:12:45:54 +0000] "GET /api/v1/transactions/user?bill=62bc41da3ce11091a7c4bac1 HTTP/1.0" 304 - "-" "Expo/2.24.3.1014878 CFNetwork/1333.0.4 Darwin/21.5.0"
::1 - - [29/Jun/2022:12:45:55 +0000] "GET /api/v1/transactions/user?bill=62bc41da3ce11091a7c4bac1 HTTP/1.0" 304 - "-" "Expo/2.24.3.1014878 CFNetwork/1333.0.4 Darwin/21.5.0"
::ffff:127.0.0.1 - - [29/Jun/2022:12:46:29 +0000] "GET /api/v1/transactions/user?bill=62bc41da3ce11091a7c4bac1 HTTP/1.0" 304 - "-" "Expo/2.24.3.1014878 CFNetwork/1333.0.4 Darwin/21.5.0"
::1 - - [29/Jun/2022:12:47:44 +0000] "GET /api/v1/transactions/user?bill=62bc41da3ce11091a7c4bac1 HTTP/1.0" 304 - "-" "Expo/2.24.3.1014878 CFNetwork/1333.0.4 Darwin/21.5.0"
::ffff:127.0.0.1 - - [29/Jun/2022:12:47:49 +0000] "GET /api/v1/bills/user?limit=1000&sort=-createdAt HTTP/1.0" 304 - "-" "Expo/2.24.3.1014878 CFNetwork/1333.0.4 Darwin/21.5.0"
::1 - - [29/Jun/2022:12:47:51 +0000] "GET /api/v1/transactions/user?bill=62bc41da3ce11091a7c4bac1 HTTP/1.0" 304 - "-" "Expo/2.24.3.1014878 CFNetwork/1333.0.4 Darwin/21.5.0"
::ffff:127.0.0.1 - - [29/Jun/2022:12:47:51 +0000] "GET /api/v1/bills/user?limit=1000&sort=-createdAt HTTP/1.0" 304 - "-" "Expo/2.24.3.1014878 CFNetwork/1333.0.4 Darwin/21.5.0"
::1 - - [29/Jun/2022:12:48:26 +0000] "GET /api/v1/transactions/user?bill=62bc41da3ce11091a7c4bac1 HTTP/1.0" 304 - "-" "Expo/2.24.3.1014878 CFNetwork/1333.0.4 Darwin/21.5.0"
::ffff:127.0.0.1 - - [29/Jun/2022:12:48:34 +0000] "GET /api/v1/transactions/user?bill=62bc41da3ce11091a7c4bac1 HTTP/1.0" 304 - "-" "Expo/2.24.3.1014878 CFNetwork/1333.0.4 Darwin/21.5.0"
::1 - - [29/Jun/2022:12:48:44 +0000] "GET /api/v1/transactions/user?bill=62bc41da3ce11091a7c4bac1 HTTP/1.0" 304 - "-" "Expo/2.24.3.1014878 CFNetwork/1333.0.4 Darwin/21.5.0"
::ffff:127.0.0.1 - - [29/Jun/2022:12:48:49 +0000] "GET /api/v1/transactions/user?bill=62bc41da3ce11091a7c4bac1 HTTP/1.0" 304 - "-" "Expo/2.24.3.1014878 CFNetwork/1333.0.4 Darwin/21.5.0"
::1 - - [29/Jun/2022:12:49:03 +0000] "GET /api/v1/transactions/user?bill=62bc41da3ce11091a7c4bac1 HTTP/1.0" 304 - "-" "Expo/2.24.3.1014878 CFNetwork/1333.0.4 Darwin/21.5.0"
::ffff:127.0.0.1 - - [29/Jun/2022:12:49:08 +0000] "GET /api/v1/transactions/user?bill=62bc41da3ce11091a7c4bac1 HTTP/1.0" 304 - "-" "Expo/2.24.3.1014878 CFNetwork/1333.0.4 Darwin/21.5.0"
::1 - - [29/Jun/2022:12:49:11 +0000] "GET /api/v1/transactions/user?bill=62bc41da3ce11091a7c4bac1 HTTP/1.0" 304 - "-" "Expo/2.24.3.1014878 CFNetwork/1333.0.4 Darwin/21.5.0"
::ffff:127.0.0.1 - - [29/Jun/2022:12:49:15 +0000] "GET /api/v1/bills/user?limit=1000&sort=-createdAt HTTP/1.0" 304 - "-" "Expo/2.24.3.1014878 CFNetwork/1333.0.4 Darwin/21.5.0"
::1 - - [29/Jun/2022:12:49:16 +0000] "GET /api/v1/transactions/user?bill=62bc41da3ce11091a7c4bac1 HTTP/1.0" 304 - "-" "Expo/2.24.3.1014878 CFNetwork/1333.0.4 Darwin/21.5.0"
::ffff:127.0.0.1 - - [29/Jun/2022:12:49:16 +0000] "GET /api/v1/bills/user?limit=1000&sort=-createdAt HTTP/1.0" 304 - "-" "Expo/2.24.3.1014878 CFNetwork/1333.0.4 Darwin/21.5.0"
::1 - - [29/Jun/2022:12:49:30 +0000] "GET /api/v1/transactions/user?bill=62bc41da3ce11091a7c4bac1 HTTP/1.0" 304 - "-" "Expo/2.24.3.1014878 CFNetwork/1333.0.4 Darwin/21.5.0"
::ffff:127.0.0.1 - - [29/Jun/2022:12:49:51 +0000] "GET /api/v1/transactions/user?bill=62bc41da3ce11091a7c4bac1 HTTP/1.0" 304 - "-" "Expo/2.24.3.1014878 CFNetwork/1333.0.4 Darwin/21.5.0"
::1 - - [29/Jun/2022:12:49:58 +0000] "GET /api/v1/transactions/user?bill=62bc41da3ce11091a7c4bac1 HTTP/1.0" 304 - "-" "Expo/2.24.3.1014878 CFNetwork/1333.0.4 Darwin/21.5.0"
::ffff:127.0.0.1 - - [29/Jun/2022:12:50:08 +0000] "GET /api/v1/transactions/user?bill=62bc41da3ce11091a7c4bac1 HTTP/1.0" 304 - "-" "Expo/2.24.3.1014878 CFNetwork/1333.0.4 Darwin/21.5.0"
::1 - - [29/Jun/2022:12:50:27 +0000] "GET /api/v1/transactions/user?bill=62bc41da3ce11091a7c4bac1 HTTP/1.0" 304 - "-" "Expo/2.24.3.1014878 CFNetwork/1333.0.4 Darwin/21.5.0"
::ffff:127.0.0.1 - - [29/Jun/2022:12:50:34 +0000] "GET /api/v1/transactions/user?bill=62bc41da3ce11091a7c4bac1 HTTP/1.0" 304 - "-" "Expo/2.24.3.1014878 CFNetwork/1333.0.4 Darwin/21.5.0"
::1 - - [29/Jun/2022:12:50:41 +0000] "GET /api/v1/transactions/user?bill=62bc41da3ce11091a7c4bac1 HTTP/1.0" 304 - "-" "Expo/2.24.3.1014878 CFNetwork/1333.0.4 Darwin/21.5.0"
::ffff:127.0.0.1 - - [29/Jun/2022:12:50:44 +0000] "GET /api/v1/transactions/user?bill=62bc41da3ce11091a7c4bac1 HTTP/1.0" 304 - "-" "Expo/2.24.3.1014878 CFNetwork/1333.0.4 Darwin/21.5.0"
::1 - - [29/Jun/2022:12:50:51 +0000] "GET /api/v1/transactions/user?bill=62bc41da3ce11091a7c4bac1 HTTP/1.0" 304 - "-" "Expo/2.24.3.1014878 CFNetwork/1333.0.4 Darwin/21.5.0"
::ffff:127.0.0.1 - - [29/Jun/2022:12:50:57 +0000] "GET /api/v1/transactions/user?bill=62bc41da3ce11091a7c4bac1 HTTP/1.0" 304 - "-" "Expo/2.24.3.1014878 CFNetwork/1333.0.4 Darwin/21.5.0"
::1 - - [29/Jun/2022:12:51:03 +0000] "GET /api/v1/transactions/user?bill=62bc41da3ce11091a7c4bac1 HTTP/1.0" 304 - "-" "Expo/2.24.3.1014878 CFNetwork/1333.0.4 Darwin/21.5.0"
::ffff:127.0.0.1 - - [29/Jun/2022:12:51:10 +0000] "GET /api/v1/transactions/user?bill=62bc41da3ce11091a7c4bac1 HTTP/1.0" 304 - "-" "Expo/2.24.3.1014878 CFNetwork/1333.0.4 Darwin/21.5.0"
::1 - - [29/Jun/2022:12:51:20 +0000] "GET /api/v1/transactions/user?bill=62bc41da3ce11091a7c4bac1 HTTP/1.0" 304 - "-" "Expo/2.24.3.1014878 CFNetwork/1333.0.4 Darwin/21.5.0"
::ffff:127.0.0.1 - - [29/Jun/2022:12:51:23 +0000] "GET /api/v1/transactions/user?bill=62bc41da3ce11091a7c4bac1 HTTP/1.0" 304 - "-" "Expo/2.24.3.1014878 CFNetwork/1333.0.4 Darwin/21.5.0"
::1 - - [29/Jun/2022:12:51:43 +0000] "GET /api/v1/transactions/user?bill=62bc41da3ce11091a7c4bac1 HTTP/1.0" 304 - "-" "Expo/2.24.3.1014878 CFNetwork/1333.0.4 Darwin/21.5.0"
::ffff:127.0.0.1 - - [29/Jun/2022:12:51:49 +0000] "GET /api/v1/transactions/user?bill=62bc41da3ce11091a7c4bac1 HTTP/1.0" 304 - "-" "Expo/2.24.3.1014878 CFNetwork/1333.0.4 Darwin/21.5.0"
::1 - - [29/Jun/2022:12:51:52 +0000] "GET /api/v1/transactions/user?bill=62bc41da3ce11091a7c4bac1 HTTP/1.0" 304 - "-" "Expo/2.24.3.1014878 CFNetwork/1333.0.4 Darwin/21.5.0"
::ffff:127.0.0.1 - - [29/Jun/2022:12:52:07 +0000] "GET /api/v1/transactions/user?bill=62bc41da3ce11091a7c4bac1 HTTP/1.0" 304 - "-" "Expo/2.24.3.1014878 CFNetwork/1333.0.4 Darwin/21.5.0"
::1 - - [29/Jun/2022:12:52:28 +0000] "GET /api/v1/transactions/user?bill=62bc41da3ce11091a7c4bac1 HTTP/1.0" 304 - "-" "Expo/2.24.3.1014878 CFNetwork/1333.0.4 Darwin/21.5.0"
::ffff:127.0.0.1 - - [29/Jun/2022:12:52:34 +0000] "GET /api/v1/transactions/user?bill=62bc41da3ce11091a7c4bac1 HTTP/1.0" 304 - "-" "Expo/2.24.3.1014878 CFNetwork/1333.0.4 Darwin/21.5.0"
::1 - - [29/Jun/2022:12:52:45 +0000] "GET /api/v1/transactions/user?bill=62bc41da3ce11091a7c4bac1 HTTP/1.0" 304 - "-" "Expo/2.24.3.1014878 CFNetwork/1333.0.4 Darwin/21.5.0"
::1 - - [29/Jun/2022:12:52:53 +0000] "GET /api/v1/transactions/user?bill=62bc41da3ce11091a7c4bac1 HTTP/1.0" 304 - "-" "Expo/2.24.3.1014878 CFNetwork/1333.0.4 Darwin/21.5.0"
::1 - - [29/Jun/2022:12:52:59 +0000] "GET /api/v1/transactions/user?bill=62bc41da3ce11091a7c4bac1 HTTP/1.0" 304 - "-" "Expo/2.24.3.1014878 CFNetwork/1333.0.4 Darwin/21.5.0"
::ffff:127.0.0.1 - - [29/Jun/2022:12:53:08 +0000] "GET /api/v1/transactions/user?bill=62bc41da3ce11091a7c4bac1 HTTP/1.0" 304 - "-" "Expo/2.24.3.1014878 CFNetwork/1333.0.4 Darwin/21.5.0"
::1 - - [29/Jun/2022:12:53:11 +0000] "GET /api/v1/transactions/user?bill=62bc41da3ce11091a7c4bac1 HTTP/1.0" 304 - "-" "Expo/2.24.3.1014878 CFNetwork/1333.0.4 Darwin/21.5.0"
::ffff:127.0.0.1 - - [29/Jun/2022:12:53:32 +0000] "GET /api/v1/bills/user?limit=1000&sort=-createdAt HTTP/1.0" 200 1144 "-" "Expo/2.24.3.1014878 CFNetwork/1333.0.4 Darwin/21.5.0"
::1 - - [29/Jun/2022:12:53:35 +0000] "GET /api/v1/transactions/user?bill=62bc35b780269b9067b3fb27 HTTP/1.0" 200 983 "-" "Expo/2.24.3.1014878 CFNetwork/1333.0.4 Darwin/21.5.0"
::ffff:127.0.0.1 - - [29/Jun/2022:12:53:35 +0000] "GET /api/v1/bills/user?limit=1000&sort=-createdAt HTTP/1.0" 304 - "-" "Expo/2.24.3.1014878 CFNetwork/1333.0.4 Darwin/21.5.0"
::1 - - [29/Jun/2022:12:53:37 +0000] "GET /api/v1/bills/user?limit=1000&sort=-createdAt HTTP/1.0" 304 - "-" "Expo/2.24.3.1014878 CFNetwork/1333.0.4 Darwin/21.5.0"
::1 - - [29/Jun/2022:12:53:38 +0000] "GET /api/v1/bills/user?limit=1000&sort=-createdAt HTTP/1.0" 304 - "-" "Expo/2.24.3.1014878 CFNetwork/1333.0.4 Darwin/21.5.0"
::ffff:127.0.0.1 - - [29/Jun/2022:12:53:38 +0000] "GET /api/v1/transactions/user?bill=62bc41da3ce11091a7c4bac1 HTTP/1.0" 200 980 "-" "Expo/2.24.3.1014878 CFNetwork/1333.0.4 Darwin/21.5.0"
::ffff:127.0.0.1 - - [29/Jun/2022:12:53:39 +0000] "GET /api/v1/bills/user?limit=1000&sort=-createdAt HTTP/1.0" 304 - "-" "Expo/2.24.3.1014878 CFNetwork/1333.0.4 Darwin/21.5.0"
::ffff:127.0.0.1 - - [29/Jun/2022:12:53:40 +0000] "GET /api/v1/bills/user?limit=1000&sort=-createdAt HTTP/1.0" 304 - "-" "Expo/2.24.3.1014878 CFNetwork/1333.0.4 Darwin/21.5.0"
::1 - - [29/Jun/2022:12:53:40 +0000] "GET /api/v1/transactions/user?bill=62bc35b780269b9067b3fb27 HTTP/1.0" 304 - "-" "Expo/2.24.3.1014878 CFNetwork/1333.0.4 Darwin/21.5.0"
::1 - - [29/Jun/2022:12:53:43 +0000] "GET /api/v1/bills/user?limit=1000&sort=-createdAt HTTP/1.0" 304 - "-" "Expo/2.24.3.1014878 CFNetwork/1333.0.4 Darwin/21.5.0"
::1 - - [29/Jun/2022:12:53:45 +0000] "GET /api/v1/bills/user?limit=1000&sort=-createdAt HTTP/1.0" 304 - "-" "Expo/2.24.3.1014878 CFNetwork/1333.0.4 Darwin/21.5.0"
::ffff:127.0.0.1 - - [29/Jun/2022:12:53:45 +0000] "GET /api/v1/transactions/user?bill=62bc41da3ce11091a7c4bac1 HTTP/1.0" 304 - "-" "Expo/2.24.3.1014878 CFNetwork/1333.0.4 Darwin/21.5.0"
::ffff:127.0.0.1 - - [29/Jun/2022:12:53:48 +0000] "GET /api/v1/bills/user?limit=1000&sort=-createdAt HTTP/1.0" 304 - "-" "Expo/2.24.3.1014878 CFNetwork/1333.0.4 Darwin/21.5.0"
::ffff:127.0.0.1 - - [29/Jun/2022:12:53:49 +0000] "GET /api/v1/bills/user?limit=1000&sort=-createdAt HTTP/1.0" 304 - "-" "Expo/2.24.3.1014878 CFNetwork/1333.0.4 Darwin/21.5.0"
::1 - - [29/Jun/2022:12:53:49 +0000] "GET /api/v1/transactions/user?bill=62bc35b780269b9067b3fb27 HTTP/1.0" 304 - "-" "Expo/2.24.3.1014878 CFNetwork/1333.0.4 Darwin/21.5.0"
::1 - - [29/Jun/2022:12:53:52 +0000] "GET /api/v1/bills/user?limit=1000&sort=-createdAt HTTP/1.0" 304 - "-" "Expo/2.24.3.1014878 CFNetwork/1333.0.4 Darwin/21.5.0"
::1 - - [29/Jun/2022:12:53:53 +0000] "GET /api/v1/bills/user?limit=1000&sort=-createdAt HTTP/1.0" 304 - "-" "Expo/2.24.3.1014878 CFNetwork/1333.0.4 Darwin/21.5.0"
::ffff:127.0.0.1 - - [29/Jun/2022:12:53:53 +0000] "GET /api/v1/transactions/user?bill=62bc41da3ce11091a7c4bac1 HTTP/1.0" 304 - "-" "Expo/2.24.3.1014878 CFNetwork/1333.0.4 Darwin/21.5.0"
::ffff:127.0.0.1 - - [29/Jun/2022:12:53:56 +0000] "GET /api/v1/bills/user?limit=1000&sort=-createdAt HTTP/1.0" 304 - "-" "Expo/2.24.3.1014878 CFNetwork/1333.0.4 Darwin/21.5.0"
::ffff:127.0.0.1 - - [29/Jun/2022:12:53:57 +0000] "GET /api/v1/bills/user?limit=1000&sort=-createdAt HTTP/1.0" 304 - "-" "Expo/2.24.3.1014878 CFNetwork/1333.0.4 Darwin/21.5.0"
::1 - - [29/Jun/2022:12:53:57 +0000] "GET /api/v1/transactions/user?bill=62bc35b780269b9067b3fb27 HTTP/1.0" 304 - "-" "Expo/2.24.3.1014878 CFNetwork/1333.0.4 Darwin/21.5.0"
::1 - - [29/Jun/2022:12:53:58 +0000] "GET /api/v1/bills/user?limit=1000&sort=-createdAt HTTP/1.0" 304 - "-" "Expo/2.24.3.1014878 CFNetwork/1333.0.4 Darwin/21.5.0"
::ffff:127.0.0.1 - - [29/Jun/2022:12:54:45 +0000] "GET / HTTP/1.0" 404 139 "-" "Mozilla/5.0 (Macintosh; Intel Mac OS X 10.11; rv:47.0) Gecko/20100101 Firefox/47.0"
::ffff:127.0.0.1 - - [29/Jun/2022:12:55:00 +0000] "GET /api/v1/bills/user?limit=1000&sort=-createdAt HTTP/1.0" 304 - "-" "Expo/2.24.3.1014878 CFNetwork/1333.0.4 Darwin/21.5.0"
::1 - - [29/Jun/2022:12:55:00 +0000] "GET /api/v1/transactions/user?bill=62bc41eb3ce11091a7c4baf1 HTTP/1.0" 200 983 "-" "Expo/2.24.3.1014878 CFNetwork/1333.0.4 Darwin/21.5.0"
::1 - - [29/Jun/2022:12:55:10 +0000] "GET /api/v1/bills/user?limit=1000&sort=-createdAt HTTP/1.0" 304 - "-" "Expo/2.24.3.1014878 CFNetwork/1333.0.4 Darwin/21.5.0"
::1 - - [29/Jun/2022:12:55:19 +0000] "GET /api/v1/transactions/basket?limit=100&sort=-createdAt HTTP/1.0" 200 107 "-" "Expo/2.24.3.1014878 CFNetwork/1333.0.4 Darwin/21.5.0"
::ffff:127.0.0.1 - - [29/Jun/2022:12:55:19 +0000] "GET /api/v1/goods/user?limit=100 HTTP/1.0" 304 - "-" "Expo/2.24.3.1014878 CFNetwork/1333.0.4 Darwin/21.5.0"
::ffff:127.0.0.1 - - [29/Jun/2022:12:55:19 +0000] "GET /api/v1/bills/user?limit=1000&sort=-createdAt HTTP/1.0" 304 - "-" "Expo/2.24.3.1014878 CFNetwork/1333.0.4 Darwin/21.5.0"
::1 - - [29/Jun/2022:12:55:49 +0000] "POST /api/v1/transactions HTTP/1.0" 200 256 "-" "Expo/2.24.3.1014878 CFNetwork/1333.0.4 Darwin/21.5.0"
::ffff:127.0.0.1 - - [29/Jun/2022:12:55:49 +0000] "GET /api/v1/transactions/basket?limit=100&sort=-createdAt HTTP/1.0" 200 438 "-" "Expo/2.24.3.1014878 CFNetwork/1333.0.4 Darwin/21.5.0"
::1 - - [29/Jun/2022:12:55:49 +0000] "GET /api/v1/transactions/basket?limit=100&sort=-createdAt HTTP/1.0" 200 438 "-" "Expo/2.24.3.1014878 CFNetwork/1333.0.4 Darwin/21.5.0"
::ffff:127.0.0.1 - - [29/Jun/2022:12:55:54 +0000] "POST /api/v1/bills/drain HTTP/1.0" 400 140 "-" "Expo/2.24.3.1014878 CFNetwork/1333.0.4 Darwin/21.5.0"
::1 - - [29/Jun/2022:12:56:53 +0000] "POST /api/v1/bills/drain HTTP/1.0" 400 140 "-" "Expo/2.24.3.1014878 CFNetwork/1333.0.4 Darwin/21.5.0"
::ffff:127.0.0.1 - - [29/Jun/2022:12:56:59 +0000] "POST /api/v1/bills/drain HTTP/1.0" 400 140 "-" "Expo/2.24.3.1014878 CFNetwork/1333.0.4 Darwin/21.5.0"
::1 - - [29/Jun/2022:12:57:09 +0000] "DELETE /api/v1/transactions/62bc4bd585a9c396eaf05ecb HTTP/1.0" 200 256 "-" "Expo/2.24.3.1014878 CFNetwork/1333.0.4 Darwin/21.5.0"
::ffff:127.0.0.1 - - [29/Jun/2022:12:57:10 +0000] "GET /api/v1/transactions/basket?limit=100&sort=-createdAt HTTP/1.0" 200 107 "-" "Expo/2.24.3.1014878 CFNetwork/1333.0.4 Darwin/21.5.0"
::1 - - [29/Jun/2022:12:57:10 +0000] "GET /api/v1/transactions/basket?limit=100&sort=-createdAt HTTP/1.0" 200 107 "-" "Expo/2.24.3.1014878 CFNetwork/1333.0.4 Darwin/21.5.0"
::1 - - [29/Jun/2022:12:57:11 +0000] "GET /api/v1/transactions/basket?limit=100&sort=-createdAt HTTP/1.0" 304 - "-" "Expo/2.24.3.1014878 CFNetwork/1333.0.4 Darwin/21.5.0"
::ffff:127.0.0.1 - - [29/Jun/2022:12:57:11 +0000] "GET /api/v1/goods/user?limit=100 HTTP/1.0" 304 - "-" "Expo/2.24.3.1014878 CFNetwork/1333.0.4 Darwin/21.5.0"
::ffff:127.0.0.1 - - [29/Jun/2022:12:57:12 +0000] "GET /api/v1/bills/user?limit=1000&sort=-createdAt HTTP/1.0" 200 1855 "-" "Expo/2.24.3.1014878 CFNetwork/1333.0.4 Darwin/21.5.0"
::1 - - [29/Jun/2022:12:58:18 +0000] "GET /api/v1/bills/user?limit=1000&sort=-createdAt HTTP/1.0" 304 - "-" "Expo/2.24.3.1014878 CFNetwork/1333.0.4 Darwin/21.5.0"
::ffff:127.0.0.1 - - [29/Jun/2022:12:58:19 +0000] "GET /api/v1/bills/user?limit=1000&sort=-createdAt HTTP/1.0" 304 - "-" "Expo/2.24.3.1014878 CFNetwork/1333.0.4 Darwin/21.5.0"
