::ffff:127.0.0.1 - - [13/Sep/2022:00:30:44 +0000] "GET / HTTP/1.0" 404 139 "foobartest.com" "FooBarTest"
::1 - - [13/Sep/2022:01:06:47 +0000] "GET / HTTP/1.0" 404 139 "-" "Mozilla/5.0 (Windows NT 10.0; Win64; x64) AppleWebKit/537.36 (KHTML, like Gecko) Chrome/90.0.4430.85 Safari/537.36 Edg/90.0.818.46"
::ffff:127.0.0.1 - - [13/Sep/2022:01:11:20 +0000] "GET / HTTP/1.0" 404 139 "-" "Mozilla/5.0 (Windows NT 6.1) AppleWebKit/537.36 (KHTML, like Gecko) Chrome/41.0.2228.0 Safari/537.36"
::1 - - [13/Sep/2022:01:11:21 +0000] "GET /robots.txt HTTP/1.0" 404 149 "-" "-"
::ffff:127.0.0.1 - - [13/Sep/2022:01:11:22 +0000] "GET /sitemap.xml HTTP/1.0" 404 150 "-" "-"
::1 - - [13/Sep/2022:01:11:22 +0000] "GET /.well-known/security.txt HTTP/1.0" 404 163 "-" "-"
::ffff:127.0.0.1 - - [13/Sep/2022:01:11:24 +0000] "GET /favicon.ico HTTP/1.0" 404 150 "-" "Mozilla/5.0 (Macintosh; Intel Mac OS X 10.15; rv:80.0) Gecko/20100101 Firefox/80.0"
::1 - - [13/Sep/2022:01:51:26 +0000] "POST / HTTP/1.0" 404 140 "-" "Mozilla/5.0 (X11; Linux x86_64) AppleWebKit/537.36 (KHTML, like Gecko) Chrome/81.0.4044.129 Safari/537.36"
::ffff:127.0.0.1 - - [13/Sep/2022:01:51:26 +0000] "GET /.env HTTP/1.0" 404 143 "-" "Mozilla/5.0 (X11; Linux x86_64) AppleWebKit/537.36 (KHTML, like Gecko) Chrome/81.0.4044.129 Safari/537.36"
::1 - - [13/Sep/2022:02:04:42 +0000] "GET /.env HTTP/1.0" 404 143 "-" "Mozilla/5.0 (X11; Linux x86_64) AppleWebKit/537.36 (KHTML, like Gecko) Chrome/81.0.4044.129 Safari/537.36"
::ffff:127.0.0.1 - - [13/Sep/2022:02:04:42 +0000] "POST / HTTP/1.0" 404 140 "-" "Mozilla/5.0 (X11; Linux x86_64) AppleWebKit/537.36 (KHTML, like Gecko) Chrome/81.0.4044.129 Safari/537.36"
::1 - - [13/Sep/2022:02:12:14 +0000] "GET / HTTP/1.0" 404 139 "-" "-"
::ffff:127.0.0.1 - - [13/Sep/2022:02:42:55 +0000] "POST / HTTP/1.0" 404 140 "-" "Mozilla/5.0 (X11; Linux x86_64) AppleWebKit/537.36 (KHTML, like Gecko) Chrome/81.0.4044.129 Safari/537.36"
::1 - - [13/Sep/2022:02:42:55 +0000] "GET /.env HTTP/1.0" 404 143 "-" "Mozilla/5.0 (X11; Linux x86_64) AppleWebKit/537.36 (KHTML, like Gecko) Chrome/81.0.4044.129 Safari/537.36"
::ffff:127.0.0.1 - - [13/Sep/2022:02:59:13 +0000] "GET /rb/getip.php?Z75392122862Q1 HTTP/1.0" 404 151 "https://google.com/" "Mozilla/5.0 (Windows NT 6.1; rv:16.0) Gecko/20100101 Firefox/16.0 (+https://best-proxies.ru/faq/#from)"
::1 - - [13/Sep/2022:03:00:14 +0000] "POST / HTTP/1.0" 404 140 "-" "Mozilla/5.0 (X11; Linux x86_64) AppleWebKit/537.36 (KHTML, like Gecko) Chrome/81.0.4044.129 Safari/537.36"
::ffff:127.0.0.1 - - [13/Sep/2022:03:00:15 +0000] "GET /.env HTTP/1.0" 404 143 "-" "Mozilla/5.0 (X11; Linux x86_64) AppleWebKit/537.36 (KHTML, like Gecko) Chrome/81.0.4044.129 Safari/537.36"
::1 - - [13/Sep/2022:03:03:34 +0000] "GET / HTTP/1.0" 404 139 "-" "Mozilla/5.0 (Windows NT 10.0; Win64; x64) AppleWebKit/537.36 (KHTML, like Gecko) Chrome/60.0.3112.113 Safari/537.36"
::ffff:127.0.0.1 - - [13/Sep/2022:03:03:35 +0000] "GET /showLogin.cc HTTP/1.0" 404 151 "-" "Mozilla/5.0 (Windows NT 10.0; Win64; x64) AppleWebKit/537.36 (KHTML, like Gecko) Chrome/60.0.3112.113 Safari/537.36"
::1 - - [13/Sep/2022:03:32:49 +0000] "GET / HTTP/1.0" 404 139 "-" "Go-http-client/1.1"
::ffff:127.0.0.1 - - [13/Sep/2022:03:42:46 +0000] "GET / HTTP/1.0" 404 139 "-" "-"
::1 - - [13/Sep/2022:03:59:47 +0000] "GET /?XDEBUG_SESSION_START=phpstorm HTTP/1.0" 404 139 "-" "Mozilla/5.0 (Windows NT 10.0; Win64; x64) AppleWebKit/537.36 (KHTML, like Gecko) Chrome/78.0.3904.108 Safari/537.36"
::ffff:127.0.0.1 - - [13/Sep/2022:04:50:33 +0000] "POST / HTTP/1.0" 404 140 "-" "Mozilla/5.0 (X11; Linux x86_64) AppleWebKit/537.36 (KHTML, like Gecko) Chrome/81.0.4044.129 Safari/537.36"
::1 - - [13/Sep/2022:04:50:33 +0000] "GET /.env HTTP/1.0" 404 143 "-" "Mozilla/5.0 (X11; Linux x86_64) AppleWebKit/537.36 (KHTML, like Gecko) Chrome/81.0.4044.129 Safari/537.36"
::ffff:127.0.0.1 - - [13/Sep/2022:05:04:08 +0000] "POST / HTTP/1.0" 404 140 "-" "Mozilla/5.0 (X11; Linux x86_64) AppleWebKit/537.36 (KHTML, like Gecko) Chrome/81.0.4044.129 Safari/537.36"
::1 - - [13/Sep/2022:05:04:08 +0000] "GET /.env HTTP/1.0" 404 143 "-" "Mozilla/5.0 (X11; Linux x86_64) AppleWebKit/537.36 (KHTML, like Gecko) Chrome/81.0.4044.129 Safari/537.36"
::ffff:127.0.0.1 - - [13/Sep/2022:05:05:03 +0000] "GET /.env HTTP/1.0" 404 143 "-" "Mozilla/5.0 (X11; Linux x86_64) AppleWebKit/537.36 (KHTML, like Gecko) Chrome/81.0.4044.129 Safari/537.36"
::1 - - [13/Sep/2022:05:05:04 +0000] "POST / HTTP/1.0" 404 140 "-" "Mozilla/5.0 (X11; Linux x86_64) AppleWebKit/537.36 (KHTML, like Gecko) Chrome/81.0.4044.129 Safari/537.36"
::ffff:127.0.0.1 - - [13/Sep/2022:05:17:35 +0000] "GET /actuator/gateway/routes HTTP/1.0" 404 162 "-" "Mozilla/5.0 (Windows NT 10.0; Win64; x64) AppleWebKit/537.36 (KHTML, like Gecko) Chrome/78.0.3904.108 Safari/537.36"
::1 - - [13/Sep/2022:05:17:52 +0000] "GET / HTTP/1.0" 404 139 "-" "Go-http-client/1.1"
::ffff:127.0.0.1 - - [13/Sep/2022:06:05:32 +0000] "POST / HTTP/1.0" 404 140 "-" "Mozilla/5.0 (X11; Linux x86_64) AppleWebKit/537.36 (KHTML, like Gecko) Chrome/81.0.4044.129 Safari/537.36"
::1 - - [13/Sep/2022:06:05:33 +0000] "GET /.env HTTP/1.0" 404 143 "-" "Mozilla/5.0 (X11; Linux x86_64) AppleWebKit/537.36 (KHTML, like Gecko) Chrome/81.0.4044.129 Safari/537.36"
::ffff:127.0.0.1 - - [13/Sep/2022:06:28:56 +0000] "GET / HTTP/1.0" 404 139 "foobartest.com" "FooBarTest"
::1 - - [13/Sep/2022:06:30:36 +0000] "GET / HTTP/1.0" 404 139 "-" "Mozilla/5.0 zgrab/0.x"
::1 - - [13/Sep/2022:07:03:04 +0000] "GET /.env HTTP/1.0" 404 143 "-" "Mozilla/5.0 (X11; Linux x86_64) AppleWebKit/537.36 (KHTML, like Gecko) Chrome/81.0.4044.129 Safari/537.36"
::ffff:127.0.0.1 - - [13/Sep/2022:07:03:05 +0000] "POST / HTTP/1.0" 404 140 "-" "Mozilla/5.0 (X11; Linux x86_64) AppleWebKit/537.36 (KHTML, like Gecko) Chrome/81.0.4044.129 Safari/537.36"
::1 - - [13/Sep/2022:07:26:37 +0000] "GET / HTTP/1.0" 404 139 "-" "Mozilla/5.0 (Macintosh; Intel Mac OS X 10_11_6) AppleWebKit/601.7.7 (KHTML, like Gecko) Version/9.1.2 Safari/601.7.7"
::ffff:127.0.0.1 - - [13/Sep/2022:07:30:32 +0000] "POST / HTTP/1.0" 404 140 "-" "Mozilla/5.0 (X11; Linux x86_64) AppleWebKit/537.36 (KHTML, like Gecko) Chrome/81.0.4044.129 Safari/537.36"
::1 - - [13/Sep/2022:07:30:33 +0000] "GET /.env HTTP/1.0" 404 143 "-" "Mozilla/5.0 (X11; Linux x86_64) AppleWebKit/537.36 (KHTML, like Gecko) Chrome/81.0.4044.129 Safari/537.36"
::ffff:127.0.0.1 - - [13/Sep/2022:08:04:12 +0000] "GET /.env HTTP/1.0" 404 143 "-" "Mozilla/5.0 (X11; Linux x86_64) AppleWebKit/537.36 (KHTML, like Gecko) Chrome/81.0.4044.129 Safari/537.36"
::1 - - [13/Sep/2022:08:04:13 +0000] "POST / HTTP/1.0" 404 140 "-" "Mozilla/5.0 (X11; Linux x86_64) AppleWebKit/537.36 (KHTML, like Gecko) Chrome/81.0.4044.129 Safari/537.36"
::ffff:127.0.0.1 - - [13/Sep/2022:08:54:49 +0000] "GET /.env HTTP/1.0" 404 143 "-" "Mozilla/5.0 (X11; Linux x86_64) AppleWebKit/537.36 (KHTML, like Gecko) Chrome/81.0.4044.129 Safari/537.36"
::1 - - [13/Sep/2022:08:54:50 +0000] "POST / HTTP/1.0" 404 140 "-" "Mozilla/5.0 (X11; Linux x86_64) AppleWebKit/537.36 (KHTML, like Gecko) Chrome/81.0.4044.129 Safari/537.36"
::ffff:127.0.0.1 - - [13/Sep/2022:08:55:44 +0000] "POST / HTTP/1.0" 404 140 "-" "Mozilla/5.0 (X11; Linux x86_64) AppleWebKit/537.36 (KHTML, like Gecko) Chrome/81.0.4044.129 Safari/537.36"
::1 - - [13/Sep/2022:08:55:44 +0000] "GET /.env HTTP/1.0" 404 143 "-" "Mozilla/5.0 (X11; Linux x86_64) AppleWebKit/537.36 (KHTML, like Gecko) Chrome/81.0.4044.129 Safari/537.36"
::ffff:127.0.0.1 - - [13/Sep/2022:09:24:11 +0000] "GET /.git/config HTTP/1.0" 404 150 "-" "Mozlila/5.0 (Linux; Android 7.0; SM-G892A Bulid/NRD90M; wv) AppleWebKit/537.36 (KHTML, like Gecko) Version/4.0 Chrome/60.0.3112.107 Moblie Safari/537.36"
::1 - - [13/Sep/2022:09:32:36 +0000] "POST / HTTP/1.0" 404 140 "-" "Mozilla/5.0 (X11; Linux x86_64) AppleWebKit/537.36 (KHTML, like Gecko) Chrome/81.0.4044.129 Safari/537.36"
::ffff:127.0.0.1 - - [13/Sep/2022:09:32:36 +0000] "GET /.env HTTP/1.0" 404 143 "-" "Mozilla/5.0 (X11; Linux x86_64) AppleWebKit/537.36 (KHTML, like Gecko) Chrome/81.0.4044.129 Safari/537.36"
::1 - - [13/Sep/2022:10:07:28 +0000] "POST / HTTP/1.0" 404 140 "-" "Mozilla/5.0 (X11; Linux x86_64) AppleWebKit/537.36 (KHTML, like Gecko) Chrome/81.0.4044.129 Safari/537.36"
::ffff:127.0.0.1 - - [13/Sep/2022:10:07:31 +0000] "GET /.env HTTP/1.0" 404 143 "-" "Mozilla/5.0 (X11; Linux x86_64) AppleWebKit/537.36 (KHTML, like Gecko) Chrome/81.0.4044.129 Safari/537.36"
::1 - - [13/Sep/2022:11:05:12 +0000] "GET /.env HTTP/1.0" 404 143 "-" "Mozilla/5.0 (X11; Linux x86_64) AppleWebKit/537.36 (KHTML, like Gecko) Chrome/81.0.4044.129 Safari/537.36"
::ffff:127.0.0.1 - - [13/Sep/2022:11:05:13 +0000] "POST / HTTP/1.0" 404 140 "-" "Mozilla/5.0 (X11; Linux x86_64) AppleWebKit/537.36 (KHTML, like Gecko) Chrome/81.0.4044.129 Safari/537.36"
::1 - - [13/Sep/2022:11:33:31 +0000] "POST / HTTP/1.0" 404 140 "-" "Mozilla/5.0 (X11; Linux x86_64) AppleWebKit/537.36 (KHTML, like Gecko) Chrome/81.0.4044.129 Safari/537.36"
::ffff:127.0.0.1 - - [13/Sep/2022:11:33:31 +0000] "GET /.env HTTP/1.0" 404 143 "-" "Mozilla/5.0 (X11; Linux x86_64) AppleWebKit/537.36 (KHTML, like Gecko) Chrome/81.0.4044.129 Safari/537.36"
::1 - - [13/Sep/2022:11:51:55 +0000] "GET / HTTP/1.0" 404 139 "-" "Mozilla/5.0 (Windows NT 10.0; WOW64) AppleWebKit/537.36 (KHTML, like Gecko) Chrome/52.0.2743.116 Safari/537.36"
::ffff:127.0.0.1 - - [13/Sep/2022:12:00:24 +0000] "GET / HTTP/1.0" 404 139 "-" "Mozilla/5.0 (Windows NT 10.0; Win64; x64) AppleWebKit/537.36 (KHTML, like Gecko) Chrome/60.0.3112.113 Safari/537.36"
::1 - - [13/Sep/2022:12:03:09 +0000] "POST / HTTP/1.0" 404 140 "-" "Mozilla/5.0 (X11; Linux x86_64) AppleWebKit/537.36 (KHTML, like Gecko) Chrome/81.0.4044.129 Safari/537.36"
::ffff:127.0.0.1 - - [13/Sep/2022:12:03:10 +0000] "GET /.env HTTP/1.0" 404 143 "-" "Mozilla/5.0 (X11; Linux x86_64) AppleWebKit/537.36 (KHTML, like Gecko) Chrome/81.0.4044.129 Safari/537.36"
::1 - - [13/Sep/2022:12:04:47 +0000] "GET /.env HTTP/1.0" 404 143 "-" "Mozilla/5.0 (X11; Linux x86_64) AppleWebKit/537.36 (KHTML, like Gecko) Chrome/81.0.4044.129 Safari/537.36"
::ffff:127.0.0.1 - - [13/Sep/2022:12:04:47 +0000] "GET /core/.env HTTP/1.0" 404 148 "-" "Mozilla/5.0 (X11; Linux x86_64) AppleWebKit/537.36 (KHTML, like Gecko) Chrome/81.0.4044.129 Safari/537.36"
::1 - - [13/Sep/2022:12:04:47 +0000] "GET /app/.env HTTP/1.0" 404 147 "-" "Mozilla/5.0 (X11; Linux x86_64) AppleWebKit/537.36 (KHTML, like Gecko) Chrome/81.0.4044.129 Safari/537.36"
::ffff:127.0.0.1 - - [13/Sep/2022:12:04:48 +0000] "GET /public/.env HTTP/1.0" 404 150 "-" "Mozilla/5.0 (X11; Linux x86_64) AppleWebKit/537.36 (KHTML, like Gecko) Chrome/81.0.4044.129 Safari/537.36"
::1 - - [13/Sep/2022:12:04:48 +0000] "GET /vendor/.env HTTP/1.0" 404 150 "-" "Mozilla/5.0 (X11; Linux x86_64) AppleWebKit/537.36 (KHTML, like Gecko) Chrome/81.0.4044.129 Safari/537.36"
::ffff:127.0.0.1 - - [13/Sep/2022:12:04:48 +0000] "GET /laravel/.env HTTP/1.0" 404 151 "-" "Mozilla/5.0 (X11; Linux x86_64) AppleWebKit/537.36 (KHTML, like Gecko) Chrome/81.0.4044.129 Safari/537.36"
::1 - - [13/Sep/2022:12:04:48 +0000] "GET /database/.env HTTP/1.0" 404 152 "-" "Mozilla/5.0 (X11; Linux x86_64) AppleWebKit/537.36 (KHTML, like Gecko) Chrome/81.0.4044.129 Safari/537.36"
::ffff:127.0.0.1 - - [13/Sep/2022:12:04:48 +0000] "GET /data/.env HTTP/1.0" 404 148 "-" "Mozilla/5.0 (X11; Linux x86_64) AppleWebKit/537.36 (KHTML, like Gecko) Chrome/81.0.4044.129 Safari/537.36"
::1 - - [13/Sep/2022:12:04:48 +0000] "GET /prod/.env HTTP/1.0" 404 148 "-" "Mozilla/5.0 (X11; Linux x86_64) AppleWebKit/537.36 (KHTML, like Gecko) Chrome/81.0.4044.129 Safari/537.36"
::ffff:127.0.0.1 - - [13/Sep/2022:12:17:01 +0000] "GET / HTTP/1.0" 404 139 "foobartest.com" "FooBarTest"
::1 - - [13/Sep/2022:12:33:17 +0000] "GET / HTTP/1.0" 404 139 "-" "<title>(.*?)</title>"
::ffff:127.0.0.1 - - [13/Sep/2022:13:19:51 +0000] "GET /api/v1/transactions/basket?limit=100&sort=-createdAt HTTP/1.0" 200 122 "-" "okhttp/4.9.2"
::1 - - [13/Sep/2022:13:19:51 +0000] "GET /api/v1/categories HTTP/1.0" 304 - "-" "okhttp/4.9.2"
::ffff:127.0.0.1 - - [13/Sep/2022:13:19:51 +0000] "GET /api/v1/goods/user?limit=100 HTTP/1.0" 200 4793 "-" "okhttp/4.9.2"
::ffff:127.0.0.1 - - [13/Sep/2022:13:20:04 +0000] "GET /api/v1/transactions/basket?limit=100&sort=-createdAt HTTP/1.0" 304 - "-" "okhttp/4.9.2"
::1 - - [13/Sep/2022:13:20:04 +0000] "GET /api/v1/goods/user?limit=100 HTTP/1.0" 304 - "-" "okhttp/4.9.2"
::1 - - [13/Sep/2022:13:20:10 +0000] "GET /api/v1/goods/user?limit=100 HTTP/1.0" 304 - "-" "okhttp/4.9.2"
::ffff:127.0.0.1 - - [13/Sep/2022:13:20:12 +0000] "GET /api/v1/templates?createUser=62f2688099e2a94b91d43777 HTTP/1.0" 304 - "-" "okhttp/4.9.2"
::1 - - [13/Sep/2022:13:20:12 +0000] "GET /api/v1/goods/user?limit=100 HTTP/1.0" 304 - "-" "okhttp/4.9.2"
::1 - - [13/Sep/2022:13:20:14 +0000] "GET /api/v1/transactions/basket?limit=100&sort=-createdAt HTTP/1.0" 304 - "-" "okhttp/4.9.2"
::ffff:127.0.0.1 - - [13/Sep/2022:13:20:14 +0000] "GET /api/v1/templates?createUser=62f2688099e2a94b91d43777 HTTP/1.0" 304 - "-" "okhttp/4.9.2"
::ffff:127.0.0.1 - - [13/Sep/2022:13:20:14 +0000] "GET /api/v1/goods/user?limit=100 HTTP/1.0" 304 - "-" "okhttp/4.9.2"
::ffff:127.0.0.1 - - [13/Sep/2022:13:20:20 +0000] "GET /api/v1/transactions/basket?limit=100&sort=-createdAt HTTP/1.0" 304 - "-" "okhttp/4.9.2"
::1 - - [13/Sep/2022:13:20:20 +0000] "GET /api/v1/goods/user?limit=100 HTTP/1.0" 304 - "-" "okhttp/4.9.2"
::1 - - [13/Sep/2022:13:20:20 +0000] "GET /api/v1/goods/user?limit=100 HTTP/1.0" 304 - "-" "okhttp/4.9.2"
::ffff:127.0.0.1 - - [13/Sep/2022:13:20:24 +0000] "GET /api/v1/goods/user?limit=100 HTTP/1.0" 304 - "-" "okhttp/4.9.2"
::ffff:127.0.0.1 - - [13/Sep/2022:13:20:25 +0000] "GET /api/v1/transactions/basket?limit=100&sort=-createdAt HTTP/1.0" 304 - "-" "okhttp/4.9.2"
::1 - - [13/Sep/2022:13:20:26 +0000] "GET /api/v1/goods/user?limit=100 HTTP/1.0" 304 - "-" "okhttp/4.9.2"
::ffff:127.0.0.1 - - [13/Sep/2022:13:20:27 +0000] "GET /api/v1/transactions/basket?limit=100&sort=-createdAt HTTP/1.0" 304 - "-" "okhttp/4.9.2"
::1 - - [13/Sep/2022:13:20:27 +0000] "GET /api/v1/goods/user?limit=100 HTTP/1.0" 304 - "-" "okhttp/4.9.2"
::1 - - [13/Sep/2022:13:20:27 +0000] "GET /api/v1/goods/user?limit=100 HTTP/1.0" 304 - "-" "okhttp/4.9.2"
::ffff:127.0.0.1 - - [13/Sep/2022:13:20:28 +0000] "GET /api/v1/goods/user?limit=100 HTTP/1.0" 304 - "-" "okhttp/4.9.2"
::1 - - [13/Sep/2022:13:20:29 +0000] "GET /api/v1/templates?createUser=62f2688099e2a94b91d43777 HTTP/1.0" 304 - "-" "okhttp/4.9.2"
::ffff:127.0.0.1 - - [13/Sep/2022:13:20:30 +0000] "GET /api/v1/users/62f2688099e2a94b91d43777 HTTP/1.0" 304 - "-" "okhttp/4.9.2"
::1 - - [13/Sep/2022:13:20:30 +0000] "GET /api/v1/templates?createUser=62f2688099e2a94b91d43777 HTTP/1.0" 304 - "-" "okhttp/4.9.2"
::1 - - [13/Sep/2022:13:20:32 +0000] "GET /api/v1/transactions/basket?limit=100&sort=-createdAt HTTP/1.0" 304 - "-" "okhttp/4.9.2"
::ffff:127.0.0.1 - - [13/Sep/2022:13:20:32 +0000] "GET /api/v1/goods/user?limit=100 HTTP/1.0" 304 - "-" "okhttp/4.9.2"
::1 - - [13/Sep/2022:13:20:33 +0000] "GET /api/v1/transactions/basket?limit=100&sort=-createdAt HTTP/1.0" 304 - "-" "okhttp/4.9.2"
::ffff:127.0.0.1 - - [13/Sep/2022:13:20:33 +0000] "GET /api/v1/goods/user?limit=100 HTTP/1.0" 304 - "-" "okhttp/4.9.2"
::ffff:127.0.0.1 - - [13/Sep/2022:13:20:33 +0000] "GET /api/v1/goods/user?limit=100 HTTP/1.0" 304 - "-" "okhttp/4.9.2"
::1 - - [13/Sep/2022:13:20:34 +0000] "GET /api/v1/goods/user?limit=100 HTTP/1.0" 304 - "-" "okhttp/4.9.2"
::ffff:127.0.0.1 - - [13/Sep/2022:13:20:35 +0000] "GET /api/v1/templates?createUser=62f2688099e2a94b91d43777 HTTP/1.0" 304 - "-" "okhttp/4.9.2"
::1 - - [13/Sep/2022:13:20:37 +0000] "GET /api/v1/templates?createUser=62f2688099e2a94b91d43777 HTTP/1.0" 304 - "-" "okhttp/4.9.2"
::ffff:127.0.0.1 - - [13/Sep/2022:13:20:37 +0000] "GET /api/v1/goods/user?limit=100 HTTP/1.0" 304 - "-" "okhttp/4.9.2"
::ffff:127.0.0.1 - - [13/Sep/2022:13:20:38 +0000] "GET /api/v1/transactions/basket?limit=100&sort=-createdAt HTTP/1.0" 304 - "-" "okhttp/4.9.2"
::1 - - [13/Sep/2022:13:20:38 +0000] "GET /api/v1/goods/user?limit=100 HTTP/1.0" 304 - "-" "okhttp/4.9.2"
::1 - - [13/Sep/2022:13:20:38 +0000] "GET /api/v1/goods/user?limit=100 HTTP/1.0" 304 - "-" "okhttp/4.9.2"
::ffff:127.0.0.1 - - [13/Sep/2022:13:20:39 +0000] "GET /api/v1/transactions/basket?limit=100&sort=-createdAt HTTP/1.0" 304 - "-" "okhttp/4.9.2"
::ffff:127.0.0.1 - - [13/Sep/2022:13:20:39 +0000] "GET /api/v1/goods/user?limit=100 HTTP/1.0" 304 - "-" "okhttp/4.9.2"
::1 - - [13/Sep/2022:13:20:39 +0000] "GET /api/v1/goods/user?limit=100 HTTP/1.0" 304 - "-" "okhttp/4.9.2"
::1 - - [13/Sep/2022:13:20:40 +0000] "GET /api/v1/goods/user?limit=100 HTTP/1.0" 304 - "-" "okhttp/4.9.2"
::ffff:127.0.0.1 - - [13/Sep/2022:13:20:40 +0000] "GET /api/v1/templates?createUser=62f2688099e2a94b91d43777 HTTP/1.0" 304 - "-" "okhttp/4.9.2"
::1 - - [13/Sep/2022:13:20:41 +0000] "GET /api/v1/templates?createUser=62f2688099e2a94b91d43777 HTTP/1.0" 304 - "-" "okhttp/4.9.2"
::1 - - [13/Sep/2022:13:20:42 +0000] "GET /api/v1/transactions/basket?limit=100&sort=-createdAt HTTP/1.0" 304 - "-" "okhttp/4.9.2"
::ffff:127.0.0.1 - - [13/Sep/2022:13:20:42 +0000] "GET /api/v1/goods/user?limit=100 HTTP/1.0" 304 - "-" "okhttp/4.9.2"
::1 - - [13/Sep/2022:13:20:43 +0000] "GET /api/v1/transactions/basket?limit=100&sort=-createdAt HTTP/1.0" 304 - "-" "okhttp/4.9.2"
::ffff:127.0.0.1 - - [13/Sep/2022:13:20:43 +0000] "GET /api/v1/goods/user?limit=100 HTTP/1.0" 304 - "-" "okhttp/4.9.2"
::ffff:127.0.0.1 - - [13/Sep/2022:13:20:43 +0000] "GET /api/v1/goods/user?limit=100 HTTP/1.0" 304 - "-" "okhttp/4.9.2"
::1 - - [13/Sep/2022:13:20:43 +0000] "GET /api/v1/goods/user?limit=100 HTTP/1.0" 304 - "-" "okhttp/4.9.2"
::ffff:127.0.0.1 - - [13/Sep/2022:13:20:43 +0000] "GET /api/v1/templates?createUser=62f2688099e2a94b91d43777 HTTP/1.0" 304 - "-" "okhttp/4.9.2"
::1 - - [13/Sep/2022:13:20:44 +0000] "GET /api/v1/templates?createUser=62f2688099e2a94b91d43777 HTTP/1.0" 304 - "-" "okhttp/4.9.2"
::1 - - [13/Sep/2022:13:20:45 +0000] "GET /api/v1/transactions/basket?limit=100&sort=-createdAt HTTP/1.0" 304 - "-" "okhttp/4.9.2"
::ffff:127.0.0.1 - - [13/Sep/2022:13:20:45 +0000] "GET /api/v1/goods/user?limit=100 HTTP/1.0" 304 - "-" "okhttp/4.9.2"
::1 - - [13/Sep/2022:13:20:46 +0000] "GET /api/v1/transactions/basket?limit=100&sort=-createdAt HTTP/1.0" 304 - "-" "okhttp/4.9.2"
::ffff:127.0.0.1 - - [13/Sep/2022:13:20:46 +0000] "GET /api/v1/goods/user?limit=100 HTTP/1.0" 304 - "-" "okhttp/4.9.2"
::ffff:127.0.0.1 - - [13/Sep/2022:13:20:46 +0000] "GET /api/v1/goods/user?limit=100 HTTP/1.0" 304 - "-" "okhttp/4.9.2"
::1 - - [13/Sep/2022:13:20:46 +0000] "GET /api/v1/goods/user?limit=100 HTTP/1.0" 304 - "-" "okhttp/4.9.2"
::ffff:127.0.0.1 - - [13/Sep/2022:13:20:48 +0000] "GET /api/v1/templates?createUser=62f2688099e2a94b91d43777 HTTP/1.0" 304 - "-" "okhttp/4.9.2"
::1 - - [13/Sep/2022:13:20:50 +0000] "GET /api/v1/templates?createUser=62f2688099e2a94b91d43777 HTTP/1.0" 304 - "-" "okhttp/4.9.2"
::1 - - [13/Sep/2022:13:20:52 +0000] "GET /api/v1/transactions/basket?limit=100&sort=-createdAt HTTP/1.0" 304 - "-" "okhttp/4.9.2"
::ffff:127.0.0.1 - - [13/Sep/2022:13:20:52 +0000] "GET /api/v1/goods/user?limit=100 HTTP/1.0" 304 - "-" "okhttp/4.9.2"
::1 - - [13/Sep/2022:13:20:56 +0000] "GET /api/v1/transactions/basket?limit=100&sort=-createdAt HTTP/1.0" 304 - "-" "okhttp/4.9.2"
::ffff:127.0.0.1 - - [13/Sep/2022:13:20:56 +0000] "GET /api/v1/goods/user?limit=100 HTTP/1.0" 304 - "-" "okhttp/4.9.2"
::ffff:127.0.0.1 - - [13/Sep/2022:13:20:56 +0000] "GET /api/v1/goods/user?limit=100 HTTP/1.0" 304 - "-" "okhttp/4.9.2"
::1 - - [13/Sep/2022:13:20:57 +0000] "GET /api/v1/goods/user?limit=100 HTTP/1.0" 304 - "-" "okhttp/4.9.2"
::ffff:127.0.0.1 - - [13/Sep/2022:13:21:01 +0000] "GET /api/v1/transactions/profit HTTP/1.0" 304 - "-" "okhttp/4.9.2"
::1 - - [13/Sep/2022:13:21:02 +0000] "GET /api/v1/bills/debt?type=%D0%9E%D1%80%D0%BB%D0%BE%D0%B3%D0%BE HTTP/1.0" 200 606 "-" "okhttp/4.9.2"
::ffff:127.0.0.1 - - [13/Sep/2022:13:21:05 +0000] "GET /api/v1/bills/debt?type=%D0%97%D0%B0%D1%80%D0%BB%D0%B0%D0%B3%D0%B0 HTTP/1.0" 200 2135 "-" "okhttp/4.9.2"
::1 - - [13/Sep/2022:13:21:08 +0000] "GET /api/v1/goods/user HTTP/1.0" 200 2494 "-" "okhttp/4.9.2"
::ffff:127.0.0.1 - - [13/Sep/2022:13:21:13 +0000] "GET /api/v1/goods/user HTTP/1.0" 304 - "-" "okhttp/4.9.2"
::1 - - [13/Sep/2022:13:21:24 +0000] "GET /api/v1/transactions/profit HTTP/1.0" 304 - "-" "okhttp/4.9.2"
::1 - - [13/Sep/2022:13:21:25 +0000] "GET /api/v1/transactions/basket?limit=100&sort=-createdAt HTTP/1.0" 304 - "-" "okhttp/4.9.2"
::ffff:127.0.0.1 - - [13/Sep/2022:13:21:25 +0000] "GET /api/v1/goods/user?limit=100 HTTP/1.0" 304 - "-" "okhttp/4.9.2"
::1 - - [13/Sep/2022:13:21:27 +0000] "GET /api/v1/transactions/basket?limit=100&sort=-createdAt HTTP/1.0" 304 - "-" "okhttp/4.9.2"
::ffff:127.0.0.1 - - [13/Sep/2022:13:21:27 +0000] "GET /api/v1/goods/user?limit=100 HTTP/1.0" 304 - "-" "okhttp/4.9.2"
::ffff:127.0.0.1 - - [13/Sep/2022:13:21:27 +0000] "GET /api/v1/goods/user?limit=100 HTTP/1.0" 304 - "-" "okhttp/4.9.2"
::1 - - [13/Sep/2022:13:21:28 +0000] "GET /api/v1/goods/user?limit=100 HTTP/1.0" 304 - "-" "okhttp/4.9.2"
::ffff:127.0.0.1 - - [13/Sep/2022:13:21:29 +0000] "GET /api/v1/templates?createUser=62f2688099e2a94b91d43777 HTTP/1.0" 304 - "-" "okhttp/4.9.2"
::1 - - [13/Sep/2022:13:21:30 +0000] "GET /api/v1/templates?createUser=62f2688099e2a94b91d43777 HTTP/1.0" 304 - "-" "okhttp/4.9.2"
::1 - - [13/Sep/2022:13:21:31 +0000] "GET /api/v1/transactions/basket?limit=100&sort=-createdAt HTTP/1.0" 304 - "-" "okhttp/4.9.2"
::ffff:127.0.0.1 - - [13/Sep/2022:13:21:32 +0000] "GET /api/v1/goods/user?limit=100 HTTP/1.0" 304 - "-" "okhttp/4.9.2"
::ffff:127.0.0.1 - - [13/Sep/2022:13:21:33 +0000] "GET /api/v1/transactions/basket?limit=100&sort=-createdAt HTTP/1.0" 304 - "-" "okhttp/4.9.2"
::ffff:127.0.0.1 - - [13/Sep/2022:13:21:33 +0000] "GET /api/v1/goods/user?limit=100 HTTP/1.0" 304 - "-" "okhttp/4.9.2"
::1 - - [13/Sep/2022:13:21:33 +0000] "GET /api/v1/goods/user?limit=100 HTTP/1.0" 304 - "-" "okhttp/4.9.2"
::1 - - [13/Sep/2022:13:21:34 +0000] "GET /api/v1/goods/user?limit=100 HTTP/1.0" 304 - "-" "okhttp/4.9.2"
::ffff:127.0.0.1 - - [13/Sep/2022:13:21:36 +0000] "GET /api/v1/bills/debt?type=%D0%9E%D1%80%D0%BB%D0%BE%D0%B3%D0%BE HTTP/1.0" 304 - "-" "okhttp/4.9.2"
::1 - - [13/Sep/2022:13:21:38 +0000] "GET /api/v1/bills/debt?type=%D0%97%D0%B0%D1%80%D0%BB%D0%B0%D0%B3%D0%B0 HTTP/1.0" 304 - "-" "okhttp/4.9.2"
::ffff:127.0.0.1 - - [13/Sep/2022:13:21:43 +0000] "GET /api/v1/transactions/profit HTTP/1.0" 304 - "-" "okhttp/4.9.2"
::1 - - [13/Sep/2022:13:21:47 +0000] "GET /api/v1/transactions/profit HTTP/1.0" 304 - "-" "okhttp/4.9.2"
::1 - - [13/Sep/2022:13:21:56 +0000] "GET /api/v1/transactions/basket?limit=100&sort=-createdAt HTTP/1.0" 304 - "-" "okhttp/4.9.2"
::ffff:127.0.0.1 - - [13/Sep/2022:13:21:56 +0000] "GET /api/v1/goods/user?limit=100 HTTP/1.0" 304 - "-" "okhttp/4.9.2"
::1 - - [13/Sep/2022:13:22:13 +0000] "GET /api/v1/transactions/basket?limit=100&sort=-createdAt HTTP/1.0" 304 - "-" "okhttp/4.9.2"
::ffff:127.0.0.1 - - [13/Sep/2022:13:22:13 +0000] "GET /api/v1/goods/user?limit=100 HTTP/1.0" 304 - "-" "okhttp/4.9.2"
::ffff:127.0.0.1 - - [13/Sep/2022:13:22:17 +0000] "GET /api/v1/transactions/profit HTTP/1.0" 304 - "-" "okhttp/4.9.2"
::1 - - [13/Sep/2022:13:22:25 +0000] "GET /api/v1/bills/debt?type=%D0%97%D0%B0%D1%80%D0%BB%D0%B0%D0%B3%D0%B0 HTTP/1.0" 304 - "-" "okhttp/4.9.2"
::ffff:127.0.0.1 - - [13/Sep/2022:13:22:27 +0000] "GET /api/v1/bills/debt?type=%D0%9E%D1%80%D0%BB%D0%BE%D0%B3%D0%BE HTTP/1.0" 304 - "-" "okhttp/4.9.2"
::1 - - [13/Sep/2022:13:22:33 +0000] "GET /api/v1/templates?createUser=62f2688099e2a94b91d43777 HTTP/1.0" 304 - "-" "okhttp/4.9.2"
::1 - - [13/Sep/2022:13:22:34 +0000] "GET /api/v1/transactions/basket?limit=100&sort=-createdAt HTTP/1.0" 304 - "-" "okhttp/4.9.2"
::ffff:127.0.0.1 - - [13/Sep/2022:13:22:34 +0000] "GET /api/v1/templates?createUser=62f2688099e2a94b91d43777 HTTP/1.0" 304 - "-" "okhttp/4.9.2"
::ffff:127.0.0.1 - - [13/Sep/2022:13:22:34 +0000] "GET /api/v1/goods/user?limit=100 HTTP/1.0" 304 - "-" "okhttp/4.9.2"
::ffff:127.0.0.1 - - [13/Sep/2022:13:22:36 +0000] "GET /api/v1/transactions/basket?limit=100&sort=-createdAt HTTP/1.0" 304 - "-" "okhttp/4.9.2"
::1 - - [13/Sep/2022:13:22:36 +0000] "GET /api/v1/goods/user?limit=100 HTTP/1.0" 304 - "-" "okhttp/4.9.2"
::1 - - [13/Sep/2022:13:22:38 +0000] "GET /api/v1/templates?createUser=62f2688099e2a94b91d43777 HTTP/1.0" 304 - "-" "okhttp/4.9.2"
::ffff:127.0.0.1 - - [13/Sep/2022:13:22:39 +0000] "GET /api/v1/templates?createUser=62f2688099e2a94b91d43777 HTTP/1.0" 304 - "-" "okhttp/4.9.2"
::1 - - [13/Sep/2022:13:22:39 +0000] "GET /api/v1/transactions/basket?limit=100&sort=-createdAt HTTP/1.0" 304 - "-" "okhttp/4.9.2"
::ffff:127.0.0.1 - - [13/Sep/2022:13:22:39 +0000] "GET /api/v1/goods/user?limit=100 HTTP/1.0" 304 - "-" "okhttp/4.9.2"
::1 - - [13/Sep/2022:13:22:45 +0000] "POST /api/v1/transactions HTTP/1.0" 200 256 "-" "okhttp/4.9.2"
::ffff:127.0.0.1 - - [13/Sep/2022:13:22:46 +0000] "GET /api/v1/transactions/basket?limit=100&sort=-createdAt HTTP/1.0" 200 457 "-" "okhttp/4.9.2"
::1 - - [13/Sep/2022:13:22:46 +0000] "GET /api/v1/transactions/basket?limit=100&sort=-createdAt HTTP/1.0" 200 457 "-" "okhttp/4.9.2"
::ffff:127.0.0.1 - - [13/Sep/2022:13:22:54 +0000] "POST /api/v1/bills/receipt HTTP/1.0" 200 316 "-" "okhttp/4.9.2"
::1 - - [13/Sep/2022:13:22:54 +0000] "GET /api/v1/transactions/basket?limit=100&sort=-createdAt HTTP/1.0" 200 122 "-" "okhttp/4.9.2"
::ffff:127.0.0.1 - - [13/Sep/2022:13:22:54 +0000] "GET /api/v1/transactions/basket?limit=100&sort=-createdAt HTTP/1.0" 200 122 "-" "okhttp/4.9.2"
::1 - - [13/Sep/2022:13:36:13 +0000] "GET / HTTP/1.0" 404 139 "-" "-"
::ffff:127.0.0.1 - - [13/Sep/2022:13:52:29 +0000] "GET / HTTP/1.0" 404 139 "-" "Mozilla/5.0 (Windows NT 10.0; Win64; x64) AppleWebKit/537.36 (KHTML, like Gecko) Chrome/60.0.3112.113 Safari/537.36"
::1 - - [13/Sep/2022:14:05:53 +0000] "GET /.env HTTP/1.0" 404 143 "-" "Mozilla/5.0 (X11; Linux x86_64) AppleWebKit/537.36 (KHTML, like Gecko) Chrome/81.0.4044.129 Safari/537.36"
::ffff:127.0.0.1 - - [13/Sep/2022:14:05:56 +0000] "POST / HTTP/1.0" 404 140 "-" "Mozilla/5.0 (X11; Linux x86_64) AppleWebKit/537.36 (KHTML, like Gecko) Chrome/81.0.4044.129 Safari/537.36"
::1 - - [13/Sep/2022:14:18:29 +0000] "GET / HTTP/1.0" 404 139 "-" "Mozilla/5.0 (Windows NT 10.0; Win64; x64) AppleWebKit/537.36 (KHTML, like Gecko) Chrome/90.0.4430.85 Safari/537.36 Edg/90.0.818.46"
::ffff:127.0.0.1 - - [13/Sep/2022:14:59:17 +0000] "POST / HTTP/1.0" 404 140 "-" "Mozilla/5.0 (X11; Linux x86_64) AppleWebKit/537.36 (KHTML, like Gecko) Chrome/81.0.4044.129 Safari/537.36"
::1 - - [13/Sep/2022:14:59:18 +0000] "GET /.env HTTP/1.0" 404 143 "-" "Mozilla/5.0 (X11; Linux x86_64) AppleWebKit/537.36 (KHTML, like Gecko) Chrome/81.0.4044.129 Safari/537.36"
::ffff:127.0.0.1 - - [13/Sep/2022:15:10:42 +0000] "GET / HTTP/1.0" 404 139 "-" "Mozilla/5.0 (Windows NT 10.0; Win64; x64) AppleWebKit/537.36 (KHTML, like Gecko) Chrome/90.0.4430.85 Safari/537.36 Edg/90.0.818.46"
::1 - - [13/Sep/2022:15:41:29 +0000] "GET / HTTP/1.0" 404 139 "-" "Mozilla/5.0 (Windows NT 6.1; WOW64) AppleWebKit/537.36 (KHTML, like Gecko) Chrome/51.0.2704.103 Safari/537.36"
::ffff:127.0.0.1 - - [13/Sep/2022:16:15:57 +0000] "POST / HTTP/1.0" 404 140 "-" "Mozilla/5.0 (X11; Linux x86_64) AppleWebKit/537.36 (KHTML, like Gecko) Chrome/81.0.4044.129 Safari/537.36"
::1 - - [13/Sep/2022:16:15:57 +0000] "GET /.env HTTP/1.0" 404 143 "-" "Mozilla/5.0 (X11; Linux x86_64) AppleWebKit/537.36 (KHTML, like Gecko) Chrome/81.0.4044.129 Safari/537.36"
::ffff:127.0.0.1 - - [13/Sep/2022:16:41:35 +0000] "GET / HTTP/1.0" 404 139 "-" "Mozilla/5.0 (Macintosh; Intel Mac OS X 10_11_6) AppleWebKit/601.7.7 (KHTML, like Gecko) Version/9.1.2 Safari/601.7.7"
::1 - - [13/Sep/2022:16:48:08 +0000] "GET / HTTP/1.0" 404 139 "-" "Mozilla/5.0 (X11; Linux x86_64; rv:98.0) Gecko/20100101 Firefox/98.0"
::ffff:127.0.0.1 - - [13/Sep/2022:16:57:02 +0000] "POST / HTTP/1.0" 404 140 "-" "Mozilla/5.0 (X11; Linux x86_64) AppleWebKit/537.36 (KHTML, like Gecko) Chrome/81.0.4044.129 Safari/537.36"
::1 - - [13/Sep/2022:16:57:03 +0000] "GET /.env HTTP/1.0" 404 143 "-" "Mozilla/5.0 (X11; Linux x86_64) AppleWebKit/537.36 (KHTML, like Gecko) Chrome/81.0.4044.129 Safari/537.36"
::ffff:127.0.0.1 - - [13/Sep/2022:17:01:28 +0000] "GET / HTTP/1.0" 404 139 "-" "-"
::1 - - [13/Sep/2022:17:05:10 +0000] "GET /.env HTTP/1.0" 404 143 "-" "Mozilla/5.0 (X11; Linux x86_64) AppleWebKit/537.36 (KHTML, like Gecko) Chrome/81.0.4044.129 Safari/537.36"
::ffff:127.0.0.1 - - [13/Sep/2022:17:05:12 +0000] "POST / HTTP/1.0" 404 140 "-" "Mozilla/5.0 (X11; Linux x86_64) AppleWebKit/537.36 (KHTML, like Gecko) Chrome/81.0.4044.129 Safari/537.36"
::1 - - [13/Sep/2022:17:24:46 +0000] "POST / HTTP/1.0" 404 140 "-" "Mozilla/5.0 (X11; Linux x86_64) AppleWebKit/537.36 (KHTML, like Gecko) Chrome/81.0.4044.129 Safari/537.36"
::ffff:127.0.0.1 - - [13/Sep/2022:17:24:47 +0000] "GET /.env HTTP/1.0" 404 143 "-" "Mozilla/5.0 (X11; Linux x86_64) AppleWebKit/537.36 (KHTML, like Gecko) Chrome/81.0.4044.129 Safari/537.36"
::1 - - [13/Sep/2022:17:30:41 +0000] "GET /json/widgetdata.php?callback=? HTTP/1.0" 404 158 "-" "Mozilla/5.0 (Windows NT 6.1) AppleWebKit/537.36 (KHTML, like Gecko) Chrome/41.0.2228.0 Safari/537.36"
::ffff:127.0.0.1 - - [13/Sep/2022:17:30:42 +0000] "GET / HTTP/1.0" 404 139 "-" "Mozilla/5.0 (Windows NT 5.1) AppleWebKit/537.36 (KHTML, like Gecko) Chrome/41.0.2226.0 Safari/537.36"
::1 - - [13/Sep/2022:17:30:42 +0000] "GET /json/widgetdata.php?callback=? HTTP/1.0" 404 158 "-" "Mozilla/5.0 (Windows NT 6.0) AppleWebKit/537.36 (KHTML, like Gecko) Chrome/41.0.2228.0 Safari/537.36"
::ffff:127.0.0.1 - - [13/Sep/2022:17:31:41 +0000] "GET / HTTP/1.0" 404 139 "-" "Mozilla/5.0 (Windows NT 10.0; Win64; x64) AppleWebKit/537.36 (KHTML, like Gecko) Chrome/60.0.3112.113 Safari/537.36"
::1 - - [13/Sep/2022:18:18:15 +0000] "GET / HTTP/1.0" 404 139 "foobartest.com" "FooBarTest"
::ffff:127.0.0.1 - - [13/Sep/2022:18:32:42 +0000] "HEAD / HTTP/1.0" 404 140 "-" "python-requests/2.27.1"
::1 - - [13/Sep/2022:18:38:28 +0000] "GET / HTTP/1.0" 404 139 "-" "Mozilla/5.0 (Linux; Android 8.0.0; SAMSUNG SM-J600G Build/R16NW) AppleWebKit/537.36 (KHTML, like Gecko) SamsungBrowser/7.4 Chrome/59.0.3071.125 Mobile Safari/537.36"
::ffff:127.0.0.1 - - [13/Sep/2022:18:47:21 +0000] "POST / HTTP/1.0" 404 140 "-" "Mozilla/5.0 (X11; Linux x86_64) AppleWebKit/537.36 (KHTML, like Gecko) Chrome/81.0.4044.129 Safari/537.36"
::1 - - [13/Sep/2022:18:47:21 +0000] "GET /.env HTTP/1.0" 404 143 "-" "Mozilla/5.0 (X11; Linux x86_64) AppleWebKit/537.36 (KHTML, like Gecko) Chrome/81.0.4044.129 Safari/537.36"
::ffff:127.0.0.1 - - [13/Sep/2022:19:18:02 +0000] "GET / HTTP/1.0" 404 139 "-" "Expanse, a Palo Alto Networks company, searches across the global IPv4 space multiple times per day to identify customers&#39; presences on the Internet. If you would like to be excluded from our scans, please send IP addresses/domains to: scaninfo@paloaltonetworks.com"
::1 - - [13/Sep/2022:19:53:48 +0000] "GET /?Z75392122862Q1 HTTP/1.0" 404 139 "https://google.com/" "Mozilla/5.0 (Windows NT 6.1; rv:16.0) Gecko/20100101 Firefox/16.0 (+https://best-proxies.ru/faq/#from)"
::ffff:127.0.0.1 - - [13/Sep/2022:20:05:13 +0000] "GET /.env HTTP/1.0" 404 143 "-" "Mozilla/5.0 (X11; Linux x86_64) AppleWebKit/537.36 (KHTML, like Gecko) Chrome/81.0.4044.129 Safari/537.36"
::1 - - [13/Sep/2022:20:05:15 +0000] "POST / HTTP/1.0" 404 140 "-" "Mozilla/5.0 (X11; Linux x86_64) AppleWebKit/537.36 (KHTML, like Gecko) Chrome/81.0.4044.129 Safari/537.36"
::ffff:127.0.0.1 - - [13/Sep/2022:20:11:42 +0000] "POST / HTTP/1.0" 404 140 "-" "Mozilla/5.0 (X11; Linux x86_64) AppleWebKit/537.36 (KHTML, like Gecko) Chrome/81.0.4044.129 Safari/537.36"
::1 - - [13/Sep/2022:20:11:42 +0000] "GET /.env HTTP/1.0" 404 143 "-" "Mozilla/5.0 (X11; Linux x86_64) AppleWebKit/537.36 (KHTML, like Gecko) Chrome/81.0.4044.129 Safari/537.36"
::ffff:127.0.0.1 - - [13/Sep/2022:20:20:38 +0000] "GET //.git/config HTTP/1.0" 404 151 "-" "Mozilla/4.0 (compatible; MSIE 6.0; Windows 98)"
::1 - - [13/Sep/2022:20:24:04 +0000] "GET /.env HTTP/1.0" 404 143 "-" "Mozilla/5.0 (Linux; U; Android 4.4.2; en-US; HM NOTE 1W Build/KOT49H) AppleWebKit/534.30 (KHTML, like Gecko) Version/4.0 UCBrowser/11.0.5.850 U3/0.8.0 Mobile Safari/534.30"
::ffff:127.0.0.1 - - [13/Sep/2022:20:24:04 +0000] "POST / HTTP/1.0" 404 140 "-" "Mozilla/5.0 (Linux; U; Android 4.4.2; en-US; HM NOTE 1W Build/KOT49H) AppleWebKit/534.30 (KHTML, like Gecko) Version/4.0 UCBrowser/11.0.5.850 U3/0.8.0 Mobile Safari/534.30"
::1 - - [13/Sep/2022:20:45:56 +0000] "GET / HTTP/1.0" 404 139 "-" "python-requests/2.28.1"
::ffff:127.0.0.1 - - [13/Sep/2022:20:59:24 +0000] "POST / HTTP/1.0" 404 140 "-" "Mozilla/5.0 (X11; Linux x86_64) AppleWebKit/537.36 (KHTML, like Gecko) Chrome/81.0.4044.129 Safari/537.36"
::1 - - [13/Sep/2022:20:59:25 +0000] "GET /.env HTTP/1.0" 404 143 "-" "Mozilla/5.0 (X11; Linux x86_64) AppleWebKit/537.36 (KHTML, like Gecko) Chrome/81.0.4044.129 Safari/537.36"
::ffff:127.0.0.1 - - [13/Sep/2022:21:05:10 +0000] "GET / HTTP/1.0" 404 139 "-" "Mozilla/5.0 (Windows NT 5.1; Win64; x64) AppleWebKit/537.36 (KHTML, like Gecko) Chrome/60.0.3112.90 Safari/537.36"
::1 - - [13/Sep/2022:21:18:12 +0000] "GET / HTTP/1.0" 404 139 "-" "-"
::ffff:127.0.0.1 - - [13/Sep/2022:21:30:44 +0000] "GET /.env HTTP/1.0" 404 143 "-" "Mozilla/5.0 (X11; Linux x86_64) AppleWebKit/537.36 (KHTML, like Gecko) Chrome/81.0.4044.129 Safari/537.36"
::1 - - [13/Sep/2022:21:55:27 +0000] "GET / HTTP/1.0" 404 139 "-" "Mozilla/5.0 (Windows NT 10.0; WOW64) AppleWebKit/537.36 (KHTML, like Gecko) Chrome/51.0.2704.103 Safari/537.36"
::ffff:127.0.0.1 - - [13/Sep/2022:22:14:02 +0000] "POST / HTTP/1.0" 404 140 "-" "Mozilla/5.0 (X11; Linux x86_64) AppleWebKit/537.36 (KHTML, like Gecko) Chrome/81.0.4044.129 Safari/537.36"
::1 - - [13/Sep/2022:22:14:03 +0000] "GET /.env HTTP/1.0" 404 143 "-" "Mozilla/5.0 (X11; Linux x86_64) AppleWebKit/537.36 (KHTML, like Gecko) Chrome/81.0.4044.129 Safari/537.36"
::ffff:127.0.0.1 - - [13/Sep/2022:22:43:18 +0000] "GET / HTTP/1.0" 404 139 "-" "-"
::1 - - [13/Sep/2022:22:43:18 +0000] "GET / HTTP/1.0" 404 139 "-" "Mozilla/5.0 (compatible; CensysInspect/1.1; +https://about.censys.io/)"
::ffff:127.0.0.1 - - [13/Sep/2022:23:05:15 +0000] "GET /.env HTTP/1.0" 404 143 "-" "Mozilla/5.0 (X11; Linux x86_64) AppleWebKit/537.36 (KHTML, like Gecko) Chrome/81.0.4044.129 Safari/537.36"
::1 - - [13/Sep/2022:23:05:16 +0000] "POST / HTTP/1.0" 404 140 "-" "Mozilla/5.0 (X11; Linux x86_64) AppleWebKit/537.36 (KHTML, like Gecko) Chrome/81.0.4044.129 Safari/537.36"
::ffff:127.0.0.1 - - [13/Sep/2022:23:24:40 +0000] "POST / HTTP/1.0" 404 140 "-" "Mozilla/5.0 (X11; Linux x86_64) AppleWebKit/537.36 (KHTML, like Gecko) Chrome/81.0.4044.129 Safari/537.36"
::1 - - [13/Sep/2022:23:24:41 +0000] "GET /.env HTTP/1.0" 404 143 "-" "Mozilla/5.0 (X11; Linux x86_64) AppleWebKit/537.36 (KHTML, like Gecko) Chrome/81.0.4044.129 Safari/537.36"
::ffff:127.0.0.1 - - [13/Sep/2022:23:45:34 +0000] "POST / HTTP/1.0" 404 140 "-" "Mozilla/5.0 (X11; Linux x86_64) AppleWebKit/537.36 (KHTML, like Gecko) Chrome/81.0.4044.129 Safari/537.36"
::1 - - [13/Sep/2022:23:45:35 +0000] "GET /.env HTTP/1.0" 404 143 "-" "Mozilla/5.0 (X11; Linux x86_64) AppleWebKit/537.36 (KHTML, like Gecko) Chrome/81.0.4044.129 Safari/537.36"
::ffff:127.0.0.1 - - [13/Sep/2022:23:54:44 +0000] "GET /hudson HTTP/1.0" 404 145 "-" "Mozilla/5.0 zgrab/0.x"
