::ffff:127.0.0.1 - - [17/Aug/2022:00:07:13 +0000] "GET / HTTP/1.0" 404 139 "-" "Mozilla/5.0 (Windows NT 6.1; WOW64) AppleWebKit/537.36 (KHTML, like Gecko) Chrome/51.0.2704.103 Safari/537.36"
::ffff:127.0.0.1 - - [17/Aug/2022:01:15:18 +0000] "GET / HTTP/1.0" 404 139 "-" "Mozilla/5.0 (Macintosh; Intel Mac OS X 10_15_7) AppleWebKit/537.36 (KHTML, like Gecko) Chrome/102.0.0.0 Safari/537.36"
::1 - - [17/Aug/2022:01:15:32 +0000] "GET / HTTP/1.0" 404 139 "-" "Mozilla/5.0"
::ffff:127.0.0.1 - - [17/Aug/2022:01:28:06 +0000] "POST / HTTP/1.0" 404 140 "-" "Mozilla/5.0 (X11; Linux x86_64) AppleWebKit/537.36 (KHTML, like Gecko) Chrome/81.0.4044.129 Safari/537.36"
::1 - - [17/Aug/2022:01:28:06 +0000] "GET /.env HTTP/1.0" 404 143 "-" "Mozilla/5.0 (X11; Linux x86_64) AppleWebKit/537.36 (KHTML, like Gecko) Chrome/81.0.4044.129 Safari/537.36"
::ffff:127.0.0.1 - - [17/Aug/2022:02:06:25 +0000] "GET /.env HTTP/1.0" 404 143 "-" "Mozilla/5.0 (X11; Linux x86_64) AppleWebKit/537.36 (KHTML, like Gecko) Chrome/81.0.4044.129 Safari/537.36"
::1 - - [17/Aug/2022:02:06:26 +0000] "POST / HTTP/1.0" 404 140 "-" "Mozilla/5.0 (X11; Linux x86_64) AppleWebKit/537.36 (KHTML, like Gecko) Chrome/81.0.4044.129 Safari/537.36"
::ffff:127.0.0.1 - - [17/Aug/2022:02:15:28 +0000] "GET / HTTP/1.0" 404 139 "-" "-"
::1 - - [17/Aug/2022:02:28:29 +0000] "GET /stalker_portal/server/tools/auth_simple.php HTTP/1.0" 404 182 "-" "Mozilla/5.0 (Windows NT 5.1; Win64; x64) AppleWebKit/537.36 (KHTML, like Gecko) Chrome/60.0.3112.90 Safari/537.36"
::ffff:127.0.0.1 - - [17/Aug/2022:03:45:44 +0000] "GET /api/v1/categories HTTP/1.0" 304 - "-" "Expo/2.25.1.1015582 CFNetwork/1331.0.7 Darwin/21.4.0"
::1 - - [17/Aug/2022:03:45:44 +0000] "GET /api/v1/transactions/basket?limit=100&sort=-createdAt HTTP/1.0" 304 - "-" "Expo/2.25.1.1015582 CFNetwork/1331.0.7 Darwin/21.4.0"
::ffff:127.0.0.1 - - [17/Aug/2022:03:45:44 +0000] "GET /api/v1/goods/user?limit=100 HTTP/1.0" 304 - "-" "Expo/2.25.1.1015582 CFNetwork/1331.0.7 Darwin/21.4.0"
::1 - - [17/Aug/2022:03:45:46 +0000] "GET /api/v1/transactions/basket?limit=100&sort=-createdAt HTTP/1.0" 304 - "-" "Expo/2.25.1.1015582 CFNetwork/1331.0.7 Darwin/21.4.0"
::ffff:127.0.0.1 - - [17/Aug/2022:03:45:46 +0000] "GET /api/v1/goods/user?limit=100 HTTP/1.0" 304 - "-" "Expo/2.25.1.1015582 CFNetwork/1331.0.7 Darwin/21.4.0"
::1 - - [17/Aug/2022:03:47:47 +0000] "GET /api/v1/transactions/profit HTTP/1.0" 304 - "-" "Expo/2.25.1.1015582 CFNetwork/1331.0.7 Darwin/21.4.0"
::ffff:127.0.0.1 - - [17/Aug/2022:03:47:51 +0000] "GET /api/v1/transactions/profit HTTP/1.0" 304 - "-" "Expo/2.25.1.1015582 CFNetwork/1331.0.7 Darwin/21.4.0"
::1 - - [17/Aug/2022:03:48:39 +0000] "GET /api/v1/goods/user?limit=100 HTTP/1.0" 304 - "-" "Expo/2.25.1.1015582 CFNetwork/1331.0.7 Darwin/21.4.0"
::ffff:127.0.0.1 - - [17/Aug/2022:03:50:56 +0000] "GET /api/v1/transactions/profit HTTP/1.0" 304 - "-" "Expo/2.25.1.1015582 CFNetwork/1331.0.7 Darwin/21.4.0"
::1 - - [17/Aug/2022:03:51:38 +0000] "GET /api/v1/transactions/profit HTTP/1.0" 304 - "-" "Expo/2.25.1.1015582 CFNetwork/1331.0.7 Darwin/21.4.0"
::ffff:127.0.0.1 - - [17/Aug/2022:03:51:49 +0000] "GET /api/v1/transactions/profit HTTP/1.0" 304 - "-" "Expo/2.25.1.1015582 CFNetwork/1331.0.7 Darwin/21.4.0"
::1 - - [17/Aug/2022:03:53:10 +0000] "GET / HTTP/1.0" 404 139 "-" "Linux Gnu (cow)"
::ffff:127.0.0.1 - - [17/Aug/2022:03:53:11 +0000] "GET /api/v1/transactions/profit HTTP/1.0" 304 - "-" "Expo/2.25.1.1015582 CFNetwork/1331.0.7 Darwin/21.4.0"
::1 - - [17/Aug/2022:03:53:38 +0000] "POST / HTTP/1.0" 404 140 "-" "Mozilla/5.0 (X11; Linux x86_64) AppleWebKit/537.36 (KHTML, like Gecko) Chrome/81.0.4044.129 Safari/537.36"
::ffff:127.0.0.1 - - [17/Aug/2022:03:53:38 +0000] "GET /.env HTTP/1.0" 404 143 "-" "Mozilla/5.0 (X11; Linux x86_64) AppleWebKit/537.36 (KHTML, like Gecko) Chrome/81.0.4044.129 Safari/537.36"
::1 - - [17/Aug/2022:03:53:57 +0000] "GET /api/v1/transactions/profit HTTP/1.0" 304 - "-" "Expo/2.25.1.1015582 CFNetwork/1331.0.7 Darwin/21.4.0"
::ffff:127.0.0.1 - - [17/Aug/2022:03:54:08 +0000] "GET /api/v1/transactions/profit HTTP/1.0" 304 - "-" "Expo/2.25.1.1015582 CFNetwork/1331.0.7 Darwin/21.4.0"
::1 - - [17/Aug/2022:03:54:37 +0000] "GET /api/v1/transactions/profit HTTP/1.0" 304 - "-" "Expo/2.25.1.1015582 CFNetwork/1331.0.7 Darwin/21.4.0"
::ffff:127.0.0.1 - - [17/Aug/2022:03:55:02 +0000] "GET /api/v1/transactions/profit HTTP/1.0" 304 - "-" "Expo/2.25.1.1015582 CFNetwork/1331.0.7 Darwin/21.4.0"
::1 - - [17/Aug/2022:03:57:08 +0000] "GET /api/v1/goods/user?limit=100 HTTP/1.0" 304 - "-" "Expo/2.25.1.1015582 CFNetwork/1331.0.7 Darwin/21.4.0"
::ffff:127.0.0.1 - - [17/Aug/2022:03:57:09 +0000] "GET /api/v1/goods/user?limit=100 HTTP/1.0" 304 - "-" "Expo/2.25.1.1015582 CFNetwork/1331.0.7 Darwin/21.4.0"
::ffff:127.0.0.1 - - [17/Aug/2022:03:57:09 +0000] "GET /api/v1/transactions/basket?limit=100&sort=-createdAt HTTP/1.0" 304 - "-" "Expo/2.25.1.1015582 CFNetwork/1331.0.7 Darwin/21.4.0"
::1 - - [17/Aug/2022:03:57:10 +0000] "GET /api/v1/goods/user?limit=100 HTTP/1.0" 304 - "-" "Expo/2.25.1.1015582 CFNetwork/1331.0.7 Darwin/21.4.0"
::1 - - [17/Aug/2022:04:10:38 +0000] "GET /api/v1/categories HTTP/1.0" 304 - "-" "Expo/2.25.1.1015582 CFNetwork/1331.0.7 Darwin/21.4.0"
::1 - - [17/Aug/2022:04:10:38 +0000] "GET /api/v1/transactions/basket?limit=100&sort=-createdAt HTTP/1.0" 304 - "-" "Expo/2.25.1.1015582 CFNetwork/1331.0.7 Darwin/21.4.0"
::ffff:127.0.0.1 - - [17/Aug/2022:04:10:38 +0000] "GET /api/v1/goods/user?limit=100 HTTP/1.0" 304 - "-" "Expo/2.25.1.1015582 CFNetwork/1331.0.7 Darwin/21.4.0"
::1 - - [17/Aug/2022:04:10:40 +0000] "GET /api/v1/transactions/basket?limit=100&sort=-createdAt HTTP/1.0" 304 - "-" "Expo/2.25.1.1015582 CFNetwork/1331.0.7 Darwin/21.4.0"
::ffff:127.0.0.1 - - [17/Aug/2022:04:10:40 +0000] "GET /api/v1/goods/user?limit=100 HTTP/1.0" 304 - "-" "Expo/2.25.1.1015582 CFNetwork/1331.0.7 Darwin/21.4.0"
::ffff:127.0.0.1 - - [17/Aug/2022:04:10:41 +0000] "GET /api/v1/transactions/profit HTTP/1.0" 304 - "-" "Expo/2.25.1.1015582 CFNetwork/1331.0.7 Darwin/21.4.0"
::1 - - [17/Aug/2022:04:10:44 +0000] "GET /api/v1/transactions/profit HTTP/1.0" 304 - "-" "Expo/2.25.1.1015582 CFNetwork/1331.0.7 Darwin/21.4.0"
::1 - - [17/Aug/2022:04:14:29 +0000] "GET /api/v1/categories HTTP/1.0" 304 - "-" "Expo/2.25.1.1015582 CFNetwork/1331.0.7 Darwin/21.4.0"
::ffff:127.0.0.1 - - [17/Aug/2022:04:14:29 +0000] "GET /api/v1/transactions/basket?limit=100&sort=-createdAt HTTP/1.0" 304 - "-" "Expo/2.25.1.1015582 CFNetwork/1331.0.7 Darwin/21.4.0"
::ffff:127.0.0.1 - - [17/Aug/2022:04:14:29 +0000] "GET /api/v1/goods/user?limit=100 HTTP/1.0" 304 - "-" "Expo/2.25.1.1015582 CFNetwork/1331.0.7 Darwin/21.4.0"
::1 - - [17/Aug/2022:04:14:30 +0000] "GET /api/v1/transactions/basket?limit=100&sort=-createdAt HTTP/1.0" 304 - "-" "Expo/2.25.1.1015582 CFNetwork/1331.0.7 Darwin/21.4.0"
::1 - - [17/Aug/2022:04:14:31 +0000] "GET /api/v1/goods/user?limit=100 HTTP/1.0" 304 - "-" "Expo/2.25.1.1015582 CFNetwork/1331.0.7 Darwin/21.4.0"
::ffff:127.0.0.1 - - [17/Aug/2022:04:14:31 +0000] "GET /api/v1/goods/user?limit=100 HTTP/1.0" 304 - "-" "Expo/2.25.1.1015582 CFNetwork/1331.0.7 Darwin/21.4.0"
::ffff:127.0.0.1 - - [17/Aug/2022:04:14:32 +0000] "GET /api/v1/goods/user?limit=100 HTTP/1.0" 304 - "-" "Expo/2.25.1.1015582 CFNetwork/1331.0.7 Darwin/21.4.0"
::1 - - [17/Aug/2022:04:15:00 +0000] "GET /api/v1/templates?createUser=62fbbc03fd2881af5a4e559a HTTP/1.0" 304 - "-" "Expo/2.25.1.1015582 CFNetwork/1331.0.7 Darwin/21.4.0"
::ffff:127.0.0.1 - - [17/Aug/2022:04:15:01 +0000] "GET /api/v1/templates?createUser=62fbbc03fd2881af5a4e559a HTTP/1.0" 304 - "-" "Expo/2.25.1.1015582 CFNetwork/1331.0.7 Darwin/21.4.0"
::1 - - [17/Aug/2022:04:15:01 +0000] "GET /api/v1/transactions/user?template=62fbbcbbfd2881af5a4e55cb HTTP/1.0" 304 - "-" "Expo/2.25.1.1015582 CFNetwork/1331.0.7 Darwin/21.4.0"
::ffff:127.0.0.1 - - [17/Aug/2022:04:15:10 +0000] "GET /api/v1/templates?createUser=62fbbc03fd2881af5a4e559a HTTP/1.0" 304 - "-" "Expo/2.25.1.1015582 CFNetwork/1331.0.7 Darwin/21.4.0"
::1 - - [17/Aug/2022:04:15:11 +0000] "GET /api/v1/users/62fbbc03fd2881af5a4e559a HTTP/1.0" 304 - "-" "Expo/2.25.1.1015582 CFNetwork/1331.0.7 Darwin/21.4.0"
::ffff:127.0.0.1 - - [17/Aug/2022:04:15:11 +0000] "GET /api/v1/templates?createUser=62fbbc03fd2881af5a4e559a HTTP/1.0" 304 - "-" "Expo/2.25.1.1015582 CFNetwork/1331.0.7 Darwin/21.4.0"
::1 - - [17/Aug/2022:04:15:13 +0000] "GET /api/v1/goods/user?limit=100 HTTP/1.0" 304 - "-" "Expo/2.25.1.1015582 CFNetwork/1331.0.7 Darwin/21.4.0"
::ffff:127.0.0.1 - - [17/Aug/2022:04:15:16 +0000] "GET /api/v1/goods/user?limit=100 HTTP/1.0" 304 - "-" "Expo/2.25.1.1015582 CFNetwork/1331.0.7 Darwin/21.4.0"
::1 - - [17/Aug/2022:04:15:18 +0000] "GET /api/v1/transactions/profit HTTP/1.0" 304 - "-" "Expo/2.25.1.1015582 CFNetwork/1331.0.7 Darwin/21.4.0"
::ffff:127.0.0.1 - - [17/Aug/2022:04:17:02 +0000] "POST /GponForm/diag_Form?images/ HTTP/1.0" 404 158 "-" "Hello, World"
::ffff:127.0.0.1 - - [17/Aug/2022:04:20:19 +0000] "GET /api/v1/transactions/basket?limit=100&sort=-createdAt HTTP/1.0" 304 - "-" "Expo/2.25.1.1015582 CFNetwork/1331.0.7 Darwin/21.4.0"
::1 - - [17/Aug/2022:04:20:19 +0000] "GET /api/v1/categories HTTP/1.0" 304 - "-" "Expo/2.25.1.1015582 CFNetwork/1331.0.7 Darwin/21.4.0"
::1 - - [17/Aug/2022:04:20:19 +0000] "GET /api/v1/goods/user?limit=100 HTTP/1.0" 304 - "-" "Expo/2.25.1.1015582 CFNetwork/1331.0.7 Darwin/21.4.0"
::1 - - [17/Aug/2022:04:20:21 +0000] "GET /api/v1/transactions/basket?limit=100&sort=-createdAt HTTP/1.0" 304 - "-" "Expo/2.25.1.1015582 CFNetwork/1331.0.7 Darwin/21.4.0"
::ffff:127.0.0.1 - - [17/Aug/2022:04:20:21 +0000] "GET /api/v1/goods/user?limit=100 HTTP/1.0" 304 - "-" "Expo/2.25.1.1015582 CFNetwork/1331.0.7 Darwin/21.4.0"
::ffff:127.0.0.1 - - [17/Aug/2022:04:20:22 +0000] "GET /api/v1/transactions/profit HTTP/1.0" 304 - "-" "Expo/2.25.1.1015582 CFNetwork/1331.0.7 Darwin/21.4.0"
::1 - - [17/Aug/2022:04:21:56 +0000] "GET /api/v1/categories HTTP/1.0" 304 - "-" "Expo/2.25.1.1015582 CFNetwork/1331.0.7 Darwin/21.4.0"
::1 - - [17/Aug/2022:04:21:56 +0000] "GET /api/v1/transactions/basket?limit=100&sort=-createdAt HTTP/1.0" 304 - "-" "Expo/2.25.1.1015582 CFNetwork/1331.0.7 Darwin/21.4.0"
::ffff:127.0.0.1 - - [17/Aug/2022:04:21:56 +0000] "GET /api/v1/goods/user?limit=100 HTTP/1.0" 304 - "-" "Expo/2.25.1.1015582 CFNetwork/1331.0.7 Darwin/21.4.0"
::1 - - [17/Aug/2022:04:22:01 +0000] "GET /api/v1/transactions/basket?limit=100&sort=-createdAt HTTP/1.0" 304 - "-" "Expo/2.25.1.1015582 CFNetwork/1331.0.7 Darwin/21.4.0"
::ffff:127.0.0.1 - - [17/Aug/2022:04:22:01 +0000] "GET /api/v1/goods/user?limit=100 HTTP/1.0" 304 - "-" "Expo/2.25.1.1015582 CFNetwork/1331.0.7 Darwin/21.4.0"
::ffff:127.0.0.1 - - [17/Aug/2022:04:22:02 +0000] "GET /api/v1/transactions/profit HTTP/1.0" 304 - "-" "Expo/2.25.1.1015582 CFNetwork/1331.0.7 Darwin/21.4.0"
::1 - - [17/Aug/2022:04:22:10 +0000] "GET /api/v1/goods/user?limit=100 HTTP/1.0" 304 - "-" "Expo/2.25.1.1015582 CFNetwork/1331.0.7 Darwin/21.4.0"
::ffff:127.0.0.1 - - [17/Aug/2022:04:23:15 +0000] "GET /api/v1/transactions/profit HTTP/1.0" 304 - "-" "Expo/2.25.1.1015582 CFNetwork/1331.0.7 Darwin/21.4.0"
::1 - - [17/Aug/2022:04:23:16 +0000] "GET /api/v1/goods/user?limit=100 HTTP/1.0" 304 - "-" "Expo/2.25.1.1015582 CFNetwork/1331.0.7 Darwin/21.4.0"
::ffff:127.0.0.1 - - [17/Aug/2022:04:25:12 +0000] "GET /api/v1/transactions/profit HTTP/1.0" 304 - "-" "Expo/2.25.1.1015582 CFNetwork/1331.0.7 Darwin/21.4.0"
::1 - - [17/Aug/2022:04:25:33 +0000] "GET /api/v1/goods/user?limit=100 HTTP/1.0" 304 - "-" "Expo/2.25.1.1015582 CFNetwork/1331.0.7 Darwin/21.4.0"
::ffff:127.0.0.1 - - [17/Aug/2022:04:25:36 +0000] "GET /api/v1/goods/user?limit=100 HTTP/1.0" 304 - "-" "Expo/2.25.1.1015582 CFNetwork/1331.0.7 Darwin/21.4.0"
::1 - - [17/Aug/2022:04:25:36 +0000] "GET /api/v1/transactions/basket?limit=100&sort=-createdAt HTTP/1.0" 304 - "-" "Expo/2.25.1.1015582 CFNetwork/1331.0.7 Darwin/21.4.0"
::ffff:127.0.0.1 - - [17/Aug/2022:04:25:36 +0000] "GET /api/v1/goods/user?limit=100 HTTP/1.0" 304 - "-" "Expo/2.25.1.1015582 CFNetwork/1331.0.7 Darwin/21.4.0"
::ffff:127.0.0.1 - - [17/Aug/2022:04:25:39 +0000] "GET /api/v1/transactions/basket?limit=100&sort=-createdAt HTTP/1.0" 304 - "-" "Expo/2.25.1.1015582 CFNetwork/1331.0.7 Darwin/21.4.0"
::1 - - [17/Aug/2022:04:25:39 +0000] "GET /api/v1/goods/user?limit=100 HTTP/1.0" 304 - "-" "Expo/2.25.1.1015582 CFNetwork/1331.0.7 Darwin/21.4.0"
::1 - - [17/Aug/2022:04:25:41 +0000] "GET /api/v1/transactions/profit HTTP/1.0" 304 - "-" "Expo/2.25.1.1015582 CFNetwork/1331.0.7 Darwin/21.4.0"
::ffff:127.0.0.1 - - [17/Aug/2022:04:33:49 +0000] "POST /api/v1/users/login HTTP/1.0" 200 532 "-" "Naimaa/0.0.6 CFNetwork/1331.0.7 Darwin/21.4.0"
::1 - - [17/Aug/2022:04:33:49 +0000] "GET /api/v1/categories HTTP/1.0" 200 426 "-" "Naimaa/0.0.6 CFNetwork/1331.0.7 Darwin/21.4.0"
::1 - - [17/Aug/2022:04:33:50 +0000] "GET /api/v1/transactions/basket?limit=100&sort=-createdAt HTTP/1.0" 200 122 "-" "Naimaa/0.0.6 CFNetwork/1331.0.7 Darwin/21.4.0"
::ffff:127.0.0.1 - - [17/Aug/2022:04:33:50 +0000] "GET /api/v1/goods/user?limit=100 HTTP/1.0" 200 989 "-" "Naimaa/0.0.6 CFNetwork/1331.0.7 Darwin/21.4.0"
::1 - - [17/Aug/2022:04:33:53 +0000] "GET /api/v1/transactions/basket?limit=100&sort=-createdAt HTTP/1.0" 304 - "-" "Naimaa/0.0.6 CFNetwork/1331.0.7 Darwin/21.4.0"
::ffff:127.0.0.1 - - [17/Aug/2022:04:33:53 +0000] "GET /api/v1/goods/user?limit=100 HTTP/1.0" 304 - "-" "Naimaa/0.0.6 CFNetwork/1331.0.7 Darwin/21.4.0"
::ffff:127.0.0.1 - - [17/Aug/2022:04:33:54 +0000] "GET /api/v1/goods/user?limit=100 HTTP/1.0" 304 - "-" "Naimaa/0.0.6 CFNetwork/1331.0.7 Darwin/21.4.0"
::1 - - [17/Aug/2022:04:33:56 +0000] "GET /api/v1/goods/user?limit=100 HTTP/1.0" 304 - "-" "Naimaa/0.0.6 CFNetwork/1331.0.7 Darwin/21.4.0"
::ffff:127.0.0.1 - - [17/Aug/2022:04:33:57 +0000] "GET /api/v1/templates?createUser=62fbbc03fd2881af5a4e559a HTTP/1.0" 200 279 "-" "Naimaa/0.0.6 CFNetwork/1331.0.7 Darwin/21.4.0"
::1 - - [17/Aug/2022:04:34:03 +0000] "GET /api/v1/users/62fbbc03fd2881af5a4e559a HTTP/1.0" 200 258 "-" "Naimaa/0.0.6 CFNetwork/1331.0.7 Darwin/21.4.0"
::ffff:127.0.0.1 - - [17/Aug/2022:04:34:03 +0000] "GET /api/v1/templates?createUser=62fbbc03fd2881af5a4e559a HTTP/1.0" 304 - "-" "Naimaa/0.0.6 CFNetwork/1331.0.7 Darwin/21.4.0"
::1 - - [17/Aug/2022:04:34:05 +0000] "GET /api/v1/goods/user?limit=100 HTTP/1.0" 304 - "-" "Naimaa/0.0.6 CFNetwork/1331.0.7 Darwin/21.4.0"
::ffff:127.0.0.1 - - [17/Aug/2022:04:34:05 +0000] "GET /api/v1/transactions/basket?limit=100&sort=-createdAt HTTP/1.0" 304 - "-" "Naimaa/0.0.6 CFNetwork/1331.0.7 Darwin/21.4.0"
::ffff:127.0.0.1 - - [17/Aug/2022:04:34:05 +0000] "GET /api/v1/goods/user?limit=100 HTTP/1.0" 304 - "-" "Naimaa/0.0.6 CFNetwork/1331.0.7 Darwin/21.4.0"
::1 - - [17/Aug/2022:04:34:05 +0000] "GET /api/v1/goods/user?limit=100 HTTP/1.0" 304 - "-" "Naimaa/0.0.6 CFNetwork/1331.0.7 Darwin/21.4.0"
::ffff:127.0.0.1 - - [17/Aug/2022:04:34:11 +0000] "GET /api/v1/transactions/basket?limit=100&sort=-createdAt HTTP/1.0" 304 - "-" "Naimaa/0.0.6 CFNetwork/1331.0.7 Darwin/21.4.0"
::1 - - [17/Aug/2022:04:34:11 +0000] "GET /api/v1/goods/user?limit=100 HTTP/1.0" 304 - "-" "Naimaa/0.0.6 CFNetwork/1331.0.7 Darwin/21.4.0"
::ffff:127.0.0.1 - - [17/Aug/2022:04:48:02 +0000] "GET /api/v1/categories HTTP/1.0" 304 - "-" "Expo/2.25.1.1015582 CFNetwork/1331.0.7 Darwin/21.4.0"
::1 - - [17/Aug/2022:04:48:02 +0000] "GET /api/v1/transactions/basket?limit=100&sort=-createdAt HTTP/1.0" 304 - "-" "Expo/2.25.1.1015582 CFNetwork/1331.0.7 Darwin/21.4.0"
::1 - - [17/Aug/2022:04:48:02 +0000] "GET /api/v1/goods/user?limit=100 HTTP/1.0" 304 - "-" "Expo/2.25.1.1015582 CFNetwork/1331.0.7 Darwin/21.4.0"
::1 - - [17/Aug/2022:04:48:05 +0000] "GET /api/v1/transactions/basket?limit=100&sort=-createdAt HTTP/1.0" 304 - "-" "Expo/2.25.1.1015582 CFNetwork/1331.0.7 Darwin/21.4.0"
::ffff:127.0.0.1 - - [17/Aug/2022:04:48:05 +0000] "GET /api/v1/goods/user?limit=100 HTTP/1.0" 304 - "-" "Expo/2.25.1.1015582 CFNetwork/1331.0.7 Darwin/21.4.0"
::ffff:127.0.0.1 - - [17/Aug/2022:04:48:06 +0000] "GET /api/v1/transactions/profit HTTP/1.0" 200 767 "-" "Expo/2.25.1.1015582 CFNetwork/1331.0.7 Darwin/21.4.0"
::1 - - [17/Aug/2022:04:48:42 +0000] "GET /api/v1/transactions/profit HTTP/1.0" 304 - "-" "Expo/2.25.1.1015582 CFNetwork/1331.0.7 Darwin/21.4.0"
::ffff:127.0.0.1 - - [17/Aug/2022:05:06:21 +0000] "GET /.env HTTP/1.0" 404 143 "-" "Mozilla/5.0 (X11; Linux x86_64) AppleWebKit/537.36 (KHTML, like Gecko) Chrome/81.0.4044.129 Safari/537.36"
::1 - - [17/Aug/2022:05:06:22 +0000] "POST / HTTP/1.0" 404 140 "-" "Mozilla/5.0 (X11; Linux x86_64) AppleWebKit/537.36 (KHTML, like Gecko) Chrome/81.0.4044.129 Safari/537.36"
::1 - - [17/Aug/2022:05:37:04 +0000] "GET /api/v1/categories HTTP/1.0" 304 - "-" "okhttp/4.9.2"
::ffff:127.0.0.1 - - [17/Aug/2022:05:37:04 +0000] "GET /api/v1/transactions/basket?limit=100&sort=-createdAt HTTP/1.0" 200 122 "-" "okhttp/4.9.2"
::ffff:127.0.0.1 - - [17/Aug/2022:05:37:04 +0000] "GET /api/v1/goods/user?limit=100 HTTP/1.0" 200 2670 "-" "okhttp/4.9.2"
::1 - - [17/Aug/2022:05:37:30 +0000] "GET / HTTP/1.0" 404 139 "-" "Mozilla/5.0"
::ffff:127.0.0.1 - - [17/Aug/2022:05:37:53 +0000] "GET /api/v1/goods/user?limit=100 HTTP/1.0" 304 - "-" "okhttp/4.9.2"
::ffff:127.0.0.1 - - [17/Aug/2022:05:37:53 +0000] "GET /api/v1/transactions/basket?limit=100&sort=-createdAt HTTP/1.0" 304 - "-" "okhttp/4.9.2"
::1 - - [17/Aug/2022:05:37:53 +0000] "GET /api/v1/goods/user?limit=100 HTTP/1.0" 304 - "-" "okhttp/4.9.2"
::1 - - [17/Aug/2022:05:37:55 +0000] "GET /api/v1/goods/user?limit=100 HTTP/1.0" 304 - "-" "okhttp/4.9.2"
::ffff:127.0.0.1 - - [17/Aug/2022:05:37:57 +0000] "GET /api/v1/templates?createUser=62f4a1f38e470b4b6899ba02 HTTP/1.0" 200 109 "-" "okhttp/4.9.2"
::ffff:127.0.0.1 - - [17/Aug/2022:05:38:00 +0000] "GET /api/v1/users/62f4a1f38e470b4b6899ba02 HTTP/1.0" 304 - "-" "okhttp/4.9.2"
::1 - - [17/Aug/2022:05:38:00 +0000] "GET /api/v1/templates?createUser=62f4a1f38e470b4b6899ba02 HTTP/1.0" 304 - "-" "okhttp/4.9.2"
::ffff:127.0.0.1 - - [17/Aug/2022:05:38:16 +0000] "GET /api/v1/transactions/basket?limit=100&sort=-createdAt HTTP/1.0" 304 - "-" "okhttp/4.9.2"
::1 - - [17/Aug/2022:05:38:16 +0000] "GET /api/v1/goods/user?limit=100 HTTP/1.0" 304 - "-" "okhttp/4.9.2"
::1 - - [17/Aug/2022:05:38:18 +0000] "GET /api/v1/categories HTTP/1.0" 304 - "-" "okhttp/4.9.2"
::1 - - [17/Aug/2022:05:38:18 +0000] "GET /api/v1/transactions/basket?limit=100&sort=-createdAt HTTP/1.0" 304 - "-" "okhttp/4.9.2"
::ffff:127.0.0.1 - - [17/Aug/2022:05:38:19 +0000] "GET /api/v1/goods/user?limit=100 HTTP/1.0" 304 - "-" "okhttp/4.9.2"
::ffff:127.0.0.1 - - [17/Aug/2022:05:39:41 +0000] "POST /api/v1/goods HTTP/1.0" 200 355 "-" "okhttp/4.9.2"
::1 - - [17/Aug/2022:05:39:41 +0000] "POST /api/v1/transactions HTTP/1.0" 200 255 "-" "okhttp/4.9.2"
::ffff:127.0.0.1 - - [17/Aug/2022:05:39:41 +0000] "GET /api/v1/goods/user?limit=100 HTTP/1.0" 200 3060 "-" "okhttp/4.9.2"
::1 - - [17/Aug/2022:05:39:42 +0000] "GET /api/v1/transactions/basket?limit=100&sort=-createdAt HTTP/1.0" 200 431 "-" "okhttp/4.9.2"
::ffff:127.0.0.1 - - [17/Aug/2022:05:39:42 +0000] "PUT /api/v1/goods/62fc7f1d1bd68822c59f5a81/upload-photo HTTP/1.0" 200 60 "-" "okhttp/4.9.2"
::1 - - [17/Aug/2022:05:40:01 +0000] "POST /api/v1/bills/receipt HTTP/1.0" 200 284 "-" "okhttp/4.9.2"
::ffff:127.0.0.1 - - [17/Aug/2022:05:40:01 +0000] "GET /api/v1/transactions/basket?limit=100&sort=-createdAt HTTP/1.0" 200 122 "-" "okhttp/4.9.2"
::1 - - [17/Aug/2022:05:40:02 +0000] "GET /api/v1/transactions/basket?limit=100&sort=-createdAt HTTP/1.0" 200 122 "-" "okhttp/4.9.2"
::ffff:127.0.0.1 - - [17/Aug/2022:05:40:20 +0000] "GET /api/v1/goods/62fc7f1d1bd68822c59f5a81 HTTP/1.0" 200 437 "-" "okhttp/4.9.2"
::1 - - [17/Aug/2022:05:40:20 +0000] "GET /api/v1/transactions/user?good=62fc7f1d1bd68822c59f5a81&sort=-createdAt HTTP/1.0" 200 574 "-" "okhttp/4.9.2"
::1 - - [17/Aug/2022:05:40:20 +0000] "GET /api/v1/transactions/basket?limit=100&sort=-createdAt HTTP/1.0" 304 - "-" "okhttp/4.9.2"
::ffff:127.0.0.1 - - [17/Aug/2022:05:40:20 +0000] "GET /api/v1/goods/user?limit=100 HTTP/1.0" 200 3084 "-" "okhttp/4.9.2"
::ffff:127.0.0.1 - - [17/Aug/2022:05:40:22 +0000] "GET /api/v1/transactions/basket?limit=100&sort=-createdAt HTTP/1.0" 304 - "-" "okhttp/4.9.2"
::1 - - [17/Aug/2022:05:40:22 +0000] "GET /api/v1/goods/user?limit=100 HTTP/1.0" 304 - "-" "okhttp/4.9.2"
::1 - - [17/Aug/2022:05:40:30 +0000] "GET /upload/undefined HTTP/1.0" 404 155 "-" "okhttp/4.9.2"
::1 - - [17/Aug/2022:05:40:30 +0000] "GET /api/v1/goods/62fc7f1d1bd68822c59f5a81 HTTP/1.0" 304 - "-" "okhttp/4.9.2"
::ffff:127.0.0.1 - - [17/Aug/2022:05:40:30 +0000] "GET /api/v1/transactions/user?good=62fc7f1d1bd68822c59f5a81&sort=-createdAt HTTP/1.0" 304 - "-" "okhttp/4.9.2"
::1 - - [17/Aug/2022:05:40:30 +0000] "GET /api/v1/transactions/basket?limit=100&sort=-createdAt HTTP/1.0" 304 - "-" "okhttp/4.9.2"
::ffff:127.0.0.1 - - [17/Aug/2022:05:40:30 +0000] "GET /api/v1/goods/user?limit=100 HTTP/1.0" 304 - "-" "okhttp/4.9.2"
::ffff:127.0.0.1 - - [17/Aug/2022:05:40:36 +0000] "GET /api/v1/goods/user?limit=100 HTTP/1.0" 304 - "-" "okhttp/4.9.2"
::1 - - [17/Aug/2022:05:40:40 +0000] "GET /upload/undefined HTTP/1.0" 404 155 "-" "okhttp/4.9.2"
::ffff:127.0.0.1 - - [17/Aug/2022:05:40:40 +0000] "GET /api/v1/goods/62f4a2598e470b4b6899ba12 HTTP/1.0" 304 - "-" "okhttp/4.9.2"
::1 - - [17/Aug/2022:05:40:40 +0000] "GET /api/v1/transactions/user?good=62f4a2598e470b4b6899ba12&sort=-createdAt HTTP/1.0" 200 1038 "-" "okhttp/4.9.2"
::ffff:127.0.0.1 - - [17/Aug/2022:05:40:40 +0000] "GET /api/v1/goods/user?limit=100 HTTP/1.0" 304 - "-" "okhttp/4.9.2"
::1 - - [17/Aug/2022:05:41:13 +0000] "GET /api/v1/goods/user?limit=100 HTTP/1.0" 304 - "-" "okhttp/4.9.2"
::ffff:127.0.0.1 - - [17/Aug/2022:05:42:11 +0000] "GET /api/v1/goods/user?limit=100 HTTP/1.0" 304 - "-" "okhttp/4.9.2"
::1 - - [17/Aug/2022:05:42:11 +0000] "GET /api/v1/transactions/basket?limit=100&sort=-createdAt HTTP/1.0" 304 - "-" "okhttp/4.9.2"
::ffff:127.0.0.1 - - [17/Aug/2022:05:43:45 +0000] "GET / HTTP/1.0" 404 139 "-" "Mozilla/5.0 (Windows NT 10.0; Win64; x64) AppleWebKit/537.36 (KHTML, like Gecko) Chrome/102.0.0.0 Safari/537.36"
::1 - - [17/Aug/2022:05:43:46 +0000] "GET /.git/HEAD HTTP/1.0" 404 148 "-" "Mozilla/5.0 (Windows NT 10.0; Win64; x64) AppleWebKit/537.36 (KHTML, like Gecko) Chrome/102.0.0.0 Safari/537.36"
::ffff:127.0.0.1 - - [17/Aug/2022:05:43:46 +0000] "GET /mftp/ HTTP/1.0" 404 144 "-" "Mozilla/5.0 (Windows NT 10.0; Win64; x64) AppleWebKit/537.36 (KHTML, like Gecko) Chrome/102.0.0.0 Safari/537.36"
::1 - - [17/Aug/2022:05:43:46 +0000] "GET /.env HTTP/1.0" 404 143 "-" "Mozilla/5.0 (Windows NT 10.0; Win64; x64) AppleWebKit/537.36 (KHTML, like Gecko) Chrome/102.0.0.0 Safari/537.36"
::ffff:127.0.0.1 - - [17/Aug/2022:05:46:27 +0000] "POST /api/v1/transactions HTTP/1.0" 200 254 "-" "okhttp/4.9.2"
::1 - - [17/Aug/2022:05:46:28 +0000] "GET /api/v1/transactions/basket?limit=100&sort=-createdAt HTTP/1.0" 200 452 "-" "okhttp/4.9.2"
::ffff:127.0.0.1 - - [17/Aug/2022:05:46:28 +0000] "GET /api/v1/transactions/basket?limit=100&sort=-createdAt HTTP/1.0" 200 452 "-" "okhttp/4.9.2"
::1 - - [17/Aug/2022:05:46:42 +0000] "POST /api/v1/transactions HTTP/1.0" 200 254 "-" "okhttp/4.9.2"
::ffff:127.0.0.1 - - [17/Aug/2022:05:46:43 +0000] "GET /api/v1/transactions/basket?limit=100&sort=-createdAt HTTP/1.0" 200 786 "-" "okhttp/4.9.2"
::1 - - [17/Aug/2022:05:46:43 +0000] "GET /api/v1/transactions/basket?limit=100&sort=-createdAt HTTP/1.0" 200 786 "-" "okhttp/4.9.2"
::ffff:127.0.0.1 - - [17/Aug/2022:05:48:33 +0000] "GET /api/v1/goods/user?limit=100 HTTP/1.0" 304 - "-" "okhttp/4.9.2"
::1 - - [17/Aug/2022:05:48:33 +0000] "GET /api/v1/transactions/basket?limit=100&sort=-createdAt HTTP/1.0" 304 - "-" "okhttp/4.9.2"
::ffff:127.0.0.1 - - [17/Aug/2022:05:48:37 +0000] "GET /api/v1/bills/user?limit=1000&sort=-createdAt&type=%D0%9E%D1%80%D0%BB%D0%BE%D0%B3%D0%BE HTTP/1.0" 200 1672 "-" "okhttp/4.9.2"
::ffff:127.0.0.1 - - [17/Aug/2022:05:48:48 +0000] "GET /api/v1/bills/user?limit=1000&sort=-createdAt&type=%D0%9E%D1%80%D0%BB%D0%BE%D0%B3%D0%BE HTTP/1.0" 304 - "-" "okhttp/4.9.2"
::1 - - [17/Aug/2022:05:48:48 +0000] "GET /api/v1/transactions/user?bill=62fc7f311bd68822c59f5a8d HTTP/1.0" 200 574 "-" "okhttp/4.9.2"
::1 - - [17/Aug/2022:05:48:54 +0000] "GET /api/v1/bills/user?limit=1000&sort=-createdAt&type=%D0%9E%D1%80%D0%BB%D0%BE%D0%B3%D0%BE HTTP/1.0" 304 - "-" "okhttp/4.9.2"
::ffff:127.0.0.1 - - [17/Aug/2022:05:48:57 +0000] "GET /api/v1/bills/user?limit=1000&sort=-createdAt&type=%D0%97%D0%B0%D1%80%D0%BB%D0%B0%D0%B3%D0%B0 HTTP/1.0" 200 635 "-" "okhttp/4.9.2"
::ffff:127.0.0.1 - - [17/Aug/2022:05:48:58 +0000] "GET /api/v1/bills/user?limit=1000&sort=-createdAt&type=%D0%97%D0%B0%D1%80%D0%BB%D0%B0%D0%B3%D0%B0 HTTP/1.0" 304 - "-" "okhttp/4.9.2"
::1 - - [17/Aug/2022:05:48:58 +0000] "GET /api/v1/transactions/user?bill=62f4a2808e470b4b6899ba5e HTTP/1.0" 200 578 "-" "okhttp/4.9.2"
::1 - - [17/Aug/2022:05:49:02 +0000] "GET /api/v1/bills/user?limit=1000&sort=-createdAt&type=%D0%97%D0%B0%D1%80%D0%BB%D0%B0%D0%B3%D0%B0 HTTP/1.0" 304 - "-" "okhttp/4.9.2"
::ffff:127.0.0.1 - - [17/Aug/2022:05:49:04 +0000] "GET /api/v1/transactions/basket?limit=100&sort=-createdAt HTTP/1.0" 304 - "-" "okhttp/4.9.2"
::1 - - [17/Aug/2022:05:49:04 +0000] "GET /api/v1/goods/user?limit=100 HTTP/1.0" 304 - "-" "okhttp/4.9.2"
::ffff:127.0.0.1 - - [17/Aug/2022:05:51:10 +0000] "POST /api/v1/transactions HTTP/1.0" 200 254 "-" "okhttp/4.9.2"
::1 - - [17/Aug/2022:05:51:11 +0000] "POST /api/v1/transactions HTTP/1.0" 200 255 "-" "okhttp/4.9.2"
::ffff:127.0.0.1 - - [17/Aug/2022:05:51:11 +0000] "GET /api/v1/transactions/basket?limit=100&sort=-createdAt HTTP/1.0" 200 1459 "-" "okhttp/4.9.2"
::1 - - [17/Aug/2022:05:51:11 +0000] "GET /api/v1/transactions/basket?limit=100&sort=-createdAt HTTP/1.0" 200 1459 "-" "okhttp/4.9.2"
::ffff:127.0.0.1 - - [17/Aug/2022:05:51:11 +0000] "GET /api/v1/transactions/basket?limit=100&sort=-createdAt HTTP/1.0" 304 - "-" "okhttp/4.9.2"
::1 - - [17/Aug/2022:05:51:12 +0000] "GET /api/v1/transactions/basket?limit=100&sort=-createdAt HTTP/1.0" 304 - "-" "okhttp/4.9.2"
::ffff:127.0.0.1 - - [17/Aug/2022:06:03:29 +0000] "GET /.git/config HTTP/1.0" 404 150 "-" "python-requests/2.28.1"
::1 - - [17/Aug/2022:07:01:01 +0000] "POST / HTTP/1.0" 404 140 "-" "Mozilla/5.0 (X11; Linux x86_64) AppleWebKit/537.36 (KHTML, like Gecko) Chrome/81.0.4044.129 Safari/537.36"
::ffff:127.0.0.1 - - [17/Aug/2022:07:01:01 +0000] "GET /.env HTTP/1.0" 404 143 "-" "Mozilla/5.0 (X11; Linux x86_64) AppleWebKit/537.36 (KHTML, like Gecko) Chrome/81.0.4044.129 Safari/537.36"
::1 - - [17/Aug/2022:07:29:36 +0000] "GET / HTTP/1.0" 404 139 "-" "python-requests/2.28.1"
::ffff:127.0.0.1 - - [17/Aug/2022:08:06:00 +0000] "GET /.env HTTP/1.0" 404 143 "-" "Mozilla/5.0 (X11; Linux x86_64) AppleWebKit/537.36 (KHTML, like Gecko) Chrome/81.0.4044.129 Safari/537.36"
::1 - - [17/Aug/2022:08:06:02 +0000] "POST / HTTP/1.0" 404 140 "-" "Mozilla/5.0 (X11; Linux x86_64) AppleWebKit/537.36 (KHTML, like Gecko) Chrome/81.0.4044.129 Safari/537.36"
::ffff:127.0.0.1 - - [17/Aug/2022:08:07:25 +0000] "GET / HTTP/1.0" 404 139 "-" "Mozilla/5.0"
::1 - - [17/Aug/2022:08:09:20 +0000] "GET / HTTP/1.0" 404 139 "-" "Mozilla/5.0 (Windows NT 6.1; WOW64) AppleWebKit/537.36 (KHTML, like Gecko) Chrome/51.0.2704.103 Safari/537.36"
::ffff:127.0.0.1 - - [17/Aug/2022:08:59:45 +0000] "GET / HTTP/1.0" 404 139 "-" "Mozilla/5.0 (Macintosh; Intel Mac OS X 10_15_7) AppleWebKit/537.36 (KHTML, like Gecko) Chrome/102.0.0.0 Safari/537.36"
::1 - - [17/Aug/2022:09:10:17 +0000] "GET / HTTP/1.0" 404 139 "-" "NetSystemsResearch studies the availability of various services across the internet. Our website is netsystemsresearch.com"
::ffff:127.0.0.1 - - [17/Aug/2022:09:25:59 +0000] "POST / HTTP/1.0" 404 140 "-" "Mozilla/5.0 (X11; Linux x86_64) AppleWebKit/537.36 (KHTML, like Gecko) Chrome/81.0.4044.129 Safari/537.36"
::1 - - [17/Aug/2022:09:25:59 +0000] "GET /.env HTTP/1.0" 404 143 "-" "Mozilla/5.0 (X11; Linux x86_64) AppleWebKit/537.36 (KHTML, like Gecko) Chrome/81.0.4044.129 Safari/537.36"
::ffff:127.0.0.1 - - [17/Aug/2022:09:26:29 +0000] "GET / HTTP/1.0" 404 139 "-" "curl/7.64.1"
::1 - - [17/Aug/2022:09:26:36 +0000] "GET / HTTP/1.0" 404 139 "-" "Mozilla/5.0 (Macintosh; Intel Mac OS X 10_15_7) AppleWebKit/537.36 (KHTML, like Gecko) Chrome/96.0.4664.110 Safari/537.36"
::ffff:127.0.0.1 - - [17/Aug/2022:09:26:37 +0000] "GET /favicon.ico HTTP/1.0" 404 150 "-" "Mozilla/5.0 (Macintosh; Intel Mac OS X 10_15_7) AppleWebKit/537.36 (KHTML, like Gecko) Chrome/96.0.4664.110 Safari/537.36"
::1 - - [17/Aug/2022:09:33:50 +0000] "GET / HTTP/1.0" 404 139 "-" "Mozilla/5.0 (Windows NT 10.0; Win64; x64) AppleWebKit/537.36 (KHTML, like Gecko) Chrome/60.0.3112.113 Safari/537.36"
::ffff:127.0.0.1 - - [17/Aug/2022:09:37:04 +0000] "GET / HTTP/1.0" 404 139 "-" "Mozilla/5.0 (Macintosh; Intel Mac OS X 10_11_6) AppleWebKit/601.7.7 (KHTML, like Gecko) Version/9.1.2 Safari/601.7.7"
::1 - - [17/Aug/2022:09:42:17 +0000] "GET /hudson HTTP/1.0" 404 145 "-" "Mozilla/5.0 zgrab/0.x"
::ffff:127.0.0.1 - - [17/Aug/2022:09:45:06 +0000] "GET / HTTP/1.0" 404 139 "-" "-"
::1 - - [17/Aug/2022:09:45:06 +0000] "GET / HTTP/1.0" 404 139 "-" "Mozilla/5.0 (compatible; CensysInspect/1.1; +https://about.censys.io/)"
::ffff:127.0.0.1 - - [17/Aug/2022:10:18:31 +0000] "GET / HTTP/1.0" 404 139 "-" "Linux Gnu (cow)"
::1 - - [17/Aug/2022:10:57:35 +0000] "GET /.env HTTP/1.0" 404 143 "-" "Mozilla/5.0 (X11; Linux x86_64) AppleWebKit/537.36 (KHTML, like Gecko) Chrome/81.0.4044.129 Safari/537.36"
::ffff:127.0.0.1 - - [17/Aug/2022:11:06:03 +0000] "GET /.env HTTP/1.0" 404 143 "-" "Mozilla/5.0 (X11; Linux x86_64) AppleWebKit/537.36 (KHTML, like Gecko) Chrome/81.0.4044.129 Safari/537.36"
::1 - - [17/Aug/2022:11:06:03 +0000] "POST / HTTP/1.0" 404 140 "-" "Mozilla/5.0 (X11; Linux x86_64) AppleWebKit/537.36 (KHTML, like Gecko) Chrome/81.0.4044.129 Safari/537.36"
::1 - - [17/Aug/2022:11:26:55 +0000] "GET /api/v1/categories HTTP/1.0" 304 - "-" "Naimaa/0.0.6 CFNetwork/1331.0.7 Darwin/21.4.0"
::ffff:127.0.0.1 - - [17/Aug/2022:11:26:55 +0000] "GET /api/v1/transactions/basket?limit=100&sort=-createdAt HTTP/1.0" 200 122 "-" "Naimaa/0.0.6 CFNetwork/1331.0.7 Darwin/21.4.0"
::1 - - [17/Aug/2022:11:26:56 +0000] "GET /api/v1/goods/user?limit=100 HTTP/1.0" 200 989 "-" "Naimaa/0.0.6 CFNetwork/1331.0.7 Darwin/21.4.0"
::1 - - [17/Aug/2022:11:26:58 +0000] "GET /api/v1/transactions/basket?limit=100&sort=-createdAt HTTP/1.0" 304 - "-" "Naimaa/0.0.6 CFNetwork/1331.0.7 Darwin/21.4.0"
::ffff:127.0.0.1 - - [17/Aug/2022:11:26:58 +0000] "GET /api/v1/goods/user?limit=100 HTTP/1.0" 304 - "-" "Naimaa/0.0.6 CFNetwork/1331.0.7 Darwin/21.4.0"
::1 - - [17/Aug/2022:11:27:00 +0000] "GET /api/v1/transactions/basket?limit=100&sort=-createdAt HTTP/1.0" 304 - "-" "Naimaa/0.0.6 CFNetwork/1331.0.7 Darwin/21.4.0"
::ffff:127.0.0.1 - - [17/Aug/2022:11:27:00 +0000] "GET /api/v1/goods/user?limit=100 HTTP/1.0" 304 - "-" "Naimaa/0.0.6 CFNetwork/1331.0.7 Darwin/21.4.0"
::1 - - [17/Aug/2022:11:27:01 +0000] "GET /api/v1/transactions/basket?limit=100&sort=-createdAt HTTP/1.0" 304 - "-" "Naimaa/0.0.6 CFNetwork/1331.0.7 Darwin/21.4.0"
::ffff:127.0.0.1 - - [17/Aug/2022:11:27:01 +0000] "GET /api/v1/goods/user?limit=100 HTTP/1.0" 304 - "-" "Naimaa/0.0.6 CFNetwork/1331.0.7 Darwin/21.4.0"
::ffff:127.0.0.1 - - [17/Aug/2022:11:27:01 +0000] "GET /api/v1/goods/user?limit=100 HTTP/1.0" 304 - "-" "Naimaa/0.0.6 CFNetwork/1331.0.7 Darwin/21.4.0"
::1 - - [17/Aug/2022:11:27:02 +0000] "GET /api/v1/goods/user?limit=100 HTTP/1.0" 304 - "-" "Naimaa/0.0.6 CFNetwork/1331.0.7 Darwin/21.4.0"
::ffff:127.0.0.1 - - [17/Aug/2022:11:27:04 +0000] "GET /api/v1/transactions/profit HTTP/1.0" 200 767 "-" "Naimaa/0.0.6 CFNetwork/1331.0.7 Darwin/21.4.0"
::1 - - [17/Aug/2022:11:27:08 +0000] "GET /api/v1/bills/user?limit=1000&sort=-createdAt&type=%D0%9E%D1%80%D0%BB%D0%BE%D0%B3%D0%BE HTTP/1.0" 200 371 "-" "Naimaa/0.0.6 CFNetwork/1331.0.7 Darwin/21.4.0"
::ffff:127.0.0.1 - - [17/Aug/2022:11:27:10 +0000] "GET /api/v1/bills/user?limit=1000&sort=-createdAt&type=%D0%97%D0%B0%D1%80%D0%BB%D0%B0%D0%B3%D0%B0 HTTP/1.0" 200 373 "-" "Naimaa/0.0.6 CFNetwork/1331.0.7 Darwin/21.4.0"
::1 - - [17/Aug/2022:11:27:11 +0000] "GET /api/v1/goods/user?limit=100 HTTP/1.0" 304 - "-" "Naimaa/0.0.6 CFNetwork/1331.0.7 Darwin/21.4.0"
::ffff:127.0.0.1 - - [17/Aug/2022:11:27:13 +0000] "GET /api/v1/templates?createUser=62fbbc03fd2881af5a4e559a HTTP/1.0" 304 - "-" "Naimaa/0.0.6 CFNetwork/1331.0.7 Darwin/21.4.0"
::ffff:127.0.0.1 - - [17/Aug/2022:11:27:14 +0000] "GET /api/v1/templates?createUser=62fbbc03fd2881af5a4e559a HTTP/1.0" 304 - "-" "Naimaa/0.0.6 CFNetwork/1331.0.7 Darwin/21.4.0"
::1 - - [17/Aug/2022:11:27:14 +0000] "GET /api/v1/transactions/user?template=62fbbcbbfd2881af5a4e55cb HTTP/1.0" 200 1162 "-" "Naimaa/0.0.6 CFNetwork/1331.0.7 Darwin/21.4.0"
::1 - - [17/Aug/2022:11:27:17 +0000] "GET /api/v1/templates?createUser=62fbbc03fd2881af5a4e559a HTTP/1.0" 304 - "-" "Naimaa/0.0.6 CFNetwork/1331.0.7 Darwin/21.4.0"
::ffff:127.0.0.1 - - [17/Aug/2022:11:27:17 +0000] "GET /api/v1/users/62fbbc03fd2881af5a4e559a HTTP/1.0" 304 - "-" "Naimaa/0.0.6 CFNetwork/1331.0.7 Darwin/21.4.0"
::1 - - [17/Aug/2022:11:27:17 +0000] "GET /api/v1/templates?createUser=62fbbc03fd2881af5a4e559a HTTP/1.0" 304 - "-" "Naimaa/0.0.6 CFNetwork/1331.0.7 Darwin/21.4.0"
::1 - - [17/Aug/2022:11:29:58 +0000] "GET /api/v1/transactions/basket?limit=100&sort=-createdAt HTTP/1.0" 304 - "-" "Naimaa/0.0.6 CFNetwork/1331.0.7 Darwin/21.4.0"
::ffff:127.0.0.1 - - [17/Aug/2022:11:29:59 +0000] "GET /api/v1/goods/user?limit=100 HTTP/1.0" 304 - "-" "Naimaa/0.0.6 CFNetwork/1331.0.7 Darwin/21.4.0"
::ffff:127.0.0.1 - - [17/Aug/2022:11:30:37 +0000] "GET / HTTP/1.0" 404 139 "-" "Linux Gnu (cow)"
::1 - - [17/Aug/2022:11:45:41 +0000] "GET /portal/redlion HTTP/1.0" 404 153 "-" "Mozilla/5.0 zgrab/0.x"
::ffff:127.0.0.1 - - [17/Aug/2022:11:45:50 +0000] "GET /actuator/health HTTP/1.0" 404 154 "-" "Mozilla/5.0 zgrab/0.x"
::1 - - [17/Aug/2022:11:46:59 +0000] "POST / HTTP/1.0" 404 140 "-" "Mozilla/5.0 (X11; Linux x86_64) AppleWebKit/537.36 (KHTML, like Gecko) Chrome/81.0.4044.129 Safari/537.36"
::ffff:127.0.0.1 - - [17/Aug/2022:11:47:00 +0000] "GET /.env HTTP/1.0" 404 143 "-" "Mozilla/5.0 (X11; Linux x86_64) AppleWebKit/537.36 (KHTML, like Gecko) Chrome/81.0.4044.129 Safari/537.36"
::1 - - [17/Aug/2022:12:06:49 +0000] "GET / HTTP/1.0" 404 139 "-" "Mozilla/5.0 (Windows NT 6.1; WOW64) AppleWebKit/537.36 (KHTML, like Gecko) Chrome/52.0.2743.116 Safari/537.36"
::ffff:127.0.0.1 - - [17/Aug/2022:12:33:24 +0000] "GET / HTTP/1.0" 404 139 "-" "<title>(.*?)<\/title>"
::1 - - [17/Aug/2022:12:35:56 +0000] "POST / HTTP/1.0" 404 140 "-" "Mozilla/5.0 (Macintosh;                 Intel Mac OS X 10_10_1) AppleWebKit/537.36 (KHTML,                 like Gecko) Chrome/39.0.2171.95 Safari/537.36"
::ffff:127.0.0.1 - - [17/Aug/2022:12:35:56 +0000] "GET /.env HTTP/1.0" 404 143 "-" "Mozilla/5.0 (Macintosh;                 Intel Mac OS X 10_10_1) AppleWebKit/537.36 (KHTML,                 like Gecko) Chrome/39.0.2171.95 Safari/537.36"
::1 - - [17/Aug/2022:12:35:57 +0000] "GET /vendor/.env HTTP/1.0" 404 150 "-" "Mozilla/5.0 (Macintosh;                 Intel Mac OS X 10_10_1) AppleWebKit/537.36 (KHTML,                 like Gecko) Chrome/39.0.2171.95 Safari/537.36"
::ffff:127.0.0.1 - - [17/Aug/2022:12:35:58 +0000] "GET /admin/.env HTTP/1.0" 404 149 "-" "Mozilla/5.0 (Macintosh;                 Intel Mac OS X 10_10_1) AppleWebKit/537.36 (KHTML,                 like Gecko) Chrome/39.0.2171.95 Safari/537.36"
::1 - - [17/Aug/2022:12:35:59 +0000] "GET /159.223.82.71/.env HTTP/1.0" 404 157 "-" "Mozilla/5.0 (Macintosh;                 Intel Mac OS X 10_10_1) AppleWebKit/537.36 (KHTML,                 like Gecko) Chrome/39.0.2171.95 Safari/537.36"
::ffff:127.0.0.1 - - [17/Aug/2022:12:35:59 +0000] "GET /vendor/phpunit/phpunit/src/Util/PHP/eval-stdin.php HTTP/1.0" 404 189 "-" "Mozilla/5.0 (Macintosh;                 Intel Mac OS X 10_10_1) AppleWebKit/537.36 (KHTML,                 like Gecko) Chrome/39.0.2171.95 Safari/537.36"
::1 - - [17/Aug/2022:12:57:15 +0000] "GET / HTTP/1.0" 404 139 "-" "Mozilla/5.0 (Windows NT 10.0; Win64; x64) AppleWebKit/537.36 (KHTML, like Gecko) Chrome/88.0.4324.190 Safari/537.36"
::ffff:127.0.0.1 - - [17/Aug/2022:13:13:08 +0000] "POST /vendor/phpunit/phpunit/src/Util/PHP/eval-stdin.php HTTP/1.0" 404 190 "-" "Mozilla/5.0 (Windows NT 10.0; Win64; x64) AppleWebKit/537.36 (KHTML, like Gecko) Chrome/78.0.3904.108 Safari/537.36"
::1 - - [17/Aug/2022:13:51:15 +0000] "GET /vendor/phpunit/phpunit/src/Util/PHP/eval-stdin.php HTTP/1.0" 404 189 "-" "Mozilla/5.0 (Windows NT 10.0; Win64; x64) AppleWebKit/537.36 (KHTML, like Gecko) Chrome/78.0.3904.108 Safari/537.36"
::ffff:127.0.0.1 - - [17/Aug/2022:14:03:55 +0000] "POST / HTTP/1.0" 404 140 "-" "Mozilla/5.0 (X11; Linux x86_64) AppleWebKit/537.36 (KHTML, like Gecko) Chrome/81.0.4044.129 Safari/537.36"
::1 - - [17/Aug/2022:14:03:55 +0000] "GET /.env HTTP/1.0" 404 143 "-" "Mozilla/5.0 (X11; Linux x86_64) AppleWebKit/537.36 (KHTML, like Gecko) Chrome/81.0.4044.129 Safari/537.36"
::ffff:127.0.0.1 - - [17/Aug/2022:14:06:10 +0000] "GET /.env HTTP/1.0" 404 143 "-" "Mozilla/5.0 (X11; Linux x86_64) AppleWebKit/537.36 (KHTML, like Gecko) Chrome/81.0.4044.129 Safari/537.36"
::1 - - [17/Aug/2022:14:06:10 +0000] "POST / HTTP/1.0" 404 140 "-" "Mozilla/5.0 (X11; Linux x86_64) AppleWebKit/537.36 (KHTML, like Gecko) Chrome/81.0.4044.129 Safari/537.36"
::ffff:127.0.0.1 - - [17/Aug/2022:14:20:34 +0000] "GET /solr/admin/info/system?wt=json HTTP/1.0" 404 161 "-" "Mozilla/5.0 (Windows NT 10.0; Win64; x64) AppleWebKit/537.36 (KHTML, like Gecko) Chrome/78.0.3904.108 Safari/537.36"
::ffff:127.0.0.1 - - [17/Aug/2022:14:28:59 +0000] "GET /api/v1/categories HTTP/1.0" 304 - "-" "okhttp/4.9.2"
::1 - - [17/Aug/2022:14:28:59 +0000] "GET /api/v1/transactions/basket?limit=100&sort=-createdAt HTTP/1.0" 200 122 "-" "okhttp/4.9.2"
::1 - - [17/Aug/2022:14:28:59 +0000] "GET /api/v1/goods/user?limit=100 HTTP/1.0" 200 2692 "-" "okhttp/4.9.2"
::ffff:127.0.0.1 - - [17/Aug/2022:14:29:17 +0000] "GET /api/v1/transactions/basket?limit=100&sort=-createdAt HTTP/1.0" 304 - "-" "okhttp/4.9.2"
::1 - - [17/Aug/2022:14:29:17 +0000] "GET /api/v1/goods/user?limit=100 HTTP/1.0" 304 - "-" "okhttp/4.9.2"
::ffff:127.0.0.1 - - [17/Aug/2022:14:29:18 +0000] "GET /api/v1/goods/user?limit=100 HTTP/1.0" 304 - "-" "okhttp/4.9.2"
::ffff:127.0.0.1 - - [17/Aug/2022:14:29:21 +0000] "GET /api/v1/transactions/basket?limit=100&sort=-createdAt HTTP/1.0" 304 - "-" "okhttp/4.9.2"
::1 - - [17/Aug/2022:14:29:22 +0000] "GET /api/v1/goods/user?limit=100 HTTP/1.0" 304 - "-" "okhttp/4.9.2"
::1 - - [17/Aug/2022:14:29:51 +0000] "GET /api/v1/categories HTTP/1.0" 304 - "-" "okhttp/4.9.2"
::ffff:127.0.0.1 - - [17/Aug/2022:14:29:52 +0000] "GET /api/v1/transactions/basket?limit=100&sort=-createdAt HTTP/1.0" 304 - "-" "okhttp/4.9.2"
::1 - - [17/Aug/2022:14:29:52 +0000] "GET /api/v1/goods/user?limit=100 HTTP/1.0" 304 - "-" "okhttp/4.9.2"
::ffff:127.0.0.1 - - [17/Aug/2022:14:29:58 +0000] "GET /api/v1/transactions/basket?limit=100&sort=-createdAt HTTP/1.0" 304 - "-" "okhttp/4.9.2"
::1 - - [17/Aug/2022:14:29:58 +0000] "GET /api/v1/goods/user?limit=100 HTTP/1.0" 304 - "-" "okhttp/4.9.2"
::ffff:127.0.0.1 - - [17/Aug/2022:14:30:02 +0000] "GET /api/v1/goods/user?limit=100 HTTP/1.0" 304 - "-" "okhttp/4.9.2"
::ffff:127.0.0.1 - - [17/Aug/2022:14:30:02 +0000] "GET /api/v1/transactions/basket?limit=100&sort=-createdAt HTTP/1.0" 304 - "-" "okhttp/4.9.2"
::1 - - [17/Aug/2022:14:30:02 +0000] "GET /api/v1/goods/user?limit=100 HTTP/1.0" 304 - "-" "okhttp/4.9.2"
::1 - - [17/Aug/2022:14:30:09 +0000] "GET /api/v1/goods/user?limit=100 HTTP/1.0" 304 - "-" "okhttp/4.9.2"
::ffff:127.0.0.1 - - [17/Aug/2022:14:30:13 +0000] "GET /api/v1/bills/user?limit=1000&sort=-createdAt&type=%D0%9E%D1%80%D0%BB%D0%BE%D0%B3%D0%BE HTTP/1.0" 200 1930 "-" "okhttp/4.9.2"
::1 - - [17/Aug/2022:14:30:16 +0000] "GET /api/v1/bills/user?limit=1000&sort=-createdAt&type=%D0%97%D0%B0%D1%80%D0%BB%D0%B0%D0%B3%D0%B0 HTTP/1.0" 200 1957 "-" "okhttp/4.9.2"
::ffff:127.0.0.1 - - [17/Aug/2022:14:30:18 +0000] "GET /api/v1/goods/user?limit=100 HTTP/1.0" 304 - "-" "okhttp/4.9.2"
::1 - - [17/Aug/2022:14:30:27 +0000] "GET /api/v1/transactions/basket?limit=100&sort=-createdAt HTTP/1.0" 304 - "-" "okhttp/4.9.2"
::ffff:127.0.0.1 - - [17/Aug/2022:14:30:27 +0000] "GET /api/v1/goods/user?limit=100 HTTP/1.0" 304 - "-" "okhttp/4.9.2"
::1 - - [17/Aug/2022:14:43:09 +0000] "GET / HTTP/1.0" 404 139 "-" "Mozilla/5.0 (X11; Linux x86_64) AppleWebKit/537.36 (KHTML, like Gecko) Chrome/86.0.4 240.111 Safari/537.36"
::ffff:127.0.0.1 - - [17/Aug/2022:14:43:38 +0000] "GET / HTTP/1.0" 404 139 "-" "Mozilla/5.0 (Windows NT 6.1; WOW64) AppleWebKit/537.36 (KHTML, like Gecko) Chrome/52.0.2743.116 Safari/537.36"
::1 - - [17/Aug/2022:14:49:17 +0000] "GET /c/ HTTP/1.0" 404 141 "-" "Mozilla/5.0 (Windows NT 5.1; Win64; x64) AppleWebKit/537.36 (KHTML, like Gecko) Chrome/60.0.3112.90 Safari/537.36"
::ffff:127.0.0.1 - - [17/Aug/2022:14:49:46 +0000] "GET / HTTP/1.0" 404 139 "-" "-"
::1 - - [17/Aug/2022:14:51:28 +0000] "GET /index.php?s=/Index/\think\app/invokefunction&function=call_user_func_array&vars[0]=md5&vars[1][]=HelloThinkPHP21 HTTP/1.0" 404 148 "-" "Mozilla/5.0 (Windows NT 10.0; Win64; x64) AppleWebKit/537.36 (KHTML, like Gecko) Chrome/78.0.3904.108 Safari/537.36"
::1 - - [17/Aug/2022:15:13:34 +0000] "GET / HTTP/1.0" 404 139 "-" "Mozilla/5.0 (Windows NT 6.1; WOW64) AppleWebKit/537.36 (KHTML, like Gecko) Chrome/52.0.2743.116 Safari/537.36"
::ffff:127.0.0.1 - - [17/Aug/2022:15:24:31 +0000] "GET / HTTP/1.0" 404 139 "-" "-"
::1 - - [17/Aug/2022:15:31:36 +0000] "GET / HTTP/1.0" 404 139 "-" "l9tcpid/v1.1.0"
::ffff:127.0.0.1 - - [17/Aug/2022:15:32:48 +0000] "GET / HTTP/1.0" 404 139 "-" "-"
::1 - - [17/Aug/2022:15:32:48 +0000] "POST /HNAP1/ HTTP/1.0" 404 146 "-" "Mozila/5.0"
::ffff:127.0.0.1 - - [17/Aug/2022:15:44:37 +0000] "GET / HTTP/1.0" 404 139 "-" "Mozilla/5.0 (Windows NT 6.1; WOW64; rv:8.0) Gecko/20100101 Firefox/8.0"
::1 - - [17/Aug/2022:15:45:46 +0000] "GET /?a=fetch&content=<php>die(@md5(HelloThinkCMF))</php> HTTP/1.0" 404 139 "-" "Mozilla/5.0 (Windows NT 10.0; Win64; x64) AppleWebKit/537.36 (KHTML, like Gecko) Chrome/78.0.3904.108 Safari/537.36"
::1 - - [17/Aug/2022:16:18:52 +0000] "POST / HTTP/1.0" 404 140 "-" "Mozilla/5.0 (X11; Linux x86_64) AppleWebKit/537.36 (KHTML, like Gecko) Chrome/81.0.4044.129 Safari/537.36"
::ffff:127.0.0.1 - - [17/Aug/2022:16:18:53 +0000] "GET /.env HTTP/1.0" 404 143 "-" "Mozilla/5.0 (X11; Linux x86_64) AppleWebKit/537.36 (KHTML, like Gecko) Chrome/81.0.4044.129 Safari/537.36"
::1 - - [17/Aug/2022:16:28:21 +0000] "GET /?XDEBUG_SESSION_START=phpstorm HTTP/1.0" 404 139 "-" "Mozilla/5.0 (Windows NT 10.0; Win64; x64) AppleWebKit/537.36 (KHTML, like Gecko) Chrome/78.0.3904.108 Safari/537.36"
::ffff:127.0.0.1 - - [17/Aug/2022:16:38:34 +0000] "GET / HTTP/1.0" 404 139 "-" "-"
::1 - - [17/Aug/2022:16:52:44 +0000] "GET / HTTP/1.0" 404 139 "-" "Linux Gnu (cow)"
::ffff:127.0.0.1 - - [17/Aug/2022:16:56:16 +0000] "GET /console/ HTTP/1.0" 404 147 "-" "Mozilla/5.0 (Windows NT 10.0; Win64; x64) AppleWebKit/537.36 (KHTML, like Gecko) Chrome/78.0.3904.108 Safari/537.36"
::1 - - [17/Aug/2022:16:56:38 +0000] "GET / HTTP/1.0" 404 139 "-" "'Mozilla/5.0"
::ffff:127.0.0.1 - - [17/Aug/2022:17:06:28 +0000] "GET /.env HTTP/1.0" 404 143 "-" "Mozilla/5.0 (X11; Linux x86_64) AppleWebKit/537.36 (KHTML, like Gecko) Chrome/81.0.4044.129 Safari/537.36"
::1 - - [17/Aug/2022:17:06:29 +0000] "POST / HTTP/1.0" 404 140 "-" "Mozilla/5.0 (X11; Linux x86_64) AppleWebKit/537.36 (KHTML, like Gecko) Chrome/81.0.4044.129 Safari/537.36"
::1 - - [17/Aug/2022:17:23:02 +0000] "POST /Autodiscover/Autodiscover.xml HTTP/1.0" 404 169 "-" "Mozilla/5.0 (Windows NT 10.0; Win64; x64) AppleWebKit/537.36 (KHTML, like Gecko) Chrome/78.0.3904.108 Safari/537.36"
::1 - - [17/Aug/2022:17:39:26 +0000] "GET / HTTP/1.0" 404 139 "-" "python-requests/2.28.1"
::ffff:127.0.0.1 - - [17/Aug/2022:18:03:47 +0000] "GET /_ignition/execute-solution HTTP/1.0" 404 165 "-" "Mozilla/5.0 (Windows NT 10.0; Win64; x64) AppleWebKit/537.36 (KHTML, like Gecko) Chrome/78.0.3904.108 Safari/537.36"
::1 - - [17/Aug/2022:18:14:14 +0000] "GET / HTTP/1.0" 404 139 "-" "Mozilla/5.0 (Macintosh; Intel Mac OS X 10_15_7) AppleWebKit/537.36 (KHTML, like Gecko) Chrome/102.0.0.0 Safari/537.36"
::ffff:127.0.0.1 - - [17/Aug/2022:18:17:42 +0000] "GET / HTTP/1.0" 404 139 "-" "Mozilla/5.0 (Macintosh; Intel Mac OS X 10.11; rv:47.0) Gecko/20100101 Firefox/47.0"
::1 - - [17/Aug/2022:18:52:55 +0000] "GET / HTTP/1.0" 404 139 "-" "Mozilla/5.0 zgrab/0.x"
::ffff:127.0.0.1 - - [17/Aug/2022:19:09:30 +0000] "POST / HTTP/1.0" 404 140 "-" "Mozilla/5.0 (X11; Linux x86_64) AppleWebKit/537.36 (KHTML, like Gecko) Chrome/81.0.4044.129 Safari/537.36"
::1 - - [17/Aug/2022:19:09:31 +0000] "GET /.env HTTP/1.0" 404 143 "-" "Mozilla/5.0 (X11; Linux x86_64) AppleWebKit/537.36 (KHTML, like Gecko) Chrome/81.0.4044.129 Safari/537.36"
::ffff:127.0.0.1 - - [17/Aug/2022:19:09:45 +0000] "GET / HTTP/1.0" 404 139 "-" "Mozilla/5.0 (Windows NT 10.0; Win64; x64) AppleWebKit/537.36 (KHTML, like Gecko) Chrome/78.0.3904.108 Safari/537.36"
::1 - - [17/Aug/2022:20:06:12 +0000] "GET /.env HTTP/1.0" 404 143 "-" "Mozilla/5.0 (X11; Linux x86_64) AppleWebKit/537.36 (KHTML, like Gecko) Chrome/81.0.4044.129 Safari/537.36"
::ffff:127.0.0.1 - - [17/Aug/2022:20:06:14 +0000] "POST / HTTP/1.0" 404 140 "-" "Mozilla/5.0 (X11; Linux x86_64) AppleWebKit/537.36 (KHTML, like Gecko) Chrome/81.0.4044.129 Safari/537.36"
::1 - - [17/Aug/2022:20:07:05 +0000] "GET / HTTP/1.0" 404 139 "-" "Mozilla/5.0 (Windows NT 10.0; Win64; x64) AppleWebKit/537.36 (KHTML, like Gecko) Chrome/78.0.3904.108 Safari/537.36"
::1 - - [17/Aug/2022:20:38:45 +0000] "GET /.env HTTP/1.0" 404 143 "-" "Mozilla/5.0 (X11; Linux x86_64) AppleWebKit/537.36 (KHTML, like Gecko) Chrome/81.0.4044.129 Safari/537.36"
::ffff:127.0.0.1 - - [17/Aug/2022:20:53:13 +0000] "GET /actuator/gateway/routes HTTP/1.0" 404 162 "-" "Mozilla/5.0 (Windows NT 10.0; Win64; x64) AppleWebKit/537.36 (KHTML, like Gecko) Chrome/78.0.3904.108 Safari/537.36"
::1 - - [17/Aug/2022:20:55:29 +0000] "GET /.env HTTP/1.0" 404 143 "-" "Mozilla/5.0 (X11; Linux x86_64) AppleWebKit/537.36 (KHTML, like Gecko) Chrome/81.0.4044.129 Safari/537.36"
::ffff:127.0.0.1 - - [17/Aug/2022:21:05:21 +0000] "POST / HTTP/1.0" 404 140 "-" "Mozilla/5.0 (X11; Linux x86_64) AppleWebKit/537.36 (KHTML, like Gecko) Chrome/81.0.4044.129 Safari/537.36"
::1 - - [17/Aug/2022:21:05:21 +0000] "GET /.env HTTP/1.0" 404 143 "-" "Mozilla/5.0 (X11; Linux x86_64) AppleWebKit/537.36 (KHTML, like Gecko) Chrome/81.0.4044.129 Safari/537.36"
::ffff:127.0.0.1 - - [17/Aug/2022:21:25:23 +0000] "GET / HTTP/1.0" 404 139 "-" "-"
::1 - - [17/Aug/2022:21:25:24 +0000] "GET / HTTP/1.0" 404 139 "-" "Mozilla/5.0 (compatible; CensysInspect/1.1; +https://about.censys.io/)"
::ffff:127.0.0.1 - - [17/Aug/2022:21:28:31 +0000] "GET /.env HTTP/1.0" 404 143 "-" "Mozilla/5.0 (X11; Linux x86_64) AppleWebKit/537.36 (KHTML, like Gecko) Chrome/81.0.4044.129 Safari/537.36"
::1 - - [17/Aug/2022:22:38:51 +0000] "GET / HTTP/1.0" 404 139 "-" "Linux Gnu (cow)"
::ffff:127.0.0.1 - - [17/Aug/2022:23:05:48 +0000] "GET /.env HTTP/1.0" 404 143 "-" "Mozilla/5.0 (X11; Linux x86_64) AppleWebKit/537.36 (KHTML, like Gecko) Chrome/81.0.4044.129 Safari/537.36"
::1 - - [17/Aug/2022:23:05:49 +0000] "POST / HTTP/1.0" 404 140 "-" "Mozilla/5.0 (X11; Linux x86_64) AppleWebKit/537.36 (KHTML, like Gecko) Chrome/81.0.4044.129 Safari/537.36"
