::ffff:127.0.0.1 - - [27/Jul/2022:23:47:21 +0000] "GET /api/v1/transactions/user?template=62e1c8bb99e2a94b91d42e87 HTTP/1.0" 304 - "-" "Expo/2.24.3.1014878 CFNetwork/1331.0.7 Darwin/21.4.0"
::1 - - [27/Jul/2022:23:47:38 +0000] "GET /api/v1/transactions/user?template=62e1c8bb99e2a94b91d42e87 HTTP/1.0" 304 - "-" "Expo/2.24.3.1014878 CFNetwork/1331.0.7 Darwin/21.4.0"
::ffff:127.0.0.1 - - [27/Jul/2022:23:47:44 +0000] "GET /api/v1/goods/user?limit=100 HTTP/1.0" 304 - "-" "Expo/2.24.3.1014878 CFNetwork/1331.0.7 Darwin/21.4.0"
::ffff:127.0.0.1 - - [27/Jul/2022:23:47:45 +0000] "GET /upload/undefined HTTP/1.0" 404 155 "-" "Expo/2.24.3.1014878 CFNetwork/1331.0.7 Darwin/21.4.0"
::1 - - [27/Jul/2022:23:47:45 +0000] "GET /api/v1/goods/62e1c78199e2a94b91d42e5a HTTP/1.0" 200 428 "-" "Expo/2.24.3.1014878 CFNetwork/1331.0.7 Darwin/21.4.0"
::ffff:127.0.0.1 - - [27/Jul/2022:23:47:46 +0000] "GET /api/v1/transactions/user?good=62e1c78199e2a94b91d42e5a&sort=-createdAt HTTP/1.0" 200 2400 "-" "Expo/2.24.3.1014878 CFNetwork/1331.0.7 Darwin/21.4.0"
::1 - - [27/Jul/2022:23:47:46 +0000] "GET /api/v1/goods/user?limit=100 HTTP/1.0" 304 - "-" "Expo/2.24.3.1014878 CFNetwork/1331.0.7 Darwin/21.4.0"
::ffff:127.0.0.1 - - [27/Jul/2022:23:47:47 +0000] "GET /api/v1/goods/user?limit=100 HTTP/1.0" 304 - "-" "Expo/2.24.3.1014878 CFNetwork/1331.0.7 Darwin/21.4.0"
::1 - - [27/Jul/2022:23:47:47 +0000] "GET /api/v1/bills/user?limit=1000&sort=-createdAt HTTP/1.0" 200 4802 "-" "Expo/2.24.3.1014878 CFNetwork/1331.0.7 Darwin/21.4.0"
::ffff:127.0.0.1 - - [27/Jul/2022:23:47:48 +0000] "GET /api/v1/goods/user?limit=100 HTTP/1.0" 304 - "-" "Expo/2.24.3.1014878 CFNetwork/1331.0.7 Darwin/21.4.0"
::1 - - [27/Jul/2022:23:47:48 +0000] "GET /api/v1/transactions/user?bill=62e1cb6699e2a94b91d43053 HTTP/1.0" 200 118 "-" "Expo/2.24.3.1014878 CFNetwork/1331.0.7 Darwin/21.4.0"
::ffff:127.0.0.1 - - [27/Jul/2022:23:47:48 +0000] "GET /api/v1/bills/user?limit=1000&sort=-createdAt HTTP/1.0" 304 - "-" "Expo/2.24.3.1014878 CFNetwork/1331.0.7 Darwin/21.4.0"
::1 - - [27/Jul/2022:23:47:50 +0000] "GET /api/v1/bills/user?limit=1000&sort=-createdAt HTTP/1.0" 304 - "-" "Expo/2.24.3.1014878 CFNetwork/1331.0.7 Darwin/21.4.0"
::1 - - [27/Jul/2022:23:47:50 +0000] "GET /api/v1/transactions/basket?limit=100&sort=-createdAt HTTP/1.0" 304 - "-" "Expo/2.24.3.1014878 CFNetwork/1331.0.7 Darwin/21.4.0"
::ffff:127.0.0.1 - - [27/Jul/2022:23:47:50 +0000] "GET /api/v1/bills/user?limit=1000&sort=-createdAt HTTP/1.0" 304 - "-" "Expo/2.24.3.1014878 CFNetwork/1331.0.7 Darwin/21.4.0"
::ffff:127.0.0.1 - - [27/Jul/2022:23:47:50 +0000] "GET /api/v1/goods/user?limit=100 HTTP/1.0" 304 - "-" "Expo/2.24.3.1014878 CFNetwork/1331.0.7 Darwin/21.4.0"
::1 - - [27/Jul/2022:23:47:52 +0000] "GET /api/v1/categories HTTP/1.0" 304 - "-" "Expo/2.24.3.1014878 CFNetwork/1331.0.7 Darwin/21.4.0"
::1 - - [27/Jul/2022:23:47:52 +0000] "GET /api/v1/transactions/basket?limit=100&sort=-createdAt HTTP/1.0" 304 - "-" "Expo/2.24.3.1014878 CFNetwork/1331.0.7 Darwin/21.4.0"
::ffff:127.0.0.1 - - [27/Jul/2022:23:47:52 +0000] "GET /api/v1/goods/user?limit=100 HTTP/1.0" 304 - "-" "Expo/2.24.3.1014878 CFNetwork/1331.0.7 Darwin/21.4.0"
::ffff:127.0.0.1 - - [27/Jul/2022:23:47:53 +0000] "GET /api/v1/transactions/basket?limit=100&sort=-createdAt HTTP/1.0" 304 - "-" "Expo/2.24.3.1014878 CFNetwork/1331.0.7 Darwin/21.4.0"
::1 - - [27/Jul/2022:23:47:53 +0000] "GET /api/v1/goods/user?limit=100 HTTP/1.0" 304 - "-" "Expo/2.24.3.1014878 CFNetwork/1331.0.7 Darwin/21.4.0"
::ffff:127.0.0.1 - - [27/Jul/2022:23:47:54 +0000] "GET /api/v1/transactions/basket?limit=100&sort=-createdAt HTTP/1.0" 304 - "-" "Expo/2.24.3.1014878 CFNetwork/1331.0.7 Darwin/21.4.0"
::1 - - [27/Jul/2022:23:47:54 +0000] "GET /api/v1/goods/user?limit=100 HTTP/1.0" 304 - "-" "Expo/2.24.3.1014878 CFNetwork/1331.0.7 Darwin/21.4.0"
::ffff:127.0.0.1 - - [27/Jul/2022:23:47:57 +0000] "GET /api/v1/templates?createUser=62e1c73199e2a94b91d42e4a HTTP/1.0" 304 - "-" "Expo/2.24.3.1014878 CFNetwork/1331.0.7 Darwin/21.4.0"
::1 - - [27/Jul/2022:23:48:37 +0000] "GET /api/v1/categories HTTP/1.0" 304 - "-" "Expo/2.24.3.1014878 CFNetwork/1331.0.7 Darwin/21.4.0"
::1 - - [27/Jul/2022:23:48:37 +0000] "GET /api/v1/transactions/basket?limit=100&sort=-createdAt HTTP/1.0" 304 - "-" "Expo/2.24.3.1014878 CFNetwork/1331.0.7 Darwin/21.4.0"
::ffff:127.0.0.1 - - [27/Jul/2022:23:48:37 +0000] "GET /api/v1/goods/user?limit=100 HTTP/1.0" 304 - "-" "Expo/2.24.3.1014878 CFNetwork/1331.0.7 Darwin/21.4.0"
::ffff:127.0.0.1 - - [27/Jul/2022:23:48:42 +0000] "GET /api/v1/templates?createUser=62e1c73199e2a94b91d42e4a HTTP/1.0" 304 - "-" "Expo/2.24.3.1014878 CFNetwork/1331.0.7 Darwin/21.4.0"
::ffff:127.0.0.1 - - [27/Jul/2022:23:48:42 +0000] "GET /api/v1/transactions/basket?limit=100&sort=-createdAt HTTP/1.0" 304 - "-" "Expo/2.24.3.1014878 CFNetwork/1331.0.7 Darwin/21.4.0"
::1 - - [27/Jul/2022:23:48:42 +0000] "GET /api/v1/goods/user?limit=100 HTTP/1.0" 304 - "-" "Expo/2.24.3.1014878 CFNetwork/1331.0.7 Darwin/21.4.0"
::ffff:127.0.0.1 - - [27/Jul/2022:23:48:43 +0000] "GET /api/v1/templates?createUser=62e1c73199e2a94b91d42e4a HTTP/1.0" 304 - "-" "Expo/2.24.3.1014878 CFNetwork/1331.0.7 Darwin/21.4.0"
::1 - - [27/Jul/2022:23:48:43 +0000] "GET /api/v1/transactions/user?template=62e1c8bb99e2a94b91d42e87 HTTP/1.0" 304 - "-" "Expo/2.24.3.1014878 CFNetwork/1331.0.7 Darwin/21.4.0"
::1 - - [27/Jul/2022:23:49:23 +0000] "GET /api/v1/transactions/user?template=62e1c8bb99e2a94b91d42e87 HTTP/1.0" 304 - "-" "Expo/2.24.3.1014878 CFNetwork/1331.0.7 Darwin/21.4.0"
::ffff:127.0.0.1 - - [27/Jul/2022:23:49:43 +0000] "GET /api/v1/transactions/user?template=62e1c8bb99e2a94b91d42e87 HTTP/1.0" 304 - "-" "Expo/2.24.3.1014878 CFNetwork/1331.0.7 Darwin/21.4.0"
::1 - - [27/Jul/2022:23:50:39 +0000] "GET /api/v1/transactions/user?template=62e1c8bb99e2a94b91d42e87 HTTP/1.0" 304 - "-" "Expo/2.24.3.1014878 CFNetwork/1331.0.7 Darwin/21.4.0"
::ffff:127.0.0.1 - - [27/Jul/2022:23:50:48 +0000] "GET /api/v1/transactions/user?template=62e1c8bb99e2a94b91d42e87 HTTP/1.0" 304 - "-" "Expo/2.24.3.1014878 CFNetwork/1331.0.7 Darwin/21.4.0"
::1 - - [27/Jul/2022:23:51:02 +0000] "GET /api/v1/transactions/user?template=62e1c8bb99e2a94b91d42e87 HTTP/1.0" 304 - "-" "Expo/2.24.3.1014878 CFNetwork/1331.0.7 Darwin/21.4.0"
::ffff:127.0.0.1 - - [27/Jul/2022:23:51:14 +0000] "GET /api/v1/transactions/user?template=62e1c8bb99e2a94b91d42e87 HTTP/1.0" 304 - "-" "Expo/2.24.3.1014878 CFNetwork/1331.0.7 Darwin/21.4.0"
::1 - - [27/Jul/2022:23:51:40 +0000] "GET /api/v1/transactions/user?template=62e1c8bb99e2a94b91d42e87 HTTP/1.0" 304 - "-" "Expo/2.24.3.1014878 CFNetwork/1331.0.7 Darwin/21.4.0"
::ffff:127.0.0.1 - - [27/Jul/2022:23:51:45 +0000] "GET /api/v1/transactions/user?template=62e1c8bb99e2a94b91d42e87 HTTP/1.0" 304 - "-" "Expo/2.24.3.1014878 CFNetwork/1331.0.7 Darwin/21.4.0"
::1 - - [27/Jul/2022:23:52:03 +0000] "GET /api/v1/transactions/user?template=62e1c8bb99e2a94b91d42e87 HTTP/1.0" 304 - "-" "Expo/2.24.3.1014878 CFNetwork/1331.0.7 Darwin/21.4.0"
::ffff:127.0.0.1 - - [27/Jul/2022:23:52:11 +0000] "GET /api/v1/transactions/user?template=62e1c8bb99e2a94b91d42e87 HTTP/1.0" 304 - "-" "Expo/2.24.3.1014878 CFNetwork/1331.0.7 Darwin/21.4.0"
::1 - - [27/Jul/2022:23:52:16 +0000] "GET /api/v1/transactions/user?template=62e1c8bb99e2a94b91d42e87 HTTP/1.0" 304 - "-" "Expo/2.24.3.1014878 CFNetwork/1331.0.7 Darwin/21.4.0"
::ffff:127.0.0.1 - - [27/Jul/2022:23:52:22 +0000] "GET /api/v1/transactions/user?template=62e1c8bb99e2a94b91d42e87 HTTP/1.0" 304 - "-" "Expo/2.24.3.1014878 CFNetwork/1331.0.7 Darwin/21.4.0"
::1 - - [27/Jul/2022:23:52:25 +0000] "GET /api/v1/transactions/user?template=62e1c8bb99e2a94b91d42e87 HTTP/1.0" 304 - "-" "Expo/2.24.3.1014878 CFNetwork/1331.0.7 Darwin/21.4.0"
::ffff:127.0.0.1 - - [27/Jul/2022:23:52:29 +0000] "GET /api/v1/transactions/user?template=62e1c8bb99e2a94b91d42e87 HTTP/1.0" 304 - "-" "Expo/2.24.3.1014878 CFNetwork/1331.0.7 Darwin/21.4.0"
::1 - - [27/Jul/2022:23:52:36 +0000] "GET /api/v1/transactions/user?template=62e1c8bb99e2a94b91d42e87 HTTP/1.0" 304 - "-" "Expo/2.24.3.1014878 CFNetwork/1331.0.7 Darwin/21.4.0"
::ffff:127.0.0.1 - - [27/Jul/2022:23:52:46 +0000] "GET /api/v1/transactions/user?template=62e1c8bb99e2a94b91d42e87 HTTP/1.0" 304 - "-" "Expo/2.24.3.1014878 CFNetwork/1331.0.7 Darwin/21.4.0"
::1 - - [27/Jul/2022:23:52:50 +0000] "GET /api/v1/templates?createUser=62e1c73199e2a94b91d42e4a HTTP/1.0" 304 - "-" "Expo/2.24.3.1014878 CFNetwork/1331.0.7 Darwin/21.4.0"
::1 - - [27/Jul/2022:23:52:50 +0000] "GET /api/v1/templates?createUser=62e1c73199e2a94b91d42e4a HTTP/1.0" 304 - "-" "Expo/2.24.3.1014878 CFNetwork/1331.0.7 Darwin/21.4.0"
::ffff:127.0.0.1 - - [27/Jul/2022:23:52:50 +0000] "GET /api/v1/transactions/user?template=62e1cb6699e2a94b91d43051 HTTP/1.0" 304 - "-" "Expo/2.24.3.1014878 CFNetwork/1331.0.7 Darwin/21.4.0"
::1 - - [27/Jul/2022:23:52:52 +0000] "GET /api/v1/templates?createUser=62e1c73199e2a94b91d42e4a HTTP/1.0" 304 - "-" "Expo/2.24.3.1014878 CFNetwork/1331.0.7 Darwin/21.4.0"
::1 - - [27/Jul/2022:23:52:53 +0000] "GET /api/v1/templates?createUser=62e1c73199e2a94b91d42e4a HTTP/1.0" 304 - "-" "Expo/2.24.3.1014878 CFNetwork/1331.0.7 Darwin/21.4.0"
::ffff:127.0.0.1 - - [27/Jul/2022:23:52:53 +0000] "GET /api/v1/transactions/user?template=62e1c8bb99e2a94b91d42e87 HTTP/1.0" 304 - "-" "Expo/2.24.3.1014878 CFNetwork/1331.0.7 Darwin/21.4.0"
::ffff:127.0.0.1 - - [27/Jul/2022:23:52:56 +0000] "POST /api/v1/bills/receipt HTTP/1.0" 200 284 "-" "Expo/2.24.3.1014878 CFNetwork/1331.0.7 Darwin/21.4.0"
::1 - - [27/Jul/2022:23:52:58 +0000] "GET /api/v1/templates?createUser=62e1c73199e2a94b91d42e4a HTTP/1.0" 304 - "-" "Expo/2.24.3.1014878 CFNetwork/1331.0.7 Darwin/21.4.0"
::ffff:127.0.0.1 - - [27/Jul/2022:23:52:58 +0000] "GET /api/v1/templates?createUser=62e1c73199e2a94b91d42e4a HTTP/1.0" 304 - "-" "Expo/2.24.3.1014878 CFNetwork/1331.0.7 Darwin/21.4.0"
::1 - - [27/Jul/2022:23:52:58 +0000] "GET /api/v1/goods/user?limit=100 HTTP/1.0" 200 915 "-" "Expo/2.24.3.1014878 CFNetwork/1331.0.7 Darwin/21.4.0"
::ffff:127.0.0.1 - - [27/Jul/2022:23:53:01 +0000] "GET /api/v1/templates?createUser=62e1c73199e2a94b91d42e4a HTTP/1.0" 304 - "-" "Expo/2.24.3.1014878 CFNetwork/1331.0.7 Darwin/21.4.0"
::1 - - [27/Jul/2022:23:53:01 +0000] "GET /api/v1/goods/user?limit=100 HTTP/1.0" 304 - "-" "Expo/2.24.3.1014878 CFNetwork/1331.0.7 Darwin/21.4.0"
::1 - - [27/Jul/2022:23:53:01 +0000] "GET /api/v1/templates?createUser=62e1c73199e2a94b91d42e4a HTTP/1.0" 304 - "-" "Expo/2.24.3.1014878 CFNetwork/1331.0.7 Darwin/21.4.0"
::ffff:127.0.0.1 - - [27/Jul/2022:23:53:01 +0000] "GET /api/v1/transactions/user?template=62e1c8bb99e2a94b91d42e87 HTTP/1.0" 200 917 "-" "Expo/2.24.3.1014878 CFNetwork/1331.0.7 Darwin/21.4.0"
::ffff:127.0.0.1 - - [27/Jul/2022:23:53:03 +0000] "POST /api/v1/bills/receipt HTTP/1.0" 200 284 "-" "Expo/2.24.3.1014878 CFNetwork/1331.0.7 Darwin/21.4.0"
::1 - - [27/Jul/2022:23:53:05 +0000] "GET /api/v1/templates?createUser=62e1c73199e2a94b91d42e4a HTTP/1.0" 304 - "-" "Expo/2.24.3.1014878 CFNetwork/1331.0.7 Darwin/21.4.0"
::1 - - [27/Jul/2022:23:53:05 +0000] "GET /api/v1/templates?createUser=62e1c73199e2a94b91d42e4a HTTP/1.0" 304 - "-" "Expo/2.24.3.1014878 CFNetwork/1331.0.7 Darwin/21.4.0"
::ffff:127.0.0.1 - - [27/Jul/2022:23:53:05 +0000] "GET /api/v1/goods/user?limit=100 HTTP/1.0" 200 915 "-" "Expo/2.24.3.1014878 CFNetwork/1331.0.7 Darwin/21.4.0"
::ffff:127.0.0.1 - - [27/Jul/2022:23:53:30 +0000] "GET /api/v1/templates?createUser=62e1c73199e2a94b91d42e4a HTTP/1.0" 304 - "-" "Expo/2.24.3.1014878 CFNetwork/1331.0.7 Darwin/21.4.0"
::1 - - [27/Jul/2022:23:53:30 +0000] "GET /api/v1/goods/user?limit=100 HTTP/1.0" 304 - "-" "Expo/2.24.3.1014878 CFNetwork/1331.0.7 Darwin/21.4.0"
::1 - - [27/Jul/2022:23:53:32 +0000] "GET /api/v1/templates?createUser=62e1c73199e2a94b91d42e4a HTTP/1.0" 304 - "-" "Expo/2.24.3.1014878 CFNetwork/1331.0.7 Darwin/21.4.0"
::ffff:127.0.0.1 - - [27/Jul/2022:23:53:32 +0000] "GET /api/v1/transactions/user?template=62e1c8bb99e2a94b91d42e87 HTTP/1.0" 200 917 "-" "Expo/2.24.3.1014878 CFNetwork/1331.0.7 Darwin/21.4.0"
::ffff:127.0.0.1 - - [27/Jul/2022:23:53:48 +0000] "GET /api/v1/transactions/user?template=62e1c8bb99e2a94b91d42e87 HTTP/1.0" 304 - "-" "Expo/2.24.3.1014878 CFNetwork/1331.0.7 Darwin/21.4.0"
::1 - - [27/Jul/2022:23:53:52 +0000] "GET /api/v1/transactions/user?template=62e1c8bb99e2a94b91d42e87 HTTP/1.0" 304 - "-" "Expo/2.24.3.1014878 CFNetwork/1331.0.7 Darwin/21.4.0"
::ffff:127.0.0.1 - - [27/Jul/2022:23:54:59 +0000] "GET /api/v1/transactions/user?template=62e1c8bb99e2a94b91d42e87 HTTP/1.0" 304 - "-" "Expo/2.24.3.1014878 CFNetwork/1331.0.7 Darwin/21.4.0"
::1 - - [27/Jul/2022:23:55:07 +0000] "GET /api/v1/transactions/user?template=62e1c8bb99e2a94b91d42e87 HTTP/1.0" 304 - "-" "Expo/2.24.3.1014878 CFNetwork/1331.0.7 Darwin/21.4.0"
::ffff:127.0.0.1 - - [27/Jul/2022:23:55:08 +0000] "GET /api/v1/transactions/user?template=62e1c8bb99e2a94b91d42e87 HTTP/1.0" 304 - "-" "Expo/2.24.3.1014878 CFNetwork/1331.0.7 Darwin/21.4.0"
::1 - - [27/Jul/2022:23:55:12 +0000] "GET /api/v1/transactions/user?template=62e1c8bb99e2a94b91d42e87 HTTP/1.0" 304 - "-" "Expo/2.24.3.1014878 CFNetwork/1331.0.7 Darwin/21.4.0"
::ffff:127.0.0.1 - - [27/Jul/2022:23:55:20 +0000] "GET /api/v1/transactions/user?template=62e1c8bb99e2a94b91d42e87 HTTP/1.0" 304 - "-" "Expo/2.24.3.1014878 CFNetwork/1331.0.7 Darwin/21.4.0"
::1 - - [27/Jul/2022:23:55:22 +0000] "GET /api/v1/transactions/user?template=62e1c8bb99e2a94b91d42e87 HTTP/1.0" 304 - "-" "Expo/2.24.3.1014878 CFNetwork/1331.0.7 Darwin/21.4.0"
::ffff:127.0.0.1 - - [27/Jul/2022:23:55:26 +0000] "GET /api/v1/transactions/user?template=62e1c8bb99e2a94b91d42e87 HTTP/1.0" 304 - "-" "Expo/2.24.3.1014878 CFNetwork/1331.0.7 Darwin/21.4.0"
::1 - - [27/Jul/2022:23:55:27 +0000] "GET /api/v1/transactions/user?template=62e1c8bb99e2a94b91d42e87 HTTP/1.0" 304 - "-" "Expo/2.24.3.1014878 CFNetwork/1331.0.7 Darwin/21.4.0"
::ffff:127.0.0.1 - - [27/Jul/2022:23:55:31 +0000] "GET /api/v1/transactions/user?template=62e1c8bb99e2a94b91d42e87 HTTP/1.0" 304 - "-" "Expo/2.24.3.1014878 CFNetwork/1331.0.7 Darwin/21.4.0"
::1 - - [27/Jul/2022:23:55:35 +0000] "GET /api/v1/transactions/user?template=62e1c8bb99e2a94b91d42e87 HTTP/1.0" 304 - "-" "Expo/2.24.3.1014878 CFNetwork/1331.0.7 Darwin/21.4.0"
::ffff:127.0.0.1 - - [27/Jul/2022:23:55:37 +0000] "GET /api/v1/templates?createUser=62e1c73199e2a94b91d42e4a HTTP/1.0" 304 - "-" "Expo/2.24.3.1014878 CFNetwork/1331.0.7 Darwin/21.4.0"
::1 - - [27/Jul/2022:23:55:38 +0000] "GET /api/v1/transactions/user?template=62e1c8bb99e2a94b91d42e87 HTTP/1.0" 304 - "-" "Expo/2.24.3.1014878 CFNetwork/1331.0.7 Darwin/21.4.0"
::ffff:127.0.0.1 - - [27/Jul/2022:23:55:38 +0000] "GET /api/v1/templates?createUser=62e1c73199e2a94b91d42e4a HTTP/1.0" 304 - "-" "Expo/2.24.3.1014878 CFNetwork/1331.0.7 Darwin/21.4.0"
::1 - - [27/Jul/2022:23:56:26 +0000] "GET /api/v1/transactions/user?template=62e1c8bb99e2a94b91d42e87 HTTP/1.0" 304 - "-" "Expo/2.24.3.1014878 CFNetwork/1331.0.7 Darwin/21.4.0"
