::ffff:127.0.0.1 - - [27/Jul/2022:20:29:05 +0000] "GET /api/v1/goods/user?limit=100 HTTP/1.0" 304 - "-" "Expo/2.24.3.1014878 CFNetwork/1331.0.7 Darwin/21.4.0"
::ffff:127.0.0.1 - - [27/Jul/2022:20:29:29 +0000] "GET /api/v1/categories HTTP/1.0" 304 - "-" "Expo/2.24.3.1014878 CFNetwork/1331.0.7 Darwin/21.4.0"
::1 - - [27/Jul/2022:20:29:29 +0000] "GET /api/v1/transactions/basket?limit=100&sort=-createdAt HTTP/1.0" 304 - "-" "Expo/2.24.3.1014878 CFNetwork/1331.0.7 Darwin/21.4.0"
::ffff:127.0.0.1 - - [27/Jul/2022:20:29:29 +0000] "GET /api/v1/goods/user?limit=100 HTTP/1.0" 304 - "-" "Expo/2.24.3.1014878 CFNetwork/1331.0.7 Darwin/21.4.0"
::1 - - [27/Jul/2022:20:29:29 +0000] "GET /api/v1/transactions/basket?limit=100&sort=-createdAt HTTP/1.0" 304 - "-" "Expo/2.24.3.1014878 CFNetwork/1331.0.7 Darwin/21.4.0"
::1 - - [27/Jul/2022:20:29:29 +0000] "GET /api/v1/goods/user?limit=100 HTTP/1.0" 304 - "-" "Expo/2.24.3.1014878 CFNetwork/1331.0.7 Darwin/21.4.0"
::ffff:127.0.0.1 - - [27/Jul/2022:20:29:29 +0000] "GET /api/v1/goods/user?limit=100 HTTP/1.0" 304 - "-" "Expo/2.24.3.1014878 CFNetwork/1331.0.7 Darwin/21.4.0"
::ffff:127.0.0.1 - - [27/Jul/2022:20:29:30 +0000] "GET /upload/undefined HTTP/1.0" 404 155 "-" "Expo/2.24.3.1014878 CFNetwork/1331.0.7 Darwin/21.4.0"
::ffff:127.0.0.1 - - [27/Jul/2022:20:29:30 +0000] "GET /api/v1/goods/62e19bb5fd14d5479f57cb9a HTTP/1.0" 304 - "-" "Expo/2.24.3.1014878 CFNetwork/1331.0.7 Darwin/21.4.0"
::1 - - [27/Jul/2022:20:29:30 +0000] "GET /api/v1/transactions/user?good=62e19bb5fd14d5479f57cb9a&sort=-createdAt HTTP/1.0" 304 - "-" "Expo/2.24.3.1014878 CFNetwork/1331.0.7 Darwin/21.4.0"
::1 - - [27/Jul/2022:20:29:30 +0000] "GET /api/v1/goods/user?limit=100 HTTP/1.0" 304 - "-" "Expo/2.24.3.1014878 CFNetwork/1331.0.7 Darwin/21.4.0"
::1 - - [27/Jul/2022:20:29:59 +0000] "GET /api/v1/transactions/user?good=62e19bb5fd14d5479f57cb9a&sort=-createdAt HTTP/1.0" 304 - "-" "Expo/2.24.3.1014878 CFNetwork/1331.0.7 Darwin/21.4.0"
::ffff:127.0.0.1 - - [27/Jul/2022:20:29:59 +0000] "GET /api/v1/goods/62e19bb5fd14d5479f57cb9a HTTP/1.0" 304 - "-" "Expo/2.24.3.1014878 CFNetwork/1331.0.7 Darwin/21.4.0"
::1 - - [27/Jul/2022:20:30:21 +0000] "GET /api/v1/goods/62e19bb5fd14d5479f57cb9a HTTP/1.0" 304 - "-" "Expo/2.24.3.1014878 CFNetwork/1331.0.7 Darwin/21.4.0"
::ffff:127.0.0.1 - - [27/Jul/2022:20:30:21 +0000] "GET /api/v1/transactions/user?good=62e19bb5fd14d5479f57cb9a&sort=-createdAt HTTP/1.0" 304 - "-" "Expo/2.24.3.1014878 CFNetwork/1331.0.7 Darwin/21.4.0"
::1 - - [27/Jul/2022:20:30:36 +0000] "GET /api/v1/goods/62e19bb5fd14d5479f57cb9a HTTP/1.0" 304 - "-" "Expo/2.24.3.1014878 CFNetwork/1331.0.7 Darwin/21.4.0"
::ffff:127.0.0.1 - - [27/Jul/2022:20:30:36 +0000] "GET /api/v1/transactions/user?good=62e19bb5fd14d5479f57cb9a&sort=-createdAt HTTP/1.0" 304 - "-" "Expo/2.24.3.1014878 CFNetwork/1331.0.7 Darwin/21.4.0"
::1 - - [27/Jul/2022:20:32:26 +0000] "GET /api/v1/goods/62e19bb5fd14d5479f57cb9a HTTP/1.0" 304 - "-" "Expo/2.24.3.1014878 CFNetwork/1331.0.7 Darwin/21.4.0"
::ffff:127.0.0.1 - - [27/Jul/2022:20:32:26 +0000] "GET /api/v1/transactions/user?good=62e19bb5fd14d5479f57cb9a&sort=-createdAt HTTP/1.0" 304 - "-" "Expo/2.24.3.1014878 CFNetwork/1331.0.7 Darwin/21.4.0"
::1 - - [27/Jul/2022:20:32:39 +0000] "GET /api/v1/goods/62e19bb5fd14d5479f57cb9a HTTP/1.0" 304 - "-" "Expo/2.24.3.1014878 CFNetwork/1331.0.7 Darwin/21.4.0"
::ffff:127.0.0.1 - - [27/Jul/2022:20:32:39 +0000] "GET /api/v1/transactions/user?good=62e19bb5fd14d5479f57cb9a&sort=-createdAt HTTP/1.0" 304 - "-" "Expo/2.24.3.1014878 CFNetwork/1331.0.7 Darwin/21.4.0"
::1 - - [27/Jul/2022:20:32:49 +0000] "GET /api/v1/goods/62e19bb5fd14d5479f57cb9a HTTP/1.0" 304 - "-" "Expo/2.24.3.1014878 CFNetwork/1331.0.7 Darwin/21.4.0"
::ffff:127.0.0.1 - - [27/Jul/2022:20:32:49 +0000] "GET /api/v1/transactions/user?good=62e19bb5fd14d5479f57cb9a&sort=-createdAt HTTP/1.0" 304 - "-" "Expo/2.24.3.1014878 CFNetwork/1331.0.7 Darwin/21.4.0"
::1 - - [27/Jul/2022:20:33:10 +0000] "GET /api/v1/goods/62e19bb5fd14d5479f57cb9a HTTP/1.0" 304 - "-" "Expo/2.24.3.1014878 CFNetwork/1331.0.7 Darwin/21.4.0"
::ffff:127.0.0.1 - - [27/Jul/2022:20:33:10 +0000] "GET /api/v1/transactions/user?good=62e19bb5fd14d5479f57cb9a&sort=-createdAt HTTP/1.0" 304 - "-" "Expo/2.24.3.1014878 CFNetwork/1331.0.7 Darwin/21.4.0"
::1 - - [27/Jul/2022:20:33:15 +0000] "GET /api/v1/goods/62e19bb5fd14d5479f57cb9a HTTP/1.0" 304 - "-" "Expo/2.24.3.1014878 CFNetwork/1331.0.7 Darwin/21.4.0"
::ffff:127.0.0.1 - - [27/Jul/2022:20:33:15 +0000] "GET /api/v1/transactions/user?good=62e19bb5fd14d5479f57cb9a&sort=-createdAt HTTP/1.0" 304 - "-" "Expo/2.24.3.1014878 CFNetwork/1331.0.7 Darwin/21.4.0"
::ffff:127.0.0.1 - - [27/Jul/2022:20:33:46 +0000] "GET /api/v1/goods/62e19bb5fd14d5479f57cb9a HTTP/1.0" 304 - "-" "Expo/2.24.3.1014878 CFNetwork/1331.0.7 Darwin/21.4.0"
::1 - - [27/Jul/2022:20:33:46 +0000] "GET /api/v1/transactions/user?good=62e19bb5fd14d5479f57cb9a&sort=-createdAt HTTP/1.0" 304 - "-" "Expo/2.24.3.1014878 CFNetwork/1331.0.7 Darwin/21.4.0"
::1 - - [27/Jul/2022:20:33:50 +0000] "GET /api/v1/goods/62e19bb5fd14d5479f57cb9a HTTP/1.0" 304 - "-" "Expo/2.24.3.1014878 CFNetwork/1331.0.7 Darwin/21.4.0"
::ffff:127.0.0.1 - - [27/Jul/2022:20:33:50 +0000] "GET /api/v1/transactions/user?good=62e19bb5fd14d5479f57cb9a&sort=-createdAt HTTP/1.0" 304 - "-" "Expo/2.24.3.1014878 CFNetwork/1331.0.7 Darwin/21.4.0"
::1 - - [27/Jul/2022:20:33:51 +0000] "GET /api/v1/goods/62e19bb5fd14d5479f57cb9a HTTP/1.0" 304 - "-" "Expo/2.24.3.1014878 CFNetwork/1331.0.7 Darwin/21.4.0"
::ffff:127.0.0.1 - - [27/Jul/2022:20:33:52 +0000] "GET /api/v1/transactions/user?good=62e19bb5fd14d5479f57cb9a&sort=-createdAt HTTP/1.0" 304 - "-" "Expo/2.24.3.1014878 CFNetwork/1331.0.7 Darwin/21.4.0"
::1 - - [27/Jul/2022:20:33:54 +0000] "GET /api/v1/goods/62e19bb5fd14d5479f57cb9a HTTP/1.0" 304 - "-" "Expo/2.24.3.1014878 CFNetwork/1331.0.7 Darwin/21.4.0"
::ffff:127.0.0.1 - - [27/Jul/2022:20:33:54 +0000] "GET /api/v1/transactions/user?good=62e19bb5fd14d5479f57cb9a&sort=-createdAt HTTP/1.0" 304 - "-" "Expo/2.24.3.1014878 CFNetwork/1331.0.7 Darwin/21.4.0"
::1 - - [27/Jul/2022:20:33:59 +0000] "GET /api/v1/goods/62e19bb5fd14d5479f57cb9a HTTP/1.0" 304 - "-" "Expo/2.24.3.1014878 CFNetwork/1331.0.7 Darwin/21.4.0"
::ffff:127.0.0.1 - - [27/Jul/2022:20:33:59 +0000] "GET /api/v1/transactions/user?good=62e19bb5fd14d5479f57cb9a&sort=-createdAt HTTP/1.0" 304 - "-" "Expo/2.24.3.1014878 CFNetwork/1331.0.7 Darwin/21.4.0"
::1 - - [27/Jul/2022:20:34:07 +0000] "GET /api/v1/goods/62e19bb5fd14d5479f57cb9a HTTP/1.0" 304 - "-" "Expo/2.24.3.1014878 CFNetwork/1331.0.7 Darwin/21.4.0"
::ffff:127.0.0.1 - - [27/Jul/2022:20:34:07 +0000] "GET /api/v1/transactions/user?good=62e19bb5fd14d5479f57cb9a&sort=-createdAt HTTP/1.0" 304 - "-" "Expo/2.24.3.1014878 CFNetwork/1331.0.7 Darwin/21.4.0"
::1 - - [27/Jul/2022:20:34:15 +0000] "GET /api/v1/goods/62e19bb5fd14d5479f57cb9a HTTP/1.0" 304 - "-" "Expo/2.24.3.1014878 CFNetwork/1331.0.7 Darwin/21.4.0"
::ffff:127.0.0.1 - - [27/Jul/2022:20:34:15 +0000] "GET /api/v1/transactions/user?good=62e19bb5fd14d5479f57cb9a&sort=-createdAt HTTP/1.0" 304 - "-" "Expo/2.24.3.1014878 CFNetwork/1331.0.7 Darwin/21.4.0"
::1 - - [27/Jul/2022:20:34:24 +0000] "GET /api/v1/goods/62e19bb5fd14d5479f57cb9a HTTP/1.0" 304 - "-" "Expo/2.24.3.1014878 CFNetwork/1331.0.7 Darwin/21.4.0"
::ffff:127.0.0.1 - - [27/Jul/2022:20:34:24 +0000] "GET /api/v1/transactions/user?good=62e19bb5fd14d5479f57cb9a&sort=-createdAt HTTP/1.0" 304 - "-" "Expo/2.24.3.1014878 CFNetwork/1331.0.7 Darwin/21.4.0"
::1 - - [27/Jul/2022:20:34:41 +0000] "GET /api/v1/goods/62e19bb5fd14d5479f57cb9a HTTP/1.0" 304 - "-" "Expo/2.24.3.1014878 CFNetwork/1331.0.7 Darwin/21.4.0"
::ffff:127.0.0.1 - - [27/Jul/2022:20:34:41 +0000] "GET /api/v1/transactions/user?good=62e19bb5fd14d5479f57cb9a&sort=-createdAt HTTP/1.0" 304 - "-" "Expo/2.24.3.1014878 CFNetwork/1331.0.7 Darwin/21.4.0"
::1 - - [27/Jul/2022:20:34:49 +0000] "GET /api/v1/goods/62e19bb5fd14d5479f57cb9a HTTP/1.0" 304 - "-" "Expo/2.24.3.1014878 CFNetwork/1331.0.7 Darwin/21.4.0"
::ffff:127.0.0.1 - - [27/Jul/2022:20:34:49 +0000] "GET /api/v1/transactions/user?good=62e19bb5fd14d5479f57cb9a&sort=-createdAt HTTP/1.0" 304 - "-" "Expo/2.24.3.1014878 CFNetwork/1331.0.7 Darwin/21.4.0"
::1 - - [27/Jul/2022:20:35:01 +0000] "GET /api/v1/goods/62e19bb5fd14d5479f57cb9a HTTP/1.0" 304 - "-" "Expo/2.24.3.1014878 CFNetwork/1331.0.7 Darwin/21.4.0"
::ffff:127.0.0.1 - - [27/Jul/2022:20:35:02 +0000] "GET /api/v1/transactions/user?good=62e19bb5fd14d5479f57cb9a&sort=-createdAt HTTP/1.0" 304 - "-" "Expo/2.24.3.1014878 CFNetwork/1331.0.7 Darwin/21.4.0"
::1 - - [27/Jul/2022:20:35:15 +0000] "GET /api/v1/goods/user?limit=100 HTTP/1.0" 304 - "-" "Expo/2.24.3.1014878 CFNetwork/1331.0.7 Darwin/21.4.0"
::1 - - [27/Jul/2022:20:35:15 +0000] "GET /upload/undefined HTTP/1.0" 404 155 "-" "Expo/2.24.3.1014878 CFNetwork/1331.0.7 Darwin/21.4.0"
::ffff:127.0.0.1 - - [27/Jul/2022:20:35:15 +0000] "GET /api/v1/goods/62e19bb5fd14d5479f57cb9a HTTP/1.0" 304 - "-" "Expo/2.24.3.1014878 CFNetwork/1331.0.7 Darwin/21.4.0"
::1 - - [27/Jul/2022:20:35:15 +0000] "GET /api/v1/transactions/user?good=62e19bb5fd14d5479f57cb9a&sort=-createdAt HTTP/1.0" 304 - "-" "Expo/2.24.3.1014878 CFNetwork/1331.0.7 Darwin/21.4.0"
::ffff:127.0.0.1 - - [27/Jul/2022:20:35:15 +0000] "GET /api/v1/goods/user?limit=100 HTTP/1.0" 304 - "-" "Expo/2.24.3.1014878 CFNetwork/1331.0.7 Darwin/21.4.0"
::1 - - [27/Jul/2022:20:35:18 +0000] "GET /api/v1/goods/user?limit=100 HTTP/1.0" 304 - "-" "Expo/2.24.3.1014878 CFNetwork/1331.0.7 Darwin/21.4.0"
::ffff:127.0.0.1 - - [27/Jul/2022:20:35:21 +0000] "GET /api/v1/goods/user?limit=100 HTTP/1.0" 304 - "-" "Expo/2.24.3.1014878 CFNetwork/1331.0.7 Darwin/21.4.0"
::1 - - [27/Jul/2022:20:35:22 +0000] "GET /api/v1/bills/user?limit=1000&sort=-createdAt HTTP/1.0" 200 1715 "-" "Expo/2.24.3.1014878 CFNetwork/1331.0.7 Darwin/21.4.0"
::1 - - [27/Jul/2022:20:35:25 +0000] "GET /api/v1/bills/user?limit=1000&sort=-createdAt HTTP/1.0" 304 - "-" "Expo/2.24.3.1014878 CFNetwork/1331.0.7 Darwin/21.4.0"
::ffff:127.0.0.1 - - [27/Jul/2022:20:35:25 +0000] "GET /api/v1/transactions/user?bill=62e1a00efd14d5479f57ccdf HTTP/1.0" 200 559 "-" "Expo/2.24.3.1014878 CFNetwork/1331.0.7 Darwin/21.4.0"
::1 - - [27/Jul/2022:20:35:32 +0000] "GET /api/v1/bills/user?limit=1000&sort=-createdAt HTTP/1.0" 304 - "-" "Expo/2.24.3.1014878 CFNetwork/1331.0.7 Darwin/21.4.0"
::ffff:127.0.0.1 - - [27/Jul/2022:20:35:32 +0000] "GET /api/v1/bills/user?limit=1000&sort=-createdAt HTTP/1.0" 304 - "-" "Expo/2.24.3.1014878 CFNetwork/1331.0.7 Darwin/21.4.0"
::1 - - [27/Jul/2022:20:35:32 +0000] "GET /api/v1/transactions/user?bill=62e1a00efd14d5479f57ccdf HTTP/1.0" 304 - "-" "Expo/2.24.3.1014878 CFNetwork/1331.0.7 Darwin/21.4.0"
::1 - - [27/Jul/2022:20:35:35 +0000] "GET /api/v1/bills/user?limit=1000&sort=-createdAt HTTP/1.0" 304 - "-" "Expo/2.24.3.1014878 CFNetwork/1331.0.7 Darwin/21.4.0"
::1 - - [27/Jul/2022:20:35:35 +0000] "GET /api/v1/bills/user?limit=1000&sort=-createdAt HTTP/1.0" 304 - "-" "Expo/2.24.3.1014878 CFNetwork/1331.0.7 Darwin/21.4.0"
::ffff:127.0.0.1 - - [27/Jul/2022:20:35:35 +0000] "GET /api/v1/transactions/user?bill=62e1a00efd14d5479f57ccdf HTTP/1.0" 304 - "-" "Expo/2.24.3.1014878 CFNetwork/1331.0.7 Darwin/21.4.0"
::1 - - [27/Jul/2022:20:35:36 +0000] "GET /api/v1/bills/user?limit=1000&sort=-createdAt HTTP/1.0" 304 - "-" "Expo/2.24.3.1014878 CFNetwork/1331.0.7 Darwin/21.4.0"
::1 - - [27/Jul/2022:20:35:37 +0000] "GET /api/v1/bills/user?limit=1000&sort=-createdAt HTTP/1.0" 304 - "-" "Expo/2.24.3.1014878 CFNetwork/1331.0.7 Darwin/21.4.0"
::ffff:127.0.0.1 - - [27/Jul/2022:20:35:37 +0000] "GET /api/v1/transactions/user?bill=62e19bc2fd14d5479f57cbab HTTP/1.0" 200 561 "-" "Expo/2.24.3.1014878 CFNetwork/1331.0.7 Darwin/21.4.0"
::1 - - [27/Jul/2022:20:35:46 +0000] "GET /api/v1/bills/user?limit=1000&sort=-createdAt HTTP/1.0" 304 - "-" "Expo/2.24.3.1014878 CFNetwork/1331.0.7 Darwin/21.4.0"
::ffff:127.0.0.1 - - [27/Jul/2022:20:35:47 +0000] "GET /api/v1/bills/user?limit=1000&sort=-createdAt HTTP/1.0" 304 - "-" "Expo/2.24.3.1014878 CFNetwork/1331.0.7 Darwin/21.4.0"
::ffff:127.0.0.1 - - [27/Jul/2022:20:35:49 +0000] "GET /api/v1/transactions/basket?limit=100&sort=-createdAt HTTP/1.0" 304 - "-" "Expo/2.24.3.1014878 CFNetwork/1331.0.7 Darwin/21.4.0"
::1 - - [27/Jul/2022:20:35:49 +0000] "GET /api/v1/goods/user?limit=100 HTTP/1.0" 304 - "-" "Expo/2.24.3.1014878 CFNetwork/1331.0.7 Darwin/21.4.0"
::1 - - [27/Jul/2022:20:35:51 +0000] "POST /api/v1/transactions HTTP/1.0" 200 257 "-" "Expo/2.24.3.1014878 CFNetwork/1331.0.7 Darwin/21.4.0"
::ffff:127.0.0.1 - - [27/Jul/2022:20:35:51 +0000] "GET /api/v1/transactions/basket?limit=100&sort=-createdAt HTTP/1.0" 200 438 "-" "Expo/2.24.3.1014878 CFNetwork/1331.0.7 Darwin/21.4.0"
::1 - - [27/Jul/2022:20:35:51 +0000] "GET /api/v1/transactions/basket?limit=100&sort=-createdAt HTTP/1.0" 200 438 "-" "Expo/2.24.3.1014878 CFNetwork/1331.0.7 Darwin/21.4.0"
::ffff:127.0.0.1 - - [27/Jul/2022:20:35:58 +0000] "POST /api/v1/transactions HTTP/1.0" 200 256 "-" "Expo/2.24.3.1014878 CFNetwork/1331.0.7 Darwin/21.4.0"
::1 - - [27/Jul/2022:20:35:59 +0000] "GET /api/v1/transactions/basket?limit=100&sort=-createdAt HTTP/1.0" 200 747 "-" "Expo/2.24.3.1014878 CFNetwork/1331.0.7 Darwin/21.4.0"
::ffff:127.0.0.1 - - [27/Jul/2022:20:35:59 +0000] "GET /api/v1/transactions/basket?limit=100&sort=-createdAt HTTP/1.0" 200 747 "-" "Expo/2.24.3.1014878 CFNetwork/1331.0.7 Darwin/21.4.0"
::1 - - [27/Jul/2022:20:36:03 +0000] "POST /api/v1/bills/receipt HTTP/1.0" 200 378 "-" "Expo/2.24.3.1014878 CFNetwork/1331.0.7 Darwin/21.4.0"
::ffff:127.0.0.1 - - [27/Jul/2022:20:36:03 +0000] "GET /api/v1/transactions/basket?limit=100&sort=-createdAt HTTP/1.0" 200 105 "-" "Expo/2.24.3.1014878 CFNetwork/1331.0.7 Darwin/21.4.0"
::1 - - [27/Jul/2022:20:36:03 +0000] "GET /api/v1/transactions/basket?limit=100&sort=-createdAt HTTP/1.0" 200 105 "-" "Expo/2.24.3.1014878 CFNetwork/1331.0.7 Darwin/21.4.0"
::1 - - [27/Jul/2022:20:36:04 +0000] "GET /api/v1/transactions/basket?limit=100&sort=-createdAt HTTP/1.0" 304 - "-" "Expo/2.24.3.1014878 CFNetwork/1331.0.7 Darwin/21.4.0"
::ffff:127.0.0.1 - - [27/Jul/2022:20:36:05 +0000] "GET /api/v1/goods/user?limit=100 HTTP/1.0" 200 878 "-" "Expo/2.24.3.1014878 CFNetwork/1331.0.7 Darwin/21.4.0"
::ffff:127.0.0.1 - - [27/Jul/2022:20:36:05 +0000] "GET /api/v1/goods/user?limit=100 HTTP/1.0" 200 878 "-" "Expo/2.24.3.1014878 CFNetwork/1331.0.7 Darwin/21.4.0"
::ffff:127.0.0.1 - - [27/Jul/2022:20:36:06 +0000] "GET /upload/undefined HTTP/1.0" 404 155 "-" "Expo/2.24.3.1014878 CFNetwork/1331.0.7 Darwin/21.4.0"
::1 - - [27/Jul/2022:20:36:06 +0000] "GET /api/v1/goods/62e19bb5fd14d5479f57cb9a HTTP/1.0" 200 429 "-" "Expo/2.24.3.1014878 CFNetwork/1331.0.7 Darwin/21.4.0"
::ffff:127.0.0.1 - - [27/Jul/2022:20:36:06 +0000] "GET /api/v1/transactions/user?good=62e19bb5fd14d5479f57cb9a&sort=-createdAt HTTP/1.0" 200 2409 "-" "Expo/2.24.3.1014878 CFNetwork/1331.0.7 Darwin/21.4.0"
::1 - - [27/Jul/2022:20:36:06 +0000] "GET /api/v1/goods/user?limit=100 HTTP/1.0" 304 - "-" "Expo/2.24.3.1014878 CFNetwork/1331.0.7 Darwin/21.4.0"
::ffff:127.0.0.1 - - [27/Jul/2022:20:36:12 +0000] "GET /api/v1/goods/user?limit=100 HTTP/1.0" 304 - "-" "Expo/2.24.3.1014878 CFNetwork/1331.0.7 Darwin/21.4.0"
::1 - - [27/Jul/2022:20:36:12 +0000] "GET /api/v1/bills/user?limit=1000&sort=-createdAt HTTP/1.0" 200 2070 "-" "Expo/2.24.3.1014878 CFNetwork/1331.0.7 Darwin/21.4.0"
::ffff:127.0.0.1 - - [27/Jul/2022:20:36:12 +0000] "GET /api/v1/goods/user?limit=100 HTTP/1.0" 304 - "-" "Expo/2.24.3.1014878 CFNetwork/1331.0.7 Darwin/21.4.0"
::ffff:127.0.0.1 - - [27/Jul/2022:20:36:15 +0000] "GET /api/v1/bills/user?limit=1000&sort=-createdAt HTTP/1.0" 304 - "-" "Expo/2.24.3.1014878 CFNetwork/1331.0.7 Darwin/21.4.0"
::1 - - [27/Jul/2022:20:36:15 +0000] "GET /api/v1/transactions/user?bill=62e1a1b2fd14d5479f57cdb8 HTTP/1.0" 200 1007 "-" "Expo/2.24.3.1014878 CFNetwork/1331.0.7 Darwin/21.4.0"
::1 - - [27/Jul/2022:20:36:15 +0000] "GET /upload/no-photo.jpg HTTP/1.0" 404 158 "-" "Expo/2.24.3.1014878 CFNetwork/1331.0.7 Darwin/21.4.0"
::1 - - [27/Jul/2022:20:36:25 +0000] "GET /api/v1/bills/user?limit=1000&sort=-createdAt HTTP/1.0" 304 - "-" "Expo/2.24.3.1014878 CFNetwork/1331.0.7 Darwin/21.4.0"
::ffff:127.0.0.1 - - [27/Jul/2022:20:37:51 +0000] "GET /api/v1/bills/user?limit=1000&sort=-createdAt HTTP/1.0" 304 - "-" "Expo/2.24.3.1014878 CFNetwork/1331.0.7 Darwin/21.4.0"
::1 - - [27/Jul/2022:20:37:51 +0000] "GET /api/v1/goods/user?limit=100 HTTP/1.0" 304 - "-" "Expo/2.24.3.1014878 CFNetwork/1331.0.7 Darwin/21.4.0"
::1 - - [27/Jul/2022:20:37:52 +0000] "GET /upload/undefined HTTP/1.0" 404 155 "-" "Expo/2.24.3.1014878 CFNetwork/1331.0.7 Darwin/21.4.0"
::ffff:127.0.0.1 - - [27/Jul/2022:20:37:52 +0000] "GET /api/v1/goods/62e19bb5fd14d5479f57cb9a HTTP/1.0" 304 - "-" "Expo/2.24.3.1014878 CFNetwork/1331.0.7 Darwin/21.4.0"
::1 - - [27/Jul/2022:20:37:52 +0000] "GET /api/v1/transactions/user?good=62e19bb5fd14d5479f57cb9a&sort=-createdAt HTTP/1.0" 304 - "-" "Expo/2.24.3.1014878 CFNetwork/1331.0.7 Darwin/21.4.0"
::ffff:127.0.0.1 - - [27/Jul/2022:20:37:52 +0000] "GET /api/v1/goods/user?limit=100 HTTP/1.0" 304 - "-" "Expo/2.24.3.1014878 CFNetwork/1331.0.7 Darwin/21.4.0"
::1 - - [27/Jul/2022:20:38:28 +0000] "GET /api/v1/goods/user?limit=100 HTTP/1.0" 304 - "-" "Expo/2.24.3.1014878 CFNetwork/1331.0.7 Darwin/21.4.0"
::ffff:127.0.0.1 - - [27/Jul/2022:20:38:29 +0000] "GET /api/v1/goods/user?limit=100 HTTP/1.0" 304 - "-" "Expo/2.24.3.1014878 CFNetwork/1331.0.7 Darwin/21.4.0"
::1 - - [27/Jul/2022:20:38:29 +0000] "GET /api/v1/bills/user?limit=1000&sort=-createdAt HTTP/1.0" 304 - "-" "Expo/2.24.3.1014878 CFNetwork/1331.0.7 Darwin/21.4.0"
::1 - - [27/Jul/2022:20:38:31 +0000] "GET /api/v1/bills/user?limit=1000&sort=-createdAt HTTP/1.0" 304 - "-" "Expo/2.24.3.1014878 CFNetwork/1331.0.7 Darwin/21.4.0"
::ffff:127.0.0.1 - - [27/Jul/2022:20:38:31 +0000] "GET /api/v1/transactions/user?bill=62e1a1b2fd14d5479f57cdb8 HTTP/1.0" 304 - "-" "Expo/2.24.3.1014878 CFNetwork/1331.0.7 Darwin/21.4.0"
::ffff:127.0.0.1 - - [27/Jul/2022:20:38:31 +0000] "GET /upload/no-photo.jpg HTTP/1.0" 404 158 "-" "Expo/2.24.3.1014878 CFNetwork/1331.0.7 Darwin/21.4.0"
::ffff:127.0.0.1 - - [27/Jul/2022:20:38:50 +0000] "GET /api/v1/transactions/user?bill=62e1a1b2fd14d5479f57cdb8 HTTP/1.0" 304 - "-" "Expo/2.24.3.1014878 CFNetwork/1331.0.7 Darwin/21.4.0"
::1 - - [27/Jul/2022:20:39:00 +0000] "GET /api/v1/transactions/user?bill=62e1a1b2fd14d5479f57cdb8 HTTP/1.0" 304 - "-" "Expo/2.24.3.1014878 CFNetwork/1331.0.7 Darwin/21.4.0"
::ffff:127.0.0.1 - - [27/Jul/2022:20:39:08 +0000] "GET /api/v1/bills/user?limit=1000&sort=-createdAt HTTP/1.0" 304 - "-" "Expo/2.24.3.1014878 CFNetwork/1331.0.7 Darwin/21.4.0"
::1 - - [27/Jul/2022:20:39:47 +0000] "GET /api/v1/bills/user?limit=1000&sort=-createdAt HTTP/1.0" 304 - "-" "Expo/2.24.3.1014878 CFNetwork/1331.0.7 Darwin/21.4.0"
::ffff:127.0.0.1 - - [27/Jul/2022:20:39:47 +0000] "GET /api/v1/goods/user?limit=100 HTTP/1.0" 304 - "-" "Expo/2.24.3.1014878 CFNetwork/1331.0.7 Darwin/21.4.0"
::ffff:127.0.0.1 - - [27/Jul/2022:20:39:49 +0000] "GET /api/v1/transactions/basket?limit=100&sort=-createdAt HTTP/1.0" 304 - "-" "Expo/2.24.3.1014878 CFNetwork/1331.0.7 Darwin/21.4.0"
::1 - - [27/Jul/2022:20:39:49 +0000] "GET /api/v1/goods/user?limit=100 HTTP/1.0" 304 - "-" "Expo/2.24.3.1014878 CFNetwork/1331.0.7 Darwin/21.4.0"
::1 - - [27/Jul/2022:20:39:49 +0000] "GET /api/v1/goods/user?limit=100 HTTP/1.0" 304 - "-" "Expo/2.24.3.1014878 CFNetwork/1331.0.7 Darwin/21.4.0"
::ffff:127.0.0.1 - - [27/Jul/2022:20:39:49 +0000] "GET /api/v1/transactions/basket?limit=100&sort=-createdAt HTTP/1.0" 304 - "-" "Expo/2.24.3.1014878 CFNetwork/1331.0.7 Darwin/21.4.0"
::ffff:127.0.0.1 - - [27/Jul/2022:20:39:49 +0000] "GET /api/v1/goods/user?limit=100 HTTP/1.0" 304 - "-" "Expo/2.24.3.1014878 CFNetwork/1331.0.7 Darwin/21.4.0"
::1 - - [27/Jul/2022:20:39:49 +0000] "GET /api/v1/goods/user?limit=100 HTTP/1.0" 304 - "-" "Expo/2.24.3.1014878 CFNetwork/1331.0.7 Darwin/21.4.0"
::ffff:127.0.0.1 - - [27/Jul/2022:20:39:50 +0000] "GET /upload/undefined HTTP/1.0" 404 155 "-" "Expo/2.24.3.1014878 CFNetwork/1331.0.7 Darwin/21.4.0"
::1 - - [27/Jul/2022:20:39:50 +0000] "GET /api/v1/goods/62e19bb5fd14d5479f57cb9a HTTP/1.0" 304 - "-" "Expo/2.24.3.1014878 CFNetwork/1331.0.7 Darwin/21.4.0"
::ffff:127.0.0.1 - - [27/Jul/2022:20:39:50 +0000] "GET /api/v1/transactions/user?good=62e19bb5fd14d5479f57cb9a&sort=-createdAt HTTP/1.0" 304 - "-" "Expo/2.24.3.1014878 CFNetwork/1331.0.7 Darwin/21.4.0"
::1 - - [27/Jul/2022:20:39:50 +0000] "GET /api/v1/goods/user?limit=100 HTTP/1.0" 304 - "-" "Expo/2.24.3.1014878 CFNetwork/1331.0.7 Darwin/21.4.0"
::ffff:127.0.0.1 - - [27/Jul/2022:20:39:53 +0000] "GET /api/v1/goods/user?limit=100 HTTP/1.0" 304 - "-" "Expo/2.24.3.1014878 CFNetwork/1331.0.7 Darwin/21.4.0"
::1 - - [27/Jul/2022:20:39:53 +0000] "GET /api/v1/bills/user?limit=1000&sort=-createdAt HTTP/1.0" 304 - "-" "Expo/2.24.3.1014878 CFNetwork/1331.0.7 Darwin/21.4.0"
::ffff:127.0.0.1 - - [27/Jul/2022:20:39:53 +0000] "GET /api/v1/goods/user?limit=100 HTTP/1.0" 304 - "-" "Expo/2.24.3.1014878 CFNetwork/1331.0.7 Darwin/21.4.0"
::1 - - [27/Jul/2022:20:39:53 +0000] "GET /api/v1/bills/user?limit=1000&sort=-createdAt HTTP/1.0" 304 - "-" "Expo/2.24.3.1014878 CFNetwork/1331.0.7 Darwin/21.4.0"
::ffff:127.0.0.1 - - [27/Jul/2022:20:39:55 +0000] "GET /api/v1/bills/user?limit=1000&sort=-createdAt HTTP/1.0" 304 - "-" "Expo/2.24.3.1014878 CFNetwork/1331.0.7 Darwin/21.4.0"
::ffff:127.0.0.1 - - [27/Jul/2022:20:39:57 +0000] "GET /api/v1/bills/user?limit=1000&sort=-createdAt HTTP/1.0" 304 - "-" "Expo/2.24.3.1014878 CFNetwork/1331.0.7 Darwin/21.4.0"
::1 - - [27/Jul/2022:20:39:57 +0000] "GET /api/v1/goods/user?limit=100 HTTP/1.0" 304 - "-" "Expo/2.24.3.1014878 CFNetwork/1331.0.7 Darwin/21.4.0"
::1 - - [27/Jul/2022:20:45:23 +0000] "GET /api/v1/goods/user?limit=100 HTTP/1.0" 304 - "-" "Expo/2.24.3.1014878 CFNetwork/1331.0.7 Darwin/21.4.0"
::ffff:127.0.0.1 - - [27/Jul/2022:20:45:50 +0000] "GET /api/v1/goods/user?limit=100 HTTP/1.0" 304 - "-" "Expo/2.24.3.1014878 CFNetwork/1331.0.7 Darwin/21.4.0"
::1 - - [27/Jul/2022:20:46:04 +0000] "GET /api/v1/goods/user?limit=100 HTTP/1.0" 304 - "-" "Expo/2.24.3.1014878 CFNetwork/1331.0.7 Darwin/21.4.0"
::ffff:127.0.0.1 - - [27/Jul/2022:20:46:15 +0000] "GET /api/v1/goods/user?limit=100 HTTP/1.0" 304 - "-" "Expo/2.24.3.1014878 CFNetwork/1331.0.7 Darwin/21.4.0"
::1 - - [27/Jul/2022:20:47:50 +0000] "GET /api/v1/bills/user?limit=1000&sort=-createdAt HTTP/1.0" 304 - "-" "Expo/2.24.3.1014878 CFNetwork/1331.0.7 Darwin/21.4.0"
::ffff:127.0.0.1 - - [27/Jul/2022:20:47:50 +0000] "GET /api/v1/goods/user?limit=100 HTTP/1.0" 304 - "-" "Expo/2.24.3.1014878 CFNetwork/1331.0.7 Darwin/21.4.0"
::ffff:127.0.0.1 - - [27/Jul/2022:20:47:50 +0000] "GET /api/v1/bills/user?limit=1000&sort=-createdAt HTTP/1.0" 304 - "-" "Expo/2.24.3.1014878 CFNetwork/1331.0.7 Darwin/21.4.0"
::1 - - [27/Jul/2022:20:47:50 +0000] "GET /api/v1/goods/user?limit=100 HTTP/1.0" 304 - "-" "Expo/2.24.3.1014878 CFNetwork/1331.0.7 Darwin/21.4.0"
::1 - - [27/Jul/2022:20:50:11 +0000] "GET /api/v1/goods/user?limit=100 HTTP/1.0" 304 - "-" "Expo/2.24.3.1014878 CFNetwork/1331.0.7 Darwin/21.4.0"
::1 - - [27/Jul/2022:20:51:02 +0000] "GET /api/v1/transactions/basket?limit=100&sort=-createdAt HTTP/1.0" 304 - "-" "Expo/2.24.3.1014878 CFNetwork/1331.0.7 Darwin/21.4.0"
::ffff:127.0.0.1 - - [27/Jul/2022:20:51:02 +0000] "GET /api/v1/goods/user?limit=100 HTTP/1.0" 304 - "-" "Expo/2.24.3.1014878 CFNetwork/1331.0.7 Darwin/21.4.0"
::ffff:127.0.0.1 - - [27/Jul/2022:20:51:02 +0000] "GET /api/v1/goods/user?limit=100 HTTP/1.0" 304 - "-" "Expo/2.24.3.1014878 CFNetwork/1331.0.7 Darwin/21.4.0"
::1 - - [27/Jul/2022:20:51:39 +0000] "GET /api/v1/transactions/basket?limit=100&sort=-createdAt HTTP/1.0" 304 - "-" "Expo/2.24.3.1014878 CFNetwork/1331.0.7 Darwin/21.4.0"
::1 - - [27/Jul/2022:20:51:39 +0000] "GET /api/v1/goods/user?limit=100 HTTP/1.0" 304 - "-" "Expo/2.24.3.1014878 CFNetwork/1331.0.7 Darwin/21.4.0"
::ffff:127.0.0.1 - - [27/Jul/2022:20:51:39 +0000] "GET /api/v1/goods/user?limit=100 HTTP/1.0" 304 - "-" "Expo/2.24.3.1014878 CFNetwork/1331.0.7 Darwin/21.4.0"
::ffff:127.0.0.1 - - [27/Jul/2022:20:51:43 +0000] "GET /api/v1/categories HTTP/1.0" 304 - "-" "Expo/2.24.3.1014878 CFNetwork/1331.0.7 Darwin/21.4.0"
::1 - - [27/Jul/2022:20:51:43 +0000] "GET /api/v1/goods/user?limit=100 HTTP/1.0" 304 - "-" "Expo/2.24.3.1014878 CFNetwork/1331.0.7 Darwin/21.4.0"
::ffff:127.0.0.1 - - [27/Jul/2022:20:52:18 +0000] "GET /api/v1/transactions/basket?limit=100&sort=-createdAt HTTP/1.0" 304 - "-" "Expo/2.24.3.1014878 CFNetwork/1331.0.7 Darwin/21.4.0"
::1 - - [27/Jul/2022:20:52:18 +0000] "GET /api/v1/goods/user?limit=100 HTTP/1.0" 304 - "-" "Expo/2.24.3.1014878 CFNetwork/1331.0.7 Darwin/21.4.0"
::1 - - [27/Jul/2022:20:52:19 +0000] "GET /api/v1/transactions/basket?limit=100&sort=-createdAt HTTP/1.0" 304 - "-" "Expo/2.24.3.1014878 CFNetwork/1331.0.7 Darwin/21.4.0"
::ffff:127.0.0.1 - - [27/Jul/2022:20:52:19 +0000] "GET /api/v1/goods/user?limit=100 HTTP/1.0" 304 - "-" "Expo/2.24.3.1014878 CFNetwork/1331.0.7 Darwin/21.4.0"
::ffff:127.0.0.1 - - [27/Jul/2022:20:52:19 +0000] "GET /api/v1/goods/user?limit=100 HTTP/1.0" 304 - "-" "Expo/2.24.3.1014878 CFNetwork/1331.0.7 Darwin/21.4.0"
::1 - - [27/Jul/2022:20:52:21 +0000] "GET /api/v1/categories HTTP/1.0" 304 - "-" "Expo/2.24.3.1014878 CFNetwork/1331.0.7 Darwin/21.4.0"
::ffff:127.0.0.1 - - [27/Jul/2022:20:52:22 +0000] "GET /api/v1/goods/user?limit=100 HTTP/1.0" 304 - "-" "Expo/2.24.3.1014878 CFNetwork/1331.0.7 Darwin/21.4.0"
::1 - - [27/Jul/2022:20:52:23 +0000] "GET /api/v1/goods/user?limit=100 HTTP/1.0" 304 - "-" "Expo/2.24.3.1014878 CFNetwork/1331.0.7 Darwin/21.4.0"
::1 - - [27/Jul/2022:20:53:55 +0000] "GET /api/v1/transactions/basket?limit=100&sort=-createdAt HTTP/1.0" 304 - "-" "Expo/2.24.3.1014878 CFNetwork/1331.0.7 Darwin/21.4.0"
::ffff:127.0.0.1 - - [27/Jul/2022:20:53:55 +0000] "GET /api/v1/goods/user?limit=100 HTTP/1.0" 200 878 "-" "Expo/2.24.3.1014878 CFNetwork/1331.0.7 Darwin/21.4.0"
::ffff:127.0.0.1 - - [27/Jul/2022:20:53:55 +0000] "GET /api/v1/goods/user?limit=100 HTTP/1.0" 200 878 "-" "Expo/2.24.3.1014878 CFNetwork/1331.0.7 Darwin/21.4.0"
::ffff:127.0.0.1 - - [27/Jul/2022:20:54:13 +0000] "GET /api/v1/transactions/basket?limit=100&sort=-createdAt HTTP/1.0" 304 - "-" "Expo/2.24.3.1014878 CFNetwork/1331.0.7 Darwin/21.4.0"
::1 - - [27/Jul/2022:20:54:13 +0000] "GET /api/v1/bills/user?limit=1000&sort=-createdAt HTTP/1.0" 304 - "-" "Expo/2.24.3.1014878 CFNetwork/1331.0.7 Darwin/21.4.0"
::1 - - [27/Jul/2022:20:54:13 +0000] "GET /api/v1/goods/user?limit=100 HTTP/1.0" 304 - "-" "Expo/2.24.3.1014878 CFNetwork/1331.0.7 Darwin/21.4.0"
::1 - - [27/Jul/2022:20:54:26 +0000] "GET /api/v1/bills/user?limit=1000&sort=-createdAt HTTP/1.0" 304 - "-" "Expo/2.24.3.1014878 CFNetwork/1331.0.7 Darwin/21.4.0"
::ffff:127.0.0.1 - - [27/Jul/2022:20:54:26 +0000] "GET /api/v1/goods/user?limit=100 HTTP/1.0" 304 - "-" "Expo/2.24.3.1014878 CFNetwork/1331.0.7 Darwin/21.4.0"
::1 - - [27/Jul/2022:20:54:27 +0000] "GET /api/v1/transactions/basket?limit=100&sort=-createdAt HTTP/1.0" 200 105 "-" "Expo/2.24.3.1014878 CFNetwork/1331.0.7 Darwin/21.4.0"
::ffff:127.0.0.1 - - [27/Jul/2022:20:54:27 +0000] "GET /api/v1/goods/user?limit=100 HTTP/1.0" 304 - "-" "Expo/2.24.3.1014878 CFNetwork/1331.0.7 Darwin/21.4.0"
::ffff:127.0.0.1 - - [27/Jul/2022:20:54:27 +0000] "GET /api/v1/goods/user?limit=100 HTTP/1.0" 304 - "-" "Expo/2.24.3.1014878 CFNetwork/1331.0.7 Darwin/21.4.0"
::1 - - [27/Jul/2022:20:56:22 +0000] "GET /api/v1/transactions/basket?limit=100&sort=-createdAt HTTP/1.0" 200 105 "-" "Expo/2.24.3.1014878 CFNetwork/1331.0.7 Darwin/21.4.0"
::1 - - [27/Jul/2022:20:57:57 +0000] "GET /api/v1/categories HTTP/1.0" 304 - "-" "Expo/2.24.3.1014878 CFNetwork/1331.0.7 Darwin/21.4.0"
::ffff:127.0.0.1 - - [27/Jul/2022:20:57:57 +0000] "GET /api/v1/transactions/basket?limit=100&sort=-createdAt HTTP/1.0" 200 105 "-" "Expo/2.24.3.1014878 CFNetwork/1331.0.7 Darwin/21.4.0"
::ffff:127.0.0.1 - - [27/Jul/2022:20:57:57 +0000] "GET /api/v1/goods/user?limit=100 HTTP/1.0" 304 - "-" "Expo/2.24.3.1014878 CFNetwork/1331.0.7 Darwin/21.4.0"
::1 - - [27/Jul/2022:20:58:22 +0000] "GET /api/v1/goods/user?barCode=8656020699537 HTTP/1.0" 200 508 "-" "Expo/2.24.3.1014878 CFNetwork/1331.0.7 Darwin/21.4.0"
::ffff:127.0.0.1 - - [27/Jul/2022:20:58:41 +0000] "GET /api/v1/goods/user?barCode=8656020699537 HTTP/1.0" 304 - "-" "Expo/2.24.3.1014878 CFNetwork/1331.0.7 Darwin/21.4.0"
::1 - - [27/Jul/2022:20:58:53 +0000] "GET /api/v1/goods/user?barCode=8656170005035 HTTP/1.0" 200 103 "-" "Expo/2.24.3.1014878 CFNetwork/1331.0.7 Darwin/21.4.0"
::ffff:127.0.0.1 - - [27/Jul/2022:21:00:31 +0000] "GET /api/v1/transactions/basket?limit=100&sort=-createdAt HTTP/1.0" 304 - "-" "Expo/2.24.3.1014878 CFNetwork/1331.0.7 Darwin/21.4.0"
::1 - - [27/Jul/2022:21:00:31 +0000] "GET /api/v1/categories HTTP/1.0" 304 - "-" "Expo/2.24.3.1014878 CFNetwork/1331.0.7 Darwin/21.4.0"
::ffff:127.0.0.1 - - [27/Jul/2022:21:00:31 +0000] "GET /api/v1/goods/user?limit=100 HTTP/1.0" 304 - "-" "Expo/2.24.3.1014878 CFNetwork/1331.0.7 Darwin/21.4.0"
::1 - - [27/Jul/2022:21:00:37 +0000] "GET /api/v1/categories HTTP/1.0" 304 - "-" "Expo/2.24.3.1014878 CFNetwork/1331.0.7 Darwin/21.4.0"
::1 - - [27/Jul/2022:21:00:37 +0000] "GET /api/v1/transactions/basket?limit=100&sort=-createdAt HTTP/1.0" 304 - "-" "Expo/2.24.3.1014878 CFNetwork/1331.0.7 Darwin/21.4.0"
::ffff:127.0.0.1 - - [27/Jul/2022:21:00:37 +0000] "GET /api/v1/goods/user?limit=100 HTTP/1.0" 304 - "-" "Expo/2.24.3.1014878 CFNetwork/1331.0.7 Darwin/21.4.0"
::ffff:127.0.0.1 - - [27/Jul/2022:21:01:00 +0000] "GET /api/v1/transactions/basket HTTP/1.0" 200 116 "-" "Expo/2.24.3.1014878 CFNetwork/1331.0.7 Darwin/21.4.0"
::1 - - [27/Jul/2022:21:01:10 +0000] "GET /api/v1/transactions/basket?limit=0 HTTP/1.0" 200 116 "-" "Expo/2.24.3.1014878 CFNetwork/1331.0.7 Darwin/21.4.0"
::ffff:127.0.0.1 - - [27/Jul/2022:21:01:13 +0000] "GET /api/v1/transactions/basket?limit=100&sort=-createdAt HTTP/1.0" 304 - "-" "Expo/2.24.3.1014878 CFNetwork/1331.0.7 Darwin/21.4.0"
::1 - - [27/Jul/2022:21:01:15 +0000] "GET /api/v1/transactions/basket?limit=100&sort=-createdAt HTTP/1.0" 304 - "-" "Expo/2.24.3.1014878 CFNetwork/1331.0.7 Darwin/21.4.0"
::ffff:127.0.0.1 - - [27/Jul/2022:21:01:49 +0000] "GET /api/v1/categories HTTP/1.0" 304 - "-" "Expo/2.24.3.1014878 CFNetwork/1331.0.7 Darwin/21.4.0"
::ffff:127.0.0.1 - - [27/Jul/2022:21:01:49 +0000] "GET /api/v1/transactions/basket?limit=100&sort=-createdAt HTTP/1.0" 304 - "-" "Expo/2.24.3.1014878 CFNetwork/1331.0.7 Darwin/21.4.0"
::1 - - [27/Jul/2022:21:01:49 +0000] "GET /api/v1/goods/user?limit=100 HTTP/1.0" 304 - "-" "Expo/2.24.3.1014878 CFNetwork/1331.0.7 Darwin/21.4.0"
::1 - - [27/Jul/2022:21:01:57 +0000] "GET /api/v1/goods/user?barCode=8656020699537 HTTP/1.0" 304 - "-" "Expo/2.24.3.1014878 CFNetwork/1331.0.7 Darwin/21.4.0"
::ffff:127.0.0.1 - - [27/Jul/2022:21:02:05 +0000] "GET /api/v1/categories HTTP/1.0" 304 - "-" "Expo/2.24.3.1014878 CFNetwork/1331.0.7 Darwin/21.4.0"
::ffff:127.0.0.1 - - [27/Jul/2022:21:02:05 +0000] "GET /api/v1/transactions/basket?limit=100&sort=-createdAt HTTP/1.0" 304 - "-" "Expo/2.24.3.1014878 CFNetwork/1331.0.7 Darwin/21.4.0"
::1 - - [27/Jul/2022:21:02:05 +0000] "GET /api/v1/goods/user?limit=100 HTTP/1.0" 304 - "-" "Expo/2.24.3.1014878 CFNetwork/1331.0.7 Darwin/21.4.0"
::1 - - [27/Jul/2022:21:02:41 +0000] "GET /api/v1/transactions/basket?limit=100&sort=-createdAt HTTP/1.0" 304 - "-" "Expo/2.24.3.1014878 CFNetwork/1331.0.7 Darwin/21.4.0"
::1 - - [27/Jul/2022:21:02:41 +0000] "GET /api/v1/goods/user?limit=100 HTTP/1.0" 304 - "-" "Expo/2.24.3.1014878 CFNetwork/1331.0.7 Darwin/21.4.0"
::ffff:127.0.0.1 - - [27/Jul/2022:21:02:41 +0000] "GET /api/v1/goods/user?limit=100 HTTP/1.0" 304 - "-" "Expo/2.24.3.1014878 CFNetwork/1331.0.7 Darwin/21.4.0"
::1 - - [27/Jul/2022:21:02:42 +0000] "GET /upload/undefined HTTP/1.0" 404 155 "-" "Expo/2.24.3.1014878 CFNetwork/1331.0.7 Darwin/21.4.0"
::ffff:127.0.0.1 - - [27/Jul/2022:21:02:42 +0000] "GET /api/v1/goods/62e19bb5fd14d5479f57cb9a HTTP/1.0" 304 - "-" "Expo/2.24.3.1014878 CFNetwork/1331.0.7 Darwin/21.4.0"
::1 - - [27/Jul/2022:21:02:43 +0000] "GET /api/v1/transactions/user?good=62e19bb5fd14d5479f57cb9a&sort=-createdAt HTTP/1.0" 200 2409 "-" "Expo/2.24.3.1014878 CFNetwork/1331.0.7 Darwin/21.4.0"
::ffff:127.0.0.1 - - [27/Jul/2022:21:02:43 +0000] "GET /api/v1/goods/user?limit=100 HTTP/1.0" 304 - "-" "Expo/2.24.3.1014878 CFNetwork/1331.0.7 Darwin/21.4.0"
::1 - - [27/Jul/2022:21:02:47 +0000] "GET /api/v1/categories HTTP/1.0" 304 - "-" "Expo/2.24.3.1014878 CFNetwork/1331.0.7 Darwin/21.4.0"
::ffff:127.0.0.1 - - [27/Jul/2022:21:03:03 +0000] "GET /api/v1/goods/user?limit=100 HTTP/1.0" 304 - "-" "Expo/2.24.3.1014878 CFNetwork/1331.0.7 Darwin/21.4.0"
::1 - - [27/Jul/2022:21:03:03 +0000] "GET /api/v1/goods/user?limit=100 HTTP/1.0" 304 - "-" "Expo/2.24.3.1014878 CFNetwork/1331.0.7 Darwin/21.4.0"
::ffff:127.0.0.1 - - [27/Jul/2022:21:03:05 +0000] "GET /api/v1/bills/user?limit=1000&sort=-createdAt HTTP/1.0" 304 - "-" "Expo/2.24.3.1014878 CFNetwork/1331.0.7 Darwin/21.4.0"
::1 - - [27/Jul/2022:21:03:06 +0000] "GET /api/v1/bills/user?limit=1000&sort=-createdAt HTTP/1.0" 304 - "-" "Expo/2.24.3.1014878 CFNetwork/1331.0.7 Darwin/21.4.0"
::ffff:127.0.0.1 - - [27/Jul/2022:21:14:48 +0000] "GET /api/v1/bills/user?limit=1000&sort=-createdAt HTTP/1.0" 304 - "-" "Expo/2.24.3.1014878 CFNetwork/1331.0.7 Darwin/21.4.0"
::1 - - [27/Jul/2022:21:14:50 +0000] "GET /api/v1/goods/user?limit=100 HTTP/1.0" 304 - "-" "Expo/2.24.3.1014878 CFNetwork/1331.0.7 Darwin/21.4.0"
::ffff:127.0.0.1 - - [27/Jul/2022:21:14:50 +0000] "GET /api/v1/bills/user?limit=1000&sort=-createdAt HTTP/1.0" 304 - "-" "Expo/2.24.3.1014878 CFNetwork/1331.0.7 Darwin/21.4.0"
::1 - - [27/Jul/2022:21:14:50 +0000] "GET /api/v1/bills/user?limit=1000&sort=-createdAt HTTP/1.0" 304 - "-" "Expo/2.24.3.1014878 CFNetwork/1331.0.7 Darwin/21.4.0"
::ffff:127.0.0.1 - - [27/Jul/2022:21:14:50 +0000] "GET /api/v1/goods/user?limit=100 HTTP/1.0" 304 - "-" "Expo/2.24.3.1014878 CFNetwork/1331.0.7 Darwin/21.4.0"
::1 - - [27/Jul/2022:21:14:55 +0000] "GET /api/v1/bills/user?limit=1000&sort=-createdAt HTTP/1.0" 304 - "-" "Expo/2.24.3.1014878 CFNetwork/1331.0.7 Darwin/21.4.0"
::ffff:127.0.0.1 - - [27/Jul/2022:21:14:55 +0000] "GET /api/v1/goods/user?limit=100 HTTP/1.0" 304 - "-" "Expo/2.24.3.1014878 CFNetwork/1331.0.7 Darwin/21.4.0"
::1 - - [27/Jul/2022:21:15:03 +0000] "GET /api/v1/goods/user?limit=100 HTTP/1.0" 304 - "-" "Expo/2.24.3.1014878 CFNetwork/1331.0.7 Darwin/21.4.0"
::ffff:127.0.0.1 - - [27/Jul/2022:21:15:09 +0000] "GET /api/v1/bills/user?limit=1000&sort=-createdAt HTTP/1.0" 304 - "-" "Expo/2.24.3.1014878 CFNetwork/1331.0.7 Darwin/21.4.0"
::1 - - [27/Jul/2022:21:15:13 +0000] "GET /api/v1/bills/user?limit=1000&sort=-createdAt HTTP/1.0" 304 - "-" "Expo/2.24.3.1014878 CFNetwork/1331.0.7 Darwin/21.4.0"
::ffff:127.0.0.1 - - [27/Jul/2022:21:15:13 +0000] "GET /api/v1/goods/user?limit=100 HTTP/1.0" 304 - "-" "Expo/2.24.3.1014878 CFNetwork/1331.0.7 Darwin/21.4.0"
::1 - - [27/Jul/2022:21:15:14 +0000] "GET /api/v1/bills/user?limit=1000&sort=-createdAt HTTP/1.0" 304 - "-" "Expo/2.24.3.1014878 CFNetwork/1331.0.7 Darwin/21.4.0"
::ffff:127.0.0.1 - - [27/Jul/2022:21:15:14 +0000] "GET /api/v1/goods/user?limit=100 HTTP/1.0" 304 - "-" "Expo/2.24.3.1014878 CFNetwork/1331.0.7 Darwin/21.4.0"
::ffff:127.0.0.1 - - [27/Jul/2022:21:50:22 +0000] "GET /api/v1/categories HTTP/1.0" 304 - "-" "Expo/2.24.3.1014878 CFNetwork/1331.0.7 Darwin/21.4.0"
::1 - - [27/Jul/2022:21:50:22 +0000] "GET /api/v1/transactions/basket?limit=100&sort=-createdAt HTTP/1.0" 304 - "-" "Expo/2.24.3.1014878 CFNetwork/1331.0.7 Darwin/21.4.0"
::1 - - [27/Jul/2022:21:50:22 +0000] "GET /api/v1/goods/user?limit=100 HTTP/1.0" 304 - "-" "Expo/2.24.3.1014878 CFNetwork/1331.0.7 Darwin/21.4.0"
::ffff:127.0.0.1 - - [27/Jul/2022:21:50:27 +0000] "GET /api/v1/transactions/basket?limit=100&sort=-createdAt HTTP/1.0" 304 - "-" "Expo/2.24.3.1014878 CFNetwork/1331.0.7 Darwin/21.4.0"
::1 - - [27/Jul/2022:21:50:27 +0000] "GET /api/v1/goods/user?limit=100 HTTP/1.0" 304 - "-" "Expo/2.24.3.1014878 CFNetwork/1331.0.7 Darwin/21.4.0"
::ffff:127.0.0.1 - - [27/Jul/2022:21:50:27 +0000] "GET /api/v1/goods/user?limit=100 HTTP/1.0" 304 - "-" "Expo/2.24.3.1014878 CFNetwork/1331.0.7 Darwin/21.4.0"
::1 - - [27/Jul/2022:21:50:28 +0000] "GET /api/v1/bills/user?limit=1000&sort=-createdAt HTTP/1.0" 304 - "-" "Expo/2.24.3.1014878 CFNetwork/1331.0.7 Darwin/21.4.0"
::ffff:127.0.0.1 - - [27/Jul/2022:21:50:28 +0000] "GET /api/v1/goods/user?limit=100 HTTP/1.0" 304 - "-" "Expo/2.24.3.1014878 CFNetwork/1331.0.7 Darwin/21.4.0"
::1 - - [27/Jul/2022:21:50:54 +0000] "GET /api/v1/bills/user?limit=1000&sort=-createdAt HTTP/1.0" 304 - "-" "Expo/2.24.3.1014878 CFNetwork/1331.0.7 Darwin/21.4.0"
::ffff:127.0.0.1 - - [27/Jul/2022:21:51:58 +0000] "GET /api/v1/bills/user?limit=1000&sort=-createdAt HTTP/1.0" 200 2070 "-" "Expo/2.24.3.1014878 CFNetwork/1331.0.7 Darwin/21.4.0"
::1 - - [27/Jul/2022:21:52:12 +0000] "GET /api/v1/bills/user?limit=1000&sort=-createdAt HTTP/1.0" 304 - "-" "Expo/2.24.3.1014878 CFNetwork/1331.0.7 Darwin/21.4.0"
::ffff:127.0.0.1 - - [27/Jul/2022:21:52:54 +0000] "GET /api/v1/bills/user?limit=1000&sort=-createdAt HTTP/1.0" 304 - "-" "Expo/2.24.3.1014878 CFNetwork/1331.0.7 Darwin/21.4.0"
::1 - - [27/Jul/2022:21:53:20 +0000] "GET /api/v1/bills/user?limit=1000&sort=-createdAt HTTP/1.0" 304 - "-" "Expo/2.24.3.1014878 CFNetwork/1331.0.7 Darwin/21.4.0"
::ffff:127.0.0.1 - - [27/Jul/2022:21:53:25 +0000] "GET /api/v1/bills/user?limit=1000&sort=-createdAt HTTP/1.0" 304 - "-" "Expo/2.24.3.1014878 CFNetwork/1331.0.7 Darwin/21.4.0"
::1 - - [27/Jul/2022:21:55:27 +0000] "GET /api/v1/bills/user?limit=1000&sort=-createdAt HTTP/1.0" 200 2070 "-" "Expo/2.24.3.1014878 CFNetwork/1331.0.7 Darwin/21.4.0"
::ffff:127.0.0.1 - - [27/Jul/2022:21:55:27 +0000] "GET /api/v1/transactions/user?bill=62e1a1b2fd14d5479f57cdb8 HTTP/1.0" 200 1007 "-" "Expo/2.24.3.1014878 CFNetwork/1331.0.7 Darwin/21.4.0"
::1 - - [27/Jul/2022:21:55:27 +0000] "GET /upload/no-photo.jpg HTTP/1.0" 404 158 "-" "Expo/2.24.3.1014878 CFNetwork/1331.0.7 Darwin/21.4.0"
::1 - - [27/Jul/2022:21:55:29 +0000] "GET /api/v1/bills/user?limit=1000&sort=-createdAt HTTP/1.0" 304 - "-" "Expo/2.24.3.1014878 CFNetwork/1331.0.7 Darwin/21.4.0"
::ffff:127.0.0.1 - - [27/Jul/2022:21:55:57 +0000] "GET /api/v1/bills/user?limit=1000&sort=-createdAt HTTP/1.0" 304 - "-" "Expo/2.24.3.1014878 CFNetwork/1331.0.7 Darwin/21.4.0"
::1 - - [27/Jul/2022:21:56:25 +0000] "GET /api/v1/bills/user?limit=1000&sort=-createdAt HTTP/1.0" 304 - "-" "Expo/2.24.3.1014878 CFNetwork/1331.0.7 Darwin/21.4.0"
::ffff:127.0.0.1 - - [27/Jul/2022:21:58:16 +0000] "POST / HTTP/1.0" 404 140 "-" "Mozilla/5.0 (X11; Linux x86_64) AppleWebKit/537.36 (KHTML, like Gecko) Chrome/81.0.4044.129 Safari/537.36"
::1 - - [27/Jul/2022:21:58:16 +0000] "GET /.env HTTP/1.0" 404 143 "-" "Mozilla/5.0 (X11; Linux x86_64) AppleWebKit/537.36 (KHTML, like Gecko) Chrome/81.0.4044.129 Safari/537.36"
::ffff:127.0.0.1 - - [27/Jul/2022:21:59:21 +0000] "GET /api/v1/bills/user?limit=1000&sort=-createdAt HTTP/1.0" 200 2072 "-" "Expo/2.24.3.1014878 CFNetwork/1331.0.7 Darwin/21.4.0"
::1 - - [27/Jul/2022:21:59:22 +0000] "GET /api/v1/goods/user?limit=100 HTTP/1.0" 200 878 "-" "Expo/2.24.3.1014878 CFNetwork/1331.0.7 Darwin/21.4.0"
::ffff:127.0.0.1 - - [27/Jul/2022:21:59:24 +0000] "GET /api/v1/goods/user?limit=100 HTTP/1.0" 304 - "-" "Expo/2.24.3.1014878 CFNetwork/1331.0.7 Darwin/21.4.0"
::1 - - [27/Jul/2022:21:59:26 +0000] "GET /api/v1/bills/user?limit=1000&sort=-createdAt HTTP/1.0" 304 - "-" "Expo/2.24.3.1014878 CFNetwork/1331.0.7 Darwin/21.4.0"
::ffff:127.0.0.1 - - [27/Jul/2022:21:59:27 +0000] "GET /api/v1/goods/user?limit=100 HTTP/1.0" 304 - "-" "Expo/2.24.3.1014878 CFNetwork/1331.0.7 Darwin/21.4.0"
::1 - - [27/Jul/2022:21:59:27 +0000] "GET /api/v1/bills/user?limit=1000&sort=-createdAt HTTP/1.0" 304 - "-" "Expo/2.24.3.1014878 CFNetwork/1331.0.7 Darwin/21.4.0"
::1 - - [27/Jul/2022:21:59:27 +0000] "GET /api/v1/transactions/basket?limit=100&sort=-createdAt HTTP/1.0" 200 107 "-" "Expo/2.24.3.1014878 CFNetwork/1331.0.7 Darwin/21.4.0"
::ffff:127.0.0.1 - - [27/Jul/2022:21:59:27 +0000] "GET /api/v1/goods/user?limit=100 HTTP/1.0" 304 - "-" "Expo/2.24.3.1014878 CFNetwork/1331.0.7 Darwin/21.4.0"
::ffff:127.0.0.1 - - [27/Jul/2022:21:59:27 +0000] "GET /api/v1/goods/user?limit=100 HTTP/1.0" 304 - "-" "Expo/2.24.3.1014878 CFNetwork/1331.0.7 Darwin/21.4.0"
::1 - - [27/Jul/2022:22:12:10 +0000] "POST /api/v1/transactions HTTP/1.0" 200 257 "-" "Expo/2.24.3.1014878 CFNetwork/1331.0.7 Darwin/21.4.0"
::ffff:127.0.0.1 - - [27/Jul/2022:22:12:10 +0000] "GET /api/v1/transactions/basket?limit=100&sort=-createdAt HTTP/1.0" 200 440 "-" "Expo/2.24.3.1014878 CFNetwork/1331.0.7 Darwin/21.4.0"
::1 - - [27/Jul/2022:22:12:10 +0000] "GET /api/v1/transactions/basket?limit=100&sort=-createdAt HTTP/1.0" 200 440 "-" "Expo/2.24.3.1014878 CFNetwork/1331.0.7 Darwin/21.4.0"
::ffff:127.0.0.1 - - [27/Jul/2022:22:12:11 +0000] "POST /api/v1/transactions HTTP/1.0" 200 256 "-" "Expo/2.24.3.1014878 CFNetwork/1331.0.7 Darwin/21.4.0"
::1 - - [27/Jul/2022:22:12:12 +0000] "GET /api/v1/transactions/basket?limit=100&sort=-createdAt HTTP/1.0" 200 749 "-" "Expo/2.24.3.1014878 CFNetwork/1331.0.7 Darwin/21.4.0"
::ffff:127.0.0.1 - - [27/Jul/2022:22:12:12 +0000] "GET /api/v1/transactions/basket?limit=100&sort=-createdAt HTTP/1.0" 200 749 "-" "Expo/2.24.3.1014878 CFNetwork/1331.0.7 Darwin/21.4.0"
::1 - - [27/Jul/2022:22:29:26 +0000] "GET /api/v1/categories HTTP/1.0" 304 - "-" "Expo/2.24.3.1014878 CFNetwork/1331.0.7 Darwin/21.4.0"
::1 - - [27/Jul/2022:22:29:26 +0000] "GET /api/v1/goods/user?limit=100 HTTP/1.0" 200 878 "-" "Expo/2.24.3.1014878 CFNetwork/1331.0.7 Darwin/21.4.0"
::ffff:127.0.0.1 - - [27/Jul/2022:22:29:26 +0000] "GET /api/v1/transactions/basket?limit=100&sort=-createdAt HTTP/1.0" 200 749 "-" "Expo/2.24.3.1014878 CFNetwork/1331.0.7 Darwin/21.4.0"
::ffff:127.0.0.1 - - [27/Jul/2022:22:29:49 +0000] "GET /api/v1/goods/user?limit=100&select=quantity%20price%20photo%20name HTTP/1.0" 200 583 "-" "Expo/2.24.3.1014878 CFNetwork/1331.0.7 Darwin/21.4.0"
::1 - - [27/Jul/2022:22:29:50 +0000] "GET /api/v1/goods/user?limit=100 HTTP/1.0" 304 - "-" "Expo/2.24.3.1014878 CFNetwork/1331.0.7 Darwin/21.4.0"
::ffff:127.0.0.1 - - [27/Jul/2022:22:29:50 +0000] "GET /api/v1/transactions/basket?limit=100&sort=-createdAt HTTP/1.0" 304 - "-" "Expo/2.24.3.1014878 CFNetwork/1331.0.7 Darwin/21.4.0"
::ffff:127.0.0.1 - - [27/Jul/2022:22:29:50 +0000] "GET /upload/no-photo.jpg HTTP/1.0" 404 158 "-" "Expo/2.24.3.1014878 CFNetwork/1331.0.7 Darwin/21.4.0"
::ffff:127.0.0.1 - - [27/Jul/2022:22:29:57 +0000] "GET /api/v1/goods/user?limit=100 HTTP/1.0" 304 - "-" "Expo/2.24.3.1014878 CFNetwork/1331.0.7 Darwin/21.4.0"
::1 - - [27/Jul/2022:22:29:57 +0000] "GET /api/v1/transactions/basket?limit=100&sort=-createdAt HTTP/1.0" 304 - "-" "Expo/2.24.3.1014878 CFNetwork/1331.0.7 Darwin/21.4.0"
::1 - - [27/Jul/2022:22:36:45 +0000] "GET /api/v1/categories HTTP/1.0" 304 - "-" "Expo/2.24.3.1014878 CFNetwork/1331.0.7 Darwin/21.4.0"
::ffff:127.0.0.1 - - [27/Jul/2022:22:36:45 +0000] "GET /api/v1/goods/user?limit=100 HTTP/1.0" 200 878 "-" "Expo/2.24.3.1014878 CFNetwork/1331.0.7 Darwin/21.4.0"
::ffff:127.0.0.1 - - [27/Jul/2022:22:36:45 +0000] "GET /api/v1/transactions/basket?limit=100&sort=-createdAt HTTP/1.0" 200 749 "-" "Expo/2.24.3.1014878 CFNetwork/1331.0.7 Darwin/21.4.0"
::ffff:127.0.0.1 - - [27/Jul/2022:22:39:32 +0000] "GET /api/v1/categories HTTP/1.0" 304 - "-" "Expo/2.24.3.1014878 CFNetwork/1331.0.7 Darwin/21.4.0"
::1 - - [27/Jul/2022:22:39:33 +0000] "GET /api/v1/transactions/basket?limit=100&sort=-createdAt HTTP/1.0" 304 - "-" "Expo/2.24.3.1014878 CFNetwork/1331.0.7 Darwin/21.4.0"
::1 - - [27/Jul/2022:22:39:33 +0000] "GET /api/v1/goods/user?limit=100 HTTP/1.0" 304 - "-" "Expo/2.24.3.1014878 CFNetwork/1331.0.7 Darwin/21.4.0"
::ffff:127.0.0.1 - - [27/Jul/2022:22:40:30 +0000] "GET /api/v1/categories HTTP/1.0" 304 - "-" "Expo/2.24.3.1014878 CFNetwork/1331.0.7 Darwin/21.4.0"
::1 - - [27/Jul/2022:22:40:31 +0000] "GET /api/v1/goods/user?limit=100 HTTP/1.0" 304 - "-" "Expo/2.24.3.1014878 CFNetwork/1331.0.7 Darwin/21.4.0"
::ffff:127.0.0.1 - - [27/Jul/2022:22:40:31 +0000] "GET /api/v1/transactions/basket?limit=100&sort=-createdAt HTTP/1.0" 304 - "-" "Expo/2.24.3.1014878 CFNetwork/1331.0.7 Darwin/21.4.0"
::1 - - [27/Jul/2022:22:40:43 +0000] "GET /api/v1/categories HTTP/1.0" 304 - "-" "Expo/2.24.3.1014878 CFNetwork/1331.0.7 Darwin/21.4.0"
::ffff:127.0.0.1 - - [27/Jul/2022:22:40:43 +0000] "GET /api/v1/goods/user?limit=100 HTTP/1.0" 304 - "-" "Expo/2.24.3.1014878 CFNetwork/1331.0.7 Darwin/21.4.0"
::1 - - [27/Jul/2022:22:40:43 +0000] "GET /api/v1/transactions/basket?limit=100&sort=-createdAt HTTP/1.0" 304 - "-" "Expo/2.24.3.1014878 CFNetwork/1331.0.7 Darwin/21.4.0"
::ffff:127.0.0.1 - - [27/Jul/2022:22:41:12 +0000] "GET /api/v1/categories HTTP/1.0" 304 - "-" "Expo/2.24.3.1014878 CFNetwork/1331.0.7 Darwin/21.4.0"
::ffff:127.0.0.1 - - [27/Jul/2022:22:41:12 +0000] "GET /api/v1/transactions/basket?limit=100&sort=-createdAt HTTP/1.0" 304 - "-" "Expo/2.24.3.1014878 CFNetwork/1331.0.7 Darwin/21.4.0"
::1 - - [27/Jul/2022:22:41:12 +0000] "GET /api/v1/goods/user?limit=100 HTTP/1.0" 304 - "-" "Expo/2.24.3.1014878 CFNetwork/1331.0.7 Darwin/21.4.0"
::ffff:127.0.0.1 - - [27/Jul/2022:22:42:07 +0000] "GET /api/v1/categories HTTP/1.0" 304 - "-" "Expo/2.24.3.1014878 CFNetwork/1331.0.7 Darwin/21.4.0"
::1 - - [27/Jul/2022:22:42:07 +0000] "GET /api/v1/goods/user?limit=100 HTTP/1.0" 304 - "-" "Expo/2.24.3.1014878 CFNetwork/1331.0.7 Darwin/21.4.0"
::1 - - [27/Jul/2022:22:42:07 +0000] "GET /api/v1/transactions/basket?limit=100&sort=-createdAt HTTP/1.0" 304 - "-" "Expo/2.24.3.1014878 CFNetwork/1331.0.7 Darwin/21.4.0"
::1 - - [27/Jul/2022:22:42:44 +0000] "GET /api/v1/categories HTTP/1.0" 304 - "-" "Expo/2.24.3.1014878 CFNetwork/1331.0.7 Darwin/21.4.0"
::ffff:127.0.0.1 - - [27/Jul/2022:22:42:44 +0000] "GET /api/v1/goods/user?limit=100 HTTP/1.0" 304 - "-" "Expo/2.24.3.1014878 CFNetwork/1331.0.7 Darwin/21.4.0"
::ffff:127.0.0.1 - - [27/Jul/2022:22:42:44 +0000] "GET /api/v1/transactions/basket?limit=100&sort=-createdAt HTTP/1.0" 304 - "-" "Expo/2.24.3.1014878 CFNetwork/1331.0.7 Darwin/21.4.0"
::1 - - [27/Jul/2022:22:42:53 +0000] "GET /api/v1/categories HTTP/1.0" 304 - "-" "Expo/2.24.3.1014878 CFNetwork/1331.0.7 Darwin/21.4.0"
::1 - - [27/Jul/2022:22:42:53 +0000] "GET /api/v1/goods/user?limit=100 HTTP/1.0" 304 - "-" "Expo/2.24.3.1014878 CFNetwork/1331.0.7 Darwin/21.4.0"
::ffff:127.0.0.1 - - [27/Jul/2022:22:42:53 +0000] "GET /api/v1/transactions/basket?limit=100&sort=-createdAt HTTP/1.0" 304 - "-" "Expo/2.24.3.1014878 CFNetwork/1331.0.7 Darwin/21.4.0"
::ffff:127.0.0.1 - - [27/Jul/2022:22:43:12 +0000] "GET /api/v1/categories HTTP/1.0" 304 - "-" "Expo/2.24.3.1014878 CFNetwork/1331.0.7 Darwin/21.4.0"
::1 - - [27/Jul/2022:22:43:12 +0000] "GET /api/v1/goods/user?limit=100 HTTP/1.0" 304 - "-" "Expo/2.24.3.1014878 CFNetwork/1331.0.7 Darwin/21.4.0"
::ffff:127.0.0.1 - - [27/Jul/2022:22:43:12 +0000] "GET /api/v1/transactions/basket?limit=100&sort=-createdAt HTTP/1.0" 200 749 "-" "Expo/2.24.3.1014878 CFNetwork/1331.0.7 Darwin/21.4.0"
::1 - - [27/Jul/2022:22:44:23 +0000] "GET /api/v1/categories HTTP/1.0" 304 - "-" "Expo/2.24.3.1014878 CFNetwork/1331.0.7 Darwin/21.4.0"
::ffff:127.0.0.1 - - [27/Jul/2022:22:44:23 +0000] "GET /api/v1/transactions/basket?limit=100&sort=-createdAt HTTP/1.0" 200 749 "-" "Expo/2.24.3.1014878 CFNetwork/1331.0.7 Darwin/21.4.0"
::1 - - [27/Jul/2022:22:44:23 +0000] "GET /api/v1/goods/user?limit=100 HTTP/1.0" 200 878 "-" "Expo/2.24.3.1014878 CFNetwork/1331.0.7 Darwin/21.4.0"
::ffff:127.0.0.1 - - [27/Jul/2022:22:44:39 +0000] "GET /api/v1/categories HTTP/1.0" 304 - "-" "Expo/2.24.3.1014878 CFNetwork/1331.0.7 Darwin/21.4.0"
::1 - - [27/Jul/2022:22:44:39 +0000] "GET /api/v1/goods/user?limit=100 HTTP/1.0" 304 - "-" "Expo/2.24.3.1014878 CFNetwork/1331.0.7 Darwin/21.4.0"
::ffff:127.0.0.1 - - [27/Jul/2022:22:44:39 +0000] "GET /api/v1/transactions/basket?limit=100&sort=-createdAt HTTP/1.0" 200 749 "-" "Expo/2.24.3.1014878 CFNetwork/1331.0.7 Darwin/21.4.0"
::1 - - [27/Jul/2022:22:45:37 +0000] "GET /api/v1/categories HTTP/1.0" 304 - "-" "Expo/2.24.3.1014878 CFNetwork/1331.0.7 Darwin/21.4.0"
::1 - - [27/Jul/2022:22:45:37 +0000] "GET /api/v1/goods/user?limit=100 HTTP/1.0" 200 878 "-" "Expo/2.24.3.1014878 CFNetwork/1331.0.7 Darwin/21.4.0"
::ffff:127.0.0.1 - - [27/Jul/2022:22:45:37 +0000] "GET /api/v1/transactions/basket?limit=100&sort=-createdAt HTTP/1.0" 304 - "-" "Expo/2.24.3.1014878 CFNetwork/1331.0.7 Darwin/21.4.0"
::ffff:127.0.0.1 - - [27/Jul/2022:22:48:20 +0000] "GET /api/v1/categories HTTP/1.0" 304 - "-" "Expo/2.24.3.1014878 CFNetwork/1331.0.7 Darwin/21.4.0"
::1 - - [27/Jul/2022:22:48:20 +0000] "GET /api/v1/goods/user?limit=100 HTTP/1.0" 304 - "-" "Expo/2.24.3.1014878 CFNetwork/1331.0.7 Darwin/21.4.0"
::ffff:127.0.0.1 - - [27/Jul/2022:22:48:20 +0000] "GET /api/v1/transactions/basket?limit=100&sort=-createdAt HTTP/1.0" 304 - "-" "Expo/2.24.3.1014878 CFNetwork/1331.0.7 Darwin/21.4.0"
::1 - - [27/Jul/2022:22:49:25 +0000] "GET /api/v1/categories HTTP/1.0" 304 - "-" "Expo/2.24.3.1014878 CFNetwork/1331.0.7 Darwin/21.4.0"
::ffff:127.0.0.1 - - [27/Jul/2022:22:49:25 +0000] "GET /api/v1/goods/user?limit=100 HTTP/1.0" 304 - "-" "Expo/2.24.3.1014878 CFNetwork/1331.0.7 Darwin/21.4.0"
::1 - - [27/Jul/2022:22:49:25 +0000] "GET /api/v1/transactions/basket?limit=100&sort=-createdAt HTTP/1.0" 304 - "-" "Expo/2.24.3.1014878 CFNetwork/1331.0.7 Darwin/21.4.0"
::ffff:127.0.0.1 - - [27/Jul/2022:22:53:35 +0000] "POST /api/v1/bills/receipt HTTP/1.0" 200 285 "-" "Expo/2.24.3.1014878 CFNetwork/1331.0.7 Darwin/21.4.0"
::1 - - [27/Jul/2022:22:53:35 +0000] "POST /api/v1/templates HTTP/1.0" 200 197 "-" "Expo/2.24.3.1014878 CFNetwork/1331.0.7 Darwin/21.4.0"
