::1 - - [27/Jun/2022:18:28:46 +0000] "POST /api/v1/transactions HTTP/1.0" 200 256 "-" "Expo/2.24.3.1014878 CFNetwork/1333.0.4 Darwin/21.5.0"
::ffff:127.0.0.1 - - [27/Jun/2022:18:28:46 +0000] "GET /api/v1/transactions/basket?limit=100&sort=-createdAt HTTP/1.0" 200 403 "-" "Expo/2.24.3.1014878 CFNetwork/1333.0.4 Darwin/21.5.0"
::1 - - [27/Jun/2022:18:28:46 +0000] "GET /api/v1/transactions/basket?limit=100&sort=-createdAt HTTP/1.0" 200 403 "-" "Expo/2.24.3.1014878 CFNetwork/1333.0.4 Darwin/21.5.0"
::ffff:127.0.0.1 - - [27/Jun/2022:18:28:51 +0000] "POST /api/v1/bills/drain HTTP/1.0" 200 338 "-" "Expo/2.24.3.1014878 CFNetwork/1333.0.4 Darwin/21.5.0"
::1 - - [27/Jun/2022:18:28:52 +0000] "GET /api/v1/transactions/basket?limit=100&sort=-createdAt HTTP/1.0" 200 107 "-" "Expo/2.24.3.1014878 CFNetwork/1333.0.4 Darwin/21.5.0"
::ffff:127.0.0.1 - - [27/Jun/2022:18:28:52 +0000] "GET /api/v1/transactions/basket?limit=100&sort=-createdAt HTTP/1.0" 200 107 "-" "Expo/2.24.3.1014878 CFNetwork/1333.0.4 Darwin/21.5.0"
::1 - - [27/Jun/2022:18:29:00 +0000] "POST /api/v1/users/login HTTP/1.0" 200 547 "-" "Expo/2.24.3.1014878 CFNetwork/1333.0.4 Darwin/21.5.0"
::ffff:127.0.0.1 - - [27/Jun/2022:18:29:00 +0000] "GET /api/v1/categories HTTP/1.0" 304 - "-" "Expo/2.24.3.1014878 CFNetwork/1333.0.4 Darwin/21.5.0"
::1 - - [27/Jun/2022:18:29:01 +0000] "GET /api/v1/transactions/basket?limit=100&sort=-createdAt HTTP/1.0" 304 - "-" "Expo/2.24.3.1014878 CFNetwork/1333.0.4 Darwin/21.5.0"
::ffff:127.0.0.1 - - [27/Jun/2022:18:29:01 +0000] "GET /api/v1/goods/user?limit=100 HTTP/1.0" 200 7483 "-" "Expo/2.24.3.1014878 CFNetwork/1333.0.4 Darwin/21.5.0"
::1 - - [27/Jun/2022:18:29:45 +0000] "GET /api/v1/transactions/basket?limit=100&sort=-createdAt HTTP/1.0" 304 - "-" "Expo/2.24.3.1014878 CFNetwork/1333.0.4 Darwin/21.5.0"
::ffff:127.0.0.1 - - [27/Jun/2022:18:29:58 +0000] "GET /api/v1/goods/user?limit=100 HTTP/1.0" 304 - "-" "Expo/2.24.3.1014878 CFNetwork/1333.0.4 Darwin/21.5.0"
::1 - - [27/Jun/2022:18:29:58 +0000] "GET /api/v1/transactions/basket?limit=100&sort=-createdAt HTTP/1.0" 304 - "-" "Expo/2.24.3.1014878 CFNetwork/1333.0.4 Darwin/21.5.0"
::ffff:127.0.0.1 - - [27/Jun/2022:18:29:59 +0000] "GET /api/v1/transactions/basket?limit=100&sort=-createdAt HTTP/1.0" 304 - "-" "Expo/2.24.3.1014878 CFNetwork/1333.0.4 Darwin/21.5.0"
::1 - - [27/Jun/2022:18:30:00 +0000] "GET /api/v1/transactions/basket?limit=100&sort=-createdAt HTTP/1.0" 304 - "-" "Expo/2.24.3.1014878 CFNetwork/1333.0.4 Darwin/21.5.0"
::ffff:127.0.0.1 - - [27/Jun/2022:18:31:03 +0000] "GET /api/v1/goods/user?limit=100 HTTP/1.0" 304 - "-" "Expo/2.24.3.1014878 CFNetwork/1333.0.4 Darwin/21.5.0"
::1 - - [27/Jun/2022:18:31:52 +0000] "GET /api/v1/goods/user?limit=100 HTTP/1.0" 304 - "-" "Expo/2.24.3.1014878 CFNetwork/1333.0.4 Darwin/21.5.0"
::ffff:127.0.0.1 - - [27/Jun/2022:18:32:26 +0000] "GET /api/v1/goods/user?limit=100 HTTP/1.0" 304 - "-" "Expo/2.24.3.1014878 CFNetwork/1333.0.4 Darwin/21.5.0"
::1 - - [27/Jun/2022:18:32:32 +0000] "GET /api/v1/goods/user?limit=100 HTTP/1.0" 304 - "-" "Expo/2.24.3.1014878 CFNetwork/1333.0.4 Darwin/21.5.0"
::ffff:127.0.0.1 - - [27/Jun/2022:18:32:43 +0000] "GET /api/v1/goods/user?limit=100 HTTP/1.0" 304 - "-" "Expo/2.24.3.1014878 CFNetwork/1333.0.4 Darwin/21.5.0"
::1 - - [27/Jun/2022:18:32:46 +0000] "GET /api/v1/goods/user?limit=100 HTTP/1.0" 304 - "-" "Expo/2.24.3.1014878 CFNetwork/1333.0.4 Darwin/21.5.0"
::ffff:127.0.0.1 - - [27/Jun/2022:18:32:57 +0000] "GET /api/v1/goods/user?limit=100 HTTP/1.0" 304 - "-" "Expo/2.24.3.1014878 CFNetwork/1333.0.4 Darwin/21.5.0"
::1 - - [27/Jun/2022:18:33:12 +0000] "GET /api/v1/goods/user?limit=100 HTTP/1.0" 304 - "-" "Expo/2.24.3.1014878 CFNetwork/1333.0.4 Darwin/21.5.0"
::ffff:127.0.0.1 - - [27/Jun/2022:18:33:21 +0000] "GET /api/v1/goods/user?limit=100 HTTP/1.0" 304 - "-" "Expo/2.24.3.1014878 CFNetwork/1333.0.4 Darwin/21.5.0"
::1 - - [27/Jun/2022:18:33:44 +0000] "GET / HTTP/1.0" 404 139 "-" "Mozilla/5.0 zgrab/0.x"
::ffff:127.0.0.1 - - [27/Jun/2022:18:34:18 +0000] "GET /api/v1/goods/user?limit=100 HTTP/1.0" 304 - "-" "Expo/2.24.3.1014878 CFNetwork/1333.0.4 Darwin/21.5.0"
::1 - - [27/Jun/2022:18:34:30 +0000] "GET /api/v1/goods/user?limit=100 HTTP/1.0" 304 - "-" "Expo/2.24.3.1014878 CFNetwork/1333.0.4 Darwin/21.5.0"
::ffff:127.0.0.1 - - [27/Jun/2022:18:35:22 +0000] "POST /api/v1/users/login HTTP/1.0" 200 547 "-" "Expo/2.24.3.1014878 CFNetwork/1333.0.4 Darwin/21.5.0"
::1 - - [27/Jun/2022:18:35:23 +0000] "GET /api/v1/categories HTTP/1.0" 304 - "-" "Expo/2.24.3.1014878 CFNetwork/1333.0.4 Darwin/21.5.0"
::ffff:127.0.0.1 - - [27/Jun/2022:18:35:23 +0000] "GET /api/v1/goods/user?limit=100 HTTP/1.0" 304 - "-" "Expo/2.24.3.1014878 CFNetwork/1333.0.4 Darwin/21.5.0"
::1 - - [27/Jun/2022:18:35:23 +0000] "GET /api/v1/transactions/basket?limit=100&sort=-createdAt HTTP/1.0" 304 - "-" "Expo/2.24.3.1014878 CFNetwork/1333.0.4 Darwin/21.5.0"
::ffff:127.0.0.1 - - [27/Jun/2022:18:35:24 +0000] "GET /api/v1/transactions/basket?limit=100&sort=-createdAt HTTP/1.0" 304 - "-" "Expo/2.24.3.1014878 CFNetwork/1333.0.4 Darwin/21.5.0"
::1 - - [27/Jun/2022:18:35:24 +0000] "GET /api/v1/goods/user?limit=100 HTTP/1.0" 304 - "-" "Expo/2.24.3.1014878 CFNetwork/1333.0.4 Darwin/21.5.0"
::ffff:127.0.0.1 - - [27/Jun/2022:18:35:36 +0000] "POST /api/v1/users/login HTTP/1.0" 200 547 "-" "Expo/2.24.3.1014878 CFNetwork/1333.0.4 Darwin/21.5.0"
::ffff:127.0.0.1 - - [27/Jun/2022:18:35:36 +0000] "GET /api/v1/categories HTTP/1.0" 304 - "-" "Expo/2.24.3.1014878 CFNetwork/1333.0.4 Darwin/21.5.0"
::1 - - [27/Jun/2022:18:35:36 +0000] "GET /api/v1/goods/user?limit=100 HTTP/1.0" 304 - "-" "Expo/2.24.3.1014878 CFNetwork/1333.0.4 Darwin/21.5.0"
::1 - - [27/Jun/2022:18:35:36 +0000] "GET /api/v1/transactions/basket?limit=100&sort=-createdAt HTTP/1.0" 304 - "-" "Expo/2.24.3.1014878 CFNetwork/1333.0.4 Darwin/21.5.0"
::ffff:127.0.0.1 - - [27/Jun/2022:18:35:37 +0000] "GET /api/v1/transactions/basket?limit=100&sort=-createdAt HTTP/1.0" 304 - "-" "Expo/2.24.3.1014878 CFNetwork/1333.0.4 Darwin/21.5.0"
::1 - - [27/Jun/2022:18:35:37 +0000] "GET /api/v1/goods/user?limit=100 HTTP/1.0" 304 - "-" "Expo/2.24.3.1014878 CFNetwork/1333.0.4 Darwin/21.5.0"
::ffff:127.0.0.1 - - [27/Jun/2022:18:35:53 +0000] "POST /api/v1/users/login HTTP/1.0" 200 547 "-" "Expo/2.24.3.1014878 CFNetwork/1333.0.4 Darwin/21.5.0"
::1 - - [27/Jun/2022:18:35:54 +0000] "GET /api/v1/goods/user?limit=100 HTTP/1.0" 304 - "-" "Expo/2.24.3.1014878 CFNetwork/1333.0.4 Darwin/21.5.0"
::ffff:127.0.0.1 - - [27/Jun/2022:18:35:54 +0000] "GET /api/v1/categories HTTP/1.0" 304 - "-" "Expo/2.24.3.1014878 CFNetwork/1333.0.4 Darwin/21.5.0"
::1 - - [27/Jun/2022:18:35:54 +0000] "GET /api/v1/transactions/basket?limit=100&sort=-createdAt HTTP/1.0" 304 - "-" "Expo/2.24.3.1014878 CFNetwork/1333.0.4 Darwin/21.5.0"
::ffff:127.0.0.1 - - [27/Jun/2022:18:35:55 +0000] "GET /api/v1/transactions/basket?limit=100&sort=-createdAt HTTP/1.0" 304 - "-" "Expo/2.24.3.1014878 CFNetwork/1333.0.4 Darwin/21.5.0"
::1 - - [27/Jun/2022:18:35:55 +0000] "GET /api/v1/goods/user?limit=100 HTTP/1.0" 304 - "-" "Expo/2.24.3.1014878 CFNetwork/1333.0.4 Darwin/21.5.0"
::ffff:127.0.0.1 - - [27/Jun/2022:18:36:02 +0000] "GET /api/v1/goods/user?limit=100 HTTP/1.0" 304 - "-" "Expo/2.24.3.1014878 CFNetwork/1333.0.4 Darwin/21.5.0"
::1 - - [27/Jun/2022:18:36:16 +0000] "GET /api/v1/goods/user?limit=100 HTTP/1.0" 304 - "-" "Expo/2.24.3.1014878 CFNetwork/1333.0.4 Darwin/21.5.0"
::ffff:127.0.0.1 - - [27/Jun/2022:18:36:52 +0000] "GET /api/v1/goods/user?limit=100 HTTP/1.0" 304 - "-" "Expo/2.24.3.1014878 CFNetwork/1333.0.4 Darwin/21.5.0"
::1 - - [27/Jun/2022:18:37:33 +0000] "GET /api/v1/goods/user?limit=100 HTTP/1.0" 304 - "-" "Expo/2.24.3.1014878 CFNetwork/1333.0.4 Darwin/21.5.0"
::ffff:127.0.0.1 - - [27/Jun/2022:18:37:35 +0000] "GET /api/v1/goods/629f90b3625eb82324427422 HTTP/1.0" 200 374 "-" "Expo/2.24.3.1014878 CFNetwork/1333.0.4 Darwin/21.5.0"
::1 - - [27/Jun/2022:18:37:35 +0000] "GET /upload/undefined HTTP/1.0" 404 155 "-" "Expo/2.24.3.1014878 CFNetwork/1333.0.4 Darwin/21.5.0"
::1 - - [27/Jun/2022:18:38:26 +0000] "POST /api/v1/users/login HTTP/1.0" 200 547 "-" "Expo/2.24.3.1014878 CFNetwork/1333.0.4 Darwin/21.5.0"
::ffff:127.0.0.1 - - [27/Jun/2022:18:38:27 +0000] "GET /api/v1/categories HTTP/1.0" 304 - "-" "Expo/2.24.3.1014878 CFNetwork/1333.0.4 Darwin/21.5.0"
::1 - - [27/Jun/2022:18:38:27 +0000] "GET /api/v1/transactions/basket?limit=100&sort=-createdAt HTTP/1.0" 304 - "-" "Expo/2.24.3.1014878 CFNetwork/1333.0.4 Darwin/21.5.0"
::ffff:127.0.0.1 - - [27/Jun/2022:18:38:27 +0000] "GET /api/v1/goods/user?limit=100 HTTP/1.0" 304 - "-" "Expo/2.24.3.1014878 CFNetwork/1333.0.4 Darwin/21.5.0"
::1 - - [27/Jun/2022:18:38:27 +0000] "GET /api/v1/goods/user?limit=100 HTTP/1.0" 304 - "-" "Expo/2.24.3.1014878 CFNetwork/1333.0.4 Darwin/21.5.0"
::ffff:127.0.0.1 - - [27/Jun/2022:18:38:27 +0000] "GET /api/v1/transactions/basket?limit=100&sort=-createdAt HTTP/1.0" 304 - "-" "Expo/2.24.3.1014878 CFNetwork/1333.0.4 Darwin/21.5.0"
::ffff:127.0.0.1 - - [27/Jun/2022:18:38:29 +0000] "GET /upload/undefined HTTP/1.0" 404 155 "-" "Expo/2.24.3.1014878 CFNetwork/1333.0.4 Darwin/21.5.0"
::1 - - [27/Jun/2022:18:38:29 +0000] "GET /api/v1/goods/629f90b3625eb82324427422 HTTP/1.0" 304 - "-" "Expo/2.24.3.1014878 CFNetwork/1333.0.4 Darwin/21.5.0"
::ffff:127.0.0.1 - - [27/Jun/2022:18:39:43 +0000] "GET /api/v1/goods/629f90b3625eb82324427422 HTTP/1.0" 304 - "-" "Expo/2.24.3.1014878 CFNetwork/1333.0.4 Darwin/21.5.0"
::1 - - [27/Jun/2022:18:40:18 +0000] "GET /api/v1/goods/629f90b3625eb82324427422 HTTP/1.0" 304 - "-" "Expo/2.24.3.1014878 CFNetwork/1333.0.4 Darwin/21.5.0"
::ffff:127.0.0.1 - - [27/Jun/2022:18:40:32 +0000] "GET /api/v1/goods/629f90b3625eb82324427422 HTTP/1.0" 304 - "-" "Expo/2.24.3.1014878 CFNetwork/1333.0.4 Darwin/21.5.0"
::1 - - [27/Jun/2022:18:41:36 +0000] "GET /api/v1/goods/629f90b3625eb82324427422 HTTP/1.0" 304 - "-" "Expo/2.24.3.1014878 CFNetwork/1333.0.4 Darwin/21.5.0"
::ffff:127.0.0.1 - - [27/Jun/2022:18:41:39 +0000] "GET /api/v1/goods/629f90b3625eb82324427422 HTTP/1.0" 304 - "-" "Expo/2.24.3.1014878 CFNetwork/1333.0.4 Darwin/21.5.0"
::1 - - [27/Jun/2022:18:42:13 +0000] "GET /api/v1/goods/629f90b3625eb82324427422 HTTP/1.0" 304 - "-" "Expo/2.24.3.1014878 CFNetwork/1333.0.4 Darwin/21.5.0"
::ffff:127.0.0.1 - - [27/Jun/2022:18:42:25 +0000] "GET /api/v1/goods/629f90b3625eb82324427422 HTTP/1.0" 304 - "-" "Expo/2.24.3.1014878 CFNetwork/1333.0.4 Darwin/21.5.0"
::1 - - [27/Jun/2022:18:42:57 +0000] "GET /api/v1/goods/629f90b3625eb82324427422 HTTP/1.0" 304 - "-" "Expo/2.24.3.1014878 CFNetwork/1333.0.4 Darwin/21.5.0"
::ffff:127.0.0.1 - - [27/Jun/2022:18:43:04 +0000] "GET /api/v1/goods/629f90b3625eb82324427422 HTTP/1.0" 304 - "-" "Expo/2.24.3.1014878 CFNetwork/1333.0.4 Darwin/21.5.0"
::1 - - [27/Jun/2022:18:43:12 +0000] "GET /api/v1/goods/629f90b3625eb82324427422 HTTP/1.0" 304 - "-" "Expo/2.24.3.1014878 CFNetwork/1333.0.4 Darwin/21.5.0"
::ffff:127.0.0.1 - - [27/Jun/2022:18:43:15 +0000] "GET /api/v1/goods/629f90b3625eb82324427422 HTTP/1.0" 304 - "-" "Expo/2.24.3.1014878 CFNetwork/1333.0.4 Darwin/21.5.0"
::1 - - [27/Jun/2022:18:43:19 +0000] "GET /api/v1/goods/629f90b3625eb82324427422 HTTP/1.0" 304 - "-" "Expo/2.24.3.1014878 CFNetwork/1333.0.4 Darwin/21.5.0"
::ffff:127.0.0.1 - - [27/Jun/2022:18:43:29 +0000] "GET /api/v1/goods/629f90b3625eb82324427422 HTTP/1.0" 304 - "-" "Expo/2.24.3.1014878 CFNetwork/1333.0.4 Darwin/21.5.0"
::1 - - [27/Jun/2022:18:43:37 +0000] "GET /api/v1/goods/629f90b3625eb82324427422 HTTP/1.0" 304 - "-" "Expo/2.24.3.1014878 CFNetwork/1333.0.4 Darwin/21.5.0"
::ffff:127.0.0.1 - - [27/Jun/2022:18:43:44 +0000] "GET /api/v1/goods/629f90b3625eb82324427422 HTTP/1.0" 304 - "-" "Expo/2.24.3.1014878 CFNetwork/1333.0.4 Darwin/21.5.0"
::1 - - [27/Jun/2022:18:43:50 +0000] "GET /api/v1/goods/629f90b3625eb82324427422 HTTP/1.0" 304 - "-" "Expo/2.24.3.1014878 CFNetwork/1333.0.4 Darwin/21.5.0"
::ffff:127.0.0.1 - - [27/Jun/2022:18:44:00 +0000] "GET /api/v1/goods/629f90b3625eb82324427422 HTTP/1.0" 304 - "-" "Expo/2.24.3.1014878 CFNetwork/1333.0.4 Darwin/21.5.0"
::1 - - [27/Jun/2022:18:44:03 +0000] "GET /api/v1/goods/629f90b3625eb82324427422 HTTP/1.0" 304 - "-" "Expo/2.24.3.1014878 CFNetwork/1333.0.4 Darwin/21.5.0"
::ffff:127.0.0.1 - - [27/Jun/2022:18:44:08 +0000] "GET /api/v1/goods/629f90b3625eb82324427422 HTTP/1.0" 304 - "-" "Expo/2.24.3.1014878 CFNetwork/1333.0.4 Darwin/21.5.0"
::1 - - [27/Jun/2022:18:44:14 +0000] "GET /api/v1/goods/629f90b3625eb82324427422 HTTP/1.0" 304 - "-" "Expo/2.24.3.1014878 CFNetwork/1333.0.4 Darwin/21.5.0"
::ffff:127.0.0.1 - - [27/Jun/2022:18:44:44 +0000] "GET /api/v1/goods/629f90b3625eb82324427422 HTTP/1.0" 304 - "-" "Expo/2.24.3.1014878 CFNetwork/1333.0.4 Darwin/21.5.0"
::1 - - [27/Jun/2022:18:44:50 +0000] "GET /api/v1/goods/629f90b3625eb82324427422 HTTP/1.0" 304 - "-" "Expo/2.24.3.1014878 CFNetwork/1333.0.4 Darwin/21.5.0"
::ffff:127.0.0.1 - - [27/Jun/2022:18:44:59 +0000] "GET /api/v1/goods/629f90b3625eb82324427422 HTTP/1.0" 304 - "-" "Expo/2.24.3.1014878 CFNetwork/1333.0.4 Darwin/21.5.0"
::1 - - [27/Jun/2022:18:45:02 +0000] "GET /api/v1/goods/629f90b3625eb82324427422 HTTP/1.0" 304 - "-" "Expo/2.24.3.1014878 CFNetwork/1333.0.4 Darwin/21.5.0"
::ffff:127.0.0.1 - - [27/Jun/2022:18:45:05 +0000] "GET /api/v1/goods/629f90b3625eb82324427422 HTTP/1.0" 304 - "-" "Expo/2.24.3.1014878 CFNetwork/1333.0.4 Darwin/21.5.0"
::1 - - [27/Jun/2022:18:45:07 +0000] "GET /api/v1/goods/629f90b3625eb82324427422 HTTP/1.0" 304 - "-" "Expo/2.24.3.1014878 CFNetwork/1333.0.4 Darwin/21.5.0"
::ffff:127.0.0.1 - - [27/Jun/2022:18:45:10 +0000] "GET /api/v1/goods/629f90b3625eb82324427422 HTTP/1.0" 304 - "-" "Expo/2.24.3.1014878 CFNetwork/1333.0.4 Darwin/21.5.0"
::1 - - [27/Jun/2022:18:45:12 +0000] "GET /api/v1/goods/629f90b3625eb82324427422 HTTP/1.0" 304 - "-" "Expo/2.24.3.1014878 CFNetwork/1333.0.4 Darwin/21.5.0"
::ffff:127.0.0.1 - - [27/Jun/2022:18:45:12 +0000] "GET /upload/undefined HTTP/1.0" 404 155 "-" "Expo/2.24.3.1014878 CFNetwork/1333.0.4 Darwin/21.5.0"
::ffff:127.0.0.1 - - [27/Jun/2022:18:45:19 +0000] "GET /api/v1/goods/629f90b3625eb82324427422 HTTP/1.0" 304 - "-" "Expo/2.24.3.1014878 CFNetwork/1333.0.4 Darwin/21.5.0"
::1 - - [27/Jun/2022:18:45:26 +0000] "GET /api/v1/goods/629f90b3625eb82324427422 HTTP/1.0" 304 - "-" "Expo/2.24.3.1014878 CFNetwork/1333.0.4 Darwin/21.5.0"
::ffff:127.0.0.1 - - [27/Jun/2022:18:45:41 +0000] "GET /api/v1/goods/629f90b3625eb82324427422 HTTP/1.0" 304 - "-" "Expo/2.24.3.1014878 CFNetwork/1333.0.4 Darwin/21.5.0"
::1 - - [27/Jun/2022:18:45:43 +0000] "GET /api/v1/goods/629f90b3625eb82324427422 HTTP/1.0" 304 - "-" "Expo/2.24.3.1014878 CFNetwork/1333.0.4 Darwin/21.5.0"
::ffff:127.0.0.1 - - [27/Jun/2022:18:45:48 +0000] "GET /api/v1/goods/629f90b3625eb82324427422 HTTP/1.0" 304 - "-" "Expo/2.24.3.1014878 CFNetwork/1333.0.4 Darwin/21.5.0"
::1 - - [27/Jun/2022:18:45:58 +0000] "GET /api/v1/goods/629f90b3625eb82324427422 HTTP/1.0" 304 - "-" "Expo/2.24.3.1014878 CFNetwork/1333.0.4 Darwin/21.5.0"
::ffff:127.0.0.1 - - [27/Jun/2022:18:46:20 +0000] "GET /api/v1/goods/629f90b3625eb82324427422 HTTP/1.0" 304 - "-" "Expo/2.24.3.1014878 CFNetwork/1333.0.4 Darwin/21.5.0"
::1 - - [27/Jun/2022:18:46:24 +0000] "GET /api/v1/goods/629f90b3625eb82324427422 HTTP/1.0" 304 - "-" "Expo/2.24.3.1014878 CFNetwork/1333.0.4 Darwin/21.5.0"
::ffff:127.0.0.1 - - [27/Jun/2022:18:46:27 +0000] "GET /api/v1/goods/629f90b3625eb82324427422 HTTP/1.0" 304 - "-" "Expo/2.24.3.1014878 CFNetwork/1333.0.4 Darwin/21.5.0"
::1 - - [27/Jun/2022:18:47:31 +0000] "GET /api/v1/goods/629f90b3625eb82324427422 HTTP/1.0" 304 - "-" "Expo/2.24.3.1014878 CFNetwork/1333.0.4 Darwin/21.5.0"
::ffff:127.0.0.1 - - [27/Jun/2022:18:47:55 +0000] "GET /api/v1/goods/629f90b3625eb82324427422 HTTP/1.0" 304 - "-" "Expo/2.24.3.1014878 CFNetwork/1333.0.4 Darwin/21.5.0"
::1 - - [27/Jun/2022:18:47:59 +0000] "GET /api/v1/goods/629f90b3625eb82324427422 HTTP/1.0" 304 - "-" "Expo/2.24.3.1014878 CFNetwork/1333.0.4 Darwin/21.5.0"
::ffff:127.0.0.1 - - [27/Jun/2022:18:49:02 +0000] "GET /api/v1/goods/629f90b3625eb82324427422 HTTP/1.0" 304 - "-" "Expo/2.24.3.1014878 CFNetwork/1333.0.4 Darwin/21.5.0"
::1 - - [27/Jun/2022:18:49:23 +0000] "GET /api/v1/goods/629f90b3625eb82324427422 HTTP/1.0" 304 - "-" "Expo/2.24.3.1014878 CFNetwork/1333.0.4 Darwin/21.5.0"
::ffff:127.0.0.1 - - [27/Jun/2022:18:49:27 +0000] "GET /api/v1/goods/629f90b3625eb82324427422 HTTP/1.0" 304 - "-" "Expo/2.24.3.1014878 CFNetwork/1333.0.4 Darwin/21.5.0"
::1 - - [27/Jun/2022:18:49:35 +0000] "GET /api/v1/goods/629f90b3625eb82324427422 HTTP/1.0" 304 - "-" "Expo/2.24.3.1014878 CFNetwork/1333.0.4 Darwin/21.5.0"
::ffff:127.0.0.1 - - [27/Jun/2022:18:49:38 +0000] "GET /api/v1/goods/629f90b3625eb82324427422 HTTP/1.0" 304 - "-" "Expo/2.24.3.1014878 CFNetwork/1333.0.4 Darwin/21.5.0"
::1 - - [27/Jun/2022:18:49:42 +0000] "GET /api/v1/goods/629f90b3625eb82324427422 HTTP/1.0" 304 - "-" "Expo/2.24.3.1014878 CFNetwork/1333.0.4 Darwin/21.5.0"
::ffff:127.0.0.1 - - [27/Jun/2022:18:50:00 +0000] "GET /api/v1/goods/629f90b3625eb82324427422 HTTP/1.0" 304 - "-" "Expo/2.24.3.1014878 CFNetwork/1333.0.4 Darwin/21.5.0"
::1 - - [27/Jun/2022:18:50:22 +0000] "GET /api/v1/goods/629f90b3625eb82324427422 HTTP/1.0" 304 - "-" "Expo/2.24.3.1014878 CFNetwork/1333.0.4 Darwin/21.5.0"
::ffff:127.0.0.1 - - [27/Jun/2022:18:50:26 +0000] "GET /api/v1/goods/629f90b3625eb82324427422 HTTP/1.0" 304 - "-" "Expo/2.24.3.1014878 CFNetwork/1333.0.4 Darwin/21.5.0"
::1 - - [27/Jun/2022:18:50:37 +0000] "GET /api/v1/goods/629f90b3625eb82324427422 HTTP/1.0" 304 - "-" "Expo/2.24.3.1014878 CFNetwork/1333.0.4 Darwin/21.5.0"
::ffff:127.0.0.1 - - [27/Jun/2022:18:50:59 +0000] "GET /api/v1/goods/629f90b3625eb82324427422 HTTP/1.0" 304 - "-" "Expo/2.24.3.1014878 CFNetwork/1333.0.4 Darwin/21.5.0"
::1 - - [27/Jun/2022:18:51:10 +0000] "GET /api/v1/goods/629f90b3625eb82324427422 HTTP/1.0" 304 - "-" "Expo/2.24.3.1014878 CFNetwork/1333.0.4 Darwin/21.5.0"
::ffff:127.0.0.1 - - [27/Jun/2022:18:51:14 +0000] "GET /api/v1/goods/629f90b3625eb82324427422 HTTP/1.0" 304 - "-" "Expo/2.24.3.1014878 CFNetwork/1333.0.4 Darwin/21.5.0"
::1 - - [27/Jun/2022:18:51:26 +0000] "GET /api/v1/goods/629f90b3625eb82324427422 HTTP/1.0" 304 - "-" "Expo/2.24.3.1014878 CFNetwork/1333.0.4 Darwin/21.5.0"
::ffff:127.0.0.1 - - [27/Jun/2022:18:51:33 +0000] "GET /api/v1/goods/629f90b3625eb82324427422 HTTP/1.0" 304 - "-" "Expo/2.24.3.1014878 CFNetwork/1333.0.4 Darwin/21.5.0"
::1 - - [27/Jun/2022:18:51:40 +0000] "GET /api/v1/goods/629f90b3625eb82324427422 HTTP/1.0" 304 - "-" "Expo/2.24.3.1014878 CFNetwork/1333.0.4 Darwin/21.5.0"
::ffff:127.0.0.1 - - [27/Jun/2022:18:51:43 +0000] "GET /api/v1/goods/629f90b3625eb82324427422 HTTP/1.0" 304 - "-" "Expo/2.24.3.1014878 CFNetwork/1333.0.4 Darwin/21.5.0"
::1 - - [27/Jun/2022:18:51:45 +0000] "GET /api/v1/goods/629f90b3625eb82324427422 HTTP/1.0" 304 - "-" "Expo/2.24.3.1014878 CFNetwork/1333.0.4 Darwin/21.5.0"
::ffff:127.0.0.1 - - [27/Jun/2022:18:51:56 +0000] "GET /api/v1/goods/629f90b3625eb82324427422 HTTP/1.0" 304 - "-" "Expo/2.24.3.1014878 CFNetwork/1333.0.4 Darwin/21.5.0"
::1 - - [27/Jun/2022:18:52:16 +0000] "GET /api/v1/goods/629f90b3625eb82324427422 HTTP/1.0" 304 - "-" "Expo/2.24.3.1014878 CFNetwork/1333.0.4 Darwin/21.5.0"
::ffff:127.0.0.1 - - [27/Jun/2022:18:52:26 +0000] "GET /api/v1/goods/629f90b3625eb82324427422 HTTP/1.0" 304 - "-" "Expo/2.24.3.1014878 CFNetwork/1333.0.4 Darwin/21.5.0"
::1 - - [27/Jun/2022:18:52:33 +0000] "GET /api/v1/goods/629f90b3625eb82324427422 HTTP/1.0" 304 - "-" "Expo/2.24.3.1014878 CFNetwork/1333.0.4 Darwin/21.5.0"
::ffff:127.0.0.1 - - [27/Jun/2022:18:53:04 +0000] "GET /api/v1/goods/629f90b3625eb82324427422 HTTP/1.0" 304 - "-" "Expo/2.24.3.1014878 CFNetwork/1333.0.4 Darwin/21.5.0"
::1 - - [27/Jun/2022:18:53:19 +0000] "GET /api/v1/goods/629f90b3625eb82324427422 HTTP/1.0" 304 - "-" "Expo/2.24.3.1014878 CFNetwork/1333.0.4 Darwin/21.5.0"
::ffff:127.0.0.1 - - [27/Jun/2022:18:53:37 +0000] "GET /api/v1/goods/629f90b3625eb82324427422 HTTP/1.0" 304 - "-" "Expo/2.24.3.1014878 CFNetwork/1333.0.4 Darwin/21.5.0"
::1 - - [27/Jun/2022:18:53:49 +0000] "GET /api/v1/goods/629f90b3625eb82324427422 HTTP/1.0" 304 - "-" "Expo/2.24.3.1014878 CFNetwork/1333.0.4 Darwin/21.5.0"
::ffff:127.0.0.1 - - [27/Jun/2022:18:54:03 +0000] "GET /api/v1/goods/629f90b3625eb82324427422 HTTP/1.0" 304 - "-" "Expo/2.24.3.1014878 CFNetwork/1333.0.4 Darwin/21.5.0"
::1 - - [27/Jun/2022:18:54:13 +0000] "GET /api/v1/goods/629f90b3625eb82324427422 HTTP/1.0" 304 - "-" "Expo/2.24.3.1014878 CFNetwork/1333.0.4 Darwin/21.5.0"
::ffff:127.0.0.1 - - [27/Jun/2022:18:54:36 +0000] "GET /api/v1/goods/629f90b3625eb82324427422 HTTP/1.0" 304 - "-" "Expo/2.24.3.1014878 CFNetwork/1333.0.4 Darwin/21.5.0"
::1 - - [27/Jun/2022:18:54:41 +0000] "GET /api/v1/goods/629f90b3625eb82324427422 HTTP/1.0" 304 - "-" "Expo/2.24.3.1014878 CFNetwork/1333.0.4 Darwin/21.5.0"
::ffff:127.0.0.1 - - [27/Jun/2022:18:54:49 +0000] "GET /api/v1/goods/629f90b3625eb82324427422 HTTP/1.0" 304 - "-" "Expo/2.24.3.1014878 CFNetwork/1333.0.4 Darwin/21.5.0"
::1 - - [27/Jun/2022:18:54:55 +0000] "GET /api/v1/goods/629f90b3625eb82324427422 HTTP/1.0" 304 - "-" "Expo/2.24.3.1014878 CFNetwork/1333.0.4 Darwin/21.5.0"
::ffff:127.0.0.1 - - [27/Jun/2022:18:55:08 +0000] "GET /api/v1/goods/629f90b3625eb82324427422 HTTP/1.0" 304 - "-" "Expo/2.24.3.1014878 CFNetwork/1333.0.4 Darwin/21.5.0"
::1 - - [27/Jun/2022:18:55:27 +0000] "GET /api/v1/goods/629f90b3625eb82324427422 HTTP/1.0" 304 - "-" "Expo/2.24.3.1014878 CFNetwork/1333.0.4 Darwin/21.5.0"
::1 - - [27/Jun/2022:18:56:41 +0000] "GET /upload/undefined HTTP/1.0" 404 155 "-" "Expo/2.24.3.1014878 CFNetwork/1333.0.4 Darwin/21.5.0"
::ffff:127.0.0.1 - - [27/Jun/2022:18:56:42 +0000] "DELETE /api/v1/goods/62a07c825f68464fc04971de HTTP/1.0" 200 388 "-" "Expo/2.24.3.1014878 CFNetwork/1333.0.4 Darwin/21.5.0"
::ffff:127.0.0.1 - - [27/Jun/2022:18:56:42 +0000] "GET /upload/no-photo.jpg HTTP/1.0" 404 158 "-" "Expo/2.24.3.1014878 CFNetwork/1333.0.4 Darwin/21.5.0"
::1 - - [27/Jun/2022:18:56:48 +0000] "POST /api/v1/users/login HTTP/1.0" 200 547 "-" "Expo/2.24.3.1014878 CFNetwork/1333.0.4 Darwin/21.5.0"
::ffff:127.0.0.1 - - [27/Jun/2022:18:56:49 +0000] "GET /api/v1/categories HTTP/1.0" 304 - "-" "Expo/2.24.3.1014878 CFNetwork/1333.0.4 Darwin/21.5.0"
::1 - - [27/Jun/2022:18:56:49 +0000] "GET /api/v1/transactions/basket?limit=100&sort=-createdAt HTTP/1.0" 304 - "-" "Expo/2.24.3.1014878 CFNetwork/1333.0.4 Darwin/21.5.0"
::ffff:127.0.0.1 - - [27/Jun/2022:18:56:49 +0000] "GET /api/v1/goods/user?limit=100 HTTP/1.0" 200 7118 "-" "Expo/2.24.3.1014878 CFNetwork/1333.0.4 Darwin/21.5.0"
::1 - - [27/Jun/2022:18:57:40 +0000] "GET /api/v1/transactions/basket?limit=100&sort=-createdAt HTTP/1.0" 304 - "-" "Expo/2.24.3.1014878 CFNetwork/1333.0.4 Darwin/21.5.0"
::ffff:127.0.0.1 - - [27/Jun/2022:18:57:40 +0000] "GET /api/v1/goods/user?limit=100 HTTP/1.0" 304 - "-" "Expo/2.24.3.1014878 CFNetwork/1333.0.4 Darwin/21.5.0"
::1 - - [27/Jun/2022:18:58:00 +0000] "GET /api/v1/goods/user?limit=100 HTTP/1.0" 304 - "-" "Expo/2.24.3.1014878 CFNetwork/1333.0.4 Darwin/21.5.0"
::1 - - [27/Jun/2022:18:58:04 +0000] "GET /upload/undefined HTTP/1.0" 404 155 "-" "Expo/2.24.3.1014878 CFNetwork/1333.0.4 Darwin/21.5.0"
::ffff:127.0.0.1 - - [27/Jun/2022:18:58:04 +0000] "GET /api/v1/goods/629f90b3625eb82324427422 HTTP/1.0" 304 - "-" "Expo/2.24.3.1014878 CFNetwork/1333.0.4 Darwin/21.5.0"
::ffff:127.0.0.1 - - [27/Jun/2022:19:07:54 +0000] "GET /upload/undefined HTTP/1.0" 404 155 "-" "Expo/2.24.3.1014878 CFNetwork/1333.0.4 Darwin/21.5.0"
::1 - - [27/Jun/2022:19:07:55 +0000] "GET /api/v1/goods/629f90b3625eb82324427422 HTTP/1.0" 304 - "-" "Expo/2.24.3.1014878 CFNetwork/1333.0.4 Darwin/21.5.0"
::ffff:127.0.0.1 - - [27/Jun/2022:19:08:09 +0000] "GET /api/v1/goods/629f90b3625eb82324427422 HTTP/1.0" 304 - "-" "Expo/2.24.3.1014878 CFNetwork/1333.0.4 Darwin/21.5.0"
::1 - - [27/Jun/2022:19:08:17 +0000] "GET /api/v1/goods/629f90b3625eb82324427422 HTTP/1.0" 304 - "-" "Expo/2.24.3.1014878 CFNetwork/1333.0.4 Darwin/21.5.0"
::ffff:127.0.0.1 - - [27/Jun/2022:19:08:23 +0000] "DELETE /api/v1/goods/629f90b3625eb82324427422 HTTP/1.0" 200 374 "-" "Expo/2.24.3.1014878 CFNetwork/1333.0.4 Darwin/21.5.0"
::1 - - [27/Jun/2022:19:08:44 +0000] "GET /api/v1/goods/user?limit=100 HTTP/1.0" 200 6767 "-" "Expo/2.24.3.1014878 CFNetwork/1333.0.4 Darwin/21.5.0"
::ffff:127.0.0.1 - - [27/Jun/2022:19:08:48 +0000] "POST /api/v1/users/login HTTP/1.0" 200 547 "-" "Expo/2.24.3.1014878 CFNetwork/1333.0.4 Darwin/21.5.0"
::1 - - [27/Jun/2022:19:08:48 +0000] "GET /api/v1/categories HTTP/1.0" 304 - "-" "Expo/2.24.3.1014878 CFNetwork/1333.0.4 Darwin/21.5.0"
::ffff:127.0.0.1 - - [27/Jun/2022:19:08:48 +0000] "GET /api/v1/goods/user?limit=100 HTTP/1.0" 304 - "-" "Expo/2.24.3.1014878 CFNetwork/1333.0.4 Darwin/21.5.0"
::1 - - [27/Jun/2022:19:08:48 +0000] "GET /api/v1/transactions/basket?limit=100&sort=-createdAt HTTP/1.0" 304 - "-" "Expo/2.24.3.1014878 CFNetwork/1333.0.4 Darwin/21.5.0"
::1 - - [27/Jun/2022:19:08:50 +0000] "GET /api/v1/transactions/basket?limit=100&sort=-createdAt HTTP/1.0" 304 - "-" "Expo/2.24.3.1014878 CFNetwork/1333.0.4 Darwin/21.5.0"
::ffff:127.0.0.1 - - [27/Jun/2022:19:08:50 +0000] "GET /api/v1/goods/user?limit=100 HTTP/1.0" 304 - "-" "Expo/2.24.3.1014878 CFNetwork/1333.0.4 Darwin/21.5.0"
::ffff:127.0.0.1 - - [27/Jun/2022:19:08:51 +0000] "GET /upload/undefined HTTP/1.0" 404 155 "-" "Expo/2.24.3.1014878 CFNetwork/1333.0.4 Darwin/21.5.0"
::ffff:127.0.0.1 - - [27/Jun/2022:19:08:51 +0000] "GET /api/v1/goods/629f90dd8ad3a04b44e183df HTTP/1.0" 200 361 "-" "Expo/2.24.3.1014878 CFNetwork/1333.0.4 Darwin/21.5.0"
::1 - - [27/Jun/2022:19:08:51 +0000] "GET /api/v1/goods/user?limit=100 HTTP/1.0" 304 - "-" "Expo/2.24.3.1014878 CFNetwork/1333.0.4 Darwin/21.5.0"
::ffff:127.0.0.1 - - [27/Jun/2022:19:08:55 +0000] "DELETE /api/v1/goods/629f90dd8ad3a04b44e183df HTTP/1.0" 200 361 "-" "Expo/2.24.3.1014878 CFNetwork/1333.0.4 Darwin/21.5.0"
::1 - - [27/Jun/2022:19:08:56 +0000] "GET /api/v1/goods/user?limit=100 HTTP/1.0" 200 6429 "-" "Expo/2.24.3.1014878 CFNetwork/1333.0.4 Darwin/21.5.0"
::ffff:127.0.0.1 - - [27/Jun/2022:19:09:04 +0000] "GET /upload/undefined HTTP/1.0" 404 155 "-" "Expo/2.24.3.1014878 CFNetwork/1333.0.4 Darwin/21.5.0"
::ffff:127.0.0.1 - - [27/Jun/2022:19:09:04 +0000] "GET /api/v1/goods/629f926e9df2cc2432f49b02 HTTP/1.0" 200 338 "-" "Expo/2.24.3.1014878 CFNetwork/1333.0.4 Darwin/21.5.0"
::1 - - [27/Jun/2022:19:09:04 +0000] "GET /upload/no-photo.jpg HTTP/1.0" 404 158 "-" "Expo/2.24.3.1014878 CFNetwork/1333.0.4 Darwin/21.5.0"
::1 - - [27/Jun/2022:19:09:04 +0000] "GET /api/v1/goods/user?limit=100 HTTP/1.0" 304 - "-" "Expo/2.24.3.1014878 CFNetwork/1333.0.4 Darwin/21.5.0"
::1 - - [27/Jun/2022:19:09:30 +0000] "GET /upload/undefined HTTP/1.0" 404 155 "-" "Expo/2.24.3.1014878 CFNetwork/1333.0.4 Darwin/21.5.0"
::ffff:127.0.0.1 - - [27/Jun/2022:19:09:30 +0000] "GET /api/v1/goods/629f926e9df2cc2432f49b02 HTTP/1.0" 304 - "-" "Expo/2.24.3.1014878 CFNetwork/1333.0.4 Darwin/21.5.0"
::ffff:127.0.0.1 - - [27/Jun/2022:19:09:30 +0000] "GET /upload/no-photo.jpg HTTP/1.0" 404 158 "-" "Expo/2.24.3.1014878 CFNetwork/1333.0.4 Darwin/21.5.0"
::1 - - [27/Jun/2022:19:10:41 +0000] "GET /upload/undefined HTTP/1.0" 404 155 "-" "Expo/2.24.3.1014878 CFNetwork/1333.0.4 Darwin/21.5.0"
::ffff:127.0.0.1 - - [27/Jun/2022:19:10:41 +0000] "GET /api/v1/goods/629f926e9df2cc2432f49b02 HTTP/1.0" 304 - "-" "Expo/2.24.3.1014878 CFNetwork/1333.0.4 Darwin/21.5.0"
::1 - - [27/Jun/2022:19:10:41 +0000] "GET /upload/no-photo.jpg HTTP/1.0" 404 158 "-" "Expo/2.24.3.1014878 CFNetwork/1333.0.4 Darwin/21.5.0"
::ffff:127.0.0.1 - - [27/Jun/2022:19:11:33 +0000] "GET /api/v1/goods/629f926e9df2cc2432f49b02 HTTP/1.0" 304 - "-" "Expo/2.24.3.1014878 CFNetwork/1333.0.4 Darwin/21.5.0"
::1 - - [27/Jun/2022:19:11:39 +0000] "GET /api/v1/goods/629f926e9df2cc2432f49b02 HTTP/1.0" 304 - "-" "Expo/2.24.3.1014878 CFNetwork/1333.0.4 Darwin/21.5.0"
::ffff:127.0.0.1 - - [27/Jun/2022:19:13:01 +0000] "GET /api/v1/categories HTTP/1.0" 304 - "-" "Expo/2.24.3.1014878 CFNetwork/1333.0.4 Darwin/21.5.0"
::1 - - [27/Jun/2022:19:13:45 +0000] "GET / HTTP/1.0" 404 139 "-" "Mozilla/5.0 (Windows NT 10.0; Win64; x64; rv:79.0) Gecko/20100101 Firefox/79.0"
::ffff:127.0.0.1 - - [27/Jun/2022:19:14:58 +0000] "GET /api/v1/categories HTTP/1.0" 304 - "-" "Expo/2.24.3.1014878 CFNetwork/1333.0.4 Darwin/21.5.0"
::1 - - [27/Jun/2022:19:16:22 +0000] "GET /api/v1/categories HTTP/1.0" 304 - "-" "Expo/2.24.3.1014878 CFNetwork/1333.0.4 Darwin/21.5.0"
::ffff:127.0.0.1 - - [27/Jun/2022:19:16:42 +0000] "GET /api/v1/categories HTTP/1.0" 304 - "-" "Expo/2.24.3.1014878 CFNetwork/1333.0.4 Darwin/21.5.0"
::1 - - [27/Jun/2022:19:16:47 +0000] "GET /api/v1/categories HTTP/1.0" 304 - "-" "Expo/2.24.3.1014878 CFNetwork/1333.0.4 Darwin/21.5.0"
::ffff:127.0.0.1 - - [27/Jun/2022:19:17:14 +0000] "GET /api/v1/categories HTTP/1.0" 304 - "-" "Expo/2.24.3.1014878 CFNetwork/1333.0.4 Darwin/21.5.0"
::1 - - [27/Jun/2022:19:17:17 +0000] "GET /api/v1/categories HTTP/1.0" 304 - "-" "Expo/2.24.3.1014878 CFNetwork/1333.0.4 Darwin/21.5.0"
::ffff:127.0.0.1 - - [27/Jun/2022:19:17:36 +0000] "PUT /api/v1/categories HTTP/1.0" 404 156 "-" "Expo/2.24.3.1014878 CFNetwork/1333.0.4 Darwin/21.5.0"
::1 - - [27/Jun/2022:19:18:13 +0000] "PUT /api/v1/goods/629f926e9df2cc2432f49b02 HTTP/1.0" 200 338 "-" "Expo/2.24.3.1014878 CFNetwork/1333.0.4 Darwin/21.5.0"
::ffff:127.0.0.1 - - [27/Jun/2022:19:19:44 +0000] "POST /api/v1/users/login HTTP/1.0" 200 547 "-" "Expo/2.24.3.1014878 CFNetwork/1333.0.4 Darwin/21.5.0"
::1 - - [27/Jun/2022:19:19:44 +0000] "GET /api/v1/categories HTTP/1.0" 304 - "-" "Expo/2.24.3.1014878 CFNetwork/1333.0.4 Darwin/21.5.0"
::ffff:127.0.0.1 - - [27/Jun/2022:19:19:44 +0000] "GET /api/v1/transactions/basket?limit=100&sort=-createdAt HTTP/1.0" 304 - "-" "Expo/2.24.3.1014878 CFNetwork/1333.0.4 Darwin/21.5.0"
::1 - - [27/Jun/2022:19:19:44 +0000] "GET /api/v1/goods/user?limit=100 HTTP/1.0" 304 - "-" "Expo/2.24.3.1014878 CFNetwork/1333.0.4 Darwin/21.5.0"
::ffff:127.0.0.1 - - [27/Jun/2022:19:19:46 +0000] "GET /api/v1/goods/user?limit=100 HTTP/1.0" 304 - "-" "Expo/2.24.3.1014878 CFNetwork/1333.0.4 Darwin/21.5.0"
::1 - - [27/Jun/2022:19:19:46 +0000] "GET /api/v1/transactions/basket?limit=100&sort=-createdAt HTTP/1.0" 304 - "-" "Expo/2.24.3.1014878 CFNetwork/1333.0.4 Darwin/21.5.0"
::ffff:127.0.0.1 - - [27/Jun/2022:19:19:47 +0000] "GET /upload/undefined HTTP/1.0" 404 155 "-" "Expo/2.24.3.1014878 CFNetwork/1333.0.4 Darwin/21.5.0"
::ffff:127.0.0.1 - - [27/Jun/2022:19:19:47 +0000] "GET /api/v1/goods/629f926e9df2cc2432f49b02 HTTP/1.0" 304 - "-" "Expo/2.24.3.1014878 CFNetwork/1333.0.4 Darwin/21.5.0"
::1 - - [27/Jun/2022:19:19:47 +0000] "GET /upload/no-photo.jpg HTTP/1.0" 404 158 "-" "Expo/2.24.3.1014878 CFNetwork/1333.0.4 Darwin/21.5.0"
::1 - - [27/Jun/2022:19:19:47 +0000] "GET /api/v1/goods/user?limit=100 HTTP/1.0" 304 - "-" "Expo/2.24.3.1014878 CFNetwork/1333.0.4 Darwin/21.5.0"
::ffff:127.0.0.1 - - [27/Jun/2022:19:19:49 +0000] "GET /api/v1/categories HTTP/1.0" 304 - "-" "Expo/2.24.3.1014878 CFNetwork/1333.0.4 Darwin/21.5.0"
::1 - - [27/Jun/2022:19:20:21 +0000] "GET /api/v1/goods/user?limit=100 HTTP/1.0" 304 - "-" "Expo/2.24.3.1014878 CFNetwork/1333.0.4 Darwin/21.5.0"
::ffff:127.0.0.1 - - [27/Jun/2022:19:20:24 +0000] "GET /api/v1/goods/62b9e6755b4c7dacd78ca44f HTTP/1.0" 200 364 "-" "Expo/2.24.3.1014878 CFNetwork/1333.0.4 Darwin/21.5.0"
::ffff:127.0.0.1 - - [27/Jun/2022:19:20:24 +0000] "GET /upload/undefined HTTP/1.0" 404 155 "-" "Expo/2.24.3.1014878 CFNetwork/1333.0.4 Darwin/21.5.0"
::1 - - [27/Jun/2022:19:20:24 +0000] "GET /api/v1/goods/user?limit=100 HTTP/1.0" 304 - "-" "Expo/2.24.3.1014878 CFNetwork/1333.0.4 Darwin/21.5.0"
::ffff:127.0.0.1 - - [27/Jun/2022:19:20:26 +0000] "GET /api/v1/categories HTTP/1.0" 304 - "-" "Expo/2.24.3.1014878 CFNetwork/1333.0.4 Darwin/21.5.0"
::1 - - [27/Jun/2022:19:21:14 +0000] "PUT /api/v1/goods/62b9e6755b4c7dacd78ca44f HTTP/1.0" 200 355 "-" "Expo/2.24.3.1014878 CFNetwork/1333.0.4 Darwin/21.5.0"
::ffff:127.0.0.1 - - [27/Jun/2022:19:21:15 +0000] "PUT /api/v1/goods/62b9e6755b4c7dacd78ca44f/upload-photo HTTP/1.0" 200 60 "-" "Expo/2.24.3.1014878 CFNetwork/1333.0.4 Darwin/21.5.0"
::1 - - [27/Jun/2022:19:21:20 +0000] "GET /api/v1/goods/user?limit=100 HTTP/1.0" 200 6420 "-" "Expo/2.24.3.1014878 CFNetwork/1333.0.4 Darwin/21.5.0"
::ffff:127.0.0.1 - - [27/Jun/2022:19:21:23 +0000] "GET /api/v1/goods/62b9e6755b4c7dacd78ca44f HTTP/1.0" 200 355 "-" "Expo/2.24.3.1014878 CFNetwork/1333.0.4 Darwin/21.5.0"
::ffff:127.0.0.1 - - [27/Jun/2022:19:21:23 +0000] "GET /upload/undefined HTTP/1.0" 404 155 "-" "Expo/2.24.3.1014878 CFNetwork/1333.0.4 Darwin/21.5.0"
::1 - - [27/Jun/2022:19:21:23 +0000] "GET /api/v1/goods/user?limit=100 HTTP/1.0" 304 - "-" "Expo/2.24.3.1014878 CFNetwork/1333.0.4 Darwin/21.5.0"
::ffff:127.0.0.1 - - [27/Jun/2022:19:21:29 +0000] "GET /api/v1/categories HTTP/1.0" 304 - "-" "Expo/2.24.3.1014878 CFNetwork/1333.0.4 Darwin/21.5.0"
::1 - - [27/Jun/2022:19:21:39 +0000] "GET /api/v1/categories HTTP/1.0" 304 - "-" "Expo/2.24.3.1014878 CFNetwork/1333.0.4 Darwin/21.5.0"
::ffff:127.0.0.1 - - [27/Jun/2022:19:22:36 +0000] "POST /api/v1/users/login HTTP/1.0" 200 547 "-" "Expo/2.24.3.1014878 CFNetwork/1333.0.4 Darwin/21.5.0"
::1 - - [27/Jun/2022:19:22:37 +0000] "GET /api/v1/categories HTTP/1.0" 304 - "-" "Expo/2.24.3.1014878 CFNetwork/1333.0.4 Darwin/21.5.0"
::1 - - [27/Jun/2022:19:22:37 +0000] "GET /api/v1/transactions/basket?limit=100&sort=-createdAt HTTP/1.0" 304 - "-" "Expo/2.24.3.1014878 CFNetwork/1333.0.4 Darwin/21.5.0"
::ffff:127.0.0.1 - - [27/Jun/2022:19:22:37 +0000] "GET /api/v1/goods/user?limit=100 HTTP/1.0" 304 - "-" "Expo/2.24.3.1014878 CFNetwork/1333.0.4 Darwin/21.5.0"
::ffff:127.0.0.1 - - [27/Jun/2022:19:22:37 +0000] "GET /api/v1/transactions/basket?limit=100&sort=-createdAt HTTP/1.0" 304 - "-" "Expo/2.24.3.1014878 CFNetwork/1333.0.4 Darwin/21.5.0"
::1 - - [27/Jun/2022:19:22:37 +0000] "GET /api/v1/goods/user?limit=100 HTTP/1.0" 304 - "-" "Expo/2.24.3.1014878 CFNetwork/1333.0.4 Darwin/21.5.0"
::1 - - [27/Jun/2022:19:22:38 +0000] "GET /upload/undefined HTTP/1.0" 404 155 "-" "Expo/2.24.3.1014878 CFNetwork/1333.0.4 Darwin/21.5.0"
::ffff:127.0.0.1 - - [27/Jun/2022:19:22:38 +0000] "GET /api/v1/goods/629f926e9df2cc2432f49b02 HTTP/1.0" 304 - "-" "Expo/2.24.3.1014878 CFNetwork/1333.0.4 Darwin/21.5.0"
::ffff:127.0.0.1 - - [27/Jun/2022:19:22:38 +0000] "GET /api/v1/goods/user?limit=100 HTTP/1.0" 304 - "-" "Expo/2.24.3.1014878 CFNetwork/1333.0.4 Darwin/21.5.0"
::1 - - [27/Jun/2022:19:22:38 +0000] "GET /upload/no-photo.jpg HTTP/1.0" 404 158 "-" "Expo/2.24.3.1014878 CFNetwork/1333.0.4 Darwin/21.5.0"
::ffff:127.0.0.1 - - [27/Jun/2022:19:22:40 +0000] "GET /api/v1/categories HTTP/1.0" 304 - "-" "Expo/2.24.3.1014878 CFNetwork/1333.0.4 Darwin/21.5.0"
::1 - - [27/Jun/2022:19:23:46 +0000] "GET /api/v1/categories HTTP/1.0" 304 - "-" "Expo/2.24.3.1014878 CFNetwork/1333.0.4 Darwin/21.5.0"
::ffff:127.0.0.1 - - [27/Jun/2022:19:25:28 +0000] "POST /api/v1/users/login HTTP/1.0" 200 547 "-" "Expo/2.24.3.1014878 CFNetwork/1333.0.4 Darwin/21.5.0"
::1 - - [27/Jun/2022:19:25:28 +0000] "GET /api/v1/categories HTTP/1.0" 304 - "-" "Expo/2.24.3.1014878 CFNetwork/1333.0.4 Darwin/21.5.0"
::ffff:127.0.0.1 - - [27/Jun/2022:19:25:28 +0000] "GET /api/v1/transactions/basket?limit=100&sort=-createdAt HTTP/1.0" 304 - "-" "Expo/2.24.3.1014878 CFNetwork/1333.0.4 Darwin/21.5.0"
::1 - - [27/Jun/2022:19:25:28 +0000] "GET /api/v1/goods/user?limit=100 HTTP/1.0" 304 - "-" "Expo/2.24.3.1014878 CFNetwork/1333.0.4 Darwin/21.5.0"
::ffff:127.0.0.1 - - [27/Jun/2022:19:25:33 +0000] "GET /api/v1/goods/user?limit=100 HTTP/1.0" 304 - "-" "Expo/2.24.3.1014878 CFNetwork/1333.0.4 Darwin/21.5.0"
::1 - - [27/Jun/2022:19:25:33 +0000] "GET /api/v1/transactions/basket?limit=100&sort=-createdAt HTTP/1.0" 304 - "-" "Expo/2.24.3.1014878 CFNetwork/1333.0.4 Darwin/21.5.0"
::ffff:127.0.0.1 - - [27/Jun/2022:19:25:35 +0000] "GET /upload/undefined HTTP/1.0" 404 155 "-" "Expo/2.24.3.1014878 CFNetwork/1333.0.4 Darwin/21.5.0"
::ffff:127.0.0.1 - - [27/Jun/2022:19:25:35 +0000] "GET /api/v1/goods/62b9e6755b4c7dacd78ca44f HTTP/1.0" 304 - "-" "Expo/2.24.3.1014878 CFNetwork/1333.0.4 Darwin/21.5.0"
::1 - - [27/Jun/2022:19:25:35 +0000] "GET /api/v1/goods/user?limit=100 HTTP/1.0" 304 - "-" "Expo/2.24.3.1014878 CFNetwork/1333.0.4 Darwin/21.5.0"
::ffff:127.0.0.1 - - [27/Jun/2022:19:25:37 +0000] "GET /api/v1/categories HTTP/1.0" 304 - "-" "Expo/2.24.3.1014878 CFNetwork/1333.0.4 Darwin/21.5.0"
::1 - - [27/Jun/2022:19:26:17 +0000] "POST /api/v1/users/login HTTP/1.0" 200 547 "-" "Expo/2.24.3.1014878 CFNetwork/1333.0.4 Darwin/21.5.0"
::ffff:127.0.0.1 - - [27/Jun/2022:19:26:18 +0000] "GET /api/v1/categories HTTP/1.0" 304 - "-" "Expo/2.24.3.1014878 CFNetwork/1333.0.4 Darwin/21.5.0"
::1 - - [27/Jun/2022:19:26:18 +0000] "GET /api/v1/goods/user?limit=100 HTTP/1.0" 304 - "-" "Expo/2.24.3.1014878 CFNetwork/1333.0.4 Darwin/21.5.0"
::ffff:127.0.0.1 - - [27/Jun/2022:19:26:18 +0000] "GET /api/v1/transactions/basket?limit=100&sort=-createdAt HTTP/1.0" 304 - "-" "Expo/2.24.3.1014878 CFNetwork/1333.0.4 Darwin/21.5.0"
::1 - - [27/Jun/2022:19:26:18 +0000] "GET /api/v1/goods/user?limit=100 HTTP/1.0" 304 - "-" "Expo/2.24.3.1014878 CFNetwork/1333.0.4 Darwin/21.5.0"
::ffff:127.0.0.1 - - [27/Jun/2022:19:26:18 +0000] "GET /api/v1/transactions/basket?limit=100&sort=-createdAt HTTP/1.0" 304 - "-" "Expo/2.24.3.1014878 CFNetwork/1333.0.4 Darwin/21.5.0"
::1 - - [27/Jun/2022:19:26:20 +0000] "GET /upload/undefined HTTP/1.0" 404 155 "-" "Expo/2.24.3.1014878 CFNetwork/1333.0.4 Darwin/21.5.0"
::1 - - [27/Jun/2022:19:26:20 +0000] "GET /api/v1/goods/62b9e6755b4c7dacd78ca44f HTTP/1.0" 304 - "-" "Expo/2.24.3.1014878 CFNetwork/1333.0.4 Darwin/21.5.0"
::ffff:127.0.0.1 - - [27/Jun/2022:19:26:21 +0000] "GET /api/v1/goods/user?limit=100 HTTP/1.0" 304 - "-" "Expo/2.24.3.1014878 CFNetwork/1333.0.4 Darwin/21.5.0"
::1 - - [27/Jun/2022:19:26:22 +0000] "GET /api/v1/categories HTTP/1.0" 304 - "-" "Expo/2.24.3.1014878 CFNetwork/1333.0.4 Darwin/21.5.0"
::ffff:127.0.0.1 - - [27/Jun/2022:19:26:52 +0000] "GET /api/v1/goods/user?limit=100 HTTP/1.0" 304 - "-" "Expo/2.24.3.1014878 CFNetwork/1333.0.4 Darwin/21.5.0"
::1 - - [27/Jun/2022:19:26:53 +0000] "GET /api/v1/goods/629f926e9df2cc2432f49b02 HTTP/1.0" 304 - "-" "Expo/2.24.3.1014878 CFNetwork/1333.0.4 Darwin/21.5.0"
::1 - - [27/Jun/2022:19:26:53 +0000] "GET /upload/undefined HTTP/1.0" 404 155 "-" "Expo/2.24.3.1014878 CFNetwork/1333.0.4 Darwin/21.5.0"
::ffff:127.0.0.1 - - [27/Jun/2022:19:26:53 +0000] "GET /upload/no-photo.jpg HTTP/1.0" 404 158 "-" "Expo/2.24.3.1014878 CFNetwork/1333.0.4 Darwin/21.5.0"
::ffff:127.0.0.1 - - [27/Jun/2022:19:26:53 +0000] "GET /api/v1/goods/user?limit=100 HTTP/1.0" 304 - "-" "Expo/2.24.3.1014878 CFNetwork/1333.0.4 Darwin/21.5.0"
::1 - - [27/Jun/2022:19:26:55 +0000] "GET /api/v1/goods/user?limit=100 HTTP/1.0" 304 - "-" "Expo/2.24.3.1014878 CFNetwork/1333.0.4 Darwin/21.5.0"
::ffff:127.0.0.1 - - [27/Jun/2022:19:27:05 +0000] "GET /api/v1/goods/629f926e9df2cc2432f49b02 HTTP/1.0" 304 - "-" "Expo/2.24.3.1014878 CFNetwork/1333.0.4 Darwin/21.5.0"
::ffff:127.0.0.1 - - [27/Jun/2022:19:27:05 +0000] "GET /upload/undefined HTTP/1.0" 404 155 "-" "Expo/2.24.3.1014878 CFNetwork/1333.0.4 Darwin/21.5.0"
::1 - - [27/Jun/2022:19:27:05 +0000] "GET /upload/no-photo.jpg HTTP/1.0" 404 158 "-" "Expo/2.24.3.1014878 CFNetwork/1333.0.4 Darwin/21.5.0"
::1 - - [27/Jun/2022:19:27:05 +0000] "GET /api/v1/goods/user?limit=100 HTTP/1.0" 304 - "-" "Expo/2.24.3.1014878 CFNetwork/1333.0.4 Darwin/21.5.0"
::ffff:127.0.0.1 - - [27/Jun/2022:19:27:07 +0000] "GET /api/v1/goods/user?limit=100 HTTP/1.0" 304 - "-" "Expo/2.24.3.1014878 CFNetwork/1333.0.4 Darwin/21.5.0"
::1 - - [27/Jun/2022:19:27:07 +0000] "GET /api/v1/goods/629f92c92febd02491a7fda2 HTTP/1.0" 200 338 "-" "Expo/2.24.3.1014878 CFNetwork/1333.0.4 Darwin/21.5.0"
::ffff:127.0.0.1 - - [27/Jun/2022:19:27:07 +0000] "GET /upload/undefined HTTP/1.0" 404 155 "-" "Expo/2.24.3.1014878 CFNetwork/1333.0.4 Darwin/21.5.0"
::ffff:127.0.0.1 - - [27/Jun/2022:19:27:07 +0000] "GET /upload/no-photo.jpg HTTP/1.0" 404 158 "-" "Expo/2.24.3.1014878 CFNetwork/1333.0.4 Darwin/21.5.0"
::1 - - [27/Jun/2022:19:27:08 +0000] "GET /api/v1/goods/user?limit=100 HTTP/1.0" 304 - "-" "Expo/2.24.3.1014878 CFNetwork/1333.0.4 Darwin/21.5.0"
::ffff:127.0.0.1 - - [27/Jun/2022:19:27:25 +0000] "GET /upload/no-photo.jpg HTTP/1.0" 404 158 "-" "Expo/2.24.3.1014878 CFNetwork/1333.0.4 Darwin/21.5.0"
::1 - - [27/Jun/2022:19:27:25 +0000] "GET /api/v1/goods/629f92c92febd02491a7fda2 HTTP/1.0" 304 - "-" "Expo/2.24.3.1014878 CFNetwork/1333.0.4 Darwin/21.5.0"
::1 - - [27/Jun/2022:19:28:03 +0000] "GET /api/v1/goods/629f92c92febd02491a7fda2 HTTP/1.0" 304 - "-" "Expo/2.24.3.1014878 CFNetwork/1333.0.4 Darwin/21.5.0"
::ffff:127.0.0.1 - - [27/Jun/2022:19:28:13 +0000] "GET /api/v1/categories HTTP/1.0" 304 - "-" "Expo/2.24.3.1014878 CFNetwork/1333.0.4 Darwin/21.5.0"
::1 - - [27/Jun/2022:19:28:16 +0000] "GET /api/v1/goods/user?limit=100 HTTP/1.0" 304 - "-" "Expo/2.24.3.1014878 CFNetwork/1333.0.4 Darwin/21.5.0"
::ffff:127.0.0.1 - - [27/Jun/2022:19:28:16 +0000] "GET /api/v1/transactions/basket?limit=100&sort=-createdAt HTTP/1.0" 304 - "-" "Expo/2.24.3.1014878 CFNetwork/1333.0.4 Darwin/21.5.0"
::1 - - [27/Jun/2022:19:28:16 +0000] "GET /api/v1/goods/user?limit=100 HTTP/1.0" 304 - "-" "Expo/2.24.3.1014878 CFNetwork/1333.0.4 Darwin/21.5.0"
::ffff:127.0.0.1 - - [27/Jun/2022:19:28:57 +0000] "POST /api/v1/users/login HTTP/1.0" 200 547 "-" "Expo/2.24.3.1014878 CFNetwork/1333.0.4 Darwin/21.5.0"
::1 - - [27/Jun/2022:19:28:58 +0000] "GET /api/v1/categories HTTP/1.0" 304 - "-" "Expo/2.24.3.1014878 CFNetwork/1333.0.4 Darwin/21.5.0"
::ffff:127.0.0.1 - - [27/Jun/2022:19:28:58 +0000] "GET /api/v1/transactions/basket?limit=100&sort=-createdAt HTTP/1.0" 304 - "-" "Expo/2.24.3.1014878 CFNetwork/1333.0.4 Darwin/21.5.0"
::1 - - [27/Jun/2022:19:28:58 +0000] "GET /api/v1/goods/user?limit=100 HTTP/1.0" 304 - "-" "Expo/2.24.3.1014878 CFNetwork/1333.0.4 Darwin/21.5.0"
::ffff:127.0.0.1 - - [27/Jun/2022:19:30:15 +0000] "POST /api/v1/users/login HTTP/1.0" 200 547 "-" "Expo/2.24.3.1014878 CFNetwork/1333.0.4 Darwin/21.5.0"
::1 - - [27/Jun/2022:19:30:15 +0000] "GET /api/v1/categories HTTP/1.0" 304 - "-" "Expo/2.24.3.1014878 CFNetwork/1333.0.4 Darwin/21.5.0"
::ffff:127.0.0.1 - - [27/Jun/2022:19:30:15 +0000] "GET /api/v1/goods/user?limit=100 HTTP/1.0" 304 - "-" "Expo/2.24.3.1014878 CFNetwork/1333.0.4 Darwin/21.5.0"
::1 - - [27/Jun/2022:19:30:15 +0000] "GET /api/v1/transactions/basket?limit=100&sort=-createdAt HTTP/1.0" 304 - "-" "Expo/2.24.3.1014878 CFNetwork/1333.0.4 Darwin/21.5.0"
::ffff:127.0.0.1 - - [27/Jun/2022:19:30:25 +0000] "POST /api/v1/users/login HTTP/1.0" 200 547 "-" "Expo/2.24.3.1014878 CFNetwork/1333.0.4 Darwin/21.5.0"
::1 - - [27/Jun/2022:19:30:25 +0000] "GET /api/v1/categories HTTP/1.0" 304 - "-" "Expo/2.24.3.1014878 CFNetwork/1333.0.4 Darwin/21.5.0"
::1 - - [27/Jun/2022:19:30:25 +0000] "GET /api/v1/transactions/basket?limit=100&sort=-createdAt HTTP/1.0" 304 - "-" "Expo/2.24.3.1014878 CFNetwork/1333.0.4 Darwin/21.5.0"
::ffff:127.0.0.1 - - [27/Jun/2022:19:30:25 +0000] "GET /api/v1/goods/user?limit=100 HTTP/1.0" 304 - "-" "Expo/2.24.3.1014878 CFNetwork/1333.0.4 Darwin/21.5.0"
::ffff:127.0.0.1 - - [27/Jun/2022:19:30:40 +0000] "POST /api/v1/users/login HTTP/1.0" 200 547 "-" "Expo/2.24.3.1014878 CFNetwork/1333.0.4 Darwin/21.5.0"
::ffff:127.0.0.1 - - [27/Jun/2022:19:30:41 +0000] "GET /api/v1/goods/user?limit=100 HTTP/1.0" 304 - "-" "Expo/2.24.3.1014878 CFNetwork/1333.0.4 Darwin/21.5.0"
::1 - - [27/Jun/2022:19:30:41 +0000] "GET /api/v1/categories HTTP/1.0" 304 - "-" "Expo/2.24.3.1014878 CFNetwork/1333.0.4 Darwin/21.5.0"
::1 - - [27/Jun/2022:19:30:41 +0000] "GET /api/v1/transactions/basket?limit=100&sort=-createdAt HTTP/1.0" 304 - "-" "Expo/2.24.3.1014878 CFNetwork/1333.0.4 Darwin/21.5.0"
::ffff:127.0.0.1 - - [27/Jun/2022:19:32:14 +0000] "GET /api/v1/goods/62a02500f78597295cba04e4 HTTP/1.0" 200 372 "-" "Expo/2.24.3.1014878 CFNetwork/1333.0.4 Darwin/21.5.0"
::ffff:127.0.0.1 - - [27/Jun/2022:19:32:14 +0000] "GET /upload/undefined HTTP/1.0" 404 155 "-" "Expo/2.24.3.1014878 CFNetwork/1333.0.4 Darwin/21.5.0"
::1 - - [27/Jun/2022:19:32:14 +0000] "GET /api/v1/transactions/basket?limit=100&sort=-createdAt HTTP/1.0" 304 - "-" "Expo/2.24.3.1014878 CFNetwork/1333.0.4 Darwin/21.5.0"
::1 - - [27/Jun/2022:19:32:17 +0000] "GET /api/v1/goods/629f96b0f78597295cba03a9 HTTP/1.0" 200 360 "-" "Expo/2.24.3.1014878 CFNetwork/1333.0.4 Darwin/21.5.0"
::ffff:127.0.0.1 - - [27/Jun/2022:19:32:17 +0000] "GET /api/v1/transactions/basket?limit=100&sort=-createdAt HTTP/1.0" 304 - "-" "Expo/2.24.3.1014878 CFNetwork/1333.0.4 Darwin/21.5.0"
::1 - - [27/Jun/2022:19:32:17 +0000] "GET /upload/undefined HTTP/1.0" 404 155 "-" "Expo/2.24.3.1014878 CFNetwork/1333.0.4 Darwin/21.5.0"
::ffff:127.0.0.1 - - [27/Jun/2022:19:32:17 +0000] "GET /api/v1/transactions/basket?limit=100&sort=-createdAt HTTP/1.0" 304 - "-" "Expo/2.24.3.1014878 CFNetwork/1333.0.4 Darwin/21.5.0"
::1 - - [27/Jun/2022:19:32:20 +0000] "GET /api/v1/transactions/basket?limit=100&sort=-createdAt HTTP/1.0" 304 - "-" "Expo/2.24.3.1014878 CFNetwork/1333.0.4 Darwin/21.5.0"
::ffff:127.0.0.1 - - [27/Jun/2022:19:32:20 +0000] "GET /api/v1/goods/629f926e9df2cc2432f49b02 HTTP/1.0" 304 - "-" "Expo/2.24.3.1014878 CFNetwork/1333.0.4 Darwin/21.5.0"
::ffff:127.0.0.1 - - [27/Jun/2022:19:32:20 +0000] "GET /upload/undefined HTTP/1.0" 404 155 "-" "Expo/2.24.3.1014878 CFNetwork/1333.0.4 Darwin/21.5.0"
::1 - - [27/Jun/2022:19:32:20 +0000] "GET /api/v1/transactions/basket?limit=100&sort=-createdAt HTTP/1.0" 304 - "-" "Expo/2.24.3.1014878 CFNetwork/1333.0.4 Darwin/21.5.0"
::1 - - [27/Jun/2022:19:32:22 +0000] "GET /api/v1/transactions/basket?limit=100&sort=-createdAt HTTP/1.0" 304 - "-" "Expo/2.24.3.1014878 CFNetwork/1333.0.4 Darwin/21.5.0"
::ffff:127.0.0.1 - - [27/Jun/2022:19:32:22 +0000] "GET /api/v1/goods/user?limit=100 HTTP/1.0" 304 - "-" "Expo/2.24.3.1014878 CFNetwork/1333.0.4 Darwin/21.5.0"
::1 - - [27/Jun/2022:19:32:22 +0000] "GET /api/v1/transactions/basket?limit=100&sort=-createdAt HTTP/1.0" 304 - "-" "Expo/2.24.3.1014878 CFNetwork/1333.0.4 Darwin/21.5.0"
::ffff:127.0.0.1 - - [27/Jun/2022:19:32:23 +0000] "GET /api/v1/goods/user?limit=100 HTTP/1.0" 304 - "-" "Expo/2.24.3.1014878 CFNetwork/1333.0.4 Darwin/21.5.0"
::1 - - [27/Jun/2022:19:32:23 +0000] "GET /api/v1/transactions/basket?limit=100&sort=-createdAt HTTP/1.0" 304 - "-" "Expo/2.24.3.1014878 CFNetwork/1333.0.4 Darwin/21.5.0"
::ffff:127.0.0.1 - - [27/Jun/2022:19:32:24 +0000] "GET /api/v1/goods/629f926e9df2cc2432f49b02 HTTP/1.0" 304 - "-" "Expo/2.24.3.1014878 CFNetwork/1333.0.4 Darwin/21.5.0"
::ffff:127.0.0.1 - - [27/Jun/2022:19:32:24 +0000] "GET /upload/undefined HTTP/1.0" 404 155 "-" "Expo/2.24.3.1014878 CFNetwork/1333.0.4 Darwin/21.5.0"
::1 - - [27/Jun/2022:19:32:25 +0000] "GET /api/v1/transactions/basket?limit=100&sort=-createdAt HTTP/1.0" 304 - "-" "Expo/2.24.3.1014878 CFNetwork/1333.0.4 Darwin/21.5.0"
::1 - - [27/Jun/2022:19:32:26 +0000] "GET /api/v1/transactions/basket?limit=100&sort=-createdAt HTTP/1.0" 304 - "-" "Expo/2.24.3.1014878 CFNetwork/1333.0.4 Darwin/21.5.0"
::ffff:127.0.0.1 - - [27/Jun/2022:19:32:27 +0000] "GET /api/v1/goods/user?limit=100 HTTP/1.0" 304 - "-" "Expo/2.24.3.1014878 CFNetwork/1333.0.4 Darwin/21.5.0"
::1 - - [27/Jun/2022:19:32:27 +0000] "GET /api/v1/transactions/basket?limit=100&sort=-createdAt HTTP/1.0" 304 - "-" "Expo/2.24.3.1014878 CFNetwork/1333.0.4 Darwin/21.5.0"
::1 - - [27/Jun/2022:19:32:28 +0000] "GET /api/v1/transactions/basket?limit=100&sort=-createdAt HTTP/1.0" 304 - "-" "Expo/2.24.3.1014878 CFNetwork/1333.0.4 Darwin/21.5.0"
::ffff:127.0.0.1 - - [27/Jun/2022:19:32:28 +0000] "GET /api/v1/goods/user?limit=100 HTTP/1.0" 304 - "-" "Expo/2.24.3.1014878 CFNetwork/1333.0.4 Darwin/21.5.0"
::ffff:127.0.0.1 - - [27/Jun/2022:19:32:28 +0000] "GET /api/v1/goods/user?limit=100&select=quantity%20price%20photo%20name HTTP/1.0" 200 3000 "-" "Expo/2.24.3.1014878 CFNetwork/1333.0.4 Darwin/21.5.0"
::1 - - [27/Jun/2022:19:32:29 +0000] "GET /api/v1/transactions/basket?limit=100&sort=-createdAt HTTP/1.0" 304 - "-" "Expo/2.24.3.1014878 CFNetwork/1333.0.4 Darwin/21.5.0"
::ffff:127.0.0.1 - - [27/Jun/2022:19:32:29 +0000] "GET /upload/no-photo.jpg HTTP/1.0" 404 158 "-" "Expo/2.24.3.1014878 CFNetwork/1333.0.4 Darwin/21.5.0"
::1 - - [27/Jun/2022:19:32:29 +0000] "GET /upload/no-photo.jpg HTTP/1.0" 404 158 "-" "Expo/2.24.3.1014878 CFNetwork/1333.0.4 Darwin/21.5.0"
::1 - - [27/Jun/2022:19:32:29 +0000] "GET /upload/no-photo.jpg HTTP/1.0" 404 158 "-" "Expo/2.24.3.1014878 CFNetwork/1333.0.4 Darwin/21.5.0"
::ffff:127.0.0.1 - - [27/Jun/2022:19:32:29 +0000] "GET /upload/no-photo.jpg HTTP/1.0" 404 158 "-" "Expo/2.24.3.1014878 CFNetwork/1333.0.4 Darwin/21.5.0"
::1 - - [27/Jun/2022:19:32:29 +0000] "GET /upload/no-photo.jpg HTTP/1.0" 404 158 "-" "Expo/2.24.3.1014878 CFNetwork/1333.0.4 Darwin/21.5.0"
::ffff:127.0.0.1 - - [27/Jun/2022:19:32:29 +0000] "GET /upload/no-photo.jpg HTTP/1.0" 404 158 "-" "Expo/2.24.3.1014878 CFNetwork/1333.0.4 Darwin/21.5.0"
::ffff:127.0.0.1 - - [27/Jun/2022:19:32:29 +0000] "GET /upload/no-photo.jpg HTTP/1.0" 404 158 "-" "Expo/2.24.3.1014878 CFNetwork/1333.0.4 Darwin/21.5.0"
::1 - - [27/Jun/2022:19:32:33 +0000] "GET /api/v1/transactions/basket?limit=100&sort=-createdAt HTTP/1.0" 304 - "-" "Expo/2.24.3.1014878 CFNetwork/1333.0.4 Darwin/21.5.0"
::ffff:127.0.0.1 - - [27/Jun/2022:19:32:36 +0000] "GET /api/v1/goods/user?limit=100 HTTP/1.0" 304 - "-" "Expo/2.24.3.1014878 CFNetwork/1333.0.4 Darwin/21.5.0"
::1 - - [27/Jun/2022:19:32:36 +0000] "GET /api/v1/transactions/basket?limit=100&sort=-createdAt HTTP/1.0" 304 - "-" "Expo/2.24.3.1014878 CFNetwork/1333.0.4 Darwin/21.5.0"
::ffff:127.0.0.1 - - [27/Jun/2022:19:32:37 +0000] "GET /api/v1/goods/user?limit=100 HTTP/1.0" 304 - "-" "Expo/2.24.3.1014878 CFNetwork/1333.0.4 Darwin/21.5.0"
::1 - - [27/Jun/2022:19:32:38 +0000] "GET /api/v1/goods/user?limit=100 HTTP/1.0" 304 - "-" "Expo/2.24.3.1014878 CFNetwork/1333.0.4 Darwin/21.5.0"
