::1 - - [23/Sep/2022:09:56:29 +0000] "GET /api/v1/templates?createUser=632c16cb88be787a3eb808cf HTTP/1.0" 304 - "-" "Expo/2.25.3.1015682 CFNetwork/1390 Darwin/22.0.0"
::ffff:127.0.0.1 - - [23/Sep/2022:09:56:31 +0000] "GET /api/v1/templates?createUser=632c16cb88be787a3eb808cf HTTP/1.0" 304 - "-" "Expo/2.25.3.1015682 CFNetwork/1390 Darwin/22.0.0"
::1 - - [23/Sep/2022:09:56:33 +0000] "GET /api/v1/templates?createUser=632c16cb88be787a3eb808cf HTTP/1.0" 304 - "-" "Expo/2.25.3.1015682 CFNetwork/1390 Darwin/22.0.0"
::ffff:127.0.0.1 - - [23/Sep/2022:09:56:34 +0000] "GET /api/v1/templates?createUser=632c16cb88be787a3eb808cf HTTP/1.0" 304 - "-" "Expo/2.25.3.1015682 CFNetwork/1390 Darwin/22.0.0"
::1 - - [23/Sep/2022:09:56:36 +0000] "GET /api/v1/goods/user?limit=100 HTTP/1.0" 304 - "-" "Expo/2.25.3.1015682 CFNetwork/1390 Darwin/22.0.0"
::1 - - [23/Sep/2022:09:56:36 +0000] "GET /api/v1/transactions/basket?limit=100&sort=-createdAt HTTP/1.0" 304 - "-" "Expo/2.25.3.1015682 CFNetwork/1390 Darwin/22.0.0"
::ffff:127.0.0.1 - - [23/Sep/2022:09:56:36 +0000] "GET /api/v1/goods/user?limit=100 HTTP/1.0" 304 - "-" "Expo/2.25.3.1015682 CFNetwork/1390 Darwin/22.0.0"
::ffff:127.0.0.1 - - [23/Sep/2022:09:56:36 +0000] "GET /api/v1/goods/user?limit=100 HTTP/1.0" 304 - "-" "Expo/2.25.3.1015682 CFNetwork/1390 Darwin/22.0.0"
::1 - - [23/Sep/2022:09:56:37 +0000] "GET /api/v1/transactions/basket?limit=100&sort=-createdAt HTTP/1.0" 304 - "-" "Expo/2.25.3.1015682 CFNetwork/1390 Darwin/22.0.0"
::ffff:127.0.0.1 - - [23/Sep/2022:09:56:37 +0000] "GET /api/v1/goods/user?limit=100 HTTP/1.0" 304 - "-" "Expo/2.25.3.1015682 CFNetwork/1390 Darwin/22.0.0"
::1 - - [23/Sep/2022:09:58:51 +0000] "GET /api/v1/users/632c16cb88be787a3eb808cf HTTP/1.0" 304 - "-" "Expo/2.25.3.1015682 CFNetwork/1390 Darwin/22.0.0"
::ffff:127.0.0.1 - - [23/Sep/2022:09:59:17 +0000] "GET /api/v1/transactions/basket?limit=100&sort=-createdAt HTTP/1.0" 304 - "-" "Expo/2.25.3.1015682 CFNetwork/1390 Darwin/22.0.0"
::ffff:127.0.0.1 - - [23/Sep/2022:09:59:17 +0000] "GET /api/v1/categories HTTP/1.0" 304 - "-" "Expo/2.25.3.1015682 CFNetwork/1390 Darwin/22.0.0"
::1 - - [23/Sep/2022:09:59:17 +0000] "GET /api/v1/goods/user?limit=100 HTTP/1.0" 304 - "-" "Expo/2.25.3.1015682 CFNetwork/1390 Darwin/22.0.0"
::1 - - [23/Sep/2022:09:59:18 +0000] "GET /api/v1/users/632c16cb88be787a3eb808cf HTTP/1.0" 304 - "-" "Expo/2.25.3.1015682 CFNetwork/1390 Darwin/22.0.0"
::ffff:127.0.0.1 - - [23/Sep/2022:09:59:18 +0000] "GET /api/v1/transactions/basket?limit=100&sort=-createdAt HTTP/1.0" 304 - "-" "Expo/2.25.3.1015682 CFNetwork/1390 Darwin/22.0.0"
::1 - - [23/Sep/2022:09:59:18 +0000] "GET /api/v1/goods/user?limit=100 HTTP/1.0" 304 - "-" "Expo/2.25.3.1015682 CFNetwork/1390 Darwin/22.0.0"
::ffff:127.0.0.1 - - [23/Sep/2022:09:59:18 +0000] "GET /api/v1/users/632c16cb88be787a3eb808cf HTTP/1.0" 304 - "-" "Expo/2.25.3.1015682 CFNetwork/1390 Darwin/22.0.0"
::1 - - [23/Sep/2022:09:59:31 +0000] "GET /api/v1/users/632c16cb88be787a3eb808cf?select=phone%20deadLine HTTP/1.0" 200 392 "-" "Expo/2.25.3.1015682 CFNetwork/1390 Darwin/22.0.0"
::ffff:127.0.0.1 - - [23/Sep/2022:09:59:33 +0000] "GET /api/v1/users/632c16cb88be787a3eb808cf?select=phone%20deadLine HTTP/1.0" 304 - "-" "Expo/2.25.3.1015682 CFNetwork/1390 Darwin/22.0.0"
::1 - - [23/Sep/2022:10:00:03 +0000] "GET /api/v1/users/632c16cb88be787a3eb808cf?select=phone%20deadline HTTP/1.0" 200 392 "-" "Expo/2.25.3.1015682 CFNetwork/1390 Darwin/22.0.0"
::ffff:127.0.0.1 - - [23/Sep/2022:10:00:43 +0000] "GET /api/v1/users/632c16cb88be787a3eb808cf?select=phone%20deadline HTTP/1.0" 304 - "-" "Expo/2.25.3.1015682 CFNetwork/1390 Darwin/22.0.0"
::1 - - [23/Sep/2022:10:01:19 +0000] "GET /api/v1/users/632c16cb88be787a3eb808cf?select=phone%20deadline HTTP/1.0" 304 - "-" "Expo/2.25.3.1015682 CFNetwork/1390 Darwin/22.0.0"
::ffff:127.0.0.1 - - [23/Sep/2022:10:02:27 +0000] "GET /api/v1/users/632c16cb88be787a3eb808cf HTTP/1.0" 304 - "-" "Expo/2.25.3.1015682 CFNetwork/1390 Darwin/22.0.0"
::1 - - [23/Sep/2022:10:02:45 +0000] "GET /api/v1/users/632c16cb88be787a3eb808cf HTTP/1.0" 304 - "-" "Expo/2.25.3.1015682 CFNetwork/1390 Darwin/22.0.0"
::ffff:127.0.0.1 - - [23/Sep/2022:10:02:58 +0000] "GET /api/v1/users/632c16cb88be787a3eb808cf HTTP/1.0" 304 - "-" "Expo/2.25.3.1015682 CFNetwork/1390 Darwin/22.0.0"
::1 - - [23/Sep/2022:10:03:25 +0000] "GET /api/v1/users/632c16cb88be787a3eb808cf HTTP/1.0" 304 - "-" "Expo/2.25.3.1015682 CFNetwork/1390 Darwin/22.0.0"
::ffff:127.0.0.1 - - [23/Sep/2022:10:03:29 +0000] "GET /api/v1/users/632c16cb88be787a3eb808cf HTTP/1.0" 304 - "-" "Expo/2.25.3.1015682 CFNetwork/1390 Darwin/22.0.0"
::1 - - [23/Sep/2022:10:03:41 +0000] "GET /api/v1/users/632c16cb88be787a3eb808cf?select=deadline HTTP/1.0" 200 392 "-" "Expo/2.25.3.1015682 CFNetwork/1390 Darwin/22.0.0"
::ffff:127.0.0.1 - - [23/Sep/2022:10:04:21 +0000] "GET /api/v1/users/632c16cb88be787a3eb808cf?select=deadline HTTP/1.0" 200 109 "-" "Expo/2.25.3.1015682 CFNetwork/1390 Darwin/22.0.0"
::1 - - [23/Sep/2022:10:04:30 +0000] "GET /api/v1/users/632c16cb88be787a3eb808cf?select=deadline HTTP/1.0" 304 - "-" "Expo/2.25.3.1015682 CFNetwork/1390 Darwin/22.0.0"
::ffff:127.0.0.1 - - [23/Sep/2022:10:04:36 +0000] "GET /api/v1/users/632c16cb88be787a3eb808cf?select=deadline HTTP/1.0" 304 - "-" "Expo/2.25.3.1015682 CFNetwork/1390 Darwin/22.0.0"
::1 - - [23/Sep/2022:10:04:46 +0000] "GET /api/v1/users/632c16cb88be787a3eb808cf?select=deadline HTTP/1.0" 304 - "-" "Expo/2.25.3.1015682 CFNetwork/1390 Darwin/22.0.0"
::ffff:127.0.0.1 - - [23/Sep/2022:10:05:09 +0000] "GET /api/v1/users/632c16cb88be787a3eb808cf?select=deadline HTTP/1.0" 304 - "-" "Expo/2.25.3.1015682 CFNetwork/1390 Darwin/22.0.0"
::1 - - [23/Sep/2022:10:05:24 +0000] "GET /api/v1/users/632c16cb88be787a3eb808cf?select=deadline HTTP/1.0" 304 - "-" "Expo/2.25.3.1015682 CFNetwork/1390 Darwin/22.0.0"
::ffff:127.0.0.1 - - [23/Sep/2022:10:05:50 +0000] "GET /api/v1/users/632c16cb88be787a3eb808cf?select=deadline HTTP/1.0" 304 - "-" "Expo/2.25.3.1015682 CFNetwork/1390 Darwin/22.0.0"
::1 - - [23/Sep/2022:10:05:54 +0000] "GET /api/v1/users/632c16cb88be787a3eb808cf?select=deadline HTTP/1.0" 304 - "-" "Expo/2.25.3.1015682 CFNetwork/1390 Darwin/22.0.0"
::ffff:127.0.0.1 - - [23/Sep/2022:10:06:05 +0000] "GET /api/v1/users/632c16cb88be787a3eb808cf?select=deadline HTTP/1.0" 304 - "-" "Expo/2.25.3.1015682 CFNetwork/1390 Darwin/22.0.0"
::1 - - [23/Sep/2022:10:06:08 +0000] "GET /api/v1/users/632c16cb88be787a3eb808cf?select=deadline HTTP/1.0" 304 - "-" "Expo/2.25.3.1015682 CFNetwork/1390 Darwin/22.0.0"
::ffff:127.0.0.1 - - [23/Sep/2022:10:06:14 +0000] "GET /api/v1/users/632c16cb88be787a3eb808cf?select=deadline HTTP/1.0" 304 - "-" "Expo/2.25.3.1015682 CFNetwork/1390 Darwin/22.0.0"
::1 - - [23/Sep/2022:10:06:17 +0000] "GET /api/v1/users/632c16cb88be787a3eb808cf?select=deadline HTTP/1.0" 304 - "-" "Expo/2.25.3.1015682 CFNetwork/1390 Darwin/22.0.0"
::ffff:127.0.0.1 - - [23/Sep/2022:10:06:24 +0000] "GET /api/v1/users/632c16cb88be787a3eb808cf?select=deadline HTTP/1.0" 304 - "-" "Expo/2.25.3.1015682 CFNetwork/1390 Darwin/22.0.0"
::1 - - [23/Sep/2022:10:06:30 +0000] "GET /api/v1/users/632c16cb88be787a3eb808cf?select=deadline HTTP/1.0" 304 - "-" "Expo/2.25.3.1015682 CFNetwork/1390 Darwin/22.0.0"
::ffff:127.0.0.1 - - [23/Sep/2022:10:06:33 +0000] "GET /api/v1/users/632c16cb88be787a3eb808cf?select=deadline HTTP/1.0" 304 - "-" "Expo/2.25.3.1015682 CFNetwork/1390 Darwin/22.0.0"
::1 - - [23/Sep/2022:10:06:36 +0000] "GET /api/v1/users/632c16cb88be787a3eb808cf?select=deadline HTTP/1.0" 304 - "-" "Expo/2.25.3.1015682 CFNetwork/1390 Darwin/22.0.0"
::ffff:127.0.0.1 - - [23/Sep/2022:10:06:43 +0000] "GET /api/v1/users/632c16cb88be787a3eb808cf?select=deadline HTTP/1.0" 304 - "-" "Expo/2.25.3.1015682 CFNetwork/1390 Darwin/22.0.0"
::1 - - [23/Sep/2022:10:06:47 +0000] "GET /api/v1/users/632c16cb88be787a3eb808cf?select=deadline HTTP/1.0" 304 - "-" "Expo/2.25.3.1015682 CFNetwork/1390 Darwin/22.0.0"
::ffff:127.0.0.1 - - [23/Sep/2022:10:06:58 +0000] "GET /api/v1/templates?createUser=632c16cb88be787a3eb808cf HTTP/1.0" 304 - "-" "Expo/2.25.3.1015682 CFNetwork/1390 Darwin/22.0.0"
::1 - - [23/Sep/2022:10:06:59 +0000] "GET /api/v1/templates?createUser=632c16cb88be787a3eb808cf HTTP/1.0" 304 - "-" "Expo/2.25.3.1015682 CFNetwork/1390 Darwin/22.0.0"
::ffff:127.0.0.1 - - [23/Sep/2022:10:07:00 +0000] "GET /api/v1/templates?createUser=632c16cb88be787a3eb808cf HTTP/1.0" 304 - "-" "Expo/2.25.3.1015682 CFNetwork/1390 Darwin/22.0.0"
::1 - - [23/Sep/2022:10:07:01 +0000] "GET /api/v1/templates?createUser=632c16cb88be787a3eb808cf HTTP/1.0" 304 - "-" "Expo/2.25.3.1015682 CFNetwork/1390 Darwin/22.0.0"
::1 - - [23/Sep/2022:10:07:04 +0000] "GET /api/v1/categories HTTP/1.0" 304 - "-" "Expo/2.25.3.1015682 CFNetwork/1390 Darwin/22.0.0"
::ffff:127.0.0.1 - - [23/Sep/2022:10:07:04 +0000] "GET /api/v1/transactions/basket?limit=100&sort=-createdAt HTTP/1.0" 304 - "-" "Expo/2.25.3.1015682 CFNetwork/1390 Darwin/22.0.0"
::ffff:127.0.0.1 - - [23/Sep/2022:10:07:04 +0000] "GET /api/v1/goods/user?limit=100 HTTP/1.0" 304 - "-" "Expo/2.25.3.1015682 CFNetwork/1390 Darwin/22.0.0"
::1 - - [23/Sep/2022:10:07:05 +0000] "GET /api/v1/users/632c16cb88be787a3eb808cf HTTP/1.0" 304 - "-" "Expo/2.25.3.1015682 CFNetwork/1390 Darwin/22.0.0"
::ffff:127.0.0.1 - - [23/Sep/2022:10:07:05 +0000] "GET /api/v1/transactions/basket?limit=100&sort=-createdAt HTTP/1.0" 304 - "-" "Expo/2.25.3.1015682 CFNetwork/1390 Darwin/22.0.0"
::1 - - [23/Sep/2022:10:07:05 +0000] "GET /api/v1/goods/user?limit=100 HTTP/1.0" 304 - "-" "Expo/2.25.3.1015682 CFNetwork/1390 Darwin/22.0.0"
::ffff:127.0.0.1 - - [23/Sep/2022:10:07:05 +0000] "GET /api/v1/users/632c16cb88be787a3eb808cf?select=deadline HTTP/1.0" 304 - "-" "Expo/2.25.3.1015682 CFNetwork/1390 Darwin/22.0.0"
::1 - - [23/Sep/2022:10:07:06 +0000] "GET /api/v1/templates?createUser=632c16cb88be787a3eb808cf HTTP/1.0" 304 - "-" "Expo/2.25.3.1015682 CFNetwork/1390 Darwin/22.0.0"
::ffff:127.0.0.1 - - [23/Sep/2022:10:07:07 +0000] "GET /api/v1/templates?createUser=632c16cb88be787a3eb808cf HTTP/1.0" 304 - "-" "Expo/2.25.3.1015682 CFNetwork/1390 Darwin/22.0.0"
::1 - - [23/Sep/2022:10:07:07 +0000] "GET /api/v1/templates?createUser=632c16cb88be787a3eb808cf HTTP/1.0" 304 - "-" "Expo/2.25.3.1015682 CFNetwork/1390 Darwin/22.0.0"
::ffff:127.0.0.1 - - [23/Sep/2022:10:07:08 +0000] "GET /api/v1/templates?createUser=632c16cb88be787a3eb808cf HTTP/1.0" 304 - "-" "Expo/2.25.3.1015682 CFNetwork/1390 Darwin/22.0.0"
::1 - - [23/Sep/2022:10:07:09 +0000] "GET /api/v1/templates?createUser=632c16cb88be787a3eb808cf HTTP/1.0" 304 - "-" "Expo/2.25.3.1015682 CFNetwork/1390 Darwin/22.0.0"
::ffff:127.0.0.1 - - [23/Sep/2022:10:07:10 +0000] "GET /api/v1/templates?createUser=632c16cb88be787a3eb808cf HTTP/1.0" 304 - "-" "Expo/2.25.3.1015682 CFNetwork/1390 Darwin/22.0.0"
::1 - - [23/Sep/2022:10:07:18 +0000] "GET /.env HTTP/1.0" 404 143 "-" "Mozilla/5.0 (X11; Linux x86_64) AppleWebKit/537.36 (KHTML, like Gecko) Chrome/81.0.4044.129 Safari/537.36"
::ffff:127.0.0.1 - - [23/Sep/2022:10:09:25 +0000] "GET /api/v1/users/632c16cb88be787a3eb808cf HTTP/1.0" 304 - "-" "Expo/2.25.3.1015682 CFNetwork/1390 Darwin/22.0.0"
::1 - - [23/Sep/2022:10:09:25 +0000] "GET /api/v1/users/632c16cb88be787a3eb808cf HTTP/1.0" 304 - "-" "Expo/2.25.3.1015682 CFNetwork/1390 Darwin/22.0.0"
::ffff:127.0.0.1 - - [23/Sep/2022:10:09:25 +0000] "GET /api/v1/users/632c16cb88be787a3eb808cf?select=deadline HTTP/1.0" 304 - "-" "Expo/2.25.3.1015682 CFNetwork/1390 Darwin/22.0.0"
::ffff:127.0.0.1 - - [23/Sep/2022:10:09:37 +0000] "GET /api/v1/categories HTTP/1.0" 304 - "-" "Expo/2.25.3.1015682 CFNetwork/1390 Darwin/22.0.0"
::1 - - [23/Sep/2022:10:09:37 +0000] "GET /api/v1/transactions/basket?limit=100&sort=-createdAt HTTP/1.0" 304 - "-" "Expo/2.25.3.1015682 CFNetwork/1390 Darwin/22.0.0"
::1 - - [23/Sep/2022:10:09:37 +0000] "GET /api/v1/goods/user?limit=100 HTTP/1.0" 304 - "-" "Expo/2.25.3.1015682 CFNetwork/1390 Darwin/22.0.0"
::ffff:127.0.0.1 - - [23/Sep/2022:10:10:04 +0000] "GET /api/v1/categories HTTP/1.0" 304 - "-" "Expo/2.25.3.1015682 CFNetwork/1390 Darwin/22.0.0"
::1 - - [23/Sep/2022:10:10:04 +0000] "GET /api/v1/transactions/basket?limit=100&sort=-createdAt HTTP/1.0" 304 - "-" "Expo/2.25.3.1015682 CFNetwork/1390 Darwin/22.0.0"
::ffff:127.0.0.1 - - [23/Sep/2022:10:10:05 +0000] "GET /api/v1/goods/user?limit=100 HTTP/1.0" 304 - "-" "Expo/2.25.3.1015682 CFNetwork/1390 Darwin/22.0.0"
::1 - - [23/Sep/2022:10:10:12 +0000] "GET /api/v1/users/632c16cb88be787a3eb808cf HTTP/1.0" 304 - "-" "Expo/2.25.3.1015682 CFNetwork/1390 Darwin/22.0.0"
::ffff:127.0.0.1 - - [23/Sep/2022:10:10:12 +0000] "GET /api/v1/transactions/basket?limit=100&sort=-createdAt HTTP/1.0" 304 - "-" "Expo/2.25.3.1015682 CFNetwork/1390 Darwin/22.0.0"
::1 - - [23/Sep/2022:10:10:12 +0000] "GET /api/v1/goods/user?limit=100 HTTP/1.0" 304 - "-" "Expo/2.25.3.1015682 CFNetwork/1390 Darwin/22.0.0"
::ffff:127.0.0.1 - - [23/Sep/2022:10:10:12 +0000] "GET /api/v1/users/632c16cb88be787a3eb808cf?select=deadline HTTP/1.0" 304 - "-" "Expo/2.25.3.1015682 CFNetwork/1390 Darwin/22.0.0"
::1 - - [23/Sep/2022:10:10:17 +0000] "GET /api/v1/users/632c16cb88be787a3eb808cf HTTP/1.0" 304 - "-" "Expo/2.25.3.1015682 CFNetwork/1390 Darwin/22.0.0"
::ffff:127.0.0.1 - - [23/Sep/2022:10:10:17 +0000] "GET /api/v1/users/632c16cb88be787a3eb808cf?select=deadline HTTP/1.0" 304 - "-" "Expo/2.25.3.1015682 CFNetwork/1390 Darwin/22.0.0"
::1 - - [23/Sep/2022:10:12:31 +0000] "GET /api/v1/categories HTTP/1.0" 304 - "-" "Expo/2.25.3.1015682 CFNetwork/1390 Darwin/22.0.0"
::ffff:127.0.0.1 - - [23/Sep/2022:10:12:31 +0000] "GET /api/v1/transactions/basket?limit=100&sort=-createdAt HTTP/1.0" 304 - "-" "Expo/2.25.3.1015682 CFNetwork/1390 Darwin/22.0.0"
::1 - - [23/Sep/2022:10:12:31 +0000] "GET /api/v1/goods/user?limit=100 HTTP/1.0" 304 - "-" "Expo/2.25.3.1015682 CFNetwork/1390 Darwin/22.0.0"
::ffff:127.0.0.1 - - [23/Sep/2022:10:13:08 +0000] "GET /api/v1/users/632c16cb88be787a3eb808cf HTTP/1.0" 304 - "-" "Expo/2.25.3.1015682 CFNetwork/1390 Darwin/22.0.0"
::1 - - [23/Sep/2022:10:13:08 +0000] "GET /api/v1/transactions/basket?limit=100&sort=-createdAt HTTP/1.0" 304 - "-" "Expo/2.25.3.1015682 CFNetwork/1390 Darwin/22.0.0"
::1 - - [23/Sep/2022:10:13:08 +0000] "GET /api/v1/categories HTTP/1.0" 304 - "-" "Expo/2.25.3.1015682 CFNetwork/1390 Darwin/22.0.0"
::ffff:127.0.0.1 - - [23/Sep/2022:10:13:08 +0000] "GET /api/v1/goods/user?limit=100 HTTP/1.0" 304 - "-" "Expo/2.25.3.1015682 CFNetwork/1390 Darwin/22.0.0"
::ffff:127.0.0.1 - - [23/Sep/2022:10:13:20 +0000] "GET /api/v1/users/632c16cb88be787a3eb808cf?select=time HTTP/1.0" 200 70 "-" "Expo/2.25.3.1015682 CFNetwork/1390 Darwin/22.0.0"
::1 - - [23/Sep/2022:10:13:29 +0000] "GET /api/v1/users/632c16cb88be787a3eb808cf?select=time HTTP/1.0" 304 - "-" "Expo/2.25.3.1015682 CFNetwork/1390 Darwin/22.0.0"
::ffff:127.0.0.1 - - [23/Sep/2022:10:13:56 +0000] "GET /api/v1/categories HTTP/1.0" 304 - "-" "Expo/2.25.3.1015682 CFNetwork/1390 Darwin/22.0.0"
::1 - - [23/Sep/2022:10:13:56 +0000] "GET /api/v1/users/632c16cb88be787a3eb808cf?select=time HTTP/1.0" 304 - "-" "Expo/2.25.3.1015682 CFNetwork/1390 Darwin/22.0.0"
::1 - - [23/Sep/2022:10:13:56 +0000] "GET /api/v1/transactions/basket?limit=100&sort=-createdAt HTTP/1.0" 304 - "-" "Expo/2.25.3.1015682 CFNetwork/1390 Darwin/22.0.0"
::ffff:127.0.0.1 - - [23/Sep/2022:10:13:56 +0000] "GET /api/v1/goods/user?limit=100 HTTP/1.0" 304 - "-" "Expo/2.25.3.1015682 CFNetwork/1390 Darwin/22.0.0"
::ffff:127.0.0.1 - - [23/Sep/2022:10:13:56 +0000] "GET /api/v1/users/632c16cb88be787a3eb808cf?select=time HTTP/1.0" 304 - "-" "Expo/2.25.3.1015682 CFNetwork/1390 Darwin/22.0.0"
::1 - - [23/Sep/2022:10:14:01 +0000] "GET /api/v1/users/632c16cb88be787a3eb808cf?select=time HTTP/1.0" 304 - "-" "Expo/2.25.3.1015682 CFNetwork/1390 Darwin/22.0.0"
::ffff:127.0.0.1 - - [23/Sep/2022:10:14:08 +0000] "GET /api/v1/users/632c16cb88be787a3eb808cf?select=time HTTP/1.0" 304 - "-" "Expo/2.25.3.1015682 CFNetwork/1390 Darwin/22.0.0"
::1 - - [23/Sep/2022:10:15:25 +0000] "GET /api/v1/users/632c16cb88be787a3eb808cf HTTP/1.0" 304 - "-" "Expo/2.25.3.1015682 CFNetwork/1390 Darwin/22.0.0"
::1 - - [23/Sep/2022:10:15:25 +0000] "GET /api/v1/transactions/basket?limit=100&sort=-createdAt HTTP/1.0" 304 - "-" "Expo/2.25.3.1015682 CFNetwork/1390 Darwin/22.0.0"
::ffff:127.0.0.1 - - [23/Sep/2022:10:15:25 +0000] "GET /api/v1/goods/user?limit=100 HTTP/1.0" 304 - "-" "Expo/2.25.3.1015682 CFNetwork/1390 Darwin/22.0.0"
::ffff:127.0.0.1 - - [23/Sep/2022:10:15:25 +0000] "GET /api/v1/users/632c16cb88be787a3eb808cf?select=deadline HTTP/1.0" 304 - "-" "Expo/2.25.3.1015682 CFNetwork/1390 Darwin/22.0.0"
::1 - - [23/Sep/2022:10:15:55 +0000] "GET /api/v1/users/632c16cb88be787a3eb808cf?select=time HTTP/1.0" 304 - "-" "Expo/2.25.3.1015682 CFNetwork/1390 Darwin/22.0.0"
::ffff:127.0.0.1 - - [23/Sep/2022:10:16:01 +0000] "GET /api/v1/users/632c16cb88be787a3eb808cf HTTP/1.0" 304 - "-" "Expo/2.25.3.1015682 CFNetwork/1390 Darwin/22.0.0"
::1 - - [23/Sep/2022:10:16:01 +0000] "GET /api/v1/users/632c16cb88be787a3eb808cf HTTP/1.0" 304 - "-" "Expo/2.25.3.1015682 CFNetwork/1390 Darwin/22.0.0"
::ffff:127.0.0.1 - - [23/Sep/2022:10:16:34 +0000] "GET /api/v1/users/632c16cb88be787a3eb808cf HTTP/1.0" 304 - "-" "Expo/2.25.3.1015682 CFNetwork/1390 Darwin/22.0.0"
::1 - - [23/Sep/2022:10:16:44 +0000] "GET /api/v1/transactions/basket?limit=100&sort=-createdAt HTTP/1.0" 304 - "-" "Expo/2.25.3.1015682 CFNetwork/1390 Darwin/22.0.0"
::ffff:127.0.0.1 - - [23/Sep/2022:10:16:44 +0000] "GET /api/v1/users/632c16cb88be787a3eb808cf HTTP/1.0" 304 - "-" "Expo/2.25.3.1015682 CFNetwork/1390 Darwin/22.0.0"
::ffff:127.0.0.1 - - [23/Sep/2022:10:16:44 +0000] "GET /api/v1/categories HTTP/1.0" 304 - "-" "Expo/2.25.3.1015682 CFNetwork/1390 Darwin/22.0.0"
::1 - - [23/Sep/2022:10:16:44 +0000] "GET /api/v1/goods/user?limit=100 HTTP/1.0" 304 - "-" "Expo/2.25.3.1015682 CFNetwork/1390 Darwin/22.0.0"
::ffff:127.0.0.1 - - [23/Sep/2022:10:16:48 +0000] "GET /api/v1/goods/user?limit=100 HTTP/1.0" - - "-" "Expo/2.25.3.1015682 CFNetwork/1390 Darwin/22.0.0"
::1 - - [23/Sep/2022:10:16:48 +0000] "GET /api/v1/categories HTTP/1.0" - - "-" "Expo/2.25.3.1015682 CFNetwork/1390 Darwin/22.0.0"
::1 - - [23/Sep/2022:10:16:48 +0000] "GET /api/v1/transactions/basket?limit=100&sort=-createdAt HTTP/1.0" - - "-" "Expo/2.25.3.1015682 CFNetwork/1390 Darwin/22.0.0"
::ffff:127.0.0.1 - - [23/Sep/2022:10:16:48 +0000] "GET /api/v1/users/632c16cb88be787a3eb808cf HTTP/1.0" - - "-" "Expo/2.25.3.1015682 CFNetwork/1390 Darwin/22.0.0"
::1 - - [23/Sep/2022:10:16:49 +0000] "GET /api/v1/users/null HTTP/1.0" 500 235 "-" "Expo/2.25.3.1015682 CFNetwork/1390 Darwin/22.0.0"
::1 - - [23/Sep/2022:10:16:49 +0000] "GET /api/v1/users/null HTTP/1.0" 500 235 "-" "Expo/2.25.3.1015682 CFNetwork/1390 Darwin/22.0.0"
::ffff:127.0.0.1 - - [23/Sep/2022:10:16:49 +0000] "GET /api/v1/users/null HTTP/1.0" 500 235 "-" "Expo/2.25.3.1015682 CFNetwork/1390 Darwin/22.0.0"
::ffff:127.0.0.1 - - [23/Sep/2022:10:16:49 +0000] "GET /api/v1/users/null HTTP/1.0" 500 235 "-" "Expo/2.25.3.1015682 CFNetwork/1390 Darwin/22.0.0"
::ffff:127.0.0.1 - - [23/Sep/2022:10:16:49 +0000] "GET /api/v1/users/632c16cb88be787a3eb808cf HTTP/1.0" 304 - "-" "Expo/2.25.3.1015682 CFNetwork/1390 Darwin/22.0.0"
::1 - - [23/Sep/2022:10:16:49 +0000] "GET /api/v1/users/632c16cb88be787a3eb808cf HTTP/1.0" 304 - "-" "Expo/2.25.3.1015682 CFNetwork/1390 Darwin/22.0.0"
::ffff:127.0.0.1 - - [23/Sep/2022:10:16:49 +0000] "GET /api/v1/users/632c16cb88be787a3eb808cf HTTP/1.0" 304 - "-" "Expo/2.25.3.1015682 CFNetwork/1390 Darwin/22.0.0"
::1 - - [23/Sep/2022:10:16:49 +0000] "GET /api/v1/categories HTTP/1.0" 304 - "-" "Expo/2.25.3.1015682 CFNetwork/1390 Darwin/22.0.0"
::1 - - [23/Sep/2022:10:16:49 +0000] "GET /api/v1/users/632c16cb88be787a3eb808cf HTTP/1.0" 304 - "-" "Expo/2.25.3.1015682 CFNetwork/1390 Darwin/22.0.0"
::1 - - [23/Sep/2022:10:16:49 +0000] "GET /api/v1/transactions/basket?limit=100&sort=-createdAt HTTP/1.0" 304 - "-" "Expo/2.25.3.1015682 CFNetwork/1390 Darwin/22.0.0"
::ffff:127.0.0.1 - - [23/Sep/2022:10:16:49 +0000] "GET /api/v1/goods/user?limit=100 HTTP/1.0" 304 - "-" "Expo/2.25.3.1015682 CFNetwork/1390 Darwin/22.0.0"
::ffff:127.0.0.1 - - [23/Sep/2022:10:17:21 +0000] "GET /api/v1/users/632c16cb88be787a3eb808cf HTTP/1.0" 304 - "-" "Expo/2.25.3.1015682 CFNetwork/1390 Darwin/22.0.0"
::1 - - [23/Sep/2022:10:17:21 +0000] "GET /api/v1/users/632c16cb88be787a3eb808cf HTTP/1.0" 304 - "-" "Expo/2.25.3.1015682 CFNetwork/1390 Darwin/22.0.0"
::ffff:127.0.0.1 - - [23/Sep/2022:10:17:22 +0000] "GET /api/v1/users/632c16cb88be787a3eb808cf?select=deadline HTTP/1.0" 304 - "-" "Expo/2.25.3.1015682 CFNetwork/1390 Darwin/22.0.0"
::1 - - [23/Sep/2022:10:18:08 +0000] "GET /api/v1/users/632c16cb88be787a3eb808cf HTTP/1.0" 304 - "-" "Expo/2.25.3.1015682 CFNetwork/1390 Darwin/22.0.0"
::ffff:127.0.0.1 - - [23/Sep/2022:10:18:08 +0000] "GET /api/v1/users/632c16cb88be787a3eb808cf?select=deadline HTTP/1.0" 200 392 "-" "Expo/2.25.3.1015682 CFNetwork/1390 Darwin/22.0.0"
::1 - - [23/Sep/2022:10:18:39 +0000] "GET /api/v1/users/632c16cb88be787a3eb808cf?select=deadline HTTP/1.0" 304 - "-" "Expo/2.25.3.1015682 CFNetwork/1390 Darwin/22.0.0"
::ffff:127.0.0.1 - - [23/Sep/2022:10:18:40 +0000] "GET /api/v1/users/null HTTP/1.0" 500 235 "-" "Expo/2.25.3.1015682 CFNetwork/1390 Darwin/22.0.0"
::1 - - [23/Sep/2022:10:18:40 +0000] "GET /api/v1/users/null HTTP/1.0" 500 235 "-" "Expo/2.25.3.1015682 CFNetwork/1390 Darwin/22.0.0"
::ffff:127.0.0.1 - - [23/Sep/2022:10:18:40 +0000] "GET /api/v1/users/null HTTP/1.0" 500 235 "-" "Expo/2.25.3.1015682 CFNetwork/1390 Darwin/22.0.0"
::ffff:127.0.0.1 - - [23/Sep/2022:10:18:40 +0000] "GET /api/v1/users/632c16cb88be787a3eb808cf HTTP/1.0" 304 - "-" "Expo/2.25.3.1015682 CFNetwork/1390 Darwin/22.0.0"
::1 - - [23/Sep/2022:10:18:40 +0000] "GET /api/v1/users/632c16cb88be787a3eb808cf HTTP/1.0" 304 - "-" "Expo/2.25.3.1015682 CFNetwork/1390 Darwin/22.0.0"
::ffff:127.0.0.1 - - [23/Sep/2022:10:18:40 +0000] "GET /api/v1/users/632c16cb88be787a3eb808cf?select=deadline HTTP/1.0" 304 - "-" "Expo/2.25.3.1015682 CFNetwork/1390 Darwin/22.0.0"
::1 - - [23/Sep/2022:10:18:40 +0000] "GET /api/v1/users/632c16cb88be787a3eb808cf HTTP/1.0" 304 - "-" "Expo/2.25.3.1015682 CFNetwork/1390 Darwin/22.0.0"
::ffff:127.0.0.1 - - [23/Sep/2022:10:18:40 +0000] "GET /api/v1/users/632c16cb88be787a3eb808cf HTTP/1.0" 304 - "-" "Expo/2.25.3.1015682 CFNetwork/1390 Darwin/22.0.0"
::1 - - [23/Sep/2022:10:19:10 +0000] "GET /api/v1/users/null HTTP/1.0" 500 235 "-" "Expo/2.25.3.1015682 CFNetwork/1390 Darwin/22.0.0"
::ffff:127.0.0.1 - - [23/Sep/2022:10:19:10 +0000] "GET /api/v1/users/null HTTP/1.0" 500 235 "-" "Expo/2.25.3.1015682 CFNetwork/1390 Darwin/22.0.0"
::1 - - [23/Sep/2022:10:19:10 +0000] "GET /api/v1/users/null HTTP/1.0" 500 235 "-" "Expo/2.25.3.1015682 CFNetwork/1390 Darwin/22.0.0"
::ffff:127.0.0.1 - - [23/Sep/2022:10:19:10 +0000] "GET /api/v1/users/632c16cb88be787a3eb808cf HTTP/1.0" 304 - "-" "Expo/2.25.3.1015682 CFNetwork/1390 Darwin/22.0.0"
::1 - - [23/Sep/2022:10:19:10 +0000] "GET /api/v1/users/632c16cb88be787a3eb808cf HTTP/1.0" 304 - "-" "Expo/2.25.3.1015682 CFNetwork/1390 Darwin/22.0.0"
::1 - - [23/Sep/2022:10:19:10 +0000] "GET /api/v1/users/632c16cb88be787a3eb808cf?select=deadline HTTP/1.0" 304 - "-" "Expo/2.25.3.1015682 CFNetwork/1390 Darwin/22.0.0"
::ffff:127.0.0.1 - - [23/Sep/2022:10:19:10 +0000] "GET /api/v1/users/632c16cb88be787a3eb808cf HTTP/1.0" 304 - "-" "Expo/2.25.3.1015682 CFNetwork/1390 Darwin/22.0.0"
::1 - - [23/Sep/2022:10:19:11 +0000] "GET /api/v1/users/632c16cb88be787a3eb808cf HTTP/1.0" 304 - "-" "Expo/2.25.3.1015682 CFNetwork/1390 Darwin/22.0.0"
::ffff:127.0.0.1 - - [23/Sep/2022:10:19:19 +0000] "GET /api/v1/users/null HTTP/1.0" 500 235 "-" "Expo/2.25.3.1015682 CFNetwork/1390 Darwin/22.0.0"
::1 - - [23/Sep/2022:10:19:19 +0000] "GET /api/v1/users/null HTTP/1.0" 500 235 "-" "Expo/2.25.3.1015682 CFNetwork/1390 Darwin/22.0.0"
::1 - - [23/Sep/2022:10:19:19 +0000] "GET /api/v1/users/null HTTP/1.0" 500 235 "-" "Expo/2.25.3.1015682 CFNetwork/1390 Darwin/22.0.0"
::ffff:127.0.0.1 - - [23/Sep/2022:10:19:19 +0000] "GET /api/v1/users/632c16cb88be787a3eb808cf HTTP/1.0" 304 - "-" "Expo/2.25.3.1015682 CFNetwork/1390 Darwin/22.0.0"
::ffff:127.0.0.1 - - [23/Sep/2022:10:19:19 +0000] "GET /api/v1/users/632c16cb88be787a3eb808cf HTTP/1.0" 304 - "-" "Expo/2.25.3.1015682 CFNetwork/1390 Darwin/22.0.0"
::ffff:127.0.0.1 - - [23/Sep/2022:10:19:20 +0000] "GET /api/v1/users/632c16cb88be787a3eb808cf?select=deadline HTTP/1.0" 304 - "-" "Expo/2.25.3.1015682 CFNetwork/1390 Darwin/22.0.0"
::1 - - [23/Sep/2022:10:19:20 +0000] "GET /api/v1/users/632c16cb88be787a3eb808cf HTTP/1.0" 304 - "-" "Expo/2.25.3.1015682 CFNetwork/1390 Darwin/22.0.0"
::ffff:127.0.0.1 - - [23/Sep/2022:10:19:20 +0000] "GET /api/v1/users/632c16cb88be787a3eb808cf HTTP/1.0" 304 - "-" "Expo/2.25.3.1015682 CFNetwork/1390 Darwin/22.0.0"
::1 - - [23/Sep/2022:10:19:54 +0000] "GET /api/v1/users/632c16cb88be787a3eb808cf HTTP/1.0" 304 - "-" "Expo/2.25.3.1015682 CFNetwork/1390 Darwin/22.0.0"
::ffff:127.0.0.1 - - [23/Sep/2022:10:19:57 +0000] "GET /api/v1/users/null HTTP/1.0" 500 235 "-" "Expo/2.25.3.1015682 CFNetwork/1390 Darwin/22.0.0"
::1 - - [23/Sep/2022:10:19:57 +0000] "GET /api/v1/users/632c16cb88be787a3eb808cf?select=deadline HTTP/1.0" 304 - "-" "Expo/2.25.3.1015682 CFNetwork/1390 Darwin/22.0.0"
::ffff:127.0.0.1 - - [23/Sep/2022:10:20:04 +0000] "GET /api/v1/users/null HTTP/1.0" 500 235 "-" "Expo/2.25.3.1015682 CFNetwork/1390 Darwin/22.0.0"
::1 - - [23/Sep/2022:10:20:04 +0000] "GET /api/v1/users/632c16cb88be787a3eb808cf?select=deadline HTTP/1.0" 304 - "-" "Expo/2.25.3.1015682 CFNetwork/1390 Darwin/22.0.0"
::ffff:127.0.0.1 - - [23/Sep/2022:10:20:08 +0000] "GET /api/v1/users/null HTTP/1.0" 500 235 "-" "Expo/2.25.3.1015682 CFNetwork/1390 Darwin/22.0.0"
::1 - - [23/Sep/2022:10:20:08 +0000] "GET /api/v1/users/632c16cb88be787a3eb808cf?select=deadline HTTP/1.0" 304 - "-" "Expo/2.25.3.1015682 CFNetwork/1390 Darwin/22.0.0"
::ffff:127.0.0.1 - - [23/Sep/2022:10:20:21 +0000] "GET /api/v1/users/null HTTP/1.0" 500 235 "-" "Expo/2.25.3.1015682 CFNetwork/1390 Darwin/22.0.0"
::1 - - [23/Sep/2022:10:20:21 +0000] "GET /api/v1/users/632c16cb88be787a3eb808cf?select=deadline HTTP/1.0" 304 - "-" "Expo/2.25.3.1015682 CFNetwork/1390 Darwin/22.0.0"
::ffff:127.0.0.1 - - [23/Sep/2022:10:21:18 +0000] "GET /api/v1/users/632c16cb88be787a3eb808cf?select=deadline HTTP/1.0" 304 - "-" "Expo/2.25.3.1015682 CFNetwork/1390 Darwin/22.0.0"
::1 - - [23/Sep/2022:10:21:30 +0000] "GET /api/v1/users/null HTTP/1.0" 500 235 "-" "Expo/2.25.3.1015682 CFNetwork/1390 Darwin/22.0.0"
::ffff:127.0.0.1 - - [23/Sep/2022:10:21:30 +0000] "GET /api/v1/users/632c16cb88be787a3eb808cf?select=deadline HTTP/1.0" 304 - "-" "Expo/2.25.3.1015682 CFNetwork/1390 Darwin/22.0.0"
::1 - - [23/Sep/2022:10:21:47 +0000] "GET /api/v1/users/632c16cb88be787a3eb808cf HTTP/1.0" 304 - "-" "Expo/2.25.3.1015682 CFNetwork/1390 Darwin/22.0.0"
::ffff:127.0.0.1 - - [23/Sep/2022:10:22:22 +0000] "GET /api/v1/users/632c16cb88be787a3eb808cf HTTP/1.0" 304 - "-" "Expo/2.25.3.1015682 CFNetwork/1390 Darwin/22.0.0"
::1 - - [23/Sep/2022:10:22:28 +0000] "GET /api/v1/users/null HTTP/1.0" 500 235 "-" "Expo/2.25.3.1015682 CFNetwork/1390 Darwin/22.0.0"
::ffff:127.0.0.1 - - [23/Sep/2022:10:22:39 +0000] "GET /api/v1/users/632c16cb88be787a3eb808cf HTTP/1.0" 304 - "-" "Expo/2.25.3.1015682 CFNetwork/1390 Darwin/22.0.0"
::1 - - [23/Sep/2022:10:22:58 +0000] "GET /api/v1/users/632c16cb88be787a3eb808cf HTTP/1.0" 304 - "-" "Expo/2.25.3.1015682 CFNetwork/1390 Darwin/22.0.0"
::ffff:127.0.0.1 - - [23/Sep/2022:10:23:13 +0000] "GET /api/v1/users/632c16cb88be787a3eb808cf HTTP/1.0" 304 - "-" "Expo/2.25.3.1015682 CFNetwork/1390 Darwin/22.0.0"
::1 - - [23/Sep/2022:10:23:14 +0000] "GET /api/v1/users/632c16cb88be787a3eb808cf?select=deadline HTTP/1.0" 304 - "-" "Expo/2.25.3.1015682 CFNetwork/1390 Darwin/22.0.0"
::ffff:127.0.0.1 - - [23/Sep/2022:10:23:15 +0000] "GET /api/v1/users/632c16cb88be787a3eb808cf HTTP/1.0" 304 - "-" "Expo/2.25.3.1015682 CFNetwork/1390 Darwin/22.0.0"
::1 - - [23/Sep/2022:10:23:22 +0000] "GET /api/v1/users/null HTTP/1.0" 500 235 "-" "Expo/2.25.3.1015682 CFNetwork/1390 Darwin/22.0.0"
::ffff:127.0.0.1 - - [23/Sep/2022:10:23:33 +0000] "GET /api/v1/users/null HTTP/1.0" 500 235 "-" "Expo/2.25.3.1015682 CFNetwork/1390 Darwin/22.0.0"
::1 - - [23/Sep/2022:10:24:01 +0000] "GET /api/v1/users/632c16cb88be787a3eb808cf?select=deadline HTTP/1.0" 304 - "-" "Expo/2.25.3.1015682 CFNetwork/1390 Darwin/22.0.0"
::ffff:127.0.0.1 - - [23/Sep/2022:10:24:01 +0000] "GET /api/v1/users/632c16cb88be787a3eb808cf HTTP/1.0" 304 - "-" "Expo/2.25.3.1015682 CFNetwork/1390 Darwin/22.0.0"
::1 - - [23/Sep/2022:10:24:03 +0000] "GET /api/v1/users/null HTTP/1.0" 500 235 "-" "Expo/2.25.3.1015682 CFNetwork/1390 Darwin/22.0.0"
::ffff:127.0.0.1 - - [23/Sep/2022:10:24:04 +0000] "GET /api/v1/users/632c16cb88be787a3eb808cf?select=deadline HTTP/1.0" 304 - "-" "Expo/2.25.3.1015682 CFNetwork/1390 Darwin/22.0.0"
::1 - - [23/Sep/2022:10:24:14 +0000] "GET /api/v1/users/632c16cb88be787a3eb808cf HTTP/1.0" 304 - "-" "Expo/2.25.3.1015682 CFNetwork/1390 Darwin/22.0.0"
::ffff:127.0.0.1 - - [23/Sep/2022:10:24:16 +0000] "GET /api/v1/users/632c16cb88be787a3eb808cf HTTP/1.0" 304 - "-" "Expo/2.25.3.1015682 CFNetwork/1390 Darwin/22.0.0"
::1 - - [23/Sep/2022:10:24:17 +0000] "GET /api/v1/users/null HTTP/1.0" 500 235 "-" "Expo/2.25.3.1015682 CFNetwork/1390 Darwin/22.0.0"
::ffff:127.0.0.1 - - [23/Sep/2022:10:24:17 +0000] "GET /api/v1/users/632c16cb88be787a3eb808cf?select=deadline HTTP/1.0" 304 - "-" "Expo/2.25.3.1015682 CFNetwork/1390 Darwin/22.0.0"
::1 - - [23/Sep/2022:10:25:35 +0000] "GET /api/v1/users/632c16cb88be787a3eb808cf HTTP/1.0" 304 - "-" "Expo/2.25.3.1015682 CFNetwork/1390 Darwin/22.0.0"
::ffff:127.0.0.1 - - [23/Sep/2022:10:25:42 +0000] "GET /api/v1/users/632c16cb88be787a3eb808cf?select=deadline HTTP/1.0" 304 - "-" "Expo/2.25.3.1015682 CFNetwork/1390 Darwin/22.0.0"
::1 - - [23/Sep/2022:10:25:42 +0000] "GET /api/v1/users/632c16cb88be787a3eb808cf HTTP/1.0" 304 - "-" "Expo/2.25.3.1015682 CFNetwork/1390 Darwin/22.0.0"
::ffff:127.0.0.1 - - [23/Sep/2022:10:25:58 +0000] "GET /api/v1/users/632c16cb88be787a3eb808cf HTTP/1.0" 304 - "-" "Expo/2.25.3.1015682 CFNetwork/1390 Darwin/22.0.0"
::1 - - [23/Sep/2022:10:26:06 +0000] "GET /api/v1/users/632c16cb88be787a3eb808cf HTTP/1.0" 304 - "-" "Expo/2.25.3.1015682 CFNetwork/1390 Darwin/22.0.0"
::ffff:127.0.0.1 - - [23/Sep/2022:10:26:48 +0000] "GET /api/v1/users/632c16cb88be787a3eb808cf HTTP/1.0" 304 - "-" "Expo/2.25.3.1015682 CFNetwork/1390 Darwin/22.0.0"
::1 - - [23/Sep/2022:10:27:22 +0000] "GET /api/v1/users/null HTTP/1.0" 500 235 "-" "Expo/2.25.3.1015682 CFNetwork/1390 Darwin/22.0.0"
::ffff:127.0.0.1 - - [23/Sep/2022:10:27:22 +0000] "GET /api/v1/users/632c16cb88be787a3eb808cf?select=deadline HTTP/1.0" 200 391 "-" "Expo/2.25.3.1015682 CFNetwork/1390 Darwin/22.0.0"
::1 - - [23/Sep/2022:10:28:09 +0000] "GET /api/v1/users/632c16cb88be787a3eb808cf HTTP/1.0" 200 391 "-" "Expo/2.25.3.1015682 CFNetwork/1390 Darwin/22.0.0"
::ffff:127.0.0.1 - - [23/Sep/2022:10:28:09 +0000] "GET /api/v1/categories HTTP/1.0" 304 - "-" "Expo/2.25.3.1015682 CFNetwork/1390 Darwin/22.0.0"
::1 - - [23/Sep/2022:10:28:09 +0000] "GET /api/v1/goods/user?limit=100 HTTP/1.0" - - "-" "Expo/2.25.3.1015682 CFNetwork/1390 Darwin/22.0.0"
::ffff:127.0.0.1 - - [23/Sep/2022:10:28:09 +0000] "GET /api/v1/transactions/basket?limit=100&sort=-createdAt HTTP/1.0" - - "-" "Expo/2.25.3.1015682 CFNetwork/1390 Darwin/22.0.0"
::1 - - [23/Sep/2022:10:28:10 +0000] "GET /api/v1/users/null HTTP/1.0" 500 235 "-" "Expo/2.25.3.1015682 CFNetwork/1390 Darwin/22.0.0"
::ffff:127.0.0.1 - - [23/Sep/2022:10:28:10 +0000] "GET /api/v1/users/632c16cb88be787a3eb808cf?select=deadline HTTP/1.0" 304 - "-" "Expo/2.25.3.1015682 CFNetwork/1390 Darwin/22.0.0"
::1 - - [23/Sep/2022:10:28:14 +0000] "GET /api/v1/users/632c16cb88be787a3eb808cf HTTP/1.0" 304 - "-" "Expo/2.25.3.1015682 CFNetwork/1390 Darwin/22.0.0"
::ffff:127.0.0.1 - - [23/Sep/2022:10:28:14 +0000] "GET /api/v1/categories HTTP/1.0" 304 - "-" "Expo/2.25.3.1015682 CFNetwork/1390 Darwin/22.0.0"
::1 - - [23/Sep/2022:10:28:14 +0000] "GET /api/v1/goods/user?limit=100 HTTP/1.0" 304 - "-" "Expo/2.25.3.1015682 CFNetwork/1390 Darwin/22.0.0"
::ffff:127.0.0.1 - - [23/Sep/2022:10:28:14 +0000] "GET /api/v1/transactions/basket?limit=100&sort=-createdAt HTTP/1.0" 304 - "-" "Expo/2.25.3.1015682 CFNetwork/1390 Darwin/22.0.0"
::1 - - [23/Sep/2022:10:28:48 +0000] "GET /api/v1/users/632c16cb88be787a3eb808cf HTTP/1.0" 304 - "-" "Expo/2.25.3.1015682 CFNetwork/1390 Darwin/22.0.0"
::ffff:127.0.0.1 - - [23/Sep/2022:10:28:51 +0000] "GET /api/v1/users/null HTTP/1.0" 500 235 "-" "Expo/2.25.3.1015682 CFNetwork/1390 Darwin/22.0.0"
::1 - - [23/Sep/2022:10:28:51 +0000] "GET /api/v1/users/632c16cb88be787a3eb808cf?select=deadline HTTP/1.0" 304 - "-" "Expo/2.25.3.1015682 CFNetwork/1390 Darwin/22.0.0"
::ffff:127.0.0.1 - - [23/Sep/2022:10:29:25 +0000] "GET /api/v1/users/null HTTP/1.0" 500 235 "-" "Expo/2.25.3.1015682 CFNetwork/1390 Darwin/22.0.0"
::1 - - [23/Sep/2022:10:29:25 +0000] "GET /api/v1/users/632c16cb88be787a3eb808cf?select=deadline HTTP/1.0" 304 - "-" "Expo/2.25.3.1015682 CFNetwork/1390 Darwin/22.0.0"
::ffff:127.0.0.1 - - [23/Sep/2022:10:29:33 +0000] "GET /api/v1/users/632c16cb88be787a3eb808cf HTTP/1.0" 304 - "-" "Expo/2.25.3.1015682 CFNetwork/1390 Darwin/22.0.0"
::ffff:127.0.0.1 - - [23/Sep/2022:10:29:33 +0000] "GET /api/v1/categories HTTP/1.0" 304 - "-" "Expo/2.25.3.1015682 CFNetwork/1390 Darwin/22.0.0"
::1 - - [23/Sep/2022:10:29:33 +0000] "GET /api/v1/goods/user?limit=100 HTTP/1.0" 304 - "-" "Expo/2.25.3.1015682 CFNetwork/1390 Darwin/22.0.0"
::1 - - [23/Sep/2022:10:29:33 +0000] "GET /api/v1/transactions/basket?limit=100&sort=-createdAt HTTP/1.0" 304 - "-" "Expo/2.25.3.1015682 CFNetwork/1390 Darwin/22.0.0"
::ffff:127.0.0.1 - - [23/Sep/2022:10:29:37 +0000] "GET /api/v1/users/null HTTP/1.0" 500 235 "-" "Expo/2.25.3.1015682 CFNetwork/1390 Darwin/22.0.0"
::1 - - [23/Sep/2022:10:29:37 +0000] "GET /api/v1/users/632c16cb88be787a3eb808cf?select=deadline HTTP/1.0" 304 - "-" "Expo/2.25.3.1015682 CFNetwork/1390 Darwin/22.0.0"
::ffff:127.0.0.1 - - [23/Sep/2022:10:30:21 +0000] "GET /api/v1/users/null HTTP/1.0" 500 235 "-" "Expo/2.25.3.1015682 CFNetwork/1390 Darwin/22.0.0"
::1 - - [23/Sep/2022:10:30:21 +0000] "GET /api/v1/users/632c16cb88be787a3eb808cf?select=deadline HTTP/1.0" 304 - "-" "Expo/2.25.3.1015682 CFNetwork/1390 Darwin/22.0.0"
::ffff:127.0.0.1 - - [23/Sep/2022:10:33:47 +0000] "GET /api/v1/users/null HTTP/1.0" 500 235 "-" "Expo/2.25.3.1015682 CFNetwork/1390 Darwin/22.0.0"
::1 - - [23/Sep/2022:10:33:47 +0000] "GET /api/v1/users/632c16cb88be787a3eb808cf?select=deadline HTTP/1.0" 304 - "-" "Expo/2.25.3.1015682 CFNetwork/1390 Darwin/22.0.0"
::ffff:127.0.0.1 - - [23/Sep/2022:10:33:58 +0000] "GET /api/v1/users/null HTTP/1.0" 500 235 "-" "Expo/2.25.3.1015682 CFNetwork/1390 Darwin/22.0.0"
::1 - - [23/Sep/2022:10:33:58 +0000] "GET /api/v1/users/632c16cb88be787a3eb808cf?select=deadline HTTP/1.0" 304 - "-" "Expo/2.25.3.1015682 CFNetwork/1390 Darwin/22.0.0"
::ffff:127.0.0.1 - - [23/Sep/2022:10:34:22 +0000] "GET /api/v1/users/632c16cb88be787a3eb808cf HTTP/1.0" 304 - "-" "Expo/2.25.3.1015682 CFNetwork/1390 Darwin/22.0.0"
::1 - - [23/Sep/2022:10:34:22 +0000] "GET /api/v1/categories HTTP/1.0" 304 - "-" "Expo/2.25.3.1015682 CFNetwork/1390 Darwin/22.0.0"
::ffff:127.0.0.1 - - [23/Sep/2022:10:34:22 +0000] "GET /api/v1/goods/user?limit=100 HTTP/1.0" 304 - "-" "Expo/2.25.3.1015682 CFNetwork/1390 Darwin/22.0.0"
::1 - - [23/Sep/2022:10:34:22 +0000] "GET /api/v1/transactions/basket?limit=100&sort=-createdAt HTTP/1.0" 304 - "-" "Expo/2.25.3.1015682 CFNetwork/1390 Darwin/22.0.0"
::ffff:127.0.0.1 - - [23/Sep/2022:10:34:25 +0000] "GET /api/v1/users/null HTTP/1.0" 500 235 "-" "Expo/2.25.3.1015682 CFNetwork/1390 Darwin/22.0.0"
::1 - - [23/Sep/2022:10:34:25 +0000] "GET /api/v1/users/632c16cb88be787a3eb808cf?select=deadline HTTP/1.0" 304 - "-" "Expo/2.25.3.1015682 CFNetwork/1390 Darwin/22.0.0"
::ffff:127.0.0.1 - - [23/Sep/2022:10:34:29 +0000] "GET /api/v1/users/null HTTP/1.0" 500 235 "-" "Expo/2.25.3.1015682 CFNetwork/1390 Darwin/22.0.0"
::1 - - [23/Sep/2022:10:34:29 +0000] "GET /api/v1/users/632c16cb88be787a3eb808cf?select=deadline HTTP/1.0" 304 - "-" "Expo/2.25.3.1015682 CFNetwork/1390 Darwin/22.0.0"
::ffff:127.0.0.1 - - [23/Sep/2022:10:34:31 +0000] "GET /api/v1/users/632c16cb88be787a3eb808cf HTTP/1.0" 304 - "-" "Expo/2.25.3.1015682 CFNetwork/1390 Darwin/22.0.0"
::ffff:127.0.0.1 - - [23/Sep/2022:10:34:31 +0000] "GET /api/v1/categories HTTP/1.0" 304 - "-" "Expo/2.25.3.1015682 CFNetwork/1390 Darwin/22.0.0"
::1 - - [23/Sep/2022:10:34:31 +0000] "GET /api/v1/goods/user?limit=100 HTTP/1.0" 304 - "-" "Expo/2.25.3.1015682 CFNetwork/1390 Darwin/22.0.0"
::1 - - [23/Sep/2022:10:34:31 +0000] "GET /api/v1/transactions/basket?limit=100&sort=-createdAt HTTP/1.0" 304 - "-" "Expo/2.25.3.1015682 CFNetwork/1390 Darwin/22.0.0"
::ffff:127.0.0.1 - - [23/Sep/2022:10:34:36 +0000] "GET /api/v1/users/632c16cb88be787a3eb808cf HTTP/1.0" 304 - "-" "Expo/2.25.3.1015682 CFNetwork/1390 Darwin/22.0.0"
::1 - - [23/Sep/2022:10:34:49 +0000] "GET /api/v1/users/null HTTP/1.0" 500 235 "-" "Expo/2.25.3.1015682 CFNetwork/1390 Darwin/22.0.0"
::ffff:127.0.0.1 - - [23/Sep/2022:10:34:49 +0000] "GET /api/v1/users/632c16cb88be787a3eb808cf?select=deadline HTTP/1.0" 304 - "-" "Expo/2.25.3.1015682 CFNetwork/1390 Darwin/22.0.0"
::1 - - [23/Sep/2022:10:35:13 +0000] "GET /api/v1/users/632c16cb88be787a3eb808cf HTTP/1.0" 304 - "-" "Expo/2.25.3.1015682 CFNetwork/1390 Darwin/22.0.0"
::1 - - [23/Sep/2022:10:35:13 +0000] "GET /api/v1/categories HTTP/1.0" 304 - "-" "Expo/2.25.3.1015682 CFNetwork/1390 Darwin/22.0.0"
::ffff:127.0.0.1 - - [23/Sep/2022:10:35:13 +0000] "GET /api/v1/goods/user?limit=100 HTTP/1.0" 304 - "-" "Expo/2.25.3.1015682 CFNetwork/1390 Darwin/22.0.0"
::ffff:127.0.0.1 - - [23/Sep/2022:10:35:13 +0000] "GET /api/v1/transactions/basket?limit=100&sort=-createdAt HTTP/1.0" 304 - "-" "Expo/2.25.3.1015682 CFNetwork/1390 Darwin/22.0.0"
::1 - - [23/Sep/2022:10:35:15 +0000] "GET /api/v1/users/null HTTP/1.0" 500 235 "-" "Expo/2.25.3.1015682 CFNetwork/1390 Darwin/22.0.0"
::ffff:127.0.0.1 - - [23/Sep/2022:10:35:15 +0000] "GET /api/v1/users/632c16cb88be787a3eb808cf?select=deadline HTTP/1.0" 304 - "-" "Expo/2.25.3.1015682 CFNetwork/1390 Darwin/22.0.0"
::1 - - [23/Sep/2022:10:35:24 +0000] "GET /api/v1/users/ HTTP/1.0" 200 2583 "-" "Expo/2.25.3.1015682 CFNetwork/1390 Darwin/22.0.0"
::1 - - [23/Sep/2022:10:35:26 +0000] "GET /api/v1/users/632c16cb88be787a3eb808cf?select=deadline HTTP/1.0" 304 - "-" "Expo/2.25.3.1015682 CFNetwork/1390 Darwin/22.0.0"
::ffff:127.0.0.1 - - [23/Sep/2022:10:35:26 +0000] "GET /api/v1/users/ HTTP/1.0" 304 - "-" "Expo/2.25.3.1015682 CFNetwork/1390 Darwin/22.0.0"
::ffff:127.0.0.1 - - [23/Sep/2022:10:35:39 +0000] "GET /api/v1/users/632c16cb88be787a3eb808cf HTTP/1.0" 304 - "-" "Expo/2.25.3.1015682 CFNetwork/1390 Darwin/22.0.0"
::1 - - [23/Sep/2022:10:35:40 +0000] "GET /api/v1/categories HTTP/1.0" 304 - "-" "Expo/2.25.3.1015682 CFNetwork/1390 Darwin/22.0.0"
::ffff:127.0.0.1 - - [23/Sep/2022:10:35:40 +0000] "GET /api/v1/goods/user?limit=100 HTTP/1.0" 304 - "-" "Expo/2.25.3.1015682 CFNetwork/1390 Darwin/22.0.0"
::1 - - [23/Sep/2022:10:35:40 +0000] "GET /api/v1/transactions/basket?limit=100&sort=-createdAt HTTP/1.0" 304 - "-" "Expo/2.25.3.1015682 CFNetwork/1390 Darwin/22.0.0"
::ffff:127.0.0.1 - - [23/Sep/2022:10:35:41 +0000] "GET /api/v1/users/null HTTP/1.0" 500 235 "-" "Expo/2.25.3.1015682 CFNetwork/1390 Darwin/22.0.0"
::1 - - [23/Sep/2022:10:35:42 +0000] "GET /api/v1/users/632c16cb88be787a3eb808cf?select=deadline HTTP/1.0" 304 - "-" "Expo/2.25.3.1015682 CFNetwork/1390 Darwin/22.0.0"
::ffff:127.0.0.1 - - [23/Sep/2022:10:36:26 +0000] "GET /api/v1/transactions/basket?limit=100&sort=-createdAt HTTP/1.0" 304 - "-" "Expo/2.25.3.1015682 CFNetwork/1390 Darwin/22.0.0"
::ffff:127.0.0.1 - - [23/Sep/2022:10:36:26 +0000] "GET /api/v1/categories HTTP/1.0" 304 - "-" "Expo/2.25.3.1015682 CFNetwork/1390 Darwin/22.0.0"
::1 - - [23/Sep/2022:10:36:26 +0000] "GET /api/v1/goods/user?limit=100 HTTP/1.0" 304 - "-" "Expo/2.25.3.1015682 CFNetwork/1390 Darwin/22.0.0"
::1 - - [23/Sep/2022:10:36:28 +0000] "GET /api/v1/users/632c16cb88be787a3eb808cf HTTP/1.0" 304 - "-" "Expo/2.25.3.1015682 CFNetwork/1390 Darwin/22.0.0"
::ffff:127.0.0.1 - - [23/Sep/2022:10:36:28 +0000] "GET /api/v1/transactions/basket?limit=100&sort=-createdAt HTTP/1.0" 304 - "-" "Expo/2.25.3.1015682 CFNetwork/1390 Darwin/22.0.0"
::1 - - [23/Sep/2022:10:36:28 +0000] "GET /api/v1/goods/user?limit=100 HTTP/1.0" 304 - "-" "Expo/2.25.3.1015682 CFNetwork/1390 Darwin/22.0.0"
::ffff:127.0.0.1 - - [23/Sep/2022:10:37:17 +0000] "GET /api/v1/users/632c16cb88be787a3eb808cf HTTP/1.0" 304 - "-" "Expo/2.25.3.1015682 CFNetwork/1390 Darwin/22.0.0"
::ffff:127.0.0.1 - - [23/Sep/2022:10:37:19 +0000] "GET /api/v1/transactions/basket?limit=100&sort=-createdAt HTTP/1.0" 304 - "-" "Expo/2.25.3.1015682 CFNetwork/1390 Darwin/22.0.0"
::1 - - [23/Sep/2022:10:37:19 +0000] "GET /api/v1/categories HTTP/1.0" 304 - "-" "Expo/2.25.3.1015682 CFNetwork/1390 Darwin/22.0.0"
::1 - - [23/Sep/2022:10:37:19 +0000] "GET /api/v1/goods/user?limit=100 HTTP/1.0" 304 - "-" "Expo/2.25.3.1015682 CFNetwork/1390 Darwin/22.0.0"
::ffff:127.0.0.1 - - [23/Sep/2022:10:37:20 +0000] "GET /api/v1/users/632c16cb88be787a3eb808cf HTTP/1.0" 304 - "-" "Expo/2.25.3.1015682 CFNetwork/1390 Darwin/22.0.0"
::ffff:127.0.0.1 - - [23/Sep/2022:10:37:21 +0000] "GET /api/v1/transactions/basket?limit=100&sort=-createdAt HTTP/1.0" 304 - "-" "Expo/2.25.3.1015682 CFNetwork/1390 Darwin/22.0.0"
::1 - - [23/Sep/2022:10:37:21 +0000] "GET /api/v1/goods/user?limit=100 HTTP/1.0" 304 - "-" "Expo/2.25.3.1015682 CFNetwork/1390 Darwin/22.0.0"
::1 - - [23/Sep/2022:10:37:27 +0000] "GET /api/v1/users/632c16cb88be787a3eb808cf?select=deadline HTTP/1.0" 304 - "-" "Expo/2.25.3.1015682 CFNetwork/1390 Darwin/22.0.0"
::ffff:127.0.0.1 - - [23/Sep/2022:10:37:27 +0000] "GET /api/v1/users/632c16cb88be787a3eb808cf HTTP/1.0" 304 - "-" "Expo/2.25.3.1015682 CFNetwork/1390 Darwin/22.0.0"
::1 - - [23/Sep/2022:10:37:29 +0000] "GET /api/v1/categories HTTP/1.0" 304 - "-" "Expo/2.25.3.1015682 CFNetwork/1390 Darwin/22.0.0"
::ffff:127.0.0.1 - - [23/Sep/2022:10:37:30 +0000] "GET /api/v1/transactions/basket?limit=100&sort=-createdAt HTTP/1.0" 304 - "-" "Expo/2.25.3.1015682 CFNetwork/1390 Darwin/22.0.0"
::1 - - [23/Sep/2022:10:37:30 +0000] "GET /api/v1/goods/user?limit=100 HTTP/1.0" 304 - "-" "Expo/2.25.3.1015682 CFNetwork/1390 Darwin/22.0.0"
::ffff:127.0.0.1 - - [23/Sep/2022:10:37:30 +0000] "GET /api/v1/users/632c16cb88be787a3eb808cf HTTP/1.0" 304 - "-" "Expo/2.25.3.1015682 CFNetwork/1390 Darwin/22.0.0"
::1 - - [23/Sep/2022:10:37:30 +0000] "GET /api/v1/users/632c16cb88be787a3eb808cf?select=deadline HTTP/1.0" 304 - "-" "Expo/2.25.3.1015682 CFNetwork/1390 Darwin/22.0.0"
::ffff:127.0.0.1 - - [23/Sep/2022:10:37:30 +0000] "GET /api/v1/goods/user?limit=100 HTTP/1.0" 304 - "-" "Expo/2.25.3.1015682 CFNetwork/1390 Darwin/22.0.0"
::1 - - [23/Sep/2022:10:37:30 +0000] "GET /api/v1/transactions/basket?limit=100&sort=-createdAt HTTP/1.0" 304 - "-" "Expo/2.25.3.1015682 CFNetwork/1390 Darwin/22.0.0"
::ffff:127.0.0.1 - - [23/Sep/2022:10:37:36 +0000] "GET /api/v1/users/632c16cb88be787a3eb808cf HTTP/1.0" 304 - "-" "Expo/2.25.3.1015682 CFNetwork/1390 Darwin/22.0.0"
::1 - - [23/Sep/2022:10:38:25 +0000] "GET /api/v1/users/632c16cb88be787a3eb808cf HTTP/1.0" 304 - "-" "Expo/2.25.3.1015682 CFNetwork/1390 Darwin/22.0.0"
::ffff:127.0.0.1 - - [23/Sep/2022:10:38:56 +0000] "GET /api/v1/users/632c16cb88be787a3eb808cf HTTP/1.0" 304 - "-" "Expo/2.25.3.1015682 CFNetwork/1390 Darwin/22.0.0"
::1 - - [23/Sep/2022:10:38:58 +0000] "GET /api/v1/users/632c16cb88be787a3eb808cf HTTP/1.0" 304 - "-" "Expo/2.25.3.1015682 CFNetwork/1390 Darwin/22.0.0"
::1 - - [23/Sep/2022:10:39:01 +0000] "GET /api/v1/categories HTTP/1.0" 304 - "-" "Expo/2.25.3.1015682 CFNetwork/1390 Darwin/22.0.0"
::ffff:127.0.0.1 - - [23/Sep/2022:10:39:01 +0000] "GET /api/v1/transactions/basket?limit=100&sort=-createdAt HTTP/1.0" 304 - "-" "Expo/2.25.3.1015682 CFNetwork/1390 Darwin/22.0.0"
::ffff:127.0.0.1 - - [23/Sep/2022:10:39:01 +0000] "GET /api/v1/goods/user?limit=100 HTTP/1.0" 304 - "-" "Expo/2.25.3.1015682 CFNetwork/1390 Darwin/22.0.0"
::1 - - [23/Sep/2022:10:39:02 +0000] "GET /api/v1/users/632c16cb88be787a3eb808cf HTTP/1.0" 304 - "-" "Expo/2.25.3.1015682 CFNetwork/1390 Darwin/22.0.0"
::ffff:127.0.0.1 - - [23/Sep/2022:10:39:02 +0000] "GET /api/v1/transactions/basket?limit=100&sort=-createdAt HTTP/1.0" 304 - "-" "Expo/2.25.3.1015682 CFNetwork/1390 Darwin/22.0.0"
::1 - - [23/Sep/2022:10:39:02 +0000] "GET /api/v1/goods/user?limit=100 HTTP/1.0" 304 - "-" "Expo/2.25.3.1015682 CFNetwork/1390 Darwin/22.0.0"
::ffff:127.0.0.1 - - [23/Sep/2022:10:39:07 +0000] "GET /api/v1/users/632c16cb88be787a3eb808cf HTTP/1.0" 304 - "-" "Expo/2.25.3.1015682 CFNetwork/1390 Darwin/22.0.0"
::ffff:127.0.0.1 - - [23/Sep/2022:10:39:11 +0000] "GET /api/v1/categories HTTP/1.0" 304 - "-" "Expo/2.25.3.1015682 CFNetwork/1390 Darwin/22.0.0"
::1 - - [23/Sep/2022:10:39:11 +0000] "GET /api/v1/transactions/basket?limit=100&sort=-createdAt HTTP/1.0" 304 - "-" "Expo/2.25.3.1015682 CFNetwork/1390 Darwin/22.0.0"
::1 - - [23/Sep/2022:10:39:11 +0000] "GET /api/v1/goods/user?limit=100 HTTP/1.0" 304 - "-" "Expo/2.25.3.1015682 CFNetwork/1390 Darwin/22.0.0"
::ffff:127.0.0.1 - - [23/Sep/2022:10:39:11 +0000] "GET /api/v1/users/632c16cb88be787a3eb808cf HTTP/1.0" 304 - "-" "Expo/2.25.3.1015682 CFNetwork/1390 Darwin/22.0.0"
::ffff:127.0.0.1 - - [23/Sep/2022:10:39:11 +0000] "GET /api/v1/transactions/basket?limit=100&sort=-createdAt HTTP/1.0" 304 - "-" "Expo/2.25.3.1015682 CFNetwork/1390 Darwin/22.0.0"
::1 - - [23/Sep/2022:10:39:11 +0000] "GET /api/v1/goods/user?limit=100 HTTP/1.0" 304 - "-" "Expo/2.25.3.1015682 CFNetwork/1390 Darwin/22.0.0"
::1 - - [23/Sep/2022:10:39:42 +0000] "GET /api/v1/users/632c16cb88be787a3eb808cf HTTP/1.0" 304 - "-" "Expo/2.25.3.1015682 CFNetwork/1390 Darwin/22.0.0"
::ffff:127.0.0.1 - - [23/Sep/2022:10:39:42 +0000] "GET /api/v1/users/632c16cb88be787a3eb808cf?select=deadline HTTP/1.0" 304 - "-" "Expo/2.25.3.1015682 CFNetwork/1390 Darwin/22.0.0"
::1 - - [23/Sep/2022:10:39:53 +0000] "GET /api/v1/users/632c16cb88be787a3eb808cf?select=deadline HTTP/1.0" 304 - "-" "Expo/2.25.3.1015682 CFNetwork/1390 Darwin/22.0.0"
::1 - - [23/Sep/2022:10:39:55 +0000] "GET /api/v1/users/632c16cb88be787a3eb808cf?select=deadline HTTP/1.0" 304 - "-" "Expo/2.25.3.1015682 CFNetwork/1390 Darwin/22.0.0"
::ffff:127.0.0.1 - - [23/Sep/2022:10:39:55 +0000] "GET /api/v1/templates?createUser=632c16cb88be787a3eb808cf HTTP/1.0" 304 - "-" "Expo/2.25.3.1015682 CFNetwork/1390 Darwin/22.0.0"
::1 - - [23/Sep/2022:10:39:55 +0000] "GET /api/v1/users/632c16cb88be787a3eb808cf?select=deadline HTTP/1.0" 304 - "-" "Expo/2.25.3.1015682 CFNetwork/1390 Darwin/22.0.0"
::ffff:127.0.0.1 - - [23/Sep/2022:10:39:55 +0000] "GET /api/v1/templates?createUser=632c16cb88be787a3eb808cf HTTP/1.0" 304 - "-" "Expo/2.25.3.1015682 CFNetwork/1390 Darwin/22.0.0"
::ffff:127.0.0.1 - - [23/Sep/2022:10:41:01 +0000] "GET /api/v1/users/632c16cb88be787a3eb808cf?select=deadline HTTP/1.0" 304 - "-" "Expo/2.25.3.1015682 CFNetwork/1390 Darwin/22.0.0"
::1 - - [23/Sep/2022:10:41:01 +0000] "GET /api/v1/wallets/632c16cb88be787a3eb808cf HTTP/1.0" 400 116 "-" "Expo/2.25.3.1015682 CFNetwork/1390 Darwin/22.0.0"
::ffff:127.0.0.1 - - [23/Sep/2022:10:41:55 +0000] "GET /api/v1/users/632c16cb88be787a3eb808cf?select=deadline HTTP/1.0" 304 - "-" "Expo/2.25.3.1015682 CFNetwork/1390 Darwin/22.0.0"
::1 - - [23/Sep/2022:10:42:13 +0000] "GET /api/v1/users/632c16cb88be787a3eb808cf?select=deadline HTTP/1.0" 304 - "-" "Expo/2.25.3.1015682 CFNetwork/1390 Darwin/22.0.0"
::ffff:127.0.0.1 - - [23/Sep/2022:10:42:13 +0000] "GET /api/v1/users/632c16cb88be787a3eb808cf HTTP/1.0" 304 - "-" "Expo/2.25.3.1015682 CFNetwork/1390 Darwin/22.0.0"
::1 - - [23/Sep/2022:10:42:14 +0000] "GET /api/v1/users/632c16cb88be787a3eb808cf HTTP/1.0" 304 - "-" "Expo/2.25.3.1015682 CFNetwork/1390 Darwin/22.0.0"
::ffff:127.0.0.1 - - [23/Sep/2022:10:42:27 +0000] "GET /api/v1/users/632c16cb88be787a3eb808cf HTTP/1.0" 304 - "-" "Expo/2.25.3.1015682 CFNetwork/1390 Darwin/22.0.0"
::1 - - [23/Sep/2022:10:42:27 +0000] "GET /api/v1/users/632c16cb88be787a3eb808cf?select=deadline HTTP/1.0" 304 - "-" "Expo/2.25.3.1015682 CFNetwork/1390 Darwin/22.0.0"
::ffff:127.0.0.1 - - [23/Sep/2022:10:44:15 +0000] "GET /api/v1/users/632c16cb88be787a3eb808cf?select=deadline HTTP/1.0" 304 - "-" "Expo/2.25.3.1015682 CFNetwork/1390 Darwin/22.0.0"
::1 - - [23/Sep/2022:10:44:37 +0000] "GET /api/v1/users/632c16cb88be787a3eb808cf?select=deadline HTTP/1.0" 304 - "-" "Expo/2.25.3.1015682 CFNetwork/1390 Darwin/22.0.0"
::ffff:127.0.0.1 - - [23/Sep/2022:10:45:15 +0000] "GET / HTTP/1.0" 404 139 "-" "Mozilla/5.0 zgrab/0.x"
::1 - - [23/Sep/2022:10:45:17 +0000] "GET /api/v1/users/632c16cb88be787a3eb808cf?select=deadline HTTP/1.0" 304 - "-" "Expo/2.25.3.1015682 CFNetwork/1390 Darwin/22.0.0"
::ffff:127.0.0.1 - - [23/Sep/2022:10:45:18 +0000] "GET /api/v1/users/632c16cb88be787a3eb808cf?select=deadline HTTP/1.0" 304 - "-" "Expo/2.25.3.1015682 CFNetwork/1390 Darwin/22.0.0"
::1 - - [23/Sep/2022:10:46:36 +0000] "POST / HTTP/1.0" 404 140 "-" "Mozilla/5.0 (X11; Linux x86_64) AppleWebKit/537.36 (KHTML, like Gecko) Chrome/81.0.4044.129 Safari/537.36"
::ffff:127.0.0.1 - - [23/Sep/2022:10:46:37 +0000] "GET /.env HTTP/1.0" 404 143 "-" "Mozilla/5.0 (X11; Linux x86_64) AppleWebKit/537.36 (KHTML, like Gecko) Chrome/81.0.4044.129 Safari/537.36"
::1 - - [23/Sep/2022:10:50:43 +0000] "GET /api/v1/categories HTTP/1.0" 304 - "-" "Expo/2.25.3.1015682 CFNetwork/1390 Darwin/22.0.0"
::ffff:127.0.0.1 - - [23/Sep/2022:10:50:43 +0000] "GET /api/v1/transactions/basket?limit=100&sort=-createdAt HTTP/1.0" 304 - "-" "Expo/2.25.3.1015682 CFNetwork/1390 Darwin/22.0.0"
