::ffff:127.0.0.1 - - [27/Jul/2022:22:53:35 +0000] "GET /api/v1/transactions/basket?limit=100&sort=-createdAt HTTP/1.0" 200 107 "-" "Expo/2.24.3.1014878 CFNetwork/1331.0.7 Darwin/21.4.0"
::1 - - [27/Jul/2022:22:53:35 +0000] "GET /api/v1/transactions/basket?limit=100&sort=-createdAt HTTP/1.0" 200 107 "-" "Expo/2.24.3.1014878 CFNetwork/1331.0.7 Darwin/21.4.0"
::ffff:127.0.0.1 - - [27/Jul/2022:22:53:59 +0000] "GET /api/v1/bills/user?limit=1000&sort=-createdAt HTTP/1.0" 200 2334 "-" "Expo/2.24.3.1014878 CFNetwork/1331.0.7 Darwin/21.4.0"
::ffff:127.0.0.1 - - [27/Jul/2022:22:53:59 +0000] "GET /api/v1/transactions/basket?limit=100&sort=-createdAt HTTP/1.0" 304 - "-" "Expo/2.24.3.1014878 CFNetwork/1331.0.7 Darwin/21.4.0"
::1 - - [27/Jul/2022:22:53:59 +0000] "GET /api/v1/goods/user?limit=100 HTTP/1.0" 200 878 "-" "Expo/2.24.3.1014878 CFNetwork/1331.0.7 Darwin/21.4.0"
::1 - - [27/Jul/2022:22:56:01 +0000] "GET /api/v1/templates?createUser=userID HTTP/1.0" 500 259 "-" "Expo/2.24.3.1014878 CFNetwork/1331.0.7 Darwin/21.4.0"
::ffff:127.0.0.1 - - [27/Jul/2022:22:56:01 +0000] "GET /api/v1/bills/user?limit=1000&sort=-createdAt HTTP/1.0" 304 - "-" "Expo/2.24.3.1014878 CFNetwork/1331.0.7 Darwin/21.4.0"
::1 - - [27/Jul/2022:22:56:42 +0000] "GET /api/v1/templates?createUser=62e190554b89a6d4c7411f08 HTTP/1.0" 200 282 "-" "Expo/2.24.3.1014878 CFNetwork/1331.0.7 Darwin/21.4.0"
::ffff:127.0.0.1 - - [27/Jul/2022:22:57:10 +0000] "GET /api/v1/goods/user?limit=100 HTTP/1.0" 304 - "-" "Expo/2.24.3.1014878 CFNetwork/1331.0.7 Darwin/21.4.0"
::1 - - [27/Jul/2022:22:57:10 +0000] "GET /api/v1/templates?createUser=62e190554b89a6d4c7411f08 HTTP/1.0" 304 - "-" "Expo/2.24.3.1014878 CFNetwork/1331.0.7 Darwin/21.4.0"
::ffff:127.0.0.1 - - [27/Jul/2022:22:57:10 +0000] "GET /api/v1/transactions/basket?limit=100&sort=-createdAt HTTP/1.0" 304 - "-" "Expo/2.24.3.1014878 CFNetwork/1331.0.7 Darwin/21.4.0"
::1 - - [27/Jul/2022:22:57:12 +0000] "POST /api/v1/transactions HTTP/1.0" 200 257 "-" "Expo/2.24.3.1014878 CFNetwork/1331.0.7 Darwin/21.4.0"
::ffff:127.0.0.1 - - [27/Jul/2022:22:57:12 +0000] "GET /api/v1/transactions/basket?limit=100&sort=-createdAt HTTP/1.0" 200 440 "-" "Expo/2.24.3.1014878 CFNetwork/1331.0.7 Darwin/21.4.0"
::1 - - [27/Jul/2022:22:57:12 +0000] "GET /api/v1/transactions/basket?limit=100&sort=-createdAt HTTP/1.0" 200 440 "-" "Expo/2.24.3.1014878 CFNetwork/1331.0.7 Darwin/21.4.0"
::ffff:127.0.0.1 - - [27/Jul/2022:22:57:14 +0000] "POST /api/v1/transactions HTTP/1.0" 200 256 "-" "Expo/2.24.3.1014878 CFNetwork/1331.0.7 Darwin/21.4.0"
::1 - - [27/Jul/2022:22:57:15 +0000] "GET /api/v1/transactions/basket?limit=100&sort=-createdAt HTTP/1.0" 200 749 "-" "Expo/2.24.3.1014878 CFNetwork/1331.0.7 Darwin/21.4.0"
::ffff:127.0.0.1 - - [27/Jul/2022:22:57:15 +0000] "GET /api/v1/transactions/basket?limit=100&sort=-createdAt HTTP/1.0" 200 749 "-" "Expo/2.24.3.1014878 CFNetwork/1331.0.7 Darwin/21.4.0"
::1 - - [27/Jul/2022:22:57:23 +0000] "POST /api/v1/bills/receipt HTTP/1.0" 200 286 "-" "Expo/2.24.3.1014878 CFNetwork/1331.0.7 Darwin/21.4.0"
::ffff:127.0.0.1 - - [27/Jul/2022:22:57:23 +0000] "GET /api/v1/transactions/basket?limit=100&sort=-createdAt HTTP/1.0" 200 107 "-" "Expo/2.24.3.1014878 CFNetwork/1331.0.7 Darwin/21.4.0"
::1 - - [27/Jul/2022:22:57:23 +0000] "POST /api/v1/templates HTTP/1.0" 200 199 "-" "Expo/2.24.3.1014878 CFNetwork/1331.0.7 Darwin/21.4.0"
::ffff:127.0.0.1 - - [27/Jul/2022:22:57:23 +0000] "GET /api/v1/transactions/basket?limit=100&sort=-createdAt HTTP/1.0" 200 107 "-" "Expo/2.24.3.1014878 CFNetwork/1331.0.7 Darwin/21.4.0"
::ffff:127.0.0.1 - - [27/Jul/2022:22:58:42 +0000] "GET /api/v1/transactions/basket?limit=100&sort=-createdAt HTTP/1.0" 304 - "-" "Expo/2.24.3.1014878 CFNetwork/1331.0.7 Darwin/21.4.0"
::1 - - [27/Jul/2022:22:58:42 +0000] "GET /api/v1/templates?createUser=62e190554b89a6d4c7411f08 HTTP/1.0" 200 458 "-" "Expo/2.24.3.1014878 CFNetwork/1331.0.7 Darwin/21.4.0"
::1 - - [27/Jul/2022:22:58:42 +0000] "GET /api/v1/goods/user?limit=100 HTTP/1.0" 200 879 "-" "Expo/2.24.3.1014878 CFNetwork/1331.0.7 Darwin/21.4.0"
::ffff:127.0.0.1 - - [27/Jul/2022:22:59:06 +0000] "GET /api/v1/templates?createUser=62e190554b89a6d4c7411f08 HTTP/1.0" 304 - "-" "Expo/2.24.3.1014878 CFNetwork/1331.0.7 Darwin/21.4.0"
::1 - - [27/Jul/2022:22:59:13 +0000] "GET /api/v1/templates?createUser=62e190554b89a6d4c7411f08 HTTP/1.0" 304 - "-" "Expo/2.24.3.1014878 CFNetwork/1331.0.7 Darwin/21.4.0"
::ffff:127.0.0.1 - - [27/Jul/2022:22:59:18 +0000] "GET /api/v1/templates?createUser=62e190554b89a6d4c7411f08 HTTP/1.0" 304 - "-" "Expo/2.24.3.1014878 CFNetwork/1331.0.7 Darwin/21.4.0"
::1 - - [27/Jul/2022:22:59:22 +0000] "GET /api/v1/templates?createUser=62e190554b89a6d4c7411f08 HTTP/1.0" 304 - "-" "Expo/2.24.3.1014878 CFNetwork/1331.0.7 Darwin/21.4.0"
::ffff:127.0.0.1 - - [27/Jul/2022:22:59:29 +0000] "GET /api/v1/templates?createUser=62e190554b89a6d4c7411f08 HTTP/1.0" 304 - "-" "Expo/2.24.3.1014878 CFNetwork/1331.0.7 Darwin/21.4.0"
::1 - - [27/Jul/2022:23:00:18 +0000] "GET /api/v1/templates?createUser=62e190554b89a6d4c7411f08 HTTP/1.0" 304 - "-" "Expo/2.24.3.1014878 CFNetwork/1331.0.7 Darwin/21.4.0"
::ffff:127.0.0.1 - - [27/Jul/2022:23:00:47 +0000] "GET /api/v1/templates?createUser=62e190554b89a6d4c7411f08 HTTP/1.0" 304 - "-" "Expo/2.24.3.1014878 CFNetwork/1331.0.7 Darwin/21.4.0"
::1 - - [27/Jul/2022:23:00:54 +0000] "GET /.env HTTP/1.0" 404 143 "-" "Mozilla/5.0 (X11; Linux x86_64) AppleWebKit/537.36 (KHTML, like Gecko) Chrome/81.0.4044.129 Safari/537.36"
::ffff:127.0.0.1 - - [27/Jul/2022:23:02:04 +0000] "GET /api/v1/transactions/user?template=62e1c2d399e2a94b91d42d4d HTTP/1.0" 200 117 "-" "Expo/2.24.3.1014878 CFNetwork/1331.0.7 Darwin/21.4.0"
::ffff:127.0.0.1 - - [27/Jul/2022:23:02:11 +0000] "GET /api/v1/categories HTTP/1.0" 304 - "-" "Expo/2.24.3.1014878 CFNetwork/1331.0.7 Darwin/21.4.0"
::1 - - [27/Jul/2022:23:02:11 +0000] "GET /api/v1/transactions/basket?limit=100&sort=-createdAt HTTP/1.0" 304 - "-" "Expo/2.24.3.1014878 CFNetwork/1331.0.7 Darwin/21.4.0"
::1 - - [27/Jul/2022:23:02:11 +0000] "GET /api/v1/goods/user?limit=100 HTTP/1.0" 304 - "-" "Expo/2.24.3.1014878 CFNetwork/1331.0.7 Darwin/21.4.0"
::1 - - [27/Jul/2022:23:02:15 +0000] "GET /api/v1/templates?createUser=62e190554b89a6d4c7411f08 HTTP/1.0" 304 - "-" "Expo/2.24.3.1014878 CFNetwork/1331.0.7 Darwin/21.4.0"
::ffff:127.0.0.1 - - [27/Jul/2022:23:02:15 +0000] "GET /api/v1/transactions/basket?limit=100&sort=-createdAt HTTP/1.0" 304 - "-" "Expo/2.24.3.1014878 CFNetwork/1331.0.7 Darwin/21.4.0"
::ffff:127.0.0.1 - - [27/Jul/2022:23:02:15 +0000] "GET /api/v1/goods/user?limit=100 HTTP/1.0" 304 - "-" "Expo/2.24.3.1014878 CFNetwork/1331.0.7 Darwin/21.4.0"
::1 - - [27/Jul/2022:23:02:18 +0000] "GET /api/v1/transactions/user?template=62e1c2d399e2a94b91d42d4d HTTP/1.0" 304 - "-" "Expo/2.24.3.1014878 CFNetwork/1331.0.7 Darwin/21.4.0"
::ffff:127.0.0.1 - - [27/Jul/2022:23:02:18 +0000] "GET /api/v1/templates?createUser=62e190554b89a6d4c7411f08 HTTP/1.0" 304 - "-" "Expo/2.24.3.1014878 CFNetwork/1331.0.7 Darwin/21.4.0"
::1 - - [27/Jul/2022:23:02:32 +0000] "GET /api/v1/transactions/user?template=62e1c2d399e2a94b91d42d4d HTTP/1.0" 304 - "-" "Expo/2.24.3.1014878 CFNetwork/1331.0.7 Darwin/21.4.0"
::ffff:127.0.0.1 - - [27/Jul/2022:23:02:52 +0000] "GET /api/v1/transactions/user?template=62e1c2d399e2a94b91d42d4d HTTP/1.0" 304 - "-" "Expo/2.24.3.1014878 CFNetwork/1331.0.7 Darwin/21.4.0"
::1 - - [27/Jul/2022:23:03:02 +0000] "GET /api/v1/transactions/user?template=62e1c2d399e2a94b91d42d4d HTTP/1.0" 304 - "-" "Expo/2.24.3.1014878 CFNetwork/1331.0.7 Darwin/21.4.0"
::ffff:127.0.0.1 - - [27/Jul/2022:23:03:44 +0000] "GET /api/v1/transactions/user?template=62e1c2d399e2a94b91d42d4d HTTP/1.0" 304 - "-" "Expo/2.24.3.1014878 CFNetwork/1331.0.7 Darwin/21.4.0"
::1 - - [27/Jul/2022:23:03:52 +0000] "GET /api/v1/transactions/user?template=62e1bf7644f37a50a8f260c1 HTTP/1.0" 200 117 "-" "Expo/2.24.3.1014878 CFNetwork/1331.0.7 Darwin/21.4.0"
::ffff:127.0.0.1 - - [27/Jul/2022:23:03:55 +0000] "GET /api/v1/transactions/user?template=62e1bf7644f37a50a8f260c1 HTTP/1.0" 304 - "-" "Expo/2.24.3.1014878 CFNetwork/1331.0.7 Darwin/21.4.0"
::1 - - [27/Jul/2022:23:04:16 +0000] "GET /api/v1/transactions/user?template=62e1c2d399e2a94b91d42d4d HTTP/1.0" 304 - "-" "Expo/2.24.3.1014878 CFNetwork/1331.0.7 Darwin/21.4.0"
::ffff:127.0.0.1 - - [27/Jul/2022:23:04:18 +0000] "GET /api/v1/bills/user?limit=1000&sort=-createdAt HTTP/1.0" 200 2597 "-" "Expo/2.24.3.1014878 CFNetwork/1331.0.7 Darwin/21.4.0"
::1 - - [27/Jul/2022:23:04:20 +0000] "GET /api/v1/bills/user?limit=1000&sort=-createdAt HTTP/1.0" 304 - "-" "Expo/2.24.3.1014878 CFNetwork/1331.0.7 Darwin/21.4.0"
::ffff:127.0.0.1 - - [27/Jul/2022:23:04:35 +0000] "GET /api/v1/templates?createUser=62e190554b89a6d4c7411f08 HTTP/1.0" 304 - "-" "Expo/2.24.3.1014878 CFNetwork/1331.0.7 Darwin/21.4.0"
::1 - - [27/Jul/2022:23:04:38 +0000] "GET /api/v1/templates?createUser=62e190554b89a6d4c7411f08 HTTP/1.0" 304 - "-" "Expo/2.24.3.1014878 CFNetwork/1331.0.7 Darwin/21.4.0"
::ffff:127.0.0.1 - - [27/Jul/2022:23:04:38 +0000] "GET /api/v1/users/logout HTTP/1.0" 200 39 "-" "Expo/2.24.3.1014878 CFNetwork/1331.0.7 Darwin/21.4.0"
::1 - - [27/Jul/2022:23:05:13 +0000] "POST /api/v1/users/login HTTP/1.0" 200 561 "-" "Expo/2.24.3.1014878 CFNetwork/1331.0.7 Darwin/21.4.0"
::ffff:127.0.0.1 - - [27/Jul/2022:23:05:13 +0000] "GET /api/v1/categories HTTP/1.0" 304 - "-" "Expo/2.24.3.1014878 CFNetwork/1331.0.7 Darwin/21.4.0"
::ffff:127.0.0.1 - - [27/Jul/2022:23:05:14 +0000] "GET /api/v1/transactions/basket?limit=100&sort=-createdAt HTTP/1.0" 304 - "-" "Expo/2.24.3.1014878 CFNetwork/1331.0.7 Darwin/21.4.0"
::1 - - [27/Jul/2022:23:05:14 +0000] "GET /api/v1/goods/user?limit=100 HTTP/1.0" 200 955 "-" "Expo/2.24.3.1014878 CFNetwork/1331.0.7 Darwin/21.4.0"
::ffff:127.0.0.1 - - [27/Jul/2022:23:05:17 +0000] "GET /api/v1/templates?createUser=62cb9602a401ba50b0500b91 HTTP/1.0" 200 1830 "-" "Expo/2.24.3.1014878 CFNetwork/1331.0.7 Darwin/21.4.0"
::1 - - [27/Jul/2022:23:05:17 +0000] "GET /api/v1/transactions/basket?limit=100&sort=-createdAt HTTP/1.0" 304 - "-" "Expo/2.24.3.1014878 CFNetwork/1331.0.7 Darwin/21.4.0"
::1 - - [27/Jul/2022:23:05:17 +0000] "GET /api/v1/goods/user?limit=100 HTTP/1.0" 304 - "-" "Expo/2.24.3.1014878 CFNetwork/1331.0.7 Darwin/21.4.0"
::ffff:127.0.0.1 - - [27/Jul/2022:23:05:29 +0000] "GET /api/v1/transactions/user?template=62e1a57552f3112efc727f8f HTTP/1.0" 200 117 "-" "Expo/2.24.3.1014878 CFNetwork/1331.0.7 Darwin/21.4.0"
::1 - - [27/Jul/2022:23:05:29 +0000] "GET /api/v1/templates?createUser=62cb9602a401ba50b0500b91 HTTP/1.0" 304 - "-" "Expo/2.24.3.1014878 CFNetwork/1331.0.7 Darwin/21.4.0"
::ffff:127.0.0.1 - - [27/Jul/2022:23:05:34 +0000] "GET /.env HTTP/1.0" 404 143 "-" "Mozilla/5.0 (X11; Linux x86_64) AppleWebKit/537.36 (KHTML, like Gecko) Chrome/81.0.4044.129 Safari/537.36"
::1 - - [27/Jul/2022:23:05:35 +0000] "POST / HTTP/1.0" 404 140 "-" "Mozilla/5.0 (X11; Linux x86_64) AppleWebKit/537.36 (KHTML, like Gecko) Chrome/81.0.4044.129 Safari/537.36"
::ffff:127.0.0.1 - - [27/Jul/2022:23:05:39 +0000] "GET /api/v1/transactions/user?template=62e1a57552f3112efc727f8f HTTP/1.0" 304 - "-" "Expo/2.24.3.1014878 CFNetwork/1331.0.7 Darwin/21.4.0"
::1 - - [27/Jul/2022:23:05:44 +0000] "GET /api/v1/templates?createUser=62cb9602a401ba50b0500b91 HTTP/1.0" 304 - "-" "Expo/2.24.3.1014878 CFNetwork/1331.0.7 Darwin/21.4.0"
::1 - - [27/Jul/2022:23:05:44 +0000] "GET /api/v1/templates?createUser=62cb9602a401ba50b0500b91 HTTP/1.0" 304 - "-" "Expo/2.24.3.1014878 CFNetwork/1331.0.7 Darwin/21.4.0"
::ffff:127.0.0.1 - - [27/Jul/2022:23:05:44 +0000] "GET /api/v1/transactions/user?template=62e1b9524362f020840eef74 HTTP/1.0" 200 954 "-" "Expo/2.24.3.1014878 CFNetwork/1331.0.7 Darwin/21.4.0"
::ffff:127.0.0.1 - - [27/Jul/2022:23:05:51 +0000] "GET /api/v1/templates?createUser=62cb9602a401ba50b0500b91 HTTP/1.0" 304 - "-" "Expo/2.24.3.1014878 CFNetwork/1331.0.7 Darwin/21.4.0"
::1 - - [27/Jul/2022:23:05:59 +0000] "GET /api/v1/templates?createUser=62cb9602a401ba50b0500b91 HTTP/1.0" 304 - "-" "Expo/2.24.3.1014878 CFNetwork/1331.0.7 Darwin/21.4.0"
::ffff:127.0.0.1 - - [27/Jul/2022:23:06:01 +0000] "GET /api/v1/transactions/user?template=62e1a6e8de908428204d0aa4 HTTP/1.0" 200 117 "-" "Expo/2.24.3.1014878 CFNetwork/1331.0.7 Darwin/21.4.0"
::1 - - [27/Jul/2022:23:06:01 +0000] "GET /api/v1/templates?createUser=62cb9602a401ba50b0500b91 HTTP/1.0" 304 - "-" "Expo/2.24.3.1014878 CFNetwork/1331.0.7 Darwin/21.4.0"
::ffff:127.0.0.1 - - [27/Jul/2022:23:06:03 +0000] "GET /api/v1/templates?createUser=62cb9602a401ba50b0500b91 HTTP/1.0" 304 - "-" "Expo/2.24.3.1014878 CFNetwork/1331.0.7 Darwin/21.4.0"
::1 - - [27/Jul/2022:23:06:04 +0000] "GET /api/v1/transactions/user?template=62e1a57552f3112efc727f8f HTTP/1.0" 304 - "-" "Expo/2.24.3.1014878 CFNetwork/1331.0.7 Darwin/21.4.0"
::ffff:127.0.0.1 - - [27/Jul/2022:23:06:04 +0000] "GET /api/v1/templates?createUser=62cb9602a401ba50b0500b91 HTTP/1.0" 304 - "-" "Expo/2.24.3.1014878 CFNetwork/1331.0.7 Darwin/21.4.0"
::1 - - [27/Jul/2022:23:06:06 +0000] "GET /api/v1/templates?createUser=62cb9602a401ba50b0500b91 HTTP/1.0" 304 - "-" "Expo/2.24.3.1014878 CFNetwork/1331.0.7 Darwin/21.4.0"
::ffff:127.0.0.1 - - [27/Jul/2022:23:06:07 +0000] "GET /api/v1/transactions/user?template=62e1a6e8de908428204d0aa4 HTTP/1.0" 304 - "-" "Expo/2.24.3.1014878 CFNetwork/1331.0.7 Darwin/21.4.0"
::1 - - [27/Jul/2022:23:06:07 +0000] "GET /api/v1/templates?createUser=62cb9602a401ba50b0500b91 HTTP/1.0" 304 - "-" "Expo/2.24.3.1014878 CFNetwork/1331.0.7 Darwin/21.4.0"
::ffff:127.0.0.1 - - [27/Jul/2022:23:06:07 +0000] "GET / HTTP/1.0" 404 139 "-" "python-requests/2.24.0"
::1 - - [27/Jul/2022:23:06:08 +0000] "GET /api/v1/templates?createUser=62cb9602a401ba50b0500b91 HTTP/1.0" 304 - "-" "Expo/2.24.3.1014878 CFNetwork/1331.0.7 Darwin/21.4.0"
::1 - - [27/Jul/2022:23:06:09 +0000] "GET /api/v1/templates?createUser=62cb9602a401ba50b0500b91 HTTP/1.0" 304 - "-" "Expo/2.24.3.1014878 CFNetwork/1331.0.7 Darwin/21.4.0"
::ffff:127.0.0.1 - - [27/Jul/2022:23:06:09 +0000] "GET /api/v1/transactions/user?template=62e1a766df254135e0a5b90f HTTP/1.0" 200 1619 "-" "Expo/2.24.3.1014878 CFNetwork/1331.0.7 Darwin/21.4.0"
::ffff:127.0.0.1 - - [27/Jul/2022:23:06:24 +0000] "GET /api/v1/templates?createUser=62cb9602a401ba50b0500b91 HTTP/1.0" 304 - "-" "Expo/2.24.3.1014878 CFNetwork/1331.0.7 Darwin/21.4.0"
::ffff:127.0.0.1 - - [27/Jul/2022:23:06:24 +0000] "GET /api/v1/templates?createUser=62cb9602a401ba50b0500b91 HTTP/1.0" 304 - "-" "Expo/2.24.3.1014878 CFNetwork/1331.0.7 Darwin/21.4.0"
::1 - - [27/Jul/2022:23:06:24 +0000] "GET /api/v1/transactions/user?template=62e1b9524362f020840eef74 HTTP/1.0" 304 - "-" "Expo/2.24.3.1014878 CFNetwork/1331.0.7 Darwin/21.4.0"
::1 - - [27/Jul/2022:23:11:22 +0000] "GET /api/v1/categories HTTP/1.0" 304 - "-" "Expo/2.24.3.1014878 CFNetwork/1331.0.7 Darwin/21.4.0"
::ffff:127.0.0.1 - - [27/Jul/2022:23:11:22 +0000] "GET /api/v1/transactions/basket?limit=100&sort=-createdAt HTTP/1.0" 304 - "-" "Expo/2.24.3.1014878 CFNetwork/1331.0.7 Darwin/21.4.0"
::ffff:127.0.0.1 - - [27/Jul/2022:23:11:22 +0000] "GET /api/v1/goods/user?limit=100 HTTP/1.0" 304 - "-" "Expo/2.24.3.1014878 CFNetwork/1331.0.7 Darwin/21.4.0"
::1 - - [27/Jul/2022:23:11:34 +0000] "GET /api/v1/transactions/basket?limit=100&sort=-createdAt HTTP/1.0" 304 - "-" "Expo/2.24.3.1014878 CFNetwork/1331.0.7 Darwin/21.4.0"
::ffff:127.0.0.1 - - [27/Jul/2022:23:11:34 +0000] "GET /api/v1/goods/user?limit=100 HTTP/1.0" 304 - "-" "Expo/2.24.3.1014878 CFNetwork/1331.0.7 Darwin/21.4.0"
::1 - - [27/Jul/2022:23:11:36 +0000] "GET /api/v1/users/logout HTTP/1.0" 304 - "-" "Expo/2.24.3.1014878 CFNetwork/1331.0.7 Darwin/21.4.0"
::ffff:127.0.0.1 - - [27/Jul/2022:23:11:53 +0000] "POST /api/v1/users HTTP/1.0" 200 522 "-" "Expo/2.24.3.1014878 CFNetwork/1331.0.7 Darwin/21.4.0"
::1 - - [27/Jul/2022:23:12:02 +0000] "POST /api/v1/users/login HTTP/1.0" 200 522 "-" "Expo/2.24.3.1014878 CFNetwork/1331.0.7 Darwin/21.4.0"
::ffff:127.0.0.1 - - [27/Jul/2022:23:12:03 +0000] "GET /api/v1/goods/user?limit=100 HTTP/1.0" 200 105 "-" "Expo/2.24.3.1014878 CFNetwork/1331.0.7 Darwin/21.4.0"
::1 - - [27/Jul/2022:23:12:03 +0000] "GET /api/v1/categories HTTP/1.0" 304 - "-" "Expo/2.24.3.1014878 CFNetwork/1331.0.7 Darwin/21.4.0"
::ffff:127.0.0.1 - - [27/Jul/2022:23:12:03 +0000] "GET /api/v1/transactions/basket?limit=100&sort=-createdAt HTTP/1.0" 304 - "-" "Expo/2.24.3.1014878 CFNetwork/1331.0.7 Darwin/21.4.0"
::1 - - [27/Jul/2022:23:12:05 +0000] "GET /api/v1/categories HTTP/1.0" 304 - "-" "Expo/2.24.3.1014878 CFNetwork/1331.0.7 Darwin/21.4.0"
::ffff:127.0.0.1 - - [27/Jul/2022:23:12:05 +0000] "GET /api/v1/goods/user?limit=100 HTTP/1.0" 304 - "-" "Expo/2.24.3.1014878 CFNetwork/1331.0.7 Darwin/21.4.0"
::1 - - [27/Jul/2022:23:12:05 +0000] "GET /api/v1/transactions/basket?limit=100&sort=-createdAt HTTP/1.0" 304 - "-" "Expo/2.24.3.1014878 CFNetwork/1331.0.7 Darwin/21.4.0"
::ffff:127.0.0.1 - - [27/Jul/2022:23:12:32 +0000] "POST /api/v1/goods HTTP/1.0" 200 338 "-" "Expo/2.24.3.1014878 CFNetwork/1331.0.7 Darwin/21.4.0"
::1 - - [27/Jul/2022:23:12:37 +0000] "PUT /api/v1/goods/62e1c66099e2a94b91d42ded/upload-photo HTTP/1.0" 200 60 "-" "Expo/2.24.3.1014878 CFNetwork/1331.0.7 Darwin/21.4.0"
::1 - - [27/Jul/2022:23:12:50 +0000] "GET /api/v1/transactions/basket?limit=100&sort=-createdAt HTTP/1.0" 304 - "-" "Expo/2.24.3.1014878 CFNetwork/1331.0.7 Darwin/21.4.0"
::ffff:127.0.0.1 - - [27/Jul/2022:23:12:50 +0000] "GET /api/v1/categories HTTP/1.0" 304 - "-" "Expo/2.24.3.1014878 CFNetwork/1331.0.7 Darwin/21.4.0"
::ffff:127.0.0.1 - - [27/Jul/2022:23:12:50 +0000] "GET /api/v1/goods/user?limit=100 HTTP/1.0" 200 499 "-" "Expo/2.24.3.1014878 CFNetwork/1331.0.7 Darwin/21.4.0"
::1 - - [27/Jul/2022:23:12:58 +0000] "POST /api/v1/transactions HTTP/1.0" 200 255 "-" "Expo/2.24.3.1014878 CFNetwork/1331.0.7 Darwin/21.4.0"
::ffff:127.0.0.1 - - [27/Jul/2022:23:12:59 +0000] "GET /api/v1/transactions/basket?limit=100&sort=-createdAt HTTP/1.0" 200 439 "-" "Expo/2.24.3.1014878 CFNetwork/1331.0.7 Darwin/21.4.0"
::1 - - [27/Jul/2022:23:12:59 +0000] "GET /api/v1/transactions/basket?limit=100&sort=-createdAt HTTP/1.0" 200 439 "-" "Expo/2.24.3.1014878 CFNetwork/1331.0.7 Darwin/21.4.0"
::ffff:127.0.0.1 - - [27/Jul/2022:23:13:05 +0000] "GET /api/v1/categories HTTP/1.0" 304 - "-" "Expo/2.24.3.1014878 CFNetwork/1331.0.7 Darwin/21.4.0"
::1 - - [27/Jul/2022:23:13:05 +0000] "GET /api/v1/transactions/basket?limit=100&sort=-createdAt HTTP/1.0" 304 - "-" "Expo/2.24.3.1014878 CFNetwork/1331.0.7 Darwin/21.4.0"
::ffff:127.0.0.1 - - [27/Jul/2022:23:13:05 +0000] "GET /api/v1/goods/user?limit=100 HTTP/1.0" 304 - "-" "Expo/2.24.3.1014878 CFNetwork/1331.0.7 Darwin/21.4.0"
::1 - - [27/Jul/2022:23:13:37 +0000] "POST /api/v1/goods HTTP/1.0" 200 340 "-" "Expo/2.24.3.1014878 CFNetwork/1331.0.7 Darwin/21.4.0"
::ffff:127.0.0.1 - - [27/Jul/2022:23:13:39 +0000] "PUT /api/v1/goods/62e1c6a199e2a94b91d42e09/upload-photo HTTP/1.0" 200 60 "-" "Expo/2.24.3.1014878 CFNetwork/1331.0.7 Darwin/21.4.0"
::1 - - [27/Jul/2022:23:13:39 +0000] "GET /api/v1/goods/user?limit=100 HTTP/1.0" 200 896 "-" "Expo/2.24.3.1014878 CFNetwork/1331.0.7 Darwin/21.4.0"
::ffff:127.0.0.1 - - [27/Jul/2022:23:13:39 +0000] "GET /api/v1/transactions/basket?limit=100&sort=-createdAt HTTP/1.0" 304 - "-" "Expo/2.24.3.1014878 CFNetwork/1331.0.7 Darwin/21.4.0"
::1 - - [27/Jul/2022:23:13:46 +0000] "POST /api/v1/transactions HTTP/1.0" 200 257 "-" "Expo/2.24.3.1014878 CFNetwork/1331.0.7 Darwin/21.4.0"
::ffff:127.0.0.1 - - [27/Jul/2022:23:13:46 +0000] "GET /api/v1/transactions/basket?limit=100&sort=-createdAt HTTP/1.0" 200 774 "-" "Expo/2.24.3.1014878 CFNetwork/1331.0.7 Darwin/21.4.0"
::1 - - [27/Jul/2022:23:13:46 +0000] "GET /api/v1/transactions/basket?limit=100&sort=-createdAt HTTP/1.0" 200 774 "-" "Expo/2.24.3.1014878 CFNetwork/1331.0.7 Darwin/21.4.0"
::ffff:127.0.0.1 - - [27/Jul/2022:23:13:53 +0000] "POST /api/v1/bills/receipt HTTP/1.0" 200 285 "-" "Expo/2.24.3.1014878 CFNetwork/1331.0.7 Darwin/21.4.0"
::ffff:127.0.0.1 - - [27/Jul/2022:23:13:53 +0000] "GET /api/v1/transactions/basket?limit=100&sort=-createdAt HTTP/1.0" 200 107 "-" "Expo/2.24.3.1014878 CFNetwork/1331.0.7 Darwin/21.4.0"
::1 - - [27/Jul/2022:23:13:53 +0000] "POST /api/v1/templates HTTP/1.0" 200 201 "-" "Expo/2.24.3.1014878 CFNetwork/1331.0.7 Darwin/21.4.0"
::1 - - [27/Jul/2022:23:13:53 +0000] "GET /api/v1/transactions/basket?limit=100&sort=-createdAt HTTP/1.0" 200 107 "-" "Expo/2.24.3.1014878 CFNetwork/1331.0.7 Darwin/21.4.0"
::ffff:127.0.0.1 - - [27/Jul/2022:23:13:55 +0000] "GET /api/v1/transactions/basket?limit=100&sort=-createdAt HTTP/1.0" 304 - "-" "Expo/2.24.3.1014878 CFNetwork/1331.0.7 Darwin/21.4.0"
::ffff:127.0.0.1 - - [27/Jul/2022:23:13:55 +0000] "GET /api/v1/goods/user?limit=100 HTTP/1.0" 200 900 "-" "Expo/2.24.3.1014878 CFNetwork/1331.0.7 Darwin/21.4.0"
::1 - - [27/Jul/2022:23:13:55 +0000] "GET /api/v1/goods/user?limit=100 HTTP/1.0" 200 900 "-" "Expo/2.24.3.1014878 CFNetwork/1331.0.7 Darwin/21.4.0"
::1 - - [27/Jul/2022:23:13:57 +0000] "GET /api/v1/templates?createUser=62e1c63999e2a94b91d42ddd HTTP/1.0" 200 286 "-" "Expo/2.24.3.1014878 CFNetwork/1331.0.7 Darwin/21.4.0"
::ffff:127.0.0.1 - - [27/Jul/2022:23:13:57 +0000] "GET /api/v1/goods/user?limit=100 HTTP/1.0" 304 - "-" "Expo/2.24.3.1014878 CFNetwork/1331.0.7 Darwin/21.4.0"
::1 - - [27/Jul/2022:23:14:00 +0000] "GET /api/v1/transactions/user?template=62e1c6b199e2a94b91d42e27 HTTP/1.0" 200 117 "-" "Expo/2.24.3.1014878 CFNetwork/1331.0.7 Darwin/21.4.0"
::ffff:127.0.0.1 - - [27/Jul/2022:23:14:00 +0000] "GET /api/v1/templates?createUser=62e1c63999e2a94b91d42ddd HTTP/1.0" 304 - "-" "Expo/2.24.3.1014878 CFNetwork/1331.0.7 Darwin/21.4.0"
::1 - - [27/Jul/2022:23:14:22 +0000] "GET /api/v1/transactions/user HTTP/1.0" 200 1036 "-" "Expo/2.24.3.1014878 CFNetwork/1331.0.7 Darwin/21.4.0"
::ffff:127.0.0.1 - - [27/Jul/2022:23:15:17 +0000] "GET /api/v1/transactions/user?template=62e1c6b199e2a94b91d42e27 HTTP/1.0" 304 - "-" "Expo/2.24.3.1014878 CFNetwork/1331.0.7 Darwin/21.4.0"
::1 - - [27/Jul/2022:23:15:24 +0000] "GET /api/v1/transactions/user?template=62e1c6b199e2a94b91d42e27 HTTP/1.0" 304 - "-" "Expo/2.24.3.1014878 CFNetwork/1331.0.7 Darwin/21.4.0"
::ffff:127.0.0.1 - - [27/Jul/2022:23:15:39 +0000] "GET /api/v1/templates?createUser=62e1c63999e2a94b91d42ddd HTTP/1.0" 304 - "-" "Expo/2.24.3.1014878 CFNetwork/1331.0.7 Darwin/21.4.0"
::1 - - [27/Jul/2022:23:15:40 +0000] "GET /api/v1/templates?createUser=62e1c63999e2a94b91d42ddd HTTP/1.0" 304 - "-" "Expo/2.24.3.1014878 CFNetwork/1331.0.7 Darwin/21.4.0"
::ffff:127.0.0.1 - - [27/Jul/2022:23:15:40 +0000] "GET /api/v1/users/logout HTTP/1.0" 304 - "-" "Expo/2.24.3.1014878 CFNetwork/1331.0.7 Darwin/21.4.0"
::1 - - [27/Jul/2022:23:16:02 +0000] "POST /api/v1/users HTTP/1.0" 200 519 "-" "Expo/2.24.3.1014878 CFNetwork/1331.0.7 Darwin/21.4.0"
::ffff:127.0.0.1 - - [27/Jul/2022:23:16:11 +0000] "POST /api/v1/users/login HTTP/1.0" 200 519 "-" "Expo/2.24.3.1014878 CFNetwork/1331.0.7 Darwin/21.4.0"
::1 - - [27/Jul/2022:23:16:12 +0000] "GET /api/v1/categories HTTP/1.0" 304 - "-" "Expo/2.24.3.1014878 CFNetwork/1331.0.7 Darwin/21.4.0"
::ffff:127.0.0.1 - - [27/Jul/2022:23:16:12 +0000] "GET /api/v1/goods/user?limit=100 HTTP/1.0" 200 105 "-" "Expo/2.24.3.1014878 CFNetwork/1331.0.7 Darwin/21.4.0"
::1 - - [27/Jul/2022:23:16:12 +0000] "GET /api/v1/transactions/basket?limit=100&sort=-createdAt HTTP/1.0" 304 - "-" "Expo/2.24.3.1014878 CFNetwork/1331.0.7 Darwin/21.4.0"
::ffff:127.0.0.1 - - [27/Jul/2022:23:16:49 +0000] "GET /api/v1/transactions/basket?limit=100&sort=-createdAt HTTP/1.0" 304 - "-" "Expo/2.24.3.1014878 CFNetwork/1331.0.7 Darwin/21.4.0"
::1 - - [27/Jul/2022:23:16:49 +0000] "GET /api/v1/categories HTTP/1.0" 304 - "-" "Expo/2.24.3.1014878 CFNetwork/1331.0.7 Darwin/21.4.0"
::ffff:127.0.0.1 - - [27/Jul/2022:23:16:49 +0000] "GET /api/v1/goods/user?limit=100 HTTP/1.0" 304 - "-" "Expo/2.24.3.1014878 CFNetwork/1331.0.7 Darwin/21.4.0"
::1 - - [27/Jul/2022:23:17:21 +0000] "POST /api/v1/goods HTTP/1.0" 200 345 "-" "Expo/2.24.3.1014878 CFNetwork/1331.0.7 Darwin/21.4.0"
::ffff:127.0.0.1 - - [27/Jul/2022:23:17:24 +0000] "PUT /api/v1/goods/62e1c78199e2a94b91d42e5a/upload-photo HTTP/1.0" 200 60 "-" "Expo/2.24.3.1014878 CFNetwork/1331.0.7 Darwin/21.4.0"
::1 - - [27/Jul/2022:23:19:00 +0000] "GET /api/v1/categories HTTP/1.0" 304 - "-" "Expo/2.24.3.1014878 CFNetwork/1331.0.7 Darwin/21.4.0"
::ffff:127.0.0.1 - - [27/Jul/2022:23:19:03 +0000] "GET /api/v1/categories HTTP/1.0" 304 - "-" "Expo/2.24.3.1014878 CFNetwork/1331.0.7 Darwin/21.4.0"
::1 - - [27/Jul/2022:23:19:10 +0000] "GET /api/v1/categories HTTP/1.0" 304 - "-" "Expo/2.24.3.1014878 CFNetwork/1331.0.7 Darwin/21.4.0"
::1 - - [27/Jul/2022:23:19:15 +0000] "GET /api/v1/transactions/basket?limit=100&sort=-createdAt HTTP/1.0" 200 107 "-" "Expo/2.24.3.1014878 CFNetwork/1331.0.7 Darwin/21.4.0"
::ffff:127.0.0.1 - - [27/Jul/2022:23:19:15 +0000] "GET /api/v1/categories HTTP/1.0" 304 - "-" "Expo/2.24.3.1014878 CFNetwork/1331.0.7 Darwin/21.4.0"
::ffff:127.0.0.1 - - [27/Jul/2022:23:19:15 +0000] "GET /api/v1/goods/user?limit=100 HTTP/1.0" 200 506 "-" "Expo/2.24.3.1014878 CFNetwork/1331.0.7 Darwin/21.4.0"
::1 - - [27/Jul/2022:23:19:17 +0000] "GET /api/v1/categories HTTP/1.0" 304 - "-" "Expo/2.24.3.1014878 CFNetwork/1331.0.7 Darwin/21.4.0"
::1 - - [27/Jul/2022:23:19:17 +0000] "GET /api/v1/transactions/basket?limit=100&sort=-createdAt HTTP/1.0" 304 - "-" "Expo/2.24.3.1014878 CFNetwork/1331.0.7 Darwin/21.4.0"
::ffff:127.0.0.1 - - [27/Jul/2022:23:19:17 +0000] "GET /api/v1/goods/user?limit=100 HTTP/1.0" 304 - "-" "Expo/2.24.3.1014878 CFNetwork/1331.0.7 Darwin/21.4.0"
::ffff:127.0.0.1 - - [27/Jul/2022:23:19:42 +0000] "POST /api/v1/goods HTTP/1.0" 200 346 "-" "Expo/2.24.3.1014878 CFNetwork/1331.0.7 Darwin/21.4.0"
::ffff:127.0.0.1 - - [27/Jul/2022:23:19:42 +0000] "POST /api/v1/transactions HTTP/1.0" 200 256 "-" "Expo/2.24.3.1014878 CFNetwork/1331.0.7 Darwin/21.4.0"
::1 - - [27/Jul/2022:23:19:42 +0000] "GET /api/v1/goods/user?limit=100 HTTP/1.0" 200 887 "-" "Expo/2.24.3.1014878 CFNetwork/1331.0.7 Darwin/21.4.0"
::1 - - [27/Jul/2022:23:19:42 +0000] "GET /api/v1/transactions/basket?limit=100&sort=-createdAt HTTP/1.0" 200 417 "-" "Expo/2.24.3.1014878 CFNetwork/1331.0.7 Darwin/21.4.0"
::ffff:127.0.0.1 - - [27/Jul/2022:23:19:49 +0000] "PUT /api/v1/goods/62e1c80e99e2a94b91d42e73/upload-photo HTTP/1.0" 200 60 "-" "Expo/2.24.3.1014878 CFNetwork/1331.0.7 Darwin/21.4.0"
::1 - - [27/Jul/2022:23:19:53 +0000] "POST /api/v1/transactions HTTP/1.0" 200 255 "-" "Expo/2.24.3.1014878 CFNetwork/1331.0.7 Darwin/21.4.0"
::ffff:127.0.0.1 - - [27/Jul/2022:23:19:53 +0000] "GET /api/v1/transactions/basket?limit=100&sort=-createdAt HTTP/1.0" 200 770 "-" "Expo/2.24.3.1014878 CFNetwork/1331.0.7 Darwin/21.4.0"
::1 - - [27/Jul/2022:23:19:53 +0000] "GET /api/v1/transactions/basket?limit=100&sort=-createdAt HTTP/1.0" 200 770 "-" "Expo/2.24.3.1014878 CFNetwork/1331.0.7 Darwin/21.4.0"
::ffff:127.0.0.1 - - [27/Jul/2022:23:22:35 +0000] "POST /api/v1/templates HTTP/1.0" 200 200 "-" "Expo/2.24.3.1014878 CFNetwork/1331.0.7 Darwin/21.4.0"
::1 - - [27/Jul/2022:23:22:39 +0000] "GET /api/v1/templates?createUser=62e1c73199e2a94b91d42e4a HTTP/1.0" 200 285 "-" "Expo/2.24.3.1014878 CFNetwork/1331.0.7 Darwin/21.4.0"
::ffff:127.0.0.1 - - [27/Jul/2022:23:22:39 +0000] "GET /api/v1/transactions/basket?limit=100&sort=-createdAt HTTP/1.0" 200 107 "-" "Expo/2.24.3.1014878 CFNetwork/1331.0.7 Darwin/21.4.0"
::1 - - [27/Jul/2022:23:22:39 +0000] "GET /api/v1/goods/user?limit=100 HTTP/1.0" 200 909 "-" "Expo/2.24.3.1014878 CFNetwork/1331.0.7 Darwin/21.4.0"
::ffff:127.0.0.1 - - [27/Jul/2022:23:22:41 +0000] "GET /api/v1/templates?createUser=62e1c73199e2a94b91d42e4a HTTP/1.0" 304 - "-" "Expo/2.24.3.1014878 CFNetwork/1331.0.7 Darwin/21.4.0"
::1 - - [27/Jul/2022:23:22:41 +0000] "GET /api/v1/transactions/user?template=62e1c8bb99e2a94b91d42e87 HTTP/1.0" 200 916 "-" "Expo/2.24.3.1014878 CFNetwork/1331.0.7 Darwin/21.4.0"
::ffff:127.0.0.1 - - [27/Jul/2022:23:22:57 +0000] "GET /api/v1/goods/user?limit=100 HTTP/1.0" 304 - "-" "Expo/2.24.3.1014878 CFNetwork/1331.0.7 Darwin/21.4.0"
::1 - - [27/Jul/2022:23:23:20 +0000] "GET /api/v1/goods/user?limit=100 HTTP/1.0" 304 - "-" "Expo/2.24.3.1014878 CFNetwork/1331.0.7 Darwin/21.4.0"
::ffff:127.0.0.1 - - [27/Jul/2022:23:23:21 +0000] "GET /api/v1/templates?createUser=62e1c73199e2a94b91d42e4a HTTP/1.0" 304 - "-" "Expo/2.24.3.1014878 CFNetwork/1331.0.7 Darwin/21.4.0"
::1 - - [27/Jul/2022:23:23:22 +0000] "GET /api/v1/transactions/user?template=62e1c8bb99e2a94b91d42e87 HTTP/1.0" 304 - "-" "Expo/2.24.3.1014878 CFNetwork/1331.0.7 Darwin/21.4.0"
::ffff:127.0.0.1 - - [27/Jul/2022:23:23:22 +0000] "GET /api/v1/templates?createUser=62e1c73199e2a94b91d42e4a HTTP/1.0" 304 - "-" "Expo/2.24.3.1014878 CFNetwork/1331.0.7 Darwin/21.4.0"
::1 - - [27/Jul/2022:23:24:15 +0000] "GET /api/v1/transactions/user?template=62e1c8bb99e2a94b91d42e87 HTTP/1.0" 304 - "-" "Expo/2.24.3.1014878 CFNetwork/1331.0.7 Darwin/21.4.0"
::ffff:127.0.0.1 - - [27/Jul/2022:23:24:20 +0000] "GET /api/v1/templates?createUser=62e1c73199e2a94b91d42e4a HTTP/1.0" 304 - "-" "Expo/2.24.3.1014878 CFNetwork/1331.0.7 Darwin/21.4.0"
::1 - - [27/Jul/2022:23:24:20 +0000] "GET /api/v1/transactions/user?template=62e1c8bb99e2a94b91d42e87 HTTP/1.0" 304 - "-" "Expo/2.24.3.1014878 CFNetwork/1331.0.7 Darwin/21.4.0"
::ffff:127.0.0.1 - - [27/Jul/2022:23:24:20 +0000] "GET /api/v1/templates?createUser=62e1c73199e2a94b91d42e4a HTTP/1.0" 304 - "-" "Expo/2.24.3.1014878 CFNetwork/1331.0.7 Darwin/21.4.0"
::1 - - [27/Jul/2022:23:24:26 +0000] "GET /api/v1/transactions/user?template=62e1c8bb99e2a94b91d42e87 HTTP/1.0" 304 - "-" "Expo/2.24.3.1014878 CFNetwork/1331.0.7 Darwin/21.4.0"
::ffff:127.0.0.1 - - [27/Jul/2022:23:24:29 +0000] "GET /api/v1/transactions/user?template=62e1c8bb99e2a94b91d42e87 HTTP/1.0" 304 - "-" "Expo/2.24.3.1014878 CFNetwork/1331.0.7 Darwin/21.4.0"
::1 - - [27/Jul/2022:23:24:43 +0000] "GET /api/v1/transactions/user?template=62e1c8bb99e2a94b91d42e87 HTTP/1.0" 304 - "-" "Expo/2.24.3.1014878 CFNetwork/1331.0.7 Darwin/21.4.0"
::ffff:127.0.0.1 - - [27/Jul/2022:23:25:04 +0000] "GET /api/v1/transactions/user?template=62e1c8bb99e2a94b91d42e87 HTTP/1.0" 304 - "-" "Expo/2.24.3.1014878 CFNetwork/1331.0.7 Darwin/21.4.0"
::1 - - [27/Jul/2022:23:25:20 +0000] "GET /api/v1/goods/user?limit=100 HTTP/1.0" 304 - "-" "Expo/2.24.3.1014878 CFNetwork/1331.0.7 Darwin/21.4.0"
::ffff:127.0.0.1 - - [27/Jul/2022:23:25:20 +0000] "GET /api/v1/transactions/basket?limit=100&sort=-createdAt HTTP/1.0" 304 - "-" "Expo/2.24.3.1014878 CFNetwork/1331.0.7 Darwin/21.4.0"
::ffff:127.0.0.1 - - [27/Jul/2022:23:25:21 +0000] "GET /api/v1/transactions/basket?limit=100&sort=-createdAt HTTP/1.0" 304 - "-" "Expo/2.24.3.1014878 CFNetwork/1331.0.7 Darwin/21.4.0"
::1 - - [27/Jul/2022:23:25:21 +0000] "GET /api/v1/goods/user?limit=100 HTTP/1.0" 304 - "-" "Expo/2.24.3.1014878 CFNetwork/1331.0.7 Darwin/21.4.0"
::1 - - [27/Jul/2022:23:25:26 +0000] "GET /api/v1/transactions/basket?limit=100&sort=-createdAt HTTP/1.0" 304 - "-" "Expo/2.24.3.1014878 CFNetwork/1331.0.7 Darwin/21.4.0"
::ffff:127.0.0.1 - - [27/Jul/2022:23:25:26 +0000] "GET /api/v1/goods/user?limit=100 HTTP/1.0" 304 - "-" "Expo/2.24.3.1014878 CFNetwork/1331.0.7 Darwin/21.4.0"
::1 - - [27/Jul/2022:23:26:53 +0000] "GET /api/v1/transactions/user?template=62e1c8bb99e2a94b91d42e87 HTTP/1.0" 304 - "-" "Expo/2.24.3.1014878 CFNetwork/1331.0.7 Darwin/21.4.0"
::ffff:127.0.0.1 - - [27/Jul/2022:23:26:53 +0000] "POST /api/v1/bills/receipt HTTP/1.0" 200 284 "-" "Expo/2.24.3.1014878 CFNetwork/1331.0.7 Darwin/21.4.0"
::1 - - [27/Jul/2022:23:26:53 +0000] "POST /api/v1/bills/receipt HTTP/1.0" 200 284 "-" "Expo/2.24.3.1014878 CFNetwork/1331.0.7 Darwin/21.4.0"
::ffff:127.0.0.1 - - [27/Jul/2022:23:26:53 +0000] "POST /api/v1/bills/receipt HTTP/1.0" 200 284 "-" "Expo/2.24.3.1014878 CFNetwork/1331.0.7 Darwin/21.4.0"
::1 - - [27/Jul/2022:23:26:54 +0000] "POST /api/v1/bills/receipt HTTP/1.0" 200 284 "-" "Expo/2.24.3.1014878 CFNetwork/1331.0.7 Darwin/21.4.0"
::1 - - [27/Jul/2022:23:26:58 +0000] "GET /api/v1/transactions/basket?limit=100&sort=-createdAt HTTP/1.0" 200 107 "-" "Expo/2.24.3.1014878 CFNetwork/1331.0.7 Darwin/21.4.0"
::ffff:127.0.0.1 - - [27/Jul/2022:23:26:58 +0000] "GET /api/v1/goods/user?limit=100 HTTP/1.0" 200 913 "-" "Expo/2.24.3.1014878 CFNetwork/1331.0.7 Darwin/21.4.0"
::ffff:127.0.0.1 - - [27/Jul/2022:23:27:12 +0000] "GET /api/v1/transactions/user?template=62e1c8bb99e2a94b91d42e87 HTTP/1.0" 200 917 "-" "Expo/2.24.3.1014878 CFNetwork/1331.0.7 Darwin/21.4.0"
::ffff:127.0.0.1 - - [27/Jul/2022:23:27:12 +0000] "POST /api/v1/bills/receipt HTTP/1.0" 200 284 "-" "Expo/2.24.3.1014878 CFNetwork/1331.0.7 Darwin/21.4.0"
::1 - - [27/Jul/2022:23:27:12 +0000] "POST /api/v1/bills/receipt HTTP/1.0" 200 284 "-" "Expo/2.24.3.1014878 CFNetwork/1331.0.7 Darwin/21.4.0"
::ffff:127.0.0.1 - - [27/Jul/2022:23:27:12 +0000] "POST /api/v1/bills/receipt HTTP/1.0" 200 284 "-" "Expo/2.24.3.1014878 CFNetwork/1331.0.7 Darwin/21.4.0"
::1 - - [27/Jul/2022:23:27:12 +0000] "POST /api/v1/bills/receipt HTTP/1.0" 200 284 "-" "Expo/2.24.3.1014878 CFNetwork/1331.0.7 Darwin/21.4.0"
::1 - - [27/Jul/2022:23:27:14 +0000] "GET /api/v1/transactions/user?template=62e1c8bb99e2a94b91d42e87 HTTP/1.0" 200 917 "-" "Expo/2.24.3.1014878 CFNetwork/1331.0.7 Darwin/21.4.0"
::1 - - [27/Jul/2022:23:27:14 +0000] "POST /api/v1/bills/receipt HTTP/1.0" 200 284 "-" "Expo/2.24.3.1014878 CFNetwork/1331.0.7 Darwin/21.4.0"
::ffff:127.0.0.1 - - [27/Jul/2022:23:27:14 +0000] "POST /api/v1/bills/receipt HTTP/1.0" 200 284 "-" "Expo/2.24.3.1014878 CFNetwork/1331.0.7 Darwin/21.4.0"
::ffff:127.0.0.1 - - [27/Jul/2022:23:27:14 +0000] "POST /api/v1/bills/receipt HTTP/1.0" 200 284 "-" "Expo/2.24.3.1014878 CFNetwork/1331.0.7 Darwin/21.4.0"
::1 - - [27/Jul/2022:23:27:14 +0000] "POST /api/v1/bills/receipt HTTP/1.0" 200 284 "-" "Expo/2.24.3.1014878 CFNetwork/1331.0.7 Darwin/21.4.0"
::ffff:127.0.0.1 - - [27/Jul/2022:23:27:24 +0000] "GET /api/v1/transactions/user?template=62e1c8bb99e2a94b91d42e87 HTTP/1.0" 200 917 "-" "Expo/2.24.3.1014878 CFNetwork/1331.0.7 Darwin/21.4.0"
::1 - - [27/Jul/2022:23:27:27 +0000] "POST /api/v1/bills/receipt HTTP/1.0" 200 284 "-" "Expo/2.24.3.1014878 CFNetwork/1331.0.7 Darwin/21.4.0"
::ffff:127.0.0.1 - - [27/Jul/2022:23:27:30 +0000] "POST /api/v1/bills/receipt HTTP/1.0" 200 284 "-" "Expo/2.24.3.1014878 CFNetwork/1331.0.7 Darwin/21.4.0"
::1 - - [27/Jul/2022:23:27:33 +0000] "GET /api/v1/goods/user?limit=100 HTTP/1.0" 200 913 "-" "Expo/2.24.3.1014878 CFNetwork/1331.0.7 Darwin/21.4.0"
::ffff:127.0.0.1 - - [27/Jul/2022:23:27:38 +0000] "GET /api/v1/goods/user?limit=100 HTTP/1.0" 304 - "-" "Expo/2.24.3.1014878 CFNetwork/1331.0.7 Darwin/21.4.0"
::1 - - [27/Jul/2022:23:27:39 +0000] "POST /api/v1/bills/receipt HTTP/1.0" 200 284 "-" "Expo/2.24.3.1014878 CFNetwork/1331.0.7 Darwin/21.4.0"
::ffff:127.0.0.1 - - [27/Jul/2022:23:27:41 +0000] "GET /api/v1/goods/user?limit=100 HTTP/1.0" 200 914 "-" "Expo/2.24.3.1014878 CFNetwork/1331.0.7 Darwin/21.4.0"
::1 - - [27/Jul/2022:23:28:08 +0000] "GET /api/v1/goods/user?limit=100 HTTP/1.0" 304 - "-" "Expo/2.24.3.1014878 CFNetwork/1331.0.7 Darwin/21.4.0"
::ffff:127.0.0.1 - - [27/Jul/2022:23:28:09 +0000] "POST /api/v1/bills/receipt HTTP/1.0" 200 284 "-" "Expo/2.24.3.1014878 CFNetwork/1331.0.7 Darwin/21.4.0"
::1 - - [27/Jul/2022:23:28:10 +0000] "GET /api/v1/templates?createUser=62e1c73199e2a94b91d42e4a HTTP/1.0" 304 - "-" "Expo/2.24.3.1014878 CFNetwork/1331.0.7 Darwin/21.4.0"
::ffff:127.0.0.1 - - [27/Jul/2022:23:30:13 +0000] "GET /api/v1/templates?createUser=62e1c73199e2a94b91d42e4a HTTP/1.0" 304 - "-" "Expo/2.24.3.1014878 CFNetwork/1331.0.7 Darwin/21.4.0"
::1 - - [27/Jul/2022:23:30:13 +0000] "GET /api/v1/goods/user?limit=100 HTTP/1.0" 200 914 "-" "Expo/2.24.3.1014878 CFNetwork/1331.0.7 Darwin/21.4.0"
::ffff:127.0.0.1 - - [27/Jul/2022:23:30:14 +0000] "GET /api/v1/transactions/basket?limit=100&sort=-createdAt HTTP/1.0" 200 107 "-" "Expo/2.24.3.1014878 CFNetwork/1331.0.7 Darwin/21.4.0"
::1 - - [27/Jul/2022:23:30:16 +0000] "POST /api/v1/transactions HTTP/1.0" 200 256 "-" "Expo/2.24.3.1014878 CFNetwork/1331.0.7 Darwin/21.4.0"
::ffff:127.0.0.1 - - [27/Jul/2022:23:30:16 +0000] "GET /api/v1/transactions/basket?limit=100&sort=-createdAt HTTP/1.0" 200 438 "-" "Expo/2.24.3.1014878 CFNetwork/1331.0.7 Darwin/21.4.0"
::1 - - [27/Jul/2022:23:30:16 +0000] "GET /api/v1/transactions/basket?limit=100&sort=-createdAt HTTP/1.0" 200 438 "-" "Expo/2.24.3.1014878 CFNetwork/1331.0.7 Darwin/21.4.0"
::ffff:127.0.0.1 - - [27/Jul/2022:23:30:18 +0000] "POST /api/v1/transactions HTTP/1.0" 200 257 "-" "Expo/2.24.3.1014878 CFNetwork/1331.0.7 Darwin/21.4.0"
::1 - - [27/Jul/2022:23:30:18 +0000] "GET /api/v1/transactions/basket?limit=100&sort=-createdAt HTTP/1.0" 200 772 "-" "Expo/2.24.3.1014878 CFNetwork/1331.0.7 Darwin/21.4.0"
::ffff:127.0.0.1 - - [27/Jul/2022:23:30:18 +0000] "GET /api/v1/transactions/basket?limit=100&sort=-createdAt HTTP/1.0" 200 772 "-" "Expo/2.24.3.1014878 CFNetwork/1331.0.7 Darwin/21.4.0"
::1 - - [27/Jul/2022:23:30:23 +0000] "POST /api/v1/bills/receipt HTTP/1.0" 200 285 "-" "Expo/2.24.3.1014878 CFNetwork/1331.0.7 Darwin/21.4.0"
::ffff:127.0.0.1 - - [27/Jul/2022:23:30:23 +0000] "GET /api/v1/transactions/basket?limit=100&sort=-createdAt HTTP/1.0" 200 107 "-" "Expo/2.24.3.1014878 CFNetwork/1331.0.7 Darwin/21.4.0"
::1 - - [27/Jul/2022:23:30:23 +0000] "GET /api/v1/transactions/basket?limit=100&sort=-createdAt HTTP/1.0" 200 107 "-" "Expo/2.24.3.1014878 CFNetwork/1331.0.7 Darwin/21.4.0"
::1 - - [27/Jul/2022:23:30:24 +0000] "GET /api/v1/transactions/basket?limit=100&sort=-createdAt HTTP/1.0" 304 - "-" "Expo/2.24.3.1014878 CFNetwork/1331.0.7 Darwin/21.4.0"
::ffff:127.0.0.1 - - [27/Jul/2022:23:30:25 +0000] "GET /api/v1/goods/user?limit=100 HTTP/1.0" 200 915 "-" "Expo/2.24.3.1014878 CFNetwork/1331.0.7 Darwin/21.4.0"
::ffff:127.0.0.1 - - [27/Jul/2022:23:30:25 +0000] "GET /api/v1/goods/user?limit=100 HTTP/1.0" 200 915 "-" "Expo/2.24.3.1014878 CFNetwork/1331.0.7 Darwin/21.4.0"
::ffff:127.0.0.1 - - [27/Jul/2022:23:30:26 +0000] "GET /api/v1/transactions/basket?limit=100&sort=-createdAt HTTP/1.0" 304 - "-" "Expo/2.24.3.1014878 CFNetwork/1331.0.7 Darwin/21.4.0"
::1 - - [27/Jul/2022:23:30:26 +0000] "GET /api/v1/goods/user?limit=100 HTTP/1.0" 304 - "-" "Expo/2.24.3.1014878 CFNetwork/1331.0.7 Darwin/21.4.0"
::1 - - [27/Jul/2022:23:30:26 +0000] "GET /api/v1/goods/user?limit=100 HTTP/1.0" 304 - "-" "Expo/2.24.3.1014878 CFNetwork/1331.0.7 Darwin/21.4.0"
::ffff:127.0.0.1 - - [27/Jul/2022:23:33:35 +0000] "GET /api/v1/transactions/basket?limit=100&sort=-createdAt HTTP/1.0" 304 - "-" "Expo/2.24.3.1014878 CFNetwork/1331.0.7 Darwin/21.4.0"
::1 - - [27/Jul/2022:23:33:35 +0000] "GET /api/v1/categories HTTP/1.0" 304 - "-" "Expo/2.24.3.1014878 CFNetwork/1331.0.7 Darwin/21.4.0"
::ffff:127.0.0.1 - - [27/Jul/2022:23:33:35 +0000] "GET /api/v1/goods/user?limit=100 HTTP/1.0" 304 - "-" "Expo/2.24.3.1014878 CFNetwork/1331.0.7 Darwin/21.4.0"
::1 - - [27/Jul/2022:23:33:37 +0000] "POST /api/v1/transactions HTTP/1.0" 200 257 "-" "Expo/2.24.3.1014878 CFNetwork/1331.0.7 Darwin/21.4.0"
::ffff:127.0.0.1 - - [27/Jul/2022:23:33:38 +0000] "GET /api/v1/transactions/basket?limit=100&sort=-createdAt HTTP/1.0" 200 439 "-" "Expo/2.24.3.1014878 CFNetwork/1331.0.7 Darwin/21.4.0"
::1 - - [27/Jul/2022:23:33:38 +0000] "GET /api/v1/transactions/basket?limit=100&sort=-createdAt HTTP/1.0" 200 439 "-" "Expo/2.24.3.1014878 CFNetwork/1331.0.7 Darwin/21.4.0"
::ffff:127.0.0.1 - - [27/Jul/2022:23:33:38 +0000] "GET /upload/undefined HTTP/1.0" 404 155 "-" "Expo/2.24.3.1014878 CFNetwork/1331.0.7 Darwin/21.4.0"
::ffff:127.0.0.1 - - [27/Jul/2022:23:33:38 +0000] "GET /api/v1/goods/62e1c80e99e2a94b91d42e73 HTTP/1.0" 200 429 "-" "Expo/2.24.3.1014878 CFNetwork/1331.0.7 Darwin/21.4.0"
::1 - - [27/Jul/2022:23:33:38 +0000] "GET /api/v1/transactions/user?good=62e1c80e99e2a94b91d42e73&sort=-createdAt HTTP/1.0" 200 2412 "-" "Expo/2.24.3.1014878 CFNetwork/1331.0.7 Darwin/21.4.0"
::ffff:127.0.0.1 - - [27/Jul/2022:23:33:38 +0000] "GET /api/v1/goods/user?limit=100 HTTP/1.0" 304 - "-" "Expo/2.24.3.1014878 CFNetwork/1331.0.7 Darwin/21.4.0"
::1 - - [27/Jul/2022:23:33:38 +0000] "GET /api/v1/transactions/basket?limit=100&sort=-createdAt HTTP/1.0" 304 - "-" "Expo/2.24.3.1014878 CFNetwork/1331.0.7 Darwin/21.4.0"
::ffff:127.0.0.1 - - [27/Jul/2022:23:33:40 +0000] "GET /api/v1/goods/user?limit=100 HTTP/1.0" 304 - "-" "Expo/2.24.3.1014878 CFNetwork/1331.0.7 Darwin/21.4.0"
::1 - - [27/Jul/2022:23:33:40 +0000] "GET /api/v1/transactions/basket?limit=100&sort=-createdAt HTTP/1.0" 304 - "-" "Expo/2.24.3.1014878 CFNetwork/1331.0.7 Darwin/21.4.0"
::ffff:127.0.0.1 - - [27/Jul/2022:23:33:41 +0000] "POST /api/v1/transactions HTTP/1.0" 200 257 "-" "Expo/2.24.3.1014878 CFNetwork/1331.0.7 Darwin/21.4.0"
::1 - - [27/Jul/2022:23:33:41 +0000] "GET /api/v1/transactions/basket?limit=100&sort=-createdAt HTTP/1.0" 200 773 "-" "Expo/2.24.3.1014878 CFNetwork/1331.0.7 Darwin/21.4.0"
::ffff:127.0.0.1 - - [27/Jul/2022:23:33:41 +0000] "GET /api/v1/transactions/basket?limit=100&sort=-createdAt HTTP/1.0" 200 773 "-" "Expo/2.24.3.1014878 CFNetwork/1331.0.7 Darwin/21.4.0"
::1 - - [27/Jul/2022:23:33:49 +0000] "DELETE /api/v1/transactions/62e1cb5199e2a94b91d43027 HTTP/1.0" 200 257 "-" "Expo/2.24.3.1014878 CFNetwork/1331.0.7 Darwin/21.4.0"
::ffff:127.0.0.1 - - [27/Jul/2022:23:33:49 +0000] "GET /api/v1/transactions/basket?limit=100&sort=-createdAt HTTP/1.0" 200 440 "-" "Expo/2.24.3.1014878 CFNetwork/1331.0.7 Darwin/21.4.0"
::1 - - [27/Jul/2022:23:33:49 +0000] "GET /api/v1/transactions/basket?limit=100&sort=-createdAt HTTP/1.0" 200 440 "-" "Expo/2.24.3.1014878 CFNetwork/1331.0.7 Darwin/21.4.0"
::ffff:127.0.0.1 - - [27/Jul/2022:23:33:58 +0000] "POST /api/v1/templates HTTP/1.0" 200 198 "-" "Expo/2.24.3.1014878 CFNetwork/1331.0.7 Darwin/21.4.0"
::1 - - [27/Jul/2022:23:33:58 +0000] "POST /api/v1/bills/receipt HTTP/1.0" 200 279 "-" "Expo/2.24.3.1014878 CFNetwork/1331.0.7 Darwin/21.4.0"
::ffff:127.0.0.1 - - [27/Jul/2022:23:33:59 +0000] "GET /api/v1/transactions/basket?limit=100&sort=-createdAt HTTP/1.0" 200 107 "-" "Expo/2.24.3.1014878 CFNetwork/1331.0.7 Darwin/21.4.0"
::1 - - [27/Jul/2022:23:33:59 +0000] "GET /api/v1/transactions/basket?limit=100&sort=-createdAt HTTP/1.0" 200 107 "-" "Expo/2.24.3.1014878 CFNetwork/1331.0.7 Darwin/21.4.0"
::ffff:127.0.0.1 - - [27/Jul/2022:23:34:04 +0000] "GET /api/v1/templates?createUser=62e1c73199e2a94b91d42e4a HTTP/1.0" 200 460 "-" "Expo/2.24.3.1014878 CFNetwork/1331.0.7 Darwin/21.4.0"
::1 - - [27/Jul/2022:23:34:04 +0000] "GET /api/v1/transactions/basket?limit=100&sort=-createdAt HTTP/1.0" 304 - "-" "Expo/2.24.3.1014878 CFNetwork/1331.0.7 Darwin/21.4.0"
::ffff:127.0.0.1 - - [27/Jul/2022:23:34:04 +0000] "GET /api/v1/goods/user?limit=100 HTTP/1.0" 304 - "-" "Expo/2.24.3.1014878 CFNetwork/1331.0.7 Darwin/21.4.0"
::ffff:127.0.0.1 - - [27/Jul/2022:23:34:05 +0000] "GET /api/v1/templates?createUser=62e1c73199e2a94b91d42e4a HTTP/1.0" 304 - "-" "Expo/2.24.3.1014878 CFNetwork/1331.0.7 Darwin/21.4.0"
::1 - - [27/Jul/2022:23:34:05 +0000] "GET /api/v1/transactions/user?template=62e1cb6699e2a94b91d43051 HTTP/1.0" 200 517 "-" "Expo/2.24.3.1014878 CFNetwork/1331.0.7 Darwin/21.4.0"
::1 - - [27/Jul/2022:23:36:17 +0000] "GET /api/v1/templates?createUser=62e1c73199e2a94b91d42e4a HTTP/1.0" 304 - "-" "Expo/2.24.3.1014878 CFNetwork/1331.0.7 Darwin/21.4.0"
::ffff:127.0.0.1 - - [27/Jul/2022:23:36:17 +0000] "GET /api/v1/transactions/user?template=62e1c8bb99e2a94b91d42e87 HTTP/1.0" 200 917 "-" "Expo/2.24.3.1014878 CFNetwork/1331.0.7 Darwin/21.4.0"
::1 - - [27/Jul/2022:23:36:18 +0000] "GET /api/v1/templates?createUser=62e1c73199e2a94b91d42e4a HTTP/1.0" 304 - "-" "Expo/2.24.3.1014878 CFNetwork/1331.0.7 Darwin/21.4.0"
::ffff:127.0.0.1 - - [27/Jul/2022:23:36:32 +0000] "GET /api/v1/transactions/user?template=62e1c8bb99e2a94b91d42e87 HTTP/1.0" 304 - "-" "Expo/2.24.3.1014878 CFNetwork/1331.0.7 Darwin/21.4.0"
::ffff:127.0.0.1 - - [27/Jul/2022:23:37:33 +0000] "GET /api/v1/transactions/basket?limit=100&sort=-createdAt HTTP/1.0" 304 - "-" "Expo/2.24.3.1014878 CFNetwork/1331.0.7 Darwin/21.4.0"
::1 - - [27/Jul/2022:23:37:33 +0000] "GET /api/v1/categories HTTP/1.0" 304 - "-" "Expo/2.24.3.1014878 CFNetwork/1331.0.7 Darwin/21.4.0"
::1 - - [27/Jul/2022:23:37:33 +0000] "GET /api/v1/goods/user?limit=100 HTTP/1.0" 304 - "-" "Expo/2.24.3.1014878 CFNetwork/1331.0.7 Darwin/21.4.0"
::ffff:127.0.0.1 - - [27/Jul/2022:23:37:34 +0000] "GET /api/v1/templates?createUser=62e1c73199e2a94b91d42e4a HTTP/1.0" 304 - "-" "Expo/2.24.3.1014878 CFNetwork/1331.0.7 Darwin/21.4.0"
::ffff:127.0.0.1 - - [27/Jul/2022:23:37:34 +0000] "GET /api/v1/transactions/basket?limit=100&sort=-createdAt HTTP/1.0" 304 - "-" "Expo/2.24.3.1014878 CFNetwork/1331.0.7 Darwin/21.4.0"
::1 - - [27/Jul/2022:23:37:34 +0000] "GET /api/v1/goods/user?limit=100 HTTP/1.0" 304 - "-" "Expo/2.24.3.1014878 CFNetwork/1331.0.7 Darwin/21.4.0"
::ffff:127.0.0.1 - - [27/Jul/2022:23:37:35 +0000] "GET /api/v1/templates?createUser=62e1c73199e2a94b91d42e4a HTTP/1.0" 304 - "-" "Expo/2.24.3.1014878 CFNetwork/1331.0.7 Darwin/21.4.0"
::1 - - [27/Jul/2022:23:37:35 +0000] "GET /api/v1/transactions/user?template=62e1c8bb99e2a94b91d42e87 HTTP/1.0" 304 - "-" "Expo/2.24.3.1014878 CFNetwork/1331.0.7 Darwin/21.4.0"
::1 - - [27/Jul/2022:23:37:40 +0000] "GET /api/v1/transactions/user?template=62e1c8bb99e2a94b91d42e87 HTTP/1.0" 304 - "-" "Expo/2.24.3.1014878 CFNetwork/1331.0.7 Darwin/21.4.0"
::ffff:127.0.0.1 - - [27/Jul/2022:23:37:47 +0000] "GET /api/v1/transactions/user?template=62e1c8bb99e2a94b91d42e87 HTTP/1.0" 304 - "-" "Expo/2.24.3.1014878 CFNetwork/1331.0.7 Darwin/21.4.0"
::1 - - [27/Jul/2022:23:37:54 +0000] "GET /api/v1/transactions/user?template=62e1c8bb99e2a94b91d42e87 HTTP/1.0" 304 - "-" "Expo/2.24.3.1014878 CFNetwork/1331.0.7 Darwin/21.4.0"
::ffff:127.0.0.1 - - [27/Jul/2022:23:38:03 +0000] "GET /api/v1/transactions/user?template=62e1c8bb99e2a94b91d42e87 HTTP/1.0" 304 - "-" "Expo/2.24.3.1014878 CFNetwork/1331.0.7 Darwin/21.4.0"
::ffff:127.0.0.1 - - [27/Jul/2022:23:38:39 +0000] "GET /api/v1/transactions/user?template=62e1c8bb99e2a94b91d42e87 HTTP/1.0" 304 - "-" "Expo/2.24.3.1014878 CFNetwork/1331.0.7 Darwin/21.4.0"
::ffff:127.0.0.1 - - [27/Jul/2022:23:38:55 +0000] "GET /api/v1/transactions/user?template=62e1c8bb99e2a94b91d42e87 HTTP/1.0" 304 - "-" "Expo/2.24.3.1014878 CFNetwork/1331.0.7 Darwin/21.4.0"
::1 - - [27/Jul/2022:23:39:05 +0000] "GET /api/v1/transactions/user?template=62e1c8bb99e2a94b91d42e87 HTTP/1.0" 304 - "-" "Expo/2.24.3.1014878 CFNetwork/1331.0.7 Darwin/21.4.0"
::ffff:127.0.0.1 - - [27/Jul/2022:23:39:13 +0000] "GET /api/v1/transactions/user?template=62e1c8bb99e2a94b91d42e87 HTTP/1.0" 304 - "-" "Expo/2.24.3.1014878 CFNetwork/1331.0.7 Darwin/21.4.0"
::1 - - [27/Jul/2022:23:39:20 +0000] "GET /api/v1/transactions/user?template=62e1c8bb99e2a94b91d42e87 HTTP/1.0" 304 - "-" "Expo/2.24.3.1014878 CFNetwork/1331.0.7 Darwin/21.4.0"
::ffff:127.0.0.1 - - [27/Jul/2022:23:39:27 +0000] "GET /api/v1/transactions/user?template=62e1c8bb99e2a94b91d42e87 HTTP/1.0" 304 - "-" "Expo/2.24.3.1014878 CFNetwork/1331.0.7 Darwin/21.4.0"
::1 - - [27/Jul/2022:23:39:30 +0000] "GET /api/v1/transactions/user?template=62e1c8bb99e2a94b91d42e87 HTTP/1.0" 304 - "-" "Expo/2.24.3.1014878 CFNetwork/1331.0.7 Darwin/21.4.0"
::ffff:127.0.0.1 - - [27/Jul/2022:23:39:47 +0000] "GET /api/v1/transactions/user?template=62e1c8bb99e2a94b91d42e87 HTTP/1.0" 304 - "-" "Expo/2.24.3.1014878 CFNetwork/1331.0.7 Darwin/21.4.0"
::1 - - [27/Jul/2022:23:39:53 +0000] "GET /api/v1/transactions/user?template=62e1c8bb99e2a94b91d42e87 HTTP/1.0" 304 - "-" "Expo/2.24.3.1014878 CFNetwork/1331.0.7 Darwin/21.4.0"
::ffff:127.0.0.1 - - [27/Jul/2022:23:40:04 +0000] "GET /api/v1/transactions/user?template=62e1c8bb99e2a94b91d42e87 HTTP/1.0" 304 - "-" "Expo/2.24.3.1014878 CFNetwork/1331.0.7 Darwin/21.4.0"
::1 - - [27/Jul/2022:23:40:12 +0000] "GET /api/v1/transactions/user?template=62e1c8bb99e2a94b91d42e87 HTTP/1.0" 304 - "-" "Expo/2.24.3.1014878 CFNetwork/1331.0.7 Darwin/21.4.0"
::ffff:127.0.0.1 - - [27/Jul/2022:23:40:37 +0000] "GET /api/v1/transactions/user?template=62e1c8bb99e2a94b91d42e87 HTTP/1.0" 304 - "-" "Expo/2.24.3.1014878 CFNetwork/1331.0.7 Darwin/21.4.0"
::1 - - [27/Jul/2022:23:40:50 +0000] "GET /api/v1/transactions/user?template=62e1c8bb99e2a94b91d42e87 HTTP/1.0" 304 - "-" "Expo/2.24.3.1014878 CFNetwork/1331.0.7 Darwin/21.4.0"
::ffff:127.0.0.1 - - [27/Jul/2022:23:41:11 +0000] "GET /api/v1/transactions/user?template=62e1c8bb99e2a94b91d42e87 HTTP/1.0" 304 - "-" "Expo/2.24.3.1014878 CFNetwork/1331.0.7 Darwin/21.4.0"
::1 - - [27/Jul/2022:23:41:22 +0000] "GET /api/v1/transactions/user?template=62e1c8bb99e2a94b91d42e87 HTTP/1.0" 304 - "-" "Expo/2.24.3.1014878 CFNetwork/1331.0.7 Darwin/21.4.0"
::ffff:127.0.0.1 - - [27/Jul/2022:23:42:57 +0000] "GET /api/v1/transactions/user?template=62e1c8bb99e2a94b91d42e87 HTTP/1.0" 304 - "-" "Expo/2.24.3.1014878 CFNetwork/1331.0.7 Darwin/21.4.0"
::1 - - [27/Jul/2022:23:43:34 +0000] "POST / HTTP/1.0" 404 140 "-" "Mozilla/5.0 (X11; Linux x86_64) AppleWebKit/537.36 (KHTML, like Gecko) Chrome/81.0.4044.129 Safari/537.36"
::ffff:127.0.0.1 - - [27/Jul/2022:23:43:34 +0000] "GET /.env HTTP/1.0" 404 143 "-" "Mozilla/5.0 (X11; Linux x86_64) AppleWebKit/537.36 (KHTML, like Gecko) Chrome/81.0.4044.129 Safari/537.36"
::1 - - [27/Jul/2022:23:45:46 +0000] "GET /api/v1/transactions/user?template=62e1c8bb99e2a94b91d42e87 HTTP/1.0" 304 - "-" "Expo/2.24.3.1014878 CFNetwork/1331.0.7 Darwin/21.4.0"
::ffff:127.0.0.1 - - [27/Jul/2022:23:45:56 +0000] "GET /api/v1/transactions/user?template=62e1c8bb99e2a94b91d42e87 HTTP/1.0" 304 - "-" "Expo/2.24.3.1014878 CFNetwork/1331.0.7 Darwin/21.4.0"
::1 - - [27/Jul/2022:23:47:14 +0000] "GET /api/v1/transactions/user?template=62e1c8bb99e2a94b91d42e87 HTTP/1.0" 304 - "-" "Expo/2.24.3.1014878 CFNetwork/1331.0.7 Darwin/21.4.0"
