::1 - - [30/Jun/2022:00:57:46 +0000] "GET /api/v1/categories HTTP/1.0" 304 - "-" "okhttp/4.9.2"
::ffff:127.0.0.1 - - [30/Jun/2022:00:57:46 +0000] "GET /api/v1/transactions/basket?limit=100&sort=-createdAt HTTP/1.0" 200 107 "-" "okhttp/4.9.2"
::ffff:127.0.0.1 - - [30/Jun/2022:00:57:46 +0000] "GET /api/v1/goods/user?limit=100 HTTP/1.0" 200 1767 "-" "okhttp/4.9.2"
::1 - - [30/Jun/2022:00:57:53 +0000] "GET /api/v1/categories HTTP/1.0" 304 - "-" "okhttp/4.9.2"
::1 - - [30/Jun/2022:00:57:54 +0000] "GET /api/v1/transactions/basket?limit=100&sort=-createdAt HTTP/1.0" 304 - "-" "okhttp/4.9.2"
::ffff:127.0.0.1 - - [30/Jun/2022:00:57:54 +0000] "GET /api/v1/goods/user?limit=100 HTTP/1.0" 304 - "-" "okhttp/4.9.2"
::ffff:127.0.0.1 - - [30/Jun/2022:01:00:56 +0000] "POST /api/v1/goods HTTP/1.0" 200 359 "-" "okhttp/4.9.2"
::1 - - [30/Jun/2022:01:00:57 +0000] "POST /api/v1/transactions HTTP/1.0" 200 256 "-" "okhttp/4.9.2"
::ffff:127.0.0.1 - - [30/Jun/2022:01:00:58 +0000] "PUT /api/v1/goods/62bcf5c885a9c396eaf05f22/upload-photo HTTP/1.0" 200 60 "-" "okhttp/4.9.2"
::1 - - [30/Jun/2022:01:00:58 +0000] "GET /api/v1/goods/user?limit=100 HTTP/1.0" 200 2187 "-" "okhttp/4.9.2"
::ffff:127.0.0.1 - - [30/Jun/2022:01:00:58 +0000] "GET /api/v1/transactions/basket?limit=100&sort=-createdAt HTTP/1.0" 200 451 "-" "okhttp/4.9.2"
::1 - - [30/Jun/2022:01:01:09 +0000] "GET /api/v1/goods/62baca0bdd4ae5403f63f9b8 HTTP/1.0" 304 - "-" "okhttp/4.9.2"
::ffff:127.0.0.1 - - [30/Jun/2022:01:01:09 +0000] "GET /upload/undefined HTTP/1.0" 404 155 "-" "okhttp/4.9.2"
::1 - - [30/Jun/2022:01:01:10 +0000] "GET /api/v1/goods/user?limit=100 HTTP/1.0" 304 - "-" "okhttp/4.9.2"
::ffff:127.0.0.1 - - [30/Jun/2022:01:01:10 +0000] "GET /api/v1/transactions/basket?limit=100&sort=-createdAt HTTP/1.0" 304 - "-" "okhttp/4.9.2"
::1 - - [30/Jun/2022:01:01:13 +0000] "GET /api/v1/goods/user?limit=100 HTTP/1.0" 304 - "-" "okhttp/4.9.2"
::ffff:127.0.0.1 - - [30/Jun/2022:01:01:13 +0000] "GET /api/v1/transactions/basket?limit=100&sort=-createdAt HTTP/1.0" 304 - "-" "okhttp/4.9.2"
::1 - - [30/Jun/2022:01:01:23 +0000] "POST /api/v1/transactions HTTP/1.0" 200 254 "-" "okhttp/4.9.2"
::ffff:127.0.0.1 - - [30/Jun/2022:01:01:23 +0000] "GET /api/v1/transactions/basket?limit=100&sort=-createdAt HTTP/1.0" 200 789 "-" "okhttp/4.9.2"
::1 - - [30/Jun/2022:01:01:23 +0000] "GET /api/v1/transactions/basket?limit=100&sort=-createdAt HTTP/1.0" 200 789 "-" "okhttp/4.9.2"
::ffff:127.0.0.1 - - [30/Jun/2022:01:01:33 +0000] "POST /api/v1/transactions HTTP/1.0" 200 254 "-" "okhttp/4.9.2"
::1 - - [30/Jun/2022:01:01:34 +0000] "GET /api/v1/transactions/basket?limit=100&sort=-createdAt HTTP/1.0" 200 1127 "-" "okhttp/4.9.2"
::ffff:127.0.0.1 - - [30/Jun/2022:01:01:34 +0000] "GET /api/v1/transactions/basket?limit=100&sort=-createdAt HTTP/1.0" 200 1127 "-" "okhttp/4.9.2"
::1 - - [30/Jun/2022:01:01:44 +0000] "POST /api/v1/transactions HTTP/1.0" 200 254 "-" "okhttp/4.9.2"
::ffff:127.0.0.1 - - [30/Jun/2022:01:01:45 +0000] "GET /api/v1/transactions/basket?limit=100&sort=-createdAt HTTP/1.0" 200 1470 "-" "okhttp/4.9.2"
::1 - - [30/Jun/2022:01:01:45 +0000] "GET /api/v1/transactions/basket?limit=100&sort=-createdAt HTTP/1.0" 200 1470 "-" "okhttp/4.9.2"
::ffff:127.0.0.1 - - [30/Jun/2022:01:01:50 +0000] "POST /api/v1/bills/receipt HTTP/1.0" 200 284 "-" "okhttp/4.9.2"
::1 - - [30/Jun/2022:01:01:50 +0000] "GET /api/v1/transactions/basket?limit=100&sort=-createdAt HTTP/1.0" 200 107 "-" "okhttp/4.9.2"
::ffff:127.0.0.1 - - [30/Jun/2022:01:01:51 +0000] "GET /api/v1/transactions/basket?limit=100&sort=-createdAt HTTP/1.0" 200 107 "-" "okhttp/4.9.2"
::1 - - [30/Jun/2022:01:01:57 +0000] "GET /api/v1/bills/user?limit=1000&sort=-createdAt HTTP/1.0" 200 1308 "-" "okhttp/4.9.2"
::1 - - [30/Jun/2022:01:01:57 +0000] "GET /api/v1/transactions/basket?limit=100&sort=-createdAt HTTP/1.0" 304 - "-" "okhttp/4.9.2"
::ffff:127.0.0.1 - - [30/Jun/2022:01:01:57 +0000] "GET /api/v1/goods/user?limit=100 HTTP/1.0" 200 2188 "-" "okhttp/4.9.2"
::1 - - [30/Jun/2022:01:02:08 +0000] "GET /api/v1/bills/user?limit=1000&sort=-createdAt HTTP/1.0" 304 - "-" "okhttp/4.9.2"
::ffff:127.0.0.1 - - [30/Jun/2022:01:02:08 +0000] "GET /api/v1/transactions/user?bill=62bcf5fd85a9c396eaf05f54 HTTP/1.0" 200 1880 "-" "okhttp/4.9.2"
::1 - - [30/Jun/2022:01:02:19 +0000] "GET /api/v1/bills/user?limit=1000&sort=-createdAt HTTP/1.0" 304 - "-" "okhttp/4.9.2"
::1 - - [30/Jun/2022:01:02:31 +0000] "GET /api/v1/bills/user?limit=1000&sort=-createdAt HTTP/1.0" 304 - "-" "okhttp/4.9.2"
::ffff:127.0.0.1 - - [30/Jun/2022:01:02:31 +0000] "GET /api/v1/transactions/user?bill=62bcf5fd85a9c396eaf05f54 HTTP/1.0" 304 - "-" "okhttp/4.9.2"
::ffff:127.0.0.1 - - [30/Jun/2022:01:02:42 +0000] "GET /api/v1/bills/user?limit=1000&sort=-createdAt HTTP/1.0" 304 - "-" "okhttp/4.9.2"
::1 - - [30/Jun/2022:01:02:48 +0000] "GET /api/v1/transactions/basket?limit=100&sort=-createdAt HTTP/1.0" 304 - "-" "okhttp/4.9.2"
::1 - - [30/Jun/2022:01:02:48 +0000] "GET /api/v1/bills/user?limit=1000&sort=-createdAt HTTP/1.0" 304 - "-" "okhttp/4.9.2"
::ffff:127.0.0.1 - - [30/Jun/2022:01:02:48 +0000] "GET /api/v1/goods/user?limit=100 HTTP/1.0" 304 - "-" "okhttp/4.9.2"
::ffff:127.0.0.1 - - [30/Jun/2022:01:03:01 +0000] "POST /api/v1/transactions HTTP/1.0" 200 254 "-" "okhttp/4.9.2"
::1 - - [30/Jun/2022:01:03:02 +0000] "GET /api/v1/transactions/basket?limit=100&sort=-createdAt HTTP/1.0" 200 444 "-" "okhttp/4.9.2"
::ffff:127.0.0.1 - - [30/Jun/2022:01:03:02 +0000] "GET /api/v1/transactions/basket?limit=100&sort=-createdAt HTTP/1.0" 200 444 "-" "okhttp/4.9.2"
::1 - - [30/Jun/2022:01:03:15 +0000] "POST /api/v1/transactions HTTP/1.0" 200 254 "-" "okhttp/4.9.2"
::ffff:127.0.0.1 - - [30/Jun/2022:01:03:16 +0000] "GET /api/v1/transactions/basket?limit=100&sort=-createdAt HTTP/1.0" 200 782 "-" "okhttp/4.9.2"
::1 - - [30/Jun/2022:01:03:16 +0000] "GET /api/v1/transactions/basket?limit=100&sort=-createdAt HTTP/1.0" 200 782 "-" "okhttp/4.9.2"
::ffff:127.0.0.1 - - [30/Jun/2022:01:03:29 +0000] "POST /api/v1/transactions HTTP/1.0" 200 254 "-" "okhttp/4.9.2"
::1 - - [30/Jun/2022:01:03:30 +0000] "GET /api/v1/transactions/basket?limit=100&sort=-createdAt HTTP/1.0" 200 1118 "-" "okhttp/4.9.2"
::ffff:127.0.0.1 - - [30/Jun/2022:01:03:30 +0000] "GET /api/v1/transactions/basket?limit=100&sort=-createdAt HTTP/1.0" 200 1118 "-" "okhttp/4.9.2"
::1 - - [30/Jun/2022:01:03:36 +0000] "POST /api/v1/bills/drain HTTP/1.0" 200 285 "-" "okhttp/4.9.2"
::ffff:127.0.0.1 - - [30/Jun/2022:01:03:36 +0000] "GET /api/v1/transactions/basket?limit=100&sort=-createdAt HTTP/1.0" 200 107 "-" "okhttp/4.9.2"
::1 - - [30/Jun/2022:01:03:36 +0000] "GET /api/v1/transactions/basket?limit=100&sort=-createdAt HTTP/1.0" 200 107 "-" "okhttp/4.9.2"
::ffff:127.0.0.1 - - [30/Jun/2022:01:03:41 +0000] "GET /api/v1/bills/user?limit=1000&sort=-createdAt HTTP/1.0" 200 1570 "-" "okhttp/4.9.2"
::ffff:127.0.0.1 - - [30/Jun/2022:01:03:41 +0000] "GET /api/v1/transactions/basket?limit=100&sort=-createdAt HTTP/1.0" 304 - "-" "okhttp/4.9.2"
::1 - - [30/Jun/2022:01:03:41 +0000] "GET /api/v1/goods/user?limit=100 HTTP/1.0" 200 2188 "-" "okhttp/4.9.2"
::ffff:127.0.0.1 - - [30/Jun/2022:01:03:49 +0000] "GET /api/v1/bills/user?limit=1000&sort=-createdAt HTTP/1.0" 304 - "-" "okhttp/4.9.2"
::1 - - [30/Jun/2022:01:03:49 +0000] "GET /api/v1/transactions/user?bill=62bcf66785a9c396eaf05f9e HTTP/1.0" 200 1433 "-" "okhttp/4.9.2"
::1 - - [30/Jun/2022:01:03:57 +0000] "GET /api/v1/bills/user?limit=1000&sort=-createdAt HTTP/1.0" 304 - "-" "okhttp/4.9.2"
::1 - - [30/Jun/2022:01:03:59 +0000] "GET /api/v1/bills/user?limit=1000&sort=-createdAt HTTP/1.0" 304 - "-" "okhttp/4.9.2"
::ffff:127.0.0.1 - - [30/Jun/2022:01:03:59 +0000] "GET /api/v1/transactions/user?bill=62bcf66785a9c396eaf05f9e HTTP/1.0" 304 - "-" "okhttp/4.9.2"
::ffff:127.0.0.1 - - [30/Jun/2022:01:04:05 +0000] "GET /api/v1/bills/user?limit=1000&sort=-createdAt HTTP/1.0" 304 - "-" "okhttp/4.9.2"
::ffff:127.0.0.1 - - [30/Jun/2022:01:04:08 +0000] "GET /api/v1/bills/user?limit=1000&sort=-createdAt HTTP/1.0" 304 - "-" "okhttp/4.9.2"
::1 - - [30/Jun/2022:01:04:08 +0000] "GET /api/v1/transactions/user?bill=62bcf5fd85a9c396eaf05f54 HTTP/1.0" 200 1880 "-" "okhttp/4.9.2"
::1 - - [30/Jun/2022:01:06:39 +0000] "GET /api/v1/bills/user?limit=1000&sort=-createdAt HTTP/1.0" 304 - "-" "okhttp/4.9.2"
::ffff:127.0.0.1 - - [30/Jun/2022:01:06:43 +0000] "GET /api/v1/bills/user?limit=1000&sort=-createdAt HTTP/1.0" 304 - "-" "okhttp/4.9.2"
::1 - - [30/Jun/2022:01:06:45 +0000] "GET /api/v1/bills/user?limit=1000&sort=-createdAt HTTP/1.0" 304 - "-" "okhttp/4.9.2"
::ffff:127.0.0.1 - - [30/Jun/2022:01:08:03 +0000] "GET /api/v1/bills/user?limit=1000&sort=-createdAt HTTP/1.0" 304 - "-" "okhttp/4.9.2"
::1 - - [30/Jun/2022:01:08:05 +0000] "GET /api/v1/goods/user?limit=100 HTTP/1.0" 304 - "-" "okhttp/4.9.2"
::ffff:127.0.0.1 - - [30/Jun/2022:01:08:05 +0000] "GET /api/v1/transactions/basket?limit=100&sort=-createdAt HTTP/1.0" 304 - "-" "okhttp/4.9.2"
::1 - - [30/Jun/2022:01:08:53 +0000] "GET /api/v1/bills/user?limit=1000&sort=-createdAt HTTP/1.0" 304 - "-" "okhttp/4.9.2"
::ffff:127.0.0.1 - - [30/Jun/2022:01:08:53 +0000] "GET /api/v1/transactions/basket?limit=100&sort=-createdAt HTTP/1.0" 304 - "-" "okhttp/4.9.2"
::1 - - [30/Jun/2022:01:08:53 +0000] "GET /api/v1/goods/user?limit=100 HTTP/1.0" 304 - "-" "okhttp/4.9.2"
::1 - - [30/Jun/2022:01:09:36 +0000] "GET /api/v1/bills/user?limit=1000&sort=-createdAt HTTP/1.0" 304 - "-" "okhttp/4.9.2"
::ffff:127.0.0.1 - - [30/Jun/2022:01:09:36 +0000] "GET /api/v1/goods/user?limit=100 HTTP/1.0" 304 - "-" "okhttp/4.9.2"
::1 - - [30/Jun/2022:01:09:38 +0000] "GET /api/v1/transactions/basket?limit=100&sort=-createdAt HTTP/1.0" 304 - "-" "okhttp/4.9.2"
::ffff:127.0.0.1 - - [30/Jun/2022:01:09:38 +0000] "GET /api/v1/goods/user?limit=100 HTTP/1.0" 304 - "-" "okhttp/4.9.2"
::ffff:127.0.0.1 - - [30/Jun/2022:01:09:39 +0000] "GET /api/v1/goods/user?limit=100 HTTP/1.0" 304 - "-" "okhttp/4.9.2"
::1 - - [30/Jun/2022:01:10:14 +0000] "GET /api/v1/categories HTTP/1.0" 304 - "-" "okhttp/4.9.2"
::1 - - [30/Jun/2022:01:10:14 +0000] "GET /api/v1/transactions/basket?limit=100&sort=-createdAt HTTP/1.0" 304 - "-" "okhttp/4.9.2"
::ffff:127.0.0.1 - - [30/Jun/2022:01:10:14 +0000] "GET /api/v1/goods/user?limit=100 HTTP/1.0" 304 - "-" "okhttp/4.9.2"
::ffff:127.0.0.1 - - [30/Jun/2022:01:10:21 +0000] "GET /api/v1/bills/user?limit=1000&sort=-createdAt HTTP/1.0" 304 - "-" "okhttp/4.9.2"
::ffff:127.0.0.1 - - [30/Jun/2022:01:10:21 +0000] "GET /api/v1/transactions/basket?limit=100&sort=-createdAt HTTP/1.0" 304 - "-" "okhttp/4.9.2"
::1 - - [30/Jun/2022:01:10:22 +0000] "GET /api/v1/goods/user?limit=100 HTTP/1.0" 304 - "-" "okhttp/4.9.2"
::1 - - [30/Jun/2022:01:10:43 +0000] "GET /api/v1/bills/user?limit=1000&sort=-createdAt HTTP/1.0" 304 - "-" "okhttp/4.9.2"
::ffff:127.0.0.1 - - [30/Jun/2022:01:10:46 +0000] "GET /api/v1/goods/user?limit=100 HTTP/1.0" 304 - "-" "okhttp/4.9.2"
::1 - - [30/Jun/2022:01:11:11 +0000] "GET /api/v1/goods/user?limit=100 HTTP/1.0" 304 - "-" "okhttp/4.9.2"
::1 - - [30/Jun/2022:01:11:13 +0000] "GET /api/v1/transactions/basket?limit=100&sort=-createdAt HTTP/1.0" 304 - "-" "okhttp/4.9.2"
::ffff:127.0.0.1 - - [30/Jun/2022:01:11:13 +0000] "GET /api/v1/goods/user?limit=100 HTTP/1.0" 304 - "-" "okhttp/4.9.2"
::ffff:127.0.0.1 - - [30/Jun/2022:01:13:25 +0000] "GET / HTTP/1.0" 404 139 "-" "Mozilla/5.0 (Macintosh; Intel Mac OS X 10_15_7) AppleWebKit/537.36 (KHTML, like Gecko) Chrome/102.0.0.0 Safari/537.36"
::1 - - [30/Jun/2022:01:16:12 +0000] "POST /api/v1/users/login HTTP/1.0" 200 528 "-" "Expo/2.24.3.1014878 CFNetwork/1333.0.4 Darwin/21.5.0"
::ffff:127.0.0.1 - - [30/Jun/2022:01:16:12 +0000] "GET /api/v1/categories HTTP/1.0" 304 - "-" "Expo/2.24.3.1014878 CFNetwork/1333.0.4 Darwin/21.5.0"
::1 - - [30/Jun/2022:01:16:12 +0000] "GET /api/v1/transactions/basket?limit=100&sort=-createdAt HTTP/1.0" 200 107 "-" "Expo/2.24.3.1014878 CFNetwork/1333.0.4 Darwin/21.5.0"
::ffff:127.0.0.1 - - [30/Jun/2022:01:16:13 +0000] "GET /api/v1/goods/user?limit=100 HTTP/1.0" 200 909 "-" "Expo/2.24.3.1014878 CFNetwork/1333.0.4 Darwin/21.5.0"
::1 - - [30/Jun/2022:01:16:16 +0000] "GET /api/v1/bills/user?limit=1000&sort=-createdAt HTTP/1.0" 200 1855 "-" "Expo/2.24.3.1014878 CFNetwork/1333.0.4 Darwin/21.5.0"
::ffff:127.0.0.1 - - [30/Jun/2022:01:16:16 +0000] "GET /api/v1/transactions/basket?limit=100&sort=-createdAt HTTP/1.0" 304 - "-" "Expo/2.24.3.1014878 CFNetwork/1333.0.4 Darwin/21.5.0"
::1 - - [30/Jun/2022:01:16:16 +0000] "GET /api/v1/goods/user?limit=100 HTTP/1.0" 304 - "-" "Expo/2.24.3.1014878 CFNetwork/1333.0.4 Darwin/21.5.0"
::ffff:127.0.0.1 - - [30/Jun/2022:01:39:22 +0000] "GET / HTTP/1.0" 404 139 "-" "python-requests/2.28.0"
::1 - - [30/Jun/2022:01:44:36 +0000] "POST /vendor/phpunit/phpunit/src/Util/PHP/eval-stdin.php HTTP/1.0" 404 190 "-" "Mozilla/5.0 (Windows NT 10.0; Win64; x64) AppleWebKit/537.36 (KHTML, like Gecko) Chrome/78.0.3904.108 Safari/537.36"
::ffff:127.0.0.1 - - [30/Jun/2022:01:55:05 +0000] "POST /api/v1/users HTTP/1.0" 200 533 "-" "okhttp/4.9.2"
::1 - - [30/Jun/2022:01:55:29 +0000] "POST /api/v1/users/login HTTP/1.0" 200 533 "-" "okhttp/4.9.2"
::ffff:127.0.0.1 - - [30/Jun/2022:01:55:29 +0000] "GET /api/v1/categories HTTP/1.0" 200 407 "-" "okhttp/4.9.2"
::1 - - [30/Jun/2022:01:55:30 +0000] "GET /api/v1/goods/user?limit=100 HTTP/1.0" 200 105 "-" "okhttp/4.9.2"
::ffff:127.0.0.1 - - [30/Jun/2022:01:55:30 +0000] "GET /api/v1/transactions/basket?limit=100&sort=-createdAt HTTP/1.0" 200 105 "-" "okhttp/4.9.2"
::1 - - [30/Jun/2022:01:56:07 +0000] "GET /api/v1/transactions/basket?limit=100&sort=-createdAt HTTP/1.0" 304 - "-" "okhttp/4.9.2"
::ffff:127.0.0.1 - - [30/Jun/2022:01:56:07 +0000] "GET /api/v1/goods/user?limit=100 HTTP/1.0" 304 - "-" "okhttp/4.9.2"
::1 - - [30/Jun/2022:01:56:08 +0000] "GET /api/v1/transactions/basket?limit=100&sort=-createdAt HTTP/1.0" 304 - "-" "okhttp/4.9.2"
::ffff:127.0.0.1 - - [30/Jun/2022:01:56:08 +0000] "GET /api/v1/goods/user?limit=100 HTTP/1.0" 304 - "-" "okhttp/4.9.2"
::1 - - [30/Jun/2022:01:57:59 +0000] "GET /api/v1/goods/user?limit=100 HTTP/1.0" 304 - "-" "okhttp/4.9.2"
::ffff:127.0.0.1 - - [30/Jun/2022:01:57:59 +0000] "GET /api/v1/transactions/basket?limit=100&sort=-createdAt HTTP/1.0" 304 - "-" "okhttp/4.9.2"
::1 - - [30/Jun/2022:01:58:02 +0000] "GET /api/v1/bills/user?limit=1000&sort=-createdAt HTTP/1.0" 200 106 "-" "okhttp/4.9.2"
::ffff:127.0.0.1 - - [30/Jun/2022:01:58:04 +0000] "GET /api/v1/bills/user?limit=1000&sort=-createdAt HTTP/1.0" 304 - "-" "okhttp/4.9.2"
::1 - - [30/Jun/2022:01:58:04 +0000] "GET /api/v1/goods/user?limit=100 HTTP/1.0" 304 - "-" "okhttp/4.9.2"
::ffff:127.0.0.1 - - [30/Jun/2022:01:58:06 +0000] "GET /api/v1/goods/user?limit=100 HTTP/1.0" 304 - "-" "okhttp/4.9.2"
::1 - - [30/Jun/2022:01:58:09 +0000] "GET /api/v1/bills/user?limit=1000&sort=-createdAt HTTP/1.0" 304 - "-" "okhttp/4.9.2"
::1 - - [30/Jun/2022:01:58:10 +0000] "GET /api/v1/bills/user?limit=1000&sort=-createdAt HTTP/1.0" 304 - "-" "okhttp/4.9.2"
::ffff:127.0.0.1 - - [30/Jun/2022:01:58:10 +0000] "GET /api/v1/goods/user?limit=100 HTTP/1.0" 304 - "-" "okhttp/4.9.2"
::ffff:127.0.0.1 - - [30/Jun/2022:01:58:11 +0000] "GET /api/v1/goods/user?limit=100 HTTP/1.0" 304 - "-" "okhttp/4.9.2"
::1 - - [30/Jun/2022:01:58:11 +0000] "GET /api/v1/goods/user?limit=100 HTTP/1.0" 304 - "-" "okhttp/4.9.2"
::ffff:127.0.0.1 - - [30/Jun/2022:01:58:11 +0000] "GET /api/v1/transactions/basket?limit=100&sort=-createdAt HTTP/1.0" 304 - "-" "okhttp/4.9.2"
::1 - - [30/Jun/2022:01:59:15 +0000] "GET /api/v1/categories HTTP/1.0" 304 - "-" "okhttp/4.9.2"
::ffff:127.0.0.1 - - [30/Jun/2022:01:59:15 +0000] "GET /api/v1/goods/user?limit=100 HTTP/1.0" 304 - "-" "okhttp/4.9.2"
::1 - - [30/Jun/2022:01:59:15 +0000] "GET /api/v1/transactions/basket?limit=100&sort=-createdAt HTTP/1.0" 304 - "-" "okhttp/4.9.2"
::ffff:127.0.0.1 - - [30/Jun/2022:02:01:28 +0000] "POST /api/v1/goods HTTP/1.0" 200 350 "-" "okhttp/4.9.2"
::1 - - [30/Jun/2022:02:01:28 +0000] "POST /api/v1/transactions HTTP/1.0" 200 256 "-" "okhttp/4.9.2"
::ffff:127.0.0.1 - - [30/Jun/2022:02:01:36 +0000] "POST /api/v1/goods HTTP/1.0" 200 350 "-" "okhttp/4.9.2"
::1 - - [30/Jun/2022:02:01:36 +0000] "POST /api/v1/transactions HTTP/1.0" 200 256 "-" "okhttp/4.9.2"
::ffff:127.0.0.1 - - [30/Jun/2022:02:03:29 +0000] "PUT /api/v1/goods/62bd040085a9c396eaf0604e/upload-photo HTTP/1.0" 200 60 "-" "okhttp/4.9.2"
::1 - - [30/Jun/2022:02:03:30 +0000] "GET /api/v1/transactions/basket?limit=100&sort=-createdAt HTTP/1.0" 200 754 "-" "okhttp/4.9.2"
::ffff:127.0.0.1 - - [30/Jun/2022:02:03:31 +0000] "GET /api/v1/goods/user?limit=100 HTTP/1.0" 200 896 "-" "okhttp/4.9.2"
::1 - - [30/Jun/2022:02:03:34 +0000] "PUT /api/v1/goods/62bd03f885a9c396eaf06049/upload-photo HTTP/1.0" 200 60 "-" "okhttp/4.9.2"
::ffff:127.0.0.1 - - [30/Jun/2022:02:03:35 +0000] "DELETE /api/v1/transactions/62bd03f885a9c396eaf0604b HTTP/1.0" 200 256 "-" "okhttp/4.9.2"
::1 - - [30/Jun/2022:02:03:36 +0000] "GET /api/v1/transactions/basket?limit=100&sort=-createdAt HTTP/1.0" 200 440 "-" "okhttp/4.9.2"
::ffff:127.0.0.1 - - [30/Jun/2022:02:03:36 +0000] "GET /api/v1/transactions/basket?limit=100&sort=-createdAt HTTP/1.0" 200 440 "-" "okhttp/4.9.2"
::1 - - [30/Jun/2022:02:03:41 +0000] "GET /api/v1/goods/62bd040085a9c396eaf0604e HTTP/1.0" 200 430 "-" "okhttp/4.9.2"
::1 - - [30/Jun/2022:02:03:41 +0000] "GET /upload/undefined HTTP/1.0" 404 155 "-" "okhttp/4.9.2"
::ffff:127.0.0.1 - - [30/Jun/2022:02:03:41 +0000] "GET /api/v1/transactions/basket?limit=100&sort=-createdAt HTTP/1.0" 304 - "-" "okhttp/4.9.2"
::1 - - [30/Jun/2022:02:03:42 +0000] "GET /api/v1/goods/user?limit=100 HTTP/1.0" 200 918 "-" "okhttp/4.9.2"
::ffff:127.0.0.1 - - [30/Jun/2022:02:03:44 +0000] "DELETE /api/v1/goods/62bd040085a9c396eaf0604e HTTP/1.0" 200 372 "-" "okhttp/4.9.2"
::ffff:127.0.0.1 - - [30/Jun/2022:02:03:45 +0000] "GET /api/v1/transactions/basket?limit=100&sort=-createdAt HTTP/1.0" 200 105 "-" "okhttp/4.9.2"
::1 - - [30/Jun/2022:02:03:45 +0000] "GET /api/v1/goods/user?limit=100 HTTP/1.0" 200 511 "-" "okhttp/4.9.2"
::1 - - [30/Jun/2022:02:03:59 +0000] "POST /api/v1/transactions HTTP/1.0" 200 256 "-" "okhttp/4.9.2"
::ffff:127.0.0.1 - - [30/Jun/2022:02:03:59 +0000] "GET /api/v1/transactions/basket?limit=100&sort=-createdAt HTTP/1.0" 200 440 "-" "okhttp/4.9.2"
::1 - - [30/Jun/2022:02:04:00 +0000] "GET /api/v1/transactions/basket?limit=100&sort=-createdAt HTTP/1.0" 200 440 "-" "okhttp/4.9.2"
::ffff:127.0.0.1 - - [30/Jun/2022:02:04:04 +0000] "GET /api/v1/categories HTTP/1.0" 304 - "-" "okhttp/4.9.2"
::1 - - [30/Jun/2022:02:04:04 +0000] "GET /api/v1/goods/user?limit=100 HTTP/1.0" 304 - "-" "okhttp/4.9.2"
::ffff:127.0.0.1 - - [30/Jun/2022:02:04:05 +0000] "GET /api/v1/transactions/basket?limit=100&sort=-createdAt HTTP/1.0" 304 - "-" "okhttp/4.9.2"
::1 - - [30/Jun/2022:02:05:59 +0000] "GET /.env HTTP/1.0" 404 143 "-" "Mozilla/5.0 (X11; Linux x86_64) AppleWebKit/537.36 (KHTML, like Gecko) Chrome/81.0.4044.129 Safari/537.36"
::ffff:127.0.0.1 - - [30/Jun/2022:02:05:59 +0000] "POST / HTTP/1.0" 404 140 "-" "Mozilla/5.0 (X11; Linux x86_64) AppleWebKit/537.36 (KHTML, like Gecko) Chrome/81.0.4044.129 Safari/537.36"
::1 - - [30/Jun/2022:02:07:05 +0000] "POST /api/v1/goods HTTP/1.0" 200 370 "-" "okhttp/4.9.2"
::ffff:127.0.0.1 - - [30/Jun/2022:02:07:06 +0000] "POST /api/v1/transactions HTTP/1.0" 200 254 "-" "okhttp/4.9.2"
::1 - - [30/Jun/2022:02:07:16 +0000] "POST /api/v1/goods HTTP/1.0" 200 370 "-" "okhttp/4.9.2"
::ffff:127.0.0.1 - - [30/Jun/2022:02:07:16 +0000] "POST /api/v1/transactions HTTP/1.0" 200 254 "-" "okhttp/4.9.2"
::1 - - [30/Jun/2022:02:08:54 +0000] "PUT /api/v1/goods/62bd054985a9c396eaf06089/upload-photo HTTP/1.0" 200 60 "-" "okhttp/4.9.2"
::ffff:127.0.0.1 - - [30/Jun/2022:02:08:55 +0000] "GET /api/v1/goods/user?limit=100 HTTP/1.0" 200 1343 "-" "okhttp/4.9.2"
::1 - - [30/Jun/2022:02:08:55 +0000] "GET /api/v1/transactions/basket?limit=100&sort=-createdAt HTTP/1.0" 200 1128 "-" "okhttp/4.9.2"
::1 - - [30/Jun/2022:02:09:04 +0000] "GET /upload/undefined HTTP/1.0" 404 155 "-" "okhttp/4.9.2"
::ffff:127.0.0.1 - - [30/Jun/2022:02:09:04 +0000] "GET /api/v1/goods/62bd054985a9c396eaf06089 HTTP/1.0" 200 450 "-" "okhttp/4.9.2"
::ffff:127.0.0.1 - - [30/Jun/2022:02:09:04 +0000] "GET /api/v1/goods/user?limit=100 HTTP/1.0" 304 - "-" "okhttp/4.9.2"
::ffff:127.0.0.1 - - [30/Jun/2022:02:09:04 +0000] "GET /api/v1/transactions/basket?limit=100&sort=-createdAt HTTP/1.0" 304 - "-" "okhttp/4.9.2"
::1 - - [30/Jun/2022:02:09:07 +0000] "DELETE /api/v1/goods/62bd054985a9c396eaf06089 HTTP/1.0" 200 392 "-" "okhttp/4.9.2"
::ffff:127.0.0.1 - - [30/Jun/2022:02:09:08 +0000] "GET /api/v1/goods/user?limit=100 HTTP/1.0" 200 916 "-" "okhttp/4.9.2"
::1 - - [30/Jun/2022:02:09:08 +0000] "GET /api/v1/transactions/basket?limit=100&sort=-createdAt HTTP/1.0" 200 773 "-" "okhttp/4.9.2"
::ffff:127.0.0.1 - - [30/Jun/2022:02:09:38 +0000] "PUT /api/v1/goods/62bd055485a9c396eaf0608e/upload-photo HTTP/1.0" 200 60 "-" "okhttp/4.9.2"
::1 - - [30/Jun/2022:02:09:41 +0000] "GET /api/v1/categories HTTP/1.0" 304 - "-" "okhttp/4.9.2"
::ffff:127.0.0.1 - - [30/Jun/2022:02:09:42 +0000] "GET /api/v1/transactions/basket?limit=100&sort=-createdAt HTTP/1.0" 200 795 "-" "okhttp/4.9.2"
::1 - - [30/Jun/2022:02:09:42 +0000] "GET /api/v1/goods/user?limit=100 HTTP/1.0" 200 938 "-" "okhttp/4.9.2"
::ffff:127.0.0.1 - - [30/Jun/2022:02:11:29 +0000] "POST /api/v1/goods HTTP/1.0" 200 347 "-" "okhttp/4.9.2"
::1 - - [30/Jun/2022:02:11:30 +0000] "POST /api/v1/transactions HTTP/1.0" - - "-" "okhttp/4.9.2"
::ffff:127.0.0.1 - - [30/Jun/2022:02:16:01 +0000] "GET / HTTP/1.0" 404 139 "-" "Mozilla/5.0 zgrab/0.x"
::1 - - [30/Jun/2022:02:17:15 +0000] "POST /api/v1/users/login HTTP/1.0" 200 533 "-" "okhttp/4.9.2"
::ffff:127.0.0.1 - - [30/Jun/2022:02:17:15 +0000] "GET /api/v1/categories HTTP/1.0" 200 407 "-" "okhttp/4.9.2"
::1 - - [30/Jun/2022:02:17:15 +0000] "GET /api/v1/goods/user?limit=100 HTTP/1.0" 200 1320 "-" "okhttp/4.9.2"
::ffff:127.0.0.1 - - [30/Jun/2022:02:17:15 +0000] "GET /api/v1/transactions/basket?limit=100&sort=-createdAt HTTP/1.0" 200 1107 "-" "okhttp/4.9.2"
::1 - - [30/Jun/2022:02:17:31 +0000] "POST /api/v1/bills/receipt HTTP/1.0" 200 284 "-" "okhttp/4.9.2"
::ffff:127.0.0.1 - - [30/Jun/2022:02:17:31 +0000] "GET /api/v1/transactions/basket?limit=100&sort=-createdAt HTTP/1.0" 200 105 "-" "okhttp/4.9.2"
::1 - - [30/Jun/2022:02:17:31 +0000] "GET /api/v1/transactions/basket?limit=100&sort=-createdAt HTTP/1.0" 200 105 "-" "okhttp/4.9.2"
::1 - - [30/Jun/2022:02:18:16 +0000] "GET /upload/undefined HTTP/1.0" 404 155 "-" "okhttp/4.9.2"
::ffff:127.0.0.1 - - [30/Jun/2022:02:18:16 +0000] "GET /api/v1/goods/62bd055485a9c396eaf0608e HTTP/1.0" 200 450 "-" "okhttp/4.9.2"
::1 - - [30/Jun/2022:02:18:16 +0000] "GET /api/v1/transactions/basket?limit=100&sort=-createdAt HTTP/1.0" 304 - "-" "okhttp/4.9.2"
::ffff:127.0.0.1 - - [30/Jun/2022:02:18:16 +0000] "GET /api/v1/goods/user?limit=100 HTTP/1.0" 200 1321 "-" "okhttp/4.9.2"
::1 - - [30/Jun/2022:02:18:18 +0000] "GET /api/v1/categories HTTP/1.0" 304 - "-" "okhttp/4.9.2"
::ffff:127.0.0.1 - - [30/Jun/2022:02:18:24 +0000] "GET /api/v1/transactions/basket?limit=100&sort=-createdAt HTTP/1.0" 304 - "-" "okhttp/4.9.2"
::1 - - [30/Jun/2022:02:18:24 +0000] "GET /api/v1/goods/user?limit=100 HTTP/1.0" 304 - "-" "okhttp/4.9.2"
::ffff:127.0.0.1 - - [30/Jun/2022:02:20:02 +0000] "GET /vendor/phpunit/phpunit/src/Util/PHP/eval-stdin.php HTTP/1.0" 404 189 "-" "Mozilla/5.0 (Windows NT 10.0; Win64; x64) AppleWebKit/537.36 (KHTML, like Gecko) Chrome/78.0.3904.108 Safari/537.36"
::1 - - [30/Jun/2022:02:22:59 +0000] "GET /api/v1/transactions/basket?limit=100&sort=-createdAt HTTP/1.0" 200 105 "-" "okhttp/4.9.2"
::1 - - [30/Jun/2022:02:22:59 +0000] "GET /api/v1/categories HTTP/1.0" 304 - "-" "okhttp/4.9.2"
::ffff:127.0.0.1 - - [30/Jun/2022:02:22:59 +0000] "GET /api/v1/goods/user?limit=100 HTTP/1.0" 200 1321 "-" "okhttp/4.9.2"
::ffff:127.0.0.1 - - [30/Jun/2022:02:23:07 +0000] "GET /api/v1/bills/user?limit=1000&sort=-createdAt HTTP/1.0" 200 366 "-" "okhttp/4.9.2"
::ffff:127.0.0.1 - - [30/Jun/2022:02:23:07 +0000] "GET /api/v1/transactions/basket?limit=100&sort=-createdAt HTTP/1.0" 304 - "-" "okhttp/4.9.2"
::1 - - [30/Jun/2022:02:23:07 +0000] "GET /api/v1/goods/user?limit=100 HTTP/1.0" 304 - "-" "okhttp/4.9.2"
::ffff:127.0.0.1 - - [30/Jun/2022:02:23:11 +0000] "GET /api/v1/bills/user?limit=1000&sort=-createdAt HTTP/1.0" 304 - "-" "okhttp/4.9.2"
::1 - - [30/Jun/2022:02:23:11 +0000] "GET /api/v1/transactions/user?bill=62bd07ba85a9c396eaf060c6 HTTP/1.0" 200 1406 "-" "okhttp/4.9.2"
::1 - - [30/Jun/2022:02:23:11 +0000] "GET /upload/no-photo.jpg HTTP/1.0" 404 158 "-" "okhttp/4.9.2"
::ffff:127.0.0.1 - - [30/Jun/2022:02:23:26 +0000] "GET /api/v1/bills/user?limit=1000&sort=-createdAt HTTP/1.0" 304 - "-" "okhttp/4.9.2"
::1 - - [30/Jun/2022:02:23:30 +0000] "GET /api/v1/transactions/basket?limit=100&sort=-createdAt HTTP/1.0" 304 - "-" "okhttp/4.9.2"
::ffff:127.0.0.1 - - [30/Jun/2022:02:23:30 +0000] "GET /api/v1/bills/user?limit=1000&sort=-createdAt HTTP/1.0" 304 - "-" "okhttp/4.9.2"
::1 - - [30/Jun/2022:02:23:30 +0000] "GET /api/v1/goods/user?limit=100 HTTP/1.0" 304 - "-" "okhttp/4.9.2"
::1 - - [30/Jun/2022:02:24:33 +0000] "GET /api/v1/transactions/basket?limit=100&sort=-createdAt HTTP/1.0" 304 - "-" "okhttp/4.9.2"
::ffff:127.0.0.1 - - [30/Jun/2022:02:24:33 +0000] "GET /api/v1/categories HTTP/1.0" 304 - "-" "okhttp/4.9.2"
::ffff:127.0.0.1 - - [30/Jun/2022:02:24:33 +0000] "GET /api/v1/goods/user?limit=100 HTTP/1.0" 304 - "-" "okhttp/4.9.2"
::1 - - [30/Jun/2022:02:26:03 +0000] "POST /api/v1/goods HTTP/1.0" 200 344 "-" "okhttp/4.9.2"
::ffff:127.0.0.1 - - [30/Jun/2022:02:26:03 +0000] "POST /api/v1/transactions HTTP/1.0" 200 254 "-" "okhttp/4.9.2"
::1 - - [30/Jun/2022:02:26:04 +0000] "PUT /api/v1/goods/62bd09bb85a9c396eaf0610b/upload-photo HTTP/1.0" 200 60 "-" "okhttp/4.9.2"
::ffff:127.0.0.1 - - [30/Jun/2022:02:26:05 +0000] "GET /api/v1/transactions/basket?limit=100&sort=-createdAt HTTP/1.0" 200 438 "-" "okhttp/4.9.2"
::1 - - [30/Jun/2022:02:26:05 +0000] "GET /api/v1/goods/user?limit=100 HTTP/1.0" 200 1726 "-" "okhttp/4.9.2"
::ffff:127.0.0.1 - - [30/Jun/2022:02:26:18 +0000] "GET /api/v1/categories HTTP/1.0" 304 - "-" "okhttp/4.9.2"
::1 - - [30/Jun/2022:02:26:18 +0000] "GET /api/v1/goods/user?limit=100 HTTP/1.0" 304 - "-" "okhttp/4.9.2"
::ffff:127.0.0.1 - - [30/Jun/2022:02:26:18 +0000] "GET /api/v1/transactions/basket?limit=100&sort=-createdAt HTTP/1.0" 304 - "-" "okhttp/4.9.2"
::1 - - [30/Jun/2022:02:28:10 +0000] "POST /api/v1/goods HTTP/1.0" 200 359 "-" "okhttp/4.9.2"
::ffff:127.0.0.1 - - [30/Jun/2022:02:28:10 +0000] "POST /api/v1/transactions HTTP/1.0" 200 255 "-" "okhttp/4.9.2"
::1 - - [30/Jun/2022:02:28:11 +0000] "PUT /api/v1/goods/62bd0a3a85a9c396eaf06120/upload-photo HTTP/1.0" 200 60 "-" "okhttp/4.9.2"
::ffff:127.0.0.1 - - [30/Jun/2022:02:28:12 +0000] "GET /api/v1/transactions/basket?limit=100&sort=-createdAt HTTP/1.0" 200 782 "-" "okhttp/4.9.2"
::1 - - [30/Jun/2022:02:28:12 +0000] "GET /api/v1/goods/user?limit=100 HTTP/1.0" 200 2146 "-" "okhttp/4.9.2"
::ffff:127.0.0.1 - - [30/Jun/2022:02:28:18 +0000] "GET /api/v1/categories HTTP/1.0" 304 - "-" "okhttp/4.9.2"
::1 - - [30/Jun/2022:02:28:18 +0000] "GET /api/v1/goods/user?limit=100 HTTP/1.0" 304 - "-" "okhttp/4.9.2"
::ffff:127.0.0.1 - - [30/Jun/2022:02:28:18 +0000] "GET /api/v1/transactions/basket?limit=100&sort=-createdAt HTTP/1.0" 304 - "-" "okhttp/4.9.2"
::1 - - [30/Jun/2022:02:29:31 +0000] "POST /api/v1/goods HTTP/1.0" 200 351 "-" "okhttp/4.9.2"
::ffff:127.0.0.1 - - [30/Jun/2022:02:29:31 +0000] "POST /api/v1/transactions HTTP/1.0" 200 255 "-" "okhttp/4.9.2"
::1 - - [30/Jun/2022:02:29:32 +0000] "PUT /api/v1/goods/62bd0a8b85a9c396eaf06135/upload-photo HTTP/1.0" 200 60 "-" "okhttp/4.9.2"
::ffff:127.0.0.1 - - [30/Jun/2022:02:29:33 +0000] "GET /api/v1/transactions/basket?limit=100&sort=-createdAt HTTP/1.0" 200 1119 "-" "okhttp/4.9.2"
::1 - - [30/Jun/2022:02:29:33 +0000] "GET /api/v1/goods/user?limit=100 HTTP/1.0" 200 2558 "-" "okhttp/4.9.2"
::ffff:127.0.0.1 - - [30/Jun/2022:02:29:44 +0000] "POST /api/v1/bills/receipt HTTP/1.0" 200 284 "-" "okhttp/4.9.2"
::1 - - [30/Jun/2022:02:29:45 +0000] "GET /api/v1/transactions/basket?limit=100&sort=-createdAt HTTP/1.0" 200 105 "-" "okhttp/4.9.2"
::ffff:127.0.0.1 - - [30/Jun/2022:02:29:45 +0000] "GET /api/v1/transactions/basket?limit=100&sort=-createdAt HTTP/1.0" 200 105 "-" "okhttp/4.9.2"
::1 - - [30/Jun/2022:02:30:01 +0000] "GET /api/v1/goods/user?limit=100 HTTP/1.0" 200 2559 "-" "okhttp/4.9.2"
::ffff:127.0.0.1 - - [30/Jun/2022:02:30:01 +0000] "GET /api/v1/goods/user?limit=100 HTTP/1.0" 200 2559 "-" "okhttp/4.9.2"
::1 - - [30/Jun/2022:02:30:01 +0000] "GET /api/v1/transactions/basket?limit=100&sort=-createdAt HTTP/1.0" 304 - "-" "okhttp/4.9.2"
::ffff:127.0.0.1 - - [30/Jun/2022:02:30:04 +0000] "GET /api/v1/transactions/basket?limit=100&sort=-createdAt HTTP/1.0" 304 - "-" "okhttp/4.9.2"
::1 - - [30/Jun/2022:02:30:04 +0000] "GET /api/v1/goods/user?limit=100 HTTP/1.0" 304 - "-" "okhttp/4.9.2"
::ffff:127.0.0.1 - - [30/Jun/2022:02:30:04 +0000] "GET /api/v1/goods/user?limit=100 HTTP/1.0" 304 - "-" "okhttp/4.9.2"
::ffff:127.0.0.1 - - [30/Jun/2022:02:30:08 +0000] "GET /api/v1/transactions/basket?limit=100&sort=-createdAt HTTP/1.0" 304 - "-" "okhttp/4.9.2"
::1 - - [30/Jun/2022:02:30:08 +0000] "GET /api/v1/goods/user?limit=100 HTTP/1.0" 304 - "-" "okhttp/4.9.2"
::1 - - [30/Jun/2022:02:30:08 +0000] "GET /api/v1/goods/user?limit=100 HTTP/1.0" 304 - "-" "okhttp/4.9.2"
::ffff:127.0.0.1 - - [30/Jun/2022:02:30:14 +0000] "GET /api/v1/bills/user?limit=1000&sort=-createdAt HTTP/1.0" 200 627 "-" "okhttp/4.9.2"
::1 - - [30/Jun/2022:02:30:14 +0000] "GET /api/v1/goods/user?limit=100 HTTP/1.0" 304 - "-" "okhttp/4.9.2"
::1 - - [30/Jun/2022:02:30:17 +0000] "GET /api/v1/bills/user?limit=1000&sort=-createdAt HTTP/1.0" 304 - "-" "okhttp/4.9.2"
::ffff:127.0.0.1 - - [30/Jun/2022:02:30:17 +0000] "GET /api/v1/transactions/user?bill=62bd0a9885a9c396eaf06141 HTTP/1.0" 200 1430 "-" "okhttp/4.9.2"
::1 - - [30/Jun/2022:02:30:22 +0000] "GET /api/v1/bills/user?limit=1000&sort=-createdAt HTTP/1.0" 304 - "-" "okhttp/4.9.2"
::ffff:127.0.0.1 - - [30/Jun/2022:02:30:25 +0000] "HEAD / HTTP/1.0" 404 140 "-" "-"
::ffff:127.0.0.1 - - [30/Jun/2022:02:30:25 +0000] "GET /system_api.php HTTP/1.0" 404 153 "-" "Mozilla/5.0 (Windows NT 10.0; Win64; x64) AppleWebKit/537.36 (KHTML, like Gecko) Chrome/74.0.3729.169 Safari/537.36"
::ffff:127.0.0.1 - - [30/Jun/2022:02:30:25 +0000] "GET /api/v1/bills/user?limit=1000&sort=-createdAt HTTP/1.0" 304 - "-" "okhttp/4.9.2"
::1 - - [30/Jun/2022:02:30:25 +0000] "GET /api/v1/transactions/basket?limit=100&sort=-createdAt HTTP/1.0" 304 - "-" "okhttp/4.9.2"
::1 - - [30/Jun/2022:02:30:25 +0000] "GET /api/v1/goods/user?limit=100 HTTP/1.0" 304 - "-" "okhttp/4.9.2"
::1 - - [30/Jun/2022:02:30:25 +0000] "GET /c/version.js HTTP/1.0" 404 151 "-" "Mozilla/5.0 (Windows NT 10.0; Win64; x64) AppleWebKit/537.36 (KHTML, like Gecko) Chrome/74.0.3729.169 Safari/537.36"
::ffff:127.0.0.1 - - [30/Jun/2022:02:30:25 +0000] "GET /streaming/clients_live.php HTTP/1.0" 404 165 "-" "Mozilla/5.0 (Windows NT 10.0; Win64; x64) AppleWebKit/537.36 (KHTML, like Gecko) Chrome/74.0.3729.169 Safari/537.36"
::1 - - [30/Jun/2022:02:30:25 +0000] "GET /stalker_portal/c/version.js HTTP/1.0" 404 166 "-" "Mozilla/5.0 (Windows NT 10.0; Win64; x64) AppleWebKit/537.36 (KHTML, like Gecko) Chrome/74.0.3729.169 Safari/537.36"
::ffff:127.0.0.1 - - [30/Jun/2022:02:30:25 +0000] "GET /stream/live.php HTTP/1.0" 404 154 "-" "VLC/3.0.8 LibVLC/3.0.8"
::1 - - [30/Jun/2022:02:30:25 +0000] "GET /flu/403.html HTTP/1.0" 404 151 "-" "Mozilla/5.0 (Windows NT 10.0; Win64; x64) AppleWebKit/537.36 (KHTML, like Gecko) Chrome/74.0.3729.169 Safari/537.36"
::ffff:127.0.0.1 - - [30/Jun/2022:02:30:25 +0000] "GET / HTTP/1.0" 404 139 "-" "Mozilla/5.0 (Windows NT 10.0; Win64; x64) AppleWebKit/537.36 (KHTML, like Gecko) Chrome/74.0.3729.169 Safari/537.36"
::1 - - [30/Jun/2022:02:30:36 +0000] "POST /api/v1/transactions HTTP/1.0" 200 255 "-" "okhttp/4.9.2"
::ffff:127.0.0.1 - - [30/Jun/2022:02:30:36 +0000] "GET /api/v1/transactions/basket?limit=100&sort=-createdAt HTTP/1.0" 200 439 "-" "okhttp/4.9.2"
::1 - - [30/Jun/2022:02:30:36 +0000] "GET /api/v1/transactions/basket?limit=100&sort=-createdAt HTTP/1.0" 200 439 "-" "okhttp/4.9.2"
::ffff:127.0.0.1 - - [30/Jun/2022:02:30:50 +0000] "POST /api/v1/transactions HTTP/1.0" 200 254 "-" "okhttp/4.9.2"
::1 - - [30/Jun/2022:02:30:50 +0000] "GET /api/v1/transactions/basket?limit=100&sort=-createdAt HTTP/1.0" 200 775 "-" "okhttp/4.9.2"
::ffff:127.0.0.1 - - [30/Jun/2022:02:30:51 +0000] "GET /api/v1/transactions/basket?limit=100&sort=-createdAt HTTP/1.0" 200 775 "-" "okhttp/4.9.2"
::1 - - [30/Jun/2022:02:30:58 +0000] "POST /api/v1/bills/drain HTTP/1.0" 200 285 "-" "okhttp/4.9.2"
::ffff:127.0.0.1 - - [30/Jun/2022:02:30:58 +0000] "GET /api/v1/transactions/basket?limit=100&sort=-createdAt HTTP/1.0" 200 105 "-" "okhttp/4.9.2"
::1 - - [30/Jun/2022:02:30:58 +0000] "GET /api/v1/transactions/basket?limit=100&sort=-createdAt HTTP/1.0" 200 105 "-" "okhttp/4.9.2"
::ffff:127.0.0.1 - - [30/Jun/2022:02:31:01 +0000] "GET /api/v1/transactions/basket?limit=100&sort=-createdAt HTTP/1.0" 304 - "-" "okhttp/4.9.2"
::ffff:127.0.0.1 - - [30/Jun/2022:02:31:01 +0000] "GET /api/v1/bills/user?limit=1000&sort=-createdAt HTTP/1.0" 200 889 "-" "okhttp/4.9.2"
::1 - - [30/Jun/2022:02:31:01 +0000] "GET /api/v1/goods/user?limit=100 HTTP/1.0" 200 2559 "-" "okhttp/4.9.2"
::1 - - [30/Jun/2022:02:31:02 +0000] "GET /api/v1/bills/user?limit=1000&sort=-createdAt HTTP/1.0" 304 - "-" "okhttp/4.9.2"
::ffff:127.0.0.1 - - [30/Jun/2022:02:31:05 +0000] "GET /api/v1/bills/user?limit=1000&sort=-createdAt HTTP/1.0" 304 - "-" "okhttp/4.9.2"
::ffff:127.0.0.1 - - [30/Jun/2022:02:31:13 +0000] "GET /api/v1/bills/user?limit=1000&sort=-createdAt HTTP/1.0" 304 - "-" "okhttp/4.9.2"
::1 - - [30/Jun/2022:02:31:13 +0000] "GET /api/v1/transactions/user?bill=62bd0ae285a9c396eaf0618f HTTP/1.0" 200 990 "-" "okhttp/4.9.2"
::ffff:127.0.0.1 - - [30/Jun/2022:02:31:18 +0000] "GET /api/v1/bills/user?limit=1000&sort=-createdAt HTTP/1.0" 304 - "-" "okhttp/4.9.2"
::1 - - [30/Jun/2022:02:31:19 +0000] "GET /api/v1/bills/user?limit=1000&sort=-createdAt HTTP/1.0" 304 - "-" "okhttp/4.9.2"
::ffff:127.0.0.1 - - [30/Jun/2022:02:31:19 +0000] "GET /api/v1/transactions/basket?limit=100&sort=-createdAt HTTP/1.0" 304 - "-" "okhttp/4.9.2"
::1 - - [30/Jun/2022:02:31:19 +0000] "GET /api/v1/goods/user?limit=100 HTTP/1.0" 304 - "-" "okhttp/4.9.2"
::ffff:127.0.0.1 - - [30/Jun/2022:03:20:26 +0000] "GET /solr/admin/info/system?wt=json HTTP/1.0" 404 161 "-" "Mozilla/5.0 (Windows NT 10.0; Win64; x64) AppleWebKit/537.36 (KHTML, like Gecko) Chrome/78.0.3904.108 Safari/537.36"
::ffff:127.0.0.1 - - [30/Jun/2022:03:35:24 +0000] "GET /index.php?s=/Index/\think\app/invokefunction&function=call_user_func_array&vars[0]=md5&vars[1][]=HelloThinkPHP21 HTTP/1.0" 404 148 "-" "Mozilla/5.0 (Windows NT 10.0; Win64; x64) AppleWebKit/537.36 (KHTML, like Gecko) Chrome/78.0.3904.108 Safari/537.36"
::1 - - [30/Jun/2022:04:16:14 +0000] "GET /api/v1/bills/user?limit=1000&sort=-createdAt HTTP/1.0" 200 889 "-" "okhttp/4.9.2"
::ffff:127.0.0.1 - - [30/Jun/2022:04:16:14 +0000] "GET /api/v1/transactions/basket?limit=100&sort=-createdAt HTTP/1.0" 200 105 "-" "okhttp/4.9.2"
::1 - - [30/Jun/2022:04:16:14 +0000] "GET /api/v1/goods/user?limit=100 HTTP/1.0" 200 2559 "-" "okhttp/4.9.2"
::1 - - [30/Jun/2022:04:16:16 +0000] "GET /api/v1/bills/user?limit=1000&sort=-createdAt HTTP/1.0" 304 - "-" "okhttp/4.9.2"
::ffff:127.0.0.1 - - [30/Jun/2022:04:16:16 +0000] "GET /api/v1/transactions/user?bill=62bd0a9885a9c396eaf06141 HTTP/1.0" 200 1430 "-" "okhttp/4.9.2"
::1 - - [30/Jun/2022:04:16:20 +0000] "GET /api/v1/bills/user?limit=1000&sort=-createdAt HTTP/1.0" 304 - "-" "okhttp/4.9.2"
::1 - - [30/Jun/2022:04:16:21 +0000] "GET /api/v1/bills/user?limit=1000&sort=-createdAt HTTP/1.0" 304 - "-" "okhttp/4.9.2"
::ffff:127.0.0.1 - - [30/Jun/2022:04:16:21 +0000] "GET /api/v1/transactions/user?bill=62bd07ba85a9c396eaf060c6 HTTP/1.0" 200 1419 "-" "okhttp/4.9.2"
::ffff:127.0.0.1 - - [30/Jun/2022:04:16:21 +0000] "GET /upload/no-photo.jpg HTTP/1.0" 404 158 "-" "okhttp/4.9.2"
::1 - - [30/Jun/2022:04:16:25 +0000] "GET /api/v1/bills/user?limit=1000&sort=-createdAt HTTP/1.0" 304 - "-" "okhttp/4.9.2"
::1 - - [30/Jun/2022:04:16:28 +0000] "GET /api/v1/bills/user?limit=1000&sort=-createdAt HTTP/1.0" 304 - "-" "okhttp/4.9.2"
::ffff:127.0.0.1 - - [30/Jun/2022:04:16:28 +0000] "GET /api/v1/transactions/user?bill=62bd0ae285a9c396eaf0618f HTTP/1.0" 200 990 "-" "okhttp/4.9.2"
::ffff:127.0.0.1 - - [30/Jun/2022:04:16:31 +0000] "GET /api/v1/bills/user?limit=1000&sort=-createdAt HTTP/1.0" 304 - "-" "okhttp/4.9.2"
::ffff:127.0.0.1 - - [30/Jun/2022:04:16:32 +0000] "GET /api/v1/transactions/basket?limit=100&sort=-createdAt HTTP/1.0" 304 - "-" "okhttp/4.9.2"
::1 - - [30/Jun/2022:04:16:32 +0000] "GET /api/v1/bills/user?limit=1000&sort=-createdAt HTTP/1.0" 304 - "-" "okhttp/4.9.2"
::1 - - [30/Jun/2022:04:16:32 +0000] "GET /api/v1/goods/user?limit=100 HTTP/1.0" 304 - "-" "okhttp/4.9.2"
::ffff:127.0.0.1 - - [30/Jun/2022:04:16:38 +0000] "GET /api/v1/goods/user?limit=100&select=quantity%20price%20photo%20name HTTP/1.0" 200 1642 "-" "okhttp/4.9.2"
::ffff:127.0.0.1 - - [30/Jun/2022:04:16:38 +0000] "GET /api/v1/transactions/basket?limit=100&sort=-createdAt HTTP/1.0" 304 - "-" "okhttp/4.9.2"
::1 - - [30/Jun/2022:04:16:38 +0000] "GET /api/v1/goods/user?limit=100 HTTP/1.0" 304 - "-" "okhttp/4.9.2"
::1 - - [30/Jun/2022:04:16:38 +0000] "GET /upload/no-photo.jpg HTTP/1.0" 404 158 "-" "okhttp/4.9.2"
::ffff:127.0.0.1 - - [30/Jun/2022:04:16:42 +0000] "GET /api/v1/transactions/basket?limit=100&sort=-createdAt HTTP/1.0" 304 - "-" "okhttp/4.9.2"
::1 - - [30/Jun/2022:04:16:42 +0000] "GET /api/v1/goods/user?limit=100 HTTP/1.0" 304 - "-" "okhttp/4.9.2"
::ffff:127.0.0.1 - - [30/Jun/2022:04:22:44 +0000] "GET /?a=fetch&content=<php>die(@md5(HelloThinkCMF))</php> HTTP/1.0" 404 139 "-" "Mozilla/5.0 (Windows NT 10.0; Win64; x64) AppleWebKit/537.36 (KHTML, like Gecko) Chrome/78.0.3904.108 Safari/537.36"
::1 - - [30/Jun/2022:04:47:24 +0000] "GET / HTTP/1.0" 404 139 "-" "Mozilla/5.0 (Windows NT 10.0; WOW64) AppleWebKit/537.36 (KHTML, like Gecko) Chrome/83.0.4103.116 Safari/537.37"
::ffff:127.0.0.1 - - [30/Jun/2022:05:00:27 +0000] "GET /api/v1/transactions/basket?limit=100&sort=-createdAt HTTP/1.0" 304 - "-" "okhttp/4.9.2"
::ffff:127.0.0.1 - - [30/Jun/2022:05:00:27 +0000] "GET /api/v1/bills/user?limit=1000&sort=-createdAt HTTP/1.0" 304 - "-" "okhttp/4.9.2"
::1 - - [30/Jun/2022:05:00:27 +0000] "GET /api/v1/goods/user?limit=100 HTTP/1.0" 304 - "-" "okhttp/4.9.2"
::ffff:127.0.0.1 - - [30/Jun/2022:05:00:46 +0000] "GET /api/v1/bills/user?limit=1000&sort=-createdAt HTTP/1.0" 304 - "-" "okhttp/4.9.2"
::1 - - [30/Jun/2022:05:00:46 +0000] "GET /api/v1/transactions/user?bill=62bd07ba85a9c396eaf060c6 HTTP/1.0" 304 - "-" "okhttp/4.9.2"
::1 - - [30/Jun/2022:05:00:46 +0000] "GET /upload/no-photo.jpg HTTP/1.0" 404 158 "-" "okhttp/4.9.2"
::ffff:127.0.0.1 - - [30/Jun/2022:05:00:55 +0000] "GET /api/v1/bills/user?limit=1000&sort=-createdAt HTTP/1.0" 304 - "-" "okhttp/4.9.2"
::ffff:127.0.0.1 - - [30/Jun/2022:05:00:56 +0000] "GET /api/v1/bills/user?limit=1000&sort=-createdAt HTTP/1.0" 304 - "-" "okhttp/4.9.2"
::1 - - [30/Jun/2022:05:00:57 +0000] "GET /api/v1/transactions/user?bill=62bd0a9885a9c396eaf06141 HTTP/1.0" 304 - "-" "okhttp/4.9.2"
::1 - - [30/Jun/2022:05:01:01 +0000] "GET /api/v1/bills/user?limit=1000&sort=-createdAt HTTP/1.0" 304 - "-" "okhttp/4.9.2"
::ffff:127.0.0.1 - - [30/Jun/2022:05:01:11 +0000] "GET / HTTP/1.0" 404 139 "-" "-"
::ffff:127.0.0.1 - - [30/Jun/2022:05:01:16 +0000] "GET /api/v1/bills/user?limit=1000&sort=-createdAt HTTP/1.0" 304 - "-" "okhttp/4.9.2"
::1 - - [30/Jun/2022:05:01:16 +0000] "GET /api/v1/transactions/user?bill=62bd0ae285a9c396eaf0618f HTTP/1.0" 304 - "-" "okhttp/4.9.2"
::1 - - [30/Jun/2022:05:01:30 +0000] "GET /api/v1/bills/user?limit=1000&sort=-createdAt HTTP/1.0" 304 - "-" "okhttp/4.9.2"
::1 - - [30/Jun/2022:05:01:32 +0000] "GET /api/v1/transactions/basket?limit=100&sort=-createdAt HTTP/1.0" 304 - "-" "okhttp/4.9.2"
::ffff:127.0.0.1 - - [30/Jun/2022:05:01:32 +0000] "GET /api/v1/bills/user?limit=1000&sort=-createdAt HTTP/1.0" 304 - "-" "okhttp/4.9.2"
::ffff:127.0.0.1 - - [30/Jun/2022:05:01:32 +0000] "GET /api/v1/goods/user?limit=100 HTTP/1.0" 304 - "-" "okhttp/4.9.2"
::1 - - [30/Jun/2022:05:05:21 +0000] "GET /api/v1/transactions/basket?limit=100&sort=-createdAt HTTP/1.0" 304 - "-" "okhttp/4.9.2"
::ffff:127.0.0.1 - - [30/Jun/2022:05:05:21 +0000] "GET /api/v1/goods/user?limit=100 HTTP/1.0" 304 - "-" "okhttp/4.9.2"
::1 - - [30/Jun/2022:05:05:22 +0000] "GET /api/v1/users/logout HTTP/1.0" 200 39 "-" "okhttp/4.9.2"
::ffff:127.0.0.1 - - [30/Jun/2022:05:06:09 +0000] "GET /.env HTTP/1.0" 404 143 "-" "Mozilla/5.0 (X11; Linux x86_64) AppleWebKit/537.36 (KHTML, like Gecko) Chrome/81.0.4044.129 Safari/537.36"
::1 - - [30/Jun/2022:05:06:12 +0000] "POST / HTTP/1.0" 404 140 "-" "Mozilla/5.0 (X11; Linux x86_64) AppleWebKit/537.36 (KHTML, like Gecko) Chrome/81.0.4044.129 Safari/537.36"
::ffff:127.0.0.1 - - [30/Jun/2022:05:07:50 +0000] "POST /api/v1/users HTTP/1.0" 200 523 "-" "okhttp/4.9.2"
::1 - - [30/Jun/2022:05:08:07 +0000] "POST /api/v1/users/login HTTP/1.0" 200 523 "-" "okhttp/4.9.2"
::ffff:127.0.0.1 - - [30/Jun/2022:05:08:07 +0000] "GET /api/v1/categories HTTP/1.0" 304 - "-" "okhttp/4.9.2"
::1 - - [30/Jun/2022:05:08:07 +0000] "GET /api/v1/goods/user?limit=100 HTTP/1.0" 200 105 "-" "okhttp/4.9.2"
::ffff:127.0.0.1 - - [30/Jun/2022:05:08:07 +0000] "GET /api/v1/transactions/basket?limit=100&sort=-createdAt HTTP/1.0" 304 - "-" "okhttp/4.9.2"
::1 - - [30/Jun/2022:05:08:34 +0000] "GET /api/v1/categories HTTP/1.0" 304 - "-" "okhttp/4.9.2"
::ffff:127.0.0.1 - - [30/Jun/2022:05:08:34 +0000] "GET /api/v1/goods/user?limit=100 HTTP/1.0" 304 - "-" "okhttp/4.9.2"
::1 - - [30/Jun/2022:05:08:34 +0000] "GET /api/v1/transactions/basket?limit=100&sort=-createdAt HTTP/1.0" 304 - "-" "okhttp/4.9.2"
::ffff:127.0.0.1 - - [30/Jun/2022:05:11:21 +0000] "POST /api/v1/goods HTTP/1.0" 200 335 "-" "okhttp/4.9.2"
::1 - - [30/Jun/2022:05:11:22 +0000] "POST /api/v1/transactions HTTP/1.0" 200 255 "-" "okhttp/4.9.2"
::ffff:127.0.0.1 - - [30/Jun/2022:05:11:27 +0000] "PUT /api/v1/goods/62bd307985a9c396eaf06222/upload-photo HTTP/1.0" 200 60 "-" "okhttp/4.9.2"
::1 - - [30/Jun/2022:05:11:27 +0000] "GET /api/v1/transactions/basket?limit=100&sort=-createdAt HTTP/1.0" 200 437 "-" "okhttp/4.9.2"
::ffff:127.0.0.1 - - [30/Jun/2022:05:11:27 +0000] "GET /api/v1/goods/user?limit=100 HTTP/1.0" 200 500 "-" "okhttp/4.9.2"
::1 - - [30/Jun/2022:05:12:11 +0000] "GET /api/v1/categories HTTP/1.0" 304 - "-" "okhttp/4.9.2"
::ffff:127.0.0.1 - - [30/Jun/2022:05:12:11 +0000] "GET /api/v1/goods/user?limit=100 HTTP/1.0" 304 - "-" "okhttp/4.9.2"
::1 - - [30/Jun/2022:05:12:12 +0000] "GET /api/v1/transactions/basket?limit=100&sort=-createdAt HTTP/1.0" 304 - "-" "okhttp/4.9.2"
::ffff:127.0.0.1 - - [30/Jun/2022:05:13:46 +0000] "POST /api/v1/goods HTTP/1.0" 200 354 "-" "okhttp/4.9.2"
::1 - - [30/Jun/2022:05:13:47 +0000] "POST /api/v1/transactions HTTP/1.0" 200 255 "-" "okhttp/4.9.2"
::ffff:127.0.0.1 - - [30/Jun/2022:05:13:53 +0000] "PUT /api/v1/goods/62bd310a85a9c396eaf06237/upload-photo HTTP/1.0" 200 60 "-" "okhttp/4.9.2"
::1 - - [30/Jun/2022:05:13:53 +0000] "GET /api/v1/transactions/basket?limit=100&sort=-createdAt HTTP/1.0" 200 791 "-" "okhttp/4.9.2"
::ffff:127.0.0.1 - - [30/Jun/2022:05:13:53 +0000] "GET /api/v1/goods/user?limit=100 HTTP/1.0" 200 915 "-" "okhttp/4.9.2"
::1 - - [30/Jun/2022:05:14:28 +0000] "GET /upload/undefined HTTP/1.0" 404 155 "-" "okhttp/4.9.2"
::1 - - [30/Jun/2022:05:14:28 +0000] "GET /api/v1/goods/62bd310a85a9c396eaf06237 HTTP/1.0" 200 438 "-" "okhttp/4.9.2"
::ffff:127.0.0.1 - - [30/Jun/2022:05:14:28 +0000] "GET /api/v1/goods/user?limit=100 HTTP/1.0" 304 - "-" "okhttp/4.9.2"
::ffff:127.0.0.1 - - [30/Jun/2022:05:14:28 +0000] "GET /api/v1/transactions/basket?limit=100&sort=-createdAt HTTP/1.0" 304 - "-" "okhttp/4.9.2"
::ffff:127.0.0.1 - - [30/Jun/2022:05:14:32 +0000] "GET /api/v1/transactions/basket?limit=100&sort=-createdAt HTTP/1.0" 304 - "-" "okhttp/4.9.2"
::1 - - [30/Jun/2022:05:14:32 +0000] "GET /api/v1/goods/user?limit=100 HTTP/1.0" 304 - "-" "okhttp/4.9.2"
::ffff:127.0.0.1 - - [30/Jun/2022:05:14:40 +0000] "GET /api/v1/categories HTTP/1.0" 304 - "-" "okhttp/4.9.2"
::1 - - [30/Jun/2022:05:14:40 +0000] "GET /api/v1/goods/user?limit=100 HTTP/1.0" 304 - "-" "okhttp/4.9.2"
::ffff:127.0.0.1 - - [30/Jun/2022:05:14:40 +0000] "GET /api/v1/transactions/basket?limit=100&sort=-createdAt HTTP/1.0" 304 - "-" "okhttp/4.9.2"
::1 - - [30/Jun/2022:05:15:33 +0000] "GET / HTTP/1.0" 404 139 "-" "Mozilla/5.0 (X11; Ubuntu; Linux x86_64; rv:76.0) Gecko/20100101 Firefox/76.0"
::ffff:127.0.0.1 - - [30/Jun/2022:05:17:19 +0000] "POST /api/v1/goods HTTP/1.0" 200 364 "-" "okhttp/4.9.2"
::1 - - [30/Jun/2022:05:17:20 +0000] "POST /api/v1/transactions HTTP/1.0" 200 256 "-" "okhttp/4.9.2"
::ffff:127.0.0.1 - - [30/Jun/2022:05:17:25 +0000] "PUT /api/v1/goods/62bd31df85a9c396eaf0625a/upload-photo HTTP/1.0" 200 60 "-" "okhttp/4.9.2"
::ffff:127.0.0.1 - - [30/Jun/2022:05:17:26 +0000] "GET /api/v1/goods/user?limit=100 HTTP/1.0" 200 1340 "-" "okhttp/4.9.2"
::1 - - [30/Jun/2022:05:17:26 +0000] "GET /api/v1/transactions/basket?limit=100&sort=-createdAt HTTP/1.0" 200 1140 "-" "okhttp/4.9.2"
::1 - - [30/Jun/2022:05:18:27 +0000] "POST /api/v1/bills/receipt HTTP/1.0" 200 284 "-" "okhttp/4.9.2"
::ffff:127.0.0.1 - - [30/Jun/2022:05:18:27 +0000] "GET /api/v1/transactions/basket?limit=100&sort=-createdAt HTTP/1.0" 200 107 "-" "okhttp/4.9.2"
::1 - - [30/Jun/2022:05:18:27 +0000] "GET /api/v1/transactions/basket?limit=100&sort=-createdAt HTTP/1.0" 200 107 "-" "okhttp/4.9.2"
::ffff:127.0.0.1 - - [30/Jun/2022:05:18:34 +0000] "GET /upload/undefined HTTP/1.0" 404 155 "-" "okhttp/4.9.2"
::ffff:127.0.0.1 - - [30/Jun/2022:05:18:34 +0000] "GET /api/v1/goods/62bd31df85a9c396eaf0625a HTTP/1.0" 200 448 "-" "okhttp/4.9.2"
::1 - - [30/Jun/2022:05:18:34 +0000] "GET /api/v1/goods/user?limit=100 HTTP/1.0" 200 1340 "-" "okhttp/4.9.2"
::1 - - [30/Jun/2022:05:18:34 +0000] "GET /api/v1/transactions/basket?limit=100&sort=-createdAt HTTP/1.0" 304 - "-" "okhttp/4.9.2"
::ffff:127.0.0.1 - - [30/Jun/2022:05:18:36 +0000] "GET /api/v1/transactions/basket?limit=100&sort=-createdAt HTTP/1.0" 304 - "-" "okhttp/4.9.2"
::1 - - [30/Jun/2022:05:18:37 +0000] "GET /api/v1/goods/user?limit=100 HTTP/1.0" 304 - "-" "okhttp/4.9.2"
::ffff:127.0.0.1 - - [30/Jun/2022:05:18:41 +0000] "GET /upload/undefined HTTP/1.0" 404 155 "-" "okhttp/4.9.2"
::1 - - [30/Jun/2022:05:18:41 +0000] "GET /api/v1/goods/62bd31df85a9c396eaf0625a HTTP/1.0" 304 - "-" "okhttp/4.9.2"
::ffff:127.0.0.1 - - [30/Jun/2022:05:18:41 +0000] "GET /api/v1/transactions/basket?limit=100&sort=-createdAt HTTP/1.0" 304 - "-" "okhttp/4.9.2"
::1 - - [30/Jun/2022:05:18:41 +0000] "GET /api/v1/goods/user?limit=100 HTTP/1.0" 304 - "-" "okhttp/4.9.2"
::ffff:127.0.0.1 - - [30/Jun/2022:05:18:43 +0000] "GET /api/v1/transactions/basket?limit=100&sort=-createdAt HTTP/1.0" 304 - "-" "okhttp/4.9.2"
::1 - - [30/Jun/2022:05:18:43 +0000] "GET /api/v1/goods/user?limit=100 HTTP/1.0" 304 - "-" "okhttp/4.9.2"
::1 - - [30/Jun/2022:05:18:47 +0000] "GET /api/v1/bills/user?limit=1000&sort=-createdAt HTTP/1.0" 200 366 "-" "okhttp/4.9.2"
::1 - - [30/Jun/2022:05:18:47 +0000] "GET /api/v1/transactions/basket?limit=100&sort=-createdAt HTTP/1.0" 304 - "-" "okhttp/4.9.2"
::ffff:127.0.0.1 - - [30/Jun/2022:05:18:47 +0000] "GET /api/v1/goods/user?limit=100 HTTP/1.0" 304 - "-" "okhttp/4.9.2"
::ffff:127.0.0.1 - - [30/Jun/2022:05:18:54 +0000] "GET /api/v1/bills/user?limit=1000&sort=-createdAt HTTP/1.0" 304 - "-" "okhttp/4.9.2"
::1 - - [30/Jun/2022:05:18:54 +0000] "GET /api/v1/transactions/user?bill=62bd322285a9c396eaf06266 HTTP/1.0" 200 1451 "-" "okhttp/4.9.2"
::1 - - [30/Jun/2022:05:19:02 +0000] "GET /api/v1/bills/user?limit=1000&sort=-createdAt HTTP/1.0" 304 - "-" "okhttp/4.9.2"
::1 - - [30/Jun/2022:05:19:04 +0000] "GET /api/v1/bills/user?limit=1000&sort=-createdAt HTTP/1.0" 304 - "-" "okhttp/4.9.2"
::ffff:127.0.0.1 - - [30/Jun/2022:05:19:04 +0000] "GET /api/v1/goods/user?limit=100 HTTP/1.0" 304 - "-" "okhttp/4.9.2"
::1 - - [30/Jun/2022:05:19:06 +0000] "GET /api/v1/bills/user?limit=1000&sort=-createdAt HTTP/1.0" 304 - "-" "okhttp/4.9.2"
::ffff:127.0.0.1 - - [30/Jun/2022:05:19:06 +0000] "GET /api/v1/goods/user?limit=100 HTTP/1.0" 304 - "-" "okhttp/4.9.2"
::1 - - [30/Jun/2022:05:19:14 +0000] "GET /api/v1/bills/user?limit=1000&sort=-createdAt HTTP/1.0" 304 - "-" "okhttp/4.9.2"
::ffff:127.0.0.1 - - [30/Jun/2022:05:19:14 +0000] "GET /api/v1/goods/user?limit=100 HTTP/1.0" 304 - "-" "okhttp/4.9.2"
::1 - - [30/Jun/2022:05:19:19 +0000] "GET /api/v1/transactions/basket?limit=100&sort=-createdAt HTTP/1.0" 304 - "-" "okhttp/4.9.2"
::ffff:127.0.0.1 - - [30/Jun/2022:05:19:19 +0000] "GET /api/v1/goods/user?limit=100 HTTP/1.0" 304 - "-" "okhttp/4.9.2"
::ffff:127.0.0.1 - - [30/Jun/2022:05:19:19 +0000] "GET /api/v1/goods/user?limit=100 HTTP/1.0" 304 - "-" "okhttp/4.9.2"
::1 - - [30/Jun/2022:05:19:21 +0000] "GET /api/v1/transactions/basket?limit=100&sort=-createdAt HTTP/1.0" 304 - "-" "okhttp/4.9.2"
::ffff:127.0.0.1 - - [30/Jun/2022:05:19:21 +0000] "GET /api/v1/goods/user?limit=100 HTTP/1.0" 304 - "-" "okhttp/4.9.2"
::1 - - [30/Jun/2022:05:19:21 +0000] "GET /api/v1/goods/user?limit=100 HTTP/1.0" 304 - "-" "okhttp/4.9.2"
::1 - - [30/Jun/2022:05:19:22 +0000] "GET /api/v1/transactions/basket?limit=100&sort=-createdAt HTTP/1.0" 304 - "-" "okhttp/4.9.2"
::ffff:127.0.0.1 - - [30/Jun/2022:05:19:22 +0000] "GET /api/v1/goods/user?limit=100 HTTP/1.0" 304 - "-" "okhttp/4.9.2"
::ffff:127.0.0.1 - - [30/Jun/2022:05:19:22 +0000] "GET /api/v1/goods/user?limit=100 HTTP/1.0" 304 - "-" "okhttp/4.9.2"
::1 - - [30/Jun/2022:05:19:26 +0000] "GET /api/v1/transactions/basket?limit=100&sort=-createdAt HTTP/1.0" 304 - "-" "okhttp/4.9.2"
