::1 - - [09/Aug/2022:14:10:45 +0000] "GET /api/v1/bills/user?limit=1000&sort=-createdAt HTTP/1.0" 304 - "-" "okhttp/4.9.2"
::ffff:127.0.0.1 - - [09/Aug/2022:14:10:45 +0000] "GET /api/v1/templates?createUser=62f2688099e2a94b91d43777 HTTP/1.0" 304 - "-" "okhttp/4.9.2"
::1 - - [09/Aug/2022:14:10:46 +0000] "GET /api/v1/goods/user?limit=100 HTTP/1.0" 304 - "-" "okhttp/4.9.2"
::ffff:127.0.0.1 - - [09/Aug/2022:14:10:46 +0000] "GET /api/v1/transactions/basket?limit=100&sort=-createdAt HTTP/1.0" 304 - "-" "okhttp/4.9.2"
::1 - - [09/Aug/2022:14:10:46 +0000] "GET /api/v1/templates?createUser=62f2688099e2a94b91d43777 HTTP/1.0" 304 - "-" "okhttp/4.9.2"
::ffff:127.0.0.1 - - [09/Aug/2022:14:11:06 +0000] "GET /api/v1/goods/user?limit=100 HTTP/1.0" 304 - "-" "okhttp/4.9.2"
::ffff:127.0.0.1 - - [09/Aug/2022:14:11:06 +0000] "GET /api/v1/goods/user?limit=100 HTTP/1.0" 304 - "-" "okhttp/4.9.2"
::1 - - [09/Aug/2022:14:11:06 +0000] "GET /api/v1/transactions/basket?limit=100&sort=-createdAt HTTP/1.0" 304 - "-" "okhttp/4.9.2"
::1 - - [09/Aug/2022:14:11:07 +0000] "GET /api/v1/goods/user?limit=100 HTTP/1.0" 304 - "-" "okhttp/4.9.2"
::ffff:127.0.0.1 - - [09/Aug/2022:14:11:07 +0000] "GET /api/v1/bills/user?limit=1000&sort=-createdAt HTTP/1.0" 304 - "-" "okhttp/4.9.2"
::ffff:127.0.0.1 - - [09/Aug/2022:14:11:08 +0000] "GET /api/v1/bills/user?limit=1000&sort=-createdAt HTTP/1.0" 304 - "-" "okhttp/4.9.2"
::1 - - [09/Aug/2022:14:11:08 +0000] "GET /api/v1/templates?createUser=62f2688099e2a94b91d43777 HTTP/1.0" 304 - "-" "okhttp/4.9.2"
::1 - - [09/Aug/2022:14:11:09 +0000] "GET /api/v1/templates?createUser=62f2688099e2a94b91d43777 HTTP/1.0" 304 - "-" "okhttp/4.9.2"
::ffff:127.0.0.1 - - [09/Aug/2022:14:11:10 +0000] "GET /api/v1/goods/user?limit=100 HTTP/1.0" 304 - "-" "okhttp/4.9.2"
::1 - - [09/Aug/2022:14:11:10 +0000] "GET /api/v1/transactions/basket?limit=100&sort=-createdAt HTTP/1.0" 304 - "-" "okhttp/4.9.2"
::ffff:127.0.0.1 - - [09/Aug/2022:14:11:14 +0000] "GET /api/v1/goods/user?limit=100 HTTP/1.0" 304 - "-" "okhttp/4.9.2"
::1 - - [09/Aug/2022:14:11:14 +0000] "GET /api/v1/transactions/basket?limit=100&sort=-createdAt HTTP/1.0" 304 - "-" "okhttp/4.9.2"
::ffff:127.0.0.1 - - [09/Aug/2022:14:11:14 +0000] "GET /api/v1/templates?createUser=62f2688099e2a94b91d43777 HTTP/1.0" 304 - "-" "okhttp/4.9.2"
::ffff:127.0.0.1 - - [09/Aug/2022:14:11:15 +0000] "GET /api/v1/transactions/basket?limit=100&sort=-createdAt HTTP/1.0" 304 - "-" "okhttp/4.9.2"
::1 - - [09/Aug/2022:14:11:15 +0000] "GET /api/v1/goods/user?limit=100 HTTP/1.0" 304 - "-" "okhttp/4.9.2"
::1 - - [09/Aug/2022:14:11:15 +0000] "GET /api/v1/templates?createUser=62f2688099e2a94b91d43777 HTTP/1.0" 304 - "-" "okhttp/4.9.2"
::1 - - [09/Aug/2022:14:11:16 +0000] "GET /api/v1/transactions/basket?limit=100&sort=-createdAt HTTP/1.0" 304 - "-" "okhttp/4.9.2"
::ffff:127.0.0.1 - - [09/Aug/2022:14:11:16 +0000] "GET /api/v1/goods/user?limit=100 HTTP/1.0" 304 - "-" "okhttp/4.9.2"
::ffff:127.0.0.1 - - [09/Aug/2022:14:11:17 +0000] "GET /api/v1/transactions/basket?limit=100&sort=-createdAt HTTP/1.0" 304 - "-" "okhttp/4.9.2"
::1 - - [09/Aug/2022:14:11:17 +0000] "GET /api/v1/goods/user?limit=100 HTTP/1.0" 304 - "-" "okhttp/4.9.2"
::ffff:127.0.0.1 - - [09/Aug/2022:14:11:20 +0000] "GET /api/v1/goods/user?limit=100 HTTP/1.0" 304 - "-" "okhttp/4.9.2"
::1 - - [09/Aug/2022:14:11:20 +0000] "GET /api/v1/transactions/basket?limit=100&sort=-createdAt HTTP/1.0" 304 - "-" "okhttp/4.9.2"
::ffff:127.0.0.1 - - [09/Aug/2022:14:11:20 +0000] "GET /api/v1/goods/user?limit=100 HTTP/1.0" 304 - "-" "okhttp/4.9.2"
::1 - - [09/Aug/2022:14:11:22 +0000] "GET /api/v1/transactions/basket?limit=100&sort=-createdAt HTTP/1.0" 304 - "-" "okhttp/4.9.2"
::1 - - [09/Aug/2022:14:11:22 +0000] "GET /api/v1/goods/user?limit=100 HTTP/1.0" 304 - "-" "okhttp/4.9.2"
::ffff:127.0.0.1 - - [09/Aug/2022:14:11:22 +0000] "GET /api/v1/goods/user?limit=100 HTTP/1.0" 304 - "-" "okhttp/4.9.2"
::ffff:127.0.0.1 - - [09/Aug/2022:14:11:24 +0000] "GET /api/v1/goods/user?limit=100&select=quantity%20price%20photo%20name HTTP/1.0" 304 - "-" "okhttp/4.9.2"
::1 - - [09/Aug/2022:14:11:24 +0000] "GET /api/v1/goods/user?limit=100 HTTP/1.0" 304 - "-" "okhttp/4.9.2"
::ffff:127.0.0.1 - - [09/Aug/2022:14:11:24 +0000] "GET /api/v1/transactions/basket?limit=100&sort=-createdAt HTTP/1.0" 304 - "-" "okhttp/4.9.2"
::1 - - [09/Aug/2022:14:11:26 +0000] "GET /api/v1/goods/user?limit=100 HTTP/1.0" 304 - "-" "okhttp/4.9.2"
::ffff:127.0.0.1 - - [09/Aug/2022:14:11:26 +0000] "GET /api/v1/transactions/basket?limit=100&sort=-createdAt HTTP/1.0" 304 - "-" "okhttp/4.9.2"
::1 - - [09/Aug/2022:14:11:34 +0000] "GET /api/v1/goods/user?limit=100 HTTP/1.0" 304 - "-" "okhttp/4.9.2"
::ffff:127.0.0.1 - - [09/Aug/2022:14:11:34 +0000] "GET /api/v1/transactions/basket?limit=100&sort=-createdAt HTTP/1.0" 304 - "-" "okhttp/4.9.2"
::1 - - [09/Aug/2022:14:11:34 +0000] "GET /api/v1/goods/user?limit=100 HTTP/1.0" 304 - "-" "okhttp/4.9.2"
::ffff:127.0.0.1 - - [09/Aug/2022:14:11:36 +0000] "GET /api/v1/bills/user?limit=1000&sort=-createdAt HTTP/1.0" 304 - "-" "okhttp/4.9.2"
::1 - - [09/Aug/2022:14:11:36 +0000] "GET /api/v1/goods/user?limit=100 HTTP/1.0" 304 - "-" "okhttp/4.9.2"
::ffff:127.0.0.1 - - [09/Aug/2022:14:12:12 +0000] "GET /api/v1/goods/user?limit=100 HTTP/1.0" 304 - "-" "okhttp/4.9.2"
::1 - - [09/Aug/2022:14:12:12 +0000] "GET /api/v1/bills/user?limit=1000&sort=-createdAt HTTP/1.0" 304 - "-" "okhttp/4.9.2"
::ffff:127.0.0.1 - - [09/Aug/2022:14:12:12 +0000] "GET /api/v1/transactions/basket?limit=100&sort=-createdAt HTTP/1.0" 304 - "-" "okhttp/4.9.2"
::1 - - [09/Aug/2022:14:12:13 +0000] "GET /api/v1/goods/user?limit=100 HTTP/1.0" 304 - "-" "okhttp/4.9.2"
::ffff:127.0.0.1 - - [09/Aug/2022:14:12:13 +0000] "GET /api/v1/transactions/basket?limit=100&sort=-createdAt HTTP/1.0" 304 - "-" "okhttp/4.9.2"
::1 - - [09/Aug/2022:14:12:13 +0000] "GET /api/v1/goods/user?limit=100 HTTP/1.0" 304 - "-" "okhttp/4.9.2"
::ffff:127.0.0.1 - - [09/Aug/2022:14:12:14 +0000] "GET /api/v1/goods/user?limit=100 HTTP/1.0" 304 - "-" "okhttp/4.9.2"
::1 - - [09/Aug/2022:14:12:14 +0000] "GET /api/v1/categories HTTP/1.0" 304 - "-" "okhttp/4.9.2"
::ffff:127.0.0.1 - - [09/Aug/2022:14:12:14 +0000] "GET /api/v1/transactions/basket?limit=100&sort=-createdAt HTTP/1.0" 304 - "-" "okhttp/4.9.2"
::1 - - [09/Aug/2022:14:12:17 +0000] "GET /api/v1/transactions/basket?limit=100&sort=-createdAt HTTP/1.0" 304 - "-" "okhttp/4.9.2"
::ffff:127.0.0.1 - - [09/Aug/2022:14:12:17 +0000] "GET /api/v1/goods/user?limit=100 HTTP/1.0" 304 - "-" "okhttp/4.9.2"
::1 - - [09/Aug/2022:14:12:17 +0000] "GET /api/v1/goods/user?limit=100 HTTP/1.0" 304 - "-" "okhttp/4.9.2"
::ffff:127.0.0.1 - - [09/Aug/2022:14:12:19 +0000] "GET /api/v1/categories HTTP/1.0" 304 - "-" "okhttp/4.9.2"
::ffff:127.0.0.1 - - [09/Aug/2022:14:12:19 +0000] "GET /api/v1/goods/user?limit=100 HTTP/1.0" 304 - "-" "okhttp/4.9.2"
::1 - - [09/Aug/2022:14:12:19 +0000] "GET /api/v1/transactions/basket?limit=100&sort=-createdAt HTTP/1.0" 304 - "-" "okhttp/4.9.2"
::1 - - [09/Aug/2022:14:12:20 +0000] "GET /api/v1/transactions/basket?limit=100&sort=-createdAt HTTP/1.0" 304 - "-" "okhttp/4.9.2"
::ffff:127.0.0.1 - - [09/Aug/2022:14:12:20 +0000] "GET /api/v1/goods/user?limit=100 HTTP/1.0" 304 - "-" "okhttp/4.9.2"
::1 - - [09/Aug/2022:14:12:23 +0000] "GET /api/v1/goods/user?limit=100&select=quantity%20price%20photo%20name HTTP/1.0" 304 - "-" "okhttp/4.9.2"
::ffff:127.0.0.1 - - [09/Aug/2022:14:12:23 +0000] "GET /api/v1/transactions/basket?limit=100&sort=-createdAt HTTP/1.0" 304 - "-" "okhttp/4.9.2"
::1 - - [09/Aug/2022:14:12:23 +0000] "GET /api/v1/goods/user?limit=100 HTTP/1.0" 304 - "-" "okhttp/4.9.2"
::1 - - [09/Aug/2022:14:12:27 +0000] "GET /api/v1/transactions/basket?limit=100&sort=-createdAt HTTP/1.0" 304 - "-" "okhttp/4.9.2"
::ffff:127.0.0.1 - - [09/Aug/2022:14:12:27 +0000] "GET /api/v1/goods/user?limit=100 HTTP/1.0" 304 - "-" "okhttp/4.9.2"
::ffff:127.0.0.1 - - [09/Aug/2022:14:12:28 +0000] "GET /api/v1/goods/user?limit=100 HTTP/1.0" 304 - "-" "okhttp/4.9.2"
::1 - - [09/Aug/2022:14:12:28 +0000] "GET /api/v1/transactions/basket?limit=100&sort=-createdAt HTTP/1.0" 304 - "-" "okhttp/4.9.2"
::ffff:127.0.0.1 - - [09/Aug/2022:14:12:28 +0000] "GET /api/v1/goods/user?limit=100 HTTP/1.0" 304 - "-" "okhttp/4.9.2"
::1 - - [09/Aug/2022:14:12:31 +0000] "GET /api/v1/bills/user?limit=1000&sort=-createdAt HTTP/1.0" 304 - "-" "okhttp/4.9.2"
::ffff:127.0.0.1 - - [09/Aug/2022:14:12:31 +0000] "GET /api/v1/goods/user?limit=100 HTTP/1.0" 304 - "-" "okhttp/4.9.2"
::ffff:127.0.0.1 - - [09/Aug/2022:14:12:33 +0000] "GET /api/v1/bills/user?limit=1000&sort=-createdAt HTTP/1.0" 304 - "-" "okhttp/4.9.2"
::1 - - [09/Aug/2022:14:12:33 +0000] "GET /api/v1/templates?createUser=62f2688099e2a94b91d43777 HTTP/1.0" 304 - "-" "okhttp/4.9.2"
::1 - - [09/Aug/2022:14:12:44 +0000] "GET /api/v1/templates?createUser=62f2688099e2a94b91d43777 HTTP/1.0" 304 - "-" "okhttp/4.9.2"
::ffff:127.0.0.1 - - [09/Aug/2022:14:12:47 +0000] "GET /api/v1/transactions/basket?limit=100&sort=-createdAt HTTP/1.0" 304 - "-" "okhttp/4.9.2"
::1 - - [09/Aug/2022:14:12:47 +0000] "GET /api/v1/goods/user?limit=100 HTTP/1.0" 304 - "-" "okhttp/4.9.2"
::ffff:127.0.0.1 - - [09/Aug/2022:14:12:49 +0000] "GET /api/v1/categories HTTP/1.0" 304 - "-" "okhttp/4.9.2"
::1 - - [09/Aug/2022:14:12:49 +0000] "GET /api/v1/goods/user?limit=100 HTTP/1.0" 304 - "-" "okhttp/4.9.2"
::ffff:127.0.0.1 - - [09/Aug/2022:14:12:49 +0000] "GET /api/v1/transactions/basket?limit=100&sort=-createdAt HTTP/1.0" 304 - "-" "okhttp/4.9.2"
::1 - - [09/Aug/2022:14:12:51 +0000] "GET /api/v1/transactions/basket?limit=100&sort=-createdAt HTTP/1.0" 304 - "-" "okhttp/4.9.2"
::ffff:127.0.0.1 - - [09/Aug/2022:14:12:51 +0000] "GET /api/v1/goods/user?limit=100 HTTP/1.0" 304 - "-" "okhttp/4.9.2"
::ffff:127.0.0.1 - - [09/Aug/2022:14:12:53 +0000] "GET /api/v1/transactions/basket?limit=100&sort=-createdAt HTTP/1.0" 304 - "-" "okhttp/4.9.2"
::1 - - [09/Aug/2022:14:12:53 +0000] "GET /api/v1/goods/user?limit=100 HTTP/1.0" 304 - "-" "okhttp/4.9.2"
::1 - - [09/Aug/2022:14:12:53 +0000] "GET /api/v1/categories HTTP/1.0" 304 - "-" "okhttp/4.9.2"
::ffff:127.0.0.1 - - [09/Aug/2022:14:12:54 +0000] "GET /api/v1/transactions/basket?limit=100&sort=-createdAt HTTP/1.0" 304 - "-" "okhttp/4.9.2"
::1 - - [09/Aug/2022:14:12:54 +0000] "GET /api/v1/goods/user?limit=100 HTTP/1.0" 304 - "-" "okhttp/4.9.2"
::ffff:127.0.0.1 - - [09/Aug/2022:15:04:34 +0000] "POST / HTTP/1.0" 404 140 "-" "Mozilla/5.0 (X11; Linux x86_64) AppleWebKit/537.36 (KHTML, like Gecko) Chrome/81.0.4044.129 Safari/537.36"
::1 - - [09/Aug/2022:15:04:35 +0000] "GET /.env HTTP/1.0" 404 143 "-" "Mozilla/5.0 (X11; Linux x86_64) AppleWebKit/537.36 (KHTML, like Gecko) Chrome/81.0.4044.129 Safari/537.36"
::ffff:127.0.0.1 - - [09/Aug/2022:15:16:28 +0000] "GET / HTTP/1.0" 404 139 "-" "Linux Gnu (cow)"
::1 - - [09/Aug/2022:15:20:44 +0000] "GET / HTTP/1.0" 404 139 "-" "Linux Gnu (cow)"
::ffff:127.0.0.1 - - [09/Aug/2022:16:01:29 +0000] "GET / HTTP/1.0" 404 139 "-" "-"
::1 - - [09/Aug/2022:16:17:39 +0000] "GET / HTTP/1.0" 404 139 "-" "-"
::ffff:127.0.0.1 - - [09/Aug/2022:16:17:40 +0000] "POST /HNAP1/ HTTP/1.0" 404 146 "-" "Mozila/5.0"
::1 - - [09/Aug/2022:16:45:27 +0000] "GET / HTTP/1.0" 404 139 "-" "-"
::ffff:127.0.0.1 - - [09/Aug/2022:16:45:28 +0000] "GET / HTTP/1.0" 404 139 "-" "Mozilla/5.0 (compatible; CensysInspect/1.1; +https://about.censys.io/)"
::1 - - [09/Aug/2022:17:06:35 +0000] "GET /.env HTTP/1.0" 404 143 "-" "Mozilla/5.0 (X11; Linux x86_64) AppleWebKit/537.36 (KHTML, like Gecko) Chrome/81.0.4044.129 Safari/537.36"
::ffff:127.0.0.1 - - [09/Aug/2022:17:06:36 +0000] "POST / HTTP/1.0" 404 140 "-" "Mozilla/5.0 (X11; Linux x86_64) AppleWebKit/537.36 (KHTML, like Gecko) Chrome/81.0.4044.129 Safari/537.36"
::1 - - [09/Aug/2022:17:12:01 +0000] "POST / HTTP/1.0" 404 140 "-" "Mozilla/5.0 (X11; Linux x86_64) AppleWebKit/537.36 (KHTML, like Gecko) Chrome/81.0.4044.129 Safari/537.36"
::ffff:127.0.0.1 - - [09/Aug/2022:17:12:02 +0000] "GET /.env HTTP/1.0" 404 143 "-" "Mozilla/5.0 (X11; Linux x86_64) AppleWebKit/537.36 (KHTML, like Gecko) Chrome/81.0.4044.129 Safari/537.36"
::1 - - [09/Aug/2022:17:14:06 +0000] "GET / HTTP/1.0" 404 139 "-" "Mozilla/5.0 (Macintosh; Intel Mac OS X 10_15_7) AppleWebKit/537.36 (KHTML, like Gecko) Chrome/102.0.0.0 Safari/537.36"
::ffff:127.0.0.1 - - [09/Aug/2022:18:05:27 +0000] "GET / HTTP/1.0" 404 139 "-" "Mozilla/5.0 (X11; Linux x86_64; rv:73.0) Gecko/20100101 Firefox/73.0"
::1 - - [09/Aug/2022:18:07:09 +0000] "GET / HTTP/1.0" 404 139 "-" "Mozilla/5.0 (X11; Linux x86_64; rv:73.0) Gecko/20100101 Firefox/73.0"
::ffff:127.0.0.1 - - [09/Aug/2022:18:07:09 +0000] "GET /favicon.ico HTTP/1.0" 404 150 "http://159.223.82.71/" "Mozilla/5.0 (X11; Linux x86_64; rv:73.0) Gecko/20100101 Firefox/73.0"
::1 - - [09/Aug/2022:19:09:09 +0000] "POST / HTTP/1.0" 404 140 "-" "Mozilla/5.0 (X11; Linux x86_64) AppleWebKit/537.36 (KHTML, like Gecko) Chrome/81.0.4044.129 Safari/537.36"
::ffff:127.0.0.1 - - [09/Aug/2022:19:09:10 +0000] "GET /.env HTTP/1.0" 404 143 "-" "Mozilla/5.0 (X11; Linux x86_64) AppleWebKit/537.36 (KHTML, like Gecko) Chrome/81.0.4044.129 Safari/537.36"
::1 - - [09/Aug/2022:19:24:52 +0000] "GET / HTTP/1.0" 404 139 "-" "Mozilla/5.0 (Windows NT 10.0; WOW64) AppleWebKit/537.36 (KHTML, like Gecko) Chrome/51.0.2704.103 Safari/537.36"
::ffff:127.0.0.1 - - [09/Aug/2022:19:41:24 +0000] "GET / HTTP/1.0" 404 139 "-" "-"
::1 - - [09/Aug/2022:19:41:24 +0000] "GET / HTTP/1.0" 404 139 "-" "Mozilla/5.0 (compatible; CensysInspect/1.1; +https://about.censys.io/)"
::ffff:127.0.0.1 - - [09/Aug/2022:19:43:17 +0000] "GET / HTTP/1.0" 404 139 "-" "Mozilla/5.0 (Windows NT 10.0; Win64; x64) AppleWebKit/537.36 (KHTML, like Gecko) Chrome/60.0.3112.113 Safari/537.36"
::1 - - [09/Aug/2022:19:51:13 +0000] "GET / HTTP/1.0" 404 139 "-" "Expanse, a Palo Alto Networks company, searches across the global IPv4 space multiple times per day to identify customers&#39; presences on the Internet. If you would like to be excluded from our scans, please send IP addresses/domains to: scaninfo@paloaltonetworks.com"
::ffff:127.0.0.1 - - [09/Aug/2022:20:06:14 +0000] "GET /.env HTTP/1.0" 404 143 "-" "Mozilla/5.0 (X11; Linux x86_64) AppleWebKit/537.36 (KHTML, like Gecko) Chrome/81.0.4044.129 Safari/537.36"
::1 - - [09/Aug/2022:20:06:15 +0000] "POST / HTTP/1.0" 404 140 "-" "Mozilla/5.0 (X11; Linux x86_64) AppleWebKit/537.36 (KHTML, like Gecko) Chrome/81.0.4044.129 Safari/537.36"
::ffff:127.0.0.1 - - [09/Aug/2022:20:13:16 +0000] "GET / HTTP/1.0" 404 139 "-" "Mozilla/5.0 (Windows NT 5.1; Win64; x64) AppleWebKit/537.36 (KHTML, like Gecko) Chrome/60.0.3112.90 Safari/537.36"
::1 - - [09/Aug/2022:20:58:48 +0000] "HEAD / HTTP/1.0" 404 140 "-" "curl/7.81.0"
::ffff:127.0.0.1 - - [09/Aug/2022:20:58:48 +0000] "GET / HTTP/1.0" 404 139 "-" "curl/7.81.0"
::1 - - [09/Aug/2022:20:58:49 +0000] "GET /favicon.ico HTTP/1.0" 404 150 "-" "curl/7.81.0"
::ffff:127.0.0.1 - - [09/Aug/2022:22:00:16 +0000] "POST / HTTP/1.0" 404 140 "-" "Mozilla/5.0 (X11; Linux x86_64) AppleWebKit/537.36 (KHTML, like Gecko) Chrome/81.0.4044.129 Safari/537.36"
::1 - - [09/Aug/2022:22:00:16 +0000] "GET /.env HTTP/1.0" 404 143 "-" "Mozilla/5.0 (X11; Linux x86_64) AppleWebKit/537.36 (KHTML, like Gecko) Chrome/81.0.4044.129 Safari/537.36"
::ffff:127.0.0.1 - - [09/Aug/2022:22:09:24 +0000] "GET / HTTP/1.0" 404 139 "-" "Linux Gnu (cow)"
::1 - - [09/Aug/2022:22:32:44 +0000] "GET / HTTP/1.0" 404 139 "-" "https://gdnplus.com:Gather Analyze Provide."
::ffff:127.0.0.1 - - [09/Aug/2022:22:52:43 +0000] "GET / HTTP/1.0" 404 139 "-" "Linux Gnu (cow)"
::1 - - [09/Aug/2022:23:06:01 +0000] "GET /.env HTTP/1.0" 404 143 "-" "Mozilla/5.0 (X11; Linux x86_64) AppleWebKit/537.36 (KHTML, like Gecko) Chrome/81.0.4044.129 Safari/537.36"
::ffff:127.0.0.1 - - [09/Aug/2022:23:06:04 +0000] "POST / HTTP/1.0" 404 140 "-" "Mozilla/5.0 (X11; Linux x86_64) AppleWebKit/537.36 (KHTML, like Gecko) Chrome/81.0.4044.129 Safari/537.36"
::1 - - [09/Aug/2022:23:19:30 +0000] "GET / HTTP/1.0" 404 139 "-" "Mozilla/5.0 (Windows NT 10.0; Win64; x64) AppleWebKit/537.36 (KHTML, like Gecko) Chrome/60.0.3112.113 Safari/537.36"
::ffff:127.0.0.1 - - [09/Aug/2022:23:46:45 +0000] "POST / HTTP/1.0" 404 140 "-" "Mozilla/5.0 (X11; Linux x86_64) AppleWebKit/537.36 (KHTML, like Gecko) Chrome/81.0.4044.129 Safari/537.36"
::1 - - [09/Aug/2022:23:46:45 +0000] "GET /.env HTTP/1.0" 404 143 "-" "Mozilla/5.0 (X11; Linux x86_64) AppleWebKit/537.36 (KHTML, like Gecko) Chrome/81.0.4044.129 Safari/537.36"
