::ffff:127.0.0.1 - - [28/Jul/2022:00:00:10 +0000] "GET /api/v1/categories HTTP/1.0" 304 - "-" "Expo/2.24.3.1014878 CFNetwork/1331.0.7 Darwin/21.4.0"
::1 - - [28/Jul/2022:00:00:10 +0000] "GET /api/v1/transactions/basket?limit=100&sort=-createdAt HTTP/1.0" 200 107 "-" "Expo/2.24.3.1014878 CFNetwork/1331.0.7 Darwin/21.4.0"
::ffff:127.0.0.1 - - [28/Jul/2022:00:00:10 +0000] "GET /api/v1/goods/user?limit=100 HTTP/1.0" 304 - "-" "Expo/2.24.3.1014878 CFNetwork/1331.0.7 Darwin/21.4.0"
::1 - - [28/Jul/2022:00:00:12 +0000] "GET /api/v1/bills/user?limit=1000&sort=-createdAt HTTP/1.0" 200 5324 "-" "Expo/2.24.3.1014878 CFNetwork/1331.0.7 Darwin/21.4.0"
::1 - - [28/Jul/2022:00:00:12 +0000] "GET /api/v1/transactions/basket?limit=100&sort=-createdAt HTTP/1.0" 304 - "-" "Expo/2.24.3.1014878 CFNetwork/1331.0.7 Darwin/21.4.0"
::ffff:127.0.0.1 - - [28/Jul/2022:00:00:12 +0000] "GET /api/v1/goods/user?limit=100 HTTP/1.0" 304 - "-" "Expo/2.24.3.1014878 CFNetwork/1331.0.7 Darwin/21.4.0"
::ffff:127.0.0.1 - - [28/Jul/2022:00:00:21 +0000] "GET /api/v1/templates?createUser=62e1c73199e2a94b91d42e4a HTTP/1.0" 304 - "-" "Expo/2.24.3.1014878 CFNetwork/1331.0.7 Darwin/21.4.0"
::1 - - [28/Jul/2022:00:00:21 +0000] "GET /api/v1/bills/user?limit=1000&sort=-createdAt HTTP/1.0" 304 - "-" "Expo/2.24.3.1014878 CFNetwork/1331.0.7 Darwin/21.4.0"
::ffff:127.0.0.1 - - [28/Jul/2022:00:00:35 +0000] "GET /api/v1/categories HTTP/1.0" 304 - "-" "Expo/2.24.3.1014878 CFNetwork/1331.0.7 Darwin/21.4.0"
::ffff:127.0.0.1 - - [28/Jul/2022:00:00:35 +0000] "GET /api/v1/transactions/basket?limit=100&sort=-createdAt HTTP/1.0" 304 - "-" "Expo/2.24.3.1014878 CFNetwork/1331.0.7 Darwin/21.4.0"
::1 - - [28/Jul/2022:00:00:35 +0000] "GET /api/v1/goods/user?limit=100 HTTP/1.0" 304 - "-" "Expo/2.24.3.1014878 CFNetwork/1331.0.7 Darwin/21.4.0"
::1 - - [28/Jul/2022:00:00:36 +0000] "GET /api/v1/templates?createUser=62e1c73199e2a94b91d42e4a HTTP/1.0" 304 - "-" "Expo/2.24.3.1014878 CFNetwork/1331.0.7 Darwin/21.4.0"
::1 - - [28/Jul/2022:00:00:36 +0000] "GET /api/v1/transactions/basket?limit=100&sort=-createdAt HTTP/1.0" 304 - "-" "Expo/2.24.3.1014878 CFNetwork/1331.0.7 Darwin/21.4.0"
::ffff:127.0.0.1 - - [28/Jul/2022:00:00:36 +0000] "GET /api/v1/goods/user?limit=100 HTTP/1.0" 304 - "-" "Expo/2.24.3.1014878 CFNetwork/1331.0.7 Darwin/21.4.0"
::1 - - [28/Jul/2022:00:00:37 +0000] "GET /api/v1/templates?createUser=62e1c73199e2a94b91d42e4a HTTP/1.0" 304 - "-" "Expo/2.24.3.1014878 CFNetwork/1331.0.7 Darwin/21.4.0"
::ffff:127.0.0.1 - - [28/Jul/2022:00:00:37 +0000] "GET /api/v1/transactions/user?template=62e1c8bb99e2a94b91d42e87 HTTP/1.0" 304 - "-" "Expo/2.24.3.1014878 CFNetwork/1331.0.7 Darwin/21.4.0"
::ffff:127.0.0.1 - - [28/Jul/2022:00:00:53 +0000] "GET /api/v1/transactions/user?template=62e1c8bb99e2a94b91d42e87 HTTP/1.0" 304 - "-" "Expo/2.24.3.1014878 CFNetwork/1331.0.7 Darwin/21.4.0"
::1 - - [28/Jul/2022:00:01:17 +0000] "GET /api/v1/transactions/user?template=62e1c8bb99e2a94b91d42e87 HTTP/1.0" 304 - "-" "Expo/2.24.3.1014878 CFNetwork/1331.0.7 Darwin/21.4.0"
::ffff:127.0.0.1 - - [28/Jul/2022:00:01:25 +0000] "GET /api/v1/transactions/user?template=62e1c8bb99e2a94b91d42e87 HTTP/1.0" 304 - "-" "Expo/2.24.3.1014878 CFNetwork/1331.0.7 Darwin/21.4.0"
::1 - - [28/Jul/2022:00:01:50 +0000] "GET /api/v1/transactions/user?template=62e1c8bb99e2a94b91d42e87 HTTP/1.0" 304 - "-" "Expo/2.24.3.1014878 CFNetwork/1331.0.7 Darwin/21.4.0"
::ffff:127.0.0.1 - - [28/Jul/2022:00:08:09 +0000] "GET /api/v1/transactions/user?template=62e1c8bb99e2a94b91d42e87 HTTP/1.0" 304 - "-" "Expo/2.24.3.1014878 CFNetwork/1331.0.7 Darwin/21.4.0"
::ffff:127.0.0.1 - - [28/Jul/2022:00:08:20 +0000] "GET /api/v1/transactions/basket?limit=100&sort=-createdAt HTTP/1.0" 304 - "-" "Expo/2.24.3.1014878 CFNetwork/1331.0.7 Darwin/21.4.0"
::1 - - [28/Jul/2022:00:08:20 +0000] "GET /api/v1/categories HTTP/1.0" 304 - "-" "Expo/2.24.3.1014878 CFNetwork/1331.0.7 Darwin/21.4.0"
::1 - - [28/Jul/2022:00:08:20 +0000] "GET /api/v1/goods/user?limit=100 HTTP/1.0" 304 - "-" "Expo/2.24.3.1014878 CFNetwork/1331.0.7 Darwin/21.4.0"
::ffff:127.0.0.1 - - [28/Jul/2022:00:08:21 +0000] "GET /api/v1/templates?createUser=62e1c73199e2a94b91d42e4a HTTP/1.0" 304 - "-" "Expo/2.24.3.1014878 CFNetwork/1331.0.7 Darwin/21.4.0"
::ffff:127.0.0.1 - - [28/Jul/2022:00:08:21 +0000] "GET /api/v1/transactions/basket?limit=100&sort=-createdAt HTTP/1.0" 304 - "-" "Expo/2.24.3.1014878 CFNetwork/1331.0.7 Darwin/21.4.0"
::1 - - [28/Jul/2022:00:08:21 +0000] "GET /api/v1/goods/user?limit=100 HTTP/1.0" 304 - "-" "Expo/2.24.3.1014878 CFNetwork/1331.0.7 Darwin/21.4.0"
::ffff:127.0.0.1 - - [28/Jul/2022:00:08:22 +0000] "GET /api/v1/templates?createUser=62e1c73199e2a94b91d42e4a HTTP/1.0" 304 - "-" "Expo/2.24.3.1014878 CFNetwork/1331.0.7 Darwin/21.4.0"
::1 - - [28/Jul/2022:00:08:22 +0000] "GET /api/v1/transactions/user?template=62e1c8bb99e2a94b91d42e87 HTTP/1.0" 304 - "-" "Expo/2.24.3.1014878 CFNetwork/1331.0.7 Darwin/21.4.0"
::1 - - [28/Jul/2022:00:09:18 +0000] "POST /api/v1/bills/receipt HTTP/1.0" 200 284 "-" "Expo/2.24.3.1014878 CFNetwork/1331.0.7 Darwin/21.4.0"
::ffff:127.0.0.1 - - [28/Jul/2022:00:09:33 +0000] "POST /api/v1/bills/receipt HTTP/1.0" 200 284 "-" "Expo/2.24.3.1014878 CFNetwork/1331.0.7 Darwin/21.4.0"
::1 - - [28/Jul/2022:00:09:37 +0000] "GET /api/v1/templates?createUser=62e1c73199e2a94b91d42e4a HTTP/1.0" 304 - "-" "Expo/2.24.3.1014878 CFNetwork/1331.0.7 Darwin/21.4.0"
::ffff:127.0.0.1 - - [28/Jul/2022:00:09:37 +0000] "GET /api/v1/goods/user?limit=100 HTTP/1.0" 200 915 "-" "Expo/2.24.3.1014878 CFNetwork/1331.0.7 Darwin/21.4.0"
::1 - - [28/Jul/2022:00:09:37 +0000] "GET /api/v1/templates?createUser=62e1c73199e2a94b91d42e4a HTTP/1.0" 304 - "-" "Expo/2.24.3.1014878 CFNetwork/1331.0.7 Darwin/21.4.0"
::ffff:127.0.0.1 - - [28/Jul/2022:00:09:40 +0000] "GET /api/v1/templates?createUser=62e1c73199e2a94b91d42e4a HTTP/1.0" 304 - "-" "Expo/2.24.3.1014878 CFNetwork/1331.0.7 Darwin/21.4.0"
::1 - - [28/Jul/2022:00:09:40 +0000] "GET /api/v1/goods/user?limit=100 HTTP/1.0" 304 - "-" "Expo/2.24.3.1014878 CFNetwork/1331.0.7 Darwin/21.4.0"
::ffff:127.0.0.1 - - [28/Jul/2022:00:09:41 +0000] "GET /api/v1/templates?createUser=62e1c73199e2a94b91d42e4a HTTP/1.0" 304 - "-" "Expo/2.24.3.1014878 CFNetwork/1331.0.7 Darwin/21.4.0"
::1 - - [28/Jul/2022:00:09:41 +0000] "GET /api/v1/transactions/user?template=62e1c8bb99e2a94b91d42e87 HTTP/1.0" 200 917 "-" "Expo/2.24.3.1014878 CFNetwork/1331.0.7 Darwin/21.4.0"
::ffff:127.0.0.1 - - [28/Jul/2022:00:09:50 +0000] "POST /api/v1/bills/drain HTTP/1.0" 200 379 "-" "Expo/2.24.3.1014878 CFNetwork/1331.0.7 Darwin/21.4.0"
::1 - - [28/Jul/2022:00:09:53 +0000] "GET /api/v1/templates?createUser=62e1c73199e2a94b91d42e4a HTTP/1.0" 304 - "-" "Expo/2.24.3.1014878 CFNetwork/1331.0.7 Darwin/21.4.0"
::ffff:127.0.0.1 - - [28/Jul/2022:00:09:53 +0000] "GET /api/v1/goods/user?limit=100 HTTP/1.0" 200 915 "-" "Expo/2.24.3.1014878 CFNetwork/1331.0.7 Darwin/21.4.0"
::1 - - [28/Jul/2022:00:09:53 +0000] "GET /api/v1/templates?createUser=62e1c73199e2a94b91d42e4a HTTP/1.0" 304 - "-" "Expo/2.24.3.1014878 CFNetwork/1331.0.7 Darwin/21.4.0"
::ffff:127.0.0.1 - - [28/Jul/2022:00:09:57 +0000] "GET /api/v1/templates?createUser=62e1c73199e2a94b91d42e4a HTTP/1.0" 304 - "-" "Expo/2.24.3.1014878 CFNetwork/1331.0.7 Darwin/21.4.0"
::1 - - [28/Jul/2022:00:09:57 +0000] "GET /api/v1/goods/user?limit=100 HTTP/1.0" 304 - "-" "Expo/2.24.3.1014878 CFNetwork/1331.0.7 Darwin/21.4.0"
::1 - - [28/Jul/2022:00:09:58 +0000] "GET /api/v1/templates?createUser=62e1c73199e2a94b91d42e4a HTTP/1.0" 304 - "-" "Expo/2.24.3.1014878 CFNetwork/1331.0.7 Darwin/21.4.0"
::ffff:127.0.0.1 - - [28/Jul/2022:00:09:58 +0000] "GET /api/v1/transactions/user?template=62e1c8bb99e2a94b91d42e87 HTTP/1.0" 200 917 "-" "Expo/2.24.3.1014878 CFNetwork/1331.0.7 Darwin/21.4.0"
::ffff:127.0.0.1 - - [28/Jul/2022:00:10:02 +0000] "GET /api/v1/templates?createUser=62e1c73199e2a94b91d42e4a HTTP/1.0" 304 - "-" "Expo/2.24.3.1014878 CFNetwork/1331.0.7 Darwin/21.4.0"
::1 - - [28/Jul/2022:00:11:06 +0000] "GET /api/v1/templates?createUser=62e1c73199e2a94b91d42e4a HTTP/1.0" 304 - "-" "Expo/2.24.3.1014878 CFNetwork/1331.0.7 Darwin/21.4.0"
::ffff:127.0.0.1 - - [28/Jul/2022:00:11:21 +0000] "GET /api/v1/templates?createUser=62e1c73199e2a94b91d42e4a HTTP/1.0" 304 - "-" "Expo/2.24.3.1014878 CFNetwork/1331.0.7 Darwin/21.4.0"
::1 - - [28/Jul/2022:00:11:22 +0000] "GET /api/v1/templates?createUser=62e1c73199e2a94b91d42e4a HTTP/1.0" 304 - "-" "Expo/2.24.3.1014878 CFNetwork/1331.0.7 Darwin/21.4.0"
::ffff:127.0.0.1 - - [28/Jul/2022:00:11:27 +0000] "GET /api/v1/templates?createUser=62e1c73199e2a94b91d42e4a HTTP/1.0" 304 - "-" "Expo/2.24.3.1014878 CFNetwork/1331.0.7 Darwin/21.4.0"
::1 - - [28/Jul/2022:00:11:36 +0000] "GET /api/v1/templates?createUser=62e1c73199e2a94b91d42e4a HTTP/1.0" 304 - "-" "Expo/2.24.3.1014878 CFNetwork/1331.0.7 Darwin/21.4.0"
::ffff:127.0.0.1 - - [28/Jul/2022:00:11:45 +0000] "GET /api/v1/templates?createUser=62e1c73199e2a94b91d42e4a HTTP/1.0" 304 - "-" "Expo/2.24.3.1014878 CFNetwork/1331.0.7 Darwin/21.4.0"
::1 - - [28/Jul/2022:00:11:53 +0000] "GET /api/v1/templates?createUser=62e1c73199e2a94b91d42e4a HTTP/1.0" 304 - "-" "Expo/2.24.3.1014878 CFNetwork/1331.0.7 Darwin/21.4.0"
::ffff:127.0.0.1 - - [28/Jul/2022:00:12:06 +0000] "GET /api/v1/templates?createUser=62e1c73199e2a94b91d42e4a HTTP/1.0" 304 - "-" "Expo/2.24.3.1014878 CFNetwork/1331.0.7 Darwin/21.4.0"
::1 - - [28/Jul/2022:00:12:10 +0000] "GET /api/v1/templates?createUser=62e1c73199e2a94b91d42e4a HTTP/1.0" 304 - "-" "Expo/2.24.3.1014878 CFNetwork/1331.0.7 Darwin/21.4.0"
::ffff:127.0.0.1 - - [28/Jul/2022:00:12:22 +0000] "GET /api/v1/templates?createUser=62e1c73199e2a94b91d42e4a HTTP/1.0" 304 - "-" "Expo/2.24.3.1014878 CFNetwork/1331.0.7 Darwin/21.4.0"
::1 - - [28/Jul/2022:00:13:17 +0000] "GET /api/v1/templates?createUser=62e1c73199e2a94b91d42e4a HTTP/1.0" 304 - "-" "Expo/2.24.3.1014878 CFNetwork/1331.0.7 Darwin/21.4.0"
::ffff:127.0.0.1 - - [28/Jul/2022:00:13:21 +0000] "GET /api/v1/templates?createUser=62e1c73199e2a94b91d42e4a HTTP/1.0" 304 - "-" "Expo/2.24.3.1014878 CFNetwork/1331.0.7 Darwin/21.4.0"
::1 - - [28/Jul/2022:00:13:44 +0000] "GET /api/v1/templates?createUser=62e1c73199e2a94b91d42e4a HTTP/1.0" 304 - "-" "Expo/2.24.3.1014878 CFNetwork/1331.0.7 Darwin/21.4.0"
::ffff:127.0.0.1 - - [28/Jul/2022:00:13:59 +0000] "GET /api/v1/templates?createUser=62e1c73199e2a94b91d42e4a HTTP/1.0" 304 - "-" "Expo/2.24.3.1014878 CFNetwork/1331.0.7 Darwin/21.4.0"
::1 - - [28/Jul/2022:00:14:17 +0000] "GET /api/v1/templates?createUser=62e1c73199e2a94b91d42e4a HTTP/1.0" 304 - "-" "Expo/2.24.3.1014878 CFNetwork/1331.0.7 Darwin/21.4.0"
::ffff:127.0.0.1 - - [28/Jul/2022:00:14:51 +0000] "GET /api/v1/templates?createUser=62e1c73199e2a94b91d42e4a HTTP/1.0" 304 - "-" "Expo/2.24.3.1014878 CFNetwork/1331.0.7 Darwin/21.4.0"
::1 - - [28/Jul/2022:00:14:55 +0000] "GET /api/v1/templates?createUser=62e1c73199e2a94b91d42e4a HTTP/1.0" 304 - "-" "Expo/2.24.3.1014878 CFNetwork/1331.0.7 Darwin/21.4.0"
::ffff:127.0.0.1 - - [28/Jul/2022:00:15:01 +0000] "GET /api/v1/templates?createUser=62e1c73199e2a94b91d42e4a HTTP/1.0" 304 - "-" "Expo/2.24.3.1014878 CFNetwork/1331.0.7 Darwin/21.4.0"
::1 - - [28/Jul/2022:00:15:09 +0000] "GET /api/v1/templates?createUser=62e1c73199e2a94b91d42e4a HTTP/1.0" 304 - "-" "Expo/2.24.3.1014878 CFNetwork/1331.0.7 Darwin/21.4.0"
::ffff:127.0.0.1 - - [28/Jul/2022:00:15:14 +0000] "GET /api/v1/templates?createUser=62e1c73199e2a94b91d42e4a HTTP/1.0" 304 - "-" "Expo/2.24.3.1014878 CFNetwork/1331.0.7 Darwin/21.4.0"
::1 - - [28/Jul/2022:00:15:17 +0000] "GET /api/v1/templates?createUser=62e1c73199e2a94b91d42e4a HTTP/1.0" 304 - "-" "Expo/2.24.3.1014878 CFNetwork/1331.0.7 Darwin/21.4.0"
::ffff:127.0.0.1 - - [28/Jul/2022:00:15:26 +0000] "GET /api/v1/templates?createUser=62e1c73199e2a94b91d42e4a HTTP/1.0" 304 - "-" "Expo/2.24.3.1014878 CFNetwork/1331.0.7 Darwin/21.4.0"
::1 - - [28/Jul/2022:00:15:32 +0000] "GET /api/v1/templates?createUser=62e1c73199e2a94b91d42e4a HTTP/1.0" 304 - "-" "Expo/2.24.3.1014878 CFNetwork/1331.0.7 Darwin/21.4.0"
::ffff:127.0.0.1 - - [28/Jul/2022:00:15:35 +0000] "GET /api/v1/templates?createUser=62e1c73199e2a94b91d42e4a HTTP/1.0" 304 - "-" "Expo/2.24.3.1014878 CFNetwork/1331.0.7 Darwin/21.4.0"
::1 - - [28/Jul/2022:00:15:38 +0000] "GET /api/v1/templates?createUser=62e1c73199e2a94b91d42e4a HTTP/1.0" 304 - "-" "Expo/2.24.3.1014878 CFNetwork/1331.0.7 Darwin/21.4.0"
::ffff:127.0.0.1 - - [28/Jul/2022:00:15:42 +0000] "GET /api/v1/templates?createUser=62e1c73199e2a94b91d42e4a HTTP/1.0" 304 - "-" "Expo/2.24.3.1014878 CFNetwork/1331.0.7 Darwin/21.4.0"
::1 - - [28/Jul/2022:00:15:46 +0000] "GET /api/v1/templates?createUser=62e1c73199e2a94b91d42e4a HTTP/1.0" 304 - "-" "Expo/2.24.3.1014878 CFNetwork/1331.0.7 Darwin/21.4.0"
::ffff:127.0.0.1 - - [28/Jul/2022:00:15:49 +0000] "GET /api/v1/templates?createUser=62e1c73199e2a94b91d42e4a HTTP/1.0" 304 - "-" "Expo/2.24.3.1014878 CFNetwork/1331.0.7 Darwin/21.4.0"
::1 - - [28/Jul/2022:00:15:54 +0000] "GET /api/v1/templates?createUser=62e1c73199e2a94b91d42e4a HTTP/1.0" 304 - "-" "Expo/2.24.3.1014878 CFNetwork/1331.0.7 Darwin/21.4.0"
::ffff:127.0.0.1 - - [28/Jul/2022:00:15:56 +0000] "GET /api/v1/transactions/user?template=62e1c8bb99e2a94b91d42e87 HTTP/1.0" 304 - "-" "Expo/2.24.3.1014878 CFNetwork/1331.0.7 Darwin/21.4.0"
::1 - - [28/Jul/2022:00:15:56 +0000] "GET /api/v1/templates?createUser=62e1c73199e2a94b91d42e4a HTTP/1.0" 304 - "-" "Expo/2.24.3.1014878 CFNetwork/1331.0.7 Darwin/21.4.0"
::ffff:127.0.0.1 - - [28/Jul/2022:00:16:00 +0000] "GET /api/v1/templates?createUser=62e1c73199e2a94b91d42e4a HTTP/1.0" 304 - "-" "Expo/2.24.3.1014878 CFNetwork/1331.0.7 Darwin/21.4.0"
::1 - - [28/Jul/2022:00:16:20 +0000] "GET /api/v1/templates?createUser=62e1c73199e2a94b91d42e4a HTTP/1.0" 304 - "-" "Expo/2.24.3.1014878 CFNetwork/1331.0.7 Darwin/21.4.0"
::ffff:127.0.0.1 - - [28/Jul/2022:00:16:20 +0000] "GET /api/v1/bills/user?limit=1000&sort=-createdAt HTTP/1.0" 200 6202 "-" "Expo/2.24.3.1014878 CFNetwork/1331.0.7 Darwin/21.4.0"
::1 - - [28/Jul/2022:00:16:23 +0000] "GET /api/v1/bills/user?limit=1000&sort=-createdAt HTTP/1.0" 304 - "-" "Expo/2.24.3.1014878 CFNetwork/1331.0.7 Darwin/21.4.0"
::ffff:127.0.0.1 - - [28/Jul/2022:00:16:23 +0000] "GET /api/v1/goods/user?limit=100 HTTP/1.0" 304 - "-" "Expo/2.24.3.1014878 CFNetwork/1331.0.7 Darwin/21.4.0"
::1 - - [28/Jul/2022:00:16:24 +0000] "GET /api/v1/goods/62e1c78199e2a94b91d42e5a HTTP/1.0" 200 428 "-" "Expo/2.24.3.1014878 CFNetwork/1331.0.7 Darwin/21.4.0"
::ffff:127.0.0.1 - - [28/Jul/2022:00:16:24 +0000] "GET /upload/undefined HTTP/1.0" 404 155 "-" "Expo/2.24.3.1014878 CFNetwork/1331.0.7 Darwin/21.4.0"
::ffff:127.0.0.1 - - [28/Jul/2022:00:16:24 +0000] "GET /api/v1/transactions/user?good=62e1c78199e2a94b91d42e5a&sort=-createdAt HTTP/1.0" 200 2402 "-" "Expo/2.24.3.1014878 CFNetwork/1331.0.7 Darwin/21.4.0"
::1 - - [28/Jul/2022:00:16:25 +0000] "GET /api/v1/goods/user?limit=100 HTTP/1.0" 304 - "-" "Expo/2.24.3.1014878 CFNetwork/1331.0.7 Darwin/21.4.0"
::ffff:127.0.0.1 - - [28/Jul/2022:00:16:28 +0000] "GET /api/v1/goods/user?limit=100 HTTP/1.0" 304 - "-" "Expo/2.24.3.1014878 CFNetwork/1331.0.7 Darwin/21.4.0"
::ffff:127.0.0.1 - - [28/Jul/2022:00:16:29 +0000] "GET /api/v1/transactions/basket?limit=100&sort=-createdAt HTTP/1.0" 200 107 "-" "Expo/2.24.3.1014878 CFNetwork/1331.0.7 Darwin/21.4.0"
::1 - - [28/Jul/2022:00:16:29 +0000] "GET /api/v1/goods/user?limit=100 HTTP/1.0" 304 - "-" "Expo/2.24.3.1014878 CFNetwork/1331.0.7 Darwin/21.4.0"
::1 - - [28/Jul/2022:00:16:29 +0000] "GET /api/v1/goods/user?limit=100 HTTP/1.0" 304 - "-" "Expo/2.24.3.1014878 CFNetwork/1331.0.7 Darwin/21.4.0"
::ffff:127.0.0.1 - - [28/Jul/2022:00:16:30 +0000] "GET /api/v1/transactions/basket?limit=100&sort=-createdAt HTTP/1.0" 304 - "-" "Expo/2.24.3.1014878 CFNetwork/1331.0.7 Darwin/21.4.0"
::ffff:127.0.0.1 - - [28/Jul/2022:00:16:31 +0000] "GET /api/v1/bills/user?limit=1000&sort=-createdAt HTTP/1.0" 304 - "-" "Expo/2.24.3.1014878 CFNetwork/1331.0.7 Darwin/21.4.0"
::1 - - [28/Jul/2022:00:16:31 +0000] "GET /api/v1/goods/user?limit=100 HTTP/1.0" 304 - "-" "Expo/2.24.3.1014878 CFNetwork/1331.0.7 Darwin/21.4.0"
::1 - - [28/Jul/2022:00:16:31 +0000] "GET /api/v1/templates?createUser=62e1c73199e2a94b91d42e4a HTTP/1.0" 304 - "-" "Expo/2.24.3.1014878 CFNetwork/1331.0.7 Darwin/21.4.0"
::ffff:127.0.0.1 - - [28/Jul/2022:00:16:31 +0000] "GET /api/v1/bills/user?limit=1000&sort=-createdAt HTTP/1.0" 304 - "-" "Expo/2.24.3.1014878 CFNetwork/1331.0.7 Darwin/21.4.0"
::ffff:127.0.0.1 - - [28/Jul/2022:00:16:33 +0000] "GET /api/v1/templates?createUser=62e1c73199e2a94b91d42e4a HTTP/1.0" 304 - "-" "Expo/2.24.3.1014878 CFNetwork/1331.0.7 Darwin/21.4.0"
::1 - - [28/Jul/2022:00:16:33 +0000] "GET /api/v1/transactions/user?template=62e1cb6699e2a94b91d43051 HTTP/1.0" 200 517 "-" "Expo/2.24.3.1014878 CFNetwork/1331.0.7 Darwin/21.4.0"
::ffff:127.0.0.1 - - [28/Jul/2022:00:16:38 +0000] "GET /api/v1/templates?createUser=62e1c73199e2a94b91d42e4a HTTP/1.0" 304 - "-" "Expo/2.24.3.1014878 CFNetwork/1331.0.7 Darwin/21.4.0"
::1 - - [28/Jul/2022:00:16:38 +0000] "GET /api/v1/templates?createUser=62e1c73199e2a94b91d42e4a HTTP/1.0" 304 - "-" "Expo/2.24.3.1014878 CFNetwork/1331.0.7 Darwin/21.4.0"
::ffff:127.0.0.1 - - [28/Jul/2022:00:16:38 +0000] "GET /api/v1/transactions/basket?limit=100&sort=-createdAt HTTP/1.0" 304 - "-" "Expo/2.24.3.1014878 CFNetwork/1331.0.7 Darwin/21.4.0"
::1 - - [28/Jul/2022:00:16:38 +0000] "GET /api/v1/goods/user?limit=100 HTTP/1.0" 304 - "-" "Expo/2.24.3.1014878 CFNetwork/1331.0.7 Darwin/21.4.0"
::ffff:127.0.0.1 - - [28/Jul/2022:00:16:40 +0000] "GET /api/v1/transactions/basket?limit=100&sort=-createdAt HTTP/1.0" 304 - "-" "Expo/2.24.3.1014878 CFNetwork/1331.0.7 Darwin/21.4.0"
::1 - - [28/Jul/2022:00:16:40 +0000] "GET /api/v1/templates?createUser=62e1c73199e2a94b91d42e4a HTTP/1.0" 304 - "-" "Expo/2.24.3.1014878 CFNetwork/1331.0.7 Darwin/21.4.0"
::ffff:127.0.0.1 - - [28/Jul/2022:00:16:40 +0000] "GET /api/v1/goods/user?limit=100 HTTP/1.0" 304 - "-" "Expo/2.24.3.1014878 CFNetwork/1331.0.7 Darwin/21.4.0"
::ffff:127.0.0.1 - - [28/Jul/2022:00:16:41 +0000] "GET /api/v1/templates?createUser=62e1c73199e2a94b91d42e4a HTTP/1.0" 304 - "-" "Expo/2.24.3.1014878 CFNetwork/1331.0.7 Darwin/21.4.0"
::1 - - [28/Jul/2022:00:16:41 +0000] "GET /api/v1/transactions/user?template=62e1cb6699e2a94b91d43051 HTTP/1.0" 304 - "-" "Expo/2.24.3.1014878 CFNetwork/1331.0.7 Darwin/21.4.0"
::ffff:127.0.0.1 - - [28/Jul/2022:00:16:46 +0000] "POST /api/v1/bills/drain HTTP/1.0" 200 287 "-" "Expo/2.24.3.1014878 CFNetwork/1331.0.7 Darwin/21.4.0"
::1 - - [28/Jul/2022:00:16:48 +0000] "GET /api/v1/templates?createUser=62e1c73199e2a94b91d42e4a HTTP/1.0" 304 - "-" "Expo/2.24.3.1014878 CFNetwork/1331.0.7 Darwin/21.4.0"
::ffff:127.0.0.1 - - [28/Jul/2022:00:16:48 +0000] "GET /api/v1/transactions/basket?limit=100&sort=-createdAt HTTP/1.0" 200 107 "-" "Expo/2.24.3.1014878 CFNetwork/1331.0.7 Darwin/21.4.0"
::ffff:127.0.0.1 - - [28/Jul/2022:00:16:48 +0000] "GET /api/v1/templates?createUser=62e1c73199e2a94b91d42e4a HTTP/1.0" 304 - "-" "Expo/2.24.3.1014878 CFNetwork/1331.0.7 Darwin/21.4.0"
::1 - - [28/Jul/2022:00:16:49 +0000] "GET /api/v1/goods/user?limit=100 HTTP/1.0" 200 914 "-" "Expo/2.24.3.1014878 CFNetwork/1331.0.7 Darwin/21.4.0"
::1 - - [28/Jul/2022:00:16:57 +0000] "GET /api/v1/templates?createUser=62e1c73199e2a94b91d42e4a HTTP/1.0" 304 - "-" "Expo/2.24.3.1014878 CFNetwork/1331.0.7 Darwin/21.4.0"
::ffff:127.0.0.1 - - [28/Jul/2022:00:16:59 +0000] "GET /api/v1/transactions/basket?limit=100&sort=-createdAt HTTP/1.0" 304 - "-" "Expo/2.24.3.1014878 CFNetwork/1331.0.7 Darwin/21.4.0"
::ffff:127.0.0.1 - - [28/Jul/2022:00:16:59 +0000] "GET /api/v1/bills/user?limit=1000&sort=-createdAt HTTP/1.0" 200 6466 "-" "Expo/2.24.3.1014878 CFNetwork/1331.0.7 Darwin/21.4.0"
::1 - - [28/Jul/2022:00:16:59 +0000] "GET /api/v1/goods/user?limit=100 HTTP/1.0" 304 - "-" "Expo/2.24.3.1014878 CFNetwork/1331.0.7 Darwin/21.4.0"
::1 - - [28/Jul/2022:00:17:06 +0000] "GET /api/v1/bills/user?limit=1000&sort=-createdAt HTTP/1.0" 304 - "-" "Expo/2.24.3.1014878 CFNetwork/1331.0.7 Darwin/21.4.0"
::ffff:127.0.0.1 - - [28/Jul/2022:00:17:06 +0000] "GET /api/v1/goods/user?limit=100 HTTP/1.0" 304 - "-" "Expo/2.24.3.1014878 CFNetwork/1331.0.7 Darwin/21.4.0"
::1 - - [28/Jul/2022:00:17:09 +0000] "GET /api/v1/templates?createUser=62e1c73199e2a94b91d42e4a HTTP/1.0" 304 - "-" "Expo/2.24.3.1014878 CFNetwork/1331.0.7 Darwin/21.4.0"
::ffff:127.0.0.1 - - [28/Jul/2022:00:17:09 +0000] "GET /api/v1/goods/user?limit=100 HTTP/1.0" 304 - "-" "Expo/2.24.3.1014878 CFNetwork/1331.0.7 Darwin/21.4.0"
::1 - - [28/Jul/2022:00:17:10 +0000] "GET /api/v1/templates?createUser=62e1c73199e2a94b91d42e4a HTTP/1.0" 304 - "-" "Expo/2.24.3.1014878 CFNetwork/1331.0.7 Darwin/21.4.0"
::ffff:127.0.0.1 - - [28/Jul/2022:00:17:10 +0000] "GET /api/v1/bills/user?limit=1000&sort=-createdAt HTTP/1.0" 304 - "-" "Expo/2.24.3.1014878 CFNetwork/1331.0.7 Darwin/21.4.0"
::1 - - [28/Jul/2022:00:17:11 +0000] "GET /api/v1/bills/user?limit=1000&sort=-createdAt HTTP/1.0" 304 - "-" "Expo/2.24.3.1014878 CFNetwork/1331.0.7 Darwin/21.4.0"
::ffff:127.0.0.1 - - [28/Jul/2022:00:17:11 +0000] "GET /api/v1/goods/user?limit=100 HTTP/1.0" 304 - "-" "Expo/2.24.3.1014878 CFNetwork/1331.0.7 Darwin/21.4.0"
::1 - - [28/Jul/2022:00:17:12 +0000] "GET /api/v1/transactions/basket?limit=100&sort=-createdAt HTTP/1.0" 304 - "-" "Expo/2.24.3.1014878 CFNetwork/1331.0.7 Darwin/21.4.0"
::ffff:127.0.0.1 - - [28/Jul/2022:00:17:12 +0000] "GET /api/v1/goods/user?limit=100 HTTP/1.0" 304 - "-" "Expo/2.24.3.1014878 CFNetwork/1331.0.7 Darwin/21.4.0"
::1 - - [28/Jul/2022:00:17:12 +0000] "GET /api/v1/goods/user?limit=100 HTTP/1.0" 304 - "-" "Expo/2.24.3.1014878 CFNetwork/1331.0.7 Darwin/21.4.0"
::ffff:127.0.0.1 - - [28/Jul/2022:00:17:13 +0000] "GET /api/v1/transactions/basket?limit=100&sort=-createdAt HTTP/1.0" 304 - "-" "Expo/2.24.3.1014878 CFNetwork/1331.0.7 Darwin/21.4.0"
::1 - - [28/Jul/2022:00:17:14 +0000] "GET /api/v1/goods/user?limit=100 HTTP/1.0" 304 - "-" "Expo/2.24.3.1014878 CFNetwork/1331.0.7 Darwin/21.4.0"
::ffff:127.0.0.1 - - [28/Jul/2022:00:17:14 +0000] "GET /api/v1/goods/user?limit=100 HTTP/1.0" 304 - "-" "Expo/2.24.3.1014878 CFNetwork/1331.0.7 Darwin/21.4.0"
::1 - - [28/Jul/2022:00:18:15 +0000] "GET /api/v1/templates?createUser=62e1c73199e2a94b91d42e4a HTTP/1.0" 304 - "-" "Expo/2.24.3.1014878 CFNetwork/1331.0.7 Darwin/21.4.0"
::ffff:127.0.0.1 - - [28/Jul/2022:00:18:15 +0000] "GET /api/v1/goods/user?limit=100 HTTP/1.0" 304 - "-" "Expo/2.24.3.1014878 CFNetwork/1331.0.7 Darwin/21.4.0"
::1 - - [28/Jul/2022:00:18:22 +0000] "GET /api/v1/templates?createUser=62e1c73199e2a94b91d42e4a HTTP/1.0" 304 - "-" "Expo/2.24.3.1014878 CFNetwork/1331.0.7 Darwin/21.4.0"
::ffff:127.0.0.1 - - [28/Jul/2022:00:20:17 +0000] "GET /api/v1/bills/user?limit=1000&sort=-createdAt HTTP/1.0" 304 - "-" "Expo/2.24.3.1014878 CFNetwork/1331.0.7 Darwin/21.4.0"
::1 - - [28/Jul/2022:00:20:17 +0000] "GET /api/v1/templates?createUser=62e1c73199e2a94b91d42e4a HTTP/1.0" 304 - "-" "Expo/2.24.3.1014878 CFNetwork/1331.0.7 Darwin/21.4.0"
::1 - - [28/Jul/2022:00:20:18 +0000] "GET /api/v1/bills/user?limit=1000&sort=-createdAt HTTP/1.0" 304 - "-" "Expo/2.24.3.1014878 CFNetwork/1331.0.7 Darwin/21.4.0"
::ffff:127.0.0.1 - - [28/Jul/2022:00:20:18 +0000] "GET /api/v1/goods/user?limit=100 HTTP/1.0" 304 - "-" "Expo/2.24.3.1014878 CFNetwork/1331.0.7 Darwin/21.4.0"
::1 - - [28/Jul/2022:00:20:19 +0000] "GET /api/v1/templates?createUser=62e1c73199e2a94b91d42e4a HTTP/1.0" 304 - "-" "Expo/2.24.3.1014878 CFNetwork/1331.0.7 Darwin/21.4.0"
::ffff:127.0.0.1 - - [28/Jul/2022:00:20:19 +0000] "GET /api/v1/goods/user?limit=100 HTTP/1.0" 304 - "-" "Expo/2.24.3.1014878 CFNetwork/1331.0.7 Darwin/21.4.0"
::ffff:127.0.0.1 - - [28/Jul/2022:00:20:20 +0000] "GET /api/v1/templates?createUser=62e1c73199e2a94b91d42e4a HTTP/1.0" 304 - "-" "Expo/2.24.3.1014878 CFNetwork/1331.0.7 Darwin/21.4.0"
::1 - - [28/Jul/2022:00:20:20 +0000] "GET /api/v1/templates?createUser=62e1c73199e2a94b91d42e4a HTTP/1.0" 304 - "-" "Expo/2.24.3.1014878 CFNetwork/1331.0.7 Darwin/21.4.0"
::ffff:127.0.0.1 - - [28/Jul/2022:00:20:21 +0000] "GET /api/v1/transactions/basket?limit=100&sort=-createdAt HTTP/1.0" 304 - "-" "Expo/2.24.3.1014878 CFNetwork/1331.0.7 Darwin/21.4.0"
::1 - - [28/Jul/2022:00:20:21 +0000] "GET /api/v1/goods/user?limit=100 HTTP/1.0" 304 - "-" "Expo/2.24.3.1014878 CFNetwork/1331.0.7 Darwin/21.4.0"
::ffff:127.0.0.1 - - [28/Jul/2022:00:20:21 +0000] "GET /api/v1/templates?createUser=62e1c73199e2a94b91d42e4a HTTP/1.0" 304 - "-" "Expo/2.24.3.1014878 CFNetwork/1331.0.7 Darwin/21.4.0"
::ffff:127.0.0.1 - - [28/Jul/2022:00:20:22 +0000] "GET /api/v1/transactions/basket?limit=100&sort=-createdAt HTTP/1.0" 304 - "-" "Expo/2.24.3.1014878 CFNetwork/1331.0.7 Darwin/21.4.0"
::1 - - [28/Jul/2022:00:20:22 +0000] "GET /api/v1/goods/user?limit=100 HTTP/1.0" 304 - "-" "Expo/2.24.3.1014878 CFNetwork/1331.0.7 Darwin/21.4.0"
::1 - - [28/Jul/2022:00:20:22 +0000] "GET /api/v1/goods/user?limit=100 HTTP/1.0" 304 - "-" "Expo/2.24.3.1014878 CFNetwork/1331.0.7 Darwin/21.4.0"
::ffff:127.0.0.1 - - [28/Jul/2022:00:20:23 +0000] "GET /api/v1/bills/user?limit=1000&sort=-createdAt HTTP/1.0" 304 - "-" "Expo/2.24.3.1014878 CFNetwork/1331.0.7 Darwin/21.4.0"
::1 - - [28/Jul/2022:00:20:23 +0000] "GET /api/v1/goods/user?limit=100 HTTP/1.0" 304 - "-" "Expo/2.24.3.1014878 CFNetwork/1331.0.7 Darwin/21.4.0"
::ffff:127.0.0.1 - - [28/Jul/2022:00:20:23 +0000] "GET /api/v1/templates?createUser=62e1c73199e2a94b91d42e4a HTTP/1.0" 304 - "-" "Expo/2.24.3.1014878 CFNetwork/1331.0.7 Darwin/21.4.0"
::1 - - [28/Jul/2022:00:20:23 +0000] "GET /api/v1/bills/user?limit=1000&sort=-createdAt HTTP/1.0" 304 - "-" "Expo/2.24.3.1014878 CFNetwork/1331.0.7 Darwin/21.4.0"
::ffff:127.0.0.1 - - [28/Jul/2022:00:20:25 +0000] "GET /api/v1/templates?createUser=62e1c73199e2a94b91d42e4a HTTP/1.0" 304 - "-" "Expo/2.24.3.1014878 CFNetwork/1331.0.7 Darwin/21.4.0"
::1 - - [28/Jul/2022:00:20:25 +0000] "GET /api/v1/goods/user?limit=100 HTTP/1.0" 304 - "-" "Expo/2.24.3.1014878 CFNetwork/1331.0.7 Darwin/21.4.0"
::ffff:127.0.0.1 - - [28/Jul/2022:00:20:56 +0000] "GET /api/v1/goods/user?limit=100 HTTP/1.0" 304 - "-" "Expo/2.24.3.1014878 CFNetwork/1331.0.7 Darwin/21.4.0"
::1 - - [28/Jul/2022:00:21:03 +0000] "GET /api/v1/goods/user?limit=100 HTTP/1.0" 304 - "-" "Expo/2.24.3.1014878 CFNetwork/1331.0.7 Darwin/21.4.0"
::1 - - [28/Jul/2022:00:21:03 +0000] "GET /api/v1/transactions/basket?limit=100&sort=-createdAt HTTP/1.0" 304 - "-" "Expo/2.24.3.1014878 CFNetwork/1331.0.7 Darwin/21.4.0"
::ffff:127.0.0.1 - - [28/Jul/2022:00:21:03 +0000] "GET /api/v1/goods/user?limit=100 HTTP/1.0" 304 - "-" "Expo/2.24.3.1014878 CFNetwork/1331.0.7 Darwin/21.4.0"
::ffff:127.0.0.1 - - [28/Jul/2022:00:21:04 +0000] "GET /api/v1/transactions/basket?limit=100&sort=-createdAt HTTP/1.0" 304 - "-" "Expo/2.24.3.1014878 CFNetwork/1331.0.7 Darwin/21.4.0"
::1 - - [28/Jul/2022:00:21:04 +0000] "GET /api/v1/goods/user?limit=100 HTTP/1.0" 304 - "-" "Expo/2.24.3.1014878 CFNetwork/1331.0.7 Darwin/21.4.0"
::ffff:127.0.0.1 - - [28/Jul/2022:00:21:04 +0000] "GET /api/v1/goods/user?limit=100 HTTP/1.0" 304 - "-" "Expo/2.24.3.1014878 CFNetwork/1331.0.7 Darwin/21.4.0"
::1 - - [28/Jul/2022:00:21:05 +0000] "GET /api/v1/bills/user?limit=1000&sort=-createdAt HTTP/1.0" 304 - "-" "Expo/2.24.3.1014878 CFNetwork/1331.0.7 Darwin/21.4.0"
::ffff:127.0.0.1 - - [28/Jul/2022:00:21:05 +0000] "GET /api/v1/goods/user?limit=100 HTTP/1.0" 304 - "-" "Expo/2.24.3.1014878 CFNetwork/1331.0.7 Darwin/21.4.0"
::1 - - [28/Jul/2022:00:21:06 +0000] "GET /api/v1/templates?createUser=62e1c73199e2a94b91d42e4a HTTP/1.0" 304 - "-" "Expo/2.24.3.1014878 CFNetwork/1331.0.7 Darwin/21.4.0"
::ffff:127.0.0.1 - - [28/Jul/2022:00:21:06 +0000] "GET /api/v1/bills/user?limit=1000&sort=-createdAt HTTP/1.0" 304 - "-" "Expo/2.24.3.1014878 CFNetwork/1331.0.7 Darwin/21.4.0"
::1 - - [28/Jul/2022:00:21:07 +0000] "GET /api/v1/templates?createUser=62e1c73199e2a94b91d42e4a HTTP/1.0" 304 - "-" "Expo/2.24.3.1014878 CFNetwork/1331.0.7 Darwin/21.4.0"
::ffff:127.0.0.1 - - [28/Jul/2022:00:21:08 +0000] "GET /api/v1/templates?createUser=62e1c73199e2a94b91d42e4a HTTP/1.0" 304 - "-" "Expo/2.24.3.1014878 CFNetwork/1331.0.7 Darwin/21.4.0"
::1 - - [28/Jul/2022:00:21:08 +0000] "GET /api/v1/templates?createUser=62e1c73199e2a94b91d42e4a HTTP/1.0" 304 - "-" "Expo/2.24.3.1014878 CFNetwork/1331.0.7 Darwin/21.4.0"
::ffff:127.0.0.1 - - [28/Jul/2022:00:21:08 +0000] "GET /api/v1/bills/user?limit=1000&sort=-createdAt HTTP/1.0" 304 - "-" "Expo/2.24.3.1014878 CFNetwork/1331.0.7 Darwin/21.4.0"
::1 - - [28/Jul/2022:00:21:12 +0000] "GET /api/v1/bills/user?limit=1000&sort=-createdAt HTTP/1.0" 304 - "-" "Expo/2.24.3.1014878 CFNetwork/1331.0.7 Darwin/21.4.0"
::ffff:127.0.0.1 - - [28/Jul/2022:00:21:12 +0000] "GET /api/v1/goods/user?limit=100 HTTP/1.0" 304 - "-" "Expo/2.24.3.1014878 CFNetwork/1331.0.7 Darwin/21.4.0"
::1 - - [28/Jul/2022:00:21:13 +0000] "GET /api/v1/bills/user?limit=1000&sort=-createdAt HTTP/1.0" 304 - "-" "Expo/2.24.3.1014878 CFNetwork/1331.0.7 Darwin/21.4.0"
::ffff:127.0.0.1 - - [28/Jul/2022:00:21:13 +0000] "GET /api/v1/goods/user?limit=100 HTTP/1.0" 304 - "-" "Expo/2.24.3.1014878 CFNetwork/1331.0.7 Darwin/21.4.0"
::1 - - [28/Jul/2022:00:21:33 +0000] "GET /api/v1/bills/user?limit=1000&sort=-createdAt HTTP/1.0" 304 - "-" "Expo/2.24.3.1014878 CFNetwork/1331.0.7 Darwin/21.4.0"
::ffff:127.0.0.1 - - [28/Jul/2022:00:21:36 +0000] "GET /api/v1/bills/user?limit=1000&sort=-createdAt HTTP/1.0" 304 - "-" "Expo/2.24.3.1014878 CFNetwork/1331.0.7 Darwin/21.4.0"
::1 - - [28/Jul/2022:00:21:42 +0000] "GET /api/v1/bills/user?limit=1000&sort=-createdAt HTTP/1.0" 304 - "-" "Expo/2.24.3.1014878 CFNetwork/1331.0.7 Darwin/21.4.0"
::ffff:127.0.0.1 - - [28/Jul/2022:00:21:48 +0000] "GET /api/v1/bills/user?limit=1000&sort=-createdAt HTTP/1.0" 304 - "-" "Expo/2.24.3.1014878 CFNetwork/1331.0.7 Darwin/21.4.0"
::1 - - [28/Jul/2022:00:21:55 +0000] "GET /api/v1/bills/user?limit=1000&sort=-createdAt HTTP/1.0" 304 - "-" "Expo/2.24.3.1014878 CFNetwork/1331.0.7 Darwin/21.4.0"
::ffff:127.0.0.1 - - [28/Jul/2022:00:21:58 +0000] "GET /api/v1/bills/user?limit=1000&sort=-createdAt HTTP/1.0" 304 - "-" "Expo/2.24.3.1014878 CFNetwork/1331.0.7 Darwin/21.4.0"
::1 - - [28/Jul/2022:00:22:00 +0000] "GET /api/v1/bills/user?limit=1000&sort=-createdAt HTTP/1.0" 304 - "-" "Expo/2.24.3.1014878 CFNetwork/1331.0.7 Darwin/21.4.0"
::ffff:127.0.0.1 - - [28/Jul/2022:00:22:19 +0000] "GET /api/v1/bills/user?limit=1000&sort=-createdAt HTTP/1.0" 304 - "-" "Expo/2.24.3.1014878 CFNetwork/1331.0.7 Darwin/21.4.0"
::1 - - [28/Jul/2022:00:22:27 +0000] "GET /api/v1/bills/user?limit=1000&sort=-createdAt HTTP/1.0" 304 - "-" "Expo/2.24.3.1014878 CFNetwork/1331.0.7 Darwin/21.4.0"
::ffff:127.0.0.1 - - [28/Jul/2022:00:22:45 +0000] "GET /api/v1/bills/user?limit=1000&sort=-createdAt HTTP/1.0" 304 - "-" "Expo/2.24.3.1014878 CFNetwork/1331.0.7 Darwin/21.4.0"
::1 - - [28/Jul/2022:00:22:55 +0000] "GET /api/v1/bills/user?limit=1000&sort=-createdAt HTTP/1.0" 304 - "-" "Expo/2.24.3.1014878 CFNetwork/1331.0.7 Darwin/21.4.0"
::ffff:127.0.0.1 - - [28/Jul/2022:00:23:06 +0000] "GET /api/v1/bills/user?limit=1000&sort=-createdAt HTTP/1.0" 304 - "-" "Expo/2.24.3.1014878 CFNetwork/1331.0.7 Darwin/21.4.0"
::1 - - [28/Jul/2022:00:23:16 +0000] "GET /api/v1/bills/user?limit=1000&sort=-createdAt HTTP/1.0" 304 - "-" "Expo/2.24.3.1014878 CFNetwork/1331.0.7 Darwin/21.4.0"
::ffff:127.0.0.1 - - [28/Jul/2022:00:23:33 +0000] "GET /api/v1/bills/user?limit=1000&sort=-createdAt HTTP/1.0" 304 - "-" "Expo/2.24.3.1014878 CFNetwork/1331.0.7 Darwin/21.4.0"
::1 - - [28/Jul/2022:00:23:38 +0000] "GET /api/v1/bills/user?limit=1000&sort=-createdAt HTTP/1.0" 304 - "-" "Expo/2.24.3.1014878 CFNetwork/1331.0.7 Darwin/21.4.0"
::ffff:127.0.0.1 - - [28/Jul/2022:00:23:38 +0000] "GET /api/v1/templates?createUser=62e1c73199e2a94b91d42e4a HTTP/1.0" 304 - "-" "Expo/2.24.3.1014878 CFNetwork/1331.0.7 Darwin/21.4.0"
::ffff:127.0.0.1 - - [28/Jul/2022:00:23:40 +0000] "GET /api/v1/templates?createUser=62e1c73199e2a94b91d42e4a HTTP/1.0" 304 - "-" "Expo/2.24.3.1014878 CFNetwork/1331.0.7 Darwin/21.4.0"
::1 - - [28/Jul/2022:00:23:40 +0000] "GET /api/v1/transactions/user?template=62e1c8bb99e2a94b91d42e87 HTTP/1.0" 200 917 "-" "Expo/2.24.3.1014878 CFNetwork/1331.0.7 Darwin/21.4.0"
::1 - - [28/Jul/2022:00:23:42 +0000] "GET /api/v1/templates?createUser=62e1c73199e2a94b91d42e4a HTTP/1.0" 304 - "-" "Expo/2.24.3.1014878 CFNetwork/1331.0.7 Darwin/21.4.0"
::ffff:127.0.0.1 - - [28/Jul/2022:00:23:43 +0000] "GET /api/v1/templates?createUser=62e1c73199e2a94b91d42e4a HTTP/1.0" 304 - "-" "Expo/2.24.3.1014878 CFNetwork/1331.0.7 Darwin/21.4.0"
::1 - - [28/Jul/2022:00:23:43 +0000] "GET /api/v1/goods/user?limit=100 HTTP/1.0" 304 - "-" "Expo/2.24.3.1014878 CFNetwork/1331.0.7 Darwin/21.4.0"
::ffff:127.0.0.1 - - [28/Jul/2022:00:23:44 +0000] "GET /api/v1/bills/user?limit=1000&sort=-createdAt HTTP/1.0" 304 - "-" "Expo/2.24.3.1014878 CFNetwork/1331.0.7 Darwin/21.4.0"
::1 - - [28/Jul/2022:00:23:44 +0000] "GET /api/v1/goods/user?limit=100 HTTP/1.0" 304 - "-" "Expo/2.24.3.1014878 CFNetwork/1331.0.7 Darwin/21.4.0"
::ffff:127.0.0.1 - - [28/Jul/2022:00:23:54 +0000] "GET /api/v1/transactions/basket?limit=100&sort=-createdAt HTTP/1.0" 304 - "-" "Expo/2.24.3.1014878 CFNetwork/1331.0.7 Darwin/21.4.0"
::1 - - [28/Jul/2022:00:23:54 +0000] "GET /api/v1/goods/user?limit=100 HTTP/1.0" 304 - "-" "Expo/2.24.3.1014878 CFNetwork/1331.0.7 Darwin/21.4.0"
::ffff:127.0.0.1 - - [28/Jul/2022:00:23:54 +0000] "GET /api/v1/bills/user?limit=1000&sort=-createdAt HTTP/1.0" 304 - "-" "Expo/2.24.3.1014878 CFNetwork/1331.0.7 Darwin/21.4.0"
::1 - - [28/Jul/2022:00:23:55 +0000] "GET /api/v1/transactions/basket?limit=100&sort=-createdAt HTTP/1.0" 304 - "-" "Expo/2.24.3.1014878 CFNetwork/1331.0.7 Darwin/21.4.0"
::ffff:127.0.0.1 - - [28/Jul/2022:00:23:55 +0000] "GET /api/v1/goods/user?limit=100 HTTP/1.0" 304 - "-" "Expo/2.24.3.1014878 CFNetwork/1331.0.7 Darwin/21.4.0"
::1 - - [28/Jul/2022:00:23:55 +0000] "GET /api/v1/goods/user?limit=100 HTTP/1.0" 304 - "-" "Expo/2.24.3.1014878 CFNetwork/1331.0.7 Darwin/21.4.0"
::ffff:127.0.0.1 - - [28/Jul/2022:00:23:57 +0000] "GET /api/v1/bills/user?limit=1000&sort=-createdAt HTTP/1.0" 304 - "-" "Expo/2.24.3.1014878 CFNetwork/1331.0.7 Darwin/21.4.0"
::1 - - [28/Jul/2022:00:23:57 +0000] "GET /api/v1/goods/user?limit=100 HTTP/1.0" 304 - "-" "Expo/2.24.3.1014878 CFNetwork/1331.0.7 Darwin/21.4.0"
::ffff:127.0.0.1 - - [28/Jul/2022:00:23:58 +0000] "GET /api/v1/bills/user?limit=1000&sort=-createdAt HTTP/1.0" 304 - "-" "Expo/2.24.3.1014878 CFNetwork/1331.0.7 Darwin/21.4.0"
::1 - - [28/Jul/2022:00:23:58 +0000] "GET /api/v1/goods/user?limit=100 HTTP/1.0" 304 - "-" "Expo/2.24.3.1014878 CFNetwork/1331.0.7 Darwin/21.4.0"
::ffff:127.0.0.1 - - [28/Jul/2022:00:24:08 +0000] "GET /api/v1/bills/user?limit=1000&sort=-createdAt HTTP/1.0" 304 - "-" "Expo/2.24.3.1014878 CFNetwork/1331.0.7 Darwin/21.4.0"
::1 - - [28/Jul/2022:00:24:08 +0000] "GET /api/v1/goods/user?limit=100 HTTP/1.0" 304 - "-" "Expo/2.24.3.1014878 CFNetwork/1331.0.7 Darwin/21.4.0"
::ffff:127.0.0.1 - - [28/Jul/2022:00:24:09 +0000] "GET /api/v1/templates?createUser=62e1c73199e2a94b91d42e4a HTTP/1.0" 304 - "-" "Expo/2.24.3.1014878 CFNetwork/1331.0.7 Darwin/21.4.0"
::1 - - [28/Jul/2022:00:24:09 +0000] "GET /api/v1/bills/user?limit=1000&sort=-createdAt HTTP/1.0" 304 - "-" "Expo/2.24.3.1014878 CFNetwork/1331.0.7 Darwin/21.4.0"
::1 - - [28/Jul/2022:01:13:28 +0000] "POST /api/v1/users/login HTTP/1.0" 400 120 "-" "Expo/2.24.3.1014878 CFNetwork/1331.0.7 Darwin/21.4.0"
::ffff:127.0.0.1 - - [28/Jul/2022:01:13:33 +0000] "POST /api/v1/users/login HTTP/1.0" 200 520 "-" "Expo/2.24.3.1014878 CFNetwork/1331.0.7 Darwin/21.4.0"
::1 - - [28/Jul/2022:01:13:34 +0000] "GET /api/v1/categories HTTP/1.0" 304 - "-" "Expo/2.24.3.1014878 CFNetwork/1331.0.7 Darwin/21.4.0"
::ffff:127.0.0.1 - - [28/Jul/2022:01:13:34 +0000] "GET /api/v1/transactions/basket?limit=100&sort=-createdAt HTTP/1.0" 304 - "-" "Expo/2.24.3.1014878 CFNetwork/1331.0.7 Darwin/21.4.0"
::1 - - [28/Jul/2022:01:13:34 +0000] "GET /api/v1/goods/user?limit=100 HTTP/1.0" 304 - "-" "Expo/2.24.3.1014878 CFNetwork/1331.0.7 Darwin/21.4.0"
::ffff:127.0.0.1 - - [28/Jul/2022:01:13:39 +0000] "GET /api/v1/templates?createUser=62e1c73199e2a94b91d42e4a HTTP/1.0" 304 - "-" "Expo/2.24.3.1014878 CFNetwork/1331.0.7 Darwin/21.4.0"
::ffff:127.0.0.1 - - [28/Jul/2022:01:13:39 +0000] "GET /api/v1/transactions/basket?limit=100&sort=-createdAt HTTP/1.0" 304 - "-" "Expo/2.24.3.1014878 CFNetwork/1331.0.7 Darwin/21.4.0"
::1 - - [28/Jul/2022:01:13:39 +0000] "GET /api/v1/goods/user?limit=100 HTTP/1.0" 304 - "-" "Expo/2.24.3.1014878 CFNetwork/1331.0.7 Darwin/21.4.0"
::1 - - [28/Jul/2022:01:13:46 +0000] "GET /api/v1/templates?createUser=62e1c73199e2a94b91d42e4a HTTP/1.0" 304 - "-" "Expo/2.24.3.1014878 CFNetwork/1331.0.7 Darwin/21.4.0"
::ffff:127.0.0.1 - - [28/Jul/2022:01:13:47 +0000] "GET /api/v1/bills/user?limit=1000&sort=-createdAt HTTP/1.0" 304 - "-" "Expo/2.24.3.1014878 CFNetwork/1331.0.7 Darwin/21.4.0"
::ffff:127.0.0.1 - - [28/Jul/2022:01:13:51 +0000] "GET /api/v1/bills/user?limit=1000&sort=-createdAt HTTP/1.0" 304 - "-" "Expo/2.24.3.1014878 CFNetwork/1331.0.7 Darwin/21.4.0"
::1 - - [28/Jul/2022:01:13:51 +0000] "GET /api/v1/goods/user?limit=100 HTTP/1.0" 304 - "-" "Expo/2.24.3.1014878 CFNetwork/1331.0.7 Darwin/21.4.0"
::ffff:127.0.0.1 - - [28/Jul/2022:01:13:54 +0000] "GET /api/v1/transactions/basket?limit=100&sort=-createdAt HTTP/1.0" 304 - "-" "Expo/2.24.3.1014878 CFNetwork/1331.0.7 Darwin/21.4.0"
::1 - - [28/Jul/2022:01:13:54 +0000] "GET /api/v1/goods/user?limit=100 HTTP/1.0" 304 - "-" "Expo/2.24.3.1014878 CFNetwork/1331.0.7 Darwin/21.4.0"
::1 - - [28/Jul/2022:01:13:54 +0000] "GET /api/v1/goods/user?limit=100 HTTP/1.0" 304 - "-" "Expo/2.24.3.1014878 CFNetwork/1331.0.7 Darwin/21.4.0"
::ffff:127.0.0.1 - - [28/Jul/2022:01:24:52 +0000] "POST /api/v1/users/login HTTP/1.0" 500 328 "-" "okhttp/4.9.2"
::1 - - [28/Jul/2022:01:25:46 +0000] "POST /api/v1/users/login HTTP/1.0" 500 328 "-" "okhttp/4.9.2"
::ffff:127.0.0.1 - - [28/Jul/2022:01:25:57 +0000] "POST /api/v1/users/login HTTP/1.0" 400 120 "-" "okhttp/4.9.2"
::1 - - [28/Jul/2022:01:26:43 +0000] "POST /api/v1/users/login HTTP/1.0" 400 120 "-" "okhttp/4.9.2"
::ffff:127.0.0.1 - - [28/Jul/2022:01:27:21 +0000] "POST /api/v1/users/login HTTP/1.0" 400 120 "-" "okhttp/4.9.2"
::1 - - [28/Jul/2022:01:27:43 +0000] "POST /api/v1/users/login HTTP/1.0" 400 120 "-" "okhttp/4.9.2"
::ffff:127.0.0.1 - - [28/Jul/2022:01:27:52 +0000] "POST /api/v1/users/login HTTP/1.0" 400 120 "-" "okhttp/4.9.2"
::1 - - [28/Jul/2022:01:27:55 +0000] "POST /api/v1/users/login HTTP/1.0" 500 328 "-" "okhttp/4.9.2"
::ffff:127.0.0.1 - - [28/Jul/2022:01:28:17 +0000] "POST /api/v1/users/login HTTP/1.0" 400 120 "-" "okhttp/4.9.2"
::1 - - [28/Jul/2022:01:28:28 +0000] "POST /api/v1/users/login HTTP/1.0" 500 328 "-" "okhttp/4.9.2"
::ffff:127.0.0.1 - - [28/Jul/2022:01:29:28 +0000] "POST /api/v1/users/login HTTP/1.0" 400 120 "-" "okhttp/4.9.2"
::1 - - [28/Jul/2022:01:29:51 +0000] "POST /api/v1/users/login HTTP/1.0" 400 120 "-" "okhttp/4.9.2"
::ffff:127.0.0.1 - - [28/Jul/2022:01:46:50 +0000] "GET / HTTP/1.0" 404 139 "-" "Mozilla/5.0 (Macintosh; Intel Mac OS X 10_15_7) AppleWebKit/537.36 (KHTML, like Gecko) Chrome/102.0.0.0 Safari/537.36"
::1 - - [28/Jul/2022:02:07:02 +0000] "GET /.env HTTP/1.0" 404 143 "-" "Mozilla/5.0 (X11; Linux x86_64) AppleWebKit/537.36 (KHTML, like Gecko) Chrome/81.0.4044.129 Safari/537.36"
::ffff:127.0.0.1 - - [28/Jul/2022:02:07:03 +0000] "POST / HTTP/1.0" 404 140 "-" "Mozilla/5.0 (X11; Linux x86_64) AppleWebKit/537.36 (KHTML, like Gecko) Chrome/81.0.4044.129 Safari/537.36"
::1 - - [28/Jul/2022:02:35:36 +0000] "POST / HTTP/1.0" 404 140 "-" "Mozilla/5.0 (X11; Linux x86_64) AppleWebKit/537.36 (KHTML, like Gecko) Chrome/81.0.4044.129 Safari/537.36"
::ffff:127.0.0.1 - - [28/Jul/2022:02:35:36 +0000] "GET /.env HTTP/1.0" 404 143 "-" "Mozilla/5.0 (X11; Linux x86_64) AppleWebKit/537.36 (KHTML, like Gecko) Chrome/81.0.4044.129 Safari/537.36"
::ffff:127.0.0.1 - - [28/Jul/2022:04:12:13 +0000] "GET / HTTP/1.0" 404 139 "-" "Mozilla/5.0 (X11; Linux x86_64; rv:73.0) Gecko/20100101 Firefox/73.0"
::1 - - [28/Jul/2022:04:22:01 +0000] "GET / HTTP/1.0" 404 139 "-" "Mozilla/5.0 (X11; Linux x86_64; rv:73.0) Gecko/20100101 Firefox/73.0"
::ffff:127.0.0.1 - - [28/Jul/2022:04:22:02 +0000] "GET /favicon.ico HTTP/1.0" 404 150 "http://159.223.82.71/" "Mozilla/5.0 (X11; Linux x86_64; rv:73.0) Gecko/20100101 Firefox/73.0"
::1 - - [28/Jul/2022:04:54:30 +0000] "POST / HTTP/1.0" 404 140 "-" "Mozilla/5.0 (X11; Linux x86_64) AppleWebKit/537.36 (KHTML, like Gecko) Chrome/81.0.4044.129 Safari/537.36"
::ffff:127.0.0.1 - - [28/Jul/2022:04:54:30 +0000] "GET /.env HTTP/1.0" 404 143 "-" "Mozilla/5.0 (X11; Linux x86_64) AppleWebKit/537.36 (KHTML, like Gecko) Chrome/81.0.4044.129 Safari/537.36"
::1 - - [28/Jul/2022:05:06:48 +0000] "GET /.env HTTP/1.0" 404 143 "-" "Mozilla/5.0 (X11; Linux x86_64) AppleWebKit/537.36 (KHTML, like Gecko) Chrome/81.0.4044.129 Safari/537.36"
::ffff:127.0.0.1 - - [28/Jul/2022:05:06:49 +0000] "POST / HTTP/1.0" 404 140 "-" "Mozilla/5.0 (X11; Linux x86_64) AppleWebKit/537.36 (KHTML, like Gecko) Chrome/81.0.4044.129 Safari/537.36"
::ffff:127.0.0.1 - - [28/Jul/2022:05:18:06 +0000] "GET / HTTP/1.0" 404 139 "-" "Mozilla/5.0 (Linux; Android 6.0; Nexus 5 Build/MRA58N) AppleWebKit/537.36 (KHTML, like Gecko) Chrome/81.0.4044.138 Mobile Safari/537.36"
::1 - - [28/Jul/2022:06:54:16 +0000] "POST /vendor/phpunit/phpunit/src/Util/PHP/eval-stdin.php HTTP/1.0" 404 190 "-" "Mozilla/5.0 (Windows NT 10.0; Win64; x64) AppleWebKit/537.36 (KHTML, like Gecko) Chrome/78.0.3904.108 Safari/537.36"
::ffff:127.0.0.1 - - [28/Jul/2022:07:10:22 +0000] "POST / HTTP/1.0" 404 140 "-" "Mozilla/5.0 (X11; Linux x86_64) AppleWebKit/537.36 (KHTML, like Gecko) Chrome/81.0.4044.129 Safari/537.36"
::1 - - [28/Jul/2022:07:10:23 +0000] "GET /.env HTTP/1.0" 404 143 "-" "Mozilla/5.0 (X11; Linux x86_64) AppleWebKit/537.36 (KHTML, like Gecko) Chrome/81.0.4044.129 Safari/537.36"
::ffff:127.0.0.1 - - [28/Jul/2022:07:56:24 +0000] "GET /vendor/phpunit/phpunit/src/Util/PHP/eval-stdin.php HTTP/1.0" 404 189 "-" "Mozilla/5.0 (Windows NT 10.0; Win64; x64) AppleWebKit/537.36 (KHTML, like Gecko) Chrome/78.0.3904.108 Safari/537.36"
::1 - - [28/Jul/2022:08:05:41 +0000] "GET /.env HTTP/1.0" 404 143 "-" "Mozilla/5.0 (X11; Linux x86_64) AppleWebKit/537.36 (KHTML, like Gecko) Chrome/81.0.4044.129 Safari/537.36"
::ffff:127.0.0.1 - - [28/Jul/2022:08:05:42 +0000] "POST / HTTP/1.0" 404 140 "-" "Mozilla/5.0 (X11; Linux x86_64) AppleWebKit/537.36 (KHTML, like Gecko) Chrome/81.0.4044.129 Safari/537.36"
::ffff:127.0.0.1 - - [28/Jul/2022:08:40:00 +0000] "GET /solr/admin/info/system?wt=json HTTP/1.0" 404 161 "-" "Mozilla/5.0 (Windows NT 10.0; Win64; x64) AppleWebKit/537.36 (KHTML, like Gecko) Chrome/78.0.3904.108 Safari/537.36"
::1 - - [28/Jul/2022:08:40:27 +0000] "GET / HTTP/1.0" 404 139 "-" "Mozilla/5.0 (Macintosh; Intel Mac OS X 10_15_7) AppleWebKit/537.36 (KHTML, like Gecko) Chrome/102.0.0.0 Safari/537.36"
::ffff:127.0.0.1 - - [28/Jul/2022:08:45:51 +0000] "GET /wp-login.php HTTP/1.0" 404 151 "-" "Mozilla/5.0 (Windows NT 6.1; WOW64) AppleWebKit/537.36 (KHTML, like Gecko) Chrome/36.0.1985.125 Safari/537.36"
::1 - - [28/Jul/2022:08:45:55 +0000] "GET /administrator/index.php HTTP/1.0" 404 162 "-" "Mozilla/5.0 (Windows NT 6.1; WOW64) AppleWebKit/537.36 (KHTML, like Gecko) Chrome/36.0.1985.125 Safari/537.36"
::ffff:127.0.0.1 - - [28/Jul/2022:08:45:56 +0000] "GET /admin.php HTTP/1.0" 404 148 "-" "Mozilla/5.0 (Windows NT 6.1; WOW64) AppleWebKit/537.36 (KHTML, like Gecko) Chrome/36.0.1985.125 Safari/537.36"
::1 - - [28/Jul/2022:09:22:38 +0000] "POST / HTTP/1.0" 404 140 "-" "Mozilla/5.0 (X11; Linux x86_64) AppleWebKit/537.36 (KHTML, like Gecko) Chrome/81.0.4044.129 Safari/537.36"
::ffff:127.0.0.1 - - [28/Jul/2022:09:22:39 +0000] "GET /.env HTTP/1.0" 404 143 "-" "Mozilla/5.0 (X11; Linux x86_64) AppleWebKit/537.36 (KHTML, like Gecko) Chrome/81.0.4044.129 Safari/537.36"
::1 - - [28/Jul/2022:09:39:27 +0000] "GET /index.php?s=/Index/\think\app/invokefunction&function=call_user_func_array&vars[0]=md5&vars[1][]=HelloThinkPHP21 HTTP/1.0" 404 148 "-" "Mozilla/5.0 (Windows NT 10.0; Win64; x64) AppleWebKit/537.36 (KHTML, like Gecko) Chrome/78.0.3904.108 Safari/537.36"
::ffff:127.0.0.1 - - [28/Jul/2022:09:43:51 +0000] "HEAD / HTTP/1.0" 404 140 "-" "-"
::1 - - [28/Jul/2022:09:43:52 +0000] "GET /system_api.php HTTP/1.0" 404 153 "-" "Mozilla/5.0 (Windows NT 10.0; Win64; x64) AppleWebKit/537.36 (KHTML, like Gecko) Chrome/74.0.3729.169 Safari/537.36"
::ffff:127.0.0.1 - - [28/Jul/2022:09:43:52 +0000] "GET /c/version.js HTTP/1.0" 404 151 "-" "Mozilla/5.0 (Windows NT 10.0; Win64; x64) AppleWebKit/537.36 (KHTML, like Gecko) Chrome/74.0.3729.169 Safari/537.36"
::1 - - [28/Jul/2022:09:43:53 +0000] "GET /streaming/clients_live.php HTTP/1.0" 404 165 "-" "Mozilla/5.0 (Windows NT 10.0; Win64; x64) AppleWebKit/537.36 (KHTML, like Gecko) Chrome/74.0.3729.169 Safari/537.36"
::ffff:127.0.0.1 - - [28/Jul/2022:09:43:53 +0000] "GET /stalker_portal/c/version.js HTTP/1.0" 404 166 "-" "Mozilla/5.0 (Windows NT 10.0; Win64; x64) AppleWebKit/537.36 (KHTML, like Gecko) Chrome/74.0.3729.169 Safari/537.36"
::1 - - [28/Jul/2022:09:43:54 +0000] "GET /stream/live.php HTTP/1.0" 404 154 "-" "Roku/DVP-9.10 (289.10E04111A)"
::ffff:127.0.0.1 - - [28/Jul/2022:09:43:54 +0000] "GET /flu/403.html HTTP/1.0" 404 151 "-" "Mozilla/5.0 (Windows NT 10.0; Win64; x64) AppleWebKit/537.36 (KHTML, like Gecko) Chrome/74.0.3729.169 Safari/537.36"
::1 - - [28/Jul/2022:09:43:55 +0000] "GET / HTTP/1.0" 404 139 "-" "Mozilla/5.0 (Windows NT 10.0; Win64; x64) AppleWebKit/537.36 (KHTML, like Gecko) Chrome/74.0.3729.169 Safari/537.36"
::ffff:127.0.0.1 - - [28/Jul/2022:10:24:51 +0000] "GET / HTTP/1.0" 404 139 "-" "curl/7.64.1"
::1 - - [28/Jul/2022:10:36:20 +0000] "GET /?a=fetch&content=<php>die(@md5(HelloThinkCMF))</php> HTTP/1.0" 404 139 "-" "Mozilla/5.0 (Windows NT 10.0; Win64; x64) AppleWebKit/537.36 (KHTML, like Gecko) Chrome/78.0.3904.108 Safari/537.36"
::ffff:127.0.0.1 - - [28/Jul/2022:10:40:57 +0000] "GET /?XDEBUG_SESSION_START=phpstorm HTTP/1.0" 404 139 "-" "Mozilla/5.0 (Windows NT 10.0; Win64; x64) AppleWebKit/537.36 (KHTML, like Gecko) Chrome/78.0.3904.108 Safari/537.36"
::1 - - [28/Jul/2022:10:49:55 +0000] "GET / HTTP/1.0" 404 139 "-" "Mozilla/5.0 zgrab/0.x"
::ffff:127.0.0.1 - - [28/Jul/2022:11:05:14 +0000] "GET /.env HTTP/1.0" 404 143 "-" "Mozilla/5.0 (X11; Linux x86_64) AppleWebKit/537.36 (KHTML, like Gecko) Chrome/81.0.4044.129 Safari/537.36"
::1 - - [28/Jul/2022:11:05:15 +0000] "POST / HTTP/1.0" 404 140 "-" "Mozilla/5.0 (X11; Linux x86_64) AppleWebKit/537.36 (KHTML, like Gecko) Chrome/81.0.4044.129 Safari/537.36"
::ffff:127.0.0.1 - - [28/Jul/2022:11:05:36 +0000] "GET /.env HTTP/1.0" 404 143 "-" "Mozilla/5.0 (X11; Linux x86_64) AppleWebKit/537.36 (KHTML, like Gecko) Chrome/81.0.4044.129 Safari/537.36"
::1 - - [28/Jul/2022:11:05:38 +0000] "POST / HTTP/1.0" 404 140 "-" "Mozilla/5.0 (X11; Linux x86_64) AppleWebKit/537.36 (KHTML, like Gecko) Chrome/81.0.4044.129 Safari/537.36"
::ffff:127.0.0.1 - - [28/Jul/2022:11:07:30 +0000] "GET / HTTP/1.0" 404 139 "-" "Mozilla/5.0 (Windows NT 10.0; Win64; x64; rv:65.0) Gecko/20100101 Firefox/65.0"
::1 - - [28/Jul/2022:11:07:31 +0000] "GET /favicon.ico HTTP/1.0" 404 150 "-" "Mozilla/5.0 (Windows NT 10.0; Win64; x64; rv:65.0) Gecko/20100101 Firefox/65.0"
::ffff:127.0.0.1 - - [28/Jul/2022:11:33:58 +0000] "POST / HTTP/1.0" 404 140 "-" "Mozilla/5.0 (X11; Linux x86_64) AppleWebKit/537.36 (KHTML, like Gecko) Chrome/81.0.4044.129 Safari/537.36"
::1 - - [28/Jul/2022:11:33:59 +0000] "GET /.env HTTP/1.0" 404 143 "-" "Mozilla/5.0 (X11; Linux x86_64) AppleWebKit/537.36 (KHTML, like Gecko) Chrome/81.0.4044.129 Safari/537.36"
::ffff:127.0.0.1 - - [28/Jul/2022:11:48:11 +0000] "GET /console/ HTTP/1.0" 404 147 "-" "Mozilla/5.0 (Windows NT 10.0; Win64; x64) AppleWebKit/537.36 (KHTML, like Gecko) Chrome/78.0.3904.108 Safari/537.36"
::1 - - [28/Jul/2022:11:49:23 +0000] "GET / HTTP/1.0" 404 139 "-" "Linux Gnu (cow)"
::ffff:127.0.0.1 - - [28/Jul/2022:11:58:44 +0000] "GET /.env HTTP/1.0" 404 143 "-" "Mozilla/5.0 (X11; Linux x86_64) AppleWebKit/537.36 (KHTML, like Gecko) Chrome/81.0.4044.129 Safari/537.36"
::1 - - [28/Jul/2022:11:58:45 +0000] "POST / HTTP/1.0" 404 140 "-" "Mozilla/5.0 (X11; Linux x86_64) AppleWebKit/537.36 (KHTML, like Gecko) Chrome/81.0.4044.129 Safari/537.36"
::ffff:127.0.0.1 - - [28/Jul/2022:12:29:42 +0000] "POST /Autodiscover/Autodiscover.xml HTTP/1.0" 404 169 "-" "Mozilla/5.0 (Windows NT 10.0; Win64; x64) AppleWebKit/537.36 (KHTML, like Gecko) Chrome/78.0.3904.108 Safari/537.36"
::ffff:127.0.0.1 - - [28/Jul/2022:13:34:50 +0000] "GET /_ignition/execute-solution HTTP/1.0" 404 165 "-" "Mozilla/5.0 (Windows NT 10.0; Win64; x64) AppleWebKit/537.36 (KHTML, like Gecko) Chrome/78.0.3904.108 Safari/537.36"
::1 - - [28/Jul/2022:13:45:01 +0000] "POST / HTTP/1.0" 404 140 "-" "Mozilla/5.0 (X11; Linux x86_64) AppleWebKit/537.36 (KHTML, like Gecko) Chrome/81.0.4044.129 Safari/537.36"
::ffff:127.0.0.1 - - [28/Jul/2022:13:45:02 +0000] "GET /.env HTTP/1.0" 404 143 "-" "Mozilla/5.0 (X11; Linux x86_64) AppleWebKit/537.36 (KHTML, like Gecko) Chrome/81.0.4044.129 Safari/537.36"
::1 - - [28/Jul/2022:13:47:50 +0000] "GET / HTTP/1.0" 404 139 "-" "Mozilla/5.0 (Windows NT 10.0; Win64; x64) AppleWebKit/537.36 (KHTML, like Gecko) Chrome/88.0.4324.190 Safari/537.36"
::ffff:127.0.0.1 - - [28/Jul/2022:14:00:13 +0000] "GET / HTTP/1.0" 404 139 "-" "Mozilla/5.0 (Windows NT 10.0; Win64; x64) AppleWebKit/537.36 (KHTML, like Gecko) Chrome/78.0.3904.108 Safari/537.36"
::1 - - [28/Jul/2022:14:00:37 +0000] "GET / HTTP/1.0" 404 139 "-" "Mozilla/5.0 (Macintosh; Intel Mac OS X 10_11_6) AppleWebKit/601.7.7 (KHTML, like Gecko) Version/9.1.2 Safari/601.7.7"
