::1 - - [11/Aug/2022:05:23:47 +0000] "GET /api/v1/goods/user?limit=100 HTTP/1.0" 304 - "-" "okhttp/4.9.2"
::ffff:127.0.0.1 - - [11/Aug/2022:05:23:51 +0000] "GET /api/v1/transactions/user?isBasket=true HTTP/1.0" 200 2263 "-" "okhttp/4.9.2"
::ffff:127.0.0.1 - - [11/Aug/2022:05:24:12 +0000] "GET /api/v1/categories HTTP/1.0" 304 - "-" "okhttp/4.9.2"
::1 - - [11/Aug/2022:05:24:12 +0000] "GET /api/v1/transactions/basket?limit=100&sort=-createdAt HTTP/1.0" 304 - "-" "okhttp/4.9.2"
::1 - - [11/Aug/2022:05:24:12 +0000] "GET /api/v1/goods/user?limit=100 HTTP/1.0" 304 - "-" "okhttp/4.9.2"
::1 - - [11/Aug/2022:05:24:14 +0000] "GET /api/v1/transactions/basket?limit=100&sort=-createdAt HTTP/1.0" 304 - "-" "okhttp/4.9.2"
::ffff:127.0.0.1 - - [11/Aug/2022:05:24:14 +0000] "GET /api/v1/goods/user?limit=100 HTTP/1.0" 304 - "-" "okhttp/4.9.2"
::ffff:127.0.0.1 - - [11/Aug/2022:05:24:16 +0000] "GET /api/v1/transactions/user?isBasket=true HTTP/1.0" 304 - "-" "okhttp/4.9.2"
::ffff:127.0.0.1 - - [11/Aug/2022:05:24:46 +0000] "GET /api/v1/transactions/basket?limit=100&sort=-createdAt HTTP/1.0" 304 - "-" "okhttp/4.9.2"
::1 - - [11/Aug/2022:05:24:46 +0000] "GET /api/v1/goods/user?limit=100 HTTP/1.0" 304 - "-" "okhttp/4.9.2"
::1 - - [11/Aug/2022:05:24:56 +0000] "POST /api/v1/transactions HTTP/1.0" 200 256 "-" "okhttp/4.9.2"
::ffff:127.0.0.1 - - [11/Aug/2022:05:24:57 +0000] "GET /api/v1/transactions/basket?limit=100&sort=-createdAt HTTP/1.0" 200 441 "-" "okhttp/4.9.2"
::1 - - [11/Aug/2022:05:24:57 +0000] "GET /api/v1/transactions/basket?limit=100&sort=-createdAt HTTP/1.0" 200 441 "-" "okhttp/4.9.2"
::ffff:127.0.0.1 - - [11/Aug/2022:05:25:30 +0000] "POST /api/v1/bills/drain HTTP/1.0" 200 287 "-" "okhttp/4.9.2"
::1 - - [11/Aug/2022:05:25:31 +0000] "GET /api/v1/transactions/basket?limit=100&sort=-createdAt HTTP/1.0" 200 107 "-" "okhttp/4.9.2"
::ffff:127.0.0.1 - - [11/Aug/2022:05:25:31 +0000] "GET /api/v1/transactions/basket?limit=100&sort=-createdAt HTTP/1.0" 304 - "-" "okhttp/4.9.2"
::1 - - [11/Aug/2022:05:25:39 +0000] "GET /api/v1/goods/user?limit=100 HTTP/1.0" 200 1739 "-" "okhttp/4.9.2"
::ffff:127.0.0.1 - - [11/Aug/2022:05:25:40 +0000] "GET /api/v1/goods/user?limit=100 HTTP/1.0" 200 1739 "-" "okhttp/4.9.2"
::1 - - [11/Aug/2022:05:25:40 +0000] "GET /api/v1/transactions/basket?limit=100&sort=-createdAt HTTP/1.0" 304 - "-" "okhttp/4.9.2"
::1 - - [11/Aug/2022:05:26:41 +0000] "GET /api/v1/transactions/basket?limit=100&sort=-createdAt HTTP/1.0" 304 - "-" "okhttp/4.9.2"
::ffff:127.0.0.1 - - [11/Aug/2022:05:26:41 +0000] "GET /api/v1/goods/user?limit=100 HTTP/1.0" 304 - "-" "okhttp/4.9.2"
::ffff:127.0.0.1 - - [11/Aug/2022:05:26:41 +0000] "GET /api/v1/goods/user?limit=100 HTTP/1.0" 304 - "-" "okhttp/4.9.2"
::1 - - [11/Aug/2022:05:26:48 +0000] "POST /api/v1/transactions HTTP/1.0" 200 256 "-" "okhttp/4.9.2"
::ffff:127.0.0.1 - - [11/Aug/2022:05:26:49 +0000] "GET /api/v1/transactions/basket?limit=100&sort=-createdAt HTTP/1.0" 200 441 "-" "okhttp/4.9.2"
::1 - - [11/Aug/2022:05:26:49 +0000] "GET /api/v1/transactions/basket?limit=100&sort=-createdAt HTTP/1.0" 200 441 "-" "okhttp/4.9.2"
::ffff:127.0.0.1 - - [11/Aug/2022:05:26:58 +0000] "POST /api/v1/bills/drain HTTP/1.0" 200 287 "-" "okhttp/4.9.2"
::1 - - [11/Aug/2022:05:26:59 +0000] "GET /api/v1/transactions/basket?limit=100&sort=-createdAt HTTP/1.0" 200 107 "-" "okhttp/4.9.2"
::ffff:127.0.0.1 - - [11/Aug/2022:05:26:59 +0000] "GET /api/v1/transactions/basket?limit=100&sort=-createdAt HTTP/1.0" 304 - "-" "okhttp/4.9.2"
::1 - - [11/Aug/2022:05:27:01 +0000] "GET /api/v1/transactions/basket?limit=100&sort=-createdAt HTTP/1.0" 304 - "-" "okhttp/4.9.2"
::ffff:127.0.0.1 - - [11/Aug/2022:05:27:01 +0000] "GET /api/v1/goods/user?limit=100 HTTP/1.0" 200 1739 "-" "okhttp/4.9.2"
::1 - - [11/Aug/2022:05:27:04 +0000] "GET /api/v1/bills/user?limit=1000&sort=-createdAt&type=%D0%9E%D1%80%D0%BB%D0%BE%D0%B3%D0%BE HTTP/1.0" 200 1147 "-" "okhttp/4.9.2"
::1 - - [11/Aug/2022:05:27:07 +0000] "GET /api/v1/transactions/basket?limit=100&sort=-createdAt HTTP/1.0" 304 - "-" "okhttp/4.9.2"
::ffff:127.0.0.1 - - [11/Aug/2022:05:27:07 +0000] "GET /api/v1/bills/user?limit=1000&sort=-createdAt&type=%D0%9E%D1%80%D0%BB%D0%BE%D0%B3%D0%BE HTTP/1.0" 304 - "-" "okhttp/4.9.2"
::ffff:127.0.0.1 - - [11/Aug/2022:05:27:07 +0000] "GET /api/v1/goods/user?limit=100 HTTP/1.0" 304 - "-" "okhttp/4.9.2"
::1 - - [11/Aug/2022:05:27:09 +0000] "GET /api/v1/transactions/basket?limit=100&sort=-createdAt HTTP/1.0" 304 - "-" "okhttp/4.9.2"
::1 - - [11/Aug/2022:05:27:09 +0000] "GET /api/v1/bills/user?limit=1000&sort=-createdAt&type=%D0%9E%D1%80%D0%BB%D0%BE%D0%B3%D0%BE HTTP/1.0" 304 - "-" "okhttp/4.9.2"
::ffff:127.0.0.1 - - [11/Aug/2022:05:27:09 +0000] "GET /api/v1/goods/user?limit=100 HTTP/1.0" 304 - "-" "okhttp/4.9.2"
::ffff:127.0.0.1 - - [11/Aug/2022:05:28:40 +0000] "GET /api/v1/transactions/user?isBasket=true HTTP/1.0" 200 2263 "-" "okhttp/4.9.2"
::1 - - [11/Aug/2022:05:28:44 +0000] "GET /api/v1/users/62f4813199e2a94b91d43a01 HTTP/1.0" 200 229 "-" "okhttp/4.9.2"
::ffff:127.0.0.1 - - [11/Aug/2022:05:28:46 +0000] "GET /api/v1/goods/user?limit=100 HTTP/1.0" 304 - "-" "okhttp/4.9.2"
::1 - - [11/Aug/2022:05:28:46 +0000] "GET /api/v1/transactions/basket?limit=100&sort=-createdAt HTTP/1.0" 304 - "-" "okhttp/4.9.2"
::ffff:127.0.0.1 - - [11/Aug/2022:05:28:53 +0000] "POST /api/v1/transactions HTTP/1.0" 200 254 "-" "okhttp/4.9.2"
::1 - - [11/Aug/2022:05:28:54 +0000] "GET /api/v1/transactions/basket?limit=100&sort=-createdAt HTTP/1.0" 200 444 "-" "okhttp/4.9.2"
::ffff:127.0.0.1 - - [11/Aug/2022:05:28:54 +0000] "GET /api/v1/transactions/basket?limit=100&sort=-createdAt HTTP/1.0" 200 444 "-" "okhttp/4.9.2"
::1 - - [11/Aug/2022:05:28:58 +0000] "POST /api/v1/bills/receipt HTTP/1.0" 200 283 "-" "okhttp/4.9.2"
::ffff:127.0.0.1 - - [11/Aug/2022:05:28:59 +0000] "GET /api/v1/transactions/basket?limit=100&sort=-createdAt HTTP/1.0" 200 109 "-" "okhttp/4.9.2"
::1 - - [11/Aug/2022:05:28:59 +0000] "GET /api/v1/transactions/basket?limit=100&sort=-createdAt HTTP/1.0" 304 - "-" "okhttp/4.9.2"
::ffff:127.0.0.1 - - [11/Aug/2022:05:29:01 +0000] "GET /api/v1/transactions/basket?limit=100&sort=-createdAt HTTP/1.0" 304 - "-" "okhttp/4.9.2"
::1 - - [11/Aug/2022:05:29:01 +0000] "GET /api/v1/goods/user?limit=100 HTTP/1.0" 200 1740 "-" "okhttp/4.9.2"
::ffff:127.0.0.1 - - [11/Aug/2022:05:29:04 +0000] "GET /api/v1/transactions/user?isBasket=true HTTP/1.0" 200 2264 "-" "okhttp/4.9.2"
::1 - - [11/Aug/2022:05:29:07 +0000] "GET /api/v1/transactions/user?isBasket=true HTTP/1.0" 304 - "-" "okhttp/4.9.2"
::ffff:127.0.0.1 - - [11/Aug/2022:05:29:16 +0000] "GET /api/v1/goods/user?limit=100 HTTP/1.0" 304 - "-" "okhttp/4.9.2"
::1 - - [11/Aug/2022:05:29:17 +0000] "GET /api/v1/transactions/basket?limit=100&sort=-createdAt HTTP/1.0" 304 - "-" "okhttp/4.9.2"
::ffff:127.0.0.1 - - [11/Aug/2022:05:29:17 +0000] "GET /api/v1/goods/user?limit=100 HTTP/1.0" 304 - "-" "okhttp/4.9.2"
::1 - - [11/Aug/2022:05:29:17 +0000] "GET /api/v1/goods/user?limit=100 HTTP/1.0" 304 - "-" "okhttp/4.9.2"
::ffff:127.0.0.1 - - [11/Aug/2022:05:30:36 +0000] "GET /api/v1/transactions/basket?limit=100&sort=-createdAt HTTP/1.0" 304 - "-" "okhttp/4.9.2"
::1 - - [11/Aug/2022:05:30:36 +0000] "GET /api/v1/goods/user?limit=100 HTTP/1.0" 304 - "-" "okhttp/4.9.2"
::ffff:127.0.0.1 - - [11/Aug/2022:05:30:37 +0000] "GET /api/v1/goods/user?limit=100 HTTP/1.0" 304 - "-" "okhttp/4.9.2"
::1 - - [11/Aug/2022:05:32:40 +0000] "GET /api/v1/categories HTTP/1.0" 304 - "-" "okhttp/4.9.2"
::1 - - [11/Aug/2022:05:32:40 +0000] "GET /api/v1/transactions/basket?limit=100&sort=-createdAt HTTP/1.0" 304 - "-" "okhttp/4.9.2"
::ffff:127.0.0.1 - - [11/Aug/2022:05:32:40 +0000] "GET /api/v1/goods/user?limit=100 HTTP/1.0" 304 - "-" "okhttp/4.9.2"
::ffff:127.0.0.1 - - [11/Aug/2022:05:32:50 +0000] "POST /api/v1/transactions HTTP/1.0" 200 256 "-" "okhttp/4.9.2"
::1 - - [11/Aug/2022:05:32:51 +0000] "GET /api/v1/transactions/basket?limit=100&sort=-createdAt HTTP/1.0" 200 456 "-" "okhttp/4.9.2"
::ffff:127.0.0.1 - - [11/Aug/2022:05:32:51 +0000] "GET /api/v1/transactions/basket?limit=100&sort=-createdAt HTTP/1.0" 200 456 "-" "okhttp/4.9.2"
::1 - - [11/Aug/2022:05:32:54 +0000] "POST /api/v1/bills/drain HTTP/1.0" 200 287 "-" "okhttp/4.9.2"
::ffff:127.0.0.1 - - [11/Aug/2022:05:32:55 +0000] "GET /api/v1/transactions/basket?limit=100&sort=-createdAt HTTP/1.0" 200 122 "-" "okhttp/4.9.2"
::1 - - [11/Aug/2022:05:32:55 +0000] "GET /api/v1/transactions/basket?limit=100&sort=-createdAt HTTP/1.0" 304 - "-" "okhttp/4.9.2"
::ffff:127.0.0.1 - - [11/Aug/2022:05:32:57 +0000] "GET /api/v1/goods/user?limit=100 HTTP/1.0" 200 1740 "-" "okhttp/4.9.2"
::ffff:127.0.0.1 - - [11/Aug/2022:05:32:57 +0000] "GET /api/v1/transactions/basket?limit=100&sort=-createdAt HTTP/1.0" 304 - "-" "okhttp/4.9.2"
::1 - - [11/Aug/2022:05:32:57 +0000] "GET /api/v1/goods/user?limit=100 HTTP/1.0" 200 1740 "-" "okhttp/4.9.2"
::1 - - [11/Aug/2022:05:33:05 +0000] "GET /api/v1/goods/user?limit=100 HTTP/1.0" 304 - "-" "okhttp/4.9.2"
::ffff:127.0.0.1 - - [11/Aug/2022:05:33:07 +0000] "GET /api/v1/transactions/user?isBasket=true HTTP/1.0" 200 2264 "-" "okhttp/4.9.2"
::1 - - [11/Aug/2022:05:34:12 +0000] "GET /api/v1/bills/user?limit=1000&sort=-createdAt&type=%D0%9E%D1%80%D0%BB%D0%BE%D0%B3%D0%BE HTTP/1.0" 200 1407 "-" "okhttp/4.9.2"
::ffff:127.0.0.1 - - [11/Aug/2022:05:34:35 +0000] "GET /api/v1/transactions/user?isBasket=true&limit=1000 HTTP/1.0" 200 6915 "-" "okhttp/4.9.2"
::1 - - [11/Aug/2022:05:35:12 +0000] "GET /api/v1/transactions/user?isBasket=true&limit=1000 HTTP/1.0" 304 - "-" "okhttp/4.9.2"
::ffff:127.0.0.1 - - [11/Aug/2022:05:35:59 +0000] "GET /api/v1/users/62f4813199e2a94b91d43a01 HTTP/1.0" 304 - "-" "okhttp/4.9.2"
::1 - - [11/Aug/2022:05:36:01 +0000] "GET /api/v1/goods/user?limit=100 HTTP/1.0" 304 - "-" "okhttp/4.9.2"
::ffff:127.0.0.1 - - [11/Aug/2022:05:36:01 +0000] "GET /api/v1/transactions/basket?limit=100&sort=-createdAt HTTP/1.0" 304 - "-" "okhttp/4.9.2"
::1 - - [11/Aug/2022:05:36:09 +0000] "POST /api/v1/transactions HTTP/1.0" 200 256 "-" "okhttp/4.9.2"
::ffff:127.0.0.1 - - [11/Aug/2022:05:36:10 +0000] "GET /api/v1/transactions/basket?limit=100&sort=-createdAt HTTP/1.0" 200 456 "-" "okhttp/4.9.2"
::1 - - [11/Aug/2022:05:36:10 +0000] "GET /api/v1/transactions/basket?limit=100&sort=-createdAt HTTP/1.0" 200 456 "-" "okhttp/4.9.2"
::ffff:127.0.0.1 - - [11/Aug/2022:05:36:25 +0000] "POST /api/v1/transactions HTTP/1.0" 200 257 "-" "okhttp/4.9.2"
::1 - - [11/Aug/2022:05:36:26 +0000] "GET /api/v1/transactions/basket?limit=100&sort=-createdAt HTTP/1.0" 200 791 "-" "okhttp/4.9.2"
::ffff:127.0.0.1 - - [11/Aug/2022:05:36:26 +0000] "GET /api/v1/transactions/basket?limit=100&sort=-createdAt HTTP/1.0" 200 791 "-" "okhttp/4.9.2"
::1 - - [11/Aug/2022:05:36:30 +0000] "POST /api/v1/bills/drain HTTP/1.0" 200 288 "-" "okhttp/4.9.2"
::ffff:127.0.0.1 - - [11/Aug/2022:05:36:31 +0000] "GET /api/v1/transactions/basket?limit=100&sort=-createdAt HTTP/1.0" 200 122 "-" "okhttp/4.9.2"
::1 - - [11/Aug/2022:05:36:31 +0000] "GET /api/v1/transactions/basket?limit=100&sort=-createdAt HTTP/1.0" 200 122 "-" "okhttp/4.9.2"
::1 - - [11/Aug/2022:05:36:34 +0000] "GET /api/v1/transactions/basket?limit=100&sort=-createdAt HTTP/1.0" 304 - "-" "okhttp/4.9.2"
::ffff:127.0.0.1 - - [11/Aug/2022:05:36:34 +0000] "GET /api/v1/goods/user?limit=100 HTTP/1.0" 200 1737 "-" "okhttp/4.9.2"
::ffff:127.0.0.1 - - [11/Aug/2022:05:36:34 +0000] "GET /api/v1/goods/user?limit=100 HTTP/1.0" 200 1737 "-" "okhttp/4.9.2"
::1 - - [11/Aug/2022:05:36:36 +0000] "GET /api/v1/goods/user?limit=100 HTTP/1.0" 304 - "-" "okhttp/4.9.2"
::ffff:127.0.0.1 - - [11/Aug/2022:05:36:45 +0000] "GET /api/v1/transactions/user?isBasket=true&limit=1000 HTTP/1.0" 200 7836 "-" "okhttp/4.9.2"
::1 - - [11/Aug/2022:05:36:54 +0000] "GET /api/v1/goods/user?limit=100 HTTP/1.0" 304 - "-" "okhttp/4.9.2"
::ffff:127.0.0.1 - - [11/Aug/2022:05:37:21 +0000] "GET /api/v1/goods/user?limit=100 HTTP/1.0" 304 - "-" "okhttp/4.9.2"
::ffff:127.0.0.1 - - [11/Aug/2022:05:37:26 +0000] "GET /api/v1/transactions/basket?limit=100&sort=-createdAt HTTP/1.0" 304 - "-" "okhttp/4.9.2"
::1 - - [11/Aug/2022:05:37:27 +0000] "GET /api/v1/goods/user?limit=100 HTTP/1.0" 304 - "-" "okhttp/4.9.2"
::1 - - [11/Aug/2022:05:37:27 +0000] "GET /api/v1/goods/user?limit=100 HTTP/1.0" 304 - "-" "okhttp/4.9.2"
::ffff:127.0.0.1 - - [11/Aug/2022:05:37:27 +0000] "GET /api/v1/transactions/basket?limit=100&sort=-createdAt HTTP/1.0" 304 - "-" "okhttp/4.9.2"
::1 - - [11/Aug/2022:05:37:27 +0000] "GET /api/v1/goods/user?limit=100 HTTP/1.0" 304 - "-" "okhttp/4.9.2"
::ffff:127.0.0.1 - - [11/Aug/2022:05:37:27 +0000] "GET /api/v1/goods/user?limit=100 HTTP/1.0" 304 - "-" "okhttp/4.9.2"
::1 - - [11/Aug/2022:05:37:28 +0000] "GET /upload/undefined HTTP/1.0" 404 155 "-" "Dalvik/2.1.0 (Linux; U; Android 10; SM-A202K Build/QP1A.190711.020)"
::1 - - [11/Aug/2022:05:37:28 +0000] "GET /api/v1/goods/62f483d499e2a94b91d43a53 HTTP/1.0" 200 429 "-" "okhttp/4.9.2"
::ffff:127.0.0.1 - - [11/Aug/2022:05:37:28 +0000] "GET /api/v1/transactions/user?good=62f483d499e2a94b91d43a53&sort=-createdAt HTTP/1.0" 200 2422 "-" "okhttp/4.9.2"
::ffff:127.0.0.1 - - [11/Aug/2022:05:37:29 +0000] "GET /api/v1/goods/user?limit=100 HTTP/1.0" 304 - "-" "okhttp/4.9.2"
::1 - - [11/Aug/2022:05:37:31 +0000] "GET /api/v1/goods/user?limit=100 HTTP/1.0" 304 - "-" "okhttp/4.9.2"
::ffff:127.0.0.1 - - [11/Aug/2022:05:37:33 +0000] "GET /api/v1/goods/user?limit=100 HTTP/1.0" 304 - "-" "okhttp/4.9.2"
::1 - - [11/Aug/2022:05:37:34 +0000] "GET /api/v1/templates?createUser=62f4813199e2a94b91d43a01 HTTP/1.0" 304 - "-" "okhttp/4.9.2"
::ffff:127.0.0.1 - - [11/Aug/2022:05:37:36 +0000] "GET /api/v1/templates?createUser=62f4813199e2a94b91d43a01 HTTP/1.0" 304 - "-" "okhttp/4.9.2"
::1 - - [11/Aug/2022:05:37:38 +0000] "GET /api/v1/templates?createUser=62f4813199e2a94b91d43a01 HTTP/1.0" 304 - "-" "okhttp/4.9.2"
::ffff:127.0.0.1 - - [11/Aug/2022:05:37:39 +0000] "GET /api/v1/templates?createUser=62f4813199e2a94b91d43a01 HTTP/1.0" 304 - "-" "okhttp/4.9.2"
::1 - - [11/Aug/2022:05:37:40 +0000] "GET /api/v1/goods/user?limit=100 HTTP/1.0" 304 - "-" "okhttp/4.9.2"
::ffff:127.0.0.1 - - [11/Aug/2022:05:37:41 +0000] "GET /api/v1/goods/user?limit=100 HTTP/1.0" 304 - "-" "okhttp/4.9.2"
::1 - - [11/Aug/2022:05:37:47 +0000] "GET /api/v1/goods/user?limit=100 HTTP/1.0" 304 - "-" "okhttp/4.9.2"
::ffff:127.0.0.1 - - [11/Aug/2022:05:38:11 +0000] "GET /api/v1/goods/user?limit=100 HTTP/1.0" 304 - "-" "okhttp/4.9.2"
::1 - - [11/Aug/2022:05:38:12 +0000] "GET /api/v1/goods/user?limit=100 HTTP/1.0" 304 - "-" "okhttp/4.9.2"
::ffff:127.0.0.1 - - [11/Aug/2022:05:38:13 +0000] "GET /api/v1/goods/user?limit=100 HTTP/1.0" 304 - "-" "okhttp/4.9.2"
::1 - - [11/Aug/2022:05:38:19 +0000] "GET /api/v1/goods/user?limit=100 HTTP/1.0" 304 - "-" "okhttp/4.9.2"
::ffff:127.0.0.1 - - [11/Aug/2022:05:38:25 +0000] "GET /api/v1/goods/user?limit=100 HTTP/1.0" 304 - "-" "okhttp/4.9.2"
::1 - - [11/Aug/2022:05:38:26 +0000] "GET /api/v1/goods/user?limit=100 HTTP/1.0" 304 - "-" "okhttp/4.9.2"
::ffff:127.0.0.1 - - [11/Aug/2022:05:38:27 +0000] "GET /api/v1/goods/user?limit=100 HTTP/1.0" 304 - "-" "okhttp/4.9.2"
::1 - - [11/Aug/2022:05:38:28 +0000] "GET /api/v1/templates?createUser=62f4813199e2a94b91d43a01 HTTP/1.0" 304 - "-" "okhttp/4.9.2"
::ffff:127.0.0.1 - - [11/Aug/2022:05:38:32 +0000] "GET /api/v1/templates?createUser=62f4813199e2a94b91d43a01 HTTP/1.0" 304 - "-" "okhttp/4.9.2"
::1 - - [11/Aug/2022:05:38:36 +0000] "GET /api/v1/goods/user?limit=100 HTTP/1.0" 304 - "-" "okhttp/4.9.2"
::ffff:127.0.0.1 - - [11/Aug/2022:05:38:38 +0000] "GET /api/v1/goods/user?limit=100 HTTP/1.0" 304 - "-" "okhttp/4.9.2"
::1 - - [11/Aug/2022:05:38:41 +0000] "GET /api/v1/goods/user?limit=100 HTTP/1.0" 304 - "-" "okhttp/4.9.2"
::ffff:127.0.0.1 - - [11/Aug/2022:05:38:41 +0000] "GET /api/v1/transactions/basket?limit=100&sort=-createdAt HTTP/1.0" 304 - "-" "okhttp/4.9.2"
::1 - - [11/Aug/2022:05:38:48 +0000] "GET /api/v1/transactions/basket?limit=100&sort=-createdAt HTTP/1.0" 304 - "-" "okhttp/4.9.2"
::ffff:127.0.0.1 - - [11/Aug/2022:05:38:48 +0000] "GET /api/v1/goods/user?limit=100 HTTP/1.0" 304 - "-" "okhttp/4.9.2"
::1 - - [11/Aug/2022:05:38:48 +0000] "GET /api/v1/templates?createUser=62f4813199e2a94b91d43a01 HTTP/1.0" 304 - "-" "okhttp/4.9.2"
::ffff:127.0.0.1 - - [11/Aug/2022:05:39:13 +0000] "GET /api/v1/templates?createUser=62f4813199e2a94b91d43a01 HTTP/1.0" 304 - "-" "okhttp/4.9.2"
::1 - - [11/Aug/2022:05:39:15 +0000] "GET /api/v1/templates?createUser=62f4813199e2a94b91d43a01 HTTP/1.0" 304 - "-" "okhttp/4.9.2"
::ffff:127.0.0.1 - - [11/Aug/2022:05:39:16 +0000] "GET /api/v1/goods/user?limit=100 HTTP/1.0" 304 - "-" "okhttp/4.9.2"
::1 - - [11/Aug/2022:05:39:17 +0000] "GET /api/v1/transactions/basket?limit=100&sort=-createdAt HTTP/1.0" 304 - "-" "okhttp/4.9.2"
::1 - - [11/Aug/2022:05:39:17 +0000] "GET /api/v1/goods/user?limit=100 HTTP/1.0" 304 - "-" "okhttp/4.9.2"
::ffff:127.0.0.1 - - [11/Aug/2022:05:39:17 +0000] "GET /api/v1/goods/user?limit=100 HTTP/1.0" 304 - "-" "okhttp/4.9.2"
::1 - - [11/Aug/2022:05:39:18 +0000] "GET /api/v1/transactions/basket?limit=100&sort=-createdAt HTTP/1.0" 304 - "-" "okhttp/4.9.2"
::ffff:127.0.0.1 - - [11/Aug/2022:05:39:18 +0000] "GET /api/v1/goods/user?limit=100 HTTP/1.0" 304 - "-" "okhttp/4.9.2"
::ffff:127.0.0.1 - - [11/Aug/2022:05:39:37 +0000] "GET /api/v1/users/62f4813199e2a94b91d43a01 HTTP/1.0" 200 229 "-" "okhttp/4.9.2"
::1 - - [11/Aug/2022:05:39:40 +0000] "GET /api/v1/users/62f4813199e2a94b91d43a01 HTTP/1.0" 304 - "-" "okhttp/4.9.2"
::ffff:127.0.0.1 - - [11/Aug/2022:05:39:48 +0000] "GET /api/v1/templates?createUser=62f4813199e2a94b91d43a01 HTTP/1.0" 304 - "-" "okhttp/4.9.2"
::1 - - [11/Aug/2022:05:39:48 +0000] "GET /api/v1/templates?createUser=62f4813199e2a94b91d43a01 HTTP/1.0" 304 - "-" "okhttp/4.9.2"
::ffff:127.0.0.1 - - [11/Aug/2022:05:42:26 +0000] "GET /api/v1/transactions/user?isBasket=true&limit=1000 HTTP/1.0" 304 - "-" "okhttp/4.9.2"
::1 - - [11/Aug/2022:05:42:31 +0000] "GET /api/v1/bills/user?limit=1000&sort=-createdAt&type=%D0%97%D0%B0%D1%80%D0%BB%D0%B0%D0%B3%D0%B0 HTTP/1.0" 200 1955 "-" "okhttp/4.9.2"
::ffff:127.0.0.1 - - [11/Aug/2022:05:42:34 +0000] "GET /api/v1/bills/user?limit=1000&sort=-createdAt&type=%D0%97%D0%B0%D1%80%D0%BB%D0%B0%D0%B3%D0%B0 HTTP/1.0" 304 - "-" "okhttp/4.9.2"
::1 - - [11/Aug/2022:05:42:40 +0000] "GET /api/v1/transactions/user?isBasket=true&limit=1000 HTTP/1.0" 304 - "-" "okhttp/4.9.2"
::ffff:127.0.0.1 - - [11/Aug/2022:05:43:39 +0000] "GET /api/v1/transactions/user?isBasket=true&limit=1000 HTTP/1.0" 304 - "-" "okhttp/4.9.2"
::1 - - [11/Aug/2022:05:44:33 +0000] "GET /api/v1/transactions/user?isBasket=true&limit=1000 HTTP/1.0" 304 - "-" "okhttp/4.9.2"
::ffff:127.0.0.1 - - [11/Aug/2022:05:44:38 +0000] "GET /api/v1/transactions/user?isBasket=true&limit=1000 HTTP/1.0" 304 - "-" "okhttp/4.9.2"
::1 - - [11/Aug/2022:05:44:48 +0000] "GET /api/v1/transactions/user?isBasket=true&limit=1000 HTTP/1.0" 304 - "-" "okhttp/4.9.2"
::ffff:127.0.0.1 - - [11/Aug/2022:05:44:54 +0000] "GET /api/v1/transactions/user?isBasket=true&limit=1000 HTTP/1.0" 304 - "-" "okhttp/4.9.2"
::1 - - [11/Aug/2022:05:45:07 +0000] "GET /api/v1/transactions/user?isBasket=true&limit=1000 HTTP/1.0" 304 - "-" "okhttp/4.9.2"
::ffff:127.0.0.1 - - [11/Aug/2022:05:45:23 +0000] "GET /api/v1/transactions/user?isBasket=true&limit=1000 HTTP/1.0" 304 - "-" "okhttp/4.9.2"
::1 - - [11/Aug/2022:05:45:35 +0000] "GET /api/v1/transactions/user?isBasket=true&limit=1000 HTTP/1.0" 304 - "-" "okhttp/4.9.2"
::ffff:127.0.0.1 - - [11/Aug/2022:05:46:02 +0000] "GET /api/v1/transactions/user?isBasket=true&limit=1000 HTTP/1.0" 304 - "-" "okhttp/4.9.2"
::1 - - [11/Aug/2022:05:46:22 +0000] "GET /api/v1/transactions/user?isBasket=true&limit=1000 HTTP/1.0" 304 - "-" "okhttp/4.9.2"
::ffff:127.0.0.1 - - [11/Aug/2022:05:46:32 +0000] "GET /api/v1/transactions/user?isBasket=true&limit=1000 HTTP/1.0" 304 - "-" "okhttp/4.9.2"
::1 - - [11/Aug/2022:05:46:42 +0000] "GET /api/v1/transactions/user?isBasket=true&limit=1000 HTTP/1.0" 304 - "-" "okhttp/4.9.2"
::ffff:127.0.0.1 - - [11/Aug/2022:05:46:44 +0000] "GET /api/v1/transactions/user?isBasket=true&limit=1000 HTTP/1.0" 304 - "-" "okhttp/4.9.2"
::1 - - [11/Aug/2022:05:47:48 +0000] "GET /api/v1/transactions/user?isBasket=true&limit=1000 HTTP/1.0" 304 - "-" "okhttp/4.9.2"
::ffff:127.0.0.1 - - [11/Aug/2022:05:47:59 +0000] "GET /api/v1/transactions/user?isBasket=true&limit=1000 HTTP/1.0" 304 - "-" "okhttp/4.9.2"
::1 - - [11/Aug/2022:05:48:05 +0000] "GET /api/v1/transactions/user?isBasket=true&limit=1000 HTTP/1.0" 304 - "-" "okhttp/4.9.2"
::ffff:127.0.0.1 - - [11/Aug/2022:05:48:13 +0000] "GET /api/v1/transactions/user?isBasket=true&limit=1000 HTTP/1.0" 304 - "-" "okhttp/4.9.2"
::1 - - [11/Aug/2022:05:48:43 +0000] "GET /api/v1/transactions/user?isBasket=true&limit=1000 HTTP/1.0" 304 - "-" "okhttp/4.9.2"
::ffff:127.0.0.1 - - [11/Aug/2022:05:48:51 +0000] "GET /api/v1/transactions/user?isBasket=true&limit=1000 HTTP/1.0" 304 - "-" "okhttp/4.9.2"
::1 - - [11/Aug/2022:05:48:53 +0000] "GET /api/v1/transactions/user?isBasket=true&limit=1000 HTTP/1.0" 304 - "-" "okhttp/4.9.2"
::1 - - [11/Aug/2022:05:49:26 +0000] "GET /upload/undefined HTTP/1.0" 404 155 "-" "Dalvik/2.1.0 (Linux; U; Android 10; SM-A202K Build/QP1A.190711.020)"
::ffff:127.0.0.1 - - [11/Aug/2022:05:49:26 +0000] "GET /api/v1/transactions/user?isBasket=true&limit=1000 HTTP/1.0" 304 - "-" "okhttp/4.9.2"
::ffff:127.0.0.1 - - [11/Aug/2022:05:49:38 +0000] "GET /api/v1/transactions/user?isBasket=true&limit=1000 HTTP/1.0" 304 - "-" "okhttp/4.9.2"
::1 - - [11/Aug/2022:05:49:43 +0000] "GET /api/v1/transactions/user?isBasket=true&limit=1000 HTTP/1.0" 304 - "-" "okhttp/4.9.2"
::ffff:127.0.0.1 - - [11/Aug/2022:05:49:43 +0000] "GET /api/v1/transactions/user?isBasket=true&limit=1000 HTTP/1.0" 304 - "-" "okhttp/4.9.2"
::1 - - [11/Aug/2022:05:49:46 +0000] "GET /api/v1/transactions/user?isBasket=true&limit=1000 HTTP/1.0" 304 - "-" "okhttp/4.9.2"
::ffff:127.0.0.1 - - [11/Aug/2022:05:50:03 +0000] "GET /api/v1/transactions/user?isBasket=true&limit=1000 HTTP/1.0" 304 - "-" "okhttp/4.9.2"
::1 - - [11/Aug/2022:05:50:14 +0000] "GET /api/v1/transactions/user?isBasket=true&limit=1000 HTTP/1.0" 304 - "-" "okhttp/4.9.2"
::ffff:127.0.0.1 - - [11/Aug/2022:05:50:22 +0000] "GET /api/v1/transactions/user?isBasket=true&limit=1000 HTTP/1.0" 304 - "-" "okhttp/4.9.2"
::1 - - [11/Aug/2022:05:50:37 +0000] "GET /api/v1/transactions/user?isBasket=true&limit=1000 HTTP/1.0" 304 - "-" "okhttp/4.9.2"
::ffff:127.0.0.1 - - [11/Aug/2022:05:50:55 +0000] "GET /api/v1/transactions/user?isBasket=true&limit=1000 HTTP/1.0" 304 - "-" "okhttp/4.9.2"
::1 - - [11/Aug/2022:05:51:04 +0000] "GET / HTTP/1.0" 404 139 "-" "Mozilla/5.0 (Macintosh; Intel Mac OS X 10_11_6) AppleWebKit/601.7.7 (KHTML, like Gecko) Version/9.1.2 Safari/601.7.7"
::ffff:127.0.0.1 - - [11/Aug/2022:05:51:08 +0000] "GET /api/v1/transactions/user?isBasket=true&limit=1000 HTTP/1.0" 304 - "-" "okhttp/4.9.2"
::1 - - [11/Aug/2022:05:51:25 +0000] "GET /api/v1/transactions/user?isBasket=true&limit=1000 HTTP/1.0" 304 - "-" "okhttp/4.9.2"
::ffff:127.0.0.1 - - [11/Aug/2022:05:52:04 +0000] "GET /api/v1/bills/user?limit=1000&sort=-createdAt&type=%D0%97%D0%B0%D1%80%D0%BB%D0%B0%D0%B3%D0%B0 HTTP/1.0" 304 - "-" "okhttp/4.9.2"
::1 - - [11/Aug/2022:05:52:07 +0000] "GET /api/v1/transactions/user?bill=62f4955d5f93f449aed47bc3 HTTP/1.0" 200 1039 "-" "okhttp/4.9.2"
::ffff:127.0.0.1 - - [11/Aug/2022:05:52:07 +0000] "GET /api/v1/bills/user?limit=1000&sort=-createdAt&type=%D0%97%D0%B0%D1%80%D0%BB%D0%B0%D0%B3%D0%B0 HTTP/1.0" 304 - "-" "okhttp/4.9.2"
::1 - - [11/Aug/2022:05:52:11 +0000] "GET /api/v1/bills/user?limit=1000&sort=-createdAt&type=%D0%97%D0%B0%D1%80%D0%BB%D0%B0%D0%B3%D0%B0 HTTP/1.0" 304 - "-" "okhttp/4.9.2"
::ffff:127.0.0.1 - - [11/Aug/2022:05:52:15 +0000] "GET /api/v1/transactions/user?isBasket=true&limit=1000 HTTP/1.0" 304 - "-" "okhttp/4.9.2"
::ffff:127.0.0.1 - - [11/Aug/2022:05:53:12 +0000] "GET /api/v1/transactions/basket?limit=100&sort=-createdAt HTTP/1.0" 304 - "-" "okhttp/4.9.2"
::1 - - [11/Aug/2022:05:53:12 +0000] "GET /api/v1/goods/user?limit=100 HTTP/1.0" 304 - "-" "okhttp/4.9.2"
::1 - - [11/Aug/2022:05:54:52 +0000] "GET /api/v1/transactions/basket?limit=100&sort=-createdAt HTTP/1.0" 304 - "-" "okhttp/4.9.2"
::ffff:127.0.0.1 - - [11/Aug/2022:05:54:52 +0000] "GET /api/v1/goods/user?limit=100 HTTP/1.0" 304 - "-" "okhttp/4.9.2"
::1 - - [11/Aug/2022:05:55:20 +0000] "GET /api/v1/transactions/user?isBasket=true&limit=1000 HTTP/1.0" 304 - "-" "okhttp/4.9.2"
::ffff:127.0.0.1 - - [11/Aug/2022:05:55:29 +0000] "GET /api/v1/transactions/user?isBasket=true&limit=1000 HTTP/1.0" 304 - "-" "okhttp/4.9.2"
::1 - - [11/Aug/2022:05:55:51 +0000] "GET /api/v1/transactions/user?isBasket=true&limit=1000 HTTP/1.0" 304 - "-" "okhttp/4.9.2"
::ffff:127.0.0.1 - - [11/Aug/2022:05:56:05 +0000] "GET /api/v1/transactions/user?isBasket=true&limit=1000 HTTP/1.0" 304 - "-" "okhttp/4.9.2"
::1 - - [11/Aug/2022:05:56:37 +0000] "GET /api/v1/goods/user?limit=100 HTTP/1.0" 304 - "-" "okhttp/4.9.2"
::1 - - [11/Aug/2022:05:56:38 +0000] "GET /upload/undefined HTTP/1.0" 404 155 "-" "Dalvik/2.1.0 (Linux; U; Android 10; SM-A202K Build/QP1A.190711.020)"
::ffff:127.0.0.1 - - [11/Aug/2022:05:56:38 +0000] "GET /api/v1/goods/62f483d499e2a94b91d43a53 HTTP/1.0" 304 - "-" "okhttp/4.9.2"
::ffff:127.0.0.1 - - [11/Aug/2022:05:56:38 +0000] "GET /api/v1/transactions/user?good=62f483d499e2a94b91d43a53&sort=-createdAt HTTP/1.0" 304 - "-" "okhttp/4.9.2"
::1 - - [11/Aug/2022:05:56:38 +0000] "GET /api/v1/goods/user?limit=100 HTTP/1.0" 304 - "-" "okhttp/4.9.2"
::ffff:127.0.0.1 - - [11/Aug/2022:05:57:14 +0000] "GET /api/v1/transactions/user?isBasket=true&limit=1000 HTTP/1.0" 304 - "-" "okhttp/4.9.2"
::1 - - [11/Aug/2022:05:57:26 +0000] "GET /api/v1/transactions/user?isBasket=true&limit=1000 HTTP/1.0" 304 - "-" "okhttp/4.9.2"
::ffff:127.0.0.1 - - [11/Aug/2022:05:57:43 +0000] "GET /api/v1/goods/user?limit=100 HTTP/1.0" 304 - "-" "okhttp/4.9.2"
::ffff:127.0.0.1 - - [11/Aug/2022:05:57:44 +0000] "GET /upload/undefined HTTP/1.0" 404 155 "-" "Dalvik/2.1.0 (Linux; U; Android 10; SM-A202K Build/QP1A.190711.020)"
::1 - - [11/Aug/2022:05:57:44 +0000] "GET /api/v1/goods/62f4848999e2a94b91d43a68 HTTP/1.0" 200 434 "-" "okhttp/4.9.2"
::1 - - [11/Aug/2022:05:57:44 +0000] "GET /api/v1/transactions/user?good=62f4848999e2a94b91d43a68&sort=-createdAt HTTP/1.0" 200 990 "-" "okhttp/4.9.2"
::ffff:127.0.0.1 - - [11/Aug/2022:05:57:44 +0000] "GET /api/v1/goods/user?limit=100 HTTP/1.0" 304 - "-" "okhttp/4.9.2"
::1 - - [11/Aug/2022:05:57:47 +0000] "GET /api/v1/goods/user?limit=100 HTTP/1.0" 304 - "-" "okhttp/4.9.2"
::ffff:127.0.0.1 - - [11/Aug/2022:05:57:48 +0000] "GET /upload/undefined HTTP/1.0" 404 155 "-" "Dalvik/2.1.0 (Linux; U; Android 10; SM-A202K Build/QP1A.190711.020)"
::ffff:127.0.0.1 - - [11/Aug/2022:05:57:48 +0000] "GET /api/v1/goods/62f4854699e2a94b91d43a8e HTTP/1.0" 200 432 "-" "okhttp/4.9.2"
::1 - - [11/Aug/2022:05:57:48 +0000] "GET /api/v1/transactions/user?good=62f4854699e2a94b91d43a8e&sort=-createdAt HTTP/1.0" 200 1443 "-" "okhttp/4.9.2"
::1 - - [11/Aug/2022:05:57:48 +0000] "GET /api/v1/goods/user?limit=100 HTTP/1.0" 304 - "-" "okhttp/4.9.2"
::ffff:127.0.0.1 - - [11/Aug/2022:05:57:53 +0000] "GET /api/v1/goods/user?limit=100 HTTP/1.0" 304 - "-" "okhttp/4.9.2"
::1 - - [11/Aug/2022:05:57:54 +0000] "GET /api/v1/goods/user?limit=100 HTTP/1.0" 304 - "-" "okhttp/4.9.2"
::ffff:127.0.0.1 - - [11/Aug/2022:05:57:59 +0000] "GET /api/v1/goods/user?limit=100 HTTP/1.0" 304 - "-" "okhttp/4.9.2"
::1 - - [11/Aug/2022:05:58:02 +0000] "GET /api/v1/goods/user?limit=100 HTTP/1.0" 304 - "-" "okhttp/4.9.2"
::ffff:127.0.0.1 - - [11/Aug/2022:05:58:28 +0000] "GET /api/v1/transactions/user?isBasket=true&limit=1000 HTTP/1.0" 304 - "-" "okhttp/4.9.2"
::1 - - [11/Aug/2022:05:59:33 +0000] "GET /api/v1/transactions/user?isBasket=true&limit=1000 HTTP/1.0" 304 - "-" "okhttp/4.9.2"
::ffff:127.0.0.1 - - [11/Aug/2022:05:59:44 +0000] "GET /api/v1/transactions/user?isBasket=true&limit=1000 HTTP/1.0" 304 - "-" "okhttp/4.9.2"
::1 - - [11/Aug/2022:05:59:56 +0000] "GET /api/v1/transactions/user?isBasket=true&limit=1000 HTTP/1.0" 304 - "-" "okhttp/4.9.2"
::ffff:127.0.0.1 - - [11/Aug/2022:06:00:15 +0000] "GET /api/v1/transactions/user?isBasket=true&limit=1000 HTTP/1.0" 304 - "-" "okhttp/4.9.2"
::1 - - [11/Aug/2022:06:00:45 +0000] "GET /api/v1/transactions/user?isBasket=true&limit=1000 HTTP/1.0" 304 - "-" "okhttp/4.9.2"
::ffff:127.0.0.1 - - [11/Aug/2022:06:01:03 +0000] "GET /api/v1/transactions/user?isBasket=true&limit=1000 HTTP/1.0" 304 - "-" "okhttp/4.9.2"
::1 - - [11/Aug/2022:06:01:16 +0000] "GET /api/v1/transactions/user?isBasket=true&limit=1000 HTTP/1.0" 304 - "-" "okhttp/4.9.2"
::ffff:127.0.0.1 - - [11/Aug/2022:06:02:16 +0000] "GET /api/v1/transactions/user?isBasket=true&limit=1000 HTTP/1.0" 304 - "-" "okhttp/4.9.2"
::1 - - [11/Aug/2022:06:04:55 +0000] "GET /api/v1/goods/user?limit=100 HTTP/1.0" 304 - "-" "okhttp/4.9.2"
::ffff:127.0.0.1 - - [11/Aug/2022:06:04:56 +0000] "GET /upload/undefined HTTP/1.0" 404 155 "-" "Dalvik/2.1.0 (Linux; U; Android 10; SM-A202K Build/QP1A.190711.020)"
::ffff:127.0.0.1 - - [11/Aug/2022:06:04:56 +0000] "GET /api/v1/goods/62f483d499e2a94b91d43a53 HTTP/1.0" 304 - "-" "okhttp/4.9.2"
::1 - - [11/Aug/2022:06:04:56 +0000] "GET /api/v1/transactions/user?good=62f483d499e2a94b91d43a53&sort=-createdAt HTTP/1.0" 304 - "-" "okhttp/4.9.2"
::1 - - [11/Aug/2022:06:04:57 +0000] "GET /api/v1/goods/user?limit=100 HTTP/1.0" 304 - "-" "okhttp/4.9.2"
::ffff:127.0.0.1 - - [11/Aug/2022:06:07:25 +0000] "GET /api/v1/templates?createUser=62f4813199e2a94b91d43a01 HTTP/1.0" 304 - "-" "okhttp/4.9.2"
::1 - - [11/Aug/2022:06:07:28 +0000] "GET /api/v1/templates?createUser=62f4813199e2a94b91d43a01 HTTP/1.0" 304 - "-" "okhttp/4.9.2"
::1 - - [11/Aug/2022:06:08:47 +0000] "GET /api/v1/transactions/basket?limit=100&sort=-createdAt HTTP/1.0" 304 - "-" "okhttp/4.9.2"
::ffff:127.0.0.1 - - [11/Aug/2022:06:08:47 +0000] "GET /api/v1/goods/user?limit=100 HTTP/1.0" 304 - "-" "okhttp/4.9.2"
::1 - - [11/Aug/2022:06:08:48 +0000] "GET /api/v1/transactions/basket?limit=100&sort=-createdAt HTTP/1.0" 304 - "-" "okhttp/4.9.2"
::ffff:127.0.0.1 - - [11/Aug/2022:06:08:48 +0000] "GET /api/v1/goods/user?limit=100 HTTP/1.0" 304 - "-" "okhttp/4.9.2"
::ffff:127.0.0.1 - - [11/Aug/2022:06:08:49 +0000] "GET /api/v1/users/logout HTTP/1.0" 304 - "-" "okhttp/4.9.2"
::1 - - [11/Aug/2022:06:12:39 +0000] "POST /api/v1/users/login HTTP/1.0" 200 503 "-" "okhttp/4.9.2"
::ffff:127.0.0.1 - - [11/Aug/2022:06:12:40 +0000] "GET /api/v1/categories HTTP/1.0" 200 407 "-" "okhttp/4.9.2"
::1 - - [11/Aug/2022:06:12:40 +0000] "GET /api/v1/transactions/basket?limit=100&sort=-createdAt HTTP/1.0" 200 122 "-" "okhttp/4.9.2"
::ffff:127.0.0.1 - - [11/Aug/2022:06:12:40 +0000] "GET /api/v1/goods/user?limit=100 HTTP/1.0" 200 1737 "-" "okhttp/4.9.2"
::1 - - [11/Aug/2022:06:12:48 +0000] "GET /api/v1/categories HTTP/1.0" 304 - "-" "okhttp/4.9.2"
::1 - - [11/Aug/2022:06:12:48 +0000] "GET /api/v1/transactions/basket?limit=100&sort=-createdAt HTTP/1.0" 304 - "-" "okhttp/4.9.2"
::ffff:127.0.0.1 - - [11/Aug/2022:06:12:48 +0000] "GET /api/v1/goods/user?limit=100 HTTP/1.0" 304 - "-" "okhttp/4.9.2"
::ffff:127.0.0.1 - - [11/Aug/2022:06:14:56 +0000] "POST /api/v1/goods HTTP/1.0" 200 353 "-" "okhttp/4.9.2"
::1 - - [11/Aug/2022:06:14:56 +0000] "POST /api/v1/transactions HTTP/1.0" 200 255 "-" "okhttp/4.9.2"
::ffff:127.0.0.1 - - [11/Aug/2022:06:14:57 +0000] "GET /api/v1/goods/user?limit=100 HTTP/1.0" 200 2125 "-" "okhttp/4.9.2"
::1 - - [11/Aug/2022:06:14:57 +0000] "GET /api/v1/transactions/basket?limit=100&sort=-createdAt HTTP/1.0" 200 442 "-" "okhttp/4.9.2"
::ffff:127.0.0.1 - - [11/Aug/2022:06:14:58 +0000] "PUT /api/v1/goods/62f49e605f93f449aed47d5e/upload-photo HTTP/1.0" 200 60 "-" "okhttp/4.9.2"
::1 - - [11/Aug/2022:06:15:23 +0000] "GET /api/v1/categories HTTP/1.0" 304 - "-" "okhttp/4.9.2"
::ffff:127.0.0.1 - - [11/Aug/2022:06:15:23 +0000] "GET /api/v1/transactions/basket?limit=100&sort=-createdAt HTTP/1.0" 200 464 "-" "okhttp/4.9.2"
::1 - - [11/Aug/2022:06:15:23 +0000] "GET /api/v1/goods/user?limit=100 HTTP/1.0" 200 2147 "-" "okhttp/4.9.2"
::ffff:127.0.0.1 - - [11/Aug/2022:06:16:47 +0000] "POST /api/v1/goods HTTP/1.0" 200 351 "-" "okhttp/4.9.2"
::1 - - [11/Aug/2022:06:16:47 +0000] "POST /api/v1/transactions HTTP/1.0" 200 255 "-" "okhttp/4.9.2"
::ffff:127.0.0.1 - - [11/Aug/2022:06:16:48 +0000] "GET /api/v1/transactions/basket?limit=100&sort=-createdAt HTTP/1.0" 200 785 "-" "okhttp/4.9.2"
::1 - - [11/Aug/2022:06:16:48 +0000] "GET /api/v1/goods/user?limit=100 HTTP/1.0" 200 2533 "-" "okhttp/4.9.2"
::ffff:127.0.0.1 - - [11/Aug/2022:06:16:49 +0000] "PUT /api/v1/goods/62f49ecf5f93f449aed47d73/upload-photo HTTP/1.0" 200 60 "-" "okhttp/4.9.2"
::1 - - [11/Aug/2022:06:16:54 +0000] "POST /api/v1/bills/receipt HTTP/1.0" 200 284 "-" "okhttp/4.9.2"
::ffff:127.0.0.1 - - [11/Aug/2022:06:16:55 +0000] "GET /api/v1/transactions/basket?limit=100&sort=-createdAt HTTP/1.0" 200 122 "-" "okhttp/4.9.2"
::1 - - [11/Aug/2022:06:16:55 +0000] "GET /api/v1/transactions/basket?limit=100&sort=-createdAt HTTP/1.0" 200 122 "-" "okhttp/4.9.2"
::ffff:127.0.0.1 - - [11/Aug/2022:06:16:59 +0000] "GET /api/v1/goods/user?limit=100 HTTP/1.0" 200 2555 "-" "okhttp/4.9.2"
::1 - - [11/Aug/2022:06:16:59 +0000] "GET /api/v1/transactions/basket?limit=100&sort=-createdAt HTTP/1.0" 304 - "-" "okhttp/4.9.2"
::ffff:127.0.0.1 - - [11/Aug/2022:06:16:59 +0000] "GET /api/v1/goods/user?limit=100 HTTP/1.0" 200 2555 "-" "okhttp/4.9.2"
::ffff:127.0.0.1 - - [11/Aug/2022:06:17:02 +0000] "GET /upload/undefined HTTP/1.0" 404 155 "-" "okhttp/4.9.2"
::ffff:127.0.0.1 - - [11/Aug/2022:06:17:02 +0000] "GET /api/v1/goods/62f49e605f93f449aed47d5e HTTP/1.0" 200 433 "-" "okhttp/4.9.2"
::1 - - [11/Aug/2022:06:17:02 +0000] "GET /api/v1/transactions/user?good=62f49e605f93f449aed47d5e&sort=-createdAt HTTP/1.0" 200 583 "-" "okhttp/4.9.2"
::1 - - [11/Aug/2022:06:17:02 +0000] "GET /api/v1/goods/user?limit=100 HTTP/1.0" 304 - "-" "okhttp/4.9.2"
::ffff:127.0.0.1 - - [11/Aug/2022:06:17:12 +0000] "GET /api/v1/categories HTTP/1.0" 304 - "-" "okhttp/4.9.2"
::1 - - [11/Aug/2022:06:18:14 +0000] "PUT /api/v1/goods/62f49e605f93f449aed47d5e HTTP/1.0" 200 380 "-" "okhttp/4.9.2"
::ffff:127.0.0.1 - - [11/Aug/2022:06:18:19 +0000] "PUT /api/v1/goods/62f49e605f93f449aed47d5e/upload-photo HTTP/1.0" 200 60 "-" "okhttp/4.9.2"
::1 - - [11/Aug/2022:06:18:23 +0000] "GET /api/v1/goods/user?limit=100 HTTP/1.0" 200 2560 "-" "okhttp/4.9.2"
::ffff:127.0.0.1 - - [11/Aug/2022:06:18:25 +0000] "GET /api/v1/goods/user?limit=100 HTTP/1.0" 304 - "-" "okhttp/4.9.2"
::1 - - [11/Aug/2022:06:18:25 +0000] "GET /api/v1/transactions/basket?limit=100&sort=-createdAt HTTP/1.0" 304 - "-" "okhttp/4.9.2"
::ffff:127.0.0.1 - - [11/Aug/2022:06:18:25 +0000] "GET /api/v1/goods/user?limit=100 HTTP/1.0" 304 - "-" "okhttp/4.9.2"
::1 - - [11/Aug/2022:06:18:36 +0000] "POST /api/v1/transactions HTTP/1.0" 200 256 "-" "okhttp/4.9.2"
::ffff:127.0.0.1 - - [11/Aug/2022:06:18:37 +0000] "GET /api/v1/transactions/basket?limit=100&sort=-createdAt HTTP/1.0" 200 465 "-" "okhttp/4.9.2"
::1 - - [11/Aug/2022:06:18:37 +0000] "GET /api/v1/transactions/basket?limit=100&sort=-createdAt HTTP/1.0" 200 465 "-" "okhttp/4.9.2"
::ffff:127.0.0.1 - - [11/Aug/2022:06:18:46 +0000] "POST /api/v1/bills/drain HTTP/1.0" 400 140 "-" "okhttp/4.9.2"
::1 - - [11/Aug/2022:06:18:57 +0000] "DELETE /api/v1/transactions/62f49f3c5f93f449aed47db0 HTTP/1.0" 200 256 "-" "okhttp/4.9.2"
::ffff:127.0.0.1 - - [11/Aug/2022:06:18:58 +0000] "GET /api/v1/transactions/basket?limit=100&sort=-createdAt HTTP/1.0" 200 122 "-" "okhttp/4.9.2"
::1 - - [11/Aug/2022:06:18:58 +0000] "GET /api/v1/transactions/basket?limit=100&sort=-createdAt HTTP/1.0" 200 122 "-" "okhttp/4.9.2"
::ffff:127.0.0.1 - - [11/Aug/2022:06:20:27 +0000] "GET /api/v1/bills/user?limit=1000&sort=-createdAt HTTP/1.0" 200 3517 "-" "okhttp/4.9.2"
::ffff:127.0.0.1 - - [11/Aug/2022:06:20:27 +0000] "GET /api/v1/transactions/basket?limit=100&sort=-createdAt HTTP/1.0" 304 - "-" "okhttp/4.9.2"
::1 - - [11/Aug/2022:06:20:27 +0000] "GET /api/v1/goods/user?limit=100 HTTP/1.0" 304 - "-" "okhttp/4.9.2"
::ffff:127.0.0.1 - - [11/Aug/2022:06:20:30 +0000] "GET /api/v1/bills/user?limit=1000&sort=-createdAt HTTP/1.0" 304 - "-" "okhttp/4.9.2"
::1 - - [11/Aug/2022:06:20:30 +0000] "GET /api/v1/transactions/user?bill=62f486ad99e2a94b91d43b41 HTTP/1.0" 200 638 "-" "okhttp/4.9.2"
::1 - - [11/Aug/2022:06:22:43 +0000] "POST /api/v1/users/login HTTP/1.0" 200 533 "-" "okhttp/4.9.2"
::1 - - [11/Aug/2022:06:22:44 +0000] "GET /api/v1/categories HTTP/1.0" 304 - "-" "okhttp/4.9.2"
::ffff:127.0.0.1 - - [11/Aug/2022:06:22:44 +0000] "GET /api/v1/transactions/basket?limit=100&sort=-createdAt HTTP/1.0" 200 122 "-" "okhttp/4.9.2"
::1 - - [11/Aug/2022:06:22:44 +0000] "GET /api/v1/goods/user?limit=100 HTTP/1.0" 200 925 "-" "okhttp/4.9.2"
::1 - - [11/Aug/2022:06:22:52 +0000] "POST /api/v1/transactions HTTP/1.0" 200 255 "-" "okhttp/4.9.2"
::ffff:127.0.0.1 - - [11/Aug/2022:06:22:53 +0000] "GET /api/v1/transactions/basket?limit=100&sort=-createdAt HTTP/1.0" 200 453 "-" "okhttp/4.9.2"
::1 - - [11/Aug/2022:06:22:53 +0000] "GET /api/v1/transactions/basket?limit=100&sort=-createdAt HTTP/1.0" 200 453 "-" "okhttp/4.9.2"
::ffff:127.0.0.1 - - [11/Aug/2022:06:23:00 +0000] "POST /api/v1/transactions HTTP/1.0" 200 254 "-" "okhttp/4.9.2"
::1 - - [11/Aug/2022:06:23:00 +0000] "GET /api/v1/transactions/basket?limit=100&sort=-createdAt HTTP/1.0" 200 760 "-" "okhttp/4.9.2"
::ffff:127.0.0.1 - - [11/Aug/2022:06:23:01 +0000] "GET /api/v1/transactions/basket?limit=100&sort=-createdAt HTTP/1.0" 200 760 "-" "okhttp/4.9.2"
::1 - - [11/Aug/2022:06:23:03 +0000] "POST /api/v1/bills/receipt HTTP/1.0" 200 283 "-" "okhttp/4.9.2"
::ffff:127.0.0.1 - - [11/Aug/2022:06:23:04 +0000] "GET /api/v1/transactions/basket?limit=100&sort=-createdAt HTTP/1.0" 200 122 "-" "okhttp/4.9.2"
::1 - - [11/Aug/2022:06:23:04 +0000] "GET /api/v1/transactions/basket?limit=100&sort=-createdAt HTTP/1.0" 200 122 "-" "okhttp/4.9.2"
::ffff:127.0.0.1 - - [11/Aug/2022:06:23:06 +0000] "GET /api/v1/transactions/basket?limit=100&sort=-createdAt HTTP/1.0" 304 - "-" "okhttp/4.9.2"
::ffff:127.0.0.1 - - [11/Aug/2022:06:23:06 +0000] "GET /api/v1/goods/user?limit=100 HTTP/1.0" 200 927 "-" "okhttp/4.9.2"
::1 - - [11/Aug/2022:06:23:06 +0000] "GET /api/v1/goods/user?limit=100 HTTP/1.0" 200 927 "-" "okhttp/4.9.2"
::1 - - [11/Aug/2022:06:23:09 +0000] "GET /api/v1/transactions/basket?limit=100&sort=-createdAt HTTP/1.0" 304 - "-" "okhttp/4.9.2"
::ffff:127.0.0.1 - - [11/Aug/2022:06:23:09 +0000] "GET /api/v1/goods/user?limit=100 HTTP/1.0" 304 - "-" "okhttp/4.9.2"
::1 - - [11/Aug/2022:06:23:09 +0000] "GET /api/v1/goods/user?limit=100 HTTP/1.0" 304 - "-" "okhttp/4.9.2"
::ffff:127.0.0.1 - - [11/Aug/2022:06:23:18 +0000] "POST /api/v1/transactions HTTP/1.0" 200 258 "-" "okhttp/4.9.2"
::1 - - [11/Aug/2022:06:23:19 +0000] "GET /api/v1/transactions/basket?limit=100&sort=-createdAt HTTP/1.0" 200 456 "-" "okhttp/4.9.2"
::ffff:127.0.0.1 - - [11/Aug/2022:06:23:19 +0000] "GET /api/v1/transactions/basket?limit=100&sort=-createdAt HTTP/1.0" 200 456 "-" "okhttp/4.9.2"
::1 - - [11/Aug/2022:06:23:24 +0000] "POST /api/v1/transactions HTTP/1.0" 200 256 "-" "okhttp/4.9.2"
::ffff:127.0.0.1 - - [11/Aug/2022:06:23:25 +0000] "GET /api/v1/transactions/basket?limit=100&sort=-createdAt HTTP/1.0" 200 765 "-" "okhttp/4.9.2"
::1 - - [11/Aug/2022:06:23:25 +0000] "GET /api/v1/transactions/basket?limit=100&sort=-createdAt HTTP/1.0" 200 765 "-" "okhttp/4.9.2"
::ffff:127.0.0.1 - - [11/Aug/2022:06:23:28 +0000] "POST /api/v1/bills/drain HTTP/1.0" 200 289 "-" "okhttp/4.9.2"
::1 - - [11/Aug/2022:06:23:28 +0000] "GET /api/v1/transactions/basket?limit=100&sort=-createdAt HTTP/1.0" 200 122 "-" "okhttp/4.9.2"
::ffff:127.0.0.1 - - [11/Aug/2022:06:23:28 +0000] "GET /api/v1/transactions/basket?limit=100&sort=-createdAt HTTP/1.0" 200 122 "-" "okhttp/4.9.2"
::ffff:127.0.0.1 - - [11/Aug/2022:06:23:30 +0000] "GET /api/v1/transactions/basket?limit=100&sort=-createdAt HTTP/1.0" 304 - "-" "okhttp/4.9.2"
::1 - - [11/Aug/2022:06:23:30 +0000] "GET /api/v1/goods/user?limit=100 HTTP/1.0" 200 927 "-" "okhttp/4.9.2"
::1 - - [11/Aug/2022:06:23:30 +0000] "GET /api/v1/goods/user?limit=100 HTTP/1.0" 200 927 "-" "okhttp/4.9.2"
::ffff:127.0.0.1 - - [11/Aug/2022:06:23:33 +0000] "GET /api/v1/goods/user?limit=100 HTTP/1.0" 304 - "-" "okhttp/4.9.2"
::1 - - [11/Aug/2022:06:23:34 +0000] "GET /api/v1/goods/user?limit=100 HTTP/1.0" 304 - "-" "okhttp/4.9.2"
::ffff:127.0.0.1 - - [11/Aug/2022:06:24:44 +0000] "GET /api/v1/users/62e190554b89a6d4c7411f08 HTTP/1.0" 200 259 "-" "okhttp/4.9.2"
::1 - - [11/Aug/2022:06:24:44 +0000] "GET /api/v1/users/logout HTTP/1.0" 304 - "-" "okhttp/4.9.2"
::ffff:127.0.0.1 - - [11/Aug/2022:06:25:16 +0000] "POST /api/v1/users HTTP/1.0" 200 533 "-" "okhttp/4.9.2"
::1 - - [11/Aug/2022:06:25:24 +0000] "POST /api/v1/users/login HTTP/1.0" 200 533 "-" "okhttp/4.9.2"
::ffff:127.0.0.1 - - [11/Aug/2022:06:25:25 +0000] "GET /api/v1/categories HTTP/1.0" 304 - "-" "okhttp/4.9.2"
::1 - - [11/Aug/2022:06:25:25 +0000] "GET /api/v1/goods/user?limit=100 HTTP/1.0" 200 107 "-" "okhttp/4.9.2"
::ffff:127.0.0.1 - - [11/Aug/2022:06:25:25 +0000] "GET /api/v1/transactions/basket?limit=100&sort=-createdAt HTTP/1.0" 304 - "-" "okhttp/4.9.2"
::1 - - [11/Aug/2022:06:25:26 +0000] "GET /api/v1/categories HTTP/1.0" 304 - "-" "okhttp/4.9.2"
::ffff:127.0.0.1 - - [11/Aug/2022:06:25:26 +0000] "GET /api/v1/goods/user?limit=100 HTTP/1.0" 304 - "-" "okhttp/4.9.2"
::1 - - [11/Aug/2022:06:25:26 +0000] "GET /api/v1/transactions/basket?limit=100&sort=-createdAt HTTP/1.0" 304 - "-" "okhttp/4.9.2"
::ffff:127.0.0.1 - - [11/Aug/2022:06:26:04 +0000] "POST /api/v1/goods HTTP/1.0" 200 355 "-" "okhttp/4.9.2"
::1 - - [11/Aug/2022:06:26:04 +0000] "POST /api/v1/transactions HTTP/1.0" 200 257 "-" "okhttp/4.9.2"
::ffff:127.0.0.1 - - [11/Aug/2022:06:26:05 +0000] "GET /api/v1/goods/user?limit=100 HTTP/1.0" 200 500 "-" "okhttp/4.9.2"
::1 - - [11/Aug/2022:06:26:05 +0000] "GET /api/v1/transactions/basket?limit=100&sort=-createdAt HTTP/1.0" 200 432 "-" "okhttp/4.9.2"
::ffff:127.0.0.1 - - [11/Aug/2022:06:26:06 +0000] "PUT /api/v1/goods/62f4a0fc8e470b4b6899b97e/upload-photo HTTP/1.0" 200 60 "-" "okhttp/4.9.2"
::1 - - [11/Aug/2022:06:26:09 +0000] "POST /api/v1/bills/receipt HTTP/1.0" 200 285 "-" "okhttp/4.9.2"
::ffff:127.0.0.1 - - [11/Aug/2022:06:26:09 +0000] "GET /api/v1/transactions/basket?limit=100&sort=-createdAt HTTP/1.0" 200 122 "-" "okhttp/4.9.2"
::1 - - [11/Aug/2022:06:26:09 +0000] "GET /api/v1/transactions/basket?limit=100&sort=-createdAt HTTP/1.0" 200 122 "-" "okhttp/4.9.2"
::ffff:127.0.0.1 - - [11/Aug/2022:06:26:17 +0000] "POST /api/v1/transactions HTTP/1.0" 200 256 "-" "okhttp/4.9.2"
::1 - - [11/Aug/2022:06:26:18 +0000] "GET /api/v1/transactions/basket?limit=100&sort=-createdAt HTTP/1.0" 200 453 "-" "okhttp/4.9.2"
::ffff:127.0.0.1 - - [11/Aug/2022:06:26:18 +0000] "GET /api/v1/transactions/basket?limit=100&sort=-createdAt HTTP/1.0" 200 453 "-" "okhttp/4.9.2"
::1 - - [11/Aug/2022:06:26:21 +0000] "POST /api/v1/bills/drain HTTP/1.0" 200 287 "-" "okhttp/4.9.2"
::ffff:127.0.0.1 - - [11/Aug/2022:06:26:21 +0000] "GET /api/v1/transactions/basket?limit=100&sort=-createdAt HTTP/1.0" 200 122 "-" "okhttp/4.9.2"
::1 - - [11/Aug/2022:06:26:21 +0000] "GET /api/v1/transactions/basket?limit=100&sort=-createdAt HTTP/1.0" 200 122 "-" "okhttp/4.9.2"
::ffff:127.0.0.1 - - [11/Aug/2022:06:26:23 +0000] "GET /api/v1/goods/user?limit=100 HTTP/1.0" 200 526 "-" "okhttp/4.9.2"
::ffff:127.0.0.1 - - [11/Aug/2022:06:26:23 +0000] "GET /api/v1/transactions/basket?limit=100&sort=-createdAt HTTP/1.0" 304 - "-" "okhttp/4.9.2"
::1 - - [11/Aug/2022:06:26:23 +0000] "GET /api/v1/goods/user?limit=100 HTTP/1.0" 200 526 "-" "okhttp/4.9.2"
::1 - - [11/Aug/2022:06:26:25 +0000] "GET /api/v1/goods/user?limit=100 HTTP/1.0" 304 - "-" "okhttp/4.9.2"
::ffff:127.0.0.1 - - [11/Aug/2022:06:26:27 +0000] "GET /api/v1/goods/user?limit=100 HTTP/1.0" 304 - "-" "okhttp/4.9.2"
::1 - - [11/Aug/2022:06:26:54 +0000] "GET /api/v1/goods/user?limit=100 HTTP/1.0" 304 - "-" "okhttp/4.9.2"
::ffff:127.0.0.1 - - [11/Aug/2022:06:27:05 +0000] "GET /api/v1/goods/user?limit=100 HTTP/1.0" 304 - "-" "okhttp/4.9.2"
::1 - - [11/Aug/2022:06:27:13 +0000] "GET /api/v1/goods/user?limit=100 HTTP/1.0" 304 - "-" "okhttp/4.9.2"
::ffff:127.0.0.1 - - [11/Aug/2022:06:27:30 +0000] "GET /api/v1/users/logout HTTP/1.0" 304 - "-" "okhttp/4.9.2"
::1 - - [11/Aug/2022:06:27:42 +0000] "POST /api/v1/users/login HTTP/1.0" 200 503 "-" "okhttp/4.9.2"
::ffff:127.0.0.1 - - [11/Aug/2022:06:27:43 +0000] "GET /api/v1/goods/user?limit=100 HTTP/1.0" 200 2692 "-" "okhttp/4.9.2"
::1 - - [11/Aug/2022:06:27:43 +0000] "GET /api/v1/transactions/basket?limit=100&sort=-createdAt HTTP/1.0" 304 - "-" "okhttp/4.9.2"
::ffff:127.0.0.1 - - [11/Aug/2022:06:27:43 +0000] "GET /api/v1/categories HTTP/1.0" 304 - "-" "okhttp/4.9.2"
::ffff:127.0.0.1 - - [11/Aug/2022:06:27:48 +0000] "GET /api/v1/transactions/basket?limit=100&sort=-createdAt HTTP/1.0" 304 - "-" "okhttp/4.9.2"
::1 - - [11/Aug/2022:06:27:48 +0000] "GET /api/v1/goods/user?limit=100 HTTP/1.0" 304 - "-" "okhttp/4.9.2"
::1 - - [11/Aug/2022:06:27:52 +0000] "GET /api/v1/goods/user?limit=100 HTTP/1.0" 304 - "-" "okhttp/4.9.2"
::ffff:127.0.0.1 - - [11/Aug/2022:06:28:04 +0000] "GET /api/v1/goods/user?limit=100 HTTP/1.0" 304 - "-" "okhttp/4.9.2"
::1 - - [11/Aug/2022:06:28:16 +0000] "GET /api/v1/transactions/basket?limit=100&sort=-createdAt HTTP/1.0" 304 - "-" "okhttp/4.9.2"
::ffff:127.0.0.1 - - [11/Aug/2022:06:28:16 +0000] "GET /api/v1/goods/user?limit=100 HTTP/1.0" 304 - "-" "okhttp/4.9.2"
::1 - - [11/Aug/2022:06:28:30 +0000] "POST /api/v1/transactions HTTP/1.0" 200 255 "-" "okhttp/4.9.2"
::ffff:127.0.0.1 - - [11/Aug/2022:06:28:31 +0000] "GET /api/v1/transactions/basket?limit=100&sort=-createdAt HTTP/1.0" 200 455 "-" "okhttp/4.9.2"
::1 - - [11/Aug/2022:06:28:31 +0000] "GET /api/v1/transactions/basket?limit=100&sort=-createdAt HTTP/1.0" 200 455 "-" "okhttp/4.9.2"
::ffff:127.0.0.1 - - [11/Aug/2022:06:28:37 +0000] "POST /api/v1/bills/receipt HTTP/1.0" 200 283 "-" "okhttp/4.9.2"
::1 - - [11/Aug/2022:06:28:38 +0000] "GET /api/v1/transactions/basket?limit=100&sort=-createdAt HTTP/1.0" 200 122 "-" "okhttp/4.9.2"
::ffff:127.0.0.1 - - [11/Aug/2022:06:28:38 +0000] "GET /api/v1/transactions/basket?limit=100&sort=-createdAt HTTP/1.0" 304 - "-" "okhttp/4.9.2"
::ffff:127.0.0.1 - - [11/Aug/2022:06:28:42 +0000] "GET /api/v1/transactions/basket?limit=100&sort=-createdAt HTTP/1.0" 304 - "-" "okhttp/4.9.2"
::1 - - [11/Aug/2022:06:28:43 +0000] "GET /api/v1/goods/user?limit=100 HTTP/1.0" 200 2692 "-" "okhttp/4.9.2"
::1 - - [11/Aug/2022:06:28:50 +0000] "GET /api/v1/goods/user?limit=100 HTTP/1.0" 304 - "-" "okhttp/4.9.2"
::ffff:127.0.0.1 - - [11/Aug/2022:06:28:54 +0000] "GET /upload/undefined HTTP/1.0" 404 155 "-" "okhttp/4.9.2"
::ffff:127.0.0.1 - - [11/Aug/2022:06:28:54 +0000] "GET /api/v1/goods/62f483d499e2a94b91d43a53 HTTP/1.0" 200 451 "-" "okhttp/4.9.2"
::1 - - [11/Aug/2022:06:28:54 +0000] "GET /api/v1/transactions/user?good=62f483d499e2a94b91d43a53&sort=-createdAt HTTP/1.0" 200 2417 "-" "okhttp/4.9.2"
::1 - - [11/Aug/2022:06:28:54 +0000] "GET /api/v1/goods/user?limit=100 HTTP/1.0" 304 - "-" "okhttp/4.9.2"
::ffff:127.0.0.1 - - [11/Aug/2022:06:29:06 +0000] "GET /api/v1/users/logout HTTP/1.0" 304 - "-" "okhttp/4.9.2"
::1 - - [11/Aug/2022:06:30:11 +0000] "POST /api/v1/users HTTP/1.0" 200 503 "-" "okhttp/4.9.2"
::ffff:127.0.0.1 - - [11/Aug/2022:06:30:22 +0000] "POST /api/v1/users/login HTTP/1.0" 200 503 "-" "okhttp/4.9.2"
::1 - - [11/Aug/2022:06:30:23 +0000] "GET /api/v1/categories HTTP/1.0" 304 - "-" "okhttp/4.9.2"
::ffff:127.0.0.1 - - [11/Aug/2022:06:30:24 +0000] "GET /api/v1/transactions/basket?limit=100&sort=-createdAt HTTP/1.0" 304 - "-" "okhttp/4.9.2"
::1 - - [11/Aug/2022:06:30:24 +0000] "GET /api/v1/goods/user?limit=100 HTTP/1.0" 200 107 "-" "okhttp/4.9.2"
::ffff:127.0.0.1 - - [11/Aug/2022:06:30:28 +0000] "GET /api/v1/categories HTTP/1.0" 304 - "-" "okhttp/4.9.2"
::1 - - [11/Aug/2022:06:30:28 +0000] "GET /api/v1/goods/user?limit=100 HTTP/1.0" 304 - "-" "okhttp/4.9.2"
::ffff:127.0.0.1 - - [11/Aug/2022:06:30:28 +0000] "GET /api/v1/transactions/basket?limit=100&sort=-createdAt HTTP/1.0" 304 - "-" "okhttp/4.9.2"
::1 - - [11/Aug/2022:06:31:53 +0000] "POST /api/v1/goods HTTP/1.0" 200 372 "-" "okhttp/4.9.2"
::ffff:127.0.0.1 - - [11/Aug/2022:06:31:54 +0000] "POST /api/v1/transactions HTTP/1.0" 200 256 "-" "okhttp/4.9.2"
::1 - - [11/Aug/2022:06:31:54 +0000] "GET /api/v1/goods/user?limit=100 HTTP/1.0" 200 513 "-" "okhttp/4.9.2"
::ffff:127.0.0.1 - - [11/Aug/2022:06:31:54 +0000] "GET /api/v1/transactions/basket?limit=100&sort=-createdAt HTTP/1.0" 200 435 "-" "okhttp/4.9.2"
::1 - - [11/Aug/2022:06:31:55 +0000] "PUT /api/v1/goods/62f4a2598e470b4b6899ba12/upload-photo HTTP/1.0" 200 60 "-" "okhttp/4.9.2"
::ffff:127.0.0.1 - - [11/Aug/2022:06:31:58 +0000] "POST /api/v1/bills/receipt HTTP/1.0" 200 284 "-" "okhttp/4.9.2"
::1 - - [11/Aug/2022:06:31:59 +0000] "GET /api/v1/transactions/basket?limit=100&sort=-createdAt HTTP/1.0" 200 122 "-" "okhttp/4.9.2"
::ffff:127.0.0.1 - - [11/Aug/2022:06:31:59 +0000] "GET /api/v1/transactions/basket?limit=100&sort=-createdAt HTTP/1.0" 200 122 "-" "okhttp/4.9.2"
::ffff:127.0.0.1 - - [11/Aug/2022:06:32:06 +0000] "GET /api/v1/transactions/basket?limit=100&sort=-createdAt HTTP/1.0" 304 - "-" "okhttp/4.9.2"
::1 - - [11/Aug/2022:06:32:06 +0000] "GET /api/v1/goods/user?limit=100 HTTP/1.0" 200 537 "-" "okhttp/4.9.2"
::1 - - [11/Aug/2022:06:32:06 +0000] "GET /api/v1/goods/user?limit=100 HTTP/1.0" 200 537 "-" "okhttp/4.9.2"
::1 - - [11/Aug/2022:06:32:08 +0000] "GET /api/v1/transactions/basket?limit=100&sort=-createdAt HTTP/1.0" 304 - "-" "okhttp/4.9.2"
::ffff:127.0.0.1 - - [11/Aug/2022:06:32:08 +0000] "GET /api/v1/goods/user?limit=100 HTTP/1.0" 304 - "-" "okhttp/4.9.2"
::ffff:127.0.0.1 - - [11/Aug/2022:06:32:08 +0000] "GET /api/v1/goods/user?limit=100 HTTP/1.0" 304 - "-" "okhttp/4.9.2"
