::1 - - [23/Sep/2022:11:24:33 +0000] "GET /api/v1/users/632d95753ce9cba9daf32723 HTTP/1.0" 304 - "-" "Expo/2.25.3.1015682 CFNetwork/1390 Darwin/22.0.0"
::ffff:127.0.0.1 - - [23/Sep/2022:11:24:41 +0000] "GET /api/v1/users/632d95753ce9cba9daf32723 HTTP/1.0" 304 - "-" "Expo/2.25.3.1015682 CFNetwork/1390 Darwin/22.0.0"
::1 - - [23/Sep/2022:11:24:47 +0000] "GET /api/v1/users/632d95753ce9cba9daf32723 HTTP/1.0" 304 - "-" "Expo/2.25.3.1015682 CFNetwork/1390 Darwin/22.0.0"
::ffff:127.0.0.1 - - [23/Sep/2022:11:24:48 +0000] "GET /api/v1/users/632d95753ce9cba9daf32723 HTTP/1.0" 304 - "-" "Expo/2.25.3.1015682 CFNetwork/1390 Darwin/22.0.0"
::1 - - [23/Sep/2022:11:24:50 +0000] "GET /api/v1/users/632d95753ce9cba9daf32723 HTTP/1.0" 304 - "-" "Expo/2.25.3.1015682 CFNetwork/1390 Darwin/22.0.0"
::ffff:127.0.0.1 - - [23/Sep/2022:11:24:52 +0000] "POST /api/v1/users/invoice/632d95753ce9cba9daf32723 HTTP/1.0" 200 50 "-" "Expo/2.25.3.1015682 CFNetwork/1390 Darwin/22.0.0"
::1 - - [23/Sep/2022:11:24:52 +0000] "GET /api/v1/wallets/632d97843ce9cba9daf3276c HTTP/1.0" 200 15623 "-" "Expo/2.25.3.1015682 CFNetwork/1390 Darwin/22.0.0"
::ffff:127.0.0.1 - - [23/Sep/2022:11:24:56 +0000] "POST /api/v1/users/invoice/632d95753ce9cba9daf32723 HTTP/1.0" 200 50 "-" "Expo/2.25.3.1015682 CFNetwork/1390 Darwin/22.0.0"
::1 - - [23/Sep/2022:11:24:56 +0000] "GET /api/v1/wallets/632d97873ce9cba9daf3277d HTTP/1.0" 200 15703 "-" "Expo/2.25.3.1015682 CFNetwork/1390 Darwin/22.0.0"
::ffff:127.0.0.1 - - [23/Sep/2022:11:24:58 +0000] "GET /api/v1/users/632d95753ce9cba9daf32723 HTTP/1.0" 200 289 "-" "Expo/2.25.3.1015682 CFNetwork/1390 Darwin/22.0.0"
::1 - - [23/Sep/2022:11:27:00 +0000] "GET /api/v1/users/632d95753ce9cba9daf32723 HTTP/1.0" 304 - "-" "Expo/2.25.3.1015682 CFNetwork/1390 Darwin/22.0.0"
::ffff:127.0.0.1 - - [23/Sep/2022:11:27:02 +0000] "POST /api/v1/users/invoice/632d95753ce9cba9daf32723 HTTP/1.0" 200 50 "-" "Expo/2.25.3.1015682 CFNetwork/1390 Darwin/22.0.0"
::1 - - [23/Sep/2022:11:27:03 +0000] "GET /api/v1/wallets/632d98063ce9cba9daf32790 HTTP/1.0" 200 15787 "-" "Expo/2.25.3.1015682 CFNetwork/1390 Darwin/22.0.0"
::ffff:127.0.0.1 - - [23/Sep/2022:11:27:06 +0000] "POST /api/v1/users/invoice/632d95753ce9cba9daf32723 HTTP/1.0" 200 50 "-" "Expo/2.25.3.1015682 CFNetwork/1390 Darwin/22.0.0"
::1 - - [23/Sep/2022:11:27:06 +0000] "GET /api/v1/wallets/632d98093ce9cba9daf327a1 HTTP/1.0" 200 15927 "-" "Expo/2.25.3.1015682 CFNetwork/1390 Darwin/22.0.0"
::ffff:127.0.0.1 - - [23/Sep/2022:11:27:10 +0000] "POST /api/v1/users/invoice/632d95753ce9cba9daf32723 HTTP/1.0" 200 50 "-" "Expo/2.25.3.1015682 CFNetwork/1390 Darwin/22.0.0"
::1 - - [23/Sep/2022:11:27:10 +0000] "GET /api/v1/wallets/632d980e3ce9cba9daf327b2 HTTP/1.0" 200 16047 "-" "Expo/2.25.3.1015682 CFNetwork/1390 Darwin/22.0.0"
::ffff:127.0.0.1 - - [23/Sep/2022:11:27:13 +0000] "POST /api/v1/users/invoice/632d95753ce9cba9daf32723 HTTP/1.0" 200 50 "-" "Expo/2.25.3.1015682 CFNetwork/1390 Darwin/22.0.0"
::1 - - [23/Sep/2022:11:27:13 +0000] "GET /api/v1/wallets/632d98113ce9cba9daf327c3 HTTP/1.0" 200 15919 "-" "Expo/2.25.3.1015682 CFNetwork/1390 Darwin/22.0.0"
::ffff:127.0.0.1 - - [23/Sep/2022:11:27:16 +0000] "POST /api/v1/users/invoice/632d95753ce9cba9daf32723 HTTP/1.0" 200 50 "-" "Expo/2.25.3.1015682 CFNetwork/1390 Darwin/22.0.0"
::1 - - [23/Sep/2022:11:27:17 +0000] "GET /api/v1/wallets/632d98143ce9cba9daf327d4 HTTP/1.0" 200 15951 "-" "Expo/2.25.3.1015682 CFNetwork/1390 Darwin/22.0.0"
::ffff:127.0.0.1 - - [23/Sep/2022:11:27:19 +0000] "POST /api/v1/users/invoice/632d95753ce9cba9daf32723 HTTP/1.0" 200 50 "-" "Expo/2.25.3.1015682 CFNetwork/1390 Darwin/22.0.0"
::1 - - [23/Sep/2022:11:27:19 +0000] "GET /api/v1/wallets/632d98173ce9cba9daf327e5 HTTP/1.0" 200 15639 "-" "Expo/2.25.3.1015682 CFNetwork/1390 Darwin/22.0.0"
::ffff:127.0.0.1 - - [23/Sep/2022:11:27:22 +0000] "GET /api/v1/users/632d95753ce9cba9daf32723 HTTP/1.0" 200 289 "-" "Expo/2.25.3.1015682 CFNetwork/1390 Darwin/22.0.0"
::1 - - [23/Sep/2022:11:27:31 +0000] "GET /api/v1/users/logout HTTP/1.0" 304 - "-" "Expo/2.25.3.1015682 CFNetwork/1390 Darwin/22.0.0"
::ffff:127.0.0.1 - - [23/Sep/2022:11:29:02 +0000] "POST /api/v1/users/login HTTP/1.0" 200 551 "-" "Expo/2.25.3.1015682 CFNetwork/1390 Darwin/22.0.0"
::1 - - [23/Sep/2022:11:29:02 +0000] "GET /api/v1/users/632d95753ce9cba9daf32723 HTTP/1.0" 304 - "-" "Expo/2.25.3.1015682 CFNetwork/1390 Darwin/22.0.0"
::ffff:127.0.0.1 - - [23/Sep/2022:11:29:15 +0000] "GET /api/v1/users/632d95753ce9cba9daf32723 HTTP/1.0" 304 - "-" "Expo/2.25.3.1015682 CFNetwork/1390 Darwin/22.0.0"
::1 - - [23/Sep/2022:11:29:29 +0000] "GET /api/v1/goods/user?limit=100 HTTP/1.0" 304 - "-" "Expo/2.25.3.1015682 CFNetwork/1390 Darwin/22.0.0"
::ffff:127.0.0.1 - - [23/Sep/2022:11:29:29 +0000] "GET /api/v1/transactions/basket?limit=100&sort=-createdAt HTTP/1.0" 304 - "-" "Expo/2.25.3.1015682 CFNetwork/1390 Darwin/22.0.0"
::1 - - [23/Sep/2022:11:29:29 +0000] "GET /api/v1/categories HTTP/1.0" 304 - "-" "Expo/2.25.3.1015682 CFNetwork/1390 Darwin/22.0.0"
::ffff:127.0.0.1 - - [23/Sep/2022:11:29:30 +0000] "GET /api/v1/users/632d95753ce9cba9daf32723 HTTP/1.0" 304 - "-" "Expo/2.25.3.1015682 CFNetwork/1390 Darwin/22.0.0"
::1 - - [23/Sep/2022:11:29:30 +0000] "GET /api/v1/goods/user?limit=100 HTTP/1.0" 304 - "-" "Expo/2.25.3.1015682 CFNetwork/1390 Darwin/22.0.0"
::ffff:127.0.0.1 - - [23/Sep/2022:11:29:30 +0000] "GET /api/v1/transactions/basket?limit=100&sort=-createdAt HTTP/1.0" 304 - "-" "Expo/2.25.3.1015682 CFNetwork/1390 Darwin/22.0.0"
::1 - - [23/Sep/2022:11:29:31 +0000] "GET /api/v1/users/632d95753ce9cba9daf32723 HTTP/1.0" 304 - "-" "Expo/2.25.3.1015682 CFNetwork/1390 Darwin/22.0.0"
::ffff:127.0.0.1 - - [23/Sep/2022:11:29:33 +0000] "POST /api/v1/users/invoice/632d95753ce9cba9daf32723 HTTP/1.0" 200 50 "-" "Expo/2.25.3.1015682 CFNetwork/1390 Darwin/22.0.0"
::1 - - [23/Sep/2022:11:29:34 +0000] "GET /api/v1/wallets/632d989d3ce9cba9daf32806 HTTP/1.0" 200 15843 "-" "Expo/2.25.3.1015682 CFNetwork/1390 Darwin/22.0.0"
::ffff:127.0.0.1 - - [23/Sep/2022:11:29:36 +0000] "GET /api/v1/users/632d95753ce9cba9daf32723 HTTP/1.0" 200 289 "-" "Expo/2.25.3.1015682 CFNetwork/1390 Darwin/22.0.0"
::ffff:127.0.0.1 - - [23/Sep/2022:11:29:41 +0000] "GET /api/v1/users/632d95753ce9cba9daf32723 HTTP/1.0" 304 - "-" "Expo/2.25.3.1015682 CFNetwork/1390 Darwin/22.0.0"
::1 - - [23/Sep/2022:11:29:41 +0000] "GET /api/v1/templates?createUser=632d95753ce9cba9daf32723 HTTP/1.0" 200 109 "-" "Expo/2.25.3.1015682 CFNetwork/1390 Darwin/22.0.0"
::1 - - [23/Sep/2022:11:29:42 +0000] "GET /api/v1/templates?createUser=632d95753ce9cba9daf32723 HTTP/1.0" 304 - "-" "Expo/2.25.3.1015682 CFNetwork/1390 Darwin/22.0.0"
::ffff:127.0.0.1 - - [23/Sep/2022:11:30:45 +0000] "POST / HTTP/1.0" 404 140 "-" "Mozilla/5.0 (X11; Linux x86_64) AppleWebKit/537.36 (KHTML, like Gecko) Chrome/81.0.4044.129 Safari/537.36"
::1 - - [23/Sep/2022:11:30:46 +0000] "GET /.env HTTP/1.0" 404 143 "-" "Mozilla/5.0 (X11; Linux x86_64) AppleWebKit/537.36 (KHTML, like Gecko) Chrome/81.0.4044.129 Safari/537.36"
::ffff:127.0.0.1 - - [23/Sep/2022:11:37:42 +0000] "GET / HTTP/1.0" 404 139 "-" "Mozilla/5.0 zgrab/0.x"
::1 - - [23/Sep/2022:11:40:04 +0000] "GET /api/v1/transactions/basket?limit=100&sort=-createdAt HTTP/1.0" 304 - "-" "Expo/2.25.3.1015682 CFNetwork/1390 Darwin/22.0.0"
::ffff:127.0.0.1 - - [23/Sep/2022:11:40:04 +0000] "GET /api/v1/categories HTTP/1.0" 304 - "-" "Expo/2.25.3.1015682 CFNetwork/1390 Darwin/22.0.0"
::1 - - [23/Sep/2022:11:40:04 +0000] "GET /api/v1/goods/user?limit=100 HTTP/1.0" 304 - "-" "Expo/2.25.3.1015682 CFNetwork/1390 Darwin/22.0.0"
::ffff:127.0.0.1 - - [23/Sep/2022:11:40:22 +0000] "GET /api/v1/users/632d95753ce9cba9daf32723 HTTP/1.0" 304 - "-" "Expo/2.25.3.1015682 CFNetwork/1390 Darwin/22.0.0"
::1 - - [23/Sep/2022:11:40:22 +0000] "GET /api/v1/goods/user?limit=100 HTTP/1.0" 304 - "-" "Expo/2.25.3.1015682 CFNetwork/1390 Darwin/22.0.0"
::ffff:127.0.0.1 - - [23/Sep/2022:11:40:22 +0000] "GET /api/v1/transactions/basket?limit=100&sort=-createdAt HTTP/1.0" 304 - "-" "Expo/2.25.3.1015682 CFNetwork/1390 Darwin/22.0.0"
::1 - - [23/Sep/2022:11:40:33 +0000] "GET /api/v1/users/632d95753ce9cba9daf32723 HTTP/1.0" 304 - "-" "Expo/2.25.3.1015682 CFNetwork/1390 Darwin/22.0.0"
::ffff:127.0.0.1 - - [23/Sep/2022:11:40:35 +0000] "POST /api/v1/users/invoice/632d95753ce9cba9daf32723 HTTP/1.0" 200 50 "-" "Expo/2.25.3.1015682 CFNetwork/1390 Darwin/22.0.0"
::1 - - [23/Sep/2022:11:40:36 +0000] "GET /api/v1/wallets/632d9b333ce9cba9daf32829 HTTP/1.0" 200 15783 "-" "Expo/2.25.3.1015682 CFNetwork/1390 Darwin/22.0.0"
::ffff:127.0.0.1 - - [23/Sep/2022:11:40:58 +0000] "GET /api/v1/users/callbacks/632d95753ce9cba9daf32723/100?qpay_payment_id=811589659215170 HTTP/1.0" 200 277 "-" "node-fetch/1.0 (+https://github.com/bitinn/node-fetch)"
::1 - - [23/Sep/2022:11:41:03 +0000] "GET /api/v1/users/632d95753ce9cba9daf32723 HTTP/1.0" 200 289 "-" "Expo/2.25.3.1015682 CFNetwork/1390 Darwin/22.0.0"
::ffff:127.0.0.1 - - [23/Sep/2022:11:41:07 +0000] "GET /api/v1/categories HTTP/1.0" 304 - "-" "Expo/2.25.3.1015682 CFNetwork/1390 Darwin/22.0.0"
::1 - - [23/Sep/2022:11:41:07 +0000] "GET /api/v1/goods/user?limit=100 HTTP/1.0" 304 - "-" "Expo/2.25.3.1015682 CFNetwork/1390 Darwin/22.0.0"
::ffff:127.0.0.1 - - [23/Sep/2022:11:41:07 +0000] "GET /api/v1/transactions/basket?limit=100&sort=-createdAt HTTP/1.0" 304 - "-" "Expo/2.25.3.1015682 CFNetwork/1390 Darwin/22.0.0"
::1 - - [23/Sep/2022:11:41:08 +0000] "GET /api/v1/users/632d95753ce9cba9daf32723 HTTP/1.0" 304 - "-" "Expo/2.25.3.1015682 CFNetwork/1390 Darwin/22.0.0"
::ffff:127.0.0.1 - - [23/Sep/2022:11:41:08 +0000] "GET /api/v1/goods/user?limit=100 HTTP/1.0" 304 - "-" "Expo/2.25.3.1015682 CFNetwork/1390 Darwin/22.0.0"
::1 - - [23/Sep/2022:11:41:08 +0000] "GET /api/v1/transactions/basket?limit=100&sort=-createdAt HTTP/1.0" 304 - "-" "Expo/2.25.3.1015682 CFNetwork/1390 Darwin/22.0.0"
::1 - - [23/Sep/2022:11:41:14 +0000] "GET /api/v1/users/632d95753ce9cba9daf32723 HTTP/1.0" 304 - "-" "Expo/2.25.3.1015682 CFNetwork/1390 Darwin/22.0.0"
::ffff:127.0.0.1 - - [23/Sep/2022:11:41:14 +0000] "GET /api/v1/templates?createUser=632d95753ce9cba9daf32723 HTTP/1.0" 304 - "-" "Expo/2.25.3.1015682 CFNetwork/1390 Darwin/22.0.0"
::ffff:127.0.0.1 - - [23/Sep/2022:11:41:14 +0000] "GET /api/v1/templates?createUser=632d95753ce9cba9daf32723 HTTP/1.0" 304 - "-" "Expo/2.25.3.1015682 CFNetwork/1390 Darwin/22.0.0"
::ffff:127.0.0.1 - - [23/Sep/2022:11:41:15 +0000] "GET /api/v1/transactions/basket?limit=100&sort=-createdAt HTTP/1.0" 304 - "-" "Expo/2.25.3.1015682 CFNetwork/1390 Darwin/22.0.0"
::1 - - [23/Sep/2022:11:41:15 +0000] "GET /api/v1/goods/user?limit=100 HTTP/1.0" 304 - "-" "Expo/2.25.3.1015682 CFNetwork/1390 Darwin/22.0.0"
::1 - - [23/Sep/2022:11:41:16 +0000] "GET /api/v1/goods/user?limit=100 HTTP/1.0" 304 - "-" "Expo/2.25.3.1015682 CFNetwork/1390 Darwin/22.0.0"
::ffff:127.0.0.1 - - [23/Sep/2022:11:41:16 +0000] "GET /api/v1/goods/user?limit=100 HTTP/1.0" 304 - "-" "Expo/2.25.3.1015682 CFNetwork/1390 Darwin/22.0.0"
::1 - - [23/Sep/2022:11:41:16 +0000] "GET /api/v1/transactions/basket?limit=100&sort=-createdAt HTTP/1.0" 304 - "-" "Expo/2.25.3.1015682 CFNetwork/1390 Darwin/22.0.0"
::ffff:127.0.0.1 - - [23/Sep/2022:11:41:17 +0000] "GET /api/v1/goods/user?limit=100 HTTP/1.0" 304 - "-" "Expo/2.25.3.1015682 CFNetwork/1390 Darwin/22.0.0"
::1 - - [23/Sep/2022:11:41:17 +0000] "GET /api/v1/transactions/basket?limit=100&sort=-createdAt HTTP/1.0" 304 - "-" "Expo/2.25.3.1015682 CFNetwork/1390 Darwin/22.0.0"
::ffff:127.0.0.1 - - [23/Sep/2022:11:41:17 +0000] "GET /api/v1/goods/user?limit=100 HTTP/1.0" 304 - "-" "Expo/2.25.3.1015682 CFNetwork/1390 Darwin/22.0.0"
::1 - - [23/Sep/2022:11:41:17 +0000] "GET /api/v1/goods/user?limit=100 HTTP/1.0" 304 - "-" "Expo/2.25.3.1015682 CFNetwork/1390 Darwin/22.0.0"
::ffff:127.0.0.1 - - [23/Sep/2022:11:41:17 +0000] "GET /api/v1/transactions/basket?limit=100&sort=-createdAt HTTP/1.0" 304 - "-" "Expo/2.25.3.1015682 CFNetwork/1390 Darwin/22.0.0"
::1 - - [23/Sep/2022:11:41:17 +0000] "GET /api/v1/goods/user?limit=100 HTTP/1.0" 304 - "-" "Expo/2.25.3.1015682 CFNetwork/1390 Darwin/22.0.0"
::ffff:127.0.0.1 - - [23/Sep/2022:11:41:17 +0000] "GET /api/v1/goods/user?limit=100 HTTP/1.0" 304 - "-" "Expo/2.25.3.1015682 CFNetwork/1390 Darwin/22.0.0"
::1 - - [23/Sep/2022:11:41:17 +0000] "GET /api/v1/templates?createUser=632d95753ce9cba9daf32723 HTTP/1.0" 304 - "-" "Expo/2.25.3.1015682 CFNetwork/1390 Darwin/22.0.0"
::ffff:127.0.0.1 - - [23/Sep/2022:11:41:18 +0000] "GET /api/v1/templates?createUser=632d95753ce9cba9daf32723 HTTP/1.0" 304 - "-" "Expo/2.25.3.1015682 CFNetwork/1390 Darwin/22.0.0"
::1 - - [23/Sep/2022:11:41:18 +0000] "GET /api/v1/users/632d95753ce9cba9daf32723 HTTP/1.0" 304 - "-" "Expo/2.25.3.1015682 CFNetwork/1390 Darwin/22.0.0"
::ffff:127.0.0.1 - - [23/Sep/2022:11:41:19 +0000] "GET /api/v1/users/632d95753ce9cba9daf32723 HTTP/1.0" 304 - "-" "Expo/2.25.3.1015682 CFNetwork/1390 Darwin/22.0.0"
::ffff:127.0.0.1 - - [23/Sep/2022:11:41:19 +0000] "GET /api/v1/goods/user?limit=100 HTTP/1.0" 304 - "-" "Expo/2.25.3.1015682 CFNetwork/1390 Darwin/22.0.0"
::1 - - [23/Sep/2022:11:41:19 +0000] "GET /api/v1/transactions/basket?limit=100&sort=-createdAt HTTP/1.0" 304 - "-" "Expo/2.25.3.1015682 CFNetwork/1390 Darwin/22.0.0"
::1 - - [23/Sep/2022:11:41:19 +0000] "GET /api/v1/goods/user?limit=100 HTTP/1.0" 304 - "-" "Expo/2.25.3.1015682 CFNetwork/1390 Darwin/22.0.0"
::ffff:127.0.0.1 - - [23/Sep/2022:11:41:19 +0000] "GET /api/v1/transactions/basket?limit=100&sort=-createdAt HTTP/1.0" 304 - "-" "Expo/2.25.3.1015682 CFNetwork/1390 Darwin/22.0.0"
::1 - - [23/Sep/2022:11:41:19 +0000] "GET /api/v1/goods/user?limit=100 HTTP/1.0" 304 - "-" "Expo/2.25.3.1015682 CFNetwork/1390 Darwin/22.0.0"
::ffff:127.0.0.1 - - [23/Sep/2022:11:41:20 +0000] "GET /api/v1/goods/user?limit=100 HTTP/1.0" 304 - "-" "Expo/2.25.3.1015682 CFNetwork/1390 Darwin/22.0.0"
::1 - - [23/Sep/2022:11:41:20 +0000] "GET /api/v1/templates?createUser=632d95753ce9cba9daf32723 HTTP/1.0" 304 - "-" "Expo/2.25.3.1015682 CFNetwork/1390 Darwin/22.0.0"
::ffff:127.0.0.1 - - [23/Sep/2022:11:41:20 +0000] "GET /api/v1/templates?createUser=632d95753ce9cba9daf32723 HTTP/1.0" 304 - "-" "Expo/2.25.3.1015682 CFNetwork/1390 Darwin/22.0.0"
::1 - - [23/Sep/2022:11:41:20 +0000] "GET /api/v1/users/632d95753ce9cba9daf32723 HTTP/1.0" 304 - "-" "Expo/2.25.3.1015682 CFNetwork/1390 Darwin/22.0.0"
::ffff:127.0.0.1 - - [23/Sep/2022:11:41:21 +0000] "GET /api/v1/users/632d95753ce9cba9daf32723 HTTP/1.0" 304 - "-" "Expo/2.25.3.1015682 CFNetwork/1390 Darwin/22.0.0"
::ffff:127.0.0.1 - - [23/Sep/2022:11:41:21 +0000] "GET /api/v1/goods/user?limit=100 HTTP/1.0" 304 - "-" "Expo/2.25.3.1015682 CFNetwork/1390 Darwin/22.0.0"
::1 - - [23/Sep/2022:11:41:21 +0000] "GET /api/v1/transactions/basket?limit=100&sort=-createdAt HTTP/1.0" 304 - "-" "Expo/2.25.3.1015682 CFNetwork/1390 Darwin/22.0.0"
::1 - - [23/Sep/2022:11:41:25 +0000] "GET /api/v1/users/632d95753ce9cba9daf32723 HTTP/1.0" 304 - "-" "Expo/2.25.3.1015682 CFNetwork/1390 Darwin/22.0.0"
::ffff:127.0.0.1 - - [23/Sep/2022:11:47:09 +0000] "GET /api/v1/categories HTTP/1.0" 304 - "-" "Expo/2.25.3.1015682 CFNetwork/1390 Darwin/22.0.0"
::1 - - [23/Sep/2022:11:47:09 +0000] "GET /api/v1/goods/user?limit=100 HTTP/1.0" 304 - "-" "Expo/2.25.3.1015682 CFNetwork/1390 Darwin/22.0.0"
::ffff:127.0.0.1 - - [23/Sep/2022:11:47:09 +0000] "GET /api/v1/transactions/basket?limit=100&sort=-createdAt HTTP/1.0" 304 - "-" "Expo/2.25.3.1015682 CFNetwork/1390 Darwin/22.0.0"
::1 - - [23/Sep/2022:11:47:12 +0000] "GET /api/v1/users/632d95753ce9cba9daf32723 HTTP/1.0" 304 - "-" "Expo/2.25.3.1015682 CFNetwork/1390 Darwin/22.0.0"
::ffff:127.0.0.1 - - [23/Sep/2022:11:47:12 +0000] "GET /api/v1/transactions/basket?limit=100&sort=-createdAt HTTP/1.0" 304 - "-" "Expo/2.25.3.1015682 CFNetwork/1390 Darwin/22.0.0"
::1 - - [23/Sep/2022:11:47:12 +0000] "GET /api/v1/goods/user?limit=100 HTTP/1.0" 304 - "-" "Expo/2.25.3.1015682 CFNetwork/1390 Darwin/22.0.0"
::ffff:127.0.0.1 - - [23/Sep/2022:11:47:51 +0000] "POST /api/v1/users/forgot-password HTTP/1.0" 200 16 "-" "Expo/2.25.3.1015682 CFNetwork/1390 Darwin/22.0.0"
::1 - - [23/Sep/2022:11:47:51 +0000] "GET /api/v1/users/632d95753ce9cba9daf32723 HTTP/1.0" 200 419 "-" "Expo/2.25.3.1015682 CFNetwork/1390 Darwin/22.0.0"
::ffff:127.0.0.1 - - [23/Sep/2022:11:47:52 +0000] "GET /api/v1/users/632d95753ce9cba9daf32723 HTTP/1.0" 304 - "-" "Expo/2.25.3.1015682 CFNetwork/1390 Darwin/22.0.0"
::1 - - [23/Sep/2022:11:47:53 +0000] "GET /api/v1/users/632d95753ce9cba9daf32723 HTTP/1.0" 304 - "-" "Expo/2.25.3.1015682 CFNetwork/1390 Darwin/22.0.0"
::ffff:127.0.0.1 - - [23/Sep/2022:11:47:54 +0000] "POST /api/v1/users/invoice/632d95753ce9cba9daf32723 HTTP/1.0" 200 50 "-" "Expo/2.25.3.1015682 CFNetwork/1390 Darwin/22.0.0"
::1 - - [23/Sep/2022:11:47:55 +0000] "GET /api/v1/wallets/632d9cea3ce9cba9daf32893 HTTP/1.0" 200 15775 "-" "Expo/2.25.3.1015682 CFNetwork/1390 Darwin/22.0.0"
::ffff:127.0.0.1 - - [23/Sep/2022:11:47:57 +0000] "GET /api/v1/users/632d95753ce9cba9daf32723 HTTP/1.0" 200 419 "-" "Expo/2.25.3.1015682 CFNetwork/1390 Darwin/22.0.0"
::1 - - [23/Sep/2022:11:48:00 +0000] "POST /api/v1/users/forgot-password HTTP/1.0" 400 148 "-" "Expo/2.25.3.1015682 CFNetwork/1390 Darwin/22.0.0"
::ffff:127.0.0.1 - - [23/Sep/2022:11:48:12 +0000] "GET /api/v1/goods/user?limit=100 HTTP/1.0" 304 - "-" "Expo/2.25.3.1015682 CFNetwork/1390 Darwin/22.0.0"
::ffff:127.0.0.1 - - [23/Sep/2022:11:48:12 +0000] "GET /api/v1/users/632d95753ce9cba9daf32723 HTTP/1.0" 304 - "-" "Expo/2.25.3.1015682 CFNetwork/1390 Darwin/22.0.0"
::1 - - [23/Sep/2022:11:48:12 +0000] "GET /api/v1/transactions/basket?limit=100&sort=-createdAt HTTP/1.0" 304 - "-" "Expo/2.25.3.1015682 CFNetwork/1390 Darwin/22.0.0"
::1 - - [23/Sep/2022:11:49:23 +0000] "GET /api/v1/users/632d95753ce9cba9daf32723 HTTP/1.0" 304 - "-" "Expo/2.25.3.1015682 CFNetwork/1390 Darwin/22.0.0"
::ffff:127.0.0.1 - - [23/Sep/2022:11:49:23 +0000] "GET /api/v1/transactions/basket?limit=100&sort=-createdAt HTTP/1.0" 304 - "-" "Expo/2.25.3.1015682 CFNetwork/1390 Darwin/22.0.0"
::1 - - [23/Sep/2022:11:49:32 +0000] "GET /api/v1/users/632d95753ce9cba9daf32723?select=deadline HTTP/1.0" 200 419 "-" "Expo/2.25.3.1015682 CFNetwork/1390 Darwin/22.0.0"
::ffff:127.0.0.1 - - [23/Sep/2022:11:49:32 +0000] "GET /api/v1/transactions/basket?limit=100&sort=-createdAt HTTP/1.0" 304 - "-" "Expo/2.25.3.1015682 CFNetwork/1390 Darwin/22.0.0"
::1 - - [23/Sep/2022:11:49:32 +0000] "GET /api/v1/users/632d95753ce9cba9daf32723 HTTP/1.0" 304 - "-" "Expo/2.25.3.1015682 CFNetwork/1390 Darwin/22.0.0"
::ffff:127.0.0.1 - - [23/Sep/2022:11:49:37 +0000] "GET /api/v1/categories HTTP/1.0" 304 - "-" "Expo/2.25.3.1015682 CFNetwork/1390 Darwin/22.0.0"
::1 - - [23/Sep/2022:11:49:37 +0000] "GET /api/v1/transactions/basket?limit=100&sort=-createdAt HTTP/1.0" 304 - "-" "Expo/2.25.3.1015682 CFNetwork/1390 Darwin/22.0.0"
::ffff:127.0.0.1 - - [23/Sep/2022:11:49:37 +0000] "GET /api/v1/goods/user?limit=100 HTTP/1.0" 304 - "-" "Expo/2.25.3.1015682 CFNetwork/1390 Darwin/22.0.0"
::1 - - [23/Sep/2022:11:49:37 +0000] "GET /api/v1/users/632d95753ce9cba9daf32723 HTTP/1.0" 304 - "-" "Expo/2.25.3.1015682 CFNetwork/1390 Darwin/22.0.0"
::1 - - [23/Sep/2022:11:49:49 +0000] "GET /api/v1/users/632d95753ce9cba9daf32723 HTTP/1.0" 304 - "-" "Expo/2.25.3.1015682 CFNetwork/1390 Darwin/22.0.0"
::ffff:127.0.0.1 - - [23/Sep/2022:11:49:49 +0000] "GET /api/v1/transactions/basket?limit=100&sort=-createdAt HTTP/1.0" 304 - "-" "Expo/2.25.3.1015682 CFNetwork/1390 Darwin/22.0.0"
::1 - - [23/Sep/2022:11:49:55 +0000] "GET /api/v1/users/632d95753ce9cba9daf32723 HTTP/1.0" 304 - "-" "Expo/2.25.3.1015682 CFNetwork/1390 Darwin/22.0.0"
::ffff:127.0.0.1 - - [23/Sep/2022:11:49:55 +0000] "GET /api/v1/goods/user?limit=100 HTTP/1.0" 304 - "-" "Expo/2.25.3.1015682 CFNetwork/1390 Darwin/22.0.0"
::1 - - [23/Sep/2022:11:49:55 +0000] "GET /api/v1/transactions/basket?limit=100&sort=-createdAt HTTP/1.0" 304 - "-" "Expo/2.25.3.1015682 CFNetwork/1390 Darwin/22.0.0"
::ffff:127.0.0.1 - - [23/Sep/2022:11:49:55 +0000] "GET /api/v1/goods/user?limit=100 HTTP/1.0" 304 - "-" "Expo/2.25.3.1015682 CFNetwork/1390 Darwin/22.0.0"
::ffff:127.0.0.1 - - [23/Sep/2022:11:50:15 +0000] "GET /api/v1/goods/user?limit=100 HTTP/1.0" 304 - "-" "Expo/2.25.3.1015682 CFNetwork/1390 Darwin/22.0.0"
::1 - - [23/Sep/2022:11:50:51 +0000] "GET /api/v1/goods/user?limit=100 HTTP/1.0" 304 - "-" "Expo/2.25.3.1015682 CFNetwork/1390 Darwin/22.0.0"
::ffff:127.0.0.1 - - [23/Sep/2022:11:51:02 +0000] "GET /api/v1/goods/user?limit=100 HTTP/1.0" 304 - "-" "Expo/2.25.3.1015682 CFNetwork/1390 Darwin/22.0.0"
::1 - - [23/Sep/2022:11:51:06 +0000] "GET /api/v1/users/632d95753ce9cba9daf32723?select=deadline HTTP/1.0" 304 - "-" "Expo/2.25.3.1015682 CFNetwork/1390 Darwin/22.0.0"
::ffff:127.0.0.1 - - [23/Sep/2022:11:51:06 +0000] "GET /api/v1/goods/user?limit=100 HTTP/1.0" 304 - "-" "Expo/2.25.3.1015682 CFNetwork/1390 Darwin/22.0.0"
::1 - - [23/Sep/2022:11:51:12 +0000] "GET /api/v1/goods/user?limit=100 HTTP/1.0" 304 - "-" "Expo/2.25.3.1015682 CFNetwork/1390 Darwin/22.0.0"
::ffff:127.0.0.1 - - [23/Sep/2022:11:51:13 +0000] "GET /api/v1/goods/user?limit=100 HTTP/1.0" 304 - "-" "Expo/2.25.3.1015682 CFNetwork/1390 Darwin/22.0.0"
::ffff:127.0.0.1 - - [23/Sep/2022:11:51:36 +0000] "GET /api/v1/users/632d95753ce9cba9daf32723 HTTP/1.0" 304 - "-" "Expo/2.25.3.1015682 CFNetwork/1390 Darwin/22.0.0"
::1 - - [23/Sep/2022:11:51:36 +0000] "GET /api/v1/transactions/basket?limit=100&sort=-createdAt HTTP/1.0" 304 - "-" "Expo/2.25.3.1015682 CFNetwork/1390 Darwin/22.0.0"
::ffff:127.0.0.1 - - [23/Sep/2022:11:51:36 +0000] "GET /api/v1/goods/user?limit=100 HTTP/1.0" 304 - "-" "Expo/2.25.3.1015682 CFNetwork/1390 Darwin/22.0.0"
::1 - - [23/Sep/2022:11:51:36 +0000] "GET /api/v1/categories HTTP/1.0" 304 - "-" "Expo/2.25.3.1015682 CFNetwork/1390 Darwin/22.0.0"
::1 - - [23/Sep/2022:11:51:39 +0000] "GET /api/v1/users/632d95753ce9cba9daf32723 HTTP/1.0" 304 - "-" "Expo/2.25.3.1015682 CFNetwork/1390 Darwin/22.0.0"
::1 - - [23/Sep/2022:11:51:39 +0000] "GET /api/v1/goods/user?limit=100 HTTP/1.0" 304 - "-" "Expo/2.25.3.1015682 CFNetwork/1390 Darwin/22.0.0"
::ffff:127.0.0.1 - - [23/Sep/2022:11:51:39 +0000] "GET /api/v1/goods/user?limit=100 HTTP/1.0" 304 - "-" "Expo/2.25.3.1015682 CFNetwork/1390 Darwin/22.0.0"
::ffff:127.0.0.1 - - [23/Sep/2022:11:51:39 +0000] "GET /api/v1/transactions/basket?limit=100&sort=-createdAt HTTP/1.0" 304 - "-" "Expo/2.25.3.1015682 CFNetwork/1390 Darwin/22.0.0"
::1 - - [23/Sep/2022:11:51:43 +0000] "GET /api/v1/users/632d95753ce9cba9daf32723?select=deadline HTTP/1.0" 304 - "-" "Expo/2.25.3.1015682 CFNetwork/1390 Darwin/22.0.0"
::ffff:127.0.0.1 - - [23/Sep/2022:11:51:43 +0000] "GET /api/v1/goods/user?limit=100 HTTP/1.0" 304 - "-" "Expo/2.25.3.1015682 CFNetwork/1390 Darwin/22.0.0"
::ffff:127.0.0.1 - - [23/Sep/2022:11:51:52 +0000] "GET /api/v1/users/632d95753ce9cba9daf32723 HTTP/1.0" 304 - "-" "Expo/2.25.3.1015682 CFNetwork/1390 Darwin/22.0.0"
::1 - - [23/Sep/2022:11:51:52 +0000] "GET /api/v1/goods/user?limit=100 HTTP/1.0" 304 - "-" "Expo/2.25.3.1015682 CFNetwork/1390 Darwin/22.0.0"
::ffff:127.0.0.1 - - [23/Sep/2022:11:51:59 +0000] "GET /api/v1/users/632d95753ce9cba9daf32723 HTTP/1.0" 304 - "-" "Expo/2.25.3.1015682 CFNetwork/1390 Darwin/22.0.0"
::1 - - [23/Sep/2022:11:51:59 +0000] "GET /api/v1/goods/user?limit=100 HTTP/1.0" 304 - "-" "Expo/2.25.3.1015682 CFNetwork/1390 Darwin/22.0.0"
::ffff:127.0.0.1 - - [23/Sep/2022:11:52:33 +0000] "GET /api/v1/users/632d95753ce9cba9daf32723 HTTP/1.0" 304 - "-" "Expo/2.25.3.1015682 CFNetwork/1390 Darwin/22.0.0"
::1 - - [23/Sep/2022:11:52:33 +0000] "GET /api/v1/goods/user?limit=100 HTTP/1.0" 304 - "-" "Expo/2.25.3.1015682 CFNetwork/1390 Darwin/22.0.0"
::ffff:127.0.0.1 - - [23/Sep/2022:11:52:33 +0000] "GET /api/v1/categories HTTP/1.0" 304 - "-" "Expo/2.25.3.1015682 CFNetwork/1390 Darwin/22.0.0"
::1 - - [23/Sep/2022:11:52:33 +0000] "GET /api/v1/transactions/basket?limit=100&sort=-createdAt HTTP/1.0" 304 - "-" "Expo/2.25.3.1015682 CFNetwork/1390 Darwin/22.0.0"
::ffff:127.0.0.1 - - [23/Sep/2022:11:53:19 +0000] "GET /api/v1/users/632d95753ce9cba9daf32723 HTTP/1.0" 304 - "-" "Expo/2.25.3.1015682 CFNetwork/1390 Darwin/22.0.0"
::1 - - [23/Sep/2022:11:53:19 +0000] "GET /api/v1/categories HTTP/1.0" 304 - "-" "Expo/2.25.3.1015682 CFNetwork/1390 Darwin/22.0.0"
::1 - - [23/Sep/2022:11:53:19 +0000] "GET /api/v1/goods/user?limit=100 HTTP/1.0" 304 - "-" "Expo/2.25.3.1015682 CFNetwork/1390 Darwin/22.0.0"
::ffff:127.0.0.1 - - [23/Sep/2022:11:53:19 +0000] "GET /api/v1/transactions/basket?limit=100&sort=-createdAt HTTP/1.0" 304 - "-" "Expo/2.25.3.1015682 CFNetwork/1390 Darwin/22.0.0"
::1 - - [23/Sep/2022:11:53:21 +0000] "GET /api/v1/users/632d95753ce9cba9daf32723 HTTP/1.0" 304 - "-" "Expo/2.25.3.1015682 CFNetwork/1390 Darwin/22.0.0"
::ffff:127.0.0.1 - - [23/Sep/2022:11:53:21 +0000] "GET /api/v1/users/632d95753ce9cba9daf32723 HTTP/1.0" 304 - "-" "Expo/2.25.3.1015682 CFNetwork/1390 Darwin/22.0.0"
::ffff:127.0.0.1 - - [23/Sep/2022:11:53:21 +0000] "GET /api/v1/goods/user?limit=100 HTTP/1.0" 304 - "-" "Expo/2.25.3.1015682 CFNetwork/1390 Darwin/22.0.0"
::1 - - [23/Sep/2022:11:53:21 +0000] "GET /api/v1/transactions/basket?limit=100&sort=-createdAt HTTP/1.0" 304 - "-" "Expo/2.25.3.1015682 CFNetwork/1390 Darwin/22.0.0"
::1 - - [23/Sep/2022:11:53:24 +0000] "GET /api/v1/users/632d95753ce9cba9daf32723?select=deadline HTTP/1.0" 304 - "-" "Expo/2.25.3.1015682 CFNetwork/1390 Darwin/22.0.0"
::ffff:127.0.0.1 - - [23/Sep/2022:11:53:24 +0000] "GET /api/v1/users/632d95753ce9cba9daf32723 HTTP/1.0" 304 - "-" "Expo/2.25.3.1015682 CFNetwork/1390 Darwin/22.0.0"
::1 - - [23/Sep/2022:11:53:33 +0000] "GET /api/v1/users/632d95753ce9cba9daf32723 HTTP/1.0" 304 - "-" "Expo/2.25.3.1015682 CFNetwork/1390 Darwin/22.0.0"
::ffff:127.0.0.1 - - [23/Sep/2022:11:53:34 +0000] "GET /api/v1/templates?createUser=632d95753ce9cba9daf32723 HTTP/1.0" 304 - "-" "Expo/2.25.3.1015682 CFNetwork/1390 Darwin/22.0.0"
::1 - - [23/Sep/2022:11:54:09 +0000] "GET /api/v1/users/632d95753ce9cba9daf32723 HTTP/1.0" 304 - "-" "Expo/2.25.3.1015682 CFNetwork/1390 Darwin/22.0.0"
::ffff:127.0.0.1 - - [23/Sep/2022:11:54:43 +0000] "GET /api/v1/users/632d95753ce9cba9daf32723 HTTP/1.0" 304 - "-" "Expo/2.25.3.1015682 CFNetwork/1390 Darwin/22.0.0"
::1 - - [23/Sep/2022:11:54:43 +0000] "GET /api/v1/templates?createUser=632d95753ce9cba9daf32723 HTTP/1.0" 304 - "-" "Expo/2.25.3.1015682 CFNetwork/1390 Darwin/22.0.0"
::1 - - [23/Sep/2022:11:55:05 +0000] "GET /api/v1/users/632d95753ce9cba9daf32723 HTTP/1.0" 304 - "-" "Expo/2.25.3.1015682 CFNetwork/1390 Darwin/22.0.0"
::ffff:127.0.0.1 - - [23/Sep/2022:11:55:05 +0000] "GET /api/v1/templates?createUser=632d95753ce9cba9daf32723 HTTP/1.0" 304 - "-" "Expo/2.25.3.1015682 CFNetwork/1390 Darwin/22.0.0"
::ffff:127.0.0.1 - - [23/Sep/2022:11:55:09 +0000] "GET /api/v1/users/632d95753ce9cba9daf32723?select=deadline HTTP/1.0" 304 - "-" "Expo/2.25.3.1015682 CFNetwork/1390 Darwin/22.0.0"
::1 - - [23/Sep/2022:11:55:09 +0000] "GET /api/v1/templates?createUser=632d95753ce9cba9daf32723 HTTP/1.0" 304 - "-" "Expo/2.25.3.1015682 CFNetwork/1390 Darwin/22.0.0"
::ffff:127.0.0.1 - - [23/Sep/2022:11:55:09 +0000] "GET /api/v1/users/632d95753ce9cba9daf32723 HTTP/1.0" 304 - "-" "Expo/2.25.3.1015682 CFNetwork/1390 Darwin/22.0.0"
::ffff:127.0.0.1 - - [23/Sep/2022:11:55:12 +0000] "GET /api/v1/users/632d95753ce9cba9daf32723 HTTP/1.0" 304 - "-" "Expo/2.25.3.1015682 CFNetwork/1390 Darwin/22.0.0"
::1 - - [23/Sep/2022:11:55:12 +0000] "GET /api/v1/templates?createUser=632d95753ce9cba9daf32723 HTTP/1.0" 304 - "-" "Expo/2.25.3.1015682 CFNetwork/1390 Darwin/22.0.0"
::ffff:127.0.0.1 - - [23/Sep/2022:11:57:02 +0000] "GET /api/v1/users/632d95753ce9cba9daf32723?select=deadline HTTP/1.0" 304 - "-" "Expo/2.25.3.1015682 CFNetwork/1390 Darwin/22.0.0"
::1 - - [23/Sep/2022:11:57:02 +0000] "GET /api/v1/users/632d95753ce9cba9daf32723 HTTP/1.0" 304 - "-" "Expo/2.25.3.1015682 CFNetwork/1390 Darwin/22.0.0"
::1 - - [23/Sep/2022:11:57:02 +0000] "GET /api/v1/templates?createUser=632d95753ce9cba9daf32723 HTTP/1.0" 304 - "-" "Expo/2.25.3.1015682 CFNetwork/1390 Darwin/22.0.0"
::1 - - [23/Sep/2022:11:57:05 +0000] "GET /api/v1/users/632d95753ce9cba9daf32723 HTTP/1.0" 304 - "-" "Expo/2.25.3.1015682 CFNetwork/1390 Darwin/22.0.0"
::ffff:127.0.0.1 - - [23/Sep/2022:11:57:05 +0000] "GET /api/v1/templates?createUser=632d95753ce9cba9daf32723 HTTP/1.0" 304 - "-" "Expo/2.25.3.1015682 CFNetwork/1390 Darwin/22.0.0"
::ffff:127.0.0.1 - - [23/Sep/2022:11:57:15 +0000] "GET /api/v1/users/632d95753ce9cba9daf32723 HTTP/1.0" 304 - "-" "Expo/2.25.3.1015682 CFNetwork/1390 Darwin/22.0.0"
::1 - - [23/Sep/2022:11:57:15 +0000] "GET /api/v1/users/632d95753ce9cba9daf32723 HTTP/1.0" 304 - "-" "Expo/2.25.3.1015682 CFNetwork/1390 Darwin/22.0.0"
::ffff:127.0.0.1 - - [23/Sep/2022:11:57:15 +0000] "GET /api/v1/templates?createUser=632d95753ce9cba9daf32723 HTTP/1.0" 304 - "-" "Expo/2.25.3.1015682 CFNetwork/1390 Darwin/22.0.0"
::1 - - [23/Sep/2022:11:57:24 +0000] "GET /api/v1/users/632d95753ce9cba9daf32723 HTTP/1.0" 304 - "-" "Expo/2.25.3.1015682 CFNetwork/1390 Darwin/22.0.0"
::ffff:127.0.0.1 - - [23/Sep/2022:11:57:27 +0000] "GET /api/v1/users/632d95753ce9cba9daf32723 HTTP/1.0" 304 - "-" "Expo/2.25.3.1015682 CFNetwork/1390 Darwin/22.0.0"
::1 - - [23/Sep/2022:11:58:27 +0000] "GET /api/v1/users/632d95753ce9cba9daf32723 HTTP/1.0" 304 - "-" "Expo/2.25.3.1015682 CFNetwork/1390 Darwin/22.0.0"
::ffff:127.0.0.1 - - [23/Sep/2022:11:58:30 +0000] "GET /api/v1/users/632d95753ce9cba9daf32723 HTTP/1.0" 304 - "-" "Expo/2.25.3.1015682 CFNetwork/1390 Darwin/22.0.0"
::1 - - [23/Sep/2022:11:58:39 +0000] "GET /api/v1/users/632d95753ce9cba9daf32723 HTTP/1.0" 304 - "-" "Expo/2.25.3.1015682 CFNetwork/1390 Darwin/22.0.0"
::ffff:127.0.0.1 - - [23/Sep/2022:11:58:41 +0000] "GET /api/v1/users/632d95753ce9cba9daf32723 HTTP/1.0" 304 - "-" "Expo/2.25.3.1015682 CFNetwork/1390 Darwin/22.0.0"
::1 - - [23/Sep/2022:11:58:43 +0000] "GET /api/v1/users/632d95753ce9cba9daf32723 HTTP/1.0" 304 - "-" "Expo/2.25.3.1015682 CFNetwork/1390 Darwin/22.0.0"
::ffff:127.0.0.1 - - [23/Sep/2022:11:58:45 +0000] "GET /api/v1/users/632d95753ce9cba9daf32723 HTTP/1.0" 304 - "-" "Expo/2.25.3.1015682 CFNetwork/1390 Darwin/22.0.0"
::1 - - [23/Sep/2022:11:58:49 +0000] "GET /api/v1/users/632d95753ce9cba9daf32723 HTTP/1.0" 304 - "-" "Expo/2.25.3.1015682 CFNetwork/1390 Darwin/22.0.0"
::ffff:127.0.0.1 - - [23/Sep/2022:11:59:16 +0000] "GET /api/v1/users/632d95753ce9cba9daf32723 HTTP/1.0" 304 - "-" "Expo/2.25.3.1015682 CFNetwork/1390 Darwin/22.0.0"
::1 - - [23/Sep/2022:11:59:16 +0000] "GET /api/v1/users/632d95753ce9cba9daf32723 HTTP/1.0" 304 - "-" "Expo/2.25.3.1015682 CFNetwork/1390 Darwin/22.0.0"
::ffff:127.0.0.1 - - [23/Sep/2022:12:01:07 +0000] "GET /api/v1/users/632d95753ce9cba9daf32723 HTTP/1.0" 304 - "-" "Expo/2.25.3.1015682 CFNetwork/1390 Darwin/22.0.0"
::ffff:127.0.0.1 - - [23/Sep/2022:12:01:08 +0000] "GET /api/v1/goods/user?limit=100 HTTP/1.0" 304 - "-" "Expo/2.25.3.1015682 CFNetwork/1390 Darwin/22.0.0"
::1 - - [23/Sep/2022:12:01:08 +0000] "GET /api/v1/transactions/basket?limit=100&sort=-createdAt HTTP/1.0" 304 - "-" "Expo/2.25.3.1015682 CFNetwork/1390 Darwin/22.0.0"
::1 - - [23/Sep/2022:12:01:08 +0000] "GET /api/v1/categories HTTP/1.0" 304 - "-" "Expo/2.25.3.1015682 CFNetwork/1390 Darwin/22.0.0"
::ffff:127.0.0.1 - - [23/Sep/2022:12:01:08 +0000] "GET /api/v1/users/632d95753ce9cba9daf32723 HTTP/1.0" 304 - "-" "Expo/2.25.3.1015682 CFNetwork/1390 Darwin/22.0.0"
::1 - - [23/Sep/2022:12:01:08 +0000] "GET /api/v1/users/632d95753ce9cba9daf32723 HTTP/1.0" 304 - "-" "Expo/2.25.3.1015682 CFNetwork/1390 Darwin/22.0.0"
::ffff:127.0.0.1 - - [23/Sep/2022:12:01:08 +0000] "GET /api/v1/goods/user?limit=100 HTTP/1.0" 304 - "-" "Expo/2.25.3.1015682 CFNetwork/1390 Darwin/22.0.0"
::1 - - [23/Sep/2022:12:01:08 +0000] "GET /api/v1/transactions/basket?limit=100&sort=-createdAt HTTP/1.0" 304 - "-" "Expo/2.25.3.1015682 CFNetwork/1390 Darwin/22.0.0"
::1 - - [23/Sep/2022:12:01:09 +0000] "GET /api/v1/users/632d95753ce9cba9daf32723 HTTP/1.0" 304 - "-" "Expo/2.25.3.1015682 CFNetwork/1390 Darwin/22.0.0"
::ffff:127.0.0.1 - - [23/Sep/2022:12:01:09 +0000] "GET /api/v1/bills/user?limit=1000&sort=-createdAt&type=%D0%9E%D1%80%D0%BB%D0%BE%D0%B3%D0%BE HTTP/1.0" 200 110 "-" "Expo/2.25.3.1015682 CFNetwork/1390 Darwin/22.0.0"
::ffff:127.0.0.1 - - [23/Sep/2022:12:01:14 +0000] "GET /api/v1/users/632d95753ce9cba9daf32723 HTTP/1.0" 304 - "-" "Expo/2.25.3.1015682 CFNetwork/1390 Darwin/22.0.0"
::1 - - [23/Sep/2022:12:01:16 +0000] "GET /api/v1/users/632d95753ce9cba9daf32723 HTTP/1.0" 304 - "-" "Expo/2.25.3.1015682 CFNetwork/1390 Darwin/22.0.0"
::ffff:127.0.0.1 - - [23/Sep/2022:12:01:16 +0000] "GET /api/v1/users/632d95753ce9cba9daf32723 HTTP/1.0" 304 - "-" "Expo/2.25.3.1015682 CFNetwork/1390 Darwin/22.0.0"
::ffff:127.0.0.1 - - [23/Sep/2022:12:01:17 +0000] "GET /api/v1/goods/user?limit=100 HTTP/1.0" 304 - "-" "Expo/2.25.3.1015682 CFNetwork/1390 Darwin/22.0.0"
::1 - - [23/Sep/2022:12:01:17 +0000] "GET /api/v1/transactions/basket?limit=100&sort=-createdAt HTTP/1.0" 304 - "-" "Expo/2.25.3.1015682 CFNetwork/1390 Darwin/22.0.0"
::ffff:127.0.0.1 - - [23/Sep/2022:12:01:18 +0000] "GET /api/v1/users/632d95753ce9cba9daf32723 HTTP/1.0" 304 - "-" "Expo/2.25.3.1015682 CFNetwork/1390 Darwin/22.0.0"
::1 - - [23/Sep/2022:12:01:18 +0000] "GET /api/v1/categories HTTP/1.0" 304 - "-" "Expo/2.25.3.1015682 CFNetwork/1390 Darwin/22.0.0"
::1 - - [23/Sep/2022:12:01:18 +0000] "GET /api/v1/goods/user?limit=100 HTTP/1.0" 304 - "-" "Expo/2.25.3.1015682 CFNetwork/1390 Darwin/22.0.0"
::ffff:127.0.0.1 - - [23/Sep/2022:12:01:18 +0000] "GET /api/v1/transactions/basket?limit=100&sort=-createdAt HTTP/1.0" 304 - "-" "Expo/2.25.3.1015682 CFNetwork/1390 Darwin/22.0.0"
::1 - - [23/Sep/2022:12:01:50 +0000] "POST /api/v1/goods HTTP/1.0" 200 367 "-" "Expo/2.25.3.1015682 CFNetwork/1390 Darwin/22.0.0"
::ffff:127.0.0.1 - - [23/Sep/2022:12:01:50 +0000] "POST /api/v1/transactions HTTP/1.0" 200 256 "-" "Expo/2.25.3.1015682 CFNetwork/1390 Darwin/22.0.0"
::1 - - [23/Sep/2022:12:01:50 +0000] "GET /api/v1/users/632d95753ce9cba9daf32723 HTTP/1.0" 304 - "-" "Expo/2.25.3.1015682 CFNetwork/1390 Darwin/22.0.0"
::1 - - [23/Sep/2022:12:01:50 +0000] "GET /api/v1/transactions/basket?limit=100&sort=-createdAt HTTP/1.0" 200 431 "-" "Expo/2.25.3.1015682 CFNetwork/1390 Darwin/22.0.0"
::ffff:127.0.0.1 - - [23/Sep/2022:12:01:50 +0000] "GET /api/v1/goods/user?limit=100 HTTP/1.0" 200 564 "-" "Expo/2.25.3.1015682 CFNetwork/1390 Darwin/22.0.0"
::ffff:127.0.0.1 - - [23/Sep/2022:12:01:51 +0000] "PUT /api/v1/goods/632da02e3ce9cba9daf32942/upload-photo HTTP/1.0" 200 60 "-" "Expo/2.25.3.1015682 CFNetwork/1390 Darwin/22.0.0"
::1 - - [23/Sep/2022:12:01:56 +0000] "POST /api/v1/bills/receipt HTTP/1.0" 200 377 "-" "Expo/2.25.3.1015682 CFNetwork/1390 Darwin/22.0.0"
::1 - - [23/Sep/2022:12:01:56 +0000] "GET /api/v1/users/632d95753ce9cba9daf32723 HTTP/1.0" 200 419 "-" "Expo/2.25.3.1015682 CFNetwork/1390 Darwin/22.0.0"
::1 - - [23/Sep/2022:12:01:56 +0000] "GET /api/v1/users/632d95753ce9cba9daf32723 HTTP/1.0" 200 419 "-" "Expo/2.25.3.1015682 CFNetwork/1390 Darwin/22.0.0"
::ffff:127.0.0.1 - - [23/Sep/2022:12:01:56 +0000] "GET /api/v1/transactions/basket?limit=100&sort=-createdAt HTTP/1.0" 200 122 "-" "Expo/2.25.3.1015682 CFNetwork/1390 Darwin/22.0.0"
::ffff:127.0.0.1 - - [23/Sep/2022:12:01:56 +0000] "GET /api/v1/transactions/basket?limit=100&sort=-createdAt HTTP/1.0" 200 122 "-" "Expo/2.25.3.1015682 CFNetwork/1390 Darwin/22.0.0"
::1 - - [23/Sep/2022:12:02:00 +0000] "GET /api/v1/users/632d95753ce9cba9daf32723 HTTP/1.0" 304 - "-" "Expo/2.25.3.1015682 CFNetwork/1390 Darwin/22.0.0"
::ffff:127.0.0.1 - - [23/Sep/2022:12:02:00 +0000] "GET /api/v1/users/632d95753ce9cba9daf32723 HTTP/1.0" 304 - "-" "Expo/2.25.3.1015682 CFNetwork/1390 Darwin/22.0.0"
::1 - - [23/Sep/2022:12:02:00 +0000] "GET /api/v1/transactions/basket?limit=100&sort=-createdAt HTTP/1.0" 304 - "-" "Expo/2.25.3.1015682 CFNetwork/1390 Darwin/22.0.0"
::ffff:127.0.0.1 - - [23/Sep/2022:12:02:00 +0000] "GET /api/v1/goods/user?limit=100 HTTP/1.0" 200 594 "-" "Expo/2.25.3.1015682 CFNetwork/1390 Darwin/22.0.0"
::ffff:127.0.0.1 - - [23/Sep/2022:12:02:00 +0000] "GET /api/v1/goods/user?limit=100 HTTP/1.0" 200 594 "-" "Expo/2.25.3.1015682 CFNetwork/1390 Darwin/22.0.0"
::1 - - [23/Sep/2022:12:02:00 +0000] "GET /api/v1/users/632d95753ce9cba9daf32723 HTTP/1.0" 304 - "-" "Expo/2.25.3.1015682 CFNetwork/1390 Darwin/22.0.0"
::1 - - [23/Sep/2022:12:02:00 +0000] "GET /api/v1/users/632d95753ce9cba9daf32723 HTTP/1.0" 304 - "-" "Expo/2.25.3.1015682 CFNetwork/1390 Darwin/22.0.0"
::ffff:127.0.0.1 - - [23/Sep/2022:12:02:01 +0000] "GET /api/v1/transactions/basket?limit=100&sort=-createdAt HTTP/1.0" 304 - "-" "Expo/2.25.3.1015682 CFNetwork/1390 Darwin/22.0.0"
::1 - - [23/Sep/2022:12:02:01 +0000] "GET /api/v1/goods/user?limit=100 HTTP/1.0" 304 - "-" "Expo/2.25.3.1015682 CFNetwork/1390 Darwin/22.0.0"
::ffff:127.0.0.1 - - [23/Sep/2022:12:02:01 +0000] "GET /api/v1/goods/user?limit=100 HTTP/1.0" 304 - "-" "Expo/2.25.3.1015682 CFNetwork/1390 Darwin/22.0.0"
::ffff:127.0.0.1 - - [23/Sep/2022:12:02:06 +0000] "POST /api/v1/transactions HTTP/1.0" 200 255 "-" "Expo/2.25.3.1015682 CFNetwork/1390 Darwin/22.0.0"
::ffff:127.0.0.1 - - [23/Sep/2022:12:02:06 +0000] "GET /api/v1/users/632d95753ce9cba9daf32723 HTTP/1.0" 304 - "-" "Expo/2.25.3.1015682 CFNetwork/1390 Darwin/22.0.0"
::1 - - [23/Sep/2022:12:02:06 +0000] "GET /api/v1/users/632d95753ce9cba9daf32723 HTTP/1.0" 304 - "-" "Expo/2.25.3.1015682 CFNetwork/1390 Darwin/22.0.0"
::1 - - [23/Sep/2022:12:02:06 +0000] "GET /api/v1/transactions/basket?limit=100&sort=-createdAt HTTP/1.0" 200 452 "-" "Expo/2.25.3.1015682 CFNetwork/1390 Darwin/22.0.0"
::ffff:127.0.0.1 - - [23/Sep/2022:12:02:06 +0000] "GET /api/v1/transactions/basket?limit=100&sort=-createdAt HTTP/1.0" 200 452 "-" "Expo/2.25.3.1015682 CFNetwork/1390 Darwin/22.0.0"
::1 - - [23/Sep/2022:12:02:09 +0000] "POST /api/v1/bills/drain HTTP/1.0" 200 318 "-" "Expo/2.25.3.1015682 CFNetwork/1390 Darwin/22.0.0"
::1 - - [23/Sep/2022:12:02:09 +0000] "GET /api/v1/users/632d95753ce9cba9daf32723 HTTP/1.0" 200 419 "-" "Expo/2.25.3.1015682 CFNetwork/1390 Darwin/22.0.0"
::ffff:127.0.0.1 - - [23/Sep/2022:12:02:09 +0000] "GET /api/v1/users/632d95753ce9cba9daf32723 HTTP/1.0" 200 419 "-" "Expo/2.25.3.1015682 CFNetwork/1390 Darwin/22.0.0"
::ffff:127.0.0.1 - - [23/Sep/2022:12:02:09 +0000] "GET /api/v1/transactions/basket?limit=100&sort=-createdAt HTTP/1.0" 200 122 "-" "Expo/2.25.3.1015682 CFNetwork/1390 Darwin/22.0.0"
::1 - - [23/Sep/2022:12:02:09 +0000] "GET /api/v1/transactions/basket?limit=100&sort=-createdAt HTTP/1.0" 200 122 "-" "Expo/2.25.3.1015682 CFNetwork/1390 Darwin/22.0.0"
::ffff:127.0.0.1 - - [23/Sep/2022:12:02:12 +0000] "GET /api/v1/users/632d95753ce9cba9daf32723 HTTP/1.0" 304 - "-" "Expo/2.25.3.1015682 CFNetwork/1390 Darwin/22.0.0"
::ffff:127.0.0.1 - - [23/Sep/2022:12:02:12 +0000] "GET /api/v1/users/632d95753ce9cba9daf32723 HTTP/1.0" 304 - "-" "Expo/2.25.3.1015682 CFNetwork/1390 Darwin/22.0.0"
::1 - - [23/Sep/2022:12:02:12 +0000] "GET /api/v1/transactions/basket?limit=100&sort=-createdAt HTTP/1.0" 304 - "-" "Expo/2.25.3.1015682 CFNetwork/1390 Darwin/22.0.0"
::ffff:127.0.0.1 - - [23/Sep/2022:12:02:12 +0000] "GET /api/v1/goods/user?limit=100 HTTP/1.0" 200 594 "-" "Expo/2.25.3.1015682 CFNetwork/1390 Darwin/22.0.0"
::1 - - [23/Sep/2022:12:02:12 +0000] "GET /api/v1/goods/user?limit=100 HTTP/1.0" 200 594 "-" "Expo/2.25.3.1015682 CFNetwork/1390 Darwin/22.0.0"
::1 - - [23/Sep/2022:12:02:12 +0000] "GET /api/v1/users/632d95753ce9cba9daf32723 HTTP/1.0" 304 - "-" "Expo/2.25.3.1015682 CFNetwork/1390 Darwin/22.0.0"
::1 - - [23/Sep/2022:12:02:12 +0000] "GET /api/v1/users/632d95753ce9cba9daf32723 HTTP/1.0" 304 - "-" "Expo/2.25.3.1015682 CFNetwork/1390 Darwin/22.0.0"
::ffff:127.0.0.1 - - [23/Sep/2022:12:02:12 +0000] "GET /api/v1/transactions/basket?limit=100&sort=-createdAt HTTP/1.0" 304 - "-" "Expo/2.25.3.1015682 CFNetwork/1390 Darwin/22.0.0"
::1 - - [23/Sep/2022:12:02:12 +0000] "GET /api/v1/goods/user?limit=100 HTTP/1.0" 304 - "-" "Expo/2.25.3.1015682 CFNetwork/1390 Darwin/22.0.0"
::ffff:127.0.0.1 - - [23/Sep/2022:12:02:12 +0000] "GET /api/v1/goods/user?limit=100 HTTP/1.0" 304 - "-" "Expo/2.25.3.1015682 CFNetwork/1390 Darwin/22.0.0"
::ffff:127.0.0.1 - - [23/Sep/2022:12:02:13 +0000] "GET /api/v1/users/632d95753ce9cba9daf32723 HTTP/1.0" 304 - "-" "Expo/2.25.3.1015682 CFNetwork/1390 Darwin/22.0.0"
::ffff:127.0.0.1 - - [23/Sep/2022:12:02:13 +0000] "GET /api/v1/users/632d95753ce9cba9daf32723 HTTP/1.0" 304 - "-" "Expo/2.25.3.1015682 CFNetwork/1390 Darwin/22.0.0"
::1 - - [23/Sep/2022:12:02:13 +0000] "GET /api/v1/transactions/basket?limit=100&sort=-createdAt HTTP/1.0" 304 - "-" "Expo/2.25.3.1015682 CFNetwork/1390 Darwin/22.0.0"
::ffff:127.0.0.1 - - [23/Sep/2022:12:02:13 +0000] "GET /api/v1/goods/user?limit=100 HTTP/1.0" 304 - "-" "Expo/2.25.3.1015682 CFNetwork/1390 Darwin/22.0.0"
::1 - - [23/Sep/2022:12:02:13 +0000] "GET /api/v1/goods/user?limit=100 HTTP/1.0" 304 - "-" "Expo/2.25.3.1015682 CFNetwork/1390 Darwin/22.0.0"
::ffff:127.0.0.1 - - [23/Sep/2022:12:02:14 +0000] "GET /api/v1/users/632d95753ce9cba9daf32723 HTTP/1.0" 304 - "-" "Expo/2.25.3.1015682 CFNetwork/1390 Darwin/22.0.0"
::1 - - [23/Sep/2022:12:02:14 +0000] "GET /api/v1/users/632d95753ce9cba9daf32723 HTTP/1.0" 304 - "-" "Expo/2.25.3.1015682 CFNetwork/1390 Darwin/22.0.0"
::1 - - [23/Sep/2022:12:02:14 +0000] "GET /api/v1/goods/user?limit=100 HTTP/1.0" 304 - "-" "Expo/2.25.3.1015682 CFNetwork/1390 Darwin/22.0.0"
::1 - - [23/Sep/2022:12:02:15 +0000] "GET /api/v1/users/632d95753ce9cba9daf32723 HTTP/1.0" 304 - "-" "Expo/2.25.3.1015682 CFNetwork/1390 Darwin/22.0.0"
::ffff:127.0.0.1 - - [23/Sep/2022:12:02:15 +0000] "GET /api/v1/bills/user?limit=1000&sort=-createdAt&type=%D0%9E%D1%80%D0%BB%D0%BE%D0%B3%D0%BE HTTP/1.0" 200 463 "-" "Expo/2.25.3.1015682 CFNetwork/1390 Darwin/22.0.0"
::ffff:127.0.0.1 - - [23/Sep/2022:12:02:17 +0000] "GET /api/v1/users/632d95753ce9cba9daf32723 HTTP/1.0" 304 - "-" "Expo/2.25.3.1015682 CFNetwork/1390 Darwin/22.0.0"
::ffff:127.0.0.1 - - [23/Sep/2022:12:02:18 +0000] "GET /api/v1/users/632d95753ce9cba9daf32723 HTTP/1.0" 304 - "-" "Expo/2.25.3.1015682 CFNetwork/1390 Darwin/22.0.0"
::1 - - [23/Sep/2022:12:02:19 +0000] "GET /api/v1/transactions/profit HTTP/1.0" 200 764 "-" "Expo/2.25.3.1015682 CFNetwork/1390 Darwin/22.0.0"
::1 - - [23/Sep/2022:12:02:20 +0000] "GET /api/v1/users/632d95753ce9cba9daf32723 HTTP/1.0" 304 - "-" "Expo/2.25.3.1015682 CFNetwork/1390 Darwin/22.0.0"
::1 - - [23/Sep/2022:12:02:20 +0000] "GET /api/v1/users/632d95753ce9cba9daf32723 HTTP/1.0" 304 - "-" "Expo/2.25.3.1015682 CFNetwork/1390 Darwin/22.0.0"
::ffff:127.0.0.1 - - [23/Sep/2022:12:02:21 +0000] "GET /api/v1/transactions/profit HTTP/1.0" 304 - "-" "Expo/2.25.3.1015682 CFNetwork/1390 Darwin/22.0.0"
::ffff:127.0.0.1 - - [23/Sep/2022:12:02:22 +0000] "GET /api/v1/users/632d95753ce9cba9daf32723 HTTP/1.0" 304 - "-" "Expo/2.25.3.1015682 CFNetwork/1390 Darwin/22.0.0"
::ffff:127.0.0.1 - - [23/Sep/2022:12:02:22 +0000] "GET /api/v1/users/632d95753ce9cba9daf32723 HTTP/1.0" 304 - "-" "Expo/2.25.3.1015682 CFNetwork/1390 Darwin/22.0.0"
::1 - - [23/Sep/2022:12:02:22 +0000] "GET /api/v1/bills/user?limit=1000&sort=-createdAt&type=%D0%9E%D1%80%D0%BB%D0%BE%D0%B3%D0%BE HTTP/1.0" 304 - "-" "Expo/2.25.3.1015682 CFNetwork/1390 Darwin/22.0.0"
::ffff:127.0.0.1 - - [23/Sep/2022:12:02:23 +0000] "GET /api/v1/bills/user?limit=1000&sort=-createdAt&type=%D0%9E%D1%80%D0%BB%D0%BE%D0%B3%D0%BE HTTP/1.0" 304 - "-" "Expo/2.25.3.1015682 CFNetwork/1390 Darwin/22.0.0"
::1 - - [23/Sep/2022:12:02:23 +0000] "GET /api/v1/transactions/user?bill=632da0333ce9cba9daf3294f HTTP/1.0" 200 573 "-" "Expo/2.25.3.1015682 CFNetwork/1390 Darwin/22.0.0"
::ffff:127.0.0.1 - - [23/Sep/2022:12:02:28 +0000] "GET /api/v1/bills/user?limit=1000&sort=-createdAt&type=%D0%9E%D1%80%D0%BB%D0%BE%D0%B3%D0%BE HTTP/1.0" 304 - "-" "Expo/2.25.3.1015682 CFNetwork/1390 Darwin/22.0.0"
::1 - - [23/Sep/2022:12:02:29 +0000] "GET /api/v1/users/632d95753ce9cba9daf32723 HTTP/1.0" 304 - "-" "Expo/2.25.3.1015682 CFNetwork/1390 Darwin/22.0.0"
::1 - - [23/Sep/2022:12:02:29 +0000] "GET /api/v1/users/632d95753ce9cba9daf32723 HTTP/1.0" 304 - "-" "Expo/2.25.3.1015682 CFNetwork/1390 Darwin/22.0.0"
::ffff:127.0.0.1 - - [23/Sep/2022:12:02:29 +0000] "GET /api/v1/bills/user?limit=1000&sort=-createdAt&type=%D0%9E%D1%80%D0%BB%D0%BE%D0%B3%D0%BE HTTP/1.0" 304 - "-" "Expo/2.25.3.1015682 CFNetwork/1390 Darwin/22.0.0"
::ffff:127.0.0.1 - - [23/Sep/2022:12:02:33 +0000] "GET /api/v1/users/632d95753ce9cba9daf32723 HTTP/1.0" 304 - "-" "Expo/2.25.3.1015682 CFNetwork/1390 Darwin/22.0.0"
::ffff:127.0.0.1 - - [23/Sep/2022:12:02:34 +0000] "GET /api/v1/users/632d95753ce9cba9daf32723 HTTP/1.0" 304 - "-" "Expo/2.25.3.1015682 CFNetwork/1390 Darwin/22.0.0"
::1 - - [23/Sep/2022:12:02:34 +0000] "GET /api/v1/bills/user?limit=1000&sort=-createdAt&type=%D0%97%D0%B0%D1%80%D0%BB%D0%B0%D0%B3%D0%B0 HTTP/1.0" 200 404 "-" "Expo/2.25.3.1015682 CFNetwork/1390 Darwin/22.0.0"
::1 - - [23/Sep/2022:12:02:35 +0000] "GET /api/v1/users/632d95753ce9cba9daf32723 HTTP/1.0" 304 - "-" "Expo/2.25.3.1015682 CFNetwork/1390 Darwin/22.0.0"
::1 - - [23/Sep/2022:12:02:35 +0000] "GET /api/v1/users/632d95753ce9cba9daf32723 HTTP/1.0" 304 - "-" "Expo/2.25.3.1015682 CFNetwork/1390 Darwin/22.0.0"
::ffff:127.0.0.1 - - [23/Sep/2022:12:02:36 +0000] "GET /api/v1/goods/user HTTP/1.0" 200 605 "-" "Expo/2.25.3.1015682 CFNetwork/1390 Darwin/22.0.0"
::ffff:127.0.0.1 - - [23/Sep/2022:12:02:38 +0000] "GET /api/v1/users/632d95753ce9cba9daf32723 HTTP/1.0" 304 - "-" "Expo/2.25.3.1015682 CFNetwork/1390 Darwin/22.0.0"
::ffff:127.0.0.1 - - [23/Sep/2022:12:02:39 +0000] "GET /api/v1/users/632d95753ce9cba9daf32723 HTTP/1.0" 304 - "-" "Expo/2.25.3.1015682 CFNetwork/1390 Darwin/22.0.0"
::1 - - [23/Sep/2022:12:02:39 +0000] "GET /api/v1/transactions/profit HTTP/1.0" 304 - "-" "Expo/2.25.3.1015682 CFNetwork/1390 Darwin/22.0.0"
::1 - - [23/Sep/2022:12:02:40 +0000] "GET /api/v1/users/632d95753ce9cba9daf32723 HTTP/1.0" 304 - "-" "Expo/2.25.3.1015682 CFNetwork/1390 Darwin/22.0.0"
::1 - - [23/Sep/2022:12:02:42 +0000] "GET /api/v1/users/632d95753ce9cba9daf32723 HTTP/1.0" 304 - "-" "Expo/2.25.3.1015682 CFNetwork/1390 Darwin/22.0.0"
::ffff:127.0.0.1 - - [23/Sep/2022:12:02:42 +0000] "GET /api/v1/goods/user HTTP/1.0" 304 - "-" "Expo/2.25.3.1015682 CFNetwork/1390 Darwin/22.0.0"
::ffff:127.0.0.1 - - [23/Sep/2022:12:02:46 +0000] "GET /api/v1/users/632d95753ce9cba9daf32723 HTTP/1.0" 304 - "-" "Expo/2.25.3.1015682 CFNetwork/1390 Darwin/22.0.0"
::ffff:127.0.0.1 - - [23/Sep/2022:12:02:46 +0000] "GET /api/v1/users/632d95753ce9cba9daf32723 HTTP/1.0" 304 - "-" "Expo/2.25.3.1015682 CFNetwork/1390 Darwin/22.0.0"
::1 - - [23/Sep/2022:12:02:46 +0000] "GET /api/v1/goods/user HTTP/1.0" 304 - "-" "Expo/2.25.3.1015682 CFNetwork/1390 Darwin/22.0.0"
::1 - - [23/Sep/2022:12:03:27 +0000] "GET /api/v1/users/632d95753ce9cba9daf32723 HTTP/1.0" 304 - "-" "Expo/2.25.3.1015682 CFNetwork/1390 Darwin/22.0.0"
::ffff:127.0.0.1 - - [23/Sep/2022:12:03:36 +0000] "GET /api/v1/users/632d95753ce9cba9daf32723 HTTP/1.0" 304 - "-" "Expo/2.25.3.1015682 CFNetwork/1390 Darwin/22.0.0"
::1 - - [23/Sep/2022:12:03:37 +0000] "GET /api/v1/goods/user HTTP/1.0" 304 - "-" "Expo/2.25.3.1015682 CFNetwork/1390 Darwin/22.0.0"
::ffff:127.0.0.1 - - [23/Sep/2022:12:03:37 +0000] "GET /api/v1/users/632d95753ce9cba9daf32723 HTTP/1.0" 304 - "-" "Expo/2.25.3.1015682 CFNetwork/1390 Darwin/22.0.0"
::1 - - [23/Sep/2022:12:04:42 +0000] "GET /api/v1/users/632d95753ce9cba9daf32723 HTTP/1.0" 304 - "-" "Expo/2.25.3.1015682 CFNetwork/1390 Darwin/22.0.0"
::ffff:127.0.0.1 - - [23/Sep/2022:12:09:06 +0000] "GET /api/v1/users/632d95753ce9cba9daf32723 HTTP/1.0" 304 - "-" "Expo/2.25.3.1015682 CFNetwork/1390 Darwin/22.0.0"
::1 - - [23/Sep/2022:12:09:06 +0000] "GET /api/v1/users/632d95753ce9cba9daf32723 HTTP/1.0" 304 - "-" "Expo/2.25.3.1015682 CFNetwork/1390 Darwin/22.0.0"
::ffff:127.0.0.1 - - [23/Sep/2022:12:12:39 +0000] "POST /api/v1/transactions/profit HTTP/1.0" 200 764 "-" "Expo/2.25.3.1015682 CFNetwork/1390 Darwin/22.0.0"
::1 - - [23/Sep/2022:12:12:46 +0000] "POST /api/v1/transactions/profit HTTP/1.0" 200 764 "-" "Expo/2.25.3.1015682 CFNetwork/1390 Darwin/22.0.0"
::ffff:127.0.0.1 - - [23/Sep/2022:12:14:16 +0000] "GET /api/v1/users/632d95753ce9cba9daf32723 HTTP/1.0" 304 - "-" "Expo/2.25.3.1015682 CFNetwork/1390 Darwin/22.0.0"
::ffff:127.0.0.1 - - [23/Sep/2022:12:14:16 +0000] "GET /api/v1/users/632d95753ce9cba9daf32723 HTTP/1.0" 304 - "-" "Expo/2.25.3.1015682 CFNetwork/1390 Darwin/22.0.0"
::1 - - [23/Sep/2022:12:14:17 +0000] "GET /api/v1/transactions/profit HTTP/1.0" 304 - "-" "Expo/2.25.3.1015682 CFNetwork/1390 Darwin/22.0.0"
::1 - - [23/Sep/2022:12:14:26 +0000] "GET /api/v1/users/632d95753ce9cba9daf32723 HTTP/1.0" 304 - "-" "Expo/2.25.3.1015682 CFNetwork/1390 Darwin/22.0.0"
::1 - - [23/Sep/2022:12:14:57 +0000] "GET /api/v1/users/632d95753ce9cba9daf32723 HTTP/1.0" 304 - "-" "Expo/2.25.3.1015682 CFNetwork/1390 Darwin/22.0.0"
::ffff:127.0.0.1 - - [23/Sep/2022:12:14:57 +0000] "GET /api/v1/categories HTTP/1.0" 304 - "-" "Expo/2.25.3.1015682 CFNetwork/1390 Darwin/22.0.0"
::ffff:127.0.0.1 - - [23/Sep/2022:12:14:57 +0000] "GET /api/v1/transactions/basket?limit=100&sort=-createdAt HTTP/1.0" 304 - "-" "Expo/2.25.3.1015682 CFNetwork/1390 Darwin/22.0.0"
::1 - - [23/Sep/2022:12:14:57 +0000] "GET /api/v1/goods/user?limit=100 HTTP/1.0" 304 - "-" "Expo/2.25.3.1015682 CFNetwork/1390 Darwin/22.0.0"
::ffff:127.0.0.1 - - [23/Sep/2022:12:15:04 +0000] "GET /api/v1/users/632d95753ce9cba9daf32723 HTTP/1.0" 304 - "-" "Expo/2.25.3.1015682 CFNetwork/1390 Darwin/22.0.0"
::1 - - [23/Sep/2022:12:15:04 +0000] "GET /api/v1/users/632d95753ce9cba9daf32723 HTTP/1.0" 304 - "-" "Expo/2.25.3.1015682 CFNetwork/1390 Darwin/22.0.0"
::ffff:127.0.0.1 - - [23/Sep/2022:12:15:04 +0000] "GET /api/v1/transactions/basket?limit=100&sort=-createdAt HTTP/1.0" 304 - "-" "Expo/2.25.3.1015682 CFNetwork/1390 Darwin/22.0.0"
