::ffff:127.0.0.1 - - [23/Aug/2022:00:25:55 +0000] "POST /vendor/phpunit/phpunit/src/Util/PHP/eval-stdin.php HTTP/1.0" 404 190 "-" "Mozilla/5.0 (Windows NT 10.0; Win64; x64) AppleWebKit/537.36 (KHTML, like Gecko) Chrome/78.0.3904.108 Safari/537.36"
::1 - - [23/Aug/2022:00:37:18 +0000] "GET / HTTP/1.0" 404 139 "-" "-"
::ffff:127.0.0.1 - - [23/Aug/2022:00:37:22 +0000] "GET /favicon.ico HTTP/1.0" 404 150 "-" "Mozilla/5.0 (X11; Linux x86_64) AppleWebKit/537.36 (KHTML, like Gecko) Chrome/86.0.4 240.111 Safari/537.36"
::1 - - [23/Aug/2022:00:37:23 +0000] "GET /robots.txt HTTP/1.0" 404 149 "-" "Mozilla/5.0 (X11; Linux x86_64) AppleWebKit/537.36 (KHTML, like Gecko) Chrome/86.0.4 240.111 Safari/537.36"
::ffff:127.0.0.1 - - [23/Aug/2022:00:37:24 +0000] "GET /.well-known/security.txt HTTP/1.0" 404 163 "-" "Mozilla/5.0 (X11; Linux x86_64) AppleWebKit/537.36 (KHTML, like Gecko) Chrome/86.0.4 240.111 Safari/537.36"
::1 - - [23/Aug/2022:00:47:11 +0000] "POST / HTTP/1.0" 404 140 "-" "Mozilla/5.0 (X11; Linux x86_64) AppleWebKit/537.36 (KHTML, like Gecko) Chrome/81.0.4044.129 Safari/537.36"
::ffff:127.0.0.1 - - [23/Aug/2022:00:47:12 +0000] "GET /.env HTTP/1.0" 404 143 "-" "Mozilla/5.0 (X11; Linux x86_64) AppleWebKit/537.36 (KHTML, like Gecko) Chrome/81.0.4044.129 Safari/537.36"
::1 - - [23/Aug/2022:00:53:09 +0000] "GET / HTTP/1.0" 404 139 "-" "-"
::ffff:127.0.0.1 - - [23/Aug/2022:01:08:30 +0000] "GET /vendor/phpunit/phpunit/src/Util/PHP/eval-stdin.php HTTP/1.0" 404 189 "-" "Mozilla/5.0 (Windows NT 10.0; Win64; x64) AppleWebKit/537.36 (KHTML, like Gecko) Chrome/78.0.3904.108 Safari/537.36"
::1 - - [23/Aug/2022:01:15:52 +0000] "GET / HTTP/1.0" 404 139 "-" "Mozilla/5.0 (Macintosh; Intel Mac OS X 10_15_7) AppleWebKit/537.36 (KHTML, like Gecko) Chrome/102.0.0.0 Safari/537.36"
::ffff:127.0.0.1 - - [23/Aug/2022:01:30:43 +0000] "POST /GponForm/diag_Form?images/ HTTP/1.0" 404 158 "-" "Hello, World"
::1 - - [23/Aug/2022:01:41:11 +0000] "GET /solr/admin/info/system?wt=json HTTP/1.0" 404 161 "-" "Mozilla/5.0 (Windows NT 10.0; Win64; x64) AppleWebKit/537.36 (KHTML, like Gecko) Chrome/78.0.3904.108 Safari/537.36"
::ffff:127.0.0.1 - - [23/Aug/2022:01:44:23 +0000] "GET / HTTP/1.0" 404 139 "-" "Hello World"
::1 - - [23/Aug/2022:01:55:02 +0000] "GET / HTTP/1.0" 404 139 "-" "Mozilla/5.0 (X11; Ubuntu; Linux x86_64; rv:76.0) Gecko/20100101 Firefox/76.0"
::ffff:127.0.0.1 - - [23/Aug/2022:02:05:39 +0000] "GET / HTTP/1.0" 404 139 "-" "Mozilla/5.0 (Windows NT 10.0; WOW64) AppleWebKit/537.36 (KHTML, like Gecko) Chrome/52.0.2743.116 Safari/537.36"
::1 - - [23/Aug/2022:02:06:24 +0000] "GET /.env HTTP/1.0" 404 143 "-" "Mozilla/5.0 (X11; Linux x86_64) AppleWebKit/537.36 (KHTML, like Gecko) Chrome/81.0.4044.129 Safari/537.36"
::ffff:127.0.0.1 - - [23/Aug/2022:02:06:25 +0000] "POST / HTTP/1.0" 404 140 "-" "Mozilla/5.0 (X11; Linux x86_64) AppleWebKit/537.36 (KHTML, like Gecko) Chrome/81.0.4044.129 Safari/537.36"
::1 - - [23/Aug/2022:02:13:14 +0000] "GET / HTTP/1.0" 404 139 "-" "Mozilla/5.0 (Windows NT 6.1; WOW64) AppleWebKit/537.36 (KHTML, like Gecko) Chrome/52.0.2743.116 Safari/537.36"
::ffff:127.0.0.1 - - [23/Aug/2022:02:26:10 +0000] "GET /index.php?s=/Index/\think\app/invokefunction&function=call_user_func_array&vars[0]=md5&vars[1][]=HelloThinkPHP21 HTTP/1.0" 404 148 "-" "Mozilla/5.0 (Windows NT 10.0; Win64; x64) AppleWebKit/537.36 (KHTML, like Gecko) Chrome/78.0.3904.108 Safari/537.36"
::1 - - [23/Aug/2022:03:04:19 +0000] "GET / HTTP/1.0" 404 139 "-" "Linux Gnu (cow)"
::ffff:127.0.0.1 - - [23/Aug/2022:03:12:25 +0000] "GET /?a=fetch&content=<php>die(@md5(HelloThinkCMF))</php> HTTP/1.0" 404 139 "-" "Mozilla/5.0 (Windows NT 10.0; Win64; x64) AppleWebKit/537.36 (KHTML, like Gecko) Chrome/78.0.3904.108 Safari/537.36"
::1 - - [23/Aug/2022:03:15:52 +0000] "GET /.env HTTP/1.0" 404 143 "-" "python-requests/2.28.1"
::ffff:127.0.0.1 - - [23/Aug/2022:03:15:53 +0000] "GET /?%3Cplay%3Ewithme%3C/%3E HTTP/1.0" 404 139 "-" "python-requests/2.28.1"
::1 - - [23/Aug/2022:03:15:55 +0000] "POST / HTTP/1.0" 404 140 "-" "python-requests/2.28.1"
::ffff:127.0.0.1 - - [23/Aug/2022:03:15:56 +0000] "POST / HTTP/1.0" 404 140 "-" "python-requests/2.28.1"
::1 - - [23/Aug/2022:03:28:11 +0000] "GET / HTTP/1.0" 404 139 "-" "Mozilla/5.0 (Windows NT 10.0; WOW64) AppleWebKit/537.36 (KHTML, like Gecko) Chrome/52.0.2743.116 Safari/537.36"
::ffff:127.0.0.1 - - [23/Aug/2022:03:30:49 +0000] "GET /.env HTTP/1.0" 404 143 "-" "python-requests/2.28.1"
::1 - - [23/Aug/2022:03:30:51 +0000] "GET /?%3Cplay%3Ewithme%3C/%3E HTTP/1.0" 404 139 "-" "python-requests/2.28.1"
::ffff:127.0.0.1 - - [23/Aug/2022:03:30:52 +0000] "POST / HTTP/1.0" 404 140 "-" "python-requests/2.28.1"
::1 - - [23/Aug/2022:03:30:53 +0000] "POST / HTTP/1.0" 404 140 "-" "python-requests/2.28.1"
::ffff:127.0.0.1 - - [23/Aug/2022:03:35:07 +0000] "GET / HTTP/1.0" 404 139 "-" "Mozilla/5.0 zgrab/0.x"
::1 - - [23/Aug/2022:03:39:09 +0000] "POST / HTTP/1.0" 404 140 "-" "Mozilla/5.0 (X11; Linux x86_64) AppleWebKit/537.36 (KHTML, like Gecko) Chrome/81.0.4044.129 Safari/537.36"
::ffff:127.0.0.1 - - [23/Aug/2022:03:39:09 +0000] "GET /.env HTTP/1.0" 404 143 "-" "Mozilla/5.0 (X11; Linux x86_64) AppleWebKit/537.36 (KHTML, like Gecko) Chrome/81.0.4044.129 Safari/537.36"
::1 - - [23/Aug/2022:04:03:31 +0000] "GET /?XDEBUG_SESSION_START=phpstorm HTTP/1.0" 404 139 "-" "Mozilla/5.0 (Windows NT 10.0; Win64; x64) AppleWebKit/537.36 (KHTML, like Gecko) Chrome/78.0.3904.108 Safari/537.36"
::ffff:127.0.0.1 - - [23/Aug/2022:04:34:08 +0000] "GET /console/ HTTP/1.0" 404 147 "-" "Mozilla/5.0 (Windows NT 10.0; Win64; x64) AppleWebKit/537.36 (KHTML, like Gecko) Chrome/78.0.3904.108 Safari/537.36"
::1 - - [23/Aug/2022:04:45:56 +0000] "GET / HTTP/1.0" 404 139 "-" "python-requests/2.28.1"
::ffff:127.0.0.1 - - [23/Aug/2022:05:07:44 +0000] "GET /.env HTTP/1.0" 404 143 "-" "Mozilla/5.0 (X11; Linux x86_64) AppleWebKit/537.36 (KHTML, like Gecko) Chrome/81.0.4044.129 Safari/537.36"
::1 - - [23/Aug/2022:05:07:56 +0000] "POST / HTTP/1.0" 404 140 "-" "Mozilla/5.0 (X11; Linux x86_64) AppleWebKit/537.36 (KHTML, like Gecko) Chrome/81.0.4044.129 Safari/537.36"
::ffff:127.0.0.1 - - [23/Aug/2022:05:12:13 +0000] "GET / HTTP/1.0" 404 139 "-" "-"
::1 - - [23/Aug/2022:05:21:35 +0000] "GET / HTTP/1.0" 404 139 "-" "-"
::ffff:127.0.0.1 - - [23/Aug/2022:05:21:36 +0000] "GET / HTTP/1.0" 404 139 "-" "Mozilla/5.0 (compatible; CensysInspect/1.1; +https://about.censys.io/)"
::1 - - [23/Aug/2022:05:38:20 +0000] "GET / HTTP/1.0" 404 139 "-" "curl/7.29.0"
::ffff:127.0.0.1 - - [23/Aug/2022:05:40:36 +0000] "POST / HTTP/1.0" 404 140 "-" "Mozilla/5.0 (X11; Linux x86_64) AppleWebKit/537.36 (KHTML, like Gecko) Chrome/81.0.4044.129 Safari/537.36"
::1 - - [23/Aug/2022:05:40:36 +0000] "GET /.env HTTP/1.0" 404 143 "-" "Mozilla/5.0 (X11; Linux x86_64) AppleWebKit/537.36 (KHTML, like Gecko) Chrome/81.0.4044.129 Safari/537.36"
::ffff:127.0.0.1 - - [23/Aug/2022:05:46:11 +0000] "POST /Autodiscover/Autodiscover.xml HTTP/1.0" 404 169 "-" "Mozilla/5.0 (Windows NT 10.0; Win64; x64) AppleWebKit/537.36 (KHTML, like Gecko) Chrome/78.0.3904.108 Safari/537.36"
::1 - - [23/Aug/2022:06:19:02 +0000] "HEAD / HTTP/1.0" 404 140 "-" "curl/7.81.0"
::ffff:127.0.0.1 - - [23/Aug/2022:06:19:03 +0000] "HEAD / HTTP/1.0" 404 140 "-" "curl/7.81.0"
::1 - - [23/Aug/2022:06:19:03 +0000] "GET / HTTP/1.0" 404 139 "-" "curl/7.81.0"
::ffff:127.0.0.1 - - [23/Aug/2022:06:19:04 +0000] "GET /favicon.ico HTTP/1.0" 404 150 "-" "curl/7.81.0"
::1 - - [23/Aug/2022:06:45:47 +0000] "GET /_ignition/execute-solution HTTP/1.0" 404 165 "-" "Mozilla/5.0 (Windows NT 10.0; Win64; x64) AppleWebKit/537.36 (KHTML, like Gecko) Chrome/78.0.3904.108 Safari/537.36"
::ffff:127.0.0.1 - - [23/Aug/2022:06:57:26 +0000] "GET / HTTP/1.0" 404 139 "-" "libwww-perl/6.67"
::1 - - [23/Aug/2022:07:37:24 +0000] "GET / HTTP/1.0" 404 139 "-" "Mozilla/5.0 (Windows NT 10.0; Win64; x64) AppleWebKit/537.36 (KHTML, like Gecko) Chrome/78.0.3904.108 Safari/537.36"
::ffff:127.0.0.1 - - [23/Aug/2022:07:39:39 +0000] "POST / HTTP/1.0" 404 140 "-" "Mozilla/5.0 (X11; Linux x86_64) AppleWebKit/537.36 (KHTML, like Gecko) Chrome/81.0.4044.129 Safari/537.36"
::1 - - [23/Aug/2022:07:39:39 +0000] "GET /.env HTTP/1.0" 404 143 "-" "Mozilla/5.0 (X11; Linux x86_64) AppleWebKit/537.36 (KHTML, like Gecko) Chrome/81.0.4044.129 Safari/537.36"
::ffff:127.0.0.1 - - [23/Aug/2022:08:06:42 +0000] "GET /.env HTTP/1.0" 404 143 "-" "Mozilla/5.0 (X11; Linux x86_64) AppleWebKit/537.36 (KHTML, like Gecko) Chrome/81.0.4044.129 Safari/537.36"
::1 - - [23/Aug/2022:08:06:43 +0000] "POST / HTTP/1.0" 404 140 "-" "Mozilla/5.0 (X11; Linux x86_64) AppleWebKit/537.36 (KHTML, like Gecko) Chrome/81.0.4044.129 Safari/537.36"
::ffff:127.0.0.1 - - [23/Aug/2022:09:30:15 +0000] "GET / HTTP/1.0" 404 139 "-" "Nokia7250/1.0 (3.14) Profile/MIDP-1.0 Configuration/CLDC-1.0"
::1 - - [23/Aug/2022:09:30:16 +0000] "GET /favicon.ico HTTP/1.0" 404 150 "-" "Nokia7250/1.0 (3.14) Profile/MIDP-1.0 Configuration/CLDC-1.0"
::ffff:127.0.0.1 - - [23/Aug/2022:09:30:17 +0000] "GET /robots.txt HTTP/1.0" 404 149 "-" "Nokia7250/1.0 (3.14) Profile/MIDP-1.0 Configuration/CLDC-1.0"
::1 - - [23/Aug/2022:09:30:18 +0000] "GET /sitemap.xml HTTP/1.0" 404 150 "-" "Nokia7250/1.0 (3.14) Profile/MIDP-1.0 Configuration/CLDC-1.0"
::ffff:127.0.0.1 - - [23/Aug/2022:09:36:40 +0000] "POST / HTTP/1.0" 404 140 "-" "Mozilla/5.0 (X11; Linux x86_64) AppleWebKit/537.36 (KHTML, like Gecko) Chrome/81.0.4044.129 Safari/537.36"
::1 - - [23/Aug/2022:09:36:40 +0000] "GET /.env HTTP/1.0" 404 143 "-" "Mozilla/5.0 (X11; Linux x86_64) AppleWebKit/537.36 (KHTML, like Gecko) Chrome/81.0.4044.129 Safari/537.36"
::ffff:127.0.0.1 - - [23/Aug/2022:09:40:29 +0000] "GET /Telerik.Web.UI.WebResource.axd?type=rau HTTP/1.0" 404 169 "-" "Mozilla/5.0 (Windows NT 10.0; Win64; x64) AppleWebKit/537.36 (KHTML, like Gecko) Chrome/60.0.3112.113 Safari/537.36"
::1 - - [23/Aug/2022:09:41:48 +0000] "GET / HTTP/1.0" 404 139 "-" "Mozilla/5.0 (Macintosh; Intel Mac OS X 10_15_7) AppleWebKit/537.36 (KHTML, like Gecko) Chrome/102.0.0.0 Safari/537.36"
::ffff:127.0.0.1 - - [23/Aug/2022:09:43:48 +0000] "GET /hudson HTTP/1.0" 404 145 "-" "Mozilla/5.0 zgrab/0.x"
::1 - - [23/Aug/2022:10:13:12 +0000] "GET / HTTP/1.0" 404 139 "-" "Linux Gnu (cow)"
::ffff:127.0.0.1 - - [23/Aug/2022:10:35:02 +0000] "GET / HTTP/1.0" 404 139 "-" "Mozilla/5.0 zgrab/0.x"
::1 - - [23/Aug/2022:10:37:47 +0000] "GET / HTTP/1.0" 404 139 "-" "Mozilla/5.0 (Windows NT 10.0; Win64; x64; rv:79.0) Gecko/20100101 Firefox/79.0"
::ffff:127.0.0.1 - - [23/Aug/2022:11:05:36 +0000] "GET /.env HTTP/1.0" 404 143 "-" "Mozilla/5.0 (X11; Linux x86_64) AppleWebKit/537.36 (KHTML, like Gecko) Chrome/81.0.4044.129 Safari/537.36"
::1 - - [23/Aug/2022:11:05:36 +0000] "POST / HTTP/1.0" 404 140 "-" "Mozilla/5.0 (X11; Linux x86_64) AppleWebKit/537.36 (KHTML, like Gecko) Chrome/81.0.4044.129 Safari/537.36"
::ffff:127.0.0.1 - - [23/Aug/2022:11:26:53 +0000] "GET / HTTP/1.0" 404 139 "-" "Linux Gnu (cow)"
::1 - - [23/Aug/2022:11:33:35 +0000] "POST / HTTP/1.0" 404 140 "-" "Mozilla/5.0 (X11; Linux x86_64) AppleWebKit/537.36 (KHTML, like Gecko) Chrome/81.0.4044.129 Safari/537.36"
::ffff:127.0.0.1 - - [23/Aug/2022:11:33:36 +0000] "GET /.env HTTP/1.0" 404 143 "-" "Mozilla/5.0 (X11; Linux x86_64) AppleWebKit/537.36 (KHTML, like Gecko) Chrome/81.0.4044.129 Safari/537.36"
::1 - - [23/Aug/2022:11:47:30 +0000] "GET /actuator/health HTTP/1.0" 404 154 "-" "Mozilla/5.0 zgrab/0.x"
::ffff:127.0.0.1 - - [23/Aug/2022:12:15:29 +0000] "GET / HTTP/1.0" 404 139 "-" "<title>(.*?)<\/title>"
::1 - - [23/Aug/2022:12:44:46 +0000] "GET /.git/config HTTP/1.0" 404 150 "-" "python-requests/2.28.1"
::ffff:127.0.0.1 - - [23/Aug/2022:13:00:53 +0000] "GET / HTTP/1.0" 404 139 "-" "-"
::1 - - [23/Aug/2022:13:18:22 +0000] "GET / HTTP/1.0" 404 139 "-" "-"
::ffff:127.0.0.1 - - [23/Aug/2022:13:29:18 +0000] "POST / HTTP/1.0" 404 140 "-" "Mozilla/5.0 (X11; Linux x86_64) AppleWebKit/537.36 (KHTML, like Gecko) Chrome/81.0.4044.129 Safari/537.36"
::1 - - [23/Aug/2022:13:29:18 +0000] "GET /.env HTTP/1.0" 404 143 "-" "Mozilla/5.0 (X11; Linux x86_64) AppleWebKit/537.36 (KHTML, like Gecko) Chrome/81.0.4044.129 Safari/537.36"
::ffff:127.0.0.1 - - [23/Aug/2022:14:05:43 +0000] "GET /.env HTTP/1.0" 404 143 "-" "Mozilla/5.0 (X11; Linux x86_64) AppleWebKit/537.36 (KHTML, like Gecko) Chrome/81.0.4044.129 Safari/537.36"
::1 - - [23/Aug/2022:14:05:44 +0000] "POST / HTTP/1.0" 404 140 "-" "Mozilla/5.0 (X11; Linux x86_64) AppleWebKit/537.36 (KHTML, like Gecko) Chrome/81.0.4044.129 Safari/537.36"
::ffff:127.0.0.1 - - [23/Aug/2022:14:15:01 +0000] "GET /index.html HTTP/1.0" 404 149 "-" "Mozilla/5.0 (X11; U; Linux i686; fr; rv:1.9.0.10) Gecko/2009042523 Ubuntu/8.10 (intrepid) Firefox/3.0.10"
::1 - - [23/Aug/2022:14:17:07 +0000] "GET / HTTP/1.0" 404 139 "-" "Mozilla/5.0 (Windows NT 6.1; WOW64; rv:8.0) Gecko/20100101 Firefox/8.0"
::ffff:127.0.0.1 - - [23/Aug/2022:15:48:21 +0000] "POST / HTTP/1.0" 404 140 "-" "Mozilla/5.0 (X11; Linux x86_64) AppleWebKit/537.36 (KHTML, like Gecko) Chrome/81.0.4044.129 Safari/537.36"
::1 - - [23/Aug/2022:15:48:21 +0000] "GET /.env HTTP/1.0" 404 143 "-" "Mozilla/5.0 (X11; Linux x86_64) AppleWebKit/537.36 (KHTML, like Gecko) Chrome/81.0.4044.129 Safari/537.36"
::ffff:127.0.0.1 - - [23/Aug/2022:15:58:54 +0000] "GET / HTTP/1.0" 404 139 "-" "Linux Gnu (cow)"
::1 - - [23/Aug/2022:16:03:11 +0000] "GET / HTTP/1.0" 404 139 "-" "Linux Gnu (cow)"
::ffff:127.0.0.1 - - [23/Aug/2022:16:14:36 +0000] "GET / HTTP/1.0" 404 139 "-" "-"
::1 - - [23/Aug/2022:16:14:37 +0000] "GET / HTTP/1.0" 404 139 "-" "Mozilla/5.0 (compatible; CensysInspect/1.1; +https://about.censys.io/)"
::ffff:127.0.0.1 - - [23/Aug/2022:16:23:14 +0000] "GET / HTTP/1.0" 404 139 "-" "Linux Gnu (cow)"
::1 - - [23/Aug/2022:17:04:50 +0000] "GET /.env HTTP/1.0" 404 143 "-" "Mozilla/5.0 (X11; Linux x86_64) AppleWebKit/537.36 (KHTML, like Gecko) Chrome/81.0.4044.129 Safari/537.36"
::ffff:127.0.0.1 - - [23/Aug/2022:17:04:54 +0000] "POST / HTTP/1.0" 404 140 "-" "Mozilla/5.0 (X11; Linux x86_64) AppleWebKit/537.36 (KHTML, like Gecko) Chrome/81.0.4044.129 Safari/537.36"
::1 - - [23/Aug/2022:17:11:31 +0000] "GET /.env HTTP/1.0" 404 143 "-" "Mozilla/5.0 (X11; Linux x86_64) AppleWebKit/537.36 (KHTML, like Gecko) Chrome/81.0.4044.129 Safari/537.36"
::ffff:127.0.0.1 - - [23/Aug/2022:17:11:31 +0000] "POST / HTTP/1.0" 404 140 "-" "Mozilla/5.0 (X11; Linux x86_64) AppleWebKit/537.36 (KHTML, like Gecko) Chrome/81.0.4044.129 Safari/537.36"
::1 - - [23/Aug/2022:17:40:07 +0000] "GET /.git/config HTTP/1.0" 404 150 "-" "python-requests/2.28.1"
::ffff:127.0.0.1 - - [23/Aug/2022:17:41:58 +0000] "POST / HTTP/1.0" 404 140 "-" "Mozilla/5.0 (X11; Linux x86_64) AppleWebKit/537.36 (KHTML, like Gecko) Chrome/81.0.4044.129 Safari/537.36"
::1 - - [23/Aug/2022:17:41:58 +0000] "GET /.env HTTP/1.0" 404 143 "-" "Mozilla/5.0 (X11; Linux x86_64) AppleWebKit/537.36 (KHTML, like Gecko) Chrome/81.0.4044.129 Safari/537.36"
::ffff:127.0.0.1 - - [23/Aug/2022:17:59:33 +0000] "POST /api/v1/users/login HTTP/1.0" 401 123 "-" "Expo/2.25.1.1015582 CFNetwork/978.0.7 Darwin/18.7.0"
::1 - - [23/Aug/2022:17:59:39 +0000] "POST /api/v1/users/login HTTP/1.0" 200 532 "-" "Expo/2.25.1.1015582 CFNetwork/978.0.7 Darwin/18.7.0"
::ffff:127.0.0.1 - - [23/Aug/2022:17:59:40 +0000] "GET /api/v1/categories HTTP/1.0" 200 426 "-" "Expo/2.25.1.1015582 CFNetwork/978.0.7 Darwin/18.7.0"
::ffff:127.0.0.1 - - [23/Aug/2022:17:59:40 +0000] "GET /api/v1/transactions/basket?limit=100&sort=-createdAt HTTP/1.0" 200 122 "-" "Expo/2.25.1.1015582 CFNetwork/978.0.7 Darwin/18.7.0"
::1 - - [23/Aug/2022:17:59:40 +0000] "GET /api/v1/goods/user?limit=100 HTTP/1.0" 200 989 "-" "Expo/2.25.1.1015582 CFNetwork/978.0.7 Darwin/18.7.0"
::ffff:127.0.0.1 - - [23/Aug/2022:17:59:45 +0000] "GET /api/v1/transactions/basket?limit=100&sort=-createdAt HTTP/1.0" 304 - "-" "Expo/2.25.1.1015582 CFNetwork/978.0.7 Darwin/18.7.0"
::1 - - [23/Aug/2022:17:59:45 +0000] "GET /api/v1/goods/user?limit=100 HTTP/1.0" 304 - "-" "Expo/2.25.1.1015582 CFNetwork/978.0.7 Darwin/18.7.0"
::1 - - [23/Aug/2022:17:59:47 +0000] "GET /api/v1/transactions/profit HTTP/1.0" 200 767 "-" "Expo/2.25.1.1015582 CFNetwork/978.0.7 Darwin/18.7.0"
::ffff:127.0.0.1 - - [23/Aug/2022:17:59:55 +0000] "GET / HTTP/1.0" 404 139 "-" "Mozilla/5.0 (Macintosh; Intel Mac OS X 10_15_7) AppleWebKit/537.36 (KHTML, like Gecko) Chrome/102.0.0.0 Safari/537.36"
::1 - - [23/Aug/2022:17:59:57 +0000] "GET /api/v1/bills/user?limit=1000&sort=-createdAt&type=%D0%9E%D1%80%D0%BB%D0%BE%D0%B3%D0%BE HTTP/1.0" 200 386 "-" "Expo/2.25.1.1015582 CFNetwork/978.0.7 Darwin/18.7.0"
::ffff:127.0.0.1 - - [23/Aug/2022:18:00:00 +0000] "GET /api/v1/bills/user?limit=1000&sort=-createdAt&type=%D0%97%D0%B0%D1%80%D0%BB%D0%B0%D0%B3%D0%B0 HTTP/1.0" 200 388 "-" "Expo/2.25.1.1015582 CFNetwork/978.0.7 Darwin/18.7.0"
::1 - - [23/Aug/2022:18:00:02 +0000] "GET /api/v1/goods/user?limit=100 HTTP/1.0" 304 - "-" "Expo/2.25.1.1015582 CFNetwork/978.0.7 Darwin/18.7.0"
::ffff:127.0.0.1 - - [23/Aug/2022:18:00:05 +0000] "GET /api/v1/transactions/profit HTTP/1.0" 304 - "-" "Expo/2.25.1.1015582 CFNetwork/978.0.7 Darwin/18.7.0"
::1 - - [23/Aug/2022:18:07:16 +0000] "GET /api/v1/goods/user?limit=100 HTTP/1.0" 304 - "-" "Expo/2.25.1.1015582 CFNetwork/978.0.7 Darwin/18.7.0"
::ffff:127.0.0.1 - - [23/Aug/2022:18:12:56 +0000] "GET /api/v1/categories HTTP/1.0" 304 - "-" "Expo/2.25.1.1015582 CFNetwork/978.0.7 Darwin/18.7.0"
::1 - - [23/Aug/2022:18:12:56 +0000] "GET /api/v1/transactions/basket?limit=100&sort=-createdAt HTTP/1.0" 304 - "-" "Expo/2.25.1.1015582 CFNetwork/978.0.7 Darwin/18.7.0"
::ffff:127.0.0.1 - - [23/Aug/2022:18:12:56 +0000] "GET /api/v1/goods/user?limit=100 HTTP/1.0" 304 - "-" "Expo/2.25.1.1015582 CFNetwork/978.0.7 Darwin/18.7.0"
::ffff:127.0.0.1 - - [23/Aug/2022:18:12:59 +0000] "GET /api/v1/transactions/basket?limit=100&sort=-createdAt HTTP/1.0" 304 - "-" "Expo/2.25.1.1015582 CFNetwork/978.0.7 Darwin/18.7.0"
::1 - - [23/Aug/2022:18:12:59 +0000] "GET /api/v1/goods/user?limit=100 HTTP/1.0" 304 - "-" "Expo/2.25.1.1015582 CFNetwork/978.0.7 Darwin/18.7.0"
::1 - - [23/Aug/2022:18:14:03 +0000] "GET /api/v1/categories HTTP/1.0" 304 - "-" "Expo/2.25.1.1015582 CFNetwork/978.0.7 Darwin/18.7.0"
::1 - - [23/Aug/2022:18:14:03 +0000] "GET /api/v1/transactions/basket?limit=100&sort=-createdAt HTTP/1.0" 304 - "-" "Expo/2.25.1.1015582 CFNetwork/978.0.7 Darwin/18.7.0"
::ffff:127.0.0.1 - - [23/Aug/2022:18:14:03 +0000] "GET /api/v1/goods/user?limit=100 HTTP/1.0" 304 - "-" "Expo/2.25.1.1015582 CFNetwork/978.0.7 Darwin/18.7.0"
::1 - - [23/Aug/2022:18:14:05 +0000] "GET /api/v1/transactions/basket?limit=100&sort=-createdAt HTTP/1.0" 304 - "-" "Expo/2.25.1.1015582 CFNetwork/978.0.7 Darwin/18.7.0"
::ffff:127.0.0.1 - - [23/Aug/2022:18:14:05 +0000] "GET /api/v1/goods/user?limit=100 HTTP/1.0" 304 - "-" "Expo/2.25.1.1015582 CFNetwork/978.0.7 Darwin/18.7.0"
::ffff:127.0.0.1 - - [23/Aug/2022:18:14:18 +0000] "GET /api/v1/goods/user?limit=100 HTTP/1.0" 304 - "-" "Expo/2.25.1.1015582 CFNetwork/978.0.7 Darwin/18.7.0"
::1 - - [23/Aug/2022:18:15:00 +0000] "GET /api/v1/categories HTTP/1.0" 304 - "-" "Expo/2.25.1.1015582 CFNetwork/978.0.7 Darwin/18.7.0"
::1 - - [23/Aug/2022:18:15:00 +0000] "GET /api/v1/transactions/basket?limit=100&sort=-createdAt HTTP/1.0" 304 - "-" "Expo/2.25.1.1015582 CFNetwork/978.0.7 Darwin/18.7.0"
::ffff:127.0.0.1 - - [23/Aug/2022:18:15:00 +0000] "GET /api/v1/goods/user?limit=100 HTTP/1.0" 304 - "-" "Expo/2.25.1.1015582 CFNetwork/978.0.7 Darwin/18.7.0"
::1 - - [23/Aug/2022:18:15:05 +0000] "GET /api/v1/transactions/basket?limit=100&sort=-createdAt HTTP/1.0" 304 - "-" "Expo/2.25.1.1015582 CFNetwork/978.0.7 Darwin/18.7.0"
::ffff:127.0.0.1 - - [23/Aug/2022:18:15:05 +0000] "GET /api/v1/goods/user?limit=100 HTTP/1.0" 304 - "-" "Expo/2.25.1.1015582 CFNetwork/978.0.7 Darwin/18.7.0"
::ffff:127.0.0.1 - - [23/Aug/2022:18:18:09 +0000] "GET /api/v1/goods/user?limit=100 HTTP/1.0" 304 - "-" "Expo/2.25.1.1015582 CFNetwork/978.0.7 Darwin/18.7.0"
::1 - - [23/Aug/2022:18:19:53 +0000] "GET /api/v1/goods/user?limit=100 HTTP/1.0" 304 - "-" "Expo/2.25.1.1015582 CFNetwork/978.0.7 Darwin/18.7.0"
::ffff:127.0.0.1 - - [23/Aug/2022:18:20:02 +0000] "GET /api/v1/goods/user?limit=100 HTTP/1.0" 304 - "-" "Expo/2.25.1.1015582 CFNetwork/978.0.7 Darwin/18.7.0"
::1 - - [23/Aug/2022:18:21:22 +0000] "GET /api/v1/goods/user?limit=100 HTTP/1.0" 304 - "-" "Expo/2.25.1.1015582 CFNetwork/978.0.7 Darwin/18.7.0"
::ffff:127.0.0.1 - - [23/Aug/2022:18:22:35 +0000] "GET /api/v1/categories HTTP/1.0" 304 - "-" "Expo/2.25.1.1015582 CFNetwork/978.0.7 Darwin/18.7.0"
::ffff:127.0.0.1 - - [23/Aug/2022:18:22:35 +0000] "GET /api/v1/transactions/basket?limit=100&sort=-createdAt HTTP/1.0" 304 - "-" "Expo/2.25.1.1015582 CFNetwork/978.0.7 Darwin/18.7.0"
::1 - - [23/Aug/2022:18:22:35 +0000] "GET /api/v1/goods/user?limit=100 HTTP/1.0" 304 - "-" "Expo/2.25.1.1015582 CFNetwork/978.0.7 Darwin/18.7.0"
::1 - - [23/Aug/2022:18:23:31 +0000] "GET /api/v1/categories HTTP/1.0" 304 - "-" "Expo/2.25.1.1015582 CFNetwork/978.0.7 Darwin/18.7.0"
::ffff:127.0.0.1 - - [23/Aug/2022:18:23:31 +0000] "GET /api/v1/transactions/basket?limit=100&sort=-createdAt HTTP/1.0" 304 - "-" "Expo/2.25.1.1015582 CFNetwork/978.0.7 Darwin/18.7.0"
::1 - - [23/Aug/2022:18:23:31 +0000] "GET /api/v1/goods/user?limit=100 HTTP/1.0" 304 - "-" "Expo/2.25.1.1015582 CFNetwork/978.0.7 Darwin/18.7.0"
::1 - - [23/Aug/2022:18:23:36 +0000] "GET /api/v1/transactions/basket?limit=100&sort=-createdAt HTTP/1.0" 304 - "-" "Expo/2.25.1.1015582 CFNetwork/978.0.7 Darwin/18.7.0"
::ffff:127.0.0.1 - - [23/Aug/2022:18:23:36 +0000] "GET /api/v1/goods/user?limit=100 HTTP/1.0" 304 - "-" "Expo/2.25.1.1015582 CFNetwork/978.0.7 Darwin/18.7.0"
::ffff:127.0.0.1 - - [23/Aug/2022:18:24:43 +0000] "GET / HTTP/1.0" 404 139 "-" "Mozilla/5.0 (Windows NT 10.0; Win64; x64) AppleWebKit/537.36 (KHTML, like Gecko) Chrome/60.0.3112.113 Safari/537.36"
::ffff:127.0.0.1 - - [23/Aug/2022:18:25:46 +0000] "GET /api/v1/transactions/basket?limit=100&sort=-createdAt HTTP/1.0" 304 - "-" "Expo/2.25.1.1015582 CFNetwork/978.0.7 Darwin/18.7.0"
::1 - - [23/Aug/2022:18:25:46 +0000] "GET /api/v1/categories HTTP/1.0" 304 - "-" "Expo/2.25.1.1015582 CFNetwork/978.0.7 Darwin/18.7.0"
::1 - - [23/Aug/2022:18:25:46 +0000] "GET /api/v1/goods/user?limit=100 HTTP/1.0" 304 - "-" "Expo/2.25.1.1015582 CFNetwork/978.0.7 Darwin/18.7.0"
::1 - - [23/Aug/2022:18:26:06 +0000] "GET /api/v1/transactions/basket?limit=100&sort=-createdAt HTTP/1.0" 304 - "-" "Expo/2.25.1.1015582 CFNetwork/978.0.7 Darwin/18.7.0"
::ffff:127.0.0.1 - - [23/Aug/2022:18:26:06 +0000] "GET /api/v1/goods/user?limit=100 HTTP/1.0" 304 - "-" "Expo/2.25.1.1015582 CFNetwork/978.0.7 Darwin/18.7.0"
::ffff:127.0.0.1 - - [23/Aug/2022:18:32:08 +0000] "GET /api/v1/categories HTTP/1.0" 304 - "-" "Expo/2.25.1.1015582 CFNetwork/978.0.7 Darwin/18.7.0"
::ffff:127.0.0.1 - - [23/Aug/2022:18:32:08 +0000] "GET /api/v1/transactions/basket?limit=100&sort=-createdAt HTTP/1.0" 304 - "-" "Expo/2.25.1.1015582 CFNetwork/978.0.7 Darwin/18.7.0"
::1 - - [23/Aug/2022:18:32:08 +0000] "GET /api/v1/goods/user?limit=100 HTTP/1.0" 304 - "-" "Expo/2.25.1.1015582 CFNetwork/978.0.7 Darwin/18.7.0"
::ffff:127.0.0.1 - - [23/Aug/2022:18:32:09 +0000] "GET /api/v1/transactions/basket?limit=100&sort=-createdAt HTTP/1.0" 304 - "-" "Expo/2.25.1.1015582 CFNetwork/978.0.7 Darwin/18.7.0"
::1 - - [23/Aug/2022:18:32:09 +0000] "GET /api/v1/goods/user?limit=100 HTTP/1.0" 304 - "-" "Expo/2.25.1.1015582 CFNetwork/978.0.7 Darwin/18.7.0"
::1 - - [23/Aug/2022:18:33:41 +0000] "GET /api/v1/goods/user?limit=100 HTTP/1.0" 304 - "-" "Expo/2.25.1.1015582 CFNetwork/978.0.7 Darwin/18.7.0"
::ffff:127.0.0.1 - - [23/Aug/2022:18:33:53 +0000] "GET /api/v1/goods/user?limit=100 HTTP/1.0" 304 - "-" "Expo/2.25.1.1015582 CFNetwork/978.0.7 Darwin/18.7.0"
::1 - - [23/Aug/2022:18:33:56 +0000] "GET /api/v1/goods/user?limit=100 HTTP/1.0" 304 - "-" "Expo/2.25.1.1015582 CFNetwork/978.0.7 Darwin/18.7.0"
::ffff:127.0.0.1 - - [23/Aug/2022:18:34:00 +0000] "GET /api/v1/goods/user?limit=100 HTTP/1.0" 304 - "-" "Expo/2.25.1.1015582 CFNetwork/978.0.7 Darwin/18.7.0"
::1 - - [23/Aug/2022:18:34:27 +0000] "GET /api/v1/goods/user?limit=100 HTTP/1.0" 304 - "-" "Expo/2.25.1.1015582 CFNetwork/978.0.7 Darwin/18.7.0"
::ffff:127.0.0.1 - - [23/Aug/2022:18:35:14 +0000] "GET /api/v1/categories HTTP/1.0" 304 - "-" "Expo/2.25.1.1015582 CFNetwork/978.0.7 Darwin/18.7.0"
::1 - - [23/Aug/2022:18:35:14 +0000] "GET /api/v1/transactions/basket?limit=100&sort=-createdAt HTTP/1.0" 304 - "-" "Expo/2.25.1.1015582 CFNetwork/978.0.7 Darwin/18.7.0"
::ffff:127.0.0.1 - - [23/Aug/2022:18:35:14 +0000] "GET /api/v1/goods/user?limit=100 HTTP/1.0" 304 - "-" "Expo/2.25.1.1015582 CFNetwork/978.0.7 Darwin/18.7.0"
::1 - - [23/Aug/2022:18:35:30 +0000] "GET /api/v1/transactions/basket?limit=100&sort=-createdAt HTTP/1.0" 304 - "-" "Expo/2.25.1.1015582 CFNetwork/978.0.7 Darwin/18.7.0"
::1 - - [23/Aug/2022:18:35:30 +0000] "GET /api/v1/goods/user?limit=100 HTTP/1.0" 304 - "-" "Expo/2.25.1.1015582 CFNetwork/978.0.7 Darwin/18.7.0"
::ffff:127.0.0.1 - - [23/Aug/2022:18:35:30 +0000] "GET /api/v1/goods/user?limit=100 HTTP/1.0" 304 - "-" "Expo/2.25.1.1015582 CFNetwork/978.0.7 Darwin/18.7.0"
::ffff:127.0.0.1 - - [23/Aug/2022:18:35:31 +0000] "GET /api/v1/goods/user?limit=100 HTTP/1.0" 304 - "-" "Expo/2.25.1.1015582 CFNetwork/978.0.7 Darwin/18.7.0"
::1 - - [23/Aug/2022:18:35:44 +0000] "GET /api/v1/goods/user?limit=100 HTTP/1.0" 304 - "-" "Expo/2.25.1.1015582 CFNetwork/978.0.7 Darwin/18.7.0"
::ffff:127.0.0.1 - - [23/Aug/2022:18:46:44 +0000] "GET / HTTP/1.0" 404 139 "-" "Mozilla/5.0 (X11; Ubuntu; Linux x86_64; rv:76.0) Gecko/20100101 Firefox/76.0"
::1 - - [23/Aug/2022:19:00:54 +0000] "GET /api/v1/transactions/basket?limit=100&sort=-createdAt HTTP/1.0" 304 - "-" "Expo/2.25.1.1015582 CFNetwork/978.0.7 Darwin/18.7.0"
::1 - - [23/Aug/2022:19:00:54 +0000] "GET /api/v1/categories HTTP/1.0" 304 - "-" "Expo/2.25.1.1015582 CFNetwork/978.0.7 Darwin/18.7.0"
::ffff:127.0.0.1 - - [23/Aug/2022:19:00:54 +0000] "GET /api/v1/goods/user?limit=100 HTTP/1.0" 304 - "-" "Expo/2.25.1.1015582 CFNetwork/978.0.7 Darwin/18.7.0"
::1 - - [23/Aug/2022:19:01:10 +0000] "GET /api/v1/transactions/basket?limit=100&sort=-createdAt HTTP/1.0" 304 - "-" "Expo/2.25.1.1015582 CFNetwork/978.0.7 Darwin/18.7.0"
::ffff:127.0.0.1 - - [23/Aug/2022:19:01:10 +0000] "GET /api/v1/goods/user?limit=100 HTTP/1.0" 304 - "-" "Expo/2.25.1.1015582 CFNetwork/978.0.7 Darwin/18.7.0"
::ffff:127.0.0.1 - - [23/Aug/2022:19:01:18 +0000] "GET /api/v1/categories HTTP/1.0" 304 - "-" "Expo/2.25.1.1015582 CFNetwork/978.0.7 Darwin/18.7.0"
::ffff:127.0.0.1 - - [23/Aug/2022:19:01:18 +0000] "GET /api/v1/transactions/basket?limit=100&sort=-createdAt HTTP/1.0" 304 - "-" "Expo/2.25.1.1015582 CFNetwork/978.0.7 Darwin/18.7.0"
::1 - - [23/Aug/2022:19:01:18 +0000] "GET /api/v1/goods/user?limit=100 HTTP/1.0" 304 - "-" "Expo/2.25.1.1015582 CFNetwork/978.0.7 Darwin/18.7.0"
::ffff:127.0.0.1 - - [23/Aug/2022:19:01:19 +0000] "GET /api/v1/transactions/basket?limit=100&sort=-createdAt HTTP/1.0" 304 - "-" "Expo/2.25.1.1015582 CFNetwork/978.0.7 Darwin/18.7.0"
::1 - - [23/Aug/2022:19:01:19 +0000] "GET /api/v1/goods/user?limit=100 HTTP/1.0" 304 - "-" "Expo/2.25.1.1015582 CFNetwork/978.0.7 Darwin/18.7.0"
::1 - afiiskc [23/Aug/2022:19:01:43 +0000] "GET /manager/html HTTP/1.0" 404 151 "-" "Mozilla/5.0 (Windows NT 10.0; WOW64) AppleWebKit/537.36 (KHTML, like Gecko) Chrome/62.0.3202.9 Safari/537.36"
::ffff:127.0.0.1 - - [23/Aug/2022:19:01:48 +0000] "GET /api/v1/categories HTTP/1.0" 304 - "-" "Expo/2.25.1.1015582 CFNetwork/978.0.7 Darwin/18.7.0"
::ffff:127.0.0.1 - - [23/Aug/2022:19:01:48 +0000] "GET /api/v1/transactions/basket?limit=100&sort=-createdAt HTTP/1.0" 304 - "-" "Expo/2.25.1.1015582 CFNetwork/978.0.7 Darwin/18.7.0"
::1 - - [23/Aug/2022:19:01:48 +0000] "GET /api/v1/goods/user?limit=100 HTTP/1.0" 304 - "-" "Expo/2.25.1.1015582 CFNetwork/978.0.7 Darwin/18.7.0"
::ffff:127.0.0.1 - - [23/Aug/2022:19:01:50 +0000] "GET /api/v1/transactions/basket?limit=100&sort=-createdAt HTTP/1.0" 304 - "-" "Expo/2.25.1.1015582 CFNetwork/978.0.7 Darwin/18.7.0"
::1 - - [23/Aug/2022:19:01:50 +0000] "GET /api/v1/goods/user?limit=100 HTTP/1.0" 304 - "-" "Expo/2.25.1.1015582 CFNetwork/978.0.7 Darwin/18.7.0"
::1 - - [23/Aug/2022:19:01:51 +0000] "GET /api/v1/goods/user?limit=100 HTTP/1.0" 304 - "-" "Expo/2.25.1.1015582 CFNetwork/978.0.7 Darwin/18.7.0"
::1 - - [23/Aug/2022:19:04:03 +0000] "GET /api/v1/categories HTTP/1.0" 304 - "-" "Expo/2.25.1.1015582 CFNetwork/978.0.7 Darwin/18.7.0"
::ffff:127.0.0.1 - - [23/Aug/2022:19:04:03 +0000] "GET /api/v1/transactions/basket?limit=100&sort=-createdAt HTTP/1.0" 304 - "-" "Expo/2.25.1.1015582 CFNetwork/978.0.7 Darwin/18.7.0"
::ffff:127.0.0.1 - - [23/Aug/2022:19:04:04 +0000] "GET /api/v1/goods/user?limit=100 HTTP/1.0" 304 - "-" "Expo/2.25.1.1015582 CFNetwork/978.0.7 Darwin/18.7.0"
::ffff:127.0.0.1 - - [23/Aug/2022:19:04:05 +0000] "GET /api/v1/transactions/basket?limit=100&sort=-createdAt HTTP/1.0" 304 - "-" "Expo/2.25.1.1015582 CFNetwork/978.0.7 Darwin/18.7.0"
::1 - - [23/Aug/2022:19:04:05 +0000] "GET /api/v1/goods/user?limit=100 HTTP/1.0" 304 - "-" "Expo/2.25.1.1015582 CFNetwork/978.0.7 Darwin/18.7.0"
::1 - - [23/Aug/2022:19:07:03 +0000] "GET / HTTP/1.0" 404 139 "-" "Mozilla/5.0 (Windows NT 5.1; Win64; x64) AppleWebKit/537.36 (KHTML, like Gecko) Chrome/60.0.3112.90 Safari/537.36"
::ffff:127.0.0.1 - - [23/Aug/2022:19:13:05 +0000] "GET / HTTP/1.0" 404 139 "-" "<title>(.*?)<\/title>"
::1 - - [23/Aug/2022:19:43:34 +0000] "POST / HTTP/1.0" 404 140 "-" "Mozilla/5.0 (X11; Linux x86_64) AppleWebKit/537.36 (KHTML, like Gecko) Chrome/81.0.4044.129 Safari/537.36"
::ffff:127.0.0.1 - - [23/Aug/2022:19:43:34 +0000] "GET /.env HTTP/1.0" 404 143 "-" "Mozilla/5.0 (X11; Linux x86_64) AppleWebKit/537.36 (KHTML, like Gecko) Chrome/81.0.4044.129 Safari/537.36"
::1 - - [23/Aug/2022:20:04:51 +0000] "GET /.env HTTP/1.0" 404 143 "-" "Mozilla/5.0 (X11; Linux x86_64) AppleWebKit/537.36 (KHTML, like Gecko) Chrome/81.0.4044.129 Safari/537.36"
::ffff:127.0.0.1 - - [23/Aug/2022:20:04:54 +0000] "POST / HTTP/1.0" 404 140 "-" "Mozilla/5.0 (X11; Linux x86_64) AppleWebKit/537.36 (KHTML, like Gecko) Chrome/81.0.4044.129 Safari/537.36"
::1 - - [23/Aug/2022:20:52:31 +0000] "GET / HTTP/1.0" 404 139 "-" "Mozilla/5.0 (Windows NT 10.0; WOW64) AppleWebKit/537.36 (KHTML, like Gecko) Chrome/51.0.2704.103 Safari/537.36"
::ffff:127.0.0.1 - - [23/Aug/2022:21:09:16 +0000] "POST /vendor/phpunit/phpunit/src/Util/PHP/eval-stdin.php HTTP/1.0" 404 190 "-" "Mozilla/5.0 (Windows NT 10.0; Win64; x64) AppleWebKit/537.36 (KHTML, like Gecko) Chrome/78.0.3904.108 Safari/537.36"
::1 - - [23/Aug/2022:22:08:25 +0000] "GET / HTTP/1.0" 404 139 "-" "Linux Gnu (cow)"
::ffff:127.0.0.1 - - [23/Aug/2022:22:12:10 +0000] "GET /vendor/phpunit/phpunit/src/Util/PHP/eval-stdin.php HTTP/1.0" 404 189 "-" "Mozilla/5.0 (Windows NT 10.0; Win64; x64) AppleWebKit/537.36 (KHTML, like Gecko) Chrome/78.0.3904.108 Safari/537.36"
::1 - - [23/Aug/2022:22:33:29 +0000] "POST / HTTP/1.0" 404 140 "-" "Mozilla/5.0 (X11; Linux x86_64) AppleWebKit/537.36 (KHTML, like Gecko) Chrome/81.0.4044.129 Safari/537.36"
::ffff:127.0.0.1 - - [23/Aug/2022:22:33:29 +0000] "GET /.env HTTP/1.0" 404 143 "-" "Mozilla/5.0 (X11; Linux x86_64) AppleWebKit/537.36 (KHTML, like Gecko) Chrome/81.0.4044.129 Safari/537.36"
::1 - - [23/Aug/2022:23:00:46 +0000] "GET / HTTP/1.0" 404 139 "-" "Mozilla/5.0 (Windows NT 10.0; Win64; x64) AppleWebKit/537.36 (KHTML, like Gecko) Chrome/60.0.3112.113 Safari/537.36"
::ffff:127.0.0.1 - - [23/Aug/2022:23:04:48 +0000] "GET /.env HTTP/1.0" 404 143 "-" "Mozilla/5.0 (X11; Linux x86_64) AppleWebKit/537.36 (KHTML, like Gecko) Chrome/81.0.4044.129 Safari/537.36"
::1 - - [23/Aug/2022:23:04:50 +0000] "POST / HTTP/1.0" 404 140 "-" "Mozilla/5.0 (X11; Linux x86_64) AppleWebKit/537.36 (KHTML, like Gecko) Chrome/81.0.4044.129 Safari/537.36"
::ffff:127.0.0.1 - - [23/Aug/2022:23:20:11 +0000] "GET /solr/admin/info/system?wt=json HTTP/1.0" 404 161 "-" "Mozilla/5.0 (Windows NT 10.0; Win64; x64) AppleWebKit/537.36 (KHTML, like Gecko) Chrome/78.0.3904.108 Safari/537.36"
::1 - - [23/Aug/2022:23:29:39 +0000] "GET / HTTP/1.0" 404 139 "-" "Mozilla/5.0"
::ffff:127.0.0.1 - - [23/Aug/2022:23:45:00 +0000] "GET / HTTP/1.0" 404 139 "-" "Mozilla/5.0 (Windows NT 10.0; WOW64) AppleWebKit/537.36 (KHTML, like Gecko) Chrome/51.0.2704.103 Safari/537.36"
::1 - - [23/Aug/2022:23:49:43 +0000] "GET /index.php?s=/Index/\think\app/invokefunction&function=call_user_func_array&vars[0]=md5&vars[1][]=HelloThinkPHP21 HTTP/1.0" 404 148 "-" "Mozilla/5.0 (Windows NT 10.0; Win64; x64) AppleWebKit/537.36 (KHTML, like Gecko) Chrome/78.0.3904.108 Safari/537.36"
