::ffff:127.0.0.1 - - [22/Sep/2022:00:29:02 +0000] "GET / HTTP/1.0" 404 139 "-" "Mozilla/5.0 (Windows NT 10.0; Win64; x64) AppleWebKit/537.36 (KHTML, like Gecko) Chrome/60.0.3112.113 Safari/537.36"
::1 - - [22/Sep/2022:00:38:35 +0000] "GET / HTTP/1.0" 404 139 "foobartest.com" "FooBarTest"
::ffff:127.0.0.1 - - [22/Sep/2022:00:46:06 +0000] "GET / HTTP/1.0" 404 139 "-" "Mozilla/5.0 (compatible; CensysInspect/1.1; +https://about.censys.io/)"
::1 - - [22/Sep/2022:01:00:53 +0000] "POST / HTTP/1.0" 404 140 "-" "Mozilla/5.0 (X11; Linux x86_64) AppleWebKit/537.36 (KHTML, like Gecko) Chrome/81.0.4044.129 Safari/537.36"
::ffff:127.0.0.1 - - [22/Sep/2022:01:00:53 +0000] "GET /.env HTTP/1.0" 404 143 "-" "Mozilla/5.0 (X11; Linux x86_64) AppleWebKit/537.36 (KHTML, like Gecko) Chrome/81.0.4044.129 Safari/537.36"
::1 - - [22/Sep/2022:01:31:06 +0000] "POST / HTTP/1.0" 404 140 "-" "Mozilla/5.0 (X11; Linux x86_64) AppleWebKit/537.36 (KHTML, like Gecko) Chrome/81.0.4044.129 Safari/537.36"
::ffff:127.0.0.1 - - [22/Sep/2022:01:31:06 +0000] "GET /.env HTTP/1.0" 404 143 "-" "Mozilla/5.0 (X11; Linux x86_64) AppleWebKit/537.36 (KHTML, like Gecko) Chrome/81.0.4044.129 Safari/537.36"
::1 - - [22/Sep/2022:01:32:47 +0000] "GET /rb/getip.php?Z75392122862Q1 HTTP/1.0" 404 151 "https://google.com/" "Mozilla/5.0 (Windows NT 6.1; rv:16.0) Gecko/20100101 Firefox/16.0 (+https://best-proxies.ru/faq/#from)"
::ffff:127.0.0.1 - - [22/Sep/2022:01:58:16 +0000] "GET /exactarget HTTP/1.0" 404 149 "-" "Mozilla/5.0 zgrab/0.x"
::1 - - [22/Sep/2022:02:01:49 +0000] "GET / HTTP/1.0" 404 139 "-" "-"
::ffff:127.0.0.1 - - [22/Sep/2022:02:52:52 +0000] "GET /api/v1/transactions/basket?limit=100&sort=-createdAt HTTP/1.0" 304 - "-" "okhttp/4.9.2"
::1 - - [22/Sep/2022:02:52:52 +0000] "GET /api/v1/categories HTTP/1.0" 304 - "-" "okhttp/4.9.2"
::1 - - [22/Sep/2022:02:52:52 +0000] "GET /api/v1/goods/user?limit=100 HTTP/1.0" 304 - "-" "okhttp/4.9.2"
::1 - - [22/Sep/2022:02:52:54 +0000] "GET /api/v1/transactions/basket?limit=100&sort=-createdAt HTTP/1.0" 304 - "-" "okhttp/4.9.2"
::ffff:127.0.0.1 - - [22/Sep/2022:02:52:54 +0000] "GET /api/v1/goods/user?limit=100 HTTP/1.0" 304 - "-" "okhttp/4.9.2"
::1 - - [22/Sep/2022:02:52:56 +0000] "GET /api/v1/transactions/basket?limit=100&sort=-createdAt HTTP/1.0" 304 - "-" "okhttp/4.9.2"
::ffff:127.0.0.1 - - [22/Sep/2022:02:52:56 +0000] "GET /api/v1/goods/user?limit=100 HTTP/1.0" 304 - "-" "okhttp/4.9.2"
::ffff:127.0.0.1 - - [22/Sep/2022:02:52:59 +0000] "GET /api/v1/transactions/basket?limit=100&sort=-createdAt HTTP/1.0" 304 - "-" "okhttp/4.9.2"
::ffff:127.0.0.1 - - [22/Sep/2022:02:52:59 +0000] "GET /api/v1/goods/user?limit=100 HTTP/1.0" 304 - "-" "okhttp/4.9.2"
::1 - - [22/Sep/2022:02:52:59 +0000] "GET /api/v1/goods/user?limit=100 HTTP/1.0" 304 - "-" "okhttp/4.9.2"
::1 - - [22/Sep/2022:02:53:00 +0000] "GET /api/v1/transactions/basket?limit=100&sort=-createdAt HTTP/1.0" 304 - "-" "okhttp/4.9.2"
::1 - - [22/Sep/2022:02:53:00 +0000] "GET /api/v1/goods/user?limit=100 HTTP/1.0" 304 - "-" "okhttp/4.9.2"
::ffff:127.0.0.1 - - [22/Sep/2022:02:53:00 +0000] "GET /api/v1/goods/user?limit=100 HTTP/1.0" 304 - "-" "okhttp/4.9.2"
::ffff:127.0.0.1 - - [22/Sep/2022:03:00:28 +0000] "POST / HTTP/1.0" 404 140 "-" "Mozilla/5.0 (X11; Linux x86_64) AppleWebKit/537.36 (KHTML, like Gecko) Chrome/81.0.4044.129 Safari/537.36"
::1 - - [22/Sep/2022:03:00:28 +0000] "GET /.env HTTP/1.0" 404 143 "-" "Mozilla/5.0 (X11; Linux x86_64) AppleWebKit/537.36 (KHTML, like Gecko) Chrome/81.0.4044.129 Safari/537.36"
::ffff:127.0.0.1 - - [22/Sep/2022:03:17:51 +0000] "GET / HTTP/1.0" 404 139 "-" "-"
::1 - - [22/Sep/2022:03:31:38 +0000] "POST / HTTP/1.0" 404 140 "-" "Mozilla/5.0 (X11; Linux x86_64) AppleWebKit/537.36 (KHTML, like Gecko) Chrome/81.0.4044.129 Safari/537.36"
::ffff:127.0.0.1 - - [22/Sep/2022:03:31:39 +0000] "GET /.env HTTP/1.0" 404 143 "-" "Mozilla/5.0 (X11; Linux x86_64) AppleWebKit/537.36 (KHTML, like Gecko) Chrome/81.0.4044.129 Safari/537.36"
::ffff:127.0.0.1 - - [22/Sep/2022:04:21:50 +0000] "GET /echo.php HTTP/1.0" 404 147 "https://www.google.com/" "Mozilla/5.0 (Windows NT 6.1) AppleWebKit/537.36 (KHTML, like Gecko) Chrome/70.0.3538.77 Safari/537.36"
::1 - - [22/Sep/2022:04:25:34 +0000] "POST / HTTP/1.0" 404 140 "-" "Mozilla/5.0 (X11; Linux x86_64) AppleWebKit/537.36 (KHTML, like Gecko) Chrome/81.0.4044.129 Safari/537.36"
::ffff:127.0.0.1 - - [22/Sep/2022:04:25:34 +0000] "GET /.env HTTP/1.0" 404 143 "-" "Mozilla/5.0 (X11; Linux x86_64) AppleWebKit/537.36 (KHTML, like Gecko) Chrome/81.0.4044.129 Safari/537.36"
::1 - - [22/Sep/2022:04:37:00 +0000] "GET / HTTP/1.0" 404 139 "-" "Mozilla/5.0 zgrab/0.x"
::ffff:127.0.0.1 - - [22/Sep/2022:04:55:45 +0000] "GET / HTTP/1.0" 404 139 "-" "Mozilla/5.0 (Windows NT 10.0; WOW64) AppleWebKit/537.36 (KHTML, like Gecko) Chrome/52.0.2743.116 Safari/537.36"
::1 - - [22/Sep/2022:05:28:45 +0000] "POST / HTTP/1.0" 404 140 "-" "Mozilla/5.0 (X11; Linux x86_64) AppleWebKit/537.36 (KHTML, like Gecko) Chrome/81.0.4044.129 Safari/537.36"
::ffff:127.0.0.1 - - [22/Sep/2022:05:28:45 +0000] "GET /.env HTTP/1.0" 404 143 "-" "Mozilla/5.0 (X11; Linux x86_64) AppleWebKit/537.36 (KHTML, like Gecko) Chrome/81.0.4044.129 Safari/537.36"
::1 - - [22/Sep/2022:06:18:28 +0000] "GET /ip?Z75392122862Q1 HTTP/1.0" 404 141 "https://google.com/" "Mozilla/5.0 (Windows NT 6.1; rv:16.0) Gecko/20100101 Firefox/16.0 (+https://best-proxies.ru/faq/#from)"
::ffff:127.0.0.1 - - [22/Sep/2022:06:29:02 +0000] "GET / HTTP/1.0" 404 139 "foobartest.com" "FooBarTest"
::1 - - [22/Sep/2022:06:35:02 +0000] "GET / HTTP/1.0" 404 139 "-" "Mozilla/5.0 zgrab/0.x"
::ffff:127.0.0.1 - - [22/Sep/2022:06:39:05 +0000] "POST / HTTP/1.0" 404 140 "-" "Mozilla/5.0 (X11; Linux x86_64) AppleWebKit/537.36 (KHTML, like Gecko) Chrome/81.0.4044.129 Safari/537.36"
::1 - - [22/Sep/2022:06:39:05 +0000] "GET /.env HTTP/1.0" 404 143 "-" "Mozilla/5.0 (X11; Linux x86_64) AppleWebKit/537.36 (KHTML, like Gecko) Chrome/81.0.4044.129 Safari/537.36"
::ffff:127.0.0.1 - - [22/Sep/2022:06:47:57 +0000] "GET /?XDEBUG_SESSION_START=phpstorm HTTP/1.0" 404 139 "-" "Mozilla/5.0 (Windows NT 10.0; Win64; x64) AppleWebKit/537.36 (KHTML, like Gecko) Chrome/78.0.3904.108 Safari/537.36"
::1 - - [22/Sep/2022:06:58:35 +0000] "POST / HTTP/1.0" 404 140 "-" "Mozilla/5.0 (X11; Linux x86_64) AppleWebKit/537.36 (KHTML, like Gecko) Chrome/81.0.4044.129 Safari/537.36"
::ffff:127.0.0.1 - - [22/Sep/2022:06:58:35 +0000] "GET /.env HTTP/1.0" 404 143 "-" "Mozilla/5.0 (X11; Linux x86_64) AppleWebKit/537.36 (KHTML, like Gecko) Chrome/81.0.4044.129 Safari/537.36"
::1 - - [22/Sep/2022:07:32:36 +0000] "GET /api/v1/transactions/basket?limit=100&sort=-createdAt HTTP/1.0" 200 122 "-" "Expo/2.25.3.1015682 CFNetwork/1390 Darwin/22.0.0"
::1 - - [22/Sep/2022:07:32:36 +0000] "GET /api/v1/categories HTTP/1.0" 304 - "-" "Expo/2.25.3.1015682 CFNetwork/1390 Darwin/22.0.0"
::ffff:127.0.0.1 - - [22/Sep/2022:07:32:36 +0000] "GET /api/v1/goods/user?limit=100 HTTP/1.0" 200 1137 "-" "Expo/2.25.3.1015682 CFNetwork/1390 Darwin/22.0.0"
::ffff:127.0.0.1 - - [22/Sep/2022:07:32:43 +0000] "GET /api/v1/users/62e1c73199e2a94b91d42e4a HTTP/1.0" 200 246 "-" "Expo/2.25.3.1015682 CFNetwork/1390 Darwin/22.0.0"
::ffff:127.0.0.1 - - [22/Sep/2022:07:32:43 +0000] "GET /api/v1/transactions/basket?limit=100&sort=-createdAt HTTP/1.0" 304 - "-" "Expo/2.25.3.1015682 CFNetwork/1390 Darwin/22.0.0"
::1 - - [22/Sep/2022:07:32:43 +0000] "GET /api/v1/goods/user?limit=100 HTTP/1.0" 304 - "-" "Expo/2.25.3.1015682 CFNetwork/1390 Darwin/22.0.0"
::1 - - [22/Sep/2022:07:32:45 +0000] "GET /api/v1/users/logout HTTP/1.0" 304 - "-" "Expo/2.25.3.1015682 CFNetwork/1390 Darwin/22.0.0"
::ffff:127.0.0.1 - - [22/Sep/2022:07:32:48 +0000] "GET /.env HTTP/1.0" 404 143 "-" "Mozilla/5.0 (Macintosh; Intel Mac OS X 10.15; rv:77.0) Gecko/20100101 Firefox/77.0"
::1 - - [22/Sep/2022:07:33:18 +0000] "POST /api/v1/users HTTP/1.0" 400 104 "-" "Expo/2.25.3.1015682 CFNetwork/1390 Darwin/22.0.0"
::ffff:127.0.0.1 - - [22/Sep/2022:07:55:28 +0000] "GET / HTTP/1.0" 404 139 "-" "Mozilla/5.0 (Windows NT 6.1; WOW64) AppleWebKit/537.36 (KHTML, like Gecko) Chrome/52.0.2743.116 Safari/537.36"
::1 - - [22/Sep/2022:07:58:00 +0000] "POST /api/v1/cvs/send HTTP/1.0" 404 155 "-" "Expo/2.25.3.1015682 CFNetwork/1390 Darwin/22.0.0"
::ffff:127.0.0.1 - - [22/Sep/2022:07:59:02 +0000] "POST /api/v1/cvs/send HTTP/1.0" 404 155 "-" "Expo/2.25.3.1015682 CFNetwork/1390 Darwin/22.0.0"
::1 - - [22/Sep/2022:07:59:04 +0000] "POST /api/v1/cvs/send HTTP/1.0" 404 155 "-" "Expo/2.25.3.1015682 CFNetwork/1390 Darwin/22.0.0"
::ffff:127.0.0.1 - - [22/Sep/2022:07:59:38 +0000] "POST /api/v1/cvs/send HTTP/1.0" 404 155 "-" "Expo/2.25.3.1015682 CFNetwork/1390 Darwin/22.0.0"
::1 - - [22/Sep/2022:07:59:53 +0000] "POST /api/v1/cvs/send HTTP/1.0" 404 155 "-" "Expo/2.25.3.1015682 CFNetwork/1390 Darwin/22.0.0"
::ffff:127.0.0.1 - - [22/Sep/2022:08:00:15 +0000] "POST /api/v1/users/send HTTP/1.0" 400 99 "-" "Expo/2.25.3.1015682 CFNetwork/1390 Darwin/22.0.0"
::1 - - [22/Sep/2022:08:01:43 +0000] "POST /api/v1/users/send HTTP/1.0" 200 16 "-" "Expo/2.25.3.1015682 CFNetwork/1390 Darwin/22.0.0"
::ffff:127.0.0.1 - - [22/Sep/2022:08:03:14 +0000] "POST /api/v1/users/send HTTP/1.0" 200 16 "-" "Expo/2.25.3.1015682 CFNetwork/1390 Darwin/22.0.0"
::1 - - [22/Sep/2022:08:03:23 +0000] "POST /api/v1/users HTTP/1.0" 200 523 "-" "Expo/2.25.3.1015682 CFNetwork/1390 Darwin/22.0.0"
::ffff:127.0.0.1 - - [22/Sep/2022:08:03:25 +0000] "POST /api/v1/users/login HTTP/1.0" 200 523 "-" "Expo/2.25.3.1015682 CFNetwork/1390 Darwin/22.0.0"
::1 - - [22/Sep/2022:08:03:26 +0000] "GET /api/v1/categories HTTP/1.0" 304 - "-" "Expo/2.25.3.1015682 CFNetwork/1390 Darwin/22.0.0"
::ffff:127.0.0.1 - - [22/Sep/2022:08:03:26 +0000] "GET /api/v1/transactions/basket?limit=100&sort=-createdAt HTTP/1.0" 304 - "-" "Expo/2.25.3.1015682 CFNetwork/1390 Darwin/22.0.0"
::1 - - [22/Sep/2022:08:03:26 +0000] "GET /api/v1/goods/user?limit=100 HTTP/1.0" 200 122 "-" "Expo/2.25.3.1015682 CFNetwork/1390 Darwin/22.0.0"
::ffff:127.0.0.1 - - [22/Sep/2022:08:03:27 +0000] "GET /api/v1/users/632c16cb88be787a3eb808cf HTTP/1.0" 200 249 "-" "Expo/2.25.3.1015682 CFNetwork/1390 Darwin/22.0.0"
::1 - - [22/Sep/2022:08:03:27 +0000] "GET /api/v1/goods/user?limit=100 HTTP/1.0" 304 - "-" "Expo/2.25.3.1015682 CFNetwork/1390 Darwin/22.0.0"
::ffff:127.0.0.1 - - [22/Sep/2022:08:03:27 +0000] "GET /api/v1/transactions/basket?limit=100&sort=-createdAt HTTP/1.0" 304 - "-" "Expo/2.25.3.1015682 CFNetwork/1390 Darwin/22.0.0"
::1 - - [22/Sep/2022:08:03:28 +0000] "GET /api/v1/users/logout HTTP/1.0" 304 - "-" "Expo/2.25.3.1015682 CFNetwork/1390 Darwin/22.0.0"
::ffff:127.0.0.1 - - [22/Sep/2022:08:09:03 +0000] "GET / HTTP/1.0" 404 139 "-" "Mozilla/5.0 (X11; Ubuntu; Linux x86_64; rv:58.0) Gecko/20100101 Firefox/58.0"
::1 - - [22/Sep/2022:08:16:03 +0000] "POST /api/v1/users/forgot-password HTTP/1.0" 200 16 "-" "Expo/2.25.3.1015682 CFNetwork/1390 Darwin/22.0.0"
::ffff:127.0.0.1 - - [22/Sep/2022:08:16:10 +0000] "POST /api/v1/users/forgot-password HTTP/1.0" 200 16 "-" "Expo/2.25.3.1015682 CFNetwork/1390 Darwin/22.0.0"
::1 - - [22/Sep/2022:08:18:27 +0000] "POST /api/v1/users/forgot-password HTTP/1.0" 200 16 "-" "Expo/2.25.3.1015682 CFNetwork/1390 Darwin/22.0.0"
::ffff:127.0.0.1 - - [22/Sep/2022:08:18:42 +0000] "GET /actuator/gateway/routes HTTP/1.0" 404 162 "-" "Mozilla/5.0 (Windows NT 10.0; Win64; x64) AppleWebKit/537.36 (KHTML, like Gecko) Chrome/78.0.3904.108 Safari/537.36"
::1 - - [22/Sep/2022:08:18:44 +0000] "GET / HTTP/1.0" 404 139 "-" "Mozilla/5.0 zgrab/0.x"
::ffff:127.0.0.1 - - [22/Sep/2022:08:18:45 +0000] "POST /api/v1/users/forgot-password HTTP/1.0" 200 16 "-" "Expo/2.25.3.1015682 CFNetwork/1390 Darwin/22.0.0"
::1 - - [22/Sep/2022:08:18:52 +0000] "POST /api/v1/users/forgot-password HTTP/1.0" 200 16 "-" "Expo/2.25.3.1015682 CFNetwork/1390 Darwin/22.0.0"
::ffff:127.0.0.1 - - [22/Sep/2022:08:21:26 +0000] "POST /api/v1/users/forgot-password HTTP/1.0" 200 16 "-" "Expo/2.25.3.1015682 CFNetwork/1390 Darwin/22.0.0"
::1 - - [22/Sep/2022:08:24:09 +0000] "POST /api/v1/users/forgot-password HTTP/1.0" 200 16 "-" "Expo/2.25.3.1015682 CFNetwork/1390 Darwin/22.0.0"
::ffff:127.0.0.1 - - [22/Sep/2022:08:24:18 +0000] "POST /api/v1/users/reset-password HTTP/1.0" 400 96 "-" "Expo/2.25.3.1015682 CFNetwork/1390 Darwin/22.0.0"
::1 - - [22/Sep/2022:08:24:31 +0000] "POST / HTTP/1.0" 404 140 "-" "Mozilla/5.0 (X11; Linux x86_64) AppleWebKit/537.36 (KHTML, like Gecko) Chrome/81.0.4044.129 Safari/537.36"
::ffff:127.0.0.1 - - [22/Sep/2022:08:24:31 +0000] "GET /.env HTTP/1.0" 404 143 "-" "Mozilla/5.0 (X11; Linux x86_64) AppleWebKit/537.36 (KHTML, like Gecko) Chrome/81.0.4044.129 Safari/537.36"
::1 - - [22/Sep/2022:08:33:45 +0000] "POST /api/v1/users/forgot-password HTTP/1.0" 200 16 "-" "Expo/2.25.3.1015682 CFNetwork/1390 Darwin/22.0.0"
::ffff:127.0.0.1 - - [22/Sep/2022:08:34:10 +0000] "POST /api/v1/users/reset-password HTTP/1.0" 400 96 "-" "Expo/2.25.3.1015682 CFNetwork/1390 Darwin/22.0.0"
::1 - - [22/Sep/2022:08:34:17 +0000] "POST /api/v1/users/reset-password HTTP/1.0" 400 96 "-" "Expo/2.25.3.1015682 CFNetwork/1390 Darwin/22.0.0"
::ffff:127.0.0.1 - - [22/Sep/2022:08:34:55 +0000] "POST /api/v1/users/login HTTP/1.0" 401 123 "-" "Expo/2.25.3.1015682 CFNetwork/1390 Darwin/22.0.0"
::1 - - [22/Sep/2022:08:35:08 +0000] "POST /api/v1/users/login HTTP/1.0" 200 600 "-" "Expo/2.25.3.1015682 CFNetwork/1390 Darwin/22.0.0"
::ffff:127.0.0.1 - - [22/Sep/2022:08:35:08 +0000] "GET /api/v1/categories HTTP/1.0" 304 - "-" "Expo/2.25.3.1015682 CFNetwork/1390 Darwin/22.0.0"
::1 - - [22/Sep/2022:08:35:08 +0000] "GET /api/v1/goods/user?limit=100 HTTP/1.0" 304 - "-" "Expo/2.25.3.1015682 CFNetwork/1390 Darwin/22.0.0"
::ffff:127.0.0.1 - - [22/Sep/2022:08:35:08 +0000] "GET /api/v1/transactions/basket?limit=100&sort=-createdAt HTTP/1.0" 304 - "-" "Expo/2.25.3.1015682 CFNetwork/1390 Darwin/22.0.0"
::1 - - [22/Sep/2022:08:35:22 +0000] "GET /api/v1/categories HTTP/1.0" 304 - "-" "Expo/2.25.3.1015682 CFNetwork/1390 Darwin/22.0.0"
::ffff:127.0.0.1 - - [22/Sep/2022:08:35:22 +0000] "GET /api/v1/goods/user?limit=100 HTTP/1.0" 304 - "-" "Expo/2.25.3.1015682 CFNetwork/1390 Darwin/22.0.0"
::1 - - [22/Sep/2022:08:35:22 +0000] "GET /api/v1/transactions/basket?limit=100&sort=-createdAt HTTP/1.0" 304 - "-" "Expo/2.25.3.1015682 CFNetwork/1390 Darwin/22.0.0"
::ffff:127.0.0.1 - - [22/Sep/2022:08:37:03 +0000] "GET /api/v1/categories HTTP/1.0" 304 - "-" "Expo/2.25.3.1015682 CFNetwork/1390 Darwin/22.0.0"
::1 - - [22/Sep/2022:08:37:06 +0000] "GET /api/v1/goods/user?limit=100 HTTP/1.0" 304 - "-" "Expo/2.25.3.1015682 CFNetwork/1390 Darwin/22.0.0"
::ffff:127.0.0.1 - - [22/Sep/2022:08:37:06 +0000] "GET /api/v1/transactions/basket?limit=100&sort=-createdAt HTTP/1.0" 304 - "-" "Expo/2.25.3.1015682 CFNetwork/1390 Darwin/22.0.0"
::1 - - [22/Sep/2022:08:37:06 +0000] "GET /api/v1/categories HTTP/1.0" 304 - "-" "Expo/2.25.3.1015682 CFNetwork/1390 Darwin/22.0.0"
::ffff:127.0.0.1 - - [22/Sep/2022:08:37:06 +0000] "GET /api/v1/transactions/basket?limit=100&sort=-createdAt HTTP/1.0" 304 - "-" "Expo/2.25.3.1015682 CFNetwork/1390 Darwin/22.0.0"
::1 - - [22/Sep/2022:08:37:06 +0000] "GET /api/v1/goods/user?limit=100 HTTP/1.0" 304 - "-" "Expo/2.25.3.1015682 CFNetwork/1390 Darwin/22.0.0"
::ffff:127.0.0.1 - - [22/Sep/2022:08:37:31 +0000] "GET /api/v1/categories HTTP/1.0" 304 - "-" "Expo/2.25.3.1015682 CFNetwork/1390 Darwin/22.0.0"
::1 - - [22/Sep/2022:08:38:03 +0000] "GET /api/v1/categories HTTP/1.0" 304 - "-" "Expo/2.25.3.1015682 CFNetwork/1390 Darwin/22.0.0"
::ffff:127.0.0.1 - - [22/Sep/2022:08:38:06 +0000] "GET /api/v1/categories HTTP/1.0" 304 - "-" "Expo/2.25.3.1015682 CFNetwork/1390 Darwin/22.0.0"
::1 - - [22/Sep/2022:08:38:20 +0000] "GET /api/v1/categories HTTP/1.0" 304 - "-" "Expo/2.25.3.1015682 CFNetwork/1390 Darwin/22.0.0"
::ffff:127.0.0.1 - - [22/Sep/2022:08:38:56 +0000] "GET /api/v1/categories HTTP/1.0" 304 - "-" "Expo/2.25.3.1015682 CFNetwork/1390 Darwin/22.0.0"
::1 - - [22/Sep/2022:08:39:25 +0000] "POST /api/v1/goods HTTP/1.0" 200 369 "-" "Expo/2.25.3.1015682 CFNetwork/1390 Darwin/22.0.0"
::ffff:127.0.0.1 - - [22/Sep/2022:08:39:25 +0000] "POST /api/v1/transactions HTTP/1.0" 200 256 "-" "Expo/2.25.3.1015682 CFNetwork/1390 Darwin/22.0.0"
::1 - - [22/Sep/2022:08:39:25 +0000] "GET /api/v1/transactions/basket?limit=100&sort=-createdAt HTTP/1.0" 200 433 "-" "Expo/2.25.3.1015682 CFNetwork/1390 Darwin/22.0.0"
::ffff:127.0.0.1 - - [22/Sep/2022:08:39:25 +0000] "GET /api/v1/goods/user?limit=100 HTTP/1.0" 200 568 "-" "Expo/2.25.3.1015682 CFNetwork/1390 Darwin/22.0.0"
::1 - - [22/Sep/2022:08:39:26 +0000] "PUT /api/v1/goods/632c1f3d7c936966e14d97ca/upload-photo HTTP/1.0" 200 60 "-" "Expo/2.25.3.1015682 CFNetwork/1390 Darwin/22.0.0"
::ffff:127.0.0.1 - - [22/Sep/2022:08:42:53 +0000] "GET /api/v1/categories HTTP/1.0" 304 - "-" "Expo/2.25.3.1015682 CFNetwork/1390 Darwin/22.0.0"
::1 - - [22/Sep/2022:08:42:53 +0000] "GET /api/v1/goods/user?limit=100 HTTP/1.0" 200 590 "-" "Expo/2.25.3.1015682 CFNetwork/1390 Darwin/22.0.0"
::ffff:127.0.0.1 - - [22/Sep/2022:08:42:53 +0000] "GET /api/v1/transactions/basket?limit=100&sort=-createdAt HTTP/1.0" 200 455 "-" "Expo/2.25.3.1015682 CFNetwork/1390 Darwin/22.0.0"
::1 - - [22/Sep/2022:08:47:51 +0000] "GET /api/v1/transactions/basket?limit=100&sort=-createdAt HTTP/1.0" 304 - "-" "Expo/2.25.3.1015682 CFNetwork/1390 Darwin/22.0.0"
::ffff:127.0.0.1 - - [22/Sep/2022:08:48:00 +0000] "GET /api/v1/transactions/basket?limit=100&sort=-createdAt HTTP/1.0" 304 - "-" "Expo/2.25.3.1015682 CFNetwork/1390 Darwin/22.0.0"
::1 - - [22/Sep/2022:08:48:02 +0000] "GET /api/v1/transactions/basket?limit=100&sort=-createdAt HTTP/1.0" 304 - "-" "Expo/2.25.3.1015682 CFNetwork/1390 Darwin/22.0.0"
::ffff:127.0.0.1 - - [22/Sep/2022:08:48:07 +0000] "GET /api/v1/transactions/basket?limit=100&sort=-createdAt HTTP/1.0" 304 - "-" "Expo/2.25.3.1015682 CFNetwork/1390 Darwin/22.0.0"
::1 - - [22/Sep/2022:08:48:22 +0000] "GET /api/v1/goods/user?limit=100 HTTP/1.0" 304 - "-" "Expo/2.25.3.1015682 CFNetwork/1390 Darwin/22.0.0"
::ffff:127.0.0.1 - - [22/Sep/2022:08:48:42 +0000] "GET /api/v1/goods/user?limit=100 HTTP/1.0" 304 - "-" "Expo/2.25.3.1015682 CFNetwork/1390 Darwin/22.0.0"
::1 - - [22/Sep/2022:08:48:53 +0000] "GET /api/v1/categories HTTP/1.0" 304 - "-" "Expo/2.25.3.1015682 CFNetwork/1390 Darwin/22.0.0"
::ffff:127.0.0.1 - - [22/Sep/2022:08:49:08 +0000] "GET /api/v1/categories HTTP/1.0" 304 - "-" "Expo/2.25.3.1015682 CFNetwork/1390 Darwin/22.0.0"
::1 - - [22/Sep/2022:08:49:20 +0000] "GET /api/v1/categories HTTP/1.0" 304 - "-" "Expo/2.25.3.1015682 CFNetwork/1390 Darwin/22.0.0"
::ffff:127.0.0.1 - - [22/Sep/2022:08:49:43 +0000] "GET /api/v1/categories HTTP/1.0" 304 - "-" "Expo/2.25.3.1015682 CFNetwork/1390 Darwin/22.0.0"
::1 - - [22/Sep/2022:08:50:17 +0000] "GET /api/v1/categories HTTP/1.0" 304 - "-" "Expo/2.25.3.1015682 CFNetwork/1390 Darwin/22.0.0"
::ffff:127.0.0.1 - - [22/Sep/2022:08:50:36 +0000] "GET /api/v1/categories HTTP/1.0" 304 - "-" "Expo/2.25.3.1015682 CFNetwork/1390 Darwin/22.0.0"
::1 - - [22/Sep/2022:08:50:40 +0000] "GET /api/v1/categories HTTP/1.0" 304 - "-" "Expo/2.25.3.1015682 CFNetwork/1390 Darwin/22.0.0"
::ffff:127.0.0.1 - - [22/Sep/2022:08:50:50 +0000] "GET /api/v1/categories HTTP/1.0" 304 - "-" "Expo/2.25.3.1015682 CFNetwork/1390 Darwin/22.0.0"
::1 - - [22/Sep/2022:08:50:51 +0000] "GET /api/v1/categories HTTP/1.0" 304 - "-" "Expo/2.25.3.1015682 CFNetwork/1390 Darwin/22.0.0"
::ffff:127.0.0.1 - - [22/Sep/2022:08:51:09 +0000] "GET /api/v1/categories HTTP/1.0" 304 - "-" "Expo/2.25.3.1015682 CFNetwork/1390 Darwin/22.0.0"
::1 - - [22/Sep/2022:08:52:13 +0000] "GET /api/v1/transactions/basket?limit=100&sort=-createdAt HTTP/1.0" 304 - "-" "Expo/2.25.3.1015682 CFNetwork/1390 Darwin/22.0.0"
::ffff:127.0.0.1 - - [22/Sep/2022:08:52:25 +0000] "GET /api/v1/transactions/basket?limit=100&sort=-createdAt HTTP/1.0" 304 - "-" "Expo/2.25.3.1015682 CFNetwork/1390 Darwin/22.0.0"
::1 - - [22/Sep/2022:08:52:38 +0000] "POST /api/v1/bills/receipt HTTP/1.0" 200 316 "-" "Expo/2.25.3.1015682 CFNetwork/1390 Darwin/22.0.0"
::ffff:127.0.0.1 - - [22/Sep/2022:08:52:38 +0000] "GET /api/v1/transactions/basket?limit=100&sort=-createdAt HTTP/1.0" 200 122 "-" "Expo/2.25.3.1015682 CFNetwork/1390 Darwin/22.0.0"
::1 - - [22/Sep/2022:08:52:38 +0000] "GET /api/v1/transactions/basket?limit=100&sort=-createdAt HTTP/1.0" 200 122 "-" "Expo/2.25.3.1015682 CFNetwork/1390 Darwin/22.0.0"
::ffff:127.0.0.1 - - [22/Sep/2022:08:52:40 +0000] "GET /api/v1/goods/user?limit=100 HTTP/1.0" 200 598 "-" "Expo/2.25.3.1015682 CFNetwork/1390 Darwin/22.0.0"
::1 - - [22/Sep/2022:08:52:40 +0000] "GET /api/v1/goods/user?limit=100 HTTP/1.0" 200 598 "-" "Expo/2.25.3.1015682 CFNetwork/1390 Darwin/22.0.0"
::ffff:127.0.0.1 - - [22/Sep/2022:08:52:40 +0000] "GET /api/v1/transactions/basket?limit=100&sort=-createdAt HTTP/1.0" 304 - "-" "Expo/2.25.3.1015682 CFNetwork/1390 Darwin/22.0.0"
::ffff:127.0.0.1 - - [22/Sep/2022:08:52:42 +0000] "GET /api/v1/transactions/basket?limit=100&sort=-createdAt HTTP/1.0" 304 - "-" "Expo/2.25.3.1015682 CFNetwork/1390 Darwin/22.0.0"
::1 - - [22/Sep/2022:08:52:42 +0000] "GET /api/v1/goods/user?limit=100 HTTP/1.0" 304 - "-" "Expo/2.25.3.1015682 CFNetwork/1390 Darwin/22.0.0"
::1 - - [22/Sep/2022:08:52:42 +0000] "GET /api/v1/goods/user?limit=100 HTTP/1.0" 304 - "-" "Expo/2.25.3.1015682 CFNetwork/1390 Darwin/22.0.0"
::ffff:127.0.0.1 - - [22/Sep/2022:08:52:54 +0000] "GET /api/v1/transactions/basket?limit=100&sort=-createdAt HTTP/1.0" 304 - "-" "Expo/2.25.3.1015682 CFNetwork/1390 Darwin/22.0.0"
::ffff:127.0.0.1 - - [22/Sep/2022:08:52:54 +0000] "GET /api/v1/goods/user?limit=100 HTTP/1.0" 304 - "-" "Expo/2.25.3.1015682 CFNetwork/1390 Darwin/22.0.0"
::1 - - [22/Sep/2022:08:52:54 +0000] "GET /api/v1/goods/user?limit=100 HTTP/1.0" 304 - "-" "Expo/2.25.3.1015682 CFNetwork/1390 Darwin/22.0.0"
::ffff:127.0.0.1 - - [22/Sep/2022:08:52:55 +0000] "GET /api/v1/transactions/basket?limit=100&sort=-createdAt HTTP/1.0" 304 - "-" "Expo/2.25.3.1015682 CFNetwork/1390 Darwin/22.0.0"
::1 - - [22/Sep/2022:08:52:55 +0000] "GET /api/v1/goods/user?limit=100 HTTP/1.0" 304 - "-" "Expo/2.25.3.1015682 CFNetwork/1390 Darwin/22.0.0"
::1 - - [22/Sep/2022:08:52:55 +0000] "GET /api/v1/goods/user?limit=100 HTTP/1.0" 304 - "-" "Expo/2.25.3.1015682 CFNetwork/1390 Darwin/22.0.0"
::1 - - [22/Sep/2022:08:53:01 +0000] "GET /api/v1/transactions/basket?limit=100&sort=-createdAt HTTP/1.0" 304 - "-" "Expo/2.25.3.1015682 CFNetwork/1390 Darwin/22.0.0"
::ffff:127.0.0.1 - - [22/Sep/2022:08:53:01 +0000] "GET /api/v1/goods/user?limit=100 HTTP/1.0" 304 - "-" "Expo/2.25.3.1015682 CFNetwork/1390 Darwin/22.0.0"
::ffff:127.0.0.1 - - [22/Sep/2022:08:53:01 +0000] "GET /api/v1/goods/user?limit=100 HTTP/1.0" 304 - "-" "Expo/2.25.3.1015682 CFNetwork/1390 Darwin/22.0.0"
::1 - - [22/Sep/2022:08:53:02 +0000] "GET /api/v1/goods/user?limit=100 HTTP/1.0" 304 - "-" "Expo/2.25.3.1015682 CFNetwork/1390 Darwin/22.0.0"
::1 - - [22/Sep/2022:08:53:03 +0000] "GET /api/v1/transactions/basket?limit=100&sort=-createdAt HTTP/1.0" 304 - "-" "Expo/2.25.3.1015682 CFNetwork/1390 Darwin/22.0.0"
::ffff:127.0.0.1 - - [22/Sep/2022:08:53:03 +0000] "GET /api/v1/goods/user?limit=100 HTTP/1.0" 304 - "-" "Expo/2.25.3.1015682 CFNetwork/1390 Darwin/22.0.0"
::ffff:127.0.0.1 - - [22/Sep/2022:08:54:16 +0000] "POST /api/v1/transactions HTTP/1.0" 200 256 "-" "Expo/2.25.3.1015682 CFNetwork/1390 Darwin/22.0.0"
::1 - - [22/Sep/2022:08:54:16 +0000] "GET /api/v1/transactions/basket?limit=100&sort=-createdAt HTTP/1.0" 200 455 "-" "Expo/2.25.3.1015682 CFNetwork/1390 Darwin/22.0.0"
::ffff:127.0.0.1 - - [22/Sep/2022:08:54:16 +0000] "GET /api/v1/transactions/basket?limit=100&sort=-createdAt HTTP/1.0" 200 455 "-" "Expo/2.25.3.1015682 CFNetwork/1390 Darwin/22.0.0"
::1 - - [22/Sep/2022:09:09:49 +0000] "POST /api/v1/bills/receipt HTTP/1.0" 200 316 "-" "Expo/2.25.3.1015682 CFNetwork/1390 Darwin/22.0.0"
::ffff:127.0.0.1 - - [22/Sep/2022:09:09:49 +0000] "GET /api/v1/transactions/basket?limit=100&sort=-createdAt HTTP/1.0" 200 122 "-" "Expo/2.25.3.1015682 CFNetwork/1390 Darwin/22.0.0"
::1 - - [22/Sep/2022:09:09:49 +0000] "GET /api/v1/transactions/basket?limit=100&sort=-createdAt HTTP/1.0" 200 122 "-" "Expo/2.25.3.1015682 CFNetwork/1390 Darwin/22.0.0"
::1 - - [22/Sep/2022:09:09:51 +0000] "GET /api/v1/transactions/basket?limit=100&sort=-createdAt HTTP/1.0" 304 - "-" "Expo/2.25.3.1015682 CFNetwork/1390 Darwin/22.0.0"
::ffff:127.0.0.1 - - [22/Sep/2022:09:09:51 +0000] "GET /api/v1/goods/user?limit=100 HTTP/1.0" 200 598 "-" "Expo/2.25.3.1015682 CFNetwork/1390 Darwin/22.0.0"
::ffff:127.0.0.1 - - [22/Sep/2022:09:09:51 +0000] "GET /api/v1/goods/user?limit=100 HTTP/1.0" 200 598 "-" "Expo/2.25.3.1015682 CFNetwork/1390 Darwin/22.0.0"
::ffff:127.0.0.1 - - [22/Sep/2022:09:09:52 +0000] "GET /api/v1/transactions/basket?limit=100&sort=-createdAt HTTP/1.0" 304 - "-" "Expo/2.25.3.1015682 CFNetwork/1390 Darwin/22.0.0"
::1 - - [22/Sep/2022:09:09:52 +0000] "GET /api/v1/goods/user?limit=100 HTTP/1.0" 304 - "-" "Expo/2.25.3.1015682 CFNetwork/1390 Darwin/22.0.0"
::1 - - [22/Sep/2022:09:09:52 +0000] "GET /api/v1/goods/user?limit=100 HTTP/1.0" 304 - "-" "Expo/2.25.3.1015682 CFNetwork/1390 Darwin/22.0.0"
::1 - - [22/Sep/2022:09:10:18 +0000] "GET /api/v1/transactions/basket?limit=100&sort=-createdAt HTTP/1.0" 304 - "-" "Expo/2.25.3.1015682 CFNetwork/1390 Darwin/22.0.0"
::ffff:127.0.0.1 - - [22/Sep/2022:09:10:18 +0000] "GET /api/v1/goods/user?limit=100 HTTP/1.0" 304 - "-" "Expo/2.25.3.1015682 CFNetwork/1390 Darwin/22.0.0"
::ffff:127.0.0.1 - - [22/Sep/2022:09:10:18 +0000] "GET /api/v1/goods/user?limit=100 HTTP/1.0" 304 - "-" "Expo/2.25.3.1015682 CFNetwork/1390 Darwin/22.0.0"
::ffff:127.0.0.1 - - [22/Sep/2022:09:10:24 +0000] "GET /api/v1/transactions/basket?limit=100&sort=-createdAt HTTP/1.0" 304 - "-" "Expo/2.25.3.1015682 CFNetwork/1390 Darwin/22.0.0"
::1 - - [22/Sep/2022:09:10:24 +0000] "GET /api/v1/goods/user?limit=100 HTTP/1.0" 304 - "-" "Expo/2.25.3.1015682 CFNetwork/1390 Darwin/22.0.0"
::1 - - [22/Sep/2022:09:10:24 +0000] "GET /api/v1/goods/user?limit=100 HTTP/1.0" 304 - "-" "Expo/2.25.3.1015682 CFNetwork/1390 Darwin/22.0.0"
::1 - - [22/Sep/2022:09:10:27 +0000] "GET /api/v1/transactions/basket?limit=100&sort=-createdAt HTTP/1.0" 304 - "-" "Expo/2.25.3.1015682 CFNetwork/1390 Darwin/22.0.0"
::ffff:127.0.0.1 - - [22/Sep/2022:09:10:27 +0000] "GET /api/v1/goods/user?limit=100 HTTP/1.0" 304 - "-" "Expo/2.25.3.1015682 CFNetwork/1390 Darwin/22.0.0"
::ffff:127.0.0.1 - - [22/Sep/2022:09:10:27 +0000] "GET /api/v1/goods/user?limit=100 HTTP/1.0" 304 - "-" "Expo/2.25.3.1015682 CFNetwork/1390 Darwin/22.0.0"
::1 - - [22/Sep/2022:09:10:46 +0000] "GET /api/v1/goods/user?limit=100 HTTP/1.0" 304 - "-" "Expo/2.25.3.1015682 CFNetwork/1390 Darwin/22.0.0"
::ffff:127.0.0.1 - - [22/Sep/2022:09:10:56 +0000] "GET /api/v1/goods/user?limit=100 HTTP/1.0" 304 - "-" "Expo/2.25.3.1015682 CFNetwork/1390 Darwin/22.0.0"
::1 - - [22/Sep/2022:09:10:59 +0000] "GET /api/v1/goods/user?limit=100 HTTP/1.0" 304 - "-" "Expo/2.25.3.1015682 CFNetwork/1390 Darwin/22.0.0"
::ffff:127.0.0.1 - - [22/Sep/2022:09:11:01 +0000] "GET /api/v1/goods/user?limit=100 HTTP/1.0" 304 - "-" "Expo/2.25.3.1015682 CFNetwork/1390 Darwin/22.0.0"
::1 - - [22/Sep/2022:09:11:07 +0000] "GET /api/v1/goods/user?limit=100 HTTP/1.0" 304 - "-" "Expo/2.25.3.1015682 CFNetwork/1390 Darwin/22.0.0"
::ffff:127.0.0.1 - - [22/Sep/2022:09:11:19 +0000] "GET /api/v1/goods/user?limit=100 HTTP/1.0" 304 - "-" "Expo/2.25.3.1015682 CFNetwork/1390 Darwin/22.0.0"
::1 - - [22/Sep/2022:09:11:21 +0000] "GET /api/v1/goods/user?limit=100 HTTP/1.0" 304 - "-" "Expo/2.25.3.1015682 CFNetwork/1390 Darwin/22.0.0"
::ffff:127.0.0.1 - - [22/Sep/2022:09:11:35 +0000] "GET /api/v1/goods/user?limit=100 HTTP/1.0" 304 - "-" "Expo/2.25.3.1015682 CFNetwork/1390 Darwin/22.0.0"
::1 - - [22/Sep/2022:09:11:40 +0000] "GET /api/v1/goods/user?limit=100 HTTP/1.0" 304 - "-" "Expo/2.25.3.1015682 CFNetwork/1390 Darwin/22.0.0"
::ffff:127.0.0.1 - - [22/Sep/2022:09:11:49 +0000] "GET /api/v1/goods/user?limit=100 HTTP/1.0" 304 - "-" "Expo/2.25.3.1015682 CFNetwork/1390 Darwin/22.0.0"
::1 - - [22/Sep/2022:09:12:00 +0000] "GET /api/v1/goods/user?limit=100 HTTP/1.0" 304 - "-" "Expo/2.25.3.1015682 CFNetwork/1390 Darwin/22.0.0"
::ffff:127.0.0.1 - - [22/Sep/2022:09:12:00 +0000] "GET /api/v1/transactions/basket?limit=100&sort=-createdAt HTTP/1.0" 304 - "-" "Expo/2.25.3.1015682 CFNetwork/1390 Darwin/22.0.0"
::1 - - [22/Sep/2022:09:12:00 +0000] "GET /api/v1/goods/user?limit=100 HTTP/1.0" 304 - "-" "Expo/2.25.3.1015682 CFNetwork/1390 Darwin/22.0.0"
::ffff:127.0.0.1 - - [22/Sep/2022:09:12:03 +0000] "GET /api/v1/transactions/basket?limit=100&sort=-createdAt HTTP/1.0" 304 - "-" "Expo/2.25.3.1015682 CFNetwork/1390 Darwin/22.0.0"
::1 - - [22/Sep/2022:09:12:03 +0000] "GET /api/v1/goods/user?limit=100 HTTP/1.0" 304 - "-" "Expo/2.25.3.1015682 CFNetwork/1390 Darwin/22.0.0"
::ffff:127.0.0.1 - - [22/Sep/2022:09:12:03 +0000] "GET /api/v1/goods/user?limit=100 HTTP/1.0" 304 - "-" "Expo/2.25.3.1015682 CFNetwork/1390 Darwin/22.0.0"
::1 - - [22/Sep/2022:09:12:04 +0000] "GET /api/v1/transactions/basket?limit=100&sort=-createdAt HTTP/1.0" 304 - "-" "Expo/2.25.3.1015682 CFNetwork/1390 Darwin/22.0.0"
::1 - - [22/Sep/2022:09:12:04 +0000] "GET /api/v1/goods/user?limit=100 HTTP/1.0" 304 - "-" "Expo/2.25.3.1015682 CFNetwork/1390 Darwin/22.0.0"
::ffff:127.0.0.1 - - [22/Sep/2022:09:12:04 +0000] "GET /api/v1/goods/user?limit=100 HTTP/1.0" 304 - "-" "Expo/2.25.3.1015682 CFNetwork/1390 Darwin/22.0.0"
::ffff:127.0.0.1 - - [22/Sep/2022:09:12:23 +0000] "GET /api/v1/transactions/basket?limit=100&sort=-createdAt HTTP/1.0" 304 - "-" "Expo/2.25.3.1015682 CFNetwork/1390 Darwin/22.0.0"
::1 - - [22/Sep/2022:09:12:23 +0000] "GET /api/v1/goods/user?limit=100 HTTP/1.0" 304 - "-" "Expo/2.25.3.1015682 CFNetwork/1390 Darwin/22.0.0"
::ffff:127.0.0.1 - - [22/Sep/2022:09:12:23 +0000] "GET /api/v1/goods/user?limit=100 HTTP/1.0" 304 - "-" "Expo/2.25.3.1015682 CFNetwork/1390 Darwin/22.0.0"
::1 - - [22/Sep/2022:09:12:24 +0000] "GET /api/v1/goods/user?limit=100 HTTP/1.0" 304 - "-" "Expo/2.25.3.1015682 CFNetwork/1390 Darwin/22.0.0"
::ffff:127.0.0.1 - - [22/Sep/2022:09:12:25 +0000] "GET /api/v1/goods/user?limit=100 HTTP/1.0" 304 - "-" "Expo/2.25.3.1015682 CFNetwork/1390 Darwin/22.0.0"
::1 - - [22/Sep/2022:09:12:25 +0000] "GET /api/v1/goods/user?limit=100 HTTP/1.0" 304 - "-" "Expo/2.25.3.1015682 CFNetwork/1390 Darwin/22.0.0"
::ffff:127.0.0.1 - - [22/Sep/2022:09:12:25 +0000] "GET /api/v1/goods/user?limit=100 HTTP/1.0" 304 - "-" "Expo/2.25.3.1015682 CFNetwork/1390 Darwin/22.0.0"
::1 - - [22/Sep/2022:09:12:26 +0000] "GET /api/v1/goods/user?limit=100 HTTP/1.0" 304 - "-" "Expo/2.25.3.1015682 CFNetwork/1390 Darwin/22.0.0"
::ffff:127.0.0.1 - - [22/Sep/2022:09:17:10 +0000] "GET / HTTP/1.0" 404 139 "-" "Mozilla/5.0 (Windows NT 10.0; Win64; x64) AppleWebKit/537.36 (KHTML, like Gecko) Chrome/60.0.3112.113 Safari/537.36"
::1 - - [22/Sep/2022:09:18:53 +0000] "GET /api/v1/bills/user?limit=1000&sort=-createdAt&type=%D0%9E%D1%80%D0%BB%D0%BE%D0%B3%D0%BE HTTP/1.0" 200 695 "-" "Expo/2.25.3.1015682 CFNetwork/1390 Darwin/22.0.0"
::ffff:127.0.0.1 - - [22/Sep/2022:09:18:55 +0000] "GET /api/v1/bills/user?limit=1000&sort=-createdAt&type=%D0%97%D0%B0%D1%80%D0%BB%D0%B0%D0%B3%D0%B0 HTTP/1.0" 200 110 "-" "Expo/2.25.3.1015682 CFNetwork/1390 Darwin/22.0.0"
::1 - - [22/Sep/2022:09:19:00 +0000] "GET /api/v1/transactions/profit HTTP/1.0" 200 765 "-" "Expo/2.25.3.1015682 CFNetwork/1390 Darwin/22.0.0"
::ffff:127.0.0.1 - - [22/Sep/2022:09:19:06 +0000] "GET /api/v1/bills/debt?type=%D0%97%D0%B0%D1%80%D0%BB%D0%B0%D0%B3%D0%B0 HTTP/1.0" 200 134 "-" "Expo/2.25.3.1015682 CFNetwork/1390 Darwin/22.0.0"
::1 - - [22/Sep/2022:09:19:10 +0000] "GET /api/v1/bills/debt?type=%D0%9E%D1%80%D0%BB%D0%BE%D0%B3%D0%BE HTTP/1.0" 200 134 "-" "Expo/2.25.3.1015682 CFNetwork/1390 Darwin/22.0.0"
::ffff:127.0.0.1 - - [22/Sep/2022:09:19:59 +0000] "GET /api/v1/bills/user?limit=1000&sort=-createdAt&type=%D0%9E%D1%80%D0%BB%D0%BE%D0%B3%D0%BE HTTP/1.0" 304 - "-" "Expo/2.25.3.1015682 CFNetwork/1390 Darwin/22.0.0"
::1 - - [22/Sep/2022:09:20:04 +0000] "GET /api/v1/transactions/user?bill=632c265cd7d9e267977d8f86 HTTP/1.0" 200 577 "-" "Expo/2.25.3.1015682 CFNetwork/1390 Darwin/22.0.0"
::ffff:127.0.0.1 - - [22/Sep/2022:09:20:04 +0000] "GET /api/v1/bills/user?limit=1000&sort=-createdAt&type=%D0%9E%D1%80%D0%BB%D0%BE%D0%B3%D0%BE HTTP/1.0" 304 - "-" "Expo/2.25.3.1015682 CFNetwork/1390 Darwin/22.0.0"
::ffff:127.0.0.1 - - [22/Sep/2022:09:20:07 +0000] "GET /api/v1/bills/user?limit=1000&sort=-createdAt&type=%D0%9E%D1%80%D0%BB%D0%BE%D0%B3%D0%BE HTTP/1.0" 304 - "-" "Expo/2.25.3.1015682 CFNetwork/1390 Darwin/22.0.0"
::1 - - [22/Sep/2022:09:20:07 +0000] "GET /api/v1/transactions/user?bill=632c22567c936966e14d980a HTTP/1.0" 200 577 "-" "Expo/2.25.3.1015682 CFNetwork/1390 Darwin/22.0.0"
::ffff:127.0.0.1 - - [22/Sep/2022:09:20:07 +0000] "GET /api/v1/bills/user?limit=1000&sort=-createdAt&type=%D0%9E%D1%80%D0%BB%D0%BE%D0%B3%D0%BE HTTP/1.0" 304 - "-" "Expo/2.25.3.1015682 CFNetwork/1390 Darwin/22.0.0"
::ffff:127.0.0.1 - - [22/Sep/2022:09:20:09 +0000] "GET /api/v1/bills/user?limit=1000&sort=-createdAt&type=%D0%9E%D1%80%D0%BB%D0%BE%D0%B3%D0%BE HTTP/1.0" 304 - "-" "Expo/2.25.3.1015682 CFNetwork/1390 Darwin/22.0.0"
::1 - - [22/Sep/2022:09:20:10 +0000] "GET /api/v1/bills/user?limit=1000&sort=-createdAt&type=%D0%9E%D1%80%D0%BB%D0%BE%D0%B3%D0%BE HTTP/1.0" 304 - "-" "Expo/2.25.3.1015682 CFNetwork/1390 Darwin/22.0.0"
::ffff:127.0.0.1 - - [22/Sep/2022:09:20:11 +0000] "GET /api/v1/bills/user?limit=1000&sort=-createdAt&type=%D0%97%D0%B0%D1%80%D0%BB%D0%B0%D0%B3%D0%B0 HTTP/1.0" 304 - "-" "Expo/2.25.3.1015682 CFNetwork/1390 Darwin/22.0.0"
::1 - - [22/Sep/2022:09:20:15 +0000] "GET /api/v1/transactions/profit HTTP/1.0" 304 - "-" "Expo/2.25.3.1015682 CFNetwork/1390 Darwin/22.0.0"
::ffff:127.0.0.1 - - [22/Sep/2022:09:20:47 +0000] "GET /api/v1/transactions/profit HTTP/1.0" 304 - "-" "Expo/2.25.3.1015682 CFNetwork/1390 Darwin/22.0.0"
::1 - - [22/Sep/2022:09:20:55 +0000] "GET /api/v1/transactions/basket?limit=100&sort=-createdAt HTTP/1.0" 304 - "-" "Expo/2.25.3.1015682 CFNetwork/1390 Darwin/22.0.0"
::1 - - [22/Sep/2022:09:20:55 +0000] "GET /api/v1/categories HTTP/1.0" 304 - "-" "Expo/2.25.3.1015682 CFNetwork/1390 Darwin/22.0.0"
::ffff:127.0.0.1 - - [22/Sep/2022:09:20:55 +0000] "GET /api/v1/goods/user?limit=100 HTTP/1.0" 304 - "-" "Expo/2.25.3.1015682 CFNetwork/1390 Darwin/22.0.0"
::ffff:127.0.0.1 - - [22/Sep/2022:09:20:59 +0000] "GET /api/v1/transactions/basket?limit=100&sort=-createdAt HTTP/1.0" 304 - "-" "Expo/2.25.3.1015682 CFNetwork/1390 Darwin/22.0.0"
::ffff:127.0.0.1 - - [22/Sep/2022:09:20:59 +0000] "GET /api/v1/goods/user?limit=100 HTTP/1.0" 304 - "-" "Expo/2.25.3.1015682 CFNetwork/1390 Darwin/22.0.0"
::1 - - [22/Sep/2022:09:20:59 +0000] "GET /api/v1/goods/user?limit=100 HTTP/1.0" 304 - "-" "Expo/2.25.3.1015682 CFNetwork/1390 Darwin/22.0.0"
::1 - - [22/Sep/2022:09:20:59 +0000] "GET /api/v1/templates?createUser=632c16cb88be787a3eb808cf HTTP/1.0" 200 109 "-" "Expo/2.25.3.1015682 CFNetwork/1390 Darwin/22.0.0"
::ffff:127.0.0.1 - - [22/Sep/2022:09:20:59 +0000] "GET /api/v1/goods/user?limit=100 HTTP/1.0" 304 - "-" "Expo/2.25.3.1015682 CFNetwork/1390 Darwin/22.0.0"
::1 - - [22/Sep/2022:09:21:01 +0000] "GET /api/v1/templates?createUser=632c16cb88be787a3eb808cf HTTP/1.0" 304 - "-" "Expo/2.25.3.1015682 CFNetwork/1390 Darwin/22.0.0"
::ffff:127.0.0.1 - - [22/Sep/2022:09:21:03 +0000] "GET /api/v1/transactions/profit HTTP/1.0" 304 - "-" "Expo/2.25.3.1015682 CFNetwork/1390 Darwin/22.0.0"
::1 - - [22/Sep/2022:09:21:06 +0000] "GET /api/v1/transactions/profit HTTP/1.0" 304 - "-" "Expo/2.25.3.1015682 CFNetwork/1390 Darwin/22.0.0"
::ffff:127.0.0.1 - - [22/Sep/2022:09:21:07 +0000] "GET /api/v1/transactions/profit HTTP/1.0" 304 - "-" "Expo/2.25.3.1015682 CFNetwork/1390 Darwin/22.0.0"
::1 - - [22/Sep/2022:09:21:09 +0000] "GET /api/v1/transactions/profit HTTP/1.0" 304 - "-" "Expo/2.25.3.1015682 CFNetwork/1390 Darwin/22.0.0"
::ffff:127.0.0.1 - - [22/Sep/2022:09:21:14 +0000] "GET /api/v1/transactions/profit HTTP/1.0" 304 - "-" "Expo/2.25.3.1015682 CFNetwork/1390 Darwin/22.0.0"
::1 - - [22/Sep/2022:09:22:32 +0000] "GET /api/v1/goods/user?limit=100 HTTP/1.0" 304 - "-" "Expo/2.25.3.1015682 CFNetwork/1390 Darwin/22.0.0"
::1 - - [22/Sep/2022:09:22:32 +0000] "GET /upload/undefined HTTP/1.0" 404 155 "-" "Expo/2.25.3.1015682 CFNetwork/1390 Darwin/22.0.0"
::ffff:127.0.0.1 - - [22/Sep/2022:09:22:32 +0000] "GET /api/v1/goods/632c1f3d7c936966e14d97ca HTTP/1.0" 200 453 "-" "Expo/2.25.3.1015682 CFNetwork/1390 Darwin/22.0.0"
::1 - - [22/Sep/2022:09:22:32 +0000] "GET /api/v1/goods/user?limit=100 HTTP/1.0" 304 - "-" "Expo/2.25.3.1015682 CFNetwork/1390 Darwin/22.0.0"
::ffff:127.0.0.1 - - [22/Sep/2022:09:22:32 +0000] "GET /api/v1/transactions/user?good=632c1f3d7c936966e14d97ca&sort=-createdAt HTTP/1.0" 200 1036 "-" "Expo/2.25.3.1015682 CFNetwork/1390 Darwin/22.0.0"
::ffff:127.0.0.1 - - [22/Sep/2022:09:43:31 +0000] "GET /api/v1/categories HTTP/1.0" 304 - "-" "Expo/2.25.3.1015682 CFNetwork/1390 Darwin/22.0.0"
::1 - - [22/Sep/2022:09:43:31 +0000] "GET /api/v1/transactions/basket?limit=100&sort=-createdAt HTTP/1.0" 304 - "-" "Expo/2.25.3.1015682 CFNetwork/1390 Darwin/22.0.0"
::1 - - [22/Sep/2022:09:43:31 +0000] "GET /api/v1/goods/user?limit=100 HTTP/1.0" 304 - "-" "Expo/2.25.3.1015682 CFNetwork/1390 Darwin/22.0.0"
::ffff:127.0.0.1 - - [22/Sep/2022:09:43:33 +0000] "GET /api/v1/transactions/basket?limit=100&sort=-createdAt HTTP/1.0" 304 - "-" "Expo/2.25.3.1015682 CFNetwork/1390 Darwin/22.0.0"
::1 - - [22/Sep/2022:09:43:34 +0000] "GET /api/v1/goods/user?limit=100 HTTP/1.0" 304 - "-" "Expo/2.25.3.1015682 CFNetwork/1390 Darwin/22.0.0"
::ffff:127.0.0.1 - - [22/Sep/2022:09:43:35 +0000] "GET /api/v1/templates?createUser=632c16cb88be787a3eb808cf HTTP/1.0" 304 - "-" "Expo/2.25.3.1015682 CFNetwork/1390 Darwin/22.0.0"
::ffff:127.0.0.1 - - [22/Sep/2022:09:43:36 +0000] "GET /api/v1/users/632c16cb88be787a3eb808cf HTTP/1.0" 200 249 "-" "Expo/2.25.3.1015682 CFNetwork/1390 Darwin/22.0.0"
::1 - - [22/Sep/2022:09:43:36 +0000] "GET /api/v1/templates?createUser=632c16cb88be787a3eb808cf HTTP/1.0" 304 - "-" "Expo/2.25.3.1015682 CFNetwork/1390 Darwin/22.0.0"
::1 - - [22/Sep/2022:09:43:37 +0000] "GET /api/v1/templates?createUser=632c16cb88be787a3eb808cf HTTP/1.0" 304 - "-" "Expo/2.25.3.1015682 CFNetwork/1390 Darwin/22.0.0"
::ffff:127.0.0.1 - - [22/Sep/2022:09:43:38 +0000] "GET /api/v1/templates?createUser=632c16cb88be787a3eb808cf HTTP/1.0" 304 - "-" "Expo/2.25.3.1015682 CFNetwork/1390 Darwin/22.0.0"
::1 - - [22/Sep/2022:09:48:58 +0000] "POST / HTTP/1.0" 404 140 "-" "Mozilla/5.0 (X11; Linux x86_64) AppleWebKit/537.36 (KHTML, like Gecko) Chrome/81.0.4044.129 Safari/537.36"
::ffff:127.0.0.1 - - [22/Sep/2022:09:48:59 +0000] "GET /.env HTTP/1.0" 404 143 "-" "Mozilla/5.0 (X11; Linux x86_64) AppleWebKit/537.36 (KHTML, like Gecko) Chrome/81.0.4044.129 Safari/537.36"
::1 - - [22/Sep/2022:09:49:47 +0000] "GET /favicon.ico HTTP/1.0" 404 150 "-" "Mozilla/5.0 (X11; Ubuntu; Linux x86_64; rv:58.0) Gecko/20100101 Firefox/58.0"
::ffff:127.0.0.1 - - [22/Sep/2022:10:10:12 +0000] "POST / HTTP/1.0" 404 140 "-" "Mozilla/5.0 (X11; Linux x86_64) AppleWebKit/537.36 (KHTML, like Gecko) Chrome/81.0.4044.129 Safari/537.36"
::1 - - [22/Sep/2022:10:10:12 +0000] "GET /.env HTTP/1.0" 404 143 "-" "Mozilla/5.0 (X11; Linux x86_64) AppleWebKit/537.36 (KHTML, like Gecko) Chrome/81.0.4044.129 Safari/537.36"
::ffff:127.0.0.1 - - [22/Sep/2022:10:45:15 +0000] "GET / HTTP/1.0" 404 139 "-" "curl/7.64.1"
::ffff:127.0.0.1 - - [22/Sep/2022:10:46:15 +0000] "GET /api/v1/transactions/basket?limit=100&sort=-createdAt HTTP/1.0" 304 - "-" "Expo/2.25.3.1015682 CFNetwork/1390 Darwin/22.0.0"
::1 - - [22/Sep/2022:10:46:15 +0000] "GET /api/v1/categories HTTP/1.0" 304 - "-" "Expo/2.25.3.1015682 CFNetwork/1390 Darwin/22.0.0"
::1 - - [22/Sep/2022:10:46:16 +0000] "GET /api/v1/goods/user?limit=100 HTTP/1.0" 304 - "-" "Expo/2.25.3.1015682 CFNetwork/1390 Darwin/22.0.0"
::1 - - [22/Sep/2022:10:46:19 +0000] "GET /api/v1/transactions/basket?limit=100&sort=-createdAt HTTP/1.0" 304 - "-" "Expo/2.25.3.1015682 CFNetwork/1390 Darwin/22.0.0"
::ffff:127.0.0.1 - - [22/Sep/2022:10:46:19 +0000] "GET /api/v1/goods/user?limit=100 HTTP/1.0" 304 - "-" "Expo/2.25.3.1015682 CFNetwork/1390 Darwin/22.0.0"
::ffff:127.0.0.1 - - [22/Sep/2022:10:46:21 +0000] "GET /api/v1/transactions/profit HTTP/1.0" 304 - "-" "Expo/2.25.3.1015682 CFNetwork/1390 Darwin/22.0.0"
::1 - - [22/Sep/2022:10:46:24 +0000] "GET /api/v1/transactions/profit HTTP/1.0" 304 - "-" "Expo/2.25.3.1015682 CFNetwork/1390 Darwin/22.0.0"
::ffff:127.0.0.1 - - [22/Sep/2022:10:46:28 +0000] "GET /api/v1/transactions/profit HTTP/1.0" 304 - "-" "Expo/2.25.3.1015682 CFNetwork/1390 Darwin/22.0.0"
::1 - - [22/Sep/2022:10:46:30 +0000] "GET /api/v1/transactions/profit HTTP/1.0" 304 - "-" "Expo/2.25.3.1015682 CFNetwork/1390 Darwin/22.0.0"
::ffff:127.0.0.1 - - [22/Sep/2022:10:46:32 +0000] "GET /api/v1/transactions/profit HTTP/1.0" 304 - "-" "Expo/2.25.3.1015682 CFNetwork/1390 Darwin/22.0.0"
::1 - - [22/Sep/2022:10:46:34 +0000] "GET /api/v1/transactions/profit HTTP/1.0" 304 - "-" "Expo/2.25.3.1015682 CFNetwork/1390 Darwin/22.0.0"
::ffff:127.0.0.1 - - [22/Sep/2022:10:46:35 +0000] "GET /api/v1/bills/debt?type=%D0%9E%D1%80%D0%BB%D0%BE%D0%B3%D0%BE HTTP/1.0" 304 - "-" "Expo/2.25.3.1015682 CFNetwork/1390 Darwin/22.0.0"
::1 - - [22/Sep/2022:10:46:37 +0000] "GET /api/v1/bills/debt?type=%D0%97%D0%B0%D1%80%D0%BB%D0%B0%D0%B3%D0%B0 HTTP/1.0" 304 - "-" "Expo/2.25.3.1015682 CFNetwork/1390 Darwin/22.0.0"
::ffff:127.0.0.1 - - [22/Sep/2022:10:48:03 +0000] "GET / HTTP/1.0" 404 139 "-" "Mozilla/5.0 zgrab/0.x"
::1 - - [22/Sep/2022:10:49:00 +0000] "GET /api/v1/goods/user HTTP/1.0" 200 609 "-" "Expo/2.25.3.1015682 CFNetwork/1390 Darwin/22.0.0"
::ffff:127.0.0.1 - - [22/Sep/2022:10:49:02 +0000] "GET /api/v1/bills/user?limit=1000&sort=-createdAt&type=%D0%97%D0%B0%D1%80%D0%BB%D0%B0%D0%B3%D0%B0 HTTP/1.0" 304 - "-" "Expo/2.25.3.1015682 CFNetwork/1390 Darwin/22.0.0"
::1 - - [22/Sep/2022:10:53:56 +0000] "GET / HTTP/1.0" 404 139 "-" "Mozilla/5.0 (Macintosh; Intel Mac OS X 10_15_7) AppleWebKit/537.36 (KHTML, like Gecko) Chrome/96.0.4664.110 Safari/537.36"
::ffff:127.0.0.1 - - [22/Sep/2022:10:53:57 +0000] "GET /favicon.ico HTTP/1.0" 404 150 "-" "Mozilla/5.0 (Macintosh; Intel Mac OS X 10_15_7) AppleWebKit/537.36 (KHTML, like Gecko) Chrome/96.0.4664.110 Safari/537.36"
::ffff:127.0.0.1 - - [22/Sep/2022:11:05:44 +0000] "GET / HTTP/1.0" 404 139 "-" "-"
::1 - - [22/Sep/2022:11:32:10 +0000] "GET / HTTP/1.0" 404 139 "-" "Mozilla/5.0 (Macintosh; Intel Mac OS X 10_11_6) AppleWebKit/601.7.7 (KHTML, like Gecko) Version/9.1.2 Safari/601.7.7"
::ffff:127.0.0.1 - - [22/Sep/2022:11:34:15 +0000] "POST / HTTP/1.0" 404 140 "-" "Mozilla/5.0 (X11; Linux x86_64) AppleWebKit/537.36 (KHTML, like Gecko) Chrome/81.0.4044.129 Safari/537.36"
::1 - - [22/Sep/2022:11:34:15 +0000] "GET /.env HTTP/1.0" 404 143 "-" "Mozilla/5.0 (X11; Linux x86_64) AppleWebKit/537.36 (KHTML, like Gecko) Chrome/81.0.4044.129 Safari/537.36"
::ffff:127.0.0.1 - - [22/Sep/2022:12:12:13 +0000] "GET / HTTP/1.0" 404 139 "-" "Mozilla/5.0 (Windows NT 10.0; Win64; x64; rv:65.0) Gecko/20100101 Firefox/65.0"
::1 - - [22/Sep/2022:12:12:15 +0000] "GET /favicon.ico HTTP/1.0" 404 150 "-" "Mozilla/5.0 (Windows NT 10.0; Win64; x64; rv:65.0) Gecko/20100101 Firefox/65.0"
::ffff:127.0.0.1 - - [22/Sep/2022:12:24:02 +0000] "GET / HTTP/1.0" 404 139 "foobartest.com" "FooBarTest"
::1 - - [22/Sep/2022:12:25:58 +0000] "POST / HTTP/1.0" 404 140 "-" "Mozilla/5.0 (X11; Linux x86_64) AppleWebKit/537.36 (KHTML, like Gecko) Chrome/81.0.4044.129 Safari/537.36"
::ffff:127.0.0.1 - - [22/Sep/2022:12:25:58 +0000] "GET /.env HTTP/1.0" 404 143 "-" "Mozilla/5.0 (X11; Linux x86_64) AppleWebKit/537.36 (KHTML, like Gecko) Chrome/81.0.4044.129 Safari/537.36"
::1 - - [22/Sep/2022:12:40:59 +0000] "GET / HTTP/1.0" 404 139 "-" "Mozilla/5.0 zgrab/0.x"
::ffff:127.0.0.1 - - [22/Sep/2022:12:45:23 +0000] "GET / HTTP/1.0" 404 139 "-" "Java/1.8.0_342"
::1 - - [22/Sep/2022:12:50:37 +0000] "GET / HTTP/1.0" 404 139 "-" "Mozilla/5.0 (Windows NT 10.0; Win64; x64) AppleWebKit/537.36 (KHTML, like Gecko) Chrome/90.0.4430.85 Safari/537.36 Edg/90.0.818.46"
::ffff:127.0.0.1 - - [22/Sep/2022:13:14:15 +0000] "POST / HTTP/1.0" 404 140 "-" "Mozilla/5.0 (X11; Linux x86_64) AppleWebKit/537.36 (KHTML, like Gecko) Chrome/81.0.4044.129 Safari/537.36"
::1 - - [22/Sep/2022:13:14:15 +0000] "GET /.env HTTP/1.0" 404 143 "-" "Mozilla/5.0 (X11; Linux x86_64) AppleWebKit/537.36 (KHTML, like Gecko) Chrome/81.0.4044.129 Safari/537.36"
::ffff:127.0.0.1 - - [22/Sep/2022:14:07:28 +0000] "GET / HTTP/1.0" 404 139 "-" "Mozilla/5.0 (Windows NT 6.1; WOW64) AppleWebKit/537.36 (KHTML, like Gecko) Chrome/52.0.2743.116 Safari/537.36"
::1 - - [22/Sep/2022:14:27:13 +0000] "GET /agent/timeclock.php HTTP/1.0" 404 158 "-" "Mozilla/5.0 (Windows NT 10.0; Win64; x64) AppleWebKit/537.36 (KHTML, like Gecko) Chrome/96.0.4664.45 Safari/537.36"
::ffff:127.0.0.1 - - [22/Sep/2022:14:27:17 +0000] "GET /agc/timeclock.php HTTP/1.0" 404 156 "-" "Mozilla/5.0 (Windows NT 10.0; Win64; x64) AppleWebKit/537.36 (KHTML, like Gecko) Chrome/96.0.4664.45 Safari/537.36"
::1 - - [22/Sep/2022:15:19:17 +0000] "POST / HTTP/1.0" 404 140 "-" "Mozilla/5.0 (X11; Linux x86_64) AppleWebKit/537.36 (KHTML, like Gecko) Chrome/81.0.4044.129 Safari/537.36"
::ffff:127.0.0.1 - - [22/Sep/2022:15:19:17 +0000] "GET /.env HTTP/1.0" 404 143 "-" "Mozilla/5.0 (X11; Linux x86_64) AppleWebKit/537.36 (KHTML, like Gecko) Chrome/81.0.4044.129 Safari/537.36"
::1 - - [22/Sep/2022:15:32:16 +0000] "GET / HTTP/1.0" 404 139 "-" "-"
::1 - - [22/Sep/2022:15:44:51 +0000] "POST / HTTP/1.0" 404 140 "-" "Mozilla/5.0 (X11; Linux x86_64) AppleWebKit/537.36 (KHTML, like Gecko) Chrome/81.0.4044.129 Safari/537.36"
::ffff:127.0.0.1 - - [22/Sep/2022:15:44:52 +0000] "GET /.env HTTP/1.0" 404 143 "-" "Mozilla/5.0 (X11; Linux x86_64) AppleWebKit/537.36 (KHTML, like Gecko) Chrome/81.0.4044.129 Safari/537.36"
::1 - - [22/Sep/2022:16:41:05 +0000] "GET / HTTP/1.0" 404 139 "-" "Mozilla/5.0 (Windows NT 10.0; Win64; x64) AppleWebKit/537.36 (KHTML, like Gecko) Chrome/70.0.3538.77 Safari/537.36"
::ffff:127.0.0.1 - - [22/Sep/2022:16:58:58 +0000] "GET / HTTP/1.0" 404 139 "-" "python-requests/2.28.1"
::1 - - [22/Sep/2022:17:11:42 +0000] "GET / HTTP/1.0" 404 139 "-" "Mozilla/5.0 (Windows NT 6.1; WOW64) AppleWebKit/537.36 (KHTML, like Gecko) Chrome/51.0.2704.103 Safari/537.36"
::ffff:127.0.0.1 - - [22/Sep/2022:17:19:57 +0000] "GET /.env HTTP/1.0" 404 143 "-" "Mozilla/5.0 (Linux; U; Android 4.4.2; en-US; HM NOTE 1W Build/KOT49H) AppleWebKit/534.30 (KHTML, like Gecko) Version/4.0 UCBrowser/11.0.5.850 U3/0.8.0 Mobile Safari/534.30"
::1 - - [22/Sep/2022:17:19:58 +0000] "POST / HTTP/1.0" 404 140 "-" "Mozilla/5.0 (Linux; U; Android 4.4.2; en-US; HM NOTE 1W Build/KOT49H) AppleWebKit/534.30 (KHTML, like Gecko) Version/4.0 UCBrowser/11.0.5.850 U3/0.8.0 Mobile Safari/534.30"
::ffff:127.0.0.1 - - [22/Sep/2022:17:24:42 +0000] "POST / HTTP/1.0" 404 140 "-" "Mozilla/5.0 (X11; Linux x86_64) AppleWebKit/537.36 (KHTML, like Gecko) Chrome/81.0.4044.129 Safari/537.36"
::1 - - [22/Sep/2022:17:24:43 +0000] "GET /.env HTTP/1.0" 404 143 "-" "Mozilla/5.0 (X11; Linux x86_64) AppleWebKit/537.36 (KHTML, like Gecko) Chrome/81.0.4044.129 Safari/537.36"
::ffff:127.0.0.1 - - [22/Sep/2022:17:34:26 +0000] "GET / HTTP/1.0" 404 139 "-" "-"
::1 - - [22/Sep/2022:17:34:27 +0000] "GET /Portal/Portal.mwsl HTTP/1.0" 404 157 "-" "curl/7.54.0"
::ffff:127.0.0.1 - - [22/Sep/2022:17:34:28 +0000] "GET /docs/cplugError.html/ HTTP/1.0" 404 160 "-" "curl/7.54.0"
::1 - - [22/Sep/2022:17:34:28 +0000] "GET / HTTP/1.0" 404 139 "-" "curl/7.54.0"
::ffff:127.0.0.1 - - [22/Sep/2022:17:34:28 +0000] "POST /scripts/WPnBr.dll HTTP/1.0" 404 157 "-" "curl/7.54.0"
::1 - - [22/Sep/2022:17:34:28 +0000] "POST /sdk HTTP/1.0" 404 143 "-" "curl/7.54.0"
::ffff:127.0.0.1 - - [22/Sep/2022:17:34:29 +0000] "GET /pools/default/buckets HTTP/1.0" 404 160 "-" "curl/7.54.0"
::1 - - [22/Sep/2022:17:34:30 +0000] "GET / HTTP/1.0" 404 139 "-" "curl/7.54.0"
::ffff:127.0.0.1 - - [22/Sep/2022:17:34:30 +0000] "GET /HNAP1 HTTP/1.0" 404 144 "-" "curl/7.54.0"
::1 - - [22/Sep/2022:17:34:30 +0000] "GET /__Additional HTTP/1.0" 404 151 "-" "curl/7.54.0"
::ffff:127.0.0.1 - - [22/Sep/2022:17:34:30 +0000] "GET /pools HTTP/1.0" 404 144 "-" "curl/7.54.0"
::1 - - [22/Sep/2022:17:34:32 +0000] "GET /main.jsa HTTP/1.0" 404 147 "-" "curl/7.54.0"
::ffff:127.0.0.1 - - [22/Sep/2022:17:34:33 +0000] "GET /robots.txt HTTP/1.0" 404 149 "-" "curl/7.54.0"
::1 - - [22/Sep/2022:17:34:34 +0000] "GET /menu.jsa HTTP/1.0" 404 147 "-" "curl/7.54.0"
::ffff:127.0.0.1 - - [22/Sep/2022:17:34:35 +0000] "GET /start.html HTTP/1.0" 404 149 "-" "curl/7.54.0"
::1 - - [22/Sep/2022:17:34:36 +0000] "GET /default.cgi HTTP/1.0" 404 150 "-" "curl/7.54.0"
::ffff:127.0.0.1 - - [22/Sep/2022:17:34:38 +0000] "GET / HTTP/1.0" 404 139 "-" "-"
::1 - - [22/Sep/2022:17:34:40 +0000] "GET / HTTP/1.0" 404 139 "-" "-"
::1 - - [22/Sep/2022:18:03:23 +0000] "GET / HTTP/1.0" 404 139 "-" "Mozilla/5.0 zgrab/0.x"
::ffff:127.0.0.1 - - [22/Sep/2022:18:07:06 +0000] "GET / HTTP/1.0" 404 139 "foobartest.com" "FooBarTest"
::1 - - [22/Sep/2022:18:55:56 +0000] "POST / HTTP/1.0" 404 140 "-" "Mozilla/5.0 (X11; Linux x86_64) AppleWebKit/537.36 (KHTML, like Gecko) Chrome/81.0.4044.129 Safari/537.36"
::ffff:127.0.0.1 - - [22/Sep/2022:18:55:56 +0000] "GET /.env HTTP/1.0" 404 143 "-" "Mozilla/5.0 (X11; Linux x86_64) AppleWebKit/537.36 (KHTML, like Gecko) Chrome/81.0.4044.129 Safari/537.36"
