::1 - - [27/Jul/2022:19:46:23 +0000] "GET /api/v1/transactions/user?good=62e1908e4b89a6d4c7411f18 HTTP/1.0" 304 - "-" "Expo/2.24.3.1014878 CFNetwork/1331.0.7 Darwin/21.4.0"
::ffff:127.0.0.1 - - [27/Jul/2022:19:46:50 +0000] "GET /api/v1/goods/62e1908e4b89a6d4c7411f18 HTTP/1.0" 304 - "-" "Expo/2.24.3.1014878 CFNetwork/1331.0.7 Darwin/21.4.0"
::1 - - [27/Jul/2022:19:46:50 +0000] "GET /api/v1/transactions/user?good=62e1908e4b89a6d4c7411f18 HTTP/1.0" 304 - "-" "Expo/2.24.3.1014878 CFNetwork/1331.0.7 Darwin/21.4.0"
::ffff:127.0.0.1 - - [27/Jul/2022:19:47:05 +0000] "GET /api/v1/goods/62e1908e4b89a6d4c7411f18 HTTP/1.0" 304 - "-" "Expo/2.24.3.1014878 CFNetwork/1331.0.7 Darwin/21.4.0"
::1 - - [27/Jul/2022:19:47:05 +0000] "GET /api/v1/transactions/user?good=62e1908e4b89a6d4c7411f18 HTTP/1.0" 304 - "-" "Expo/2.24.3.1014878 CFNetwork/1331.0.7 Darwin/21.4.0"
::1 - - [27/Jul/2022:19:48:29 +0000] "GET /api/v1/goods/62e1908e4b89a6d4c7411f18 HTTP/1.0" 304 - "-" "Expo/2.24.3.1014878 CFNetwork/1331.0.7 Darwin/21.4.0"
::ffff:127.0.0.1 - - [27/Jul/2022:19:48:30 +0000] "GET /api/v1/transactions/user?good=62e1908e4b89a6d4c7411f18 HTTP/1.0" 304 - "-" "Expo/2.24.3.1014878 CFNetwork/1331.0.7 Darwin/21.4.0"
::ffff:127.0.0.1 - - [27/Jul/2022:19:48:36 +0000] "GET /api/v1/goods/62e1908e4b89a6d4c7411f18 HTTP/1.0" 304 - "-" "Expo/2.24.3.1014878 CFNetwork/1331.0.7 Darwin/21.4.0"
::1 - - [27/Jul/2022:19:48:36 +0000] "GET /api/v1/transactions/user?good=62e1908e4b89a6d4c7411f18 HTTP/1.0" 304 - "-" "Expo/2.24.3.1014878 CFNetwork/1331.0.7 Darwin/21.4.0"
::ffff:127.0.0.1 - - [27/Jul/2022:19:48:54 +0000] "GET /api/v1/goods/62e1908e4b89a6d4c7411f18 HTTP/1.0" 304 - "-" "Expo/2.24.3.1014878 CFNetwork/1331.0.7 Darwin/21.4.0"
::1 - - [27/Jul/2022:19:48:54 +0000] "GET /api/v1/transactions/user?good=62e1908e4b89a6d4c7411f18 HTTP/1.0" 304 - "-" "Expo/2.24.3.1014878 CFNetwork/1331.0.7 Darwin/21.4.0"
::ffff:127.0.0.1 - - [27/Jul/2022:19:48:56 +0000] "GET /api/v1/goods/62e1908e4b89a6d4c7411f18 HTTP/1.0" 304 - "-" "Expo/2.24.3.1014878 CFNetwork/1331.0.7 Darwin/21.4.0"
::1 - - [27/Jul/2022:19:48:56 +0000] "GET /api/v1/transactions/user?good=62e1908e4b89a6d4c7411f18 HTTP/1.0" 304 - "-" "Expo/2.24.3.1014878 CFNetwork/1331.0.7 Darwin/21.4.0"
::ffff:127.0.0.1 - - [27/Jul/2022:19:49:03 +0000] "GET /api/v1/goods/62e1908e4b89a6d4c7411f18 HTTP/1.0" 304 - "-" "Expo/2.24.3.1014878 CFNetwork/1331.0.7 Darwin/21.4.0"
::1 - - [27/Jul/2022:19:49:03 +0000] "GET /api/v1/transactions/user?good=62e1908e4b89a6d4c7411f18 HTTP/1.0" 304 - "-" "Expo/2.24.3.1014878 CFNetwork/1331.0.7 Darwin/21.4.0"
::ffff:127.0.0.1 - - [27/Jul/2022:19:50:11 +0000] "GET /api/v1/goods/user?limit=100 HTTP/1.0" 304 - "-" "Expo/2.24.3.1014878 CFNetwork/1331.0.7 Darwin/21.4.0"
::ffff:127.0.0.1 - - [27/Jul/2022:19:50:12 +0000] "GET /api/v1/transactions/basket?limit=100&sort=-createdAt HTTP/1.0" 304 - "-" "Expo/2.24.3.1014878 CFNetwork/1331.0.7 Darwin/21.4.0"
::1 - - [27/Jul/2022:19:50:12 +0000] "GET /api/v1/goods/user?limit=100 HTTP/1.0" 304 - "-" "Expo/2.24.3.1014878 CFNetwork/1331.0.7 Darwin/21.4.0"
::1 - - [27/Jul/2022:19:50:12 +0000] "GET /api/v1/goods/user?limit=100 HTTP/1.0" 304 - "-" "Expo/2.24.3.1014878 CFNetwork/1331.0.7 Darwin/21.4.0"
::ffff:127.0.0.1 - - [27/Jul/2022:19:50:14 +0000] "GET /api/v1/transactions/basket?limit=100&sort=-createdAt HTTP/1.0" 304 - "-" "Expo/2.24.3.1014878 CFNetwork/1331.0.7 Darwin/21.4.0"
::ffff:127.0.0.1 - - [27/Jul/2022:19:50:14 +0000] "GET /api/v1/goods/user?limit=100 HTTP/1.0" 304 - "-" "Expo/2.24.3.1014878 CFNetwork/1331.0.7 Darwin/21.4.0"
::1 - - [27/Jul/2022:19:50:14 +0000] "GET /api/v1/goods/user?limit=100 HTTP/1.0" 304 - "-" "Expo/2.24.3.1014878 CFNetwork/1331.0.7 Darwin/21.4.0"
::1 - - [27/Jul/2022:19:50:15 +0000] "GET /api/v1/bills/user?limit=1000&sort=-createdAt HTTP/1.0" 200 887 "-" "Expo/2.24.3.1014878 CFNetwork/1331.0.7 Darwin/21.4.0"
::ffff:127.0.0.1 - - [27/Jul/2022:19:50:15 +0000] "GET /api/v1/goods/user?limit=100 HTTP/1.0" 304 - "-" "Expo/2.24.3.1014878 CFNetwork/1331.0.7 Darwin/21.4.0"
::ffff:127.0.0.1 - - [27/Jul/2022:19:50:17 +0000] "GET /api/v1/bills/user?limit=1000&sort=-createdAt HTTP/1.0" 304 - "-" "Expo/2.24.3.1014878 CFNetwork/1331.0.7 Darwin/21.4.0"
::1 - - [27/Jul/2022:19:50:17 +0000] "GET /api/v1/goods/user?limit=100 HTTP/1.0" 304 - "-" "Expo/2.24.3.1014878 CFNetwork/1331.0.7 Darwin/21.4.0"
::1 - - [27/Jul/2022:19:50:17 +0000] "GET /api/v1/transactions/basket?limit=100&sort=-createdAt HTTP/1.0" 304 - "-" "Expo/2.24.3.1014878 CFNetwork/1331.0.7 Darwin/21.4.0"
::1 - - [27/Jul/2022:19:50:17 +0000] "GET /api/v1/goods/user?limit=100 HTTP/1.0" 304 - "-" "Expo/2.24.3.1014878 CFNetwork/1331.0.7 Darwin/21.4.0"
::ffff:127.0.0.1 - - [27/Jul/2022:19:50:17 +0000] "GET /api/v1/goods/user?limit=100 HTTP/1.0" 304 - "-" "Expo/2.24.3.1014878 CFNetwork/1331.0.7 Darwin/21.4.0"
::ffff:127.0.0.1 - - [27/Jul/2022:19:50:22 +0000] "POST /api/v1/transactions HTTP/1.0" 200 255 "-" "Expo/2.24.3.1014878 CFNetwork/1331.0.7 Darwin/21.4.0"
::1 - - [27/Jul/2022:19:50:22 +0000] "GET /.git/config HTTP/1.0" 404 150 "-" "python-requests/2.22.0"
::1 - - [27/Jul/2022:19:50:22 +0000] "GET /api/v1/transactions/basket?limit=100&sort=-createdAt HTTP/1.0" 200 438 "-" "Expo/2.24.3.1014878 CFNetwork/1331.0.7 Darwin/21.4.0"
::ffff:127.0.0.1 - - [27/Jul/2022:19:50:22 +0000] "GET /api/v1/transactions/basket?limit=100&sort=-createdAt HTTP/1.0" 200 438 "-" "Expo/2.24.3.1014878 CFNetwork/1331.0.7 Darwin/21.4.0"
::ffff:127.0.0.1 - - [27/Jul/2022:19:50:26 +0000] "DELETE /api/v1/transactions/62e196fe4b89a6d4c7412103 HTTP/1.0" 200 255 "-" "Expo/2.24.3.1014878 CFNetwork/1331.0.7 Darwin/21.4.0"
::1 - - [27/Jul/2022:19:50:26 +0000] "GET /api/v1/transactions/basket?limit=100&sort=-createdAt HTTP/1.0" 200 107 "-" "Expo/2.24.3.1014878 CFNetwork/1331.0.7 Darwin/21.4.0"
::ffff:127.0.0.1 - - [27/Jul/2022:19:50:26 +0000] "GET /api/v1/transactions/basket?limit=100&sort=-createdAt HTTP/1.0" 200 107 "-" "Expo/2.24.3.1014878 CFNetwork/1331.0.7 Darwin/21.4.0"
::1 - - [27/Jul/2022:19:50:31 +0000] "POST /api/v1/transactions HTTP/1.0" 200 255 "-" "Expo/2.24.3.1014878 CFNetwork/1331.0.7 Darwin/21.4.0"
::ffff:127.0.0.1 - - [27/Jul/2022:19:50:31 +0000] "GET /api/v1/transactions/basket?limit=100&sort=-createdAt HTTP/1.0" 200 438 "-" "Expo/2.24.3.1014878 CFNetwork/1331.0.7 Darwin/21.4.0"
::1 - - [27/Jul/2022:19:50:31 +0000] "GET /api/v1/transactions/basket?limit=100&sort=-createdAt HTTP/1.0" 200 438 "-" "Expo/2.24.3.1014878 CFNetwork/1331.0.7 Darwin/21.4.0"
::ffff:127.0.0.1 - - [27/Jul/2022:19:50:35 +0000] "POST /api/v1/bills/drain HTTP/1.0" 200 285 "-" "Expo/2.24.3.1014878 CFNetwork/1331.0.7 Darwin/21.4.0"
::1 - - [27/Jul/2022:19:50:35 +0000] "GET /api/v1/transactions/basket?limit=100&sort=-createdAt HTTP/1.0" 200 107 "-" "Expo/2.24.3.1014878 CFNetwork/1331.0.7 Darwin/21.4.0"
::ffff:127.0.0.1 - - [27/Jul/2022:19:50:35 +0000] "GET /api/v1/transactions/basket?limit=100&sort=-createdAt HTTP/1.0" 200 107 "-" "Expo/2.24.3.1014878 CFNetwork/1331.0.7 Darwin/21.4.0"
::1 - - [27/Jul/2022:19:50:43 +0000] "POST /api/v1/transactions HTTP/1.0" 200 255 "-" "Expo/2.24.3.1014878 CFNetwork/1331.0.7 Darwin/21.4.0"
::ffff:127.0.0.1 - - [27/Jul/2022:19:50:44 +0000] "GET /api/v1/transactions/basket?limit=100&sort=-createdAt HTTP/1.0" 200 438 "-" "Expo/2.24.3.1014878 CFNetwork/1331.0.7 Darwin/21.4.0"
::1 - - [27/Jul/2022:19:50:44 +0000] "GET /api/v1/transactions/basket?limit=100&sort=-createdAt HTTP/1.0" 200 438 "-" "Expo/2.24.3.1014878 CFNetwork/1331.0.7 Darwin/21.4.0"
::ffff:127.0.0.1 - - [27/Jul/2022:19:50:46 +0000] "POST /api/v1/bills/receipt HTTP/1.0" 200 283 "-" "Expo/2.24.3.1014878 CFNetwork/1331.0.7 Darwin/21.4.0"
::1 - - [27/Jul/2022:19:50:46 +0000] "GET /api/v1/transactions/basket?limit=100&sort=-createdAt HTTP/1.0" 200 107 "-" "Expo/2.24.3.1014878 CFNetwork/1331.0.7 Darwin/21.4.0"
::ffff:127.0.0.1 - - [27/Jul/2022:19:50:47 +0000] "GET /api/v1/transactions/basket?limit=100&sort=-createdAt HTTP/1.0" 200 107 "-" "Expo/2.24.3.1014878 CFNetwork/1331.0.7 Darwin/21.4.0"
::1 - - [27/Jul/2022:19:50:47 +0000] "GET /api/v1/transactions/basket?limit=100&sort=-createdAt HTTP/1.0" 304 - "-" "Expo/2.24.3.1014878 CFNetwork/1331.0.7 Darwin/21.4.0"
::1 - - [27/Jul/2022:19:50:47 +0000] "GET /api/v1/goods/user?limit=100 HTTP/1.0" 200 896 "-" "Expo/2.24.3.1014878 CFNetwork/1331.0.7 Darwin/21.4.0"
::ffff:127.0.0.1 - - [27/Jul/2022:19:50:47 +0000] "GET /api/v1/goods/user?limit=100 HTTP/1.0" 200 896 "-" "Expo/2.24.3.1014878 CFNetwork/1331.0.7 Darwin/21.4.0"
::1 - - [27/Jul/2022:19:50:49 +0000] "GET /upload/undefined HTTP/1.0" 404 155 "-" "Expo/2.24.3.1014878 CFNetwork/1331.0.7 Darwin/21.4.0"
::ffff:127.0.0.1 - - [27/Jul/2022:19:50:49 +0000] "GET /api/v1/goods/62e1908e4b89a6d4c7411f18 HTTP/1.0" 200 427 "-" "Expo/2.24.3.1014878 CFNetwork/1331.0.7 Darwin/21.4.0"
::1 - - [27/Jul/2022:19:50:49 +0000] "GET /api/v1/goods/user?limit=100 HTTP/1.0" 304 - "-" "Expo/2.24.3.1014878 CFNetwork/1331.0.7 Darwin/21.4.0"
::ffff:127.0.0.1 - - [27/Jul/2022:19:50:49 +0000] "GET /api/v1/transactions/user?good=62e1908e4b89a6d4c7411f18 HTTP/1.0" 200 1850 "-" "Expo/2.24.3.1014878 CFNetwork/1331.0.7 Darwin/21.4.0"
::1 - - [27/Jul/2022:19:51:02 +0000] "GET /api/v1/transactions/user?good=62e1908e4b89a6d4c7411f18&-createdAt HTTP/1.0" 200 117 "-" "Expo/2.24.3.1014878 CFNetwork/1331.0.7 Darwin/21.4.0"
::ffff:127.0.0.1 - - [27/Jul/2022:19:51:02 +0000] "GET /api/v1/goods/62e1908e4b89a6d4c7411f18 HTTP/1.0" 304 - "-" "Expo/2.24.3.1014878 CFNetwork/1331.0.7 Darwin/21.4.0"
::1 - - [27/Jul/2022:19:51:16 +0000] "GET /api/v1/goods/62e1908e4b89a6d4c7411f18 HTTP/1.0" 304 - "-" "Expo/2.24.3.1014878 CFNetwork/1331.0.7 Darwin/21.4.0"
::ffff:127.0.0.1 - - [27/Jul/2022:19:51:16 +0000] "GET /api/v1/transactions/user?good=62e1908e4b89a6d4c7411f18&sort=-createdAt HTTP/1.0" 200 1850 "-" "Expo/2.24.3.1014878 CFNetwork/1331.0.7 Darwin/21.4.0"
::1 - - [27/Jul/2022:19:51:38 +0000] "GET /api/v1/goods/62e1908e4b89a6d4c7411f18 HTTP/1.0" 304 - "-" "Expo/2.24.3.1014878 CFNetwork/1331.0.7 Darwin/21.4.0"
::ffff:127.0.0.1 - - [27/Jul/2022:19:51:39 +0000] "GET /api/v1/transactions/user?good=62e1908e4b89a6d4c7411f18&sort=-createdAt HTTP/1.0" 304 - "-" "Expo/2.24.3.1014878 CFNetwork/1331.0.7 Darwin/21.4.0"
::1 - - [27/Jul/2022:19:51:41 +0000] "GET /api/v1/goods/62e1908e4b89a6d4c7411f18 HTTP/1.0" 304 - "-" "Expo/2.24.3.1014878 CFNetwork/1331.0.7 Darwin/21.4.0"
::ffff:127.0.0.1 - - [27/Jul/2022:19:51:42 +0000] "GET /api/v1/transactions/user?good=62e1908e4b89a6d4c7411f18&sort=-createdAt HTTP/1.0" 304 - "-" "Expo/2.24.3.1014878 CFNetwork/1331.0.7 Darwin/21.4.0"
::ffff:127.0.0.1 - - [27/Jul/2022:19:52:53 +0000] "GET /api/v1/goods/62e1908e4b89a6d4c7411f18 HTTP/1.0" 304 - "-" "Expo/2.24.3.1014878 CFNetwork/1331.0.7 Darwin/21.4.0"
::1 - - [27/Jul/2022:19:52:53 +0000] "GET /api/v1/transactions/user?good=62e1908e4b89a6d4c7411f18&sort=-createdAt HTTP/1.0" 304 - "-" "Expo/2.24.3.1014878 CFNetwork/1331.0.7 Darwin/21.4.0"
::1 - - [27/Jul/2022:19:55:32 +0000] "GET /api/v1/goods/62e1908e4b89a6d4c7411f18 HTTP/1.0" 304 - "-" "Expo/2.24.3.1014878 CFNetwork/1331.0.7 Darwin/21.4.0"
::ffff:127.0.0.1 - - [27/Jul/2022:19:55:32 +0000] "GET /api/v1/transactions/user?good=62e1908e4b89a6d4c7411f18&sort=-createdAt HTTP/1.0" 304 - "-" "Expo/2.24.3.1014878 CFNetwork/1331.0.7 Darwin/21.4.0"
::1 - - [27/Jul/2022:19:55:46 +0000] "GET /api/v1/goods/62e1908e4b89a6d4c7411f18 HTTP/1.0" 304 - "-" "Expo/2.24.3.1014878 CFNetwork/1331.0.7 Darwin/21.4.0"
::ffff:127.0.0.1 - - [27/Jul/2022:19:55:46 +0000] "GET /api/v1/transactions/user?good=62e1908e4b89a6d4c7411f18&sort=-createdAt HTTP/1.0" 304 - "-" "Expo/2.24.3.1014878 CFNetwork/1331.0.7 Darwin/21.4.0"
::1 - - [27/Jul/2022:19:55:49 +0000] "GET /api/v1/goods/62e1908e4b89a6d4c7411f18 HTTP/1.0" 304 - "-" "Expo/2.24.3.1014878 CFNetwork/1331.0.7 Darwin/21.4.0"
::ffff:127.0.0.1 - - [27/Jul/2022:19:55:49 +0000] "GET /api/v1/transactions/user?good=62e1908e4b89a6d4c7411f18&sort=-createdAt HTTP/1.0" 304 - "-" "Expo/2.24.3.1014878 CFNetwork/1331.0.7 Darwin/21.4.0"
::ffff:127.0.0.1 - - [27/Jul/2022:20:00:29 +0000] "GET /api/v1/transactions/basket?limit=100&sort=-createdAt HTTP/1.0" 304 - "-" "Expo/2.24.3.1014878 CFNetwork/1331.0.7 Darwin/21.4.0"
::1 - - [27/Jul/2022:20:00:29 +0000] "GET /api/v1/categories HTTP/1.0" 304 - "-" "Expo/2.24.3.1014878 CFNetwork/1331.0.7 Darwin/21.4.0"
::1 - - [27/Jul/2022:20:00:29 +0000] "GET /api/v1/goods/user?limit=100 HTTP/1.0" 304 - "-" "Expo/2.24.3.1014878 CFNetwork/1331.0.7 Darwin/21.4.0"
::ffff:127.0.0.1 - - [27/Jul/2022:20:00:35 +0000] "GET /api/v1/transactions/basket?limit=100&sort=-createdAt HTTP/1.0" 304 - "-" "Expo/2.24.3.1014878 CFNetwork/1331.0.7 Darwin/21.4.0"
::1 - - [27/Jul/2022:20:00:35 +0000] "GET /api/v1/goods/user?limit=100 HTTP/1.0" 304 - "-" "Expo/2.24.3.1014878 CFNetwork/1331.0.7 Darwin/21.4.0"
::ffff:127.0.0.1 - - [27/Jul/2022:20:00:35 +0000] "GET /api/v1/goods/user?limit=100 HTTP/1.0" 304 - "-" "Expo/2.24.3.1014878 CFNetwork/1331.0.7 Darwin/21.4.0"
::ffff:127.0.0.1 - - [27/Jul/2022:20:00:36 +0000] "GET /upload/undefined HTTP/1.0" 404 155 "-" "Expo/2.24.3.1014878 CFNetwork/1331.0.7 Darwin/21.4.0"
::ffff:127.0.0.1 - - [27/Jul/2022:20:00:36 +0000] "GET /api/v1/goods/62e1908e4b89a6d4c7411f18 HTTP/1.0" 304 - "-" "Expo/2.24.3.1014878 CFNetwork/1331.0.7 Darwin/21.4.0"
::1 - - [27/Jul/2022:20:00:36 +0000] "GET /api/v1/transactions/user?good=62e1908e4b89a6d4c7411f18&sort=-createdAt HTTP/1.0" 304 - "-" "Expo/2.24.3.1014878 CFNetwork/1331.0.7 Darwin/21.4.0"
::1 - - [27/Jul/2022:20:00:36 +0000] "GET /api/v1/goods/user?limit=100 HTTP/1.0" 304 - "-" "Expo/2.24.3.1014878 CFNetwork/1331.0.7 Darwin/21.4.0"
::1 - - [27/Jul/2022:20:01:34 +0000] "GET /api/v1/goods/62e1908e4b89a6d4c7411f18 HTTP/1.0" 304 - "-" "Expo/2.24.3.1014878 CFNetwork/1331.0.7 Darwin/21.4.0"
::ffff:127.0.0.1 - - [27/Jul/2022:20:01:34 +0000] "GET /api/v1/transactions/user?good=62e1908e4b89a6d4c7411f18&sort=-createdAt HTTP/1.0" 304 - "-" "Expo/2.24.3.1014878 CFNetwork/1331.0.7 Darwin/21.4.0"
::1 - - [27/Jul/2022:20:01:36 +0000] "GET /api/v1/goods/62e1908e4b89a6d4c7411f18 HTTP/1.0" 304 - "-" "Expo/2.24.3.1014878 CFNetwork/1331.0.7 Darwin/21.4.0"
::ffff:127.0.0.1 - - [27/Jul/2022:20:01:37 +0000] "GET /api/v1/transactions/user?good=62e1908e4b89a6d4c7411f18&sort=-createdAt HTTP/1.0" 304 - "-" "Expo/2.24.3.1014878 CFNetwork/1331.0.7 Darwin/21.4.0"
::1 - - [27/Jul/2022:20:02:04 +0000] "GET /api/v1/goods/62e1908e4b89a6d4c7411f18 HTTP/1.0" 304 - "-" "Expo/2.24.3.1014878 CFNetwork/1331.0.7 Darwin/21.4.0"
::ffff:127.0.0.1 - - [27/Jul/2022:20:02:04 +0000] "GET /api/v1/transactions/user?good=62e1908e4b89a6d4c7411f18&sort=-createdAt HTTP/1.0" 304 - "-" "Expo/2.24.3.1014878 CFNetwork/1331.0.7 Darwin/21.4.0"
::ffff:127.0.0.1 - - [27/Jul/2022:20:02:20 +0000] "GET /upload/undefined HTTP/1.0" 404 155 "-" "Expo/2.24.3.1014878 CFNetwork/1331.0.7 Darwin/21.4.0"
::1 - - [27/Jul/2022:20:02:20 +0000] "GET /api/v1/goods/62e1908e4b89a6d4c7411f18 HTTP/1.0" 304 - "-" "Expo/2.24.3.1014878 CFNetwork/1331.0.7 Darwin/21.4.0"
::ffff:127.0.0.1 - - [27/Jul/2022:20:02:20 +0000] "GET /api/v1/transactions/user?good=62e1908e4b89a6d4c7411f18&sort=-createdAt HTTP/1.0" 304 - "-" "Expo/2.24.3.1014878 CFNetwork/1331.0.7 Darwin/21.4.0"
::1 - - [27/Jul/2022:20:02:34 +0000] "GET /api/v1/goods/62e1908e4b89a6d4c7411f18 HTTP/1.0" 304 - "-" "Expo/2.24.3.1014878 CFNetwork/1331.0.7 Darwin/21.4.0"
::ffff:127.0.0.1 - - [27/Jul/2022:20:02:34 +0000] "GET /api/v1/transactions/user?good=62e1908e4b89a6d4c7411f18&sort=-createdAt HTTP/1.0" 304 - "-" "Expo/2.24.3.1014878 CFNetwork/1331.0.7 Darwin/21.4.0"
::ffff:127.0.0.1 - - [27/Jul/2022:20:02:44 +0000] "GET /api/v1/goods/62e1908e4b89a6d4c7411f18 HTTP/1.0" 304 - "-" "Expo/2.24.3.1014878 CFNetwork/1331.0.7 Darwin/21.4.0"
::1 - - [27/Jul/2022:20:02:44 +0000] "GET /api/v1/transactions/user?good=62e1908e4b89a6d4c7411f18&sort=-createdAt HTTP/1.0" 304 - "-" "Expo/2.24.3.1014878 CFNetwork/1331.0.7 Darwin/21.4.0"
::1 - - [27/Jul/2022:20:02:53 +0000] "GET /api/v1/goods/62e1908e4b89a6d4c7411f18 HTTP/1.0" 304 - "-" "Expo/2.24.3.1014878 CFNetwork/1331.0.7 Darwin/21.4.0"
::ffff:127.0.0.1 - - [27/Jul/2022:20:02:53 +0000] "GET /api/v1/transactions/user?good=62e1908e4b89a6d4c7411f18&sort=-createdAt HTTP/1.0" 304 - "-" "Expo/2.24.3.1014878 CFNetwork/1331.0.7 Darwin/21.4.0"
::1 - - [27/Jul/2022:20:02:57 +0000] "GET /api/v1/goods/62e1908e4b89a6d4c7411f18 HTTP/1.0" 304 - "-" "Expo/2.24.3.1014878 CFNetwork/1331.0.7 Darwin/21.4.0"
::ffff:127.0.0.1 - - [27/Jul/2022:20:02:57 +0000] "GET /api/v1/transactions/user?good=62e1908e4b89a6d4c7411f18&sort=-createdAt HTTP/1.0" 304 - "-" "Expo/2.24.3.1014878 CFNetwork/1331.0.7 Darwin/21.4.0"
::1 - - [27/Jul/2022:20:03:07 +0000] "GET /api/v1/goods/62e1908e4b89a6d4c7411f18 HTTP/1.0" 304 - "-" "Expo/2.24.3.1014878 CFNetwork/1331.0.7 Darwin/21.4.0"
::ffff:127.0.0.1 - - [27/Jul/2022:20:03:07 +0000] "GET /api/v1/transactions/user?good=62e1908e4b89a6d4c7411f18&sort=-createdAt HTTP/1.0" 304 - "-" "Expo/2.24.3.1014878 CFNetwork/1331.0.7 Darwin/21.4.0"
::1 - - [27/Jul/2022:20:03:31 +0000] "GET /api/v1/goods/62e1908e4b89a6d4c7411f18 HTTP/1.0" 304 - "-" "Expo/2.24.3.1014878 CFNetwork/1331.0.7 Darwin/21.4.0"
::ffff:127.0.0.1 - - [27/Jul/2022:20:03:31 +0000] "GET /api/v1/transactions/user?good=62e1908e4b89a6d4c7411f18&sort=-createdAt HTTP/1.0" 304 - "-" "Expo/2.24.3.1014878 CFNetwork/1331.0.7 Darwin/21.4.0"
::ffff:127.0.0.1 - - [27/Jul/2022:20:04:11 +0000] "GET /api/v1/goods/62e1908e4b89a6d4c7411f18 HTTP/1.0" 304 - "-" "Expo/2.24.3.1014878 CFNetwork/1331.0.7 Darwin/21.4.0"
::1 - - [27/Jul/2022:20:04:11 +0000] "GET /api/v1/transactions/user?good=62e1908e4b89a6d4c7411f18&sort=-createdAt HTTP/1.0" 304 - "-" "Expo/2.24.3.1014878 CFNetwork/1331.0.7 Darwin/21.4.0"
::ffff:127.0.0.1 - - [27/Jul/2022:20:04:37 +0000] "GET /api/v1/goods/62e1908e4b89a6d4c7411f18 HTTP/1.0" 304 - "-" "Expo/2.24.3.1014878 CFNetwork/1331.0.7 Darwin/21.4.0"
::1 - - [27/Jul/2022:20:04:37 +0000] "GET /api/v1/transactions/user?good=62e1908e4b89a6d4c7411f18&sort=-createdAt HTTP/1.0" 304 - "-" "Expo/2.24.3.1014878 CFNetwork/1331.0.7 Darwin/21.4.0"
::1 - - [27/Jul/2022:20:04:44 +0000] "GET /api/v1/goods/62e1908e4b89a6d4c7411f18 HTTP/1.0" 304 - "-" "Expo/2.24.3.1014878 CFNetwork/1331.0.7 Darwin/21.4.0"
::ffff:127.0.0.1 - - [27/Jul/2022:20:04:44 +0000] "GET /api/v1/transactions/user?good=62e1908e4b89a6d4c7411f18&sort=-createdAt HTTP/1.0" 304 - "-" "Expo/2.24.3.1014878 CFNetwork/1331.0.7 Darwin/21.4.0"
::1 - - [27/Jul/2022:20:04:46 +0000] "GET /api/v1/goods/62e1908e4b89a6d4c7411f18 HTTP/1.0" 304 - "-" "Expo/2.24.3.1014878 CFNetwork/1331.0.7 Darwin/21.4.0"
::ffff:127.0.0.1 - - [27/Jul/2022:20:04:46 +0000] "GET /api/v1/transactions/user?good=62e1908e4b89a6d4c7411f18&sort=-createdAt HTTP/1.0" 304 - "-" "Expo/2.24.3.1014878 CFNetwork/1331.0.7 Darwin/21.4.0"
::ffff:127.0.0.1 - - [27/Jul/2022:20:05:03 +0000] "GET /upload/undefined HTTP/1.0" 404 155 "-" "Expo/2.24.3.1014878 CFNetwork/1331.0.7 Darwin/21.4.0"
::ffff:127.0.0.1 - - [27/Jul/2022:20:05:03 +0000] "GET /api/v1/goods/62e1908e4b89a6d4c7411f18 HTTP/1.0" 304 - "-" "Expo/2.24.3.1014878 CFNetwork/1331.0.7 Darwin/21.4.0"
::1 - - [27/Jul/2022:20:05:03 +0000] "GET /api/v1/transactions/user?good=62e1908e4b89a6d4c7411f18&sort=-createdAt HTTP/1.0" 304 - "-" "Expo/2.24.3.1014878 CFNetwork/1331.0.7 Darwin/21.4.0"
::1 - - [27/Jul/2022:20:05:09 +0000] "GET /api/v1/goods/62e1908e4b89a6d4c7411f18 HTTP/1.0" 304 - "-" "Expo/2.24.3.1014878 CFNetwork/1331.0.7 Darwin/21.4.0"
::ffff:127.0.0.1 - - [27/Jul/2022:20:05:10 +0000] "GET /api/v1/transactions/user?good=62e1908e4b89a6d4c7411f18&sort=-createdAt HTTP/1.0" 304 - "-" "Expo/2.24.3.1014878 CFNetwork/1331.0.7 Darwin/21.4.0"
::ffff:127.0.0.1 - - [27/Jul/2022:20:06:08 +0000] "GET /.env HTTP/1.0" 404 143 "-" "Mozilla/5.0 (X11; Linux x86_64) AppleWebKit/537.36 (KHTML, like Gecko) Chrome/81.0.4044.129 Safari/537.36"
::1 - - [27/Jul/2022:20:06:09 +0000] "POST / HTTP/1.0" 404 140 "-" "Mozilla/5.0 (X11; Linux x86_64) AppleWebKit/537.36 (KHTML, like Gecko) Chrome/81.0.4044.129 Safari/537.36"
::ffff:127.0.0.1 - - [27/Jul/2022:20:07:10 +0000] "GET /api/v1/categories HTTP/1.0" 304 - "-" "Expo/2.24.3.1014878 CFNetwork/1331.0.7 Darwin/21.4.0"
::1 - - [27/Jul/2022:20:07:10 +0000] "GET /api/v1/transactions/basket?limit=100&sort=-createdAt HTTP/1.0" 304 - "-" "Expo/2.24.3.1014878 CFNetwork/1331.0.7 Darwin/21.4.0"
::ffff:127.0.0.1 - - [27/Jul/2022:20:07:11 +0000] "GET /api/v1/goods/user?limit=100 HTTP/1.0" 304 - "-" "Expo/2.24.3.1014878 CFNetwork/1331.0.7 Darwin/21.4.0"
::1 - - [27/Jul/2022:20:07:12 +0000] "GET /api/v1/transactions/basket?limit=100&sort=-createdAt HTTP/1.0" 304 - "-" "Expo/2.24.3.1014878 CFNetwork/1331.0.7 Darwin/21.4.0"
::1 - - [27/Jul/2022:20:07:12 +0000] "GET /api/v1/goods/user?limit=100 HTTP/1.0" 304 - "-" "Expo/2.24.3.1014878 CFNetwork/1331.0.7 Darwin/21.4.0"
::ffff:127.0.0.1 - - [27/Jul/2022:20:07:12 +0000] "GET /api/v1/goods/user?limit=100 HTTP/1.0" 304 - "-" "Expo/2.24.3.1014878 CFNetwork/1331.0.7 Darwin/21.4.0"
::1 - - [27/Jul/2022:20:07:13 +0000] "GET /upload/undefined HTTP/1.0" 404 155 "-" "Expo/2.24.3.1014878 CFNetwork/1331.0.7 Darwin/21.4.0"
::ffff:127.0.0.1 - - [27/Jul/2022:20:07:13 +0000] "GET /api/v1/goods/62e1908e4b89a6d4c7411f18 HTTP/1.0" 304 - "-" "Expo/2.24.3.1014878 CFNetwork/1331.0.7 Darwin/21.4.0"
::1 - - [27/Jul/2022:20:07:13 +0000] "GET /api/v1/transactions/user?good=62e1908e4b89a6d4c7411f18&sort=-createdAt HTTP/1.0" 304 - "-" "Expo/2.24.3.1014878 CFNetwork/1331.0.7 Darwin/21.4.0"
::ffff:127.0.0.1 - - [27/Jul/2022:20:07:13 +0000] "GET /api/v1/goods/user?limit=100 HTTP/1.0" 304 - "-" "Expo/2.24.3.1014878 CFNetwork/1331.0.7 Darwin/21.4.0"
::ffff:127.0.0.1 - - [27/Jul/2022:20:07:32 +0000] "GET /api/v1/goods/62e1908e4b89a6d4c7411f18 HTTP/1.0" 404 125 "-" "Expo/2.24.3.1014878 CFNetwork/1331.0.7 Darwin/21.4.0"
::1 - - [27/Jul/2022:20:07:32 +0000] "GET /api/v1/transactions/user?good=62e1908e4b89a6d4c7411f18&sort=-createdAt HTTP/1.0" 200 103 "-" "Expo/2.24.3.1014878 CFNetwork/1331.0.7 Darwin/21.4.0"
::1 - - [27/Jul/2022:20:07:34 +0000] "GET /api/v1/goods/user?limit=100 HTTP/1.0" 200 105 "-" "Expo/2.24.3.1014878 CFNetwork/1331.0.7 Darwin/21.4.0"
::ffff:127.0.0.1 - - [27/Jul/2022:20:07:35 +0000] "GET /api/v1/transactions/basket?limit=100&sort=-createdAt HTTP/1.0" 200 105 "-" "Expo/2.24.3.1014878 CFNetwork/1331.0.7 Darwin/21.4.0"
::1 - - [27/Jul/2022:20:07:35 +0000] "GET /api/v1/goods/user?limit=100 HTTP/1.0" 304 - "-" "Expo/2.24.3.1014878 CFNetwork/1331.0.7 Darwin/21.4.0"
::ffff:127.0.0.1 - - [27/Jul/2022:20:07:35 +0000] "GET /api/v1/goods/user?limit=100 HTTP/1.0" 304 - "-" "Expo/2.24.3.1014878 CFNetwork/1331.0.7 Darwin/21.4.0"
::1 - - [27/Jul/2022:20:07:38 +0000] "GET /api/v1/transactions/basket?limit=100&sort=-createdAt HTTP/1.0" 304 - "-" "Expo/2.24.3.1014878 CFNetwork/1331.0.7 Darwin/21.4.0"
::ffff:127.0.0.1 - - [27/Jul/2022:20:07:38 +0000] "GET /api/v1/categories HTTP/1.0" 304 - "-" "Expo/2.24.3.1014878 CFNetwork/1331.0.7 Darwin/21.4.0"
::1 - - [27/Jul/2022:20:07:38 +0000] "GET /api/v1/goods/user?limit=100 HTTP/1.0" 304 - "-" "Expo/2.24.3.1014878 CFNetwork/1331.0.7 Darwin/21.4.0"
::ffff:127.0.0.1 - - [27/Jul/2022:20:07:40 +0000] "GET /api/v1/categories HTTP/1.0" 304 - "-" "Expo/2.24.3.1014878 CFNetwork/1331.0.7 Darwin/21.4.0"
::1 - - [27/Jul/2022:20:07:40 +0000] "GET /api/v1/goods/user?limit=100 HTTP/1.0" 304 - "-" "Expo/2.24.3.1014878 CFNetwork/1331.0.7 Darwin/21.4.0"
::ffff:127.0.0.1 - - [27/Jul/2022:20:07:40 +0000] "GET /api/v1/transactions/basket?limit=100&sort=-createdAt HTTP/1.0" 304 - "-" "Expo/2.24.3.1014878 CFNetwork/1331.0.7 Darwin/21.4.0"
::1 - - [27/Jul/2022:20:08:14 +0000] "POST /api/v1/goods HTTP/1.0" 200 346 "-" "Expo/2.24.3.1014878 CFNetwork/1331.0.7 Darwin/21.4.0"
::ffff:127.0.0.1 - - [27/Jul/2022:20:08:14 +0000] "POST /api/v1/transactions HTTP/1.0" 200 256 "-" "Expo/2.24.3.1014878 CFNetwork/1331.0.7 Darwin/21.4.0"
::1 - - [27/Jul/2022:20:08:20 +0000] "PUT /api/v1/goods/62e19b2e6698bb46cc7ab39c/upload-photo HTTP/1.0" 200 60 "-" "Expo/2.24.3.1014878 CFNetwork/1331.0.7 Darwin/21.4.0"
::ffff:127.0.0.1 - - [27/Jul/2022:20:08:20 +0000] "GET /api/v1/transactions/basket?limit=100&sort=-createdAt HTTP/1.0" 200 437 "-" "Expo/2.24.3.1014878 CFNetwork/1331.0.7 Darwin/21.4.0"
::1 - - [27/Jul/2022:20:08:20 +0000] "GET /api/v1/goods/user?limit=100 HTTP/1.0" 200 507 "-" "Expo/2.24.3.1014878 CFNetwork/1331.0.7 Darwin/21.4.0"
::ffff:127.0.0.1 - - [27/Jul/2022:20:08:26 +0000] "POST /api/v1/bills/receipt HTTP/1.0" 500 66 "-" "Expo/2.24.3.1014878 CFNetwork/1331.0.7 Darwin/21.4.0"
::1 - - [27/Jul/2022:20:08:33 +0000] "POST /api/v1/bills/receipt HTTP/1.0" 500 66 "-" "Expo/2.24.3.1014878 CFNetwork/1331.0.7 Darwin/21.4.0"
::ffff:127.0.0.1 - - [27/Jul/2022:20:08:55 +0000] "GET /api/v1/goods/user?limit=100 HTTP/1.0" 304 - "-" "Expo/2.24.3.1014878 CFNetwork/1331.0.7 Darwin/21.4.0"
::1 - - [27/Jul/2022:20:08:56 +0000] "GET /api/v1/goods/user?limit=100 HTTP/1.0" 304 - "-" "Expo/2.24.3.1014878 CFNetwork/1331.0.7 Darwin/21.4.0"
::ffff:127.0.0.1 - - [27/Jul/2022:20:08:56 +0000] "GET /api/v1/transactions/basket?limit=100&sort=-createdAt HTTP/1.0" 304 - "-" "Expo/2.24.3.1014878 CFNetwork/1331.0.7 Darwin/21.4.0"
::ffff:127.0.0.1 - - [27/Jul/2022:20:08:57 +0000] "GET /upload/undefined HTTP/1.0" 404 155 "-" "Expo/2.24.3.1014878 CFNetwork/1331.0.7 Darwin/21.4.0"
::1 - - [27/Jul/2022:20:08:57 +0000] "GET /api/v1/goods/62e19b2e6698bb46cc7ab39c HTTP/1.0" 200 426 "-" "Expo/2.24.3.1014878 CFNetwork/1331.0.7 Darwin/21.4.0"
::1 - - [27/Jul/2022:20:08:57 +0000] "GET /api/v1/transactions/user?good=62e19b2e6698bb46cc7ab39c&sort=-createdAt HTTP/1.0" 200 435 "-" "Expo/2.24.3.1014878 CFNetwork/1331.0.7 Darwin/21.4.0"
::ffff:127.0.0.1 - - [27/Jul/2022:20:08:57 +0000] "GET /api/v1/goods/user?limit=100 HTTP/1.0" 304 - "-" "Expo/2.24.3.1014878 CFNetwork/1331.0.7 Darwin/21.4.0"
::ffff:127.0.0.1 - - [27/Jul/2022:20:09:02 +0000] "DELETE /api/v1/goods/62e19b2e6698bb46cc7ab39c HTTP/1.0" 200 368 "-" "Expo/2.24.3.1014878 CFNetwork/1331.0.7 Darwin/21.4.0"
::1 - - [27/Jul/2022:20:09:02 +0000] "GET /api/v1/goods/user?limit=100 HTTP/1.0" 200 105 "-" "Expo/2.24.3.1014878 CFNetwork/1331.0.7 Darwin/21.4.0"
::ffff:127.0.0.1 - - [27/Jul/2022:20:09:03 +0000] "GET /api/v1/transactions/basket?limit=100&sort=-createdAt HTTP/1.0" 200 105 "-" "Expo/2.24.3.1014878 CFNetwork/1331.0.7 Darwin/21.4.0"
::1 - - [27/Jul/2022:20:09:03 +0000] "GET /api/v1/goods/user?limit=100 HTTP/1.0" 200 105 "-" "Expo/2.24.3.1014878 CFNetwork/1331.0.7 Darwin/21.4.0"
::ffff:127.0.0.1 - - [27/Jul/2022:20:09:03 +0000] "GET /api/v1/goods/user?limit=100 HTTP/1.0" 200 105 "-" "Expo/2.24.3.1014878 CFNetwork/1331.0.7 Darwin/21.4.0"
::1 - - [27/Jul/2022:20:10:09 +0000] "GET /api/v1/categories HTTP/1.0" 304 - "-" "Expo/2.24.3.1014878 CFNetwork/1331.0.7 Darwin/21.4.0"
::ffff:127.0.0.1 - - [27/Jul/2022:20:10:09 +0000] "GET /api/v1/goods/user?limit=100 HTTP/1.0" 304 - "-" "Expo/2.24.3.1014878 CFNetwork/1331.0.7 Darwin/21.4.0"
::1 - - [27/Jul/2022:20:10:09 +0000] "GET /api/v1/transactions/basket?limit=100&sort=-createdAt HTTP/1.0" 304 - "-" "Expo/2.24.3.1014878 CFNetwork/1331.0.7 Darwin/21.4.0"
::ffff:127.0.0.1 - - [27/Jul/2022:20:10:10 +0000] "GET /api/v1/goods/user?limit=100 HTTP/1.0" 304 - "-" "Expo/2.24.3.1014878 CFNetwork/1331.0.7 Darwin/21.4.0"
::1 - - [27/Jul/2022:20:10:10 +0000] "GET /api/v1/categories HTTP/1.0" 304 - "-" "Expo/2.24.3.1014878 CFNetwork/1331.0.7 Darwin/21.4.0"
::ffff:127.0.0.1 - - [27/Jul/2022:20:10:10 +0000] "GET /api/v1/transactions/basket?limit=100&sort=-createdAt HTTP/1.0" 304 - "-" "Expo/2.24.3.1014878 CFNetwork/1331.0.7 Darwin/21.4.0"
::1 - - [27/Jul/2022:20:10:29 +0000] "POST /api/v1/goods HTTP/1.0" 200 346 "-" "Expo/2.24.3.1014878 CFNetwork/1331.0.7 Darwin/21.4.0"
::ffff:127.0.0.1 - - [27/Jul/2022:20:10:32 +0000] "PUT /api/v1/goods/62e19bb5fd14d5479f57cb9a/upload-photo HTTP/1.0" 200 60 "-" "Expo/2.24.3.1014878 CFNetwork/1331.0.7 Darwin/21.4.0"
::1 - - [27/Jul/2022:20:10:32 +0000] "GET /api/v1/transactions/basket?limit=100&sort=-createdAt HTTP/1.0" 304 - "-" "Expo/2.24.3.1014878 CFNetwork/1331.0.7 Darwin/21.4.0"
::ffff:127.0.0.1 - - [27/Jul/2022:20:10:33 +0000] "GET /api/v1/goods/user?limit=100 HTTP/1.0" 200 507 "-" "Expo/2.24.3.1014878 CFNetwork/1331.0.7 Darwin/21.4.0"
::1 - - [27/Jul/2022:20:10:39 +0000] "POST /api/v1/transactions HTTP/1.0" 200 256 "-" "Expo/2.24.3.1014878 CFNetwork/1331.0.7 Darwin/21.4.0"
::ffff:127.0.0.1 - - [27/Jul/2022:20:10:39 +0000] "GET /api/v1/transactions/basket?limit=100&sort=-createdAt HTTP/1.0" 200 437 "-" "Expo/2.24.3.1014878 CFNetwork/1331.0.7 Darwin/21.4.0"
::1 - - [27/Jul/2022:20:10:39 +0000] "GET /api/v1/transactions/basket?limit=100&sort=-createdAt HTTP/1.0" 200 437 "-" "Expo/2.24.3.1014878 CFNetwork/1331.0.7 Darwin/21.4.0"
::ffff:127.0.0.1 - - [27/Jul/2022:20:10:42 +0000] "POST /api/v1/bills/receipt HTTP/1.0" 200 285 "-" "Expo/2.24.3.1014878 CFNetwork/1331.0.7 Darwin/21.4.0"
::1 - - [27/Jul/2022:20:10:43 +0000] "GET /api/v1/transactions/basket?limit=100&sort=-createdAt HTTP/1.0" 200 105 "-" "Expo/2.24.3.1014878 CFNetwork/1331.0.7 Darwin/21.4.0"
::ffff:127.0.0.1 - - [27/Jul/2022:20:10:43 +0000] "GET /api/v1/transactions/basket?limit=100&sort=-createdAt HTTP/1.0" 200 105 "-" "Expo/2.24.3.1014878 CFNetwork/1331.0.7 Darwin/21.4.0"
::1 - - [27/Jul/2022:20:10:49 +0000] "POST /api/v1/transactions HTTP/1.0" 200 256 "-" "Expo/2.24.3.1014878 CFNetwork/1331.0.7 Darwin/21.4.0"
::ffff:127.0.0.1 - - [27/Jul/2022:20:10:49 +0000] "GET /api/v1/transactions/basket?limit=100&sort=-createdAt HTTP/1.0" 200 437 "-" "Expo/2.24.3.1014878 CFNetwork/1331.0.7 Darwin/21.4.0"
::1 - - [27/Jul/2022:20:10:49 +0000] "GET /api/v1/transactions/basket?limit=100&sort=-createdAt HTTP/1.0" 200 437 "-" "Expo/2.24.3.1014878 CFNetwork/1331.0.7 Darwin/21.4.0"
::ffff:127.0.0.1 - - [27/Jul/2022:20:10:52 +0000] "POST /api/v1/bills/receipt HTTP/1.0" 200 285 "-" "Expo/2.24.3.1014878 CFNetwork/1331.0.7 Darwin/21.4.0"
::1 - - [27/Jul/2022:20:10:52 +0000] "GET /api/v1/transactions/basket?limit=100&sort=-createdAt HTTP/1.0" 200 105 "-" "Expo/2.24.3.1014878 CFNetwork/1331.0.7 Darwin/21.4.0"
::ffff:127.0.0.1 - - [27/Jul/2022:20:10:52 +0000] "GET /api/v1/transactions/basket?limit=100&sort=-createdAt HTTP/1.0" 200 105 "-" "Expo/2.24.3.1014878 CFNetwork/1331.0.7 Darwin/21.4.0"
::1 - - [27/Jul/2022:20:11:01 +0000] "POST /api/v1/transactions HTTP/1.0" 200 256 "-" "Expo/2.24.3.1014878 CFNetwork/1331.0.7 Darwin/21.4.0"
::ffff:127.0.0.1 - - [27/Jul/2022:20:11:02 +0000] "GET /api/v1/transactions/basket?limit=100&sort=-createdAt HTTP/1.0" 200 437 "-" "Expo/2.24.3.1014878 CFNetwork/1331.0.7 Darwin/21.4.0"
::1 - - [27/Jul/2022:20:11:02 +0000] "GET /api/v1/transactions/basket?limit=100&sort=-createdAt HTTP/1.0" 200 437 "-" "Expo/2.24.3.1014878 CFNetwork/1331.0.7 Darwin/21.4.0"
::ffff:127.0.0.1 - - [27/Jul/2022:20:11:06 +0000] "POST /api/v1/bills/drain HTTP/1.0" 200 379 "-" "Expo/2.24.3.1014878 CFNetwork/1331.0.7 Darwin/21.4.0"
::1 - - [27/Jul/2022:20:11:07 +0000] "GET /api/v1/transactions/basket?limit=100&sort=-createdAt HTTP/1.0" 200 105 "-" "Expo/2.24.3.1014878 CFNetwork/1331.0.7 Darwin/21.4.0"
::ffff:127.0.0.1 - - [27/Jul/2022:20:11:07 +0000] "GET /api/v1/transactions/basket?limit=100&sort=-createdAt HTTP/1.0" 200 105 "-" "Expo/2.24.3.1014878 CFNetwork/1331.0.7 Darwin/21.4.0"
::1 - - [27/Jul/2022:20:11:08 +0000] "GET /api/v1/goods/user?limit=100 HTTP/1.0" 200 510 "-" "Expo/2.24.3.1014878 CFNetwork/1331.0.7 Darwin/21.4.0"
::ffff:127.0.0.1 - - [27/Jul/2022:20:11:08 +0000] "GET /api/v1/goods/user?limit=100 HTTP/1.0" 200 510 "-" "Expo/2.24.3.1014878 CFNetwork/1331.0.7 Darwin/21.4.0"
::1 - - [27/Jul/2022:20:11:08 +0000] "GET /api/v1/transactions/basket?limit=100&sort=-createdAt HTTP/1.0" 304 - "-" "Expo/2.24.3.1014878 CFNetwork/1331.0.7 Darwin/21.4.0"
::1 - - [27/Jul/2022:20:11:09 +0000] "GET /upload/undefined HTTP/1.0" 404 155 "-" "Expo/2.24.3.1014878 CFNetwork/1331.0.7 Darwin/21.4.0"
::1 - - [27/Jul/2022:20:11:09 +0000] "GET /api/v1/goods/62e19bb5fd14d5479f57cb9a HTTP/1.0" 200 429 "-" "Expo/2.24.3.1014878 CFNetwork/1331.0.7 Darwin/21.4.0"
::ffff:127.0.0.1 - - [27/Jul/2022:20:11:09 +0000] "GET /api/v1/transactions/user?good=62e19bb5fd14d5479f57cb9a&sort=-createdAt HTTP/1.0" 200 1480 "-" "Expo/2.24.3.1014878 CFNetwork/1331.0.7 Darwin/21.4.0"
::ffff:127.0.0.1 - - [27/Jul/2022:20:11:09 +0000] "GET /api/v1/goods/user?limit=100 HTTP/1.0" 304 - "-" "Expo/2.24.3.1014878 CFNetwork/1331.0.7 Darwin/21.4.0"
::ffff:127.0.0.1 - - [27/Jul/2022:20:11:34 +0000] "GET /api/v1/goods/62e19bb5fd14d5479f57cb9a HTTP/1.0" 304 - "-" "Expo/2.24.3.1014878 CFNetwork/1331.0.7 Darwin/21.4.0"
::1 - - [27/Jul/2022:20:11:34 +0000] "GET /api/v1/transactions/user?good=62e19bb5fd14d5479f57cb9a&sort=-createdAt HTTP/1.0" 304 - "-" "Expo/2.24.3.1014878 CFNetwork/1331.0.7 Darwin/21.4.0"
::ffff:127.0.0.1 - - [27/Jul/2022:20:11:49 +0000] "GET /api/v1/goods/62e19bb5fd14d5479f57cb9a HTTP/1.0" 304 - "-" "Expo/2.24.3.1014878 CFNetwork/1331.0.7 Darwin/21.4.0"
::1 - - [27/Jul/2022:20:11:49 +0000] "GET /api/v1/transactions/user?good=62e19bb5fd14d5479f57cb9a&sort=-createdAt HTTP/1.0" 304 - "-" "Expo/2.24.3.1014878 CFNetwork/1331.0.7 Darwin/21.4.0"
::ffff:127.0.0.1 - - [27/Jul/2022:20:12:00 +0000] "GET /api/v1/goods/62e19bb5fd14d5479f57cb9a HTTP/1.0" 304 - "-" "Expo/2.24.3.1014878 CFNetwork/1331.0.7 Darwin/21.4.0"
::1 - - [27/Jul/2022:20:12:00 +0000] "GET /api/v1/transactions/user?good=62e19bb5fd14d5479f57cb9a&sort=-createdAt HTTP/1.0" 304 - "-" "Expo/2.24.3.1014878 CFNetwork/1331.0.7 Darwin/21.4.0"
::ffff:127.0.0.1 - - [27/Jul/2022:20:12:16 +0000] "GET /api/v1/goods/62e19bb5fd14d5479f57cb9a HTTP/1.0" 304 - "-" "Expo/2.24.3.1014878 CFNetwork/1331.0.7 Darwin/21.4.0"
::1 - - [27/Jul/2022:20:12:16 +0000] "GET /api/v1/transactions/user?good=62e19bb5fd14d5479f57cb9a&sort=-createdAt HTTP/1.0" 304 - "-" "Expo/2.24.3.1014878 CFNetwork/1331.0.7 Darwin/21.4.0"
::ffff:127.0.0.1 - - [27/Jul/2022:20:12:19 +0000] "GET /api/v1/goods/62e19bb5fd14d5479f57cb9a HTTP/1.0" 304 - "-" "Expo/2.24.3.1014878 CFNetwork/1331.0.7 Darwin/21.4.0"
::1 - - [27/Jul/2022:20:12:19 +0000] "GET /api/v1/transactions/user?good=62e19bb5fd14d5479f57cb9a&sort=-createdAt HTTP/1.0" 304 - "-" "Expo/2.24.3.1014878 CFNetwork/1331.0.7 Darwin/21.4.0"
::ffff:127.0.0.1 - - [27/Jul/2022:20:12:40 +0000] "GET /api/v1/goods/62e19bb5fd14d5479f57cb9a HTTP/1.0" 304 - "-" "Expo/2.24.3.1014878 CFNetwork/1331.0.7 Darwin/21.4.0"
::1 - - [27/Jul/2022:20:12:40 +0000] "GET /api/v1/transactions/user?good=62e19bb5fd14d5479f57cb9a&sort=-createdAt HTTP/1.0" 304 - "-" "Expo/2.24.3.1014878 CFNetwork/1331.0.7 Darwin/21.4.0"
::ffff:127.0.0.1 - - [27/Jul/2022:20:13:32 +0000] "GET /api/v1/goods/62e19bb5fd14d5479f57cb9a HTTP/1.0" 304 - "-" "Expo/2.24.3.1014878 CFNetwork/1331.0.7 Darwin/21.4.0"
::1 - - [27/Jul/2022:20:13:32 +0000] "GET /api/v1/transactions/user?good=62e19bb5fd14d5479f57cb9a&sort=-createdAt HTTP/1.0" 304 - "-" "Expo/2.24.3.1014878 CFNetwork/1331.0.7 Darwin/21.4.0"
::1 - - [27/Jul/2022:20:13:42 +0000] "GET /api/v1/goods/user?limit=100 HTTP/1.0" 304 - "-" "Expo/2.24.3.1014878 CFNetwork/1331.0.7 Darwin/21.4.0"
::ffff:127.0.0.1 - - [27/Jul/2022:20:13:45 +0000] "GET /api/v1/bills/user?limit=1000&sort=-createdAt HTTP/1.0" 200 1455 "-" "Expo/2.24.3.1014878 CFNetwork/1331.0.7 Darwin/21.4.0"
::1 - - [27/Jul/2022:20:13:45 +0000] "GET /api/v1/goods/user?limit=100 HTTP/1.0" 304 - "-" "Expo/2.24.3.1014878 CFNetwork/1331.0.7 Darwin/21.4.0"
::ffff:127.0.0.1 - - [27/Jul/2022:20:13:56 +0000] "GET /api/v1/bills/user?limit=1000&sort=-createdAt HTTP/1.0" 304 - "-" "Expo/2.24.3.1014878 CFNetwork/1331.0.7 Darwin/21.4.0"
::1 - - [27/Jul/2022:20:13:58 +0000] "GET /api/v1/bills/user?limit=1000&sort=-createdAt HTTP/1.0" 304 - "-" "Expo/2.24.3.1014878 CFNetwork/1331.0.7 Darwin/21.4.0"
::1 - - [27/Jul/2022:20:13:59 +0000] "GET /api/v1/bills/user?limit=1000&sort=-createdAt HTTP/1.0" 304 - "-" "Expo/2.24.3.1014878 CFNetwork/1331.0.7 Darwin/21.4.0"
::ffff:127.0.0.1 - - [27/Jul/2022:20:13:59 +0000] "GET /api/v1/goods/user?limit=100 HTTP/1.0" 304 - "-" "Expo/2.24.3.1014878 CFNetwork/1331.0.7 Darwin/21.4.0"
::ffff:127.0.0.1 - - [27/Jul/2022:20:14:01 +0000] "GET /api/v1/goods/user?limit=100 HTTP/1.0" 304 - "-" "Expo/2.24.3.1014878 CFNetwork/1331.0.7 Darwin/21.4.0"
::ffff:127.0.0.1 - - [27/Jul/2022:20:14:23 +0000] "GET /api/v1/transactions/basket?limit=100&sort=-createdAt HTTP/1.0" 304 - "-" "Expo/2.24.3.1014878 CFNetwork/1331.0.7 Darwin/21.4.0"
::1 - - [27/Jul/2022:20:14:23 +0000] "GET /api/v1/goods/user?limit=100 HTTP/1.0" 304 - "-" "Expo/2.24.3.1014878 CFNetwork/1331.0.7 Darwin/21.4.0"
::1 - - [27/Jul/2022:20:16:29 +0000] "GET /api/v1/categories HTTP/1.0" 304 - "-" "Expo/2.24.3.1014878 CFNetwork/1331.0.7 Darwin/21.4.0"
::ffff:127.0.0.1 - - [27/Jul/2022:20:16:29 +0000] "GET /api/v1/transactions/basket?limit=100&sort=-createdAt HTTP/1.0" 304 - "-" "Expo/2.24.3.1014878 CFNetwork/1331.0.7 Darwin/21.4.0"
::1 - - [27/Jul/2022:20:16:29 +0000] "GET /api/v1/goods/user?limit=100 HTTP/1.0" 304 - "-" "Expo/2.24.3.1014878 CFNetwork/1331.0.7 Darwin/21.4.0"
::ffff:127.0.0.1 - - [27/Jul/2022:20:16:56 +0000] "POST /api/v1/goods HTTP/1.0" 200 330 "-" "Expo/2.24.3.1014878 CFNetwork/1331.0.7 Darwin/21.4.0"
::ffff:127.0.0.1 - - [27/Jul/2022:20:17:07 +0000] "GET /api/v1/categories HTTP/1.0" 304 - "-" "Expo/2.24.3.1014878 CFNetwork/1331.0.7 Darwin/21.4.0"
::1 - - [27/Jul/2022:20:17:07 +0000] "GET /api/v1/transactions/basket?limit=100&sort=-createdAt HTTP/1.0" 304 - "-" "Expo/2.24.3.1014878 CFNetwork/1331.0.7 Darwin/21.4.0"
::1 - - [27/Jul/2022:20:17:07 +0000] "GET /api/v1/goods/user?limit=100 HTTP/1.0" 200 875 "-" "Expo/2.24.3.1014878 CFNetwork/1331.0.7 Darwin/21.4.0"
::ffff:127.0.0.1 - - [27/Jul/2022:20:18:21 +0000] "POST /api/v1/transactions HTTP/1.0" 200 255 "-" "Expo/2.24.3.1014878 CFNetwork/1331.0.7 Darwin/21.4.0"
::1 - - [27/Jul/2022:20:18:22 +0000] "GET /api/v1/transactions/basket?limit=100&sort=-createdAt HTTP/1.0" 200 436 "-" "Expo/2.24.3.1014878 CFNetwork/1331.0.7 Darwin/21.4.0"
::ffff:127.0.0.1 - - [27/Jul/2022:20:18:22 +0000] "GET /api/v1/transactions/basket?limit=100&sort=-createdAt HTTP/1.0" 200 436 "-" "Expo/2.24.3.1014878 CFNetwork/1331.0.7 Darwin/21.4.0"
::1 - - [27/Jul/2022:20:18:27 +0000] "POST /api/v1/transactions HTTP/1.0" 200 254 "-" "Expo/2.24.3.1014878 CFNetwork/1331.0.7 Darwin/21.4.0"
::ffff:127.0.0.1 - - [27/Jul/2022:20:18:27 +0000] "GET /api/v1/transactions/basket?limit=100&sort=-createdAt HTTP/1.0" 200 743 "-" "Expo/2.24.3.1014878 CFNetwork/1331.0.7 Darwin/21.4.0"
::1 - - [27/Jul/2022:20:18:28 +0000] "GET /api/v1/transactions/basket?limit=100&sort=-createdAt HTTP/1.0" 200 743 "-" "Expo/2.24.3.1014878 CFNetwork/1331.0.7 Darwin/21.4.0"
::ffff:127.0.0.1 - - [27/Jul/2022:20:20:22 +0000] "GET /api/v1/bills/user?limit=1000&sort=-createdAt HTTP/1.0" 304 - "-" "Expo/2.24.3.1014878 CFNetwork/1331.0.7 Darwin/21.4.0"
::1 - - [27/Jul/2022:20:20:22 +0000] "GET /api/v1/transactions/basket?limit=100&sort=-createdAt HTTP/1.0" 304 - "-" "Expo/2.24.3.1014878 CFNetwork/1331.0.7 Darwin/21.4.0"
::ffff:127.0.0.1 - - [27/Jul/2022:20:20:22 +0000] "GET /api/v1/goods/user?limit=100 HTTP/1.0" 304 - "-" "Expo/2.24.3.1014878 CFNetwork/1331.0.7 Darwin/21.4.0"
::1 - - [27/Jul/2022:20:20:27 +0000] "GET /api/v1/bills/user?limit=1000&sort=-createdAt HTTP/1.0" 304 - "-" "Expo/2.24.3.1014878 CFNetwork/1331.0.7 Darwin/21.4.0"
::ffff:127.0.0.1 - - [27/Jul/2022:20:20:28 +0000] "GET /api/v1/bills/user?limit=1000&sort=-createdAt HTTP/1.0" 304 - "-" "Expo/2.24.3.1014878 CFNetwork/1331.0.7 Darwin/21.4.0"
::1 - - [27/Jul/2022:20:20:29 +0000] "GET /api/v1/bills/user?limit=1000&sort=-createdAt HTTP/1.0" 304 - "-" "Expo/2.24.3.1014878 CFNetwork/1331.0.7 Darwin/21.4.0"
::ffff:127.0.0.1 - - [27/Jul/2022:20:22:45 +0000] "GET /api/v1/goods/user?limit=100 HTTP/1.0" 304 - "-" "Expo/2.24.3.1014878 CFNetwork/1331.0.7 Darwin/21.4.0"
::1 - - [27/Jul/2022:20:22:47 +0000] "GET /upload/undefined HTTP/1.0" 404 155 "-" "Expo/2.24.3.1014878 CFNetwork/1331.0.7 Darwin/21.4.0"
::1 - - [27/Jul/2022:20:22:47 +0000] "GET /api/v1/goods/62e19bb5fd14d5479f57cb9a HTTP/1.0" 304 - "-" "Expo/2.24.3.1014878 CFNetwork/1331.0.7 Darwin/21.4.0"
::ffff:127.0.0.1 - - [27/Jul/2022:20:22:48 +0000] "GET /api/v1/goods/user?limit=100 HTTP/1.0" 304 - "-" "Expo/2.24.3.1014878 CFNetwork/1331.0.7 Darwin/21.4.0"
::ffff:127.0.0.1 - - [27/Jul/2022:20:22:48 +0000] "GET /api/v1/transactions/user?good=62e19bb5fd14d5479f57cb9a&sort=-createdAt HTTP/1.0" 200 1812 "-" "Expo/2.24.3.1014878 CFNetwork/1331.0.7 Darwin/21.4.0"
::1 - - [27/Jul/2022:20:23:47 +0000] "GET /api/v1/goods/62e19bb5fd14d5479f57cb9a HTTP/1.0" 304 - "-" "Expo/2.24.3.1014878 CFNetwork/1331.0.7 Darwin/21.4.0"
::ffff:127.0.0.1 - - [27/Jul/2022:20:23:47 +0000] "GET /api/v1/transactions/user?good=62e19bb5fd14d5479f57cb9a&sort=-createdAt HTTP/1.0" 304 - "-" "Expo/2.24.3.1014878 CFNetwork/1331.0.7 Darwin/21.4.0"
::ffff:127.0.0.1 - - [27/Jul/2022:20:23:52 +0000] "GET /api/v1/goods/62e19bb5fd14d5479f57cb9a HTTP/1.0" 304 - "-" "Expo/2.24.3.1014878 CFNetwork/1331.0.7 Darwin/21.4.0"
::1 - - [27/Jul/2022:20:23:52 +0000] "GET /api/v1/transactions/user?good=62e19bb5fd14d5479f57cb9a&sort=-createdAt HTTP/1.0" 304 - "-" "Expo/2.24.3.1014878 CFNetwork/1331.0.7 Darwin/21.4.0"
::ffff:127.0.0.1 - - [27/Jul/2022:20:24:08 +0000] "GET /api/v1/goods/62e19bb5fd14d5479f57cb9a HTTP/1.0" 304 - "-" "Expo/2.24.3.1014878 CFNetwork/1331.0.7 Darwin/21.4.0"
::1 - - [27/Jul/2022:20:24:08 +0000] "GET /api/v1/transactions/user?good=62e19bb5fd14d5479f57cb9a&sort=-createdAt HTTP/1.0" 304 - "-" "Expo/2.24.3.1014878 CFNetwork/1331.0.7 Darwin/21.4.0"
::ffff:127.0.0.1 - - [27/Jul/2022:20:24:28 +0000] "GET /api/v1/goods/62e19bb5fd14d5479f57cb9a HTTP/1.0" 304 - "-" "Expo/2.24.3.1014878 CFNetwork/1331.0.7 Darwin/21.4.0"
::1 - - [27/Jul/2022:20:24:29 +0000] "GET /api/v1/transactions/user?good=62e19bb5fd14d5479f57cb9a&sort=-createdAt HTTP/1.0" 304 - "-" "Expo/2.24.3.1014878 CFNetwork/1331.0.7 Darwin/21.4.0"
::ffff:127.0.0.1 - - [27/Jul/2022:20:24:34 +0000] "GET /api/v1/goods/62e19bb5fd14d5479f57cb9a HTTP/1.0" 304 - "-" "Expo/2.24.3.1014878 CFNetwork/1331.0.7 Darwin/21.4.0"
::1 - - [27/Jul/2022:20:24:34 +0000] "GET /api/v1/transactions/user?good=62e19bb5fd14d5479f57cb9a&sort=-createdAt HTTP/1.0" 304 - "-" "Expo/2.24.3.1014878 CFNetwork/1331.0.7 Darwin/21.4.0"
::ffff:127.0.0.1 - - [27/Jul/2022:20:24:43 +0000] "GET /api/v1/goods/62e19bb5fd14d5479f57cb9a HTTP/1.0" 304 - "-" "Expo/2.24.3.1014878 CFNetwork/1331.0.7 Darwin/21.4.0"
::1 - - [27/Jul/2022:20:24:43 +0000] "GET /api/v1/transactions/user?good=62e19bb5fd14d5479f57cb9a&sort=-createdAt HTTP/1.0" 304 - "-" "Expo/2.24.3.1014878 CFNetwork/1331.0.7 Darwin/21.4.0"
::ffff:127.0.0.1 - - [27/Jul/2022:20:25:11 +0000] "GET /api/v1/goods/62e19bb5fd14d5479f57cb9a HTTP/1.0" 304 - "-" "Expo/2.24.3.1014878 CFNetwork/1331.0.7 Darwin/21.4.0"
::1 - - [27/Jul/2022:20:25:11 +0000] "GET /api/v1/transactions/user?good=62e19bb5fd14d5479f57cb9a&sort=-createdAt HTTP/1.0" 304 - "-" "Expo/2.24.3.1014878 CFNetwork/1331.0.7 Darwin/21.4.0"
::ffff:127.0.0.1 - - [27/Jul/2022:20:25:29 +0000] "GET /api/v1/goods/62e19bb5fd14d5479f57cb9a HTTP/1.0" 304 - "-" "Expo/2.24.3.1014878 CFNetwork/1331.0.7 Darwin/21.4.0"
::1 - - [27/Jul/2022:20:25:30 +0000] "GET /api/v1/transactions/user?good=62e19bb5fd14d5479f57cb9a&sort=-createdAt HTTP/1.0" 304 - "-" "Expo/2.24.3.1014878 CFNetwork/1331.0.7 Darwin/21.4.0"
::ffff:127.0.0.1 - - [27/Jul/2022:20:25:45 +0000] "GET /api/v1/goods/62e19bb5fd14d5479f57cb9a HTTP/1.0" 304 - "-" "Expo/2.24.3.1014878 CFNetwork/1331.0.7 Darwin/21.4.0"
::1 - - [27/Jul/2022:20:25:45 +0000] "GET /api/v1/transactions/user?good=62e19bb5fd14d5479f57cb9a&sort=-createdAt HTTP/1.0" 304 - "-" "Expo/2.24.3.1014878 CFNetwork/1331.0.7 Darwin/21.4.0"
::ffff:127.0.0.1 - - [27/Jul/2022:20:25:58 +0000] "GET /api/v1/goods/62e19bb5fd14d5479f57cb9a HTTP/1.0" 304 - "-" "Expo/2.24.3.1014878 CFNetwork/1331.0.7 Darwin/21.4.0"
::1 - - [27/Jul/2022:20:25:59 +0000] "GET /api/v1/transactions/user?good=62e19bb5fd14d5479f57cb9a&sort=-createdAt HTTP/1.0" 304 - "-" "Expo/2.24.3.1014878 CFNetwork/1331.0.7 Darwin/21.4.0"
::ffff:127.0.0.1 - - [27/Jul/2022:20:26:08 +0000] "GET /api/v1/goods/62e19bb5fd14d5479f57cb9a HTTP/1.0" 304 - "-" "Expo/2.24.3.1014878 CFNetwork/1331.0.7 Darwin/21.4.0"
::1 - - [27/Jul/2022:20:26:08 +0000] "GET /api/v1/transactions/user?good=62e19bb5fd14d5479f57cb9a&sort=-createdAt HTTP/1.0" 304 - "-" "Expo/2.24.3.1014878 CFNetwork/1331.0.7 Darwin/21.4.0"
::ffff:127.0.0.1 - - [27/Jul/2022:20:26:30 +0000] "GET /api/v1/goods/62e19bb5fd14d5479f57cb9a HTTP/1.0" 304 - "-" "Expo/2.24.3.1014878 CFNetwork/1331.0.7 Darwin/21.4.0"
::1 - - [27/Jul/2022:20:26:30 +0000] "GET /api/v1/transactions/user?good=62e19bb5fd14d5479f57cb9a&sort=-createdAt HTTP/1.0" 304 - "-" "Expo/2.24.3.1014878 CFNetwork/1331.0.7 Darwin/21.4.0"
::ffff:127.0.0.1 - - [27/Jul/2022:20:26:42 +0000] "GET /api/v1/goods/62e19bb5fd14d5479f57cb9a HTTP/1.0" 304 - "-" "Expo/2.24.3.1014878 CFNetwork/1331.0.7 Darwin/21.4.0"
::1 - - [27/Jul/2022:20:26:42 +0000] "GET /api/v1/transactions/user?good=62e19bb5fd14d5479f57cb9a&sort=-createdAt HTTP/1.0" 304 - "-" "Expo/2.24.3.1014878 CFNetwork/1331.0.7 Darwin/21.4.0"
::ffff:127.0.0.1 - - [27/Jul/2022:20:27:04 +0000] "GET /api/v1/goods/62e19bb5fd14d5479f57cb9a HTTP/1.0" 304 - "-" "Expo/2.24.3.1014878 CFNetwork/1331.0.7 Darwin/21.4.0"
::1 - - [27/Jul/2022:20:27:04 +0000] "GET /api/v1/transactions/user?good=62e19bb5fd14d5479f57cb9a&sort=-createdAt HTTP/1.0" 304 - "-" "Expo/2.24.3.1014878 CFNetwork/1331.0.7 Darwin/21.4.0"
::ffff:127.0.0.1 - - [27/Jul/2022:20:28:14 +0000] "GET /api/v1/goods/62e19bb5fd14d5479f57cb9a HTTP/1.0" 304 - "-" "Expo/2.24.3.1014878 CFNetwork/1331.0.7 Darwin/21.4.0"
::1 - - [27/Jul/2022:20:28:14 +0000] "GET /api/v1/transactions/user?good=62e19bb5fd14d5479f57cb9a&sort=-createdAt HTTP/1.0" 304 - "-" "Expo/2.24.3.1014878 CFNetwork/1331.0.7 Darwin/21.4.0"
::ffff:127.0.0.1 - - [27/Jul/2022:20:28:36 +0000] "GET /api/v1/goods/62e19bb5fd14d5479f57cb9a HTTP/1.0" 304 - "-" "Expo/2.24.3.1014878 CFNetwork/1331.0.7 Darwin/21.4.0"
::1 - - [27/Jul/2022:20:28:36 +0000] "GET /api/v1/transactions/user?good=62e19bb5fd14d5479f57cb9a&sort=-createdAt HTTP/1.0" 304 - "-" "Expo/2.24.3.1014878 CFNetwork/1331.0.7 Darwin/21.4.0"
::ffff:127.0.0.1 - - [27/Jul/2022:20:28:48 +0000] "GET /api/v1/goods/user?limit=100 HTTP/1.0" 304 - "-" "Expo/2.24.3.1014878 CFNetwork/1331.0.7 Darwin/21.4.0"
::1 - - [27/Jul/2022:20:28:49 +0000] "GET /api/v1/goods/user?limit=100 HTTP/1.0" 304 - "-" "Expo/2.24.3.1014878 CFNetwork/1331.0.7 Darwin/21.4.0"
::ffff:127.0.0.1 - - [27/Jul/2022:20:28:49 +0000] "GET /api/v1/goods/user?limit=100 HTTP/1.0" 304 - "-" "Expo/2.24.3.1014878 CFNetwork/1331.0.7 Darwin/21.4.0"
::1 - - [27/Jul/2022:20:28:49 +0000] "GET /api/v1/transactions/basket?limit=100&sort=-createdAt HTTP/1.0" 304 - "-" "Expo/2.24.3.1014878 CFNetwork/1331.0.7 Darwin/21.4.0"
::ffff:127.0.0.1 - - [27/Jul/2022:20:28:54 +0000] "POST /api/v1/transactions HTTP/1.0" 200 256 "-" "Expo/2.24.3.1014878 CFNetwork/1331.0.7 Darwin/21.4.0"
::1 - - [27/Jul/2022:20:28:55 +0000] "GET /api/v1/transactions/basket?limit=100&sort=-createdAt HTTP/1.0" 200 1076 "-" "Expo/2.24.3.1014878 CFNetwork/1331.0.7 Darwin/21.4.0"
::ffff:127.0.0.1 - - [27/Jul/2022:20:28:55 +0000] "GET /api/v1/transactions/basket?limit=100&sort=-createdAt HTTP/1.0" 200 1076 "-" "Expo/2.24.3.1014878 CFNetwork/1331.0.7 Darwin/21.4.0"
::1 - - [27/Jul/2022:20:28:57 +0000] "DELETE /api/v1/transactions/62e19d93fd14d5479f57cc48 HTTP/1.0" 200 254 "-" "Expo/2.24.3.1014878 CFNetwork/1331.0.7 Darwin/21.4.0"
::ffff:127.0.0.1 - - [27/Jul/2022:20:28:58 +0000] "GET /api/v1/transactions/basket?limit=100&sort=-createdAt HTTP/1.0" 200 769 "-" "Expo/2.24.3.1014878 CFNetwork/1331.0.7 Darwin/21.4.0"
::1 - - [27/Jul/2022:20:28:58 +0000] "GET /api/v1/transactions/basket?limit=100&sort=-createdAt HTTP/1.0" 200 769 "-" "Expo/2.24.3.1014878 CFNetwork/1331.0.7 Darwin/21.4.0"
::ffff:127.0.0.1 - - [27/Jul/2022:20:28:58 +0000] "DELETE /api/v1/transactions/62e1a006fd14d5479f57ccc5 HTTP/1.0" 200 256 "-" "Expo/2.24.3.1014878 CFNetwork/1331.0.7 Darwin/21.4.0"
::1 - - [27/Jul/2022:20:28:59 +0000] "GET /api/v1/transactions/basket?limit=100&sort=-createdAt HTTP/1.0" 200 436 "-" "Expo/2.24.3.1014878 CFNetwork/1331.0.7 Darwin/21.4.0"
::ffff:127.0.0.1 - - [27/Jul/2022:20:28:59 +0000] "GET /api/v1/transactions/basket?limit=100&sort=-createdAt HTTP/1.0" 200 436 "-" "Expo/2.24.3.1014878 CFNetwork/1331.0.7 Darwin/21.4.0"
::1 - - [27/Jul/2022:20:29:02 +0000] "POST /api/v1/bills/receipt HTTP/1.0" 200 283 "-" "Expo/2.24.3.1014878 CFNetwork/1331.0.7 Darwin/21.4.0"
::ffff:127.0.0.1 - - [27/Jul/2022:20:29:03 +0000] "GET /api/v1/transactions/basket?limit=100&sort=-createdAt HTTP/1.0" 200 105 "-" "Expo/2.24.3.1014878 CFNetwork/1331.0.7 Darwin/21.4.0"
::1 - - [27/Jul/2022:20:29:03 +0000] "GET /api/v1/transactions/basket?limit=100&sort=-createdAt HTTP/1.0" 200 105 "-" "Expo/2.24.3.1014878 CFNetwork/1331.0.7 Darwin/21.4.0"
::ffff:127.0.0.1 - - [27/Jul/2022:20:29:04 +0000] "GET /api/v1/transactions/basket?limit=100&sort=-createdAt HTTP/1.0" 304 - "-" "Expo/2.24.3.1014878 CFNetwork/1331.0.7 Darwin/21.4.0"
::ffff:127.0.0.1 - - [27/Jul/2022:20:29:04 +0000] "GET /api/v1/goods/user?limit=100 HTTP/1.0" 200 875 "-" "Expo/2.24.3.1014878 CFNetwork/1331.0.7 Darwin/21.4.0"
::1 - - [27/Jul/2022:20:29:04 +0000] "GET /api/v1/goods/user?limit=100 HTTP/1.0" 200 875 "-" "Expo/2.24.3.1014878 CFNetwork/1331.0.7 Darwin/21.4.0"
::1 - - [27/Jul/2022:20:29:05 +0000] "GET /upload/undefined HTTP/1.0" 404 155 "-" "Expo/2.24.3.1014878 CFNetwork/1331.0.7 Darwin/21.4.0"
::1 - - [27/Jul/2022:20:29:05 +0000] "GET /api/v1/goods/62e19bb5fd14d5479f57cb9a HTTP/1.0" 200 429 "-" "Expo/2.24.3.1014878 CFNetwork/1331.0.7 Darwin/21.4.0"
::ffff:127.0.0.1 - - [27/Jul/2022:20:29:05 +0000] "GET /api/v1/transactions/user?good=62e19bb5fd14d5479f57cb9a&sort=-createdAt HTTP/1.0" 200 1937 "-" "Expo/2.24.3.1014878 CFNetwork/1331.0.7 Darwin/21.4.0"
