::1 - - [07/Jun/2022:18:07:58 +0000] "POST /api/v1/users/login HTTP/1.0" 200 547 "-" "Expo/2.24.3.1014878 CFNetwork/1331.0.7 Darwin/21.4.0"
::1 - - [07/Jun/2022:18:07:58 +0000] "GET /api/v1/goods/user?name= HTTP/1.0" 304 - "-" "Expo/2.24.3.1014878 CFNetwork/1331.0.7 Darwin/21.4.0"
::ffff:127.0.0.1 - - [07/Jun/2022:18:08:00 +0000] "GET /api/v1/categories HTTP/1.0" 304 - "-" "Expo/2.24.3.1014878 CFNetwork/1331.0.7 Darwin/21.4.0"
::1 - - [07/Jun/2022:18:08:17 +0000] "POST /api/v1/goods HTTP/1.0" 200 351 "-" "Expo/2.24.3.1014878 CFNetwork/1331.0.7 Darwin/21.4.0"
::ffff:127.0.0.1 - - [07/Jun/2022:18:08:21 +0000] "GET /api/v1/goods/user?select=name%20photo&limit=100 HTTP/1.0" 200 1176 "-" "Expo/2.24.3.1014878 CFNetwork/1331.0.7 Darwin/21.4.0"
::1 - - [07/Jun/2022:18:08:21 +0000] "GET /upload/no-photo.jpg HTTP/1.0" 404 158 "-" "Expo/2.24.3.1014878 CFNetwork/1331.0.7 Darwin/21.4.0"
::ffff:127.0.0.1 - - [07/Jun/2022:18:08:21 +0000] "GET /upload/no-photo.jpg HTTP/1.0" 404 158 "-" "Expo/2.24.3.1014878 CFNetwork/1331.0.7 Darwin/21.4.0"
::1 - - [07/Jun/2022:18:08:21 +0000] "GET /upload/photo_629f90dd8ad3a04b44e183df.jpg HTTP/1.0" 404 180 "-" "Expo/2.24.3.1014878 CFNetwork/1331.0.7 Darwin/21.4.0"
::ffff:127.0.0.1 - - [07/Jun/2022:18:08:21 +0000] "GET /upload/no-photo.jpg HTTP/1.0" 404 158 "-" "Expo/2.24.3.1014878 CFNetwork/1331.0.7 Darwin/21.4.0"
::ffff:127.0.0.1 - - [07/Jun/2022:18:08:32 +0000] "GET /api/v1/goods/user?barCode=8656020816125 HTTP/1.0" 200 874 "-" "Expo/2.24.3.1014878 CFNetwork/1331.0.7 Darwin/21.4.0"
::1 - - [07/Jun/2022:18:09:05 +0000] "POST /api/v1/users/login HTTP/1.0" 200 547 "-" "Expo/2.24.3.1014878 CFNetwork/1331.0.7 Darwin/21.4.0"
::ffff:127.0.0.1 - - [07/Jun/2022:18:09:05 +0000] "GET /api/v1/goods/user?name= HTTP/1.0" 200 103 "-" "Expo/2.24.3.1014878 CFNetwork/1331.0.7 Darwin/21.4.0"
::1 - - [07/Jun/2022:18:09:08 +0000] "GET /api/v1/goods/user?select=name%20photo&limit=100 HTTP/1.0" 304 - "-" "Expo/2.24.3.1014878 CFNetwork/1331.0.7 Darwin/21.4.0"
::ffff:127.0.0.1 - - [07/Jun/2022:18:09:08 +0000] "GET /upload/no-photo.jpg HTTP/1.0" 404 158 "-" "Expo/2.24.3.1014878 CFNetwork/1331.0.7 Darwin/21.4.0"
::1 - - [07/Jun/2022:18:09:08 +0000] "GET /upload/no-photo.jpg HTTP/1.0" 404 158 "-" "Expo/2.24.3.1014878 CFNetwork/1331.0.7 Darwin/21.4.0"
::1 - - [07/Jun/2022:18:09:08 +0000] "GET /upload/no-photo.jpg HTTP/1.0" 404 158 "-" "Expo/2.24.3.1014878 CFNetwork/1331.0.7 Darwin/21.4.0"
::ffff:127.0.0.1 - - [07/Jun/2022:18:09:08 +0000] "GET /upload/no-photo.jpg HTTP/1.0" 404 158 "-" "Expo/2.24.3.1014878 CFNetwork/1331.0.7 Darwin/21.4.0"
::1 - - [07/Jun/2022:18:09:10 +0000] "GET /api/v1/categories HTTP/1.0" 304 - "-" "Expo/2.24.3.1014878 CFNetwork/1331.0.7 Darwin/21.4.0"
::ffff:127.0.0.1 - - [07/Jun/2022:18:09:21 +0000] "POST /api/v1/goods HTTP/1.0" 200 338 "-" "Expo/2.24.3.1014878 CFNetwork/1331.0.7 Darwin/21.4.0"
::1 - - [07/Jun/2022:18:09:24 +0000] "GET /api/v1/goods/user?select=name%20photo&limit=100 HTTP/1.0" 200 1386 "-" "Expo/2.24.3.1014878 CFNetwork/1331.0.7 Darwin/21.4.0"
::ffff:127.0.0.1 - - [07/Jun/2022:18:09:24 +0000] "GET /upload/no-photo.jpg HTTP/1.0" 404 158 "-" "Expo/2.24.3.1014878 CFNetwork/1331.0.7 Darwin/21.4.0"
::1 - - [07/Jun/2022:18:09:24 +0000] "GET /upload/no-photo.jpg HTTP/1.0" 404 158 "-" "Expo/2.24.3.1014878 CFNetwork/1331.0.7 Darwin/21.4.0"
::ffff:127.0.0.1 - - [07/Jun/2022:18:09:24 +0000] "GET /upload/no-photo.jpg HTTP/1.0" 404 158 "-" "Expo/2.24.3.1014878 CFNetwork/1331.0.7 Darwin/21.4.0"
::1 - - [07/Jun/2022:18:09:24 +0000] "GET /upload/no-photo.jpg HTTP/1.0" 404 158 "-" "Expo/2.24.3.1014878 CFNetwork/1331.0.7 Darwin/21.4.0"
::1 - - [07/Jun/2022:18:09:24 +0000] "GET /upload/no-photo.jpg HTTP/1.0" 404 158 "-" "Expo/2.24.3.1014878 CFNetwork/1331.0.7 Darwin/21.4.0"
::ffff:127.0.0.1 - - [07/Jun/2022:18:09:37 +0000] "GET /api/v1/goods/user?barCode=8656020816125 HTTP/1.0" 200 887 "-" "Expo/2.24.3.1014878 CFNetwork/1331.0.7 Darwin/21.4.0"
::1 - - [07/Jun/2022:18:10:05 +0000] "GET /api/v1/goods HTTP/1.0" 200 2028 "-" "PostmanRuntime/7.29.0"
::ffff:127.0.0.1 - - [07/Jun/2022:18:14:33 +0000] "POST /api/v1/users/login HTTP/1.0" 200 547 "-" "Expo/2.24.3.1014878 CFNetwork/1331.0.7 Darwin/21.4.0"
::1 - - [07/Jun/2022:18:14:34 +0000] "GET /api/v1/goods/user?name= HTTP/1.0" 200 116 "-" "Expo/2.24.3.1014878 CFNetwork/1331.0.7 Darwin/21.4.0"
::ffff:127.0.0.1 - - [07/Jun/2022:18:14:40 +0000] "GET /api/v1/goods/user?barCode=8656020816125 HTTP/1.0" 304 - "-" "Expo/2.24.3.1014878 CFNetwork/1331.0.7 Darwin/21.4.0"
::1 - - [07/Jun/2022:18:15:06 +0000] "GET /api/v1/goods/user?name= HTTP/1.0" 304 - "-" "Expo/2.24.3.1014878 CFNetwork/1331.0.7 Darwin/21.4.0"
::1 - - [07/Jun/2022:18:19:10 +0000] "POST /api/v1/users/login HTTP/1.0" 200 547 "-" "Expo/2.24.3.1014878 CFNetwork/1331.0.7 Darwin/21.4.0"
::ffff:127.0.0.1 - - [07/Jun/2022:18:19:10 +0000] "GET /api/v1/goods/user?name= HTTP/1.0" 304 - "-" "Expo/2.24.3.1014878 CFNetwork/1331.0.7 Darwin/21.4.0"
::1 - - [07/Jun/2022:18:19:15 +0000] "GET /api/v1/categories HTTP/1.0" 304 - "-" "Expo/2.24.3.1014878 CFNetwork/1331.0.7 Darwin/21.4.0"
::ffff:127.0.0.1 - - [07/Jun/2022:18:19:19 +0000] "PUT /api/v1/goods/629f90b3625eb82324427422/upload-photo HTTP/1.0" 200 60 "-" "PostmanRuntime/7.29.0"
::1 - - [07/Jun/2022:18:19:28 +0000] "POST /api/v1/goods HTTP/1.0" 200 338 "-" "Expo/2.24.3.1014878 CFNetwork/1331.0.7 Darwin/21.4.0"
::ffff:127.0.0.1 - - [07/Jun/2022:18:19:29 +0000] "PUT /api/v1/goods/629f96b0f78597295cba03a9/upload-photo HTTP/1.0" 200 60 "-" "Expo/2.24.3.1014878 CFNetwork/1331.0.7 Darwin/21.4.0"
::1 - - [07/Jun/2022:18:19:32 +0000] "GET /api/v1/goods/user?select=name%20photo&limit=100 HTTP/1.0" 200 1640 "-" "Expo/2.24.3.1014878 CFNetwork/1331.0.7 Darwin/21.4.0"
::1 - - [07/Jun/2022:18:19:32 +0000] "GET /upload/no-photo.jpg HTTP/1.0" 404 158 "-" "Expo/2.24.3.1014878 CFNetwork/1331.0.7 Darwin/21.4.0"
::ffff:127.0.0.1 - - [07/Jun/2022:18:19:32 +0000] "GET /upload/no-photo.jpg HTTP/1.0" 404 158 "-" "Expo/2.24.3.1014878 CFNetwork/1331.0.7 Darwin/21.4.0"
::1 - - [07/Jun/2022:18:19:32 +0000] "GET /upload/no-photo.jpg HTTP/1.0" 404 158 "-" "Expo/2.24.3.1014878 CFNetwork/1331.0.7 Darwin/21.4.0"
::1 - - [07/Jun/2022:18:19:32 +0000] "GET /upload/no-photo.jpg HTTP/1.0" 404 158 "-" "Expo/2.24.3.1014878 CFNetwork/1331.0.7 Darwin/21.4.0"
::1 - - [07/Jun/2022:18:19:52 +0000] "GET / HTTP/1.0" 404 139 "-" "Mozilla/5.0 (Windows NT 10.0; Win64; x64) AppleWebKit/537.36 (KHTML, like Gecko) Chrome/78.0.3904.108 Safari/537.36"
::ffff:127.0.0.1 - - [07/Jun/2022:18:21:25 +0000] "GET /api/v1/goods/user?name= HTTP/1.0" 200 116 "-" "Expo/2.24.3.1014878 CFNetwork/1331.0.7 Darwin/21.4.0"
::1 - - [07/Jun/2022:18:21:31 +0000] "GET /api/v1/goods/user?name= HTTP/1.0" 304 - "-" "Expo/2.24.3.1014878 CFNetwork/1331.0.7 Darwin/21.4.0"
::ffff:127.0.0.1 - - [07/Jun/2022:18:21:35 +0000] "GET /api/v1/goods/user?barCode=8656020816125 HTTP/1.0" 200 909 "-" "Expo/2.24.3.1014878 CFNetwork/1331.0.7 Darwin/21.4.0"
::1 - - [07/Jun/2022:18:23:51 +0000] "GET /cmd0/ HTTP/1.0" 404 144 "-" "Mozilla/5.0 zgrab/0.x"
::ffff:127.0.0.1 - - [07/Jun/2022:18:24:09 +0000] "GET /api/v1/goods/user?name= HTTP/1.0" 304 - "-" "Expo/2.24.3.1014878 CFNetwork/1331.0.7 Darwin/21.4.0"
::1 - - [07/Jun/2022:18:24:16 +0000] "POST /api/v1/users/login HTTP/1.0" 200 547 "-" "Expo/2.24.3.1014878 CFNetwork/1331.0.7 Darwin/21.4.0"
::ffff:127.0.0.1 - - [07/Jun/2022:18:24:16 +0000] "GET /api/v1/goods/user?name= HTTP/1.0" 304 - "-" "Expo/2.24.3.1014878 CFNetwork/1331.0.7 Darwin/21.4.0"
::1 - - [07/Jun/2022:18:24:22 +0000] "GET /api/v1/goods/user?barCode=8656020816125 HTTP/1.0" 304 - "-" "Expo/2.24.3.1014878 CFNetwork/1331.0.7 Darwin/21.4.0"
::ffff:127.0.0.1 - - [07/Jun/2022:18:24:52 +0000] "GET /api/v1/goods/user?name= HTTP/1.0" 304 - "-" "Expo/2.24.3.1014878 CFNetwork/1331.0.7 Darwin/21.4.0"
::1 - - [07/Jun/2022:18:25:01 +0000] "GET /api/v1/goods/user?barCode=8656020816125 HTTP/1.0" 304 - "-" "Expo/2.24.3.1014878 CFNetwork/1331.0.7 Darwin/21.4.0"
::ffff:127.0.0.1 - - [07/Jun/2022:18:25:35 +0000] "GET /api/v1/goods/user?name= HTTP/1.0" 304 - "-" "Expo/2.24.3.1014878 CFNetwork/1331.0.7 Darwin/21.4.0"
::1 - - [07/Jun/2022:18:28:54 +0000] "GET /api/v1/goods/user?name= HTTP/1.0" 304 - "-" "Expo/2.24.3.1014878 CFNetwork/1331.0.7 Darwin/21.4.0"
::ffff:127.0.0.1 - - [07/Jun/2022:18:32:54 +0000] "GET /api/v1/goods/user?select=name%20photo&limit=100 HTTP/1.0" 304 - "-" "Expo/2.24.3.1014878 CFNetwork/1331.0.7 Darwin/21.4.0"
::1 - - [07/Jun/2022:18:32:54 +0000] "GET /upload/no-photo.jpg HTTP/1.0" 404 158 "-" "Expo/2.24.3.1014878 CFNetwork/1331.0.7 Darwin/21.4.0"
::1 - - [07/Jun/2022:18:32:54 +0000] "GET /upload/no-photo.jpg HTTP/1.0" 404 158 "-" "Expo/2.24.3.1014878 CFNetwork/1331.0.7 Darwin/21.4.0"
::1 - - [07/Jun/2022:18:32:54 +0000] "GET /upload/no-photo.jpg HTTP/1.0" 404 158 "-" "Expo/2.24.3.1014878 CFNetwork/1331.0.7 Darwin/21.4.0"
::1 - - [07/Jun/2022:18:32:54 +0000] "GET /upload/no-photo.jpg HTTP/1.0" 404 158 "-" "Expo/2.24.3.1014878 CFNetwork/1331.0.7 Darwin/21.4.0"
::ffff:127.0.0.1 - - [07/Jun/2022:18:33:37 +0000] "GET /api/v1/goods/user HTTP/1.0" 200 2050 "-" "Expo/2.24.3.1014878 CFNetwork/1331.0.7 Darwin/21.4.0"
::1 - - [07/Jun/2022:18:34:39 +0000] "GET /api/v1/goods/user HTTP/1.0" 304 - "-" "Expo/2.24.3.1014878 CFNetwork/1331.0.7 Darwin/21.4.0"
::ffff:127.0.0.1 - - [07/Jun/2022:18:34:54 +0000] "GET /api/v1/goods/user HTTP/1.0" 304 - "-" "Expo/2.24.3.1014878 CFNetwork/1331.0.7 Darwin/21.4.0"
::1 - - [07/Jun/2022:18:35:56 +0000] "POST /api/v1/users/login HTTP/1.0" 200 547 "-" "Expo/2.24.3.1014878 CFNetwork/1331.0.7 Darwin/21.4.0"
::ffff:127.0.0.1 - - [07/Jun/2022:18:35:57 +0000] "POST /api/v1/users/login HTTP/1.0" 200 547 "-" "Expo/2.24.3.1014878 CFNetwork/1331.0.7 Darwin/21.4.0"
::1 - - [07/Jun/2022:18:35:57 +0000] "GET /api/v1/goods/user?name= HTTP/1.0" 304 - "-" "Expo/2.24.3.1014878 CFNetwork/1331.0.7 Darwin/21.4.0"
::ffff:127.0.0.1 - - [07/Jun/2022:18:36:04 +0000] "POST /api/v1/users/login HTTP/1.0" 200 547 "-" "Expo/2.24.3.1014878 CFNetwork/1331.0.7 Darwin/21.4.0"
::1 - - [07/Jun/2022:18:36:05 +0000] "GET /api/v1/goods/user?name= HTTP/1.0" 304 - "-" "Expo/2.24.3.1014878 CFNetwork/1331.0.7 Darwin/21.4.0"
::ffff:127.0.0.1 - - [07/Jun/2022:18:36:17 +0000] "POST /api/v1/users/login HTTP/1.0" 200 547 "-" "Expo/2.24.3.1014878 CFNetwork/1331.0.7 Darwin/21.4.0"
::1 - - [07/Jun/2022:18:36:17 +0000] "GET /api/v1/goods/user?name= HTTP/1.0" 304 - "-" "Expo/2.24.3.1014878 CFNetwork/1331.0.7 Darwin/21.4.0"
::ffff:127.0.0.1 - - [07/Jun/2022:18:36:18 +0000] "GET /api/v1/goods/user HTTP/1.0" 304 - "-" "Expo/2.24.3.1014878 CFNetwork/1331.0.7 Darwin/21.4.0"
::1 - - [07/Jun/2022:18:37:41 +0000] "GET /api/v1/goods/user HTTP/1.0" 304 - "-" "Expo/2.24.3.1014878 CFNetwork/1331.0.7 Darwin/21.4.0"
::ffff:127.0.0.1 - - [07/Jun/2022:18:37:45 +0000] "GET /api/v1/goods/user HTTP/1.0" 304 - "-" "Expo/2.24.3.1014878 CFNetwork/1331.0.7 Darwin/21.4.0"
::1 - - [07/Jun/2022:18:37:52 +0000] "GET /api/v1/goods/user HTTP/1.0" 304 - "-" "Expo/2.24.3.1014878 CFNetwork/1331.0.7 Darwin/21.4.0"
::ffff:127.0.0.1 - - [07/Jun/2022:18:38:03 +0000] "GET /api/v1/goods/user HTTP/1.0" 304 - "-" "Expo/2.24.3.1014878 CFNetwork/1331.0.7 Darwin/21.4.0"
::1 - - [07/Jun/2022:18:38:14 +0000] "GET /api/v1/goods/user HTTP/1.0" 304 - "-" "Expo/2.24.3.1014878 CFNetwork/1331.0.7 Darwin/21.4.0"
::ffff:127.0.0.1 - - [07/Jun/2022:18:38:19 +0000] "GET /api/v1/goods/user HTTP/1.0" 304 - "-" "Expo/2.24.3.1014878 CFNetwork/1331.0.7 Darwin/21.4.0"
::1 - - [07/Jun/2022:18:38:27 +0000] "GET /api/v1/goods/user HTTP/1.0" 304 - "-" "Expo/2.24.3.1014878 CFNetwork/1331.0.7 Darwin/21.4.0"
::ffff:127.0.0.1 - - [07/Jun/2022:18:38:49 +0000] "GET /api/v1/goods/user HTTP/1.0" 304 - "-" "Expo/2.24.3.1014878 CFNetwork/1331.0.7 Darwin/21.4.0"
::1 - - [07/Jun/2022:18:39:02 +0000] "GET /api/v1/goods/user HTTP/1.0" 304 - "-" "Expo/2.24.3.1014878 CFNetwork/1331.0.7 Darwin/21.4.0"
::ffff:127.0.0.1 - - [07/Jun/2022:18:39:11 +0000] "GET /api/v1/goods/user HTTP/1.0" 304 - "-" "Expo/2.24.3.1014878 CFNetwork/1331.0.7 Darwin/21.4.0"
::1 - - [07/Jun/2022:18:39:18 +0000] "GET /api/v1/goods/user HTTP/1.0" 304 - "-" "Expo/2.24.3.1014878 CFNetwork/1331.0.7 Darwin/21.4.0"
::ffff:127.0.0.1 - - [07/Jun/2022:18:39:30 +0000] "GET /api/v1/goods/user HTTP/1.0" 304 - "-" "Expo/2.24.3.1014878 CFNetwork/1331.0.7 Darwin/21.4.0"
::1 - - [07/Jun/2022:18:39:54 +0000] "GET /api/v1/goods/user HTTP/1.0" 304 - "-" "Expo/2.24.3.1014878 CFNetwork/1331.0.7 Darwin/21.4.0"
::ffff:127.0.0.1 - - [07/Jun/2022:18:39:57 +0000] "GET /api/v1/goods/user HTTP/1.0" 304 - "-" "Expo/2.24.3.1014878 CFNetwork/1331.0.7 Darwin/21.4.0"
::1 - - [07/Jun/2022:18:40:03 +0000] "GET /api/v1/goods/user HTTP/1.0" 304 - "-" "Expo/2.24.3.1014878 CFNetwork/1331.0.7 Darwin/21.4.0"
::ffff:127.0.0.1 - - [07/Jun/2022:18:40:05 +0000] "GET /api/v1/goods/user HTTP/1.0" 304 - "-" "Expo/2.24.3.1014878 CFNetwork/1331.0.7 Darwin/21.4.0"
::1 - - [07/Jun/2022:18:40:08 +0000] "GET /api/v1/goods/user HTTP/1.0" 304 - "-" "Expo/2.24.3.1014878 CFNetwork/1331.0.7 Darwin/21.4.0"
::ffff:127.0.0.1 - - [07/Jun/2022:18:41:00 +0000] "GET /api/v1/goods/user HTTP/1.0" 304 - "-" "Expo/2.24.3.1014878 CFNetwork/1331.0.7 Darwin/21.4.0"
::1 - - [07/Jun/2022:18:41:09 +0000] "GET /api/v1/goods/user HTTP/1.0" 304 - "-" "Expo/2.24.3.1014878 CFNetwork/1331.0.7 Darwin/21.4.0"
::ffff:127.0.0.1 - - [07/Jun/2022:18:44:45 +0000] "GET / HTTP/1.0" 404 139 "-" "-"
::1 - - [07/Jun/2022:18:44:46 +0000] "GET / HTTP/1.0" 404 139 "-" "Mozilla/5.0 (compatible; CensysInspect/1.1; +https://about.censys.io/)"
::ffff:127.0.0.1 - - [07/Jun/2022:18:45:41 +0000] "GET /api/v1/goods/user HTTP/1.0" 304 - "-" "Expo/2.24.3.1014878 CFNetwork/1331.0.7 Darwin/21.4.0"
::1 - - [07/Jun/2022:18:45:54 +0000] "GET /api/v1/goods/user HTTP/1.0" 304 - "-" "Expo/2.24.3.1014878 CFNetwork/1331.0.7 Darwin/21.4.0"
::ffff:127.0.0.1 - - [07/Jun/2022:18:46:14 +0000] "GET /api/v1/goods/user HTTP/1.0" 304 - "-" "Expo/2.24.3.1014878 CFNetwork/1331.0.7 Darwin/21.4.0"
::1 - - [07/Jun/2022:18:46:16 +0000] "GET /api/v1/goods/user HTTP/1.0" 304 - "-" "Expo/2.24.3.1014878 CFNetwork/1331.0.7 Darwin/21.4.0"
::ffff:127.0.0.1 - - [07/Jun/2022:18:46:27 +0000] "GET /api/v1/goods/user HTTP/1.0" 304 - "-" "Expo/2.24.3.1014878 CFNetwork/1331.0.7 Darwin/21.4.0"
::1 - - [07/Jun/2022:18:46:48 +0000] "GET /api/v1/goods/user HTTP/1.0" 304 - "-" "Expo/2.24.3.1014878 CFNetwork/1331.0.7 Darwin/21.4.0"
::ffff:127.0.0.1 - - [07/Jun/2022:18:47:03 +0000] "GET /api/v1/goods/user HTTP/1.0" 304 - "-" "Expo/2.24.3.1014878 CFNetwork/1331.0.7 Darwin/21.4.0"
::1 - - [07/Jun/2022:18:47:10 +0000] "GET /api/v1/goods/user HTTP/1.0" 304 - "-" "Expo/2.24.3.1014878 CFNetwork/1331.0.7 Darwin/21.4.0"
::ffff:127.0.0.1 - - [07/Jun/2022:18:47:22 +0000] "GET /api/v1/goods/user HTTP/1.0" 304 - "-" "Expo/2.24.3.1014878 CFNetwork/1331.0.7 Darwin/21.4.0"
::1 - - [07/Jun/2022:18:47:53 +0000] "GET /api/v1/goods/user HTTP/1.0" 304 - "-" "Expo/2.24.3.1014878 CFNetwork/1331.0.7 Darwin/21.4.0"
::ffff:127.0.0.1 - - [07/Jun/2022:18:47:59 +0000] "GET /api/v1/goods/user HTTP/1.0" 304 - "-" "Expo/2.24.3.1014878 CFNetwork/1331.0.7 Darwin/21.4.0"
::1 - - [07/Jun/2022:18:48:01 +0000] "GET /api/v1/goods/user HTTP/1.0" 304 - "-" "Expo/2.24.3.1014878 CFNetwork/1331.0.7 Darwin/21.4.0"
::ffff:127.0.0.1 - - [07/Jun/2022:18:48:16 +0000] "GET /api/v1/goods/user HTTP/1.0" 304 - "-" "Expo/2.24.3.1014878 CFNetwork/1331.0.7 Darwin/21.4.0"
::1 - - [07/Jun/2022:18:48:24 +0000] "GET /api/v1/goods/user HTTP/1.0" 304 - "-" "Expo/2.24.3.1014878 CFNetwork/1331.0.7 Darwin/21.4.0"
::ffff:127.0.0.1 - - [07/Jun/2022:18:48:38 +0000] "GET /api/v1/goods/user HTTP/1.0" 304 - "-" "Expo/2.24.3.1014878 CFNetwork/1331.0.7 Darwin/21.4.0"
::1 - - [07/Jun/2022:18:48:57 +0000] "GET /api/v1/goods/user HTTP/1.0" 304 - "-" "Expo/2.24.3.1014878 CFNetwork/1331.0.7 Darwin/21.4.0"
::ffff:127.0.0.1 - - [07/Jun/2022:18:49:10 +0000] "GET /api/v1/goods/user HTTP/1.0" 304 - "-" "Expo/2.24.3.1014878 CFNetwork/1331.0.7 Darwin/21.4.0"
::1 - - [07/Jun/2022:18:49:13 +0000] "GET /api/v1/goods/user HTTP/1.0" 304 - "-" "Expo/2.24.3.1014878 CFNetwork/1331.0.7 Darwin/21.4.0"
::ffff:127.0.0.1 - - [07/Jun/2022:18:49:25 +0000] "GET /api/v1/goods/user HTTP/1.0" 304 - "-" "Expo/2.24.3.1014878 CFNetwork/1331.0.7 Darwin/21.4.0"
::1 - - [07/Jun/2022:18:50:08 +0000] "GET /actuator/gateway/routes HTTP/1.0" 404 162 "-" "Mozilla/5.0 (Windows NT 10.0; Win64; x64) AppleWebKit/537.36 (KHTML, like Gecko) Chrome/78.0.3904.108 Safari/537.36"
::ffff:127.0.0.1 - - [07/Jun/2022:18:52:08 +0000] "GET /api/v1/goods/user HTTP/1.0" 304 - "-" "Expo/2.24.3.1014878 CFNetwork/1331.0.7 Darwin/21.4.0"
::1 - - [07/Jun/2022:18:52:48 +0000] "GET /api/v1/goods/user HTTP/1.0" 304 - "-" "Expo/2.24.3.1014878 CFNetwork/1331.0.7 Darwin/21.4.0"
::ffff:127.0.0.1 - - [07/Jun/2022:18:53:47 +0000] "POST /api/v1/users/login HTTP/1.0" 200 547 "-" "Expo/2.24.3.1014878 CFNetwork/1331.0.7 Darwin/21.4.0"
::1 - - [07/Jun/2022:18:53:47 +0000] "GET /api/v1/goods/user?name= HTTP/1.0" 304 - "-" "Expo/2.24.3.1014878 CFNetwork/1331.0.7 Darwin/21.4.0"
::ffff:127.0.0.1 - - [07/Jun/2022:18:53:48 +0000] "GET /api/v1/goods/user HTTP/1.0" 304 - "-" "Expo/2.24.3.1014878 CFNetwork/1331.0.7 Darwin/21.4.0"
::1 - - [07/Jun/2022:18:53:49 +0000] "GET /api/v1/goods/user/629f90b3625eb82324427422 HTTP/1.0" 404 181 "-" "Expo/2.24.3.1014878 CFNetwork/1331.0.7 Darwin/21.4.0"
::ffff:127.0.0.1 - - [07/Jun/2022:18:53:57 +0000] "GET /api/v1/goods/629f90b3625eb82324427422 HTTP/1.0" 200 373 "-" "Expo/2.24.3.1014878 CFNetwork/1331.0.7 Darwin/21.4.0"
::1 - - [07/Jun/2022:18:54:00 +0000] "GET /api/v1/goods/629f90dd8ad3a04b44e183df HTTP/1.0" 200 360 "-" "Expo/2.24.3.1014878 CFNetwork/1331.0.7 Darwin/21.4.0"
::ffff:127.0.0.1 - - [07/Jun/2022:18:54:04 +0000] "GET /api/v1/goods/629f9411dab90f283659ef43 HTTP/1.0" 200 351 "-" "Expo/2.24.3.1014878 CFNetwork/1331.0.7 Darwin/21.4.0"
::1 - - [07/Jun/2022:18:54:33 +0000] "GET /api/v1/goods/629f9411dab90f283659ef43 HTTP/1.0" 304 - "-" "Expo/2.24.3.1014878 CFNetwork/1331.0.7 Darwin/21.4.0"
::ffff:127.0.0.1 - - [07/Jun/2022:18:56:21 +0000] "GET /api/v1/goods/629f9411dab90f283659ef43 HTTP/1.0" 304 - "-" "Expo/2.24.3.1014878 CFNetwork/1331.0.7 Darwin/21.4.0"
::1 - - [07/Jun/2022:18:56:29 +0000] "GET /upload/no-photo.jpg HTTP/1.0" 404 158 "-" "Expo/2.24.3.1014878 CFNetwork/1331.0.7 Darwin/21.4.0"
::ffff:127.0.0.1 - - [07/Jun/2022:18:56:29 +0000] "GET /api/v1/goods/629f9411dab90f283659ef43 HTTP/1.0" 304 - "-" "Expo/2.24.3.1014878 CFNetwork/1331.0.7 Darwin/21.4.0"
::1 - - [07/Jun/2022:18:56:34 +0000] "GET /api/v1/goods/user?select=name%20photo&limit=100 HTTP/1.0" 304 - "-" "Expo/2.24.3.1014878 CFNetwork/1331.0.7 Darwin/21.4.0"
::ffff:127.0.0.1 - - [07/Jun/2022:18:56:35 +0000] "GET /upload/no-photo.jpg HTTP/1.0" 404 158 "-" "Expo/2.24.3.1014878 CFNetwork/1331.0.7 Darwin/21.4.0"
::ffff:127.0.0.1 - - [07/Jun/2022:18:56:35 +0000] "GET /upload/no-photo.jpg HTTP/1.0" 404 158 "-" "Expo/2.24.3.1014878 CFNetwork/1331.0.7 Darwin/21.4.0"
::ffff:127.0.0.1 - - [07/Jun/2022:18:56:35 +0000] "GET /upload/no-photo.jpg HTTP/1.0" 404 158 "-" "Expo/2.24.3.1014878 CFNetwork/1331.0.7 Darwin/21.4.0"
::1 - - [07/Jun/2022:18:56:35 +0000] "GET /upload/no-photo.jpg HTTP/1.0" 404 158 "-" "Expo/2.24.3.1014878 CFNetwork/1331.0.7 Darwin/21.4.0"
::1 - - [07/Jun/2022:18:56:38 +0000] "GET /upload/undefined HTTP/1.0" 404 155 "-" "Expo/2.24.3.1014878 CFNetwork/1331.0.7 Darwin/21.4.0"
::ffff:127.0.0.1 - - [07/Jun/2022:18:56:38 +0000] "GET /api/v1/goods/629f9411dab90f283659ef43 HTTP/1.0" 304 - "-" "Expo/2.24.3.1014878 CFNetwork/1331.0.7 Darwin/21.4.0"
::1 - - [07/Jun/2022:18:56:38 +0000] "GET /upload/no-photo.jpg HTTP/1.0" 404 158 "-" "Expo/2.24.3.1014878 CFNetwork/1331.0.7 Darwin/21.4.0"
::ffff:127.0.0.1 - - [07/Jun/2022:18:56:45 +0000] "GET /upload/undefined HTTP/1.0" 404 155 "-" "Expo/2.24.3.1014878 CFNetwork/1331.0.7 Darwin/21.4.0"
::1 - - [07/Jun/2022:18:56:45 +0000] "GET /api/v1/goods/629f92c92febd02491a7fda2 HTTP/1.0" 200 338 "-" "Expo/2.24.3.1014878 CFNetwork/1331.0.7 Darwin/21.4.0"
::ffff:127.0.0.1 - - [07/Jun/2022:18:56:45 +0000] "GET /upload/no-photo.jpg HTTP/1.0" 404 158 "-" "Expo/2.24.3.1014878 CFNetwork/1331.0.7 Darwin/21.4.0"
::1 - - [07/Jun/2022:18:56:47 +0000] "GET /upload/undefined HTTP/1.0" 404 155 "-" "Expo/2.24.3.1014878 CFNetwork/1331.0.7 Darwin/21.4.0"
::ffff:127.0.0.1 - - [07/Jun/2022:18:56:47 +0000] "GET /api/v1/goods/629f926e9df2cc2432f49b02 HTTP/1.0" 200 338 "-" "Expo/2.24.3.1014878 CFNetwork/1331.0.7 Darwin/21.4.0"
::1 - - [07/Jun/2022:18:56:47 +0000] "GET /upload/no-photo.jpg HTTP/1.0" 404 158 "-" "Expo/2.24.3.1014878 CFNetwork/1331.0.7 Darwin/21.4.0"
::ffff:127.0.0.1 - - [07/Jun/2022:18:56:49 +0000] "GET /upload/undefined HTTP/1.0" 404 155 "-" "Expo/2.24.3.1014878 CFNetwork/1331.0.7 Darwin/21.4.0"
::1 - - [07/Jun/2022:18:56:49 +0000] "GET /api/v1/goods/629f90b3625eb82324427422 HTTP/1.0" 304 - "-" "Expo/2.24.3.1014878 CFNetwork/1331.0.7 Darwin/21.4.0"
::1 - - [07/Jun/2022:18:57:02 +0000] "GET /api/v1/goods/629f90b3625eb82324427422 HTTP/1.0" 304 - "-" "Expo/2.24.3.1014878 CFNetwork/1331.0.7 Darwin/21.4.0"
::1 - - [07/Jun/2022:18:57:07 +0000] "GET /api/v1/goods/629f90b3625eb82324427422 HTTP/1.0" 304 - "-" "Expo/2.24.3.1014878 CFNetwork/1331.0.7 Darwin/21.4.0"
::1 - - [07/Jun/2022:18:57:11 +0000] "GET /api/v1/goods/629f90b3625eb82324427422 HTTP/1.0" 304 - "-" "Expo/2.24.3.1014878 CFNetwork/1331.0.7 Darwin/21.4.0"
::ffff:127.0.0.1 - - [07/Jun/2022:18:57:15 +0000] "GET /upload/undefined HTTP/1.0" 404 155 "-" "Expo/2.24.3.1014878 CFNetwork/1331.0.7 Darwin/21.4.0"
::1 - - [07/Jun/2022:18:57:15 +0000] "GET /api/v1/goods/629f90dd8ad3a04b44e183df HTTP/1.0" 304 - "-" "Expo/2.24.3.1014878 CFNetwork/1331.0.7 Darwin/21.4.0"
::1 - admin [07/Jun/2022:18:57:17 +0000] "POST /editBlackAndWhiteList HTTP/1.0" 404 161 "-" "Mozila/5.0"
::ffff:127.0.0.1 - - [07/Jun/2022:18:57:20 +0000] "GET /api/v1/goods/629f90dd8ad3a04b44e183df HTTP/1.0" 304 - "-" "Expo/2.24.3.1014878 CFNetwork/1331.0.7 Darwin/21.4.0"
::1 - - [07/Jun/2022:18:57:29 +0000] "GET /api/v1/goods/629f90dd8ad3a04b44e183df HTTP/1.0" 304 - "-" "Expo/2.24.3.1014878 CFNetwork/1331.0.7 Darwin/21.4.0"
::ffff:127.0.0.1 - - [07/Jun/2022:18:57:34 +0000] "GET /api/v1/goods/629f90dd8ad3a04b44e183df HTTP/1.0" 304 - "-" "Expo/2.24.3.1014878 CFNetwork/1331.0.7 Darwin/21.4.0"
::1 - - [07/Jun/2022:18:57:37 +0000] "GET /api/v1/goods/629f90dd8ad3a04b44e183df HTTP/1.0" 304 - "-" "Expo/2.24.3.1014878 CFNetwork/1331.0.7 Darwin/21.4.0"
::ffff:127.0.0.1 - - [07/Jun/2022:18:58:08 +0000] "GET /api/v1/goods/629f90dd8ad3a04b44e183df HTTP/1.0" 304 - "-" "Expo/2.24.3.1014878 CFNetwork/1331.0.7 Darwin/21.4.0"
::1 - - [07/Jun/2022:18:58:16 +0000] "GET /api/v1/goods/629f90dd8ad3a04b44e183df HTTP/1.0" 304 - "-" "Expo/2.24.3.1014878 CFNetwork/1331.0.7 Darwin/21.4.0"
::ffff:127.0.0.1 - - [07/Jun/2022:18:58:20 +0000] "GET /api/v1/goods/629f90dd8ad3a04b44e183df HTTP/1.0" 304 - "-" "Expo/2.24.3.1014878 CFNetwork/1331.0.7 Darwin/21.4.0"
::1 - - [07/Jun/2022:18:58:27 +0000] "GET /api/v1/goods/629f90dd8ad3a04b44e183df HTTP/1.0" 304 - "-" "Expo/2.24.3.1014878 CFNetwork/1331.0.7 Darwin/21.4.0"
::ffff:127.0.0.1 - - [07/Jun/2022:18:58:39 +0000] "GET /api/v1/goods/629f90dd8ad3a04b44e183df HTTP/1.0" 304 - "-" "Expo/2.24.3.1014878 CFNetwork/1331.0.7 Darwin/21.4.0"
::1 - - [07/Jun/2022:18:58:54 +0000] "POST /api/v1/users/login HTTP/1.0" 200 547 "-" "Expo/2.24.3.1014878 CFNetwork/1331.0.7 Darwin/21.4.0"
::ffff:127.0.0.1 - - [07/Jun/2022:18:58:54 +0000] "GET /api/v1/goods/user?name= HTTP/1.0" 304 - "-" "Expo/2.24.3.1014878 CFNetwork/1331.0.7 Darwin/21.4.0"
::1 - - [07/Jun/2022:18:58:55 +0000] "GET /api/v1/goods/user HTTP/1.0" 304 - "-" "Expo/2.24.3.1014878 CFNetwork/1331.0.7 Darwin/21.4.0"
::ffff:127.0.0.1 - - [07/Jun/2022:18:58:57 +0000] "GET /api/v1/goods/629f90b3625eb82324427422 HTTP/1.0" 304 - "-" "Expo/2.24.3.1014878 CFNetwork/1331.0.7 Darwin/21.4.0"
::1 - - [07/Jun/2022:18:58:57 +0000] "GET /upload/undefined HTTP/1.0" 404 155 "-" "Expo/2.24.3.1014878 CFNetwork/1331.0.7 Darwin/21.4.0"
::1 - - [07/Jun/2022:18:59:04 +0000] "GET /api/v1/goods/629f90b3625eb82324427422 HTTP/1.0" 304 - "-" "Expo/2.24.3.1014878 CFNetwork/1331.0.7 Darwin/21.4.0"
::ffff:127.0.0.1 - - [07/Jun/2022:18:59:08 +0000] "GET /api/v1/goods/629f90b3625eb82324427422 HTTP/1.0" 304 - "-" "Expo/2.24.3.1014878 CFNetwork/1331.0.7 Darwin/21.4.0"
::1 - - [07/Jun/2022:18:59:16 +0000] "GET /api/v1/goods/629f90b3625eb82324427422 HTTP/1.0" 304 - "-" "Expo/2.24.3.1014878 CFNetwork/1331.0.7 Darwin/21.4.0"
::ffff:127.0.0.1 - - [07/Jun/2022:19:00:04 +0000] "GET /api/v1/goods/629f90b3625eb82324427422 HTTP/1.0" 304 - "-" "Expo/2.24.3.1014878 CFNetwork/1331.0.7 Darwin/21.4.0"
::1 - - [07/Jun/2022:19:00:29 +0000] "GET /api/v1/goods/629f90b3625eb82324427422 HTTP/1.0" 304 - "-" "Expo/2.24.3.1014878 CFNetwork/1331.0.7 Darwin/21.4.0"
::ffff:127.0.0.1 - - [07/Jun/2022:19:00:44 +0000] "GET /api/v1/goods/629f90b3625eb82324427422 HTTP/1.0" 304 - "-" "Expo/2.24.3.1014878 CFNetwork/1331.0.7 Darwin/21.4.0"
::1 - - [07/Jun/2022:19:00:53 +0000] "GET /api/v1/goods/629f90b3625eb82324427422 HTTP/1.0" 304 - "-" "Expo/2.24.3.1014878 CFNetwork/1331.0.7 Darwin/21.4.0"
::ffff:127.0.0.1 - - [07/Jun/2022:19:01:04 +0000] "GET /api/v1/goods/629f90b3625eb82324427422 HTTP/1.0" 304 - "-" "Expo/2.24.3.1014878 CFNetwork/1331.0.7 Darwin/21.4.0"
::1 - - [07/Jun/2022:19:01:20 +0000] "GET /api/v1/goods/629f90b3625eb82324427422 HTTP/1.0" 304 - "-" "Expo/2.24.3.1014878 CFNetwork/1331.0.7 Darwin/21.4.0"
::1 - - [07/Jun/2022:19:07:19 +0000] "GET /upload/undefined HTTP/1.0" 404 155 "-" "Expo/2.24.3.1014878 CFNetwork/1331.0.7 Darwin/21.4.0"
::ffff:127.0.0.1 - - [07/Jun/2022:19:07:19 +0000] "GET /api/v1/goods/629f90b3625eb82324427422 HTTP/1.0" 304 - "-" "Expo/2.24.3.1014878 CFNetwork/1331.0.7 Darwin/21.4.0"
::1 - - [07/Jun/2022:19:07:21 +0000] "GET /upload/undefined HTTP/1.0" 404 155 "-" "Expo/2.24.3.1014878 CFNetwork/1331.0.7 Darwin/21.4.0"
::ffff:127.0.0.1 - - [07/Jun/2022:19:07:21 +0000] "GET /api/v1/goods/629f90dd8ad3a04b44e183df HTTP/1.0" 304 - "-" "Expo/2.24.3.1014878 CFNetwork/1331.0.7 Darwin/21.4.0"
::ffff:127.0.0.1 - - [07/Jun/2022:20:04:48 +0000] "GET / HTTP/1.0" 404 139 "-" "Mozilla/5.0 (Windows NT 10.0; Win64; x64) AppleWebKit/537.36 (KHTML, like Gecko) Chrome/60.0.3112.113 Safari/537.36"
::1 - - [07/Jun/2022:20:06:07 +0000] "GET /.env HTTP/1.0" 404 143 "-" "Mozilla/5.0 (X11; Linux x86_64) AppleWebKit/537.36 (KHTML, like Gecko) Chrome/81.0.4044.129 Safari/537.36"
::ffff:127.0.0.1 - - [07/Jun/2022:20:06:08 +0000] "POST / HTTP/1.0" 404 140 "-" "Mozilla/5.0 (X11; Linux x86_64) AppleWebKit/537.36 (KHTML, like Gecko) Chrome/81.0.4044.129 Safari/537.36"
::1 - - [07/Jun/2022:20:21:10 +0000] "GET / HTTP/1.0" 404 139 "-" "Mozilla/5.0 (Macintosh; Intel Mac OS X 10_11_6) AppleWebKit/601.7.7 (KHTML, like Gecko) Version/9.1.2 Safari/601.7.7"
::ffff:127.0.0.1 - - [07/Jun/2022:20:25:58 +0000] "GET /.env HTTP/1.0" 404 143 "-" "Mozilla/5.0 (X11; Linux x86_64) AppleWebKit/537.36 (KHTML, like Gecko) Chrome/81.0.4044.129 Safari/537.36"
::1 - - [07/Jun/2022:20:25:58 +0000] "POST / HTTP/1.0" 404 140 "-" "Mozilla/5.0 (X11; Linux x86_64) AppleWebKit/537.36 (KHTML, like Gecko) Chrome/81.0.4044.129 Safari/537.36"
::ffff:127.0.0.1 - - [07/Jun/2022:20:52:13 +0000] "GET /config/getuser?index=0 HTTP/1.0" 404 153 "-" "Mozilla/5.0 (X11; Ubuntu; Linux x86_64; rv:76.0) Gecko/20100101 Firefox/76.0"
::1 - admin [07/Jun/2022:21:22:37 +0000] "POST /editBlackAndWhiteList HTTP/1.0" 404 161 "-" "Mozila/5.0"
::ffff:127.0.0.1 - - [07/Jun/2022:22:30:14 +0000] "GET /c/ HTTP/1.0" 404 141 "-" "Mozilla/5.0 (Windows NT 5.1; Win64; x64) AppleWebKit/537.36 (KHTML, like Gecko) Chrome/60.0.3112.90 Safari/537.36"
::1 - - [07/Jun/2022:23:05:56 +0000] "GET /.env HTTP/1.0" 404 143 "-" "Mozilla/5.0 (X11; Linux x86_64) AppleWebKit/537.36 (KHTML, like Gecko) Chrome/81.0.4044.129 Safari/537.36"
::ffff:127.0.0.1 - - [07/Jun/2022:23:05:58 +0000] "POST / HTTP/1.0" 404 140 "-" "Mozilla/5.0 (X11; Linux x86_64) AppleWebKit/537.36 (KHTML, like Gecko) Chrome/81.0.4044.129 Safari/537.36"
