::1 - - [26/Aug/2022:00:23:37 +0000] "POST / HTTP/1.0" 404 140 "-" "Mozilla/5.0 (X11; Linux x86_64) AppleWebKit/537.36 (KHTML, like Gecko) Chrome/81.0.4044.129 Safari/537.36"
::ffff:127.0.0.1 - - [26/Aug/2022:00:23:38 +0000] "GET /.env HTTP/1.0" 404 143 "-" "Mozilla/5.0 (X11; Linux x86_64) AppleWebKit/537.36 (KHTML, like Gecko) Chrome/81.0.4044.129 Safari/537.36"
::1 - - [26/Aug/2022:00:27:53 +0000] "GET /?XDEBUG_SESSION_START=phpstorm HTTP/1.0" 404 139 "-" "Mozilla/5.0 (Windows NT 10.0; Win64; x64) AppleWebKit/537.36 (KHTML, like Gecko) Chrome/78.0.3904.108 Safari/537.36"
::ffff:127.0.0.1 - - [26/Aug/2022:00:31:55 +0000] "GET / HTTP/1.0" 404 139 "-" "-"
::1 - - [26/Aug/2022:00:37:09 +0000] "GET / HTTP/1.0" 404 139 "-" "Mozilla/5.0 (Windows NT 10.0; Win64; x64) AppleWebKit/537.36 (KHTML, like Gecko) Chrome/90.0.4430.85 Safari/537.36 Edg/90.0.818.46"
::ffff:127.0.0.1 - - [26/Aug/2022:00:40:43 +0000] "GET / HTTP/1.0" 404 139 "-" "Mozilla/5.0 (Macintosh; Intel Mac OS X 10_15_7) AppleWebKit/537.36 (KHTML, like Gecko) Chrome/102.0.0.0 Safari/537.36"
::1 - - [26/Aug/2022:02:01:39 +0000] "POST / HTTP/1.0" 404 140 "-" "Mozilla/5.0 (X11; Linux x86_64) AppleWebKit/537.36 (KHTML, like Gecko) Chrome/81.0.4044.129 Safari/537.36"
::ffff:127.0.0.1 - - [26/Aug/2022:02:01:40 +0000] "GET /.env HTTP/1.0" 404 143 "-" "Mozilla/5.0 (X11; Linux x86_64) AppleWebKit/537.36 (KHTML, like Gecko) Chrome/81.0.4044.129 Safari/537.36"
::1 - - [26/Aug/2022:02:05:08 +0000] "GET /.env HTTP/1.0" 404 143 "-" "Mozilla/5.0 (X11; Linux x86_64) AppleWebKit/537.36 (KHTML, like Gecko) Chrome/81.0.4044.129 Safari/537.36"
::ffff:127.0.0.1 - - [26/Aug/2022:02:05:09 +0000] "POST / HTTP/1.0" 404 140 "-" "Mozilla/5.0 (X11; Linux x86_64) AppleWebKit/537.36 (KHTML, like Gecko) Chrome/81.0.4044.129 Safari/537.36"
::ffff:127.0.0.1 - - [26/Aug/2022:02:27:51 +0000] "GET /actuator/gateway/routes HTTP/1.0" 404 162 "-" "Mozilla/5.0 (Windows NT 10.0; Win64; x64) AppleWebKit/537.36 (KHTML, like Gecko) Chrome/78.0.3904.108 Safari/537.36"
::1 - - [26/Aug/2022:03:11:29 +0000] "POST / HTTP/1.0" 404 140 "-" "Mozilla/5.0 (X11; Linux x86_64) AppleWebKit/537.36 (KHTML, like Gecko) Chrome/81.0.4044.129 Safari/537.36"
::ffff:127.0.0.1 - - [26/Aug/2022:03:11:29 +0000] "GET /.env HTTP/1.0" 404 143 "-" "Mozilla/5.0 (X11; Linux x86_64) AppleWebKit/537.36 (KHTML, like Gecko) Chrome/81.0.4044.129 Safari/537.36"
::1 - - [26/Aug/2022:03:21:06 +0000] "GET / HTTP/1.0" 404 139 "-" "Mozilla/5.0 (Macintosh; Intel Mac OS X 10_11_6) AppleWebKit/601.7.7 (KHTML, like Gecko) Version/9.1.2 Safari/601.7.7"
::ffff:127.0.0.1 - - [26/Aug/2022:03:38:32 +0000] "GET / HTTP/1.0" 404 139 "-" "Mozilla/5.0 zgrab/0.x"
::1 - - [26/Aug/2022:03:56:41 +0000] "GET / HTTP/1.0" 404 139 "-" "python-requests/2.28.1"
::ffff:127.0.0.1 - - [26/Aug/2022:04:12:03 +0000] "GET /js../.git/config HTTP/1.0" 404 155 "-" "Mozilla/5.0 (Windows NT 10.0; Win64; x64) AppleWebKit/537.36 (KHTML, like Gecko) Chrome/76.0.3809.71 Safari/537.36"
::1 - - [26/Aug/2022:04:20:14 +0000] "POST / HTTP/1.0" 404 140 "-" "Mozilla/5.0 (X11; Linux x86_64) AppleWebKit/537.36 (KHTML, like Gecko) Chrome/81.0.4044.129 Safari/537.36"
::ffff:127.0.0.1 - - [26/Aug/2022:04:20:14 +0000] "GET /.env HTTP/1.0" 404 143 "-" "Mozilla/5.0 (X11; Linux x86_64) AppleWebKit/537.36 (KHTML, like Gecko) Chrome/81.0.4044.129 Safari/537.36"
::1 - - [26/Aug/2022:04:35:41 +0000] "GET / HTTP/1.0" 404 139 "-" "Mozilla/5.0 (Windows NT 10.0; Win64; x64) AppleWebKit/537.36 (KHTML, like Gecko) Chrome/90.0.4430.85 Safari/537.36 Edg/90.0.818.46"
::ffff:127.0.0.1 - - [26/Aug/2022:04:43:09 +0000] "GET / HTTP/1.0" 404 139 "-" "-"
::1 - - [26/Aug/2022:05:04:52 +0000] "GET /.env HTTP/1.0" 404 143 "-" "Mozilla/5.0 (X11; Linux x86_64) AppleWebKit/537.36 (KHTML, like Gecko) Chrome/81.0.4044.129 Safari/537.36"
::ffff:127.0.0.1 - - [26/Aug/2022:05:04:53 +0000] "POST / HTTP/1.0" 404 140 "-" "Mozilla/5.0 (X11; Linux x86_64) AppleWebKit/537.36 (KHTML, like Gecko) Chrome/81.0.4044.129 Safari/537.36"
::1 - - [26/Aug/2022:05:21:55 +0000] "POST /api/v1/users HTTP/1.0" 200 535 "-" "Expo/2.25.1.1015582 CFNetwork/1335.0.3 Darwin/21.6.0"
::ffff:127.0.0.1 - - [26/Aug/2022:05:22:16 +0000] "POST /api/v1/users/login HTTP/1.0" 200 535 "-" "Expo/2.25.1.1015582 CFNetwork/1335.0.3 Darwin/21.6.0"
::1 - - [26/Aug/2022:05:22:17 +0000] "GET /api/v1/categories HTTP/1.0" 200 426 "-" "Expo/2.25.1.1015582 CFNetwork/1335.0.3 Darwin/21.6.0"
::ffff:127.0.0.1 - - [26/Aug/2022:05:22:17 +0000] "GET /api/v1/goods/user?limit=100 HTTP/1.0" 200 122 "-" "Expo/2.25.1.1015582 CFNetwork/1335.0.3 Darwin/21.6.0"
::1 - - [26/Aug/2022:05:22:17 +0000] "GET /api/v1/transactions/basket?limit=100&sort=-createdAt HTTP/1.0" 200 122 "-" "Expo/2.25.1.1015582 CFNetwork/1335.0.3 Darwin/21.6.0"
::ffff:127.0.0.1 - - [26/Aug/2022:05:24:24 +0000] "GET /api/v1/categories HTTP/1.0" 304 - "-" "Expo/2.25.1.1015582 CFNetwork/1335.0.3 Darwin/21.6.0"
::ffff:127.0.0.1 - - [26/Aug/2022:05:24:24 +0000] "GET /api/v1/transactions/basket?limit=100&sort=-createdAt HTTP/1.0" 304 - "-" "Expo/2.25.1.1015582 CFNetwork/1335.0.3 Darwin/21.6.0"
::1 - - [26/Aug/2022:05:24:24 +0000] "GET /api/v1/goods/user?limit=100 HTTP/1.0" 304 - "-" "Expo/2.25.1.1015582 CFNetwork/1335.0.3 Darwin/21.6.0"
::1 - - [26/Aug/2022:05:26:52 +0000] "POST /api/v1/goods HTTP/1.0" 200 368 "-" "Expo/2.25.1.1015582 CFNetwork/1335.0.3 Darwin/21.6.0"
::ffff:127.0.0.1 - - [26/Aug/2022:05:26:52 +0000] "POST /api/v1/transactions HTTP/1.0" 200 256 "-" "Expo/2.25.1.1015582 CFNetwork/1335.0.3 Darwin/21.6.0"
::1 - - [26/Aug/2022:05:26:53 +0000] "GET /api/v1/goods/user?limit=100 HTTP/1.0" 200 567 "-" "Expo/2.25.1.1015582 CFNetwork/1335.0.3 Darwin/21.6.0"
::ffff:127.0.0.1 - - [26/Aug/2022:05:26:53 +0000] "GET /api/v1/transactions/basket?limit=100&sort=-createdAt HTTP/1.0" 200 433 "-" "Expo/2.25.1.1015582 CFNetwork/1335.0.3 Darwin/21.6.0"
::1 - - [26/Aug/2022:05:26:54 +0000] "PUT /api/v1/goods/6308599c5b09e9ce752581c0/upload-photo HTTP/1.0" 200 60 "-" "Expo/2.25.1.1015582 CFNetwork/1335.0.3 Darwin/21.6.0"
::ffff:127.0.0.1 - - [26/Aug/2022:05:27:21 +0000] "POST /api/v1/bills/receipt HTTP/1.0" 200 316 "-" "Expo/2.25.1.1015582 CFNetwork/1335.0.3 Darwin/21.6.0"
::1 - - [26/Aug/2022:05:27:22 +0000] "GET /api/v1/transactions/basket?limit=100&sort=-createdAt HTTP/1.0" 200 122 "-" "Expo/2.25.1.1015582 CFNetwork/1335.0.3 Darwin/21.6.0"
::ffff:127.0.0.1 - - [26/Aug/2022:05:27:22 +0000] "GET /api/v1/transactions/basket?limit=100&sort=-createdAt HTTP/1.0" 200 122 "-" "Expo/2.25.1.1015582 CFNetwork/1335.0.3 Darwin/21.6.0"
::1 - - [26/Aug/2022:05:27:26 +0000] "GET /api/v1/goods/user?limit=100 HTTP/1.0" 200 593 "-" "Expo/2.25.1.1015582 CFNetwork/1335.0.3 Darwin/21.6.0"
::ffff:127.0.0.1 - - [26/Aug/2022:05:27:26 +0000] "GET /api/v1/goods/user?limit=100 HTTP/1.0" 200 593 "-" "Expo/2.25.1.1015582 CFNetwork/1335.0.3 Darwin/21.6.0"
::1 - - [26/Aug/2022:05:27:26 +0000] "GET /api/v1/transactions/basket?limit=100&sort=-createdAt HTTP/1.0" 304 - "-" "Expo/2.25.1.1015582 CFNetwork/1335.0.3 Darwin/21.6.0"
::ffff:127.0.0.1 - - [26/Aug/2022:05:27:32 +0000] "GET /api/v1/goods/user?limit=100 HTTP/1.0" 304 - "-" "Expo/2.25.1.1015582 CFNetwork/1335.0.3 Darwin/21.6.0"
::1 - - [26/Aug/2022:05:27:35 +0000] "GET /api/v1/transactions/profit HTTP/1.0" 200 760 "-" "Expo/2.25.1.1015582 CFNetwork/1335.0.3 Darwin/21.6.0"
::ffff:127.0.0.1 - - [26/Aug/2022:05:27:46 +0000] "GET /api/v1/goods/user HTTP/1.0" 200 603 "-" "Expo/2.25.1.1015582 CFNetwork/1335.0.3 Darwin/21.6.0"
::ffff:127.0.0.1 - - [26/Aug/2022:05:27:46 +0000] "GET /upload/undefined HTTP/1.0" 404 155 "-" "Expo/2.25.1.1015582 CFNetwork/1335.0.3 Darwin/21.6.0"
::1 - - [26/Aug/2022:05:27:46 +0000] "GET /api/v1/goods/6308599c5b09e9ce752581c0 HTTP/1.0" 200 450 "-" "Expo/2.25.1.1015582 CFNetwork/1335.0.3 Darwin/21.6.0"
::1 - - [26/Aug/2022:05:27:46 +0000] "GET /api/v1/transactions/user?good=6308599c5b09e9ce752581c0&sort=-createdAt HTTP/1.0" 200 576 "-" "Expo/2.25.1.1015582 CFNetwork/1335.0.3 Darwin/21.6.0"
::1 - - [26/Aug/2022:05:27:55 +0000] "GET /api/v1/transactions/profit HTTP/1.0" 304 - "-" "Expo/2.25.1.1015582 CFNetwork/1335.0.3 Darwin/21.6.0"
::ffff:127.0.0.1 - - [26/Aug/2022:05:28:24 +0000] "GET /api/v1/bills/user?limit=1000&sort=-createdAt&type=%D0%97%D0%B0%D1%80%D0%BB%D0%B0%D0%B3%D0%B0 HTTP/1.0" 200 110 "-" "Expo/2.25.1.1015582 CFNetwork/1335.0.3 Darwin/21.6.0"
::1 - - [26/Aug/2022:05:28:24 +0000] "POST / HTTP/1.0" 404 140 "-" "Mozilla/5.0 (X11; Linux x86_64) AppleWebKit/537.36 (KHTML, like Gecko) Chrome/81.0.4044.129 Safari/537.36"
::ffff:127.0.0.1 - - [26/Aug/2022:05:28:24 +0000] "GET /.env HTTP/1.0" 404 143 "-" "Mozilla/5.0 (X11; Linux x86_64) AppleWebKit/537.36 (KHTML, like Gecko) Chrome/81.0.4044.129 Safari/537.36"
::1 - - [26/Aug/2022:05:28:30 +0000] "GET /api/v1/goods/user HTTP/1.0" 304 - "-" "Expo/2.25.1.1015582 CFNetwork/1335.0.3 Darwin/21.6.0"
::ffff:127.0.0.1 - - [26/Aug/2022:05:28:41 +0000] "GET /api/v1/transactions/profit HTTP/1.0" 304 - "-" "Expo/2.25.1.1015582 CFNetwork/1335.0.3 Darwin/21.6.0"
::1 - - [26/Aug/2022:05:28:53 +0000] "GET /api/v1/transactions/profit HTTP/1.0" 304 - "-" "Expo/2.25.1.1015582 CFNetwork/1335.0.3 Darwin/21.6.0"
::ffff:127.0.0.1 - - [26/Aug/2022:05:29:01 +0000] "GET /api/v1/bills/debt?type=%D0%9E%D1%80%D0%BB%D0%BE%D0%B3%D0%BE HTTP/1.0" 200 134 "-" "Expo/2.25.1.1015582 CFNetwork/1335.0.3 Darwin/21.6.0"
::1 - - [26/Aug/2022:05:29:04 +0000] "GET /api/v1/bills/debt?type=%D0%97%D0%B0%D1%80%D0%BB%D0%B0%D0%B3%D0%B0 HTTP/1.0" 200 134 "-" "Expo/2.25.1.1015582 CFNetwork/1335.0.3 Darwin/21.6.0"
::ffff:127.0.0.1 - - [26/Aug/2022:05:29:15 +0000] "GET /api/v1/goods/user?limit=100 HTTP/1.0" 304 - "-" "Expo/2.25.1.1015582 CFNetwork/1335.0.3 Darwin/21.6.0"
::1 - - [26/Aug/2022:05:29:15 +0000] "GET /api/v1/transactions/basket?limit=100&sort=-createdAt HTTP/1.0" 304 - "-" "Expo/2.25.1.1015582 CFNetwork/1335.0.3 Darwin/21.6.0"
::1 - - [26/Aug/2022:05:29:21 +0000] "GET /api/v1/transactions/basket?limit=100&sort=-createdAt HTTP/1.0" 304 - "-" "Expo/2.25.1.1015582 CFNetwork/1335.0.3 Darwin/21.6.0"
::ffff:127.0.0.1 - - [26/Aug/2022:05:29:21 +0000] "GET /api/v1/goods/user?limit=100 HTTP/1.0" 304 - "-" "Expo/2.25.1.1015582 CFNetwork/1335.0.3 Darwin/21.6.0"
::ffff:127.0.0.1 - - [26/Aug/2022:05:29:21 +0000] "GET /api/v1/goods/user?limit=100 HTTP/1.0" 304 - "-" "Expo/2.25.1.1015582 CFNetwork/1335.0.3 Darwin/21.6.0"
::ffff:127.0.0.1 - - [26/Aug/2022:05:29:24 +0000] "GET /api/v1/transactions/basket?limit=100&sort=-createdAt HTTP/1.0" 304 - "-" "Expo/2.25.1.1015582 CFNetwork/1335.0.3 Darwin/21.6.0"
::1 - - [26/Aug/2022:05:29:24 +0000] "GET /api/v1/goods/user?limit=100 HTTP/1.0" 304 - "-" "Expo/2.25.1.1015582 CFNetwork/1335.0.3 Darwin/21.6.0"
::1 - - [26/Aug/2022:05:29:24 +0000] "GET /api/v1/goods/user?limit=100 HTTP/1.0" 304 - "-" "Expo/2.25.1.1015582 CFNetwork/1335.0.3 Darwin/21.6.0"
::ffff:127.0.0.1 - - [26/Aug/2022:05:29:32 +0000] "GET /api/v1/categories HTTP/1.0" 304 - "-" "Expo/2.25.1.1015582 CFNetwork/1335.0.3 Darwin/21.6.0"
::ffff:127.0.0.1 - - [26/Aug/2022:05:29:32 +0000] "GET /api/v1/transactions/basket?limit=100&sort=-createdAt HTTP/1.0" 304 - "-" "Expo/2.25.1.1015582 CFNetwork/1335.0.3 Darwin/21.6.0"
::1 - - [26/Aug/2022:05:29:32 +0000] "GET /api/v1/goods/user?limit=100 HTTP/1.0" 304 - "-" "Expo/2.25.1.1015582 CFNetwork/1335.0.3 Darwin/21.6.0"
::1 - - [26/Aug/2022:05:30:42 +0000] "POST /api/v1/goods HTTP/1.0" 200 355 "-" "Expo/2.25.1.1015582 CFNetwork/1335.0.3 Darwin/21.6.0"
::ffff:127.0.0.1 - - [26/Aug/2022:05:30:43 +0000] "GET /api/v1/transactions/basket?limit=100&sort=-createdAt HTTP/1.0" 304 - "-" "Expo/2.25.1.1015582 CFNetwork/1335.0.3 Darwin/21.6.0"
::1 - - [26/Aug/2022:05:30:43 +0000] "GET /api/v1/goods/user?limit=100 HTTP/1.0" 200 1026 "-" "Expo/2.25.1.1015582 CFNetwork/1335.0.3 Darwin/21.6.0"
::ffff:127.0.0.1 - - [26/Aug/2022:05:30:44 +0000] "POST /api/v1/transactions HTTP/1.0" 200 256 "-" "Expo/2.25.1.1015582 CFNetwork/1335.0.3 Darwin/21.6.0"
::1 - - [26/Aug/2022:05:30:44 +0000] "PUT /api/v1/goods/63085a825b09e9ce7525822e/upload-photo HTTP/1.0" 200 60 "-" "Expo/2.25.1.1015582 CFNetwork/1335.0.3 Darwin/21.6.0"
::ffff:127.0.0.1 - - [26/Aug/2022:05:31:14 +0000] "GET /api/v1/categories HTTP/1.0" 304 - "-" "Expo/2.25.1.1015582 CFNetwork/1335.0.3 Darwin/21.6.0"
::1 - - [26/Aug/2022:05:31:15 +0000] "GET /api/v1/goods/user?limit=100 HTTP/1.0" 200 1048 "-" "Expo/2.25.1.1015582 CFNetwork/1335.0.3 Darwin/21.6.0"
::ffff:127.0.0.1 - - [26/Aug/2022:05:31:15 +0000] "GET /api/v1/transactions/basket?limit=100&sort=-createdAt HTTP/1.0" 200 454 "-" "Expo/2.25.1.1015582 CFNetwork/1335.0.3 Darwin/21.6.0"
::1 - - [26/Aug/2022:05:33:00 +0000] "POST /api/v1/goods HTTP/1.0" 200 369 "-" "Expo/2.25.1.1015582 CFNetwork/1335.0.3 Darwin/21.6.0"
::ffff:127.0.0.1 - - [26/Aug/2022:05:33:00 +0000] "POST /api/v1/transactions HTTP/1.0" 200 255 "-" "Expo/2.25.1.1015582 CFNetwork/1335.0.3 Darwin/21.6.0"
::1 - - [26/Aug/2022:05:33:00 +0000] "GET /api/v1/goods/user?limit=100 HTTP/1.0" 200 1496 "-" "Expo/2.25.1.1015582 CFNetwork/1335.0.3 Darwin/21.6.0"
::ffff:127.0.0.1 - - [26/Aug/2022:05:33:00 +0000] "GET /api/v1/transactions/basket?limit=100&sort=-createdAt HTTP/1.0" 200 765 "-" "Expo/2.25.1.1015582 CFNetwork/1335.0.3 Darwin/21.6.0"
::1 - - [26/Aug/2022:05:33:01 +0000] "PUT /api/v1/goods/63085b0c5b09e9ce75258242/upload-photo HTTP/1.0" 200 60 "-" "Expo/2.25.1.1015582 CFNetwork/1335.0.3 Darwin/21.6.0"
::1 - - [26/Aug/2022:05:34:30 +0000] "POST /api/v1/templates HTTP/1.0" 200 197 "-" "Expo/2.25.1.1015582 CFNetwork/1335.0.3 Darwin/21.6.0"
::ffff:127.0.0.1 - - [26/Aug/2022:05:34:30 +0000] "POST /api/v1/bills/receipt HTTP/1.0" 200 410 "-" "Expo/2.25.1.1015582 CFNetwork/1335.0.3 Darwin/21.6.0"
::ffff:127.0.0.1 - - [26/Aug/2022:05:34:30 +0000] "GET /api/v1/transactions/basket?limit=100&sort=-createdAt HTTP/1.0" 200 122 "-" "Expo/2.25.1.1015582 CFNetwork/1335.0.3 Darwin/21.6.0"
::1 - - [26/Aug/2022:05:34:30 +0000] "GET /api/v1/transactions/basket?limit=100&sort=-createdAt HTTP/1.0" 200 122 "-" "Expo/2.25.1.1015582 CFNetwork/1335.0.3 Darwin/21.6.0"
::ffff:127.0.0.1 - - [26/Aug/2022:05:34:32 +0000] "GET /api/v1/templates?createUser=630858735b09e9ce752581b0 HTTP/1.0" 200 282 "-" "Expo/2.25.1.1015582 CFNetwork/1335.0.3 Darwin/21.6.0"
::1 - - [26/Aug/2022:05:34:32 +0000] "GET /api/v1/goods/user?limit=100 HTTP/1.0" 200 1530 "-" "Expo/2.25.1.1015582 CFNetwork/1335.0.3 Darwin/21.6.0"
::ffff:127.0.0.1 - - [26/Aug/2022:05:34:32 +0000] "GET /api/v1/transactions/basket?limit=100&sort=-createdAt HTTP/1.0" 304 - "-" "Expo/2.25.1.1015582 CFNetwork/1335.0.3 Darwin/21.6.0"
::ffff:127.0.0.1 - - [26/Aug/2022:05:34:33 +0000] "GET /api/v1/templates?createUser=630858735b09e9ce752581b0 HTTP/1.0" 304 - "-" "Expo/2.25.1.1015582 CFNetwork/1335.0.3 Darwin/21.6.0"
::1 - - [26/Aug/2022:05:34:33 +0000] "GET /api/v1/transactions/user?template=63085b655b09e9ce75258250 HTTP/1.0" 200 1161 "-" "Expo/2.25.1.1015582 CFNetwork/1335.0.3 Darwin/21.6.0"
::1 - - [26/Aug/2022:05:34:42 +0000] "GET /api/v1/templates?createUser=630858735b09e9ce752581b0 HTTP/1.0" 304 - "-" "Expo/2.25.1.1015582 CFNetwork/1335.0.3 Darwin/21.6.0"
::ffff:127.0.0.1 - - [26/Aug/2022:05:34:43 +0000] "GET /api/v1/templates?createUser=630858735b09e9ce752581b0 HTTP/1.0" 304 - "-" "Expo/2.25.1.1015582 CFNetwork/1335.0.3 Darwin/21.6.0"
::1 - - [26/Aug/2022:05:34:43 +0000] "GET /api/v1/bills/debt?type=%D0%9E%D1%80%D0%BB%D0%BE%D0%B3%D0%BE HTTP/1.0" 200 629 "-" "Expo/2.25.1.1015582 CFNetwork/1335.0.3 Darwin/21.6.0"
::ffff:127.0.0.1 - - [26/Aug/2022:05:34:56 +0000] "GET /api/v1/bills/63085b655b09e9ce7525824e HTTP/1.0" 200 436 "-" "Expo/2.25.1.1015582 CFNetwork/1335.0.3 Darwin/21.6.0"
::1 - - [26/Aug/2022:05:35:12 +0000] "GET /api/v1/goods/user?limit=100 HTTP/1.0" 304 - "-" "Expo/2.25.1.1015582 CFNetwork/1335.0.3 Darwin/21.6.0"
::ffff:127.0.0.1 - - [26/Aug/2022:05:35:12 +0000] "GET /api/v1/transactions/basket?limit=100&sort=-createdAt HTTP/1.0" 304 - "-" "Expo/2.25.1.1015582 CFNetwork/1335.0.3 Darwin/21.6.0"
::ffff:127.0.0.1 - - [26/Aug/2022:05:35:19 +0000] "GET /api/v1/transactions/basket?limit=100&sort=-createdAt HTTP/1.0" 304 - "-" "Expo/2.25.1.1015582 CFNetwork/1335.0.3 Darwin/21.6.0"
::1 - - [26/Aug/2022:05:35:19 +0000] "GET /api/v1/goods/user?limit=100 HTTP/1.0" 304 - "-" "Expo/2.25.1.1015582 CFNetwork/1335.0.3 Darwin/21.6.0"
::1 - - [26/Aug/2022:05:35:19 +0000] "GET /api/v1/goods/user?limit=100 HTTP/1.0" 304 - "-" "Expo/2.25.1.1015582 CFNetwork/1335.0.3 Darwin/21.6.0"
::ffff:127.0.0.1 - - [26/Aug/2022:05:35:48 +0000] "GET /api/v1/goods/user?limit=100 HTTP/1.0" 304 - "-" "Expo/2.25.1.1015582 CFNetwork/1335.0.3 Darwin/21.6.0"
::1 - - [26/Aug/2022:05:36:00 +0000] "GET /api/v1/bills/debt?type=%D0%9E%D1%80%D0%BB%D0%BE%D0%B3%D0%BE HTTP/1.0" 304 - "-" "Expo/2.25.1.1015582 CFNetwork/1335.0.3 Darwin/21.6.0"
::ffff:127.0.0.1 - - [26/Aug/2022:05:36:06 +0000] "GET /api/v1/goods/user?limit=100 HTTP/1.0" 304 - "-" "Expo/2.25.1.1015582 CFNetwork/1335.0.3 Darwin/21.6.0"
::ffff:127.0.0.1 - - [26/Aug/2022:05:36:21 +0000] "GET /upload/undefined HTTP/1.0" 404 155 "-" "Expo/2.25.1.1015582 CFNetwork/1335.0.3 Darwin/21.6.0"
::1 - - [26/Aug/2022:05:36:21 +0000] "GET /api/v1/goods/63085b0c5b09e9ce75258242 HTTP/1.0" 200 451 "-" "Expo/2.25.1.1015582 CFNetwork/1335.0.3 Darwin/21.6.0"
::1 - - [26/Aug/2022:05:36:21 +0000] "GET /api/v1/goods/user?limit=100 HTTP/1.0" 304 - "-" "Expo/2.25.1.1015582 CFNetwork/1335.0.3 Darwin/21.6.0"
::ffff:127.0.0.1 - - [26/Aug/2022:05:36:21 +0000] "GET /api/v1/transactions/user?good=63085b0c5b09e9ce75258242&sort=-createdAt HTTP/1.0" 200 639 "-" "Expo/2.25.1.1015582 CFNetwork/1335.0.3 Darwin/21.6.0"
::ffff:127.0.0.1 - - [26/Aug/2022:05:36:29 +0000] "GET /api/v1/goods/user?limit=100 HTTP/1.0" 304 - "-" "Expo/2.25.1.1015582 CFNetwork/1335.0.3 Darwin/21.6.0"
::1 - - [26/Aug/2022:05:36:29 +0000] "GET /upload/undefined HTTP/1.0" 404 155 "-" "Expo/2.25.1.1015582 CFNetwork/1335.0.3 Darwin/21.6.0"
::1 - - [26/Aug/2022:05:36:29 +0000] "GET /api/v1/transactions/user?good=6308599c5b09e9ce752581c0&sort=-createdAt HTTP/1.0" 200 576 "-" "Expo/2.25.1.1015582 CFNetwork/1335.0.3 Darwin/21.6.0"
::ffff:127.0.0.1 - - [26/Aug/2022:05:36:29 +0000] "GET /api/v1/goods/user?limit=100 HTTP/1.0" 304 - "-" "Expo/2.25.1.1015582 CFNetwork/1335.0.3 Darwin/21.6.0"
::ffff:127.0.0.1 - - [26/Aug/2022:05:36:29 +0000] "GET /api/v1/goods/6308599c5b09e9ce752581c0 HTTP/1.0" 304 - "-" "Expo/2.25.1.1015582 CFNetwork/1335.0.3 Darwin/21.6.0"
::ffff:127.0.0.1 - - [26/Aug/2022:05:36:31 +0000] "GET /api/v1/goods/user?limit=100 HTTP/1.0" 304 - "-" "Expo/2.25.1.1015582 CFNetwork/1335.0.3 Darwin/21.6.0"
::ffff:127.0.0.1 - - [26/Aug/2022:05:36:31 +0000] "GET /upload/undefined HTTP/1.0" 404 155 "-" "Expo/2.25.1.1015582 CFNetwork/1335.0.3 Darwin/21.6.0"
::ffff:127.0.0.1 - - [26/Aug/2022:05:36:31 +0000] "GET /api/v1/goods/63085a825b09e9ce7525822e HTTP/1.0" 200 439 "-" "Expo/2.25.1.1015582 CFNetwork/1335.0.3 Darwin/21.6.0"
::1 - - [26/Aug/2022:05:36:31 +0000] "GET /api/v1/transactions/user?good=63085a825b09e9ce7525822e&sort=-createdAt HTTP/1.0" 200 640 "-" "Expo/2.25.1.1015582 CFNetwork/1335.0.3 Darwin/21.6.0"
::1 - - [26/Aug/2022:05:36:31 +0000] "GET /api/v1/goods/user?limit=100 HTTP/1.0" 304 - "-" "Expo/2.25.1.1015582 CFNetwork/1335.0.3 Darwin/21.6.0"
::ffff:127.0.0.1 - - [26/Aug/2022:05:36:47 +0000] "GET /api/v1/goods/user?limit=100 HTTP/1.0" 304 - "-" "Expo/2.25.1.1015582 CFNetwork/1335.0.3 Darwin/21.6.0"
::1 - - [26/Aug/2022:05:36:47 +0000] "GET /api/v1/transactions/basket?limit=100&sort=-createdAt HTTP/1.0" 304 - "-" "Expo/2.25.1.1015582 CFNetwork/1335.0.3 Darwin/21.6.0"
::ffff:127.0.0.1 - - [26/Aug/2022:05:36:48 +0000] "GET /api/v1/goods/user?limit=100 HTTP/1.0" 304 - "-" "Expo/2.25.1.1015582 CFNetwork/1335.0.3 Darwin/21.6.0"
::1 - - [26/Aug/2022:05:36:48 +0000] "GET /api/v1/goods/user?limit=100 HTTP/1.0" 304 - "-" "Expo/2.25.1.1015582 CFNetwork/1335.0.3 Darwin/21.6.0"
::ffff:127.0.0.1 - - [26/Aug/2022:05:36:57 +0000] "POST /api/v1/transactions HTTP/1.0" 200 255 "-" "Expo/2.25.1.1015582 CFNetwork/1335.0.3 Darwin/21.6.0"
::1 - - [26/Aug/2022:05:36:57 +0000] "GET /api/v1/transactions/basket?limit=100&sort=-createdAt HTTP/1.0" 200 454 "-" "Expo/2.25.1.1015582 CFNetwork/1335.0.3 Darwin/21.6.0"
::ffff:127.0.0.1 - - [26/Aug/2022:05:36:58 +0000] "GET /api/v1/transactions/basket?limit=100&sort=-createdAt HTTP/1.0" 200 454 "-" "Expo/2.25.1.1015582 CFNetwork/1335.0.3 Darwin/21.6.0"
::1 - - [26/Aug/2022:05:37:11 +0000] "POST /api/v1/bills/receipt HTTP/1.0" 200 316 "-" "Expo/2.25.1.1015582 CFNetwork/1335.0.3 Darwin/21.6.0"
::ffff:127.0.0.1 - - [26/Aug/2022:05:37:11 +0000] "GET /api/v1/transactions/basket?limit=100&sort=-createdAt HTTP/1.0" 200 122 "-" "Expo/2.25.1.1015582 CFNetwork/1335.0.3 Darwin/21.6.0"
::1 - - [26/Aug/2022:05:37:11 +0000] "GET /api/v1/transactions/basket?limit=100&sort=-createdAt HTTP/1.0" 200 122 "-" "Expo/2.25.1.1015582 CFNetwork/1335.0.3 Darwin/21.6.0"
::1 - - [26/Aug/2022:05:37:14 +0000] "GET /api/v1/transactions/basket?limit=100&sort=-createdAt HTTP/1.0" 304 - "-" "Expo/2.25.1.1015582 CFNetwork/1335.0.3 Darwin/21.6.0"
::ffff:127.0.0.1 - - [26/Aug/2022:05:37:14 +0000] "GET /api/v1/goods/user?limit=100 HTTP/1.0" 200 1530 "-" "Expo/2.25.1.1015582 CFNetwork/1335.0.3 Darwin/21.6.0"
::ffff:127.0.0.1 - - [26/Aug/2022:05:37:14 +0000] "GET /api/v1/goods/user?limit=100 HTTP/1.0" 200 1530 "-" "Expo/2.25.1.1015582 CFNetwork/1335.0.3 Darwin/21.6.0"
::ffff:127.0.0.1 - - [26/Aug/2022:05:37:15 +0000] "GET /upload/undefined HTTP/1.0" 404 155 "-" "Expo/2.25.1.1015582 CFNetwork/1335.0.3 Darwin/21.6.0"
::1 - - [26/Aug/2022:05:37:15 +0000] "GET /api/v1/goods/63085b0c5b09e9ce75258242 HTTP/1.0" 200 451 "-" "Expo/2.25.1.1015582 CFNetwork/1335.0.3 Darwin/21.6.0"
::ffff:127.0.0.1 - - [26/Aug/2022:05:37:15 +0000] "GET /api/v1/transactions/user?good=63085b0c5b09e9ce75258242&sort=-createdAt HTTP/1.0" 200 1096 "-" "Expo/2.25.1.1015582 CFNetwork/1335.0.3 Darwin/21.6.0"
::1 - - [26/Aug/2022:05:37:15 +0000] "GET /api/v1/goods/user?limit=100 HTTP/1.0" 304 - "-" "Expo/2.25.1.1015582 CFNetwork/1335.0.3 Darwin/21.6.0"
::ffff:127.0.0.1 - - [26/Aug/2022:05:38:06 +0000] "GET /api/v1/goods/user?limit=100 HTTP/1.0" 304 - "-" "Expo/2.25.1.1015582 CFNetwork/1335.0.3 Darwin/21.6.0"
::1 - - [26/Aug/2022:05:38:14 +0000] "GET /api/v1/goods/user?limit=100 HTTP/1.0" 304 - "-" "Expo/2.25.1.1015582 CFNetwork/1335.0.3 Darwin/21.6.0"
::ffff:127.0.0.1 - - [26/Aug/2022:05:38:14 +0000] "GET /api/v1/transactions/basket?limit=100&sort=-createdAt HTTP/1.0" 304 - "-" "Expo/2.25.1.1015582 CFNetwork/1335.0.3 Darwin/21.6.0"
::1 - - [26/Aug/2022:05:38:14 +0000] "GET /api/v1/goods/user?limit=100 HTTP/1.0" 304 - "-" "Expo/2.25.1.1015582 CFNetwork/1335.0.3 Darwin/21.6.0"
::ffff:127.0.0.1 - - [26/Aug/2022:05:38:17 +0000] "GET /api/v1/goods/63085a825b09e9ce7525822e HTTP/1.0" 304 - "-" "Expo/2.25.1.1015582 CFNetwork/1335.0.3 Darwin/21.6.0"
::1 - - [26/Aug/2022:05:38:17 +0000] "GET /api/v1/transactions/user?good=63085a825b09e9ce7525822e&sort=-createdAt HTTP/1.0" 200 640 "-" "Expo/2.25.1.1015582 CFNetwork/1335.0.3 Darwin/21.6.0"
::1 - - [26/Aug/2022:05:38:18 +0000] "GET /api/v1/transactions/basket?limit=100&sort=-createdAt HTTP/1.0" 304 - "-" "Expo/2.25.1.1015582 CFNetwork/1335.0.3 Darwin/21.6.0"
::ffff:127.0.0.1 - - [26/Aug/2022:05:38:18 +0000] "GET /api/v1/goods/user?limit=100 HTTP/1.0" 304 - "-" "Expo/2.25.1.1015582 CFNetwork/1335.0.3 Darwin/21.6.0"
::ffff:127.0.0.1 - - [26/Aug/2022:05:38:28 +0000] "GET /api/v1/transactions/basket?limit=100&sort=-createdAt HTTP/1.0" 304 - "-" "Expo/2.25.1.1015582 CFNetwork/1335.0.3 Darwin/21.6.0"
::1 - - [26/Aug/2022:05:38:28 +0000] "GET /api/v1/goods/user?limit=100 HTTP/1.0" 304 - "-" "Expo/2.25.1.1015582 CFNetwork/1335.0.3 Darwin/21.6.0"
::ffff:127.0.0.1 - - [26/Aug/2022:05:38:45 +0000] "GET /api/v1/transactions/basket?limit=100&sort=-createdAt HTTP/1.0" 304 - "-" "Expo/2.25.1.1015582 CFNetwork/1335.0.3 Darwin/21.6.0"
::1 - - [26/Aug/2022:05:38:45 +0000] "GET /api/v1/goods/user?limit=100 HTTP/1.0" 304 - "-" "Expo/2.25.1.1015582 CFNetwork/1335.0.3 Darwin/21.6.0"
::1 - - [26/Aug/2022:05:38:45 +0000] "GET /api/v1/goods/user?limit=100 HTTP/1.0" 304 - "-" "Expo/2.25.1.1015582 CFNetwork/1335.0.3 Darwin/21.6.0"
::ffff:127.0.0.1 - - [26/Aug/2022:05:39:06 +0000] "GET /api/v1/goods/63085a825b09e9ce7525822e HTTP/1.0" 304 - "-" "Expo/2.25.1.1015582 CFNetwork/1335.0.3 Darwin/21.6.0"
::1 - - [26/Aug/2022:05:39:06 +0000] "GET /api/v1/transactions/user?good=63085a825b09e9ce7525822e&sort=-createdAt HTTP/1.0" 304 - "-" "Expo/2.25.1.1015582 CFNetwork/1335.0.3 Darwin/21.6.0"
::ffff:127.0.0.1 - - [26/Aug/2022:05:39:06 +0000] "GET /api/v1/goods/user?limit=100 HTTP/1.0" 304 - "-" "Expo/2.25.1.1015582 CFNetwork/1335.0.3 Darwin/21.6.0"
::ffff:127.0.0.1 - - [26/Aug/2022:05:39:10 +0000] "GET /api/v1/goods/user?limit=100 HTTP/1.0" 304 - "-" "Expo/2.25.1.1015582 CFNetwork/1335.0.3 Darwin/21.6.0"
::1 - - [26/Aug/2022:05:39:14 +0000] "GET /api/v1/goods/user?limit=100 HTTP/1.0" 304 - "-" "Expo/2.25.1.1015582 CFNetwork/1335.0.3 Darwin/21.6.0"
::ffff:127.0.0.1 - - [26/Aug/2022:05:39:15 +0000] "GET /api/v1/bills/user?limit=1000&sort=-createdAt&type=%D0%9E%D1%80%D0%BB%D0%BE%D0%B3%D0%BE HTTP/1.0" 200 1082 "-" "Expo/2.25.1.1015582 CFNetwork/1335.0.3 Darwin/21.6.0"
::1 - - [26/Aug/2022:05:39:41 +0000] "GET /api/v1/bills/user?limit=1000&sort=-createdAt&type=%D0%97%D0%B0%D1%80%D0%BB%D0%B0%D0%B3%D0%B0 HTTP/1.0" 200 110 "-" "Expo/2.25.1.1015582 CFNetwork/1335.0.3 Darwin/21.6.0"
::ffff:127.0.0.1 - - [26/Aug/2022:05:39:53 +0000] "GET /api/v1/goods/user HTTP/1.0" 200 1540 "-" "Expo/2.25.1.1015582 CFNetwork/1335.0.3 Darwin/21.6.0"
::1 - - [26/Aug/2022:05:40:55 +0000] "GET /api/v1/transactions/profit HTTP/1.0" 200 1712 "-" "Expo/2.25.1.1015582 CFNetwork/1335.0.3 Darwin/21.6.0"
::ffff:127.0.0.1 - - [26/Aug/2022:05:41:32 +0000] "GET /api/v1/templates?createUser=630858735b09e9ce752581b0 HTTP/1.0" 304 - "-" "Expo/2.25.1.1015582 CFNetwork/1335.0.3 Darwin/21.6.0"
::1 - - [26/Aug/2022:05:41:35 +0000] "GET /api/v1/transactions/user?template=63085b655b09e9ce75258250 HTTP/1.0" 200 1161 "-" "Expo/2.25.1.1015582 CFNetwork/1335.0.3 Darwin/21.6.0"
::ffff:127.0.0.1 - - [26/Aug/2022:05:41:35 +0000] "GET /api/v1/templates?createUser=630858735b09e9ce752581b0 HTTP/1.0" 304 - "-" "Expo/2.25.1.1015582 CFNetwork/1335.0.3 Darwin/21.6.0"
::1 - - [26/Aug/2022:05:41:46 +0000] "GET /api/v1/templates?createUser=630858735b09e9ce752581b0 HTTP/1.0" 304 - "-" "Expo/2.25.1.1015582 CFNetwork/1335.0.3 Darwin/21.6.0"
::ffff:127.0.0.1 - - [26/Aug/2022:05:41:57 +0000] "GET /api/v1/users/630858735b09e9ce752581b0 HTTP/1.0" 200 261 "-" "Expo/2.25.1.1015582 CFNetwork/1335.0.3 Darwin/21.6.0"
::1 - - [26/Aug/2022:05:41:57 +0000] "GET /api/v1/templates?createUser=630858735b09e9ce752581b0 HTTP/1.0" 304 - "-" "Expo/2.25.1.1015582 CFNetwork/1335.0.3 Darwin/21.6.0"
::1 - - [26/Aug/2022:05:42:30 +0000] "GET /api/v1/transactions/basket?limit=100&sort=-createdAt HTTP/1.0" 304 - "-" "Expo/2.25.1.1015582 CFNetwork/1335.0.3 Darwin/21.6.0"
::ffff:127.0.0.1 - - [26/Aug/2022:05:42:30 +0000] "GET /api/v1/goods/user?limit=100 HTTP/1.0" 304 - "-" "Expo/2.25.1.1015582 CFNetwork/1335.0.3 Darwin/21.6.0"
::1 - - [26/Aug/2022:05:42:31 +0000] "GET /api/v1/transactions/basket?limit=100&sort=-createdAt HTTP/1.0" 304 - "-" "Expo/2.25.1.1015582 CFNetwork/1335.0.3 Darwin/21.6.0"
::ffff:127.0.0.1 - - [26/Aug/2022:05:42:31 +0000] "GET /api/v1/goods/user?limit=100 HTTP/1.0" 304 - "-" "Expo/2.25.1.1015582 CFNetwork/1335.0.3 Darwin/21.6.0"
::ffff:127.0.0.1 - - [26/Aug/2022:05:42:31 +0000] "GET /api/v1/goods/user?limit=100 HTTP/1.0" 304 - "-" "Expo/2.25.1.1015582 CFNetwork/1335.0.3 Darwin/21.6.0"
::1 - - [26/Aug/2022:05:42:32 +0000] "GET /api/v1/goods/user?limit=100 HTTP/1.0" 304 - "-" "Expo/2.25.1.1015582 CFNetwork/1335.0.3 Darwin/21.6.0"
::1 - - [26/Aug/2022:05:42:36 +0000] "GET /api/v1/transactions/basket?limit=100&sort=-createdAt HTTP/1.0" 304 - "-" "Expo/2.25.1.1015582 CFNetwork/1335.0.3 Darwin/21.6.0"
::ffff:127.0.0.1 - - [26/Aug/2022:05:42:36 +0000] "GET /api/v1/goods/user?limit=100 HTTP/1.0" 304 - "-" "Expo/2.25.1.1015582 CFNetwork/1335.0.3 Darwin/21.6.0"
::1 - - [26/Aug/2022:05:42:39 +0000] "GET /api/v1/transactions/basket?limit=100&sort=-createdAt HTTP/1.0" 304 - "-" "Expo/2.25.1.1015582 CFNetwork/1335.0.3 Darwin/21.6.0"
::ffff:127.0.0.1 - - [26/Aug/2022:05:42:40 +0000] "GET /api/v1/goods/user?limit=100 HTTP/1.0" 304 - "-" "Expo/2.25.1.1015582 CFNetwork/1335.0.3 Darwin/21.6.0"
::1 - - [26/Aug/2022:05:42:42 +0000] "GET /api/v1/transactions/basket?limit=100&sort=-createdAt HTTP/1.0" 304 - "-" "Expo/2.25.1.1015582 CFNetwork/1335.0.3 Darwin/21.6.0"
::ffff:127.0.0.1 - - [26/Aug/2022:05:42:42 +0000] "GET /api/v1/goods/user?limit=100 HTTP/1.0" 304 - "-" "Expo/2.25.1.1015582 CFNetwork/1335.0.3 Darwin/21.6.0"
::ffff:127.0.0.1 - - [26/Aug/2022:05:43:35 +0000] "GET /api/v1/goods/user?barCode=4605246016929 HTTP/1.0" 200 604 "-" "Expo/2.25.1.1015582 CFNetwork/1335.0.3 Darwin/21.6.0"
::1 - - [26/Aug/2022:05:43:50 +0000] "GET /api/v1/goods/user?barCode=4605246016929 HTTP/1.0" 304 - "-" "Expo/2.25.1.1015582 CFNetwork/1335.0.3 Darwin/21.6.0"
::1 - - [26/Aug/2022:05:43:59 +0000] "GET /upload/undefined HTTP/1.0" 404 155 "-" "Expo/2.25.1.1015582 CFNetwork/1335.0.3 Darwin/21.6.0"
::ffff:127.0.0.1 - - [26/Aug/2022:05:43:59 +0000] "GET /api/v1/goods/63085b0c5b09e9ce75258242 HTTP/1.0" 304 - "-" "Expo/2.25.1.1015582 CFNetwork/1335.0.3 Darwin/21.6.0"
::ffff:127.0.0.1 - - [26/Aug/2022:05:43:59 +0000] "GET /api/v1/transactions/basket?limit=100&sort=-createdAt HTTP/1.0" 304 - "-" "Expo/2.25.1.1015582 CFNetwork/1335.0.3 Darwin/21.6.0"
::1 - - [26/Aug/2022:05:43:59 +0000] "GET /api/v1/transactions/user?good=63085b0c5b09e9ce75258242&sort=-createdAt HTTP/1.0" 304 - "-" "Expo/2.25.1.1015582 CFNetwork/1335.0.3 Darwin/21.6.0"
::ffff:127.0.0.1 - - [26/Aug/2022:05:43:59 +0000] "GET /api/v1/goods/user?limit=100 HTTP/1.0" 304 - "-" "Expo/2.25.1.1015582 CFNetwork/1335.0.3 Darwin/21.6.0"
::1 - - [26/Aug/2022:05:44:12 +0000] "GET /api/v1/transactions/basket?limit=100&sort=-createdAt HTTP/1.0" 304 - "-" "Expo/2.25.1.1015582 CFNetwork/1335.0.3 Darwin/21.6.0"
::ffff:127.0.0.1 - - [26/Aug/2022:05:44:12 +0000] "GET /api/v1/goods/user?limit=100 HTTP/1.0" 304 - "-" "Expo/2.25.1.1015582 CFNetwork/1335.0.3 Darwin/21.6.0"
::ffff:127.0.0.1 - - [26/Aug/2022:05:44:51 +0000] "POST /api/v1/transactions HTTP/1.0" 200 256 "-" "Expo/2.25.1.1015582 CFNetwork/1335.0.3 Darwin/21.6.0"
::1 - - [26/Aug/2022:05:44:52 +0000] "GET /api/v1/transactions/basket?limit=100&sort=-createdAt HTTP/1.0" 200 455 "-" "Expo/2.25.1.1015582 CFNetwork/1335.0.3 Darwin/21.6.0"
::ffff:127.0.0.1 - - [26/Aug/2022:05:44:52 +0000] "GET /api/v1/transactions/basket?limit=100&sort=-createdAt HTTP/1.0" 200 455 "-" "Expo/2.25.1.1015582 CFNetwork/1335.0.3 Darwin/21.6.0"
::1 - - [26/Aug/2022:05:44:59 +0000] "POST /api/v1/bills/drain HTTP/1.0" 200 319 "-" "Expo/2.25.1.1015582 CFNetwork/1335.0.3 Darwin/21.6.0"
::ffff:127.0.0.1 - - [26/Aug/2022:05:45:00 +0000] "GET /api/v1/transactions/basket?limit=100&sort=-createdAt HTTP/1.0" 200 122 "-" "Expo/2.25.1.1015582 CFNetwork/1335.0.3 Darwin/21.6.0"
::1 - - [26/Aug/2022:05:45:00 +0000] "GET /api/v1/transactions/basket?limit=100&sort=-createdAt HTTP/1.0" 200 122 "-" "Expo/2.25.1.1015582 CFNetwork/1335.0.3 Darwin/21.6.0"
::1 - - [26/Aug/2022:05:45:26 +0000] "GET /api/v1/transactions/basket?limit=100&sort=-createdAt HTTP/1.0" 304 - "-" "Expo/2.25.1.1015582 CFNetwork/1335.0.3 Darwin/21.6.0"
::ffff:127.0.0.1 - - [26/Aug/2022:05:45:26 +0000] "GET /api/v1/goods/user?limit=100 HTTP/1.0" 200 1532 "-" "Expo/2.25.1.1015582 CFNetwork/1335.0.3 Darwin/21.6.0"
::ffff:127.0.0.1 - - [26/Aug/2022:05:45:27 +0000] "GET /api/v1/goods/user?limit=100 HTTP/1.0" 200 1532 "-" "Expo/2.25.1.1015582 CFNetwork/1335.0.3 Darwin/21.6.0"
::ffff:127.0.0.1 - - [26/Aug/2022:05:45:34 +0000] "GET /api/v1/transactions/basket?limit=100&sort=-createdAt HTTP/1.0" 304 - "-" "Expo/2.25.1.1015582 CFNetwork/1335.0.3 Darwin/21.6.0"
::1 - - [26/Aug/2022:05:45:35 +0000] "GET /api/v1/goods/user?limit=100 HTTP/1.0" 304 - "-" "Expo/2.25.1.1015582 CFNetwork/1335.0.3 Darwin/21.6.0"
::1 - - [26/Aug/2022:05:45:35 +0000] "GET /api/v1/goods/user?limit=100 HTTP/1.0" 304 - "-" "Expo/2.25.1.1015582 CFNetwork/1335.0.3 Darwin/21.6.0"
::1 - - [26/Aug/2022:05:45:45 +0000] "GET /api/v1/transactions/basket?limit=100&sort=-createdAt HTTP/1.0" 304 - "-" "Expo/2.25.1.1015582 CFNetwork/1335.0.3 Darwin/21.6.0"
::ffff:127.0.0.1 - - [26/Aug/2022:05:45:45 +0000] "GET /api/v1/goods/user?limit=100 HTTP/1.0" 304 - "-" "Expo/2.25.1.1015582 CFNetwork/1335.0.3 Darwin/21.6.0"
::ffff:127.0.0.1 - - [26/Aug/2022:05:45:47 +0000] "GET /api/v1/bills/user?limit=1000&sort=-createdAt&type=%D0%97%D0%B0%D1%80%D0%BB%D0%B0%D0%B3%D0%B0 HTTP/1.0" 200 405 "-" "Expo/2.25.1.1015582 CFNetwork/1335.0.3 Darwin/21.6.0"
::ffff:127.0.0.1 - - [26/Aug/2022:05:45:58 +0000] "GET /api/v1/bills/user?limit=1000&sort=-createdAt&type=%D0%97%D0%B0%D1%80%D0%BB%D0%B0%D0%B3%D0%B0 HTTP/1.0" 304 - "-" "Expo/2.25.1.1015582 CFNetwork/1335.0.3 Darwin/21.6.0"
::1 - - [26/Aug/2022:05:45:58 +0000] "GET /api/v1/transactions/user?bill=63085ddb5b09e9ce75258369 HTTP/1.0" 200 578 "-" "Expo/2.25.1.1015582 CFNetwork/1335.0.3 Darwin/21.6.0"
::ffff:127.0.0.1 - - [26/Aug/2022:05:46:11 +0000] "GET /api/v1/bills/user?limit=1000&sort=-createdAt&type=%D0%97%D0%B0%D1%80%D0%BB%D0%B0%D0%B3%D0%B0 HTTP/1.0" 304 - "-" "Expo/2.25.1.1015582 CFNetwork/1335.0.3 Darwin/21.6.0"
::1 - - [26/Aug/2022:05:46:18 +0000] "GET /api/v1/transactions/profit HTTP/1.0" 200 1780 "-" "Expo/2.25.1.1015582 CFNetwork/1335.0.3 Darwin/21.6.0"
::ffff:127.0.0.1 - - [26/Aug/2022:06:10:08 +0000] "GET / HTTP/1.0" 404 139 "-" "Mozilla/5.0"
::1 - - [26/Aug/2022:06:13:14 +0000] "GET /boaform/admin/formLogin?username=admin&psd=admin HTTP/1.0" 404 162 "-" "-"
::ffff:127.0.0.1 - - [26/Aug/2022:06:36:27 +0000] "POST / HTTP/1.0" 404 140 "-" "Mozilla/5.0 (X11; Linux x86_64) AppleWebKit/537.36 (KHTML, like Gecko) Chrome/81.0.4044.129 Safari/537.36"
::1 - - [26/Aug/2022:06:36:27 +0000] "GET /.env HTTP/1.0" 404 143 "-" "Mozilla/5.0 (X11; Linux x86_64) AppleWebKit/537.36 (KHTML, like Gecko) Chrome/81.0.4044.129 Safari/537.36"
::ffff:127.0.0.1 - - [26/Aug/2022:06:46:53 +0000] "GET /.env HTTP/1.0" 404 143 "-" "Mozilla/5.0 (X11; Linux x86_64) AppleWebKit/537.36 (KHTML, like Gecko) Chrome/81.0.4044.129 Safari/537.36"
::1 - - [26/Aug/2022:06:52:59 +0000] "GET / HTTP/1.0" 404 139 "-" "Mozilla/5.0 (Windows NT 10.0; Win64; x64) AppleWebKit/537.36 (KHTML, like Gecko) Chrome/60.0.3112.113 Safari/537.36"
::ffff:127.0.0.1 - - [26/Aug/2022:07:01:19 +0000] "POST /api/v1/users/login HTTP/1.0" 200 535 "-" "Naimaa/0.0.6 CFNetwork/1335.0.3 Darwin/21.6.0"
::1 - - [26/Aug/2022:07:01:19 +0000] "GET /api/v1/categories HTTP/1.0" 200 426 "-" "Naimaa/0.0.6 CFNetwork/1335.0.3 Darwin/21.6.0"
::1 - - [26/Aug/2022:07:01:19 +0000] "GET /api/v1/transactions/basket?limit=100&sort=-createdAt HTTP/1.0" 200 122 "-" "Naimaa/0.0.6 CFNetwork/1335.0.3 Darwin/21.6.0"
::ffff:127.0.0.1 - - [26/Aug/2022:07:01:19 +0000] "GET /api/v1/goods/user?limit=100 HTTP/1.0" 200 1532 "-" "Naimaa/0.0.6 CFNetwork/1335.0.3 Darwin/21.6.0"
::ffff:127.0.0.1 - - [26/Aug/2022:07:01:37 +0000] "GET /api/v1/transactions/basket?limit=100&sort=-createdAt HTTP/1.0" 304 - "-" "Naimaa/0.0.6 CFNetwork/1335.0.3 Darwin/21.6.0"
::ffff:127.0.0.1 - - [26/Aug/2022:07:01:37 +0000] "GET /api/v1/categories HTTP/1.0" 304 - "-" "Naimaa/0.0.6 CFNetwork/1335.0.3 Darwin/21.6.0"
::1 - - [26/Aug/2022:07:01:37 +0000] "GET /api/v1/goods/user?limit=100 HTTP/1.0" 304 - "-" "Naimaa/0.0.6 CFNetwork/1335.0.3 Darwin/21.6.0"
::1 - - [26/Aug/2022:07:05:12 +0000] "POST /api/v1/goods HTTP/1.0" 200 372 "-" "Naimaa/0.0.6 CFNetwork/1335.0.3 Darwin/21.6.0"
::ffff:127.0.0.1 - - [26/Aug/2022:07:05:12 +0000] "GET /api/v1/goods/user?limit=100 HTTP/1.0" 200 2005 "-" "Naimaa/0.0.6 CFNetwork/1335.0.3 Darwin/21.6.0"
::1 - - [26/Aug/2022:07:05:13 +0000] "GET /api/v1/transactions/basket?limit=100&sort=-createdAt HTTP/1.0" 304 - "-" "Naimaa/0.0.6 CFNetwork/1335.0.3 Darwin/21.6.0"
::ffff:127.0.0.1 - - [26/Aug/2022:07:05:13 +0000] "PUT /api/v1/goods/630870a85b09e9ce752583b1/upload-photo HTTP/1.0" 200 60 "-" "Naimaa/0.0.6 CFNetwork/1335.0.3 Darwin/21.6.0"
::1 - - [26/Aug/2022:07:05:58 +0000] "POST /api/v1/transactions HTTP/1.0" 200 256 "-" "Naimaa/0.0.6 CFNetwork/1335.0.3 Darwin/21.6.0"
::ffff:127.0.0.1 - - [26/Aug/2022:07:05:59 +0000] "GET /api/v1/transactions/basket?limit=100&sort=-createdAt HTTP/1.0" 200 454 "-" "Naimaa/0.0.6 CFNetwork/1335.0.3 Darwin/21.6.0"
::1 - - [26/Aug/2022:07:05:59 +0000] "GET /api/v1/transactions/basket?limit=100&sort=-createdAt HTTP/1.0" 200 454 "-" "Naimaa/0.0.6 CFNetwork/1335.0.3 Darwin/21.6.0"
::ffff:127.0.0.1 - - [26/Aug/2022:07:06:11 +0000] "POST /api/v1/bills/drain HTTP/1.0" 400 140 "-" "Naimaa/0.0.6 CFNetwork/1335.0.3 Darwin/21.6.0"
::1 - - [26/Aug/2022:07:06:23 +0000] "GET /upload/undefined HTTP/1.0" 404 155 "-" "Naimaa/0.0.6 CFNetwork/1335.0.3 Darwin/21.6.0"
::ffff:127.0.0.1 - - [26/Aug/2022:07:06:23 +0000] "GET /api/v1/goods/630870a85b09e9ce752583b1 HTTP/1.0" 200 475 "-" "Naimaa/0.0.6 CFNetwork/1335.0.3 Darwin/21.6.0"
::1 - - [26/Aug/2022:07:06:23 +0000] "GET /api/v1/transactions/user?good=630870a85b09e9ce752583b1&sort=-createdAt HTTP/1.0" 200 451 "-" "Naimaa/0.0.6 CFNetwork/1335.0.3 Darwin/21.6.0"
::ffff:127.0.0.1 - - [26/Aug/2022:07:06:23 +0000] "GET /api/v1/transactions/basket?limit=100&sort=-createdAt HTTP/1.0" 304 - "-" "Naimaa/0.0.6 CFNetwork/1335.0.3 Darwin/21.6.0"
::1 - - [26/Aug/2022:07:06:23 +0000] "GET /api/v1/goods/user?limit=100 HTTP/1.0" 200 2027 "-" "Naimaa/0.0.6 CFNetwork/1335.0.3 Darwin/21.6.0"
::1 - - [26/Aug/2022:07:06:29 +0000] "GET /api/v1/goods/user?limit=100 HTTP/1.0" 304 - "-" "Naimaa/0.0.6 CFNetwork/1335.0.3 Darwin/21.6.0"
::ffff:127.0.0.1 - - [26/Aug/2022:07:06:29 +0000] "GET /api/v1/transactions/basket?limit=100&sort=-createdAt HTTP/1.0" 304 - "-" "Naimaa/0.0.6 CFNetwork/1335.0.3 Darwin/21.6.0"
::1 - - [26/Aug/2022:07:06:55 +0000] "GET /upload/undefined HTTP/1.0" 404 155 "-" "Naimaa/0.0.6 CFNetwork/1335.0.3 Darwin/21.6.0"
::ffff:127.0.0.1 - - [26/Aug/2022:07:06:55 +0000] "GET /api/v1/goods/630870a85b09e9ce752583b1 HTTP/1.0" 304 - "-" "Naimaa/0.0.6 CFNetwork/1335.0.3 Darwin/21.6.0"
::1 - - [26/Aug/2022:07:06:55 +0000] "GET /api/v1/goods/user?limit=100 HTTP/1.0" 304 - "-" "Naimaa/0.0.6 CFNetwork/1335.0.3 Darwin/21.6.0"
::ffff:127.0.0.1 - - [26/Aug/2022:07:06:56 +0000] "GET /api/v1/transactions/user?good=630870a85b09e9ce752583b1&sort=-createdAt HTTP/1.0" 304 - "-" "Naimaa/0.0.6 CFNetwork/1335.0.3 Darwin/21.6.0"
::1 - - [26/Aug/2022:07:06:56 +0000] "GET /api/v1/transactions/basket?limit=100&sort=-createdAt HTTP/1.0" 304 - "-" "Naimaa/0.0.6 CFNetwork/1335.0.3 Darwin/21.6.0"
::1 - - [26/Aug/2022:07:07:01 +0000] "GET /api/v1/transactions/basket?limit=100&sort=-createdAt HTTP/1.0" 304 - "-" "Naimaa/0.0.6 CFNetwork/1335.0.3 Darwin/21.6.0"
::ffff:127.0.0.1 - - [26/Aug/2022:07:07:01 +0000] "GET /api/v1/goods/user?limit=100 HTTP/1.0" 304 - "-" "Naimaa/0.0.6 CFNetwork/1335.0.3 Darwin/21.6.0"
::1 - - [26/Aug/2022:07:08:19 +0000] "POST /api/v1/transactions HTTP/1.0" 200 257 "-" "Naimaa/0.0.6 CFNetwork/1335.0.3 Darwin/21.6.0"
::ffff:127.0.0.1 - - [26/Aug/2022:07:08:19 +0000] "GET /api/v1/transactions/basket?limit=100&sort=-createdAt HTTP/1.0" 200 788 "-" "Naimaa/0.0.6 CFNetwork/1335.0.3 Darwin/21.6.0"
::1 - - [26/Aug/2022:07:08:20 +0000] "GET /api/v1/transactions/basket?limit=100&sort=-createdAt HTTP/1.0" 200 788 "-" "Naimaa/0.0.6 CFNetwork/1335.0.3 Darwin/21.6.0"
::ffff:127.0.0.1 - - [26/Aug/2022:07:08:36 +0000] "POST /api/v1/bills/receipt HTTP/1.0" 200 317 "-" "Naimaa/0.0.6 CFNetwork/1335.0.3 Darwin/21.6.0"
::1 - - [26/Aug/2022:07:08:37 +0000] "GET /api/v1/transactions/basket?limit=100&sort=-createdAt HTTP/1.0" 200 122 "-" "Naimaa/0.0.6 CFNetwork/1335.0.3 Darwin/21.6.0"
::ffff:127.0.0.1 - - [26/Aug/2022:07:08:37 +0000] "GET /api/v1/transactions/basket?limit=100&sort=-createdAt HTTP/1.0" 200 122 "-" "Naimaa/0.0.6 CFNetwork/1335.0.3 Darwin/21.6.0"
::ffff:127.0.0.1 - - [26/Aug/2022:07:08:47 +0000] "GET /api/v1/transactions/basket?limit=100&sort=-createdAt HTTP/1.0" 304 - "-" "Naimaa/0.0.6 CFNetwork/1335.0.3 Darwin/21.6.0"
::1 - - [26/Aug/2022:07:08:47 +0000] "GET /api/v1/goods/user?limit=100 HTTP/1.0" 200 2031 "-" "Naimaa/0.0.6 CFNetwork/1335.0.3 Darwin/21.6.0"
::1 - - [26/Aug/2022:07:10:08 +0000] "GET /api/v1/transactions/profit HTTP/1.0" 200 2252 "-" "Naimaa/0.0.6 CFNetwork/1335.0.3 Darwin/21.6.0"
::ffff:127.0.0.1 - - [26/Aug/2022:07:10:59 +0000] "GET /api/v1/bills/user?limit=1000&sort=-createdAt&type=%D0%9E%D1%80%D0%BB%D0%BE%D0%B3%D0%BE HTTP/1.0" 200 1376 "-" "Naimaa/0.0.6 CFNetwork/1335.0.3 Darwin/21.6.0"
::1 - - [26/Aug/2022:07:11:14 +0000] "GET /api/v1/bills/user?limit=1000&sort=-createdAt&type=%D0%9E%D1%80%D0%BB%D0%BE%D0%B3%D0%BE HTTP/1.0" 304 - "-" "Naimaa/0.0.6 CFNetwork/1335.0.3 Darwin/21.6.0"
::ffff:127.0.0.1 - - [26/Aug/2022:07:11:15 +0000] "GET /api/v1/transactions/user?bill=630871745b09e9ce752583ee HTTP/1.0" 200 1033 "-" "Naimaa/0.0.6 CFNetwork/1335.0.3 Darwin/21.6.0"
::1 - - [26/Aug/2022:07:11:15 +0000] "GET /api/v1/bills/user?limit=1000&sort=-createdAt&type=%D0%9E%D1%80%D0%BB%D0%BE%D0%B3%D0%BE HTTP/1.0" 304 - "-" "Naimaa/0.0.6 CFNetwork/1335.0.3 Darwin/21.6.0"
::ffff:127.0.0.1 - - [26/Aug/2022:07:11:24 +0000] "GET /api/v1/bills/user?limit=1000&sort=-createdAt&type=%D0%9E%D1%80%D0%BB%D0%BE%D0%B3%D0%BE HTTP/1.0" 304 - "-" "Naimaa/0.0.6 CFNetwork/1335.0.3 Darwin/21.6.0"
::1 - - [26/Aug/2022:07:11:26 +0000] "GET /api/v1/transactions/user?bill=63085c065b09e9ce752582be HTTP/1.0" 200 575 "-" "Naimaa/0.0.6 CFNetwork/1335.0.3 Darwin/21.6.0"
::ffff:127.0.0.1 - - [26/Aug/2022:07:11:26 +0000] "GET /api/v1/bills/user?limit=1000&sort=-createdAt&type=%D0%9E%D1%80%D0%BB%D0%BE%D0%B3%D0%BE HTTP/1.0" 304 - "-" "Naimaa/0.0.6 CFNetwork/1335.0.3 Darwin/21.6.0"
::ffff:127.0.0.1 - - [26/Aug/2022:07:11:47 +0000] "GET /api/v1/bills/user?limit=1000&sort=-createdAt&type=%D0%9E%D1%80%D0%BB%D0%BE%D0%B3%D0%BE HTTP/1.0" 304 - "-" "Naimaa/0.0.6 CFNetwork/1335.0.3 Darwin/21.6.0"
::1 - - [26/Aug/2022:07:11:53 +0000] "GET /api/v1/bills/user?limit=1000&sort=-createdAt&type=%D0%97%D0%B0%D1%80%D0%BB%D0%B0%D0%B3%D0%B0 HTTP/1.0" 200 405 "-" "Naimaa/0.0.6 CFNetwork/1335.0.3 Darwin/21.6.0"
::ffff:127.0.0.1 - - [26/Aug/2022:07:11:57 +0000] "GET /api/v1/bills/user?limit=1000&sort=-createdAt&type=%D0%97%D0%B0%D1%80%D0%BB%D0%B0%D0%B3%D0%B0 HTTP/1.0" 304 - "-" "Naimaa/0.0.6 CFNetwork/1335.0.3 Darwin/21.6.0"
::1 - - [26/Aug/2022:07:11:57 +0000] "GET /api/v1/transactions/user?bill=63085ddb5b09e9ce75258369 HTTP/1.0" 200 578 "-" "Naimaa/0.0.6 CFNetwork/1335.0.3 Darwin/21.6.0"
::1 - - [26/Aug/2022:07:12:03 +0000] "GET /api/v1/bills/user?limit=1000&sort=-createdAt&type=%D0%97%D0%B0%D1%80%D0%BB%D0%B0%D0%B3%D0%B0 HTTP/1.0" 304 - "-" "Naimaa/0.0.6 CFNetwork/1335.0.3 Darwin/21.6.0"
::ffff:127.0.0.1 - - [26/Aug/2022:07:12:10 +0000] "GET /api/v1/goods/user?limit=100 HTTP/1.0" 304 - "-" "Naimaa/0.0.6 CFNetwork/1335.0.3 Darwin/21.6.0"
::1 - - [26/Aug/2022:07:35:27 +0000] "GET /api/v1/goods/user?limit=100 HTTP/1.0" 304 - "-" "Naimaa/0.0.6 CFNetwork/1335.0.3 Darwin/21.6.0"
::ffff:127.0.0.1 - - [26/Aug/2022:07:35:33 +0000] "GET /api/v1/bills/user?limit=1000&sort=-createdAt&type=%D0%9E%D1%80%D0%BB%D0%BE%D0%B3%D0%BE HTTP/1.0" 304 - "-" "Naimaa/0.0.6 CFNetwork/1335.0.3 Darwin/21.6.0"
::1 - - [26/Aug/2022:07:35:39 +0000] "GET /api/v1/bills/user?limit=1000&sort=-createdAt&type=%D0%97%D0%B0%D1%80%D0%BB%D0%B0%D0%B3%D0%B0 HTTP/1.0" 304 - "-" "Naimaa/0.0.6 CFNetwork/1335.0.3 Darwin/21.6.0"
::ffff:127.0.0.1 - - [26/Aug/2022:07:35:43 +0000] "GET /api/v1/goods/user?limit=100 HTTP/1.0" 304 - "-" "Naimaa/0.0.6 CFNetwork/1335.0.3 Darwin/21.6.0"
::1 - - [26/Aug/2022:07:35:49 +0000] "GET /api/v1/transactions/profit HTTP/1.0" 304 - "-" "Naimaa/0.0.6 CFNetwork/1335.0.3 Darwin/21.6.0"
::ffff:127.0.0.1 - - [26/Aug/2022:07:44:19 +0000] "POST / HTTP/1.0" 404 140 "-" "Mozilla/5.0 (X11; Linux x86_64) AppleWebKit/537.36 (KHTML, like Gecko) Chrome/81.0.4044.129 Safari/537.36"
::1 - - [26/Aug/2022:07:44:19 +0000] "GET /.env HTTP/1.0" 404 143 "-" "Mozilla/5.0 (X11; Linux x86_64) AppleWebKit/537.36 (KHTML, like Gecko) Chrome/81.0.4044.129 Safari/537.36"
::ffff:127.0.0.1 - - [26/Aug/2022:08:04:58 +0000] "GET /.env HTTP/1.0" 404 143 "-" "Mozilla/5.0 (X11; Linux x86_64) AppleWebKit/537.36 (KHTML, like Gecko) Chrome/81.0.4044.129 Safari/537.36"
::1 - - [26/Aug/2022:08:04:59 +0000] "POST / HTTP/1.0" 404 140 "-" "Mozilla/5.0 (X11; Linux x86_64) AppleWebKit/537.36 (KHTML, like Gecko) Chrome/81.0.4044.129 Safari/537.36"
::ffff:127.0.0.1 - - [26/Aug/2022:08:13:56 +0000] "GET / HTTP/1.0" 404 139 "-" "Mozilla/5.0 (Windows NT 10.0; WOW64) AppleWebKit/537.36 (KHTML, like Gecko) Chrome/51.0.2704.103 Safari/537.36"
::1 - - [26/Aug/2022:08:13:56 +0000] "GET / HTTP/1.0" 404 139 "-" "Mozilla/5.0 (Windows NT 10.0; WOW64) AppleWebKit/537.36 (KHTML, like Gecko) Chrome/51.0.2704.103 Safari/537.36"
::ffff:127.0.0.1 - - [26/Aug/2022:08:51:25 +0000] "POST / HTTP/1.0" 404 140 "-" "Mozilla/5.0 (X11; Linux x86_64) AppleWebKit/537.36 (KHTML, like Gecko) Chrome/81.0.4044.129 Safari/537.36"
::1 - - [26/Aug/2022:08:51:25 +0000] "GET /.env HTTP/1.0" 404 143 "-" "Mozilla/5.0 (X11; Linux x86_64) AppleWebKit/537.36 (KHTML, like Gecko) Chrome/81.0.4044.129 Safari/537.36"
::ffff:127.0.0.1 - - [26/Aug/2022:08:55:10 +0000] "GET / HTTP/1.0" 404 139 "-" "Mozilla/5.0 (Windows NT 10.0; WOW64) AppleWebKit/537.36 (KHTML, like Gecko) Chrome/52.0.2743.116 Safari/537.36"
::1 - - [26/Aug/2022:09:11:01 +0000] "GET / HTTP/1.0" 404 139 "-" "-"
::ffff:127.0.0.1 - - [26/Aug/2022:09:18:25 +0000] "GET / HTTP/1.0" 404 139 "-" "Hello World"
::1 - - [26/Aug/2022:09:44:53 +0000] "GET /hudson HTTP/1.0" 404 145 "-" "Mozilla/5.0 zgrab/0.x"
::ffff:127.0.0.1 - - [26/Aug/2022:09:57:32 +0000] "POST / HTTP/1.0" 404 140 "-" "Mozilla/5.0 (X11; Linux x86_64) AppleWebKit/537.36 (KHTML, like Gecko) Chrome/81.0.4044.129 Safari/537.36"
::1 - - [26/Aug/2022:09:57:33 +0000] "GET /.env HTTP/1.0" 404 143 "-" "Mozilla/5.0 (X11; Linux x86_64) AppleWebKit/537.36 (KHTML, like Gecko) Chrome/81.0.4044.129 Safari/537.36"
::ffff:127.0.0.1 - - [26/Aug/2022:10:05:01 +0000] "GET / HTTP/1.0" 404 139 "-" "Mozilla/5.0 (Macintosh; Intel Mac OS X 10_15_7) AppleWebKit/537.36 (KHTML, like Gecko) Chrome/102.0.0.0 Safari/537.36"
::1 - - [26/Aug/2022:11:03:40 +0000] "POST / HTTP/1.0" 404 140 "-" "Mozilla/5.0 (X11; Linux x86_64) AppleWebKit/537.36 (KHTML, like Gecko) Chrome/81.0.4044.129 Safari/537.36"
::ffff:127.0.0.1 - - [26/Aug/2022:11:03:40 +0000] "GET /.env HTTP/1.0" 404 143 "-" "Mozilla/5.0 (X11; Linux x86_64) AppleWebKit/537.36 (KHTML, like Gecko) Chrome/81.0.4044.129 Safari/537.36"
::1 - - [26/Aug/2022:11:05:34 +0000] "GET /.env HTTP/1.0" 404 143 "-" "Mozilla/5.0 (X11; Linux x86_64) AppleWebKit/537.36 (KHTML, like Gecko) Chrome/81.0.4044.129 Safari/537.36"
::ffff:127.0.0.1 - - [26/Aug/2022:11:05:35 +0000] "POST / HTTP/1.0" 404 140 "-" "Mozilla/5.0 (X11; Linux x86_64) AppleWebKit/537.36 (KHTML, like Gecko) Chrome/81.0.4044.129 Safari/537.36"
::1 - - [26/Aug/2022:11:17:13 +0000] "GET /.env HTTP/1.0" 404 143 "-" "Mozilla/5.0 (X11; Linux x86_64) AppleWebKit/537.36 (KHTML, like Gecko) Chrome/81.0.4044.129 Safari/537.36"
::ffff:127.0.0.1 - - [26/Aug/2022:11:48:14 +0000] "GET /portal/redlion HTTP/1.0" 404 153 "-" "Mozilla/5.0 zgrab/0.x"
::1 - - [26/Aug/2022:11:55:04 +0000] "GET / HTTP/1.0" 404 139 "-" "masscan/1.0 (https://github.com/robertdavidgraham/masscan)"
::ffff:127.0.0.1 - - [26/Aug/2022:12:01:54 +0000] "GET / HTTP/1.0" 404 139 "-" "-"
::1 - - [26/Aug/2022:12:13:31 +0000] "GET / HTTP/1.0" 404 139 "-" "Mozilla/5.0 (Windows NT 10.0; Win64; x64) AppleWebKit/537.36 (KHTML, like Gecko) Chrome/90.0.4430.85 Safari/537.36 Edg/90.0.818.46"
::ffff:127.0.0.1 - - [26/Aug/2022:12:18:50 +0000] "GET / HTTP/1.0" 404 139 "-" "Mozilla/5.0 (Windows NT 10.0; Win64; x64) AppleWebKit/537.36 (KHTML, like Gecko) Chrome/60.0.3112.113 Safari/537.36"
::1 - - [26/Aug/2022:12:34:20 +0000] "POST / HTTP/1.0" 404 140 "-" "Mozilla/5.0 (X11; Linux x86_64) AppleWebKit/537.36 (KHTML, like Gecko) Chrome/81.0.4044.129 Safari/537.36"
::ffff:127.0.0.1 - - [26/Aug/2022:12:34:20 +0000] "GET /.env HTTP/1.0" 404 143 "-" "Mozilla/5.0 (X11; Linux x86_64) AppleWebKit/537.36 (KHTML, like Gecko) Chrome/81.0.4044.129 Safari/537.36"
::1 - - [26/Aug/2022:13:40:03 +0000] "POST / HTTP/1.0" 404 140 "-" "Mozilla/5.0 (X11; Linux x86_64) AppleWebKit/537.36 (KHTML, like Gecko) Chrome/81.0.4044.129 Safari/537.36"
::ffff:127.0.0.1 - - [26/Aug/2022:13:40:03 +0000] "GET /.env HTTP/1.0" 404 143 "-" "Mozilla/5.0 (X11; Linux x86_64) AppleWebKit/537.36 (KHTML, like Gecko) Chrome/81.0.4044.129 Safari/537.36"
::1 - - [26/Aug/2022:13:48:10 +0000] "GET /api/system/home HTTP/1.0" 404 154 "-" "Mozilla/5.0 (X11; Linux x86_64) AppleWebKit/537.36 (KHTML, like Gecko) Chrome/55.0.2883.44 Safari/537.36"
::ffff:127.0.0.1 - - [26/Aug/2022:14:05:53 +0000] "GET /.env HTTP/1.0" 404 143 "-" "Mozilla/5.0 (X11; Linux x86_64) AppleWebKit/537.36 (KHTML, like Gecko) Chrome/81.0.4044.129 Safari/537.36"
::1 - - [26/Aug/2022:14:05:54 +0000] "POST / HTTP/1.0" 404 140 "-" "Mozilla/5.0 (X11; Linux x86_64) AppleWebKit/537.36 (KHTML, like Gecko) Chrome/81.0.4044.129 Safari/537.36"
::ffff:127.0.0.1 - - [26/Aug/2022:14:45:51 +0000] "POST / HTTP/1.0" 404 140 "-" "Mozilla/5.0 (X11; Linux x86_64) AppleWebKit/537.36 (KHTML, like Gecko) Chrome/81.0.4044.129 Safari/537.36"
::1 - - [26/Aug/2022:14:45:51 +0000] "GET /.env HTTP/1.0" 404 143 "-" "Mozilla/5.0 (X11; Linux x86_64) AppleWebKit/537.36 (KHTML, like Gecko) Chrome/81.0.4044.129 Safari/537.36"
::ffff:127.0.0.1 - - [26/Aug/2022:14:50:52 +0000] "GET /.env HTTP/1.0" 404 143 "-" "Mozilla/5.0 (X11; Linux x86_64) AppleWebKit/537.36 (KHTML, like Gecko) Chrome/81.0.4044.129 Safari/537.36"
::1 - - [26/Aug/2022:14:50:53 +0000] "POST / HTTP/1.0" 404 140 "-" "Mozilla/5.0 (X11; Linux x86_64) AppleWebKit/537.36 (KHTML, like Gecko) Chrome/81.0.4044.129 Safari/537.36"
