::1 - - [28/Jun/2022:07:13:46 +0000] "GET /api/v1/categories HTTP/1.0" 304 - "-" "Expo/2.24.3.1014878 CFNetwork/1333.0.4 Darwin/21.5.0"
::ffff:127.0.0.1 - - [28/Jun/2022:07:13:52 +0000] "GET /api/v1/categories HTTP/1.0" 304 - "-" "okhttp/4.9.2"
::1 - - [28/Jun/2022:07:16:52 +0000] "GET /api/v1/categories HTTP/1.0" 304 - "-" "Expo/2.24.3.1014878 CFNetwork/1333.0.4 Darwin/21.5.0"
::ffff:127.0.0.1 - - [28/Jun/2022:07:16:53 +0000] "GET /api/v1/categories HTTP/1.0" 304 - "-" "okhttp/4.9.2"
::1 - - [28/Jun/2022:07:17:05 +0000] "GET /api/v1/categories HTTP/1.0" 304 - "-" "okhttp/4.9.2"
::ffff:127.0.0.1 - - [28/Jun/2022:07:17:06 +0000] "GET /api/v1/categories HTTP/1.0" 304 - "-" "Expo/2.24.3.1014878 CFNetwork/1333.0.4 Darwin/21.5.0"
::1 - - [28/Jun/2022:07:17:15 +0000] "GET /api/v1/categories HTTP/1.0" 304 - "-" "okhttp/4.9.2"
::ffff:127.0.0.1 - - [28/Jun/2022:07:17:16 +0000] "GET /api/v1/categories HTTP/1.0" 304 - "-" "Expo/2.24.3.1014878 CFNetwork/1333.0.4 Darwin/21.5.0"
::1 - - [28/Jun/2022:07:17:27 +0000] "GET /api/v1/categories HTTP/1.0" 304 - "-" "okhttp/4.9.2"
::ffff:127.0.0.1 - - [28/Jun/2022:07:17:28 +0000] "GET /api/v1/categories HTTP/1.0" 304 - "-" "Expo/2.24.3.1014878 CFNetwork/1333.0.4 Darwin/21.5.0"
::1 - - [28/Jun/2022:07:17:34 +0000] "GET /api/v1/categories HTTP/1.0" 304 - "-" "okhttp/4.9.2"
::ffff:127.0.0.1 - - [28/Jun/2022:07:17:34 +0000] "GET /api/v1/categories HTTP/1.0" 304 - "-" "Expo/2.24.3.1014878 CFNetwork/1333.0.4 Darwin/21.5.0"
::1 - - [28/Jun/2022:07:17:44 +0000] "GET /api/v1/categories HTTP/1.0" 304 - "-" "Expo/2.24.3.1014878 CFNetwork/1333.0.4 Darwin/21.5.0"
::ffff:127.0.0.1 - - [28/Jun/2022:07:17:44 +0000] "GET /api/v1/categories HTTP/1.0" 304 - "-" "okhttp/4.9.2"
::1 - - [28/Jun/2022:07:18:08 +0000] "GET /api/v1/categories HTTP/1.0" 304 - "-" "okhttp/4.9.2"
::ffff:127.0.0.1 - - [28/Jun/2022:07:18:08 +0000] "GET /api/v1/categories HTTP/1.0" 304 - "-" "Expo/2.24.3.1014878 CFNetwork/1333.0.4 Darwin/21.5.0"
::1 - - [28/Jun/2022:07:18:12 +0000] "GET /api/v1/categories HTTP/1.0" 304 - "-" "okhttp/4.9.2"
::ffff:127.0.0.1 - - [28/Jun/2022:07:18:12 +0000] "GET /api/v1/categories HTTP/1.0" 304 - "-" "Expo/2.24.3.1014878 CFNetwork/1333.0.4 Darwin/21.5.0"
::1 - - [28/Jun/2022:07:18:56 +0000] "GET /api/v1/goods/user?limit=100 HTTP/1.0" 304 - "-" "okhttp/4.9.2"
::ffff:127.0.0.1 - - [28/Jun/2022:07:18:56 +0000] "GET /api/v1/transactions/basket?limit=100&sort=-createdAt HTTP/1.0" 304 - "-" "okhttp/4.9.2"
::1 - - [28/Jun/2022:07:19:04 +0000] "GET /api/v1/goods/user?limit=100 HTTP/1.0" 304 - "-" "Expo/2.24.3.1014878 CFNetwork/1333.0.4 Darwin/21.5.0"
::ffff:127.0.0.1 - - [28/Jun/2022:07:19:05 +0000] "GET /api/v1/transactions/basket?limit=100&sort=-createdAt HTTP/1.0" 304 - "-" "Expo/2.24.3.1014878 CFNetwork/1333.0.4 Darwin/21.5.0"
::1 - - [28/Jun/2022:07:19:08 +0000] "GET /api/v1/goods/user?limit=100 HTTP/1.0" 304 - "-" "Expo/2.24.3.1014878 CFNetwork/1333.0.4 Darwin/21.5.0"
::ffff:127.0.0.1 - - [28/Jun/2022:07:19:09 +0000] "GET /api/v1/goods/user?limit=100 HTTP/1.0" 304 - "-" "Expo/2.24.3.1014878 CFNetwork/1333.0.4 Darwin/21.5.0"
::1 - - [28/Jun/2022:07:19:09 +0000] "GET /api/v1/transactions/basket?limit=100&sort=-createdAt HTTP/1.0" 304 - "-" "Expo/2.24.3.1014878 CFNetwork/1333.0.4 Darwin/21.5.0"
::1 - - [28/Jun/2022:07:19:09 +0000] "GET /api/v1/goods/user?limit=100 HTTP/1.0" 304 - "-" "Expo/2.24.3.1014878 CFNetwork/1333.0.4 Darwin/21.5.0"
::ffff:127.0.0.1 - - [28/Jun/2022:07:19:09 +0000] "GET /api/v1/transactions/basket?limit=100&sort=-createdAt HTTP/1.0" 304 - "-" "Expo/2.24.3.1014878 CFNetwork/1333.0.4 Darwin/21.5.0"
::ffff:127.0.0.1 - - [28/Jun/2022:07:19:09 +0000] "GET /api/v1/goods/user?limit=100 HTTP/1.0" 304 - "-" "Expo/2.24.3.1014878 CFNetwork/1333.0.4 Darwin/21.5.0"
::1 - - [28/Jun/2022:07:19:19 +0000] "GET /api/v1/transactions/basket?limit=100&sort=-createdAt HTTP/1.0" 304 - "-" "okhttp/4.9.2"
::ffff:127.0.0.1 - - [28/Jun/2022:07:19:19 +0000] "GET /api/v1/goods/user?limit=100 HTTP/1.0" 304 - "-" "okhttp/4.9.2"
::1 - - [28/Jun/2022:07:19:21 +0000] "GET /api/v1/transactions/basket?limit=100&sort=-createdAt HTTP/1.0" 304 - "-" "okhttp/4.9.2"
::ffff:127.0.0.1 - - [28/Jun/2022:07:19:21 +0000] "GET /api/v1/goods/user?limit=100 HTTP/1.0" 304 - "-" "okhttp/4.9.2"
::1 - - [28/Jun/2022:07:19:50 +0000] "GET /api/v1/goods/629f926e9df2cc2432f49b02 HTTP/1.0" 304 - "-" "Expo/2.24.3.1014878 CFNetwork/1333.0.4 Darwin/21.5.0"
::1 - - [28/Jun/2022:07:19:50 +0000] "GET /upload/undefined HTTP/1.0" 404 155 "-" "Expo/2.24.3.1014878 CFNetwork/1333.0.4 Darwin/21.5.0"
::ffff:127.0.0.1 - - [28/Jun/2022:07:19:50 +0000] "GET /api/v1/transactions/basket?limit=100&sort=-createdAt HTTP/1.0" 304 - "-" "Expo/2.24.3.1014878 CFNetwork/1333.0.4 Darwin/21.5.0"
::ffff:127.0.0.1 - - [28/Jun/2022:07:19:50 +0000] "GET /api/v1/goods/user?limit=100 HTTP/1.0" 304 - "-" "Expo/2.24.3.1014878 CFNetwork/1333.0.4 Darwin/21.5.0"
::1 - - [28/Jun/2022:07:19:55 +0000] "GET /api/v1/goods/62baa65f5b4c7dacd78caa20 HTTP/1.0" 200 381 "-" "okhttp/4.9.2"
::ffff:127.0.0.1 - - [28/Jun/2022:07:19:55 +0000] "GET /upload/undefined HTTP/1.0" 404 155 "-" "Dalvik/2.1.0 (Linux; U; Android 10; SM-A202K Build/QP1A.190711.020)"
::1 - - [28/Jun/2022:07:19:55 +0000] "GET /api/v1/goods/user?limit=100 HTTP/1.0" 304 - "-" "okhttp/4.9.2"
::ffff:127.0.0.1 - - [28/Jun/2022:07:19:55 +0000] "GET /api/v1/transactions/basket?limit=100&sort=-createdAt HTTP/1.0" 304 - "-" "okhttp/4.9.2"
::1 - - [28/Jun/2022:07:19:58 +0000] "DELETE /api/v1/goods/62baa65f5b4c7dacd78caa20 HTTP/1.0" 200 381 "-" "okhttp/4.9.2"
::ffff:127.0.0.1 - - [28/Jun/2022:07:19:58 +0000] "GET /api/v1/goods/user?limit=100 HTTP/1.0" 200 2115 "-" "okhttp/4.9.2"
::1 - - [28/Jun/2022:07:19:58 +0000] "GET /api/v1/transactions/basket?limit=100&sort=-createdAt HTTP/1.0" 304 - "-" "okhttp/4.9.2"
::ffff:127.0.0.1 - - [28/Jun/2022:07:20:02 +0000] "GET /api/v1/goods/62baa6635b4c7dacd78caa25 HTTP/1.0" 304 - "-" "okhttp/4.9.2"
::ffff:127.0.0.1 - - [28/Jun/2022:07:20:02 +0000] "GET /upload/undefined HTTP/1.0" 404 155 "-" "Dalvik/2.1.0 (Linux; U; Android 10; SM-A202K Build/QP1A.190711.020)"
::1 - - [28/Jun/2022:07:20:02 +0000] "GET /api/v1/goods/user?limit=100 HTTP/1.0" 304 - "-" "okhttp/4.9.2"
::1 - - [28/Jun/2022:07:20:02 +0000] "GET /api/v1/transactions/basket?limit=100&sort=-createdAt HTTP/1.0" 304 - "-" "okhttp/4.9.2"
::ffff:127.0.0.1 - - [28/Jun/2022:07:20:06 +0000] "DELETE /api/v1/goods/62baa6635b4c7dacd78caa25 HTTP/1.0" 200 382 "-" "okhttp/4.9.2"
::1 - - [28/Jun/2022:07:20:07 +0000] "GET /api/v1/goods/user?limit=100 HTTP/1.0" 200 1756 "-" "okhttp/4.9.2"
::ffff:127.0.0.1 - - [28/Jun/2022:07:20:07 +0000] "GET /api/v1/transactions/basket?limit=100&sort=-createdAt HTTP/1.0" 304 - "-" "okhttp/4.9.2"
::1 - - [28/Jun/2022:07:20:09 +0000] "GET /api/v1/goods/62baa6635b4c7dacd78caa25 HTTP/1.0" 404 125 "-" "okhttp/4.9.2"
::ffff:127.0.0.1 - - [28/Jun/2022:07:20:09 +0000] "GET /upload/undefined HTTP/1.0" 404 155 "-" "Dalvik/2.1.0 (Linux; U; Android 10; SM-A202K Build/QP1A.190711.020)"
::1 - - [28/Jun/2022:07:20:09 +0000] "GET /api/v1/goods/user?limit=100 HTTP/1.0" 304 - "-" "okhttp/4.9.2"
::ffff:127.0.0.1 - - [28/Jun/2022:07:20:09 +0000] "GET /api/v1/transactions/basket?limit=100&sort=-createdAt HTTP/1.0" 304 - "-" "okhttp/4.9.2"
::1 - - [28/Jun/2022:07:20:16 +0000] "DELETE /api/v1/goods/62baa6635b4c7dacd78caa25 HTTP/1.0" 404 125 "-" "okhttp/4.9.2"
::1 - - [28/Jun/2022:07:20:25 +0000] "GET /api/v1/categories HTTP/1.0" 304 - "-" "Expo/2.24.3.1014878 CFNetwork/1333.0.4 Darwin/21.5.0"
::ffff:127.0.0.1 - - [28/Jun/2022:07:20:25 +0000] "GET /api/v1/goods/user?limit=100 HTTP/1.0" 200 7097 "-" "Expo/2.24.3.1014878 CFNetwork/1333.0.4 Darwin/21.5.0"
::ffff:127.0.0.1 - - [28/Jun/2022:07:20:25 +0000] "GET /api/v1/transactions/basket?limit=100&sort=-createdAt HTTP/1.0" 304 - "-" "Expo/2.24.3.1014878 CFNetwork/1333.0.4 Darwin/21.5.0"
::1 - - [28/Jun/2022:07:25:09 +0000] "GET /api/v1/categories HTTP/1.0" 304 - "-" "Expo/2.24.3.1014878 CFNetwork/1333.0.4 Darwin/21.5.0"
::1 - - [28/Jun/2022:07:25:09 +0000] "GET /api/v1/goods/user?limit=100 HTTP/1.0" 304 - "-" "Expo/2.24.3.1014878 CFNetwork/1333.0.4 Darwin/21.5.0"
::ffff:127.0.0.1 - - [28/Jun/2022:07:25:09 +0000] "GET /api/v1/transactions/basket?limit=100&sort=-createdAt HTTP/1.0" 304 - "-" "Expo/2.24.3.1014878 CFNetwork/1333.0.4 Darwin/21.5.0"
::ffff:127.0.0.1 - - [28/Jun/2022:07:26:10 +0000] "GET /api/v1/transactions/basket?limit=100&sort=-createdAt HTTP/1.0" 304 - "-" "Expo/2.24.3.1014878 CFNetwork/1333.0.4 Darwin/21.5.0"
::1 - - [28/Jun/2022:07:26:10 +0000] "GET /api/v1/goods/user?limit=100 HTTP/1.0" 304 - "-" "Expo/2.24.3.1014878 CFNetwork/1333.0.4 Darwin/21.5.0"
::ffff:127.0.0.1 - - [28/Jun/2022:07:26:10 +0000] "GET /api/v1/goods/user?limit=100 HTTP/1.0" 304 - "-" "Expo/2.24.3.1014878 CFNetwork/1333.0.4 Darwin/21.5.0"
::1 - - [28/Jun/2022:07:26:11 +0000] "GET /api/v1/goods/user?limit=100 HTTP/1.0" 304 - "-" "Expo/2.24.3.1014878 CFNetwork/1333.0.4 Darwin/21.5.0"
::1 - - [28/Jun/2022:07:26:11 +0000] "GET /api/v1/goods/user?limit=100 HTTP/1.0" 304 - "-" "Expo/2.24.3.1014878 CFNetwork/1333.0.4 Darwin/21.5.0"
::ffff:127.0.0.1 - - [28/Jun/2022:07:26:11 +0000] "GET /api/v1/transactions/basket?limit=100&sort=-createdAt HTTP/1.0" 304 - "-" "Expo/2.24.3.1014878 CFNetwork/1333.0.4 Darwin/21.5.0"
::ffff:127.0.0.1 - - [28/Jun/2022:07:26:12 +0000] "GET /api/v1/goods/user?limit=100 HTTP/1.0" 304 - "-" "Expo/2.24.3.1014878 CFNetwork/1333.0.4 Darwin/21.5.0"
::1 - - [28/Jun/2022:07:26:12 +0000] "GET /api/v1/transactions/basket?limit=100&sort=-createdAt HTTP/1.0" 304 - "-" "Expo/2.24.3.1014878 CFNetwork/1333.0.4 Darwin/21.5.0"
::ffff:127.0.0.1 - - [28/Jun/2022:07:26:12 +0000] "GET /api/v1/goods/user?limit=100 HTTP/1.0" 304 - "-" "Expo/2.24.3.1014878 CFNetwork/1333.0.4 Darwin/21.5.0"
::1 - - [28/Jun/2022:07:26:12 +0000] "GET /api/v1/goods/user?limit=100 HTTP/1.0" 304 - "-" "Expo/2.24.3.1014878 CFNetwork/1333.0.4 Darwin/21.5.0"
::1 - - [28/Jun/2022:07:26:14 +0000] "GET /api/v1/goods/user?limit=100 HTTP/1.0" 304 - "-" "Expo/2.24.3.1014878 CFNetwork/1333.0.4 Darwin/21.5.0"
::ffff:127.0.0.1 - - [28/Jun/2022:07:26:14 +0000] "GET /api/v1/transactions/basket?limit=100&sort=-createdAt HTTP/1.0" 304 - "-" "Expo/2.24.3.1014878 CFNetwork/1333.0.4 Darwin/21.5.0"
::1 - - [28/Jun/2022:07:26:16 +0000] "GET /api/v1/goods/user?limit=100 HTTP/1.0" 304 - "-" "Expo/2.24.3.1014878 CFNetwork/1333.0.4 Darwin/21.5.0"
::ffff:127.0.0.1 - - [28/Jun/2022:07:26:16 +0000] "GET /api/v1/transactions/basket?limit=100&sort=-createdAt HTTP/1.0" 304 - "-" "Expo/2.24.3.1014878 CFNetwork/1333.0.4 Darwin/21.5.0"
::ffff:127.0.0.1 - - [28/Jun/2022:07:26:16 +0000] "GET /api/v1/goods/user?limit=100 HTTP/1.0" 304 - "-" "Expo/2.24.3.1014878 CFNetwork/1333.0.4 Darwin/21.5.0"
::1 - - [28/Jun/2022:07:26:16 +0000] "GET /api/v1/goods/user?limit=100 HTTP/1.0" 304 - "-" "Expo/2.24.3.1014878 CFNetwork/1333.0.4 Darwin/21.5.0"
::1 - - [28/Jun/2022:07:26:17 +0000] "GET /api/v1/goods/user?limit=100 HTTP/1.0" 304 - "-" "Expo/2.24.3.1014878 CFNetwork/1333.0.4 Darwin/21.5.0"
::ffff:127.0.0.1 - - [28/Jun/2022:07:26:17 +0000] "GET /api/v1/transactions/basket?limit=100&sort=-createdAt HTTP/1.0" 304 - "-" "Expo/2.24.3.1014878 CFNetwork/1333.0.4 Darwin/21.5.0"
::1 - - [28/Jun/2022:07:27:41 +0000] "GET /api/v1/goods/user?limit=100 HTTP/1.0" 304 - "-" "Expo/2.24.3.1014878 CFNetwork/1333.0.4 Darwin/21.5.0"
::ffff:127.0.0.1 - - [28/Jun/2022:07:27:41 +0000] "GET /api/v1/transactions/basket?limit=100&sort=-createdAt HTTP/1.0" 304 - "-" "Expo/2.24.3.1014878 CFNetwork/1333.0.4 Darwin/21.5.0"
::ffff:127.0.0.1 - - [28/Jun/2022:07:29:15 +0000] "GET /api/v1/users/logout HTTP/1.0" 200 39 "-" "Expo/2.24.3.1014878 CFNetwork/1333.0.4 Darwin/21.5.0"
::1 - - [28/Jun/2022:07:29:27 +0000] "POST /api/v1/users/login HTTP/1.0" 401 123 "-" "Expo/2.24.3.1014878 CFNetwork/1333.0.4 Darwin/21.5.0"
::ffff:127.0.0.1 - - [28/Jun/2022:07:29:29 +0000] "GET / HTTP/1.0" 404 139 "-" "Mozilla/5.0 (Windows NT 10.0; Win64; x64) AppleWebKit/537.36 (KHTML, like Gecko) Chrome/60.0.3112.113 Safari/537.36"
::1 - - [28/Jun/2022:07:29:29 +0000] "GET /showLogin.cc HTTP/1.0" 404 151 "-" "Mozilla/5.0 (Windows NT 10.0; Win64; x64) AppleWebKit/537.36 (KHTML, like Gecko) Chrome/60.0.3112.113 Safari/537.36"
::ffff:127.0.0.1 - - [28/Jun/2022:07:29:34 +0000] "POST /api/v1/users/login HTTP/1.0" 200 547 "-" "Expo/2.24.3.1014878 CFNetwork/1333.0.4 Darwin/21.5.0"
::1 - - [28/Jun/2022:07:29:35 +0000] "GET /api/v1/categories HTTP/1.0" 304 - "-" "Expo/2.24.3.1014878 CFNetwork/1333.0.4 Darwin/21.5.0"
::1 - - [28/Jun/2022:07:29:35 +0000] "GET /api/v1/goods/user?limit=100 HTTP/1.0" 304 - "-" "Expo/2.24.3.1014878 CFNetwork/1333.0.4 Darwin/21.5.0"
::ffff:127.0.0.1 - - [28/Jun/2022:07:29:35 +0000] "GET /api/v1/transactions/basket?limit=100&sort=-createdAt HTTP/1.0" 304 - "-" "Expo/2.24.3.1014878 CFNetwork/1333.0.4 Darwin/21.5.0"
::ffff:127.0.0.1 - - [28/Jun/2022:07:32:10 +0000] "GET /api/v1/goods/629f926e9df2cc2432f49b02 HTTP/1.0" 304 - "-" "Expo/2.24.3.1014878 CFNetwork/1333.0.4 Darwin/21.5.0"
::1 - - [28/Jun/2022:07:32:10 +0000] "GET /upload/undefined HTTP/1.0" 404 155 "-" "Expo/2.24.3.1014878 CFNetwork/1333.0.4 Darwin/21.5.0"
::1 - - [28/Jun/2022:07:32:10 +0000] "GET /api/v1/goods/user?limit=100 HTTP/1.0" 304 - "-" "Expo/2.24.3.1014878 CFNetwork/1333.0.4 Darwin/21.5.0"
::ffff:127.0.0.1 - - [28/Jun/2022:07:32:10 +0000] "GET /api/v1/transactions/basket?limit=100&sort=-createdAt HTTP/1.0" 304 - "-" "Expo/2.24.3.1014878 CFNetwork/1333.0.4 Darwin/21.5.0"
::ffff:127.0.0.1 - - [28/Jun/2022:07:32:15 +0000] "DELETE /api/v1/goods/629f926e9df2cc2432f49b02 HTTP/1.0" 200 338 "-" "Expo/2.24.3.1014878 CFNetwork/1333.0.4 Darwin/21.5.0"
::1 - - [28/Jun/2022:07:32:15 +0000] "GET /api/v1/goods/user?limit=100 HTTP/1.0" 200 6782 "-" "Expo/2.24.3.1014878 CFNetwork/1333.0.4 Darwin/21.5.0"
::ffff:127.0.0.1 - - [28/Jun/2022:07:32:15 +0000] "GET /api/v1/transactions/basket?limit=100&sort=-createdAt HTTP/1.0" 304 - "-" "Expo/2.24.3.1014878 CFNetwork/1333.0.4 Darwin/21.5.0"
::1 - - [28/Jun/2022:07:32:19 +0000] "GET /api/v1/goods/629f92c92febd02491a7fda2 HTTP/1.0" 304 - "-" "Expo/2.24.3.1014878 CFNetwork/1333.0.4 Darwin/21.5.0"
::ffff:127.0.0.1 - - [28/Jun/2022:07:32:19 +0000] "GET /upload/undefined HTTP/1.0" 404 155 "-" "Expo/2.24.3.1014878 CFNetwork/1333.0.4 Darwin/21.5.0"
::ffff:127.0.0.1 - - [28/Jun/2022:07:32:20 +0000] "GET /api/v1/goods/user?limit=100 HTTP/1.0" 304 - "-" "Expo/2.24.3.1014878 CFNetwork/1333.0.4 Darwin/21.5.0"
::1 - - [28/Jun/2022:07:32:20 +0000] "GET /api/v1/transactions/basket?limit=100&sort=-createdAt HTTP/1.0" 304 - "-" "Expo/2.24.3.1014878 CFNetwork/1333.0.4 Darwin/21.5.0"
::1 - - [28/Jun/2022:07:32:22 +0000] "GET /api/v1/categories HTTP/1.0" 304 - "-" "Expo/2.24.3.1014878 CFNetwork/1333.0.4 Darwin/21.5.0"
::ffff:127.0.0.1 - - [28/Jun/2022:07:32:25 +0000] "DELETE /api/v1/goods/629f92c92febd02491a7fda2 HTTP/1.0" 200 338 "-" "Expo/2.24.3.1014878 CFNetwork/1333.0.4 Darwin/21.5.0"
::1 - - [28/Jun/2022:07:32:26 +0000] "GET /api/v1/goods/user?limit=100 HTTP/1.0" 200 6467 "-" "Expo/2.24.3.1014878 CFNetwork/1333.0.4 Darwin/21.5.0"
::ffff:127.0.0.1 - - [28/Jun/2022:07:32:26 +0000] "GET /api/v1/transactions/basket?limit=100&sort=-createdAt HTTP/1.0" 304 - "-" "Expo/2.24.3.1014878 CFNetwork/1333.0.4 Darwin/21.5.0"
::1 - - [28/Jun/2022:07:37:20 +0000] "GET /api/v1/categories HTTP/1.0" 304 - "-" "Expo/2.24.3.1014878 CFNetwork/1333.0.4 Darwin/21.5.0"
::ffff:127.0.0.1 - - [28/Jun/2022:07:37:20 +0000] "GET /api/v1/goods/user?limit=100 HTTP/1.0" 304 - "-" "Expo/2.24.3.1014878 CFNetwork/1333.0.4 Darwin/21.5.0"
::1 - - [28/Jun/2022:07:37:20 +0000] "GET /api/v1/transactions/basket?limit=100&sort=-createdAt HTTP/1.0" 304 - "-" "Expo/2.24.3.1014878 CFNetwork/1333.0.4 Darwin/21.5.0"
::ffff:127.0.0.1 - - [28/Jun/2022:07:37:22 +0000] "GET /api/v1/goods/user?limit=100 HTTP/1.0" 200 1756 "-" "okhttp/4.9.2"
::1 - - [28/Jun/2022:07:37:22 +0000] "GET /api/v1/categories HTTP/1.0" 304 - "-" "okhttp/4.9.2"
::ffff:127.0.0.1 - - [28/Jun/2022:07:37:22 +0000] "GET /api/v1/transactions/basket?limit=100&sort=-createdAt HTTP/1.0" 304 - "-" "okhttp/4.9.2"
::1 - - [28/Jun/2022:07:37:29 +0000] "GET /api/v1/goods/user?limit=100 HTTP/1.0" 304 - "-" "okhttp/4.9.2"
::ffff:127.0.0.1 - - [28/Jun/2022:07:37:29 +0000] "GET /api/v1/transactions/basket?limit=100&sort=-createdAt HTTP/1.0" 304 - "-" "okhttp/4.9.2"
::1 - - [28/Jun/2022:07:37:30 +0000] "GET /api/v1/users/logout HTTP/1.0" 200 39 "-" "okhttp/4.9.2"
::ffff:127.0.0.1 - - [28/Jun/2022:07:37:43 +0000] "POST /api/v1/users/login HTTP/1.0" 200 542 "-" "okhttp/4.9.2"
::1 - - [28/Jun/2022:07:37:44 +0000] "GET /api/v1/goods/user?limit=100 HTTP/1.0" 304 - "-" "okhttp/4.9.2"
::ffff:127.0.0.1 - - [28/Jun/2022:07:37:44 +0000] "GET /api/v1/transactions/basket?limit=100&sort=-createdAt HTTP/1.0" 304 - "-" "okhttp/4.9.2"
::1 - - [28/Jun/2022:07:37:44 +0000] "GET /api/v1/categories HTTP/1.0" 304 - "-" "okhttp/4.9.2"
::1 - - [28/Jun/2022:07:38:53 +0000] "GET /upload/undefined HTTP/1.0" 404 155 "-" "okhttp/4.9.2"
::ffff:127.0.0.1 - - [28/Jun/2022:07:38:53 +0000] "GET /api/v1/goods/62ba82d85b4c7dacd78ca95e HTTP/1.0" 200 353 "-" "okhttp/4.9.2"
::ffff:127.0.0.1 - - [28/Jun/2022:07:38:53 +0000] "GET /api/v1/goods/user?limit=100 HTTP/1.0" 304 - "-" "okhttp/4.9.2"
::1 - - [28/Jun/2022:07:38:54 +0000] "GET /api/v1/transactions/basket?limit=100&sort=-createdAt HTTP/1.0" 304 - "-" "okhttp/4.9.2"
::ffff:127.0.0.1 - - [28/Jun/2022:07:38:56 +0000] "DELETE /api/v1/goods/62ba82d85b4c7dacd78ca95e HTTP/1.0" 200 353 "-" "okhttp/4.9.2"
::1 - - [28/Jun/2022:07:38:57 +0000] "GET /api/v1/goods/user?limit=100 HTTP/1.0" 200 1426 "-" "okhttp/4.9.2"
::ffff:127.0.0.1 - - [28/Jun/2022:07:38:57 +0000] "GET /api/v1/transactions/basket?limit=100&sort=-createdAt HTTP/1.0" 304 - "-" "okhttp/4.9.2"
::ffff:127.0.0.1 - - [28/Jun/2022:07:38:59 +0000] "GET /upload/undefined HTTP/1.0" 404 155 "-" "okhttp/4.9.2"
::1 - - [28/Jun/2022:07:38:59 +0000] "GET /api/v1/goods/62ba82dd5b4c7dacd78ca961 HTTP/1.0" 200 353 "-" "okhttp/4.9.2"
::1 - - [28/Jun/2022:07:39:00 +0000] "GET /api/v1/goods/user?limit=100 HTTP/1.0" 304 - "-" "okhttp/4.9.2"
::ffff:127.0.0.1 - - [28/Jun/2022:07:39:00 +0000] "GET /api/v1/transactions/basket?limit=100&sort=-createdAt HTTP/1.0" 304 - "-" "okhttp/4.9.2"
::1 - - [28/Jun/2022:07:39:01 +0000] "DELETE /api/v1/goods/62ba82dd5b4c7dacd78ca961 HTTP/1.0" 200 353 "-" "okhttp/4.9.2"
::ffff:127.0.0.1 - - [28/Jun/2022:07:39:02 +0000] "GET /api/v1/goods/user?limit=100 HTTP/1.0" 200 1096 "-" "okhttp/4.9.2"
::1 - - [28/Jun/2022:07:39:02 +0000] "GET /api/v1/transactions/basket?limit=100&sort=-createdAt HTTP/1.0" 304 - "-" "okhttp/4.9.2"
::1 - - [28/Jun/2022:07:39:04 +0000] "GET /upload/undefined HTTP/1.0" 404 155 "-" "okhttp/4.9.2"
::ffff:127.0.0.1 - - [28/Jun/2022:07:39:04 +0000] "GET /api/v1/goods/62ba82eb5b4c7dacd78ca96a HTTP/1.0" 200 353 "-" "okhttp/4.9.2"
::ffff:127.0.0.1 - - [28/Jun/2022:07:39:05 +0000] "GET /api/v1/goods/user?limit=100 HTTP/1.0" 304 - "-" "okhttp/4.9.2"
::1 - - [28/Jun/2022:07:39:05 +0000] "GET /api/v1/transactions/basket?limit=100&sort=-createdAt HTTP/1.0" 304 - "-" "okhttp/4.9.2"
::ffff:127.0.0.1 - - [28/Jun/2022:07:39:07 +0000] "DELETE /api/v1/goods/62ba82eb5b4c7dacd78ca96a HTTP/1.0" 200 353 "-" "okhttp/4.9.2"
::1 - - [28/Jun/2022:07:39:07 +0000] "GET /api/v1/goods/user?limit=100 HTTP/1.0" 200 766 "-" "okhttp/4.9.2"
::ffff:127.0.0.1 - - [28/Jun/2022:07:39:07 +0000] "GET /api/v1/transactions/basket?limit=100&sort=-createdAt HTTP/1.0" 304 - "-" "okhttp/4.9.2"
::ffff:127.0.0.1 - - [28/Jun/2022:07:39:09 +0000] "GET /upload/undefined HTTP/1.0" 404 155 "-" "okhttp/4.9.2"
::1 - - [28/Jun/2022:07:39:09 +0000] "GET /api/v1/goods/62ba82e95b4c7dacd78ca967 HTTP/1.0" 200 353 "-" "okhttp/4.9.2"
::1 - - [28/Jun/2022:07:39:09 +0000] "GET /api/v1/goods/user?limit=100 HTTP/1.0" 304 - "-" "okhttp/4.9.2"
::ffff:127.0.0.1 - - [28/Jun/2022:07:39:09 +0000] "GET /api/v1/transactions/basket?limit=100&sort=-createdAt HTTP/1.0" 304 - "-" "okhttp/4.9.2"
::1 - - [28/Jun/2022:07:39:16 +0000] "DELETE /api/v1/goods/62ba82e95b4c7dacd78ca967 HTTP/1.0" 200 353 "-" "okhttp/4.9.2"
::ffff:127.0.0.1 - - [28/Jun/2022:07:39:16 +0000] "GET /api/v1/goods/user?limit=100 HTTP/1.0" 200 436 "-" "okhttp/4.9.2"
::1 - - [28/Jun/2022:07:39:16 +0000] "GET /api/v1/transactions/basket?limit=100&sort=-createdAt HTTP/1.0" 304 - "-" "okhttp/4.9.2"
::1 - - [28/Jun/2022:07:39:18 +0000] "GET /upload/undefined HTTP/1.0" 404 155 "-" "okhttp/4.9.2"
::ffff:127.0.0.1 - - [28/Jun/2022:07:39:18 +0000] "GET /api/v1/goods/62ba82e55b4c7dacd78ca964 HTTP/1.0" 200 353 "-" "okhttp/4.9.2"
::ffff:127.0.0.1 - - [28/Jun/2022:07:39:18 +0000] "GET /api/v1/goods/user?limit=100 HTTP/1.0" 304 - "-" "okhttp/4.9.2"
::1 - - [28/Jun/2022:07:39:18 +0000] "GET /api/v1/transactions/basket?limit=100&sort=-createdAt HTTP/1.0" 304 - "-" "okhttp/4.9.2"
::ffff:127.0.0.1 - - [28/Jun/2022:07:39:20 +0000] "DELETE /api/v1/goods/62ba82e55b4c7dacd78ca964 HTTP/1.0" 200 353 "-" "okhttp/4.9.2"
::1 - - [28/Jun/2022:07:39:21 +0000] "GET /api/v1/goods/user?limit=100 HTTP/1.0" 200 107 "-" "okhttp/4.9.2"
::ffff:127.0.0.1 - - [28/Jun/2022:07:39:21 +0000] "GET /api/v1/transactions/basket?limit=100&sort=-createdAt HTTP/1.0" 304 - "-" "okhttp/4.9.2"
::1 - - [28/Jun/2022:07:39:26 +0000] "GET /api/v1/goods/629f9411dab90f283659ef43 HTTP/1.0" 200 351 "-" "Expo/2.24.3.1014878 CFNetwork/1333.0.4 Darwin/21.5.0"
::1 - - [28/Jun/2022:07:39:26 +0000] "GET /upload/undefined HTTP/1.0" 404 155 "-" "Expo/2.24.3.1014878 CFNetwork/1333.0.4 Darwin/21.5.0"
::ffff:127.0.0.1 - - [28/Jun/2022:07:39:27 +0000] "GET /api/v1/goods/user?limit=100 HTTP/1.0" 200 6467 "-" "Expo/2.24.3.1014878 CFNetwork/1333.0.4 Darwin/21.5.0"
::ffff:127.0.0.1 - - [28/Jun/2022:07:39:27 +0000] "GET /api/v1/transactions/basket?limit=100&sort=-createdAt HTTP/1.0" 304 - "-" "Expo/2.24.3.1014878 CFNetwork/1333.0.4 Darwin/21.5.0"
::1 - - [28/Jun/2022:07:39:28 +0000] "GET /api/v1/goods/user?limit=100 HTTP/1.0" 304 - "-" "Expo/2.24.3.1014878 CFNetwork/1333.0.4 Darwin/21.5.0"
::ffff:127.0.0.1 - - [28/Jun/2022:07:39:28 +0000] "GET /api/v1/transactions/basket?limit=100&sort=-createdAt HTTP/1.0" 304 - "-" "Expo/2.24.3.1014878 CFNetwork/1333.0.4 Darwin/21.5.0"
::1 - - [28/Jun/2022:07:39:34 +0000] "GET /api/v1/goods/user?limit=100&select=quantity%20price%20photo%20name HTTP/1.0" 200 107 "-" "okhttp/4.9.2"
::ffff:127.0.0.1 - - [28/Jun/2022:07:39:34 +0000] "GET /api/v1/goods/user?limit=100 HTTP/1.0" 304 - "-" "okhttp/4.9.2"
::1 - - [28/Jun/2022:07:39:34 +0000] "GET /api/v1/transactions/basket?limit=100&sort=-createdAt HTTP/1.0" 304 - "-" "okhttp/4.9.2"
::ffff:127.0.0.1 - - [28/Jun/2022:07:39:37 +0000] "GET /api/v1/goods/user?limit=100 HTTP/1.0" 304 - "-" "okhttp/4.9.2"
::1 - - [28/Jun/2022:07:39:37 +0000] "GET /api/v1/transactions/basket?limit=100&sort=-createdAt HTTP/1.0" 304 - "-" "okhttp/4.9.2"
::ffff:127.0.0.1 - - [28/Jun/2022:07:39:56 +0000] "GET /api/v1/goods/629f9411dab90f283659ef43 HTTP/1.0" 304 - "-" "Expo/2.24.3.1014878 CFNetwork/1333.0.4 Darwin/21.5.0"
::ffff:127.0.0.1 - - [28/Jun/2022:07:39:56 +0000] "GET /upload/undefined HTTP/1.0" 404 155 "-" "Expo/2.24.3.1014878 CFNetwork/1333.0.4 Darwin/21.5.0"
::1 - - [28/Jun/2022:07:39:56 +0000] "GET /api/v1/goods/user?limit=100 HTTP/1.0" 304 - "-" "Expo/2.24.3.1014878 CFNetwork/1333.0.4 Darwin/21.5.0"
::1 - - [28/Jun/2022:07:39:56 +0000] "GET /api/v1/transactions/basket?limit=100&sort=-createdAt HTTP/1.0" 304 - "-" "Expo/2.24.3.1014878 CFNetwork/1333.0.4 Darwin/21.5.0"
::ffff:127.0.0.1 - - [28/Jun/2022:07:39:57 +0000] "GET /api/v1/goods/user?limit=100 HTTP/1.0" 304 - "-" "Expo/2.24.3.1014878 CFNetwork/1333.0.4 Darwin/21.5.0"
::1 - - [28/Jun/2022:07:39:57 +0000] "GET /api/v1/transactions/basket?limit=100&sort=-createdAt HTTP/1.0" 304 - "-" "Expo/2.24.3.1014878 CFNetwork/1333.0.4 Darwin/21.5.0"
::ffff:127.0.0.1 - - [28/Jun/2022:07:40:31 +0000] "GET /api/v1/transactions/basket?limit=100&sort=-createdAt HTTP/1.0" 304 - "-" "okhttp/4.9.2"
::1 - - [28/Jun/2022:07:40:31 +0000] "GET /api/v1/goods/user?limit=100 HTTP/1.0" 304 - "-" "okhttp/4.9.2"
::ffff:127.0.0.1 - - [28/Jun/2022:07:40:32 +0000] "GET /api/v1/users/logout HTTP/1.0" 304 - "-" "okhttp/4.9.2"
::1 - - [28/Jun/2022:07:40:39 +0000] "GET /vendor/phpunit/phpunit/src/Util/PHP/eval-stdin.php HTTP/1.0" 404 189 "-" "Mozilla/5.0 (Windows NT 10.0; Win64; x64) AppleWebKit/537.36 (KHTML, like Gecko) Chrome/78.0.3904.108 Safari/537.36"
::ffff:127.0.0.1 - - [28/Jun/2022:07:40:44 +0000] "POST /api/v1/users/login HTTP/1.0" 200 541 "-" "okhttp/4.9.2"
::1 - - [28/Jun/2022:07:40:45 +0000] "GET /api/v1/categories HTTP/1.0" 304 - "-" "okhttp/4.9.2"
::ffff:127.0.0.1 - - [28/Jun/2022:07:40:45 +0000] "GET /api/v1/goods/user?limit=100 HTTP/1.0" 304 - "-" "okhttp/4.9.2"
::1 - - [28/Jun/2022:07:40:45 +0000] "GET /api/v1/transactions/basket?limit=100&sort=-createdAt HTTP/1.0" 304 - "-" "okhttp/4.9.2"
::ffff:127.0.0.1 - - [28/Jun/2022:07:40:48 +0000] "GET /api/v1/goods/user?limit=100 HTTP/1.0" 304 - "-" "okhttp/4.9.2"
::1 - - [28/Jun/2022:07:40:48 +0000] "GET /api/v1/transactions/basket?limit=100&sort=-createdAt HTTP/1.0" 304 - "-" "okhttp/4.9.2"
::ffff:127.0.0.1 - - [28/Jun/2022:07:40:49 +0000] "GET /api/v1/users/logout HTTP/1.0" 304 - "-" "okhttp/4.9.2"
::1 - - [28/Jun/2022:07:41:31 +0000] "GET /api/v1/categories HTTP/1.0" 304 - "-" "Expo/2.24.3.1014878 CFNetwork/1333.0.4 Darwin/21.5.0"
::ffff:127.0.0.1 - - [28/Jun/2022:07:41:31 +0000] "GET /api/v1/goods/user?limit=100 HTTP/1.0" 304 - "-" "Expo/2.24.3.1014878 CFNetwork/1333.0.4 Darwin/21.5.0"
::1 - - [28/Jun/2022:07:41:31 +0000] "GET /api/v1/transactions/basket?limit=100&sort=-createdAt HTTP/1.0" 304 - "-" "Expo/2.24.3.1014878 CFNetwork/1333.0.4 Darwin/21.5.0"
::ffff:127.0.0.1 - - [28/Jun/2022:07:41:49 +0000] "POST /api/v1/goods HTTP/1.0" 200 325 "-" "Expo/2.24.3.1014878 CFNetwork/1333.0.4 Darwin/21.5.0"
::1 - - [28/Jun/2022:07:41:54 +0000] "PUT /api/v1/goods/62bab0bd5b4c7dacd78cac43/upload-photo HTTP/1.0" 200 60 "-" "Expo/2.24.3.1014878 CFNetwork/1333.0.4 Darwin/21.5.0"
::ffff:127.0.0.1 - - [28/Jun/2022:07:41:54 +0000] "GET /api/v1/goods/user?limit=100 HTTP/1.0" 200 6791 "-" "Expo/2.24.3.1014878 CFNetwork/1333.0.4 Darwin/21.5.0"
::1 - - [28/Jun/2022:07:41:54 +0000] "GET /api/v1/transactions/basket?limit=100&sort=-createdAt HTTP/1.0" 304 - "-" "Expo/2.24.3.1014878 CFNetwork/1333.0.4 Darwin/21.5.0"
::ffff:127.0.0.1 - - [28/Jun/2022:07:41:56 +0000] "GET /api/v1/categories HTTP/1.0" 304 - "-" "Expo/2.24.3.1014878 CFNetwork/1333.0.4 Darwin/21.5.0"
::ffff:127.0.0.1 - - [28/Jun/2022:07:41:56 +0000] "GET /api/v1/goods/user?limit=100 HTTP/1.0" 304 - "-" "Expo/2.24.3.1014878 CFNetwork/1333.0.4 Darwin/21.5.0"
::1 - - [28/Jun/2022:07:41:56 +0000] "GET /api/v1/transactions/basket?limit=100&sort=-createdAt HTTP/1.0" 304 - "-" "Expo/2.24.3.1014878 CFNetwork/1333.0.4 Darwin/21.5.0"
::1 - - [28/Jun/2022:07:42:17 +0000] "POST /api/v1/goods HTTP/1.0" 200 335 "-" "Expo/2.24.3.1014878 CFNetwork/1333.0.4 Darwin/21.5.0"
::ffff:127.0.0.1 - - [28/Jun/2022:07:42:18 +0000] "POST /api/v1/transactions HTTP/1.0" 200 256 "-" "Expo/2.24.3.1014878 CFNetwork/1333.0.4 Darwin/21.5.0"
::1 - - [28/Jun/2022:07:42:22 +0000] "PUT /api/v1/goods/62bab0d95b4c7dacd78cac54/upload-photo HTTP/1.0" 200 60 "-" "Expo/2.24.3.1014878 CFNetwork/1333.0.4 Darwin/21.5.0"
::1 - - [28/Jun/2022:07:42:22 +0000] "GET /api/v1/goods/user?limit=100 HTTP/1.0" 200 7125 "-" "Expo/2.24.3.1014878 CFNetwork/1333.0.4 Darwin/21.5.0"
::ffff:127.0.0.1 - - [28/Jun/2022:07:42:22 +0000] "GET /api/v1/transactions/basket?limit=100&sort=-createdAt HTTP/1.0" 200 897 "-" "Expo/2.24.3.1014878 CFNetwork/1333.0.4 Darwin/21.5.0"
::ffff:127.0.0.1 - - [28/Jun/2022:07:42:25 +0000] "DELETE /api/v1/transactions/62bab0da5b4c7dacd78cac56 HTTP/1.0" 200 256 "-" "Expo/2.24.3.1014878 CFNetwork/1333.0.4 Darwin/21.5.0"
::1 - - [28/Jun/2022:07:42:26 +0000] "GET /api/v1/transactions/basket?limit=100&sort=-createdAt HTTP/1.0" 200 608 "-" "Expo/2.24.3.1014878 CFNetwork/1333.0.4 Darwin/21.5.0"
::ffff:127.0.0.1 - - [28/Jun/2022:07:42:26 +0000] "GET /api/v1/transactions/basket?limit=100&sort=-createdAt HTTP/1.0" 200 608 "-" "Expo/2.24.3.1014878 CFNetwork/1333.0.4 Darwin/21.5.0"
::1 - - [28/Jun/2022:07:42:27 +0000] "DELETE /api/v1/transactions/62baa69d5b4c7dacd78caa2c HTTP/1.0" 200 256 "-" "Expo/2.24.3.1014878 CFNetwork/1333.0.4 Darwin/21.5.0"
::ffff:127.0.0.1 - - [28/Jun/2022:07:42:27 +0000] "POST /api/v1/users HTTP/1.0" 500 269 "-" "okhttp/4.9.2"
::1 - - [28/Jun/2022:07:42:28 +0000] "GET /api/v1/transactions/basket?limit=100&sort=-createdAt HTTP/1.0" 200 317 "-" "Expo/2.24.3.1014878 CFNetwork/1333.0.4 Darwin/21.5.0"
::ffff:127.0.0.1 - - [28/Jun/2022:07:42:28 +0000] "GET /api/v1/transactions/basket?limit=100&sort=-createdAt HTTP/1.0" 200 317 "-" "Expo/2.24.3.1014878 CFNetwork/1333.0.4 Darwin/21.5.0"
::1 - - [28/Jun/2022:07:42:39 +0000] "POST /api/v1/users HTTP/1.0" 500 269 "-" "okhttp/4.9.2"
::ffff:127.0.0.1 - - [28/Jun/2022:07:42:54 +0000] "POST /api/v1/users HTTP/1.0" 500 269 "-" "okhttp/4.9.2"
::1 - - [28/Jun/2022:07:43:17 +0000] "POST /api/v1/users HTTP/1.0" 200 344 "-" "okhttp/4.9.2"
::1 - - [28/Jun/2022:07:43:18 +0000] "GET /api/v1/goods/user?limit=100 HTTP/1.0" 401 283 "-" "okhttp/4.9.2"
::ffff:127.0.0.1 - - [28/Jun/2022:07:43:18 +0000] "GET /api/v1/categories HTTP/1.0" 304 - "-" "okhttp/4.9.2"
::ffff:127.0.0.1 - - [28/Jun/2022:07:43:18 +0000] "GET /api/v1/transactions/basket?limit=100&sort=-createdAt HTTP/1.0" 401 283 "-" "okhttp/4.9.2"
::1 - - [28/Jun/2022:07:44:35 +0000] "GET /api/v1/transactions/basket?limit=100&sort=-createdAt HTTP/1.0" 401 283 "-" "okhttp/4.9.2"
::1 - - [28/Jun/2022:07:44:35 +0000] "GET /api/v1/goods/user?limit=100 HTTP/1.0" 401 283 "-" "okhttp/4.9.2"
::ffff:127.0.0.1 - - [28/Jun/2022:07:44:36 +0000] "GET /api/v1/categories HTTP/1.0" 304 - "-" "okhttp/4.9.2"
::ffff:127.0.0.1 - - [28/Jun/2022:07:44:42 +0000] "GET /api/v1/goods/user?limit=100 HTTP/1.0" 304 - "-" "Expo/2.24.3.1014878 CFNetwork/1333.0.4 Darwin/21.5.0"
::ffff:127.0.0.1 - - [28/Jun/2022:07:44:42 +0000] "GET /api/v1/categories HTTP/1.0" 304 - "-" "Expo/2.24.3.1014878 CFNetwork/1333.0.4 Darwin/21.5.0"
::1 - - [28/Jun/2022:07:44:42 +0000] "GET /api/v1/transactions/basket?limit=100&sort=-createdAt HTTP/1.0" 304 - "-" "Expo/2.24.3.1014878 CFNetwork/1333.0.4 Darwin/21.5.0"
::1 - - [28/Jun/2022:07:44:54 +0000] "GET /api/v1/categories HTTP/1.0" 304 - "-" "Expo/2.24.3.1014878 CFNetwork/1333.0.4 Darwin/21.5.0"
::ffff:127.0.0.1 - - [28/Jun/2022:07:44:54 +0000] "GET /api/v1/goods/user?limit=100 HTTP/1.0" 304 - "-" "Expo/2.24.3.1014878 CFNetwork/1333.0.4 Darwin/21.5.0"
::1 - - [28/Jun/2022:07:44:54 +0000] "GET /api/v1/transactions/basket?limit=100&sort=-createdAt HTTP/1.0" 304 - "-" "Expo/2.24.3.1014878 CFNetwork/1333.0.4 Darwin/21.5.0"
::1 - - [28/Jun/2022:07:44:58 +0000] "GET /api/v1/goods/user?limit=100 HTTP/1.0" 401 283 "-" "okhttp/4.9.2"
::ffff:127.0.0.1 - - [28/Jun/2022:07:44:58 +0000] "GET /api/v1/transactions/basket?limit=100&sort=-createdAt HTTP/1.0" 401 283 "-" "okhttp/4.9.2"
::ffff:127.0.0.1 - - [28/Jun/2022:07:44:58 +0000] "GET /api/v1/categories HTTP/1.0" 304 - "-" "okhttp/4.9.2"
::1 - - [28/Jun/2022:07:45:03 +0000] "GET /api/v1/goods/user?limit=100 HTTP/1.0" 401 283 "-" "okhttp/4.9.2"
::ffff:127.0.0.1 - - [28/Jun/2022:07:45:03 +0000] "GET /api/v1/transactions/basket?limit=100&sort=-createdAt HTTP/1.0" 401 283 "-" "okhttp/4.9.2"
::1 - - [28/Jun/2022:07:45:04 +0000] "GET /api/v1/users/logout HTTP/1.0" 304 - "-" "okhttp/4.9.2"
::ffff:127.0.0.1 - - [28/Jun/2022:07:46:08 +0000] "POST /api/v1/users HTTP/1.0" 500 269 "-" "okhttp/4.9.2"
::1 - - [28/Jun/2022:07:46:28 +0000] "POST /api/v1/users HTTP/1.0" 200 327 "-" "okhttp/4.9.2"
::1 - - [28/Jun/2022:07:46:29 +0000] "GET /api/v1/goods/user?limit=100 HTTP/1.0" 401 283 "-" "okhttp/4.9.2"
::ffff:127.0.0.1 - - [28/Jun/2022:07:46:29 +0000] "GET /api/v1/transactions/basket?limit=100&sort=-createdAt HTTP/1.0" 401 283 "-" "okhttp/4.9.2"
::ffff:127.0.0.1 - - [28/Jun/2022:07:46:29 +0000] "GET /api/v1/categories HTTP/1.0" 304 - "-" "okhttp/4.9.2"
::ffff:127.0.0.1 - - [28/Jun/2022:07:46:36 +0000] "GET /api/v1/goods/user?limit=100 HTTP/1.0" 401 283 "-" "okhttp/4.9.2"
::1 - - [28/Jun/2022:07:46:36 +0000] "GET /api/v1/transactions/basket?limit=100&sort=-createdAt HTTP/1.0" 401 283 "-" "okhttp/4.9.2"
::1 - - [28/Jun/2022:07:46:36 +0000] "GET /api/v1/categories HTTP/1.0" 304 - "-" "okhttp/4.9.2"
::ffff:127.0.0.1 - - [28/Jun/2022:07:47:57 +0000] "GET /api/v1/categories HTTP/1.0" 304 - "-" "Expo/2.24.3.1014878 CFNetwork/1333.0.4 Darwin/21.5.0"
::1 - - [28/Jun/2022:07:47:57 +0000] "GET /api/v1/transactions/basket?limit=100&sort=-createdAt HTTP/1.0" 304 - "-" "Expo/2.24.3.1014878 CFNetwork/1333.0.4 Darwin/21.5.0"
::ffff:127.0.0.1 - - [28/Jun/2022:07:47:58 +0000] "GET /api/v1/goods/user?limit=100 HTTP/1.0" 200 8387 "-" "Expo/2.24.3.1014878 CFNetwork/1333.0.4 Darwin/21.5.0"
::1 - - [28/Jun/2022:07:49:48 +0000] "POST /api/v1/goods HTTP/1.0" 401 283 "-" "okhttp/4.9.2"
::ffff:127.0.0.1 - - [28/Jun/2022:07:50:28 +0000] "GET /api/v1/goods/user?limit=100 HTTP/1.0" 401 283 "-" "okhttp/4.9.2"
::1 - - [28/Jun/2022:07:50:28 +0000] "GET /api/v1/transactions/basket?limit=100&sort=-createdAt HTTP/1.0" 401 283 "-" "okhttp/4.9.2"
::1 - - [28/Jun/2022:07:50:35 +0000] "GET /api/v1/goods/user?limit=100 HTTP/1.0" 401 283 "-" "okhttp/4.9.2"
::ffff:127.0.0.1 - - [28/Jun/2022:07:50:35 +0000] "GET /api/v1/transactions/basket?limit=100&sort=-createdAt HTTP/1.0" 401 283 "-" "okhttp/4.9.2"
::ffff:127.0.0.1 - - [28/Jun/2022:07:50:35 +0000] "GET /api/v1/categories HTTP/1.0" 304 - "-" "okhttp/4.9.2"
::1 - - [28/Jun/2022:07:50:44 +0000] "GET /api/v1/goods/user?limit=100 HTTP/1.0" 401 283 "-" "okhttp/4.9.2"
::ffff:127.0.0.1 - - [28/Jun/2022:07:50:44 +0000] "GET /api/v1/transactions/basket?limit=100&sort=-createdAt HTTP/1.0" 401 283 "-" "okhttp/4.9.2"
::1 - - [28/Jun/2022:07:50:47 +0000] "GET /api/v1/goods/user?limit=100 HTTP/1.0" 401 283 "-" "okhttp/4.9.2"
::ffff:127.0.0.1 - - [28/Jun/2022:07:50:47 +0000] "GET /api/v1/transactions/basket?limit=100&sort=-createdAt HTTP/1.0" 401 283 "-" "okhttp/4.9.2"
::1 - - [28/Jun/2022:07:50:48 +0000] "GET /api/v1/users/logout HTTP/1.0" 304 - "-" "okhttp/4.9.2"
::ffff:127.0.0.1 - - [28/Jun/2022:07:51:20 +0000] "GET /api/v1/categories HTTP/1.0" 304 - "-" "Expo/2.24.3.1014878 CFNetwork/1333.0.4 Darwin/21.5.0"
::1 - - [28/Jun/2022:07:51:20 +0000] "GET /api/v1/goods/user?limit=100 HTTP/1.0" 304 - "-" "Expo/2.24.3.1014878 CFNetwork/1333.0.4 Darwin/21.5.0"
::ffff:127.0.0.1 - - [28/Jun/2022:07:51:20 +0000] "GET /api/v1/transactions/basket?limit=100&sort=-createdAt HTTP/1.0" 304 - "-" "Expo/2.24.3.1014878 CFNetwork/1333.0.4 Darwin/21.5.0"
::1 - - [28/Jun/2022:07:52:11 +0000] "POST /api/v1/users HTTP/1.0" 200 316 "-" "okhttp/4.9.2"
::1 - - [28/Jun/2022:07:52:12 +0000] "GET /api/v1/goods/user?limit=100 HTTP/1.0" 401 283 "-" "okhttp/4.9.2"
::ffff:127.0.0.1 - - [28/Jun/2022:07:52:12 +0000] "GET /api/v1/transactions/basket?limit=100&sort=-createdAt HTTP/1.0" 401 283 "-" "okhttp/4.9.2"
::ffff:127.0.0.1 - - [28/Jun/2022:07:52:12 +0000] "GET /api/v1/categories HTTP/1.0" 304 - "-" "okhttp/4.9.2"
::ffff:127.0.0.1 - - [28/Jun/2022:07:52:18 +0000] "GET /api/v1/goods/user?limit=100 HTTP/1.0" 401 283 "-" "okhttp/4.9.2"
::1 - - [28/Jun/2022:07:52:18 +0000] "GET /api/v1/categories HTTP/1.0" 304 - "-" "okhttp/4.9.2"
::1 - - [28/Jun/2022:07:52:18 +0000] "GET /api/v1/transactions/basket?limit=100&sort=-createdAt HTTP/1.0" 401 283 "-" "okhttp/4.9.2"
::ffff:127.0.0.1 - - [28/Jun/2022:07:53:40 +0000] "POST /api/v1/goods HTTP/1.0" 401 283 "-" "okhttp/4.9.2"
::1 - - [28/Jun/2022:07:53:58 +0000] "GET /api/v1/categories HTTP/1.0" 304 - "-" "Expo/2.24.3.1014878 CFNetwork/1333.0.4 Darwin/21.5.0"
::1 - - [28/Jun/2022:07:53:58 +0000] "GET /api/v1/goods/user?limit=100 HTTP/1.0" 304 - "-" "Expo/2.24.3.1014878 CFNetwork/1333.0.4 Darwin/21.5.0"
::ffff:127.0.0.1 - - [28/Jun/2022:07:53:58 +0000] "GET /api/v1/transactions/basket?limit=100&sort=-createdAt HTTP/1.0" 304 - "-" "Expo/2.24.3.1014878 CFNetwork/1333.0.4 Darwin/21.5.0"
::ffff:127.0.0.1 - - [28/Jun/2022:07:53:59 +0000] "GET /api/v1/goods/user?limit=100 HTTP/1.0" 401 283 "-" "okhttp/4.9.2"
::ffff:127.0.0.1 - - [28/Jun/2022:07:53:59 +0000] "GET /api/v1/transactions/basket?limit=100&sort=-createdAt HTTP/1.0" 401 283 "-" "okhttp/4.9.2"
::1 - - [28/Jun/2022:07:54:00 +0000] "GET /api/v1/categories HTTP/1.0" 304 - "-" "okhttp/4.9.2"
::1 - - [28/Jun/2022:07:54:05 +0000] "GET /api/v1/goods/user?limit=100 HTTP/1.0" 401 283 "-" "okhttp/4.9.2"
::ffff:127.0.0.1 - - [28/Jun/2022:07:54:05 +0000] "GET /api/v1/goods/user?limit=100 HTTP/1.0" 401 283 "-" "okhttp/4.9.2"
::1 - - [28/Jun/2022:07:54:05 +0000] "GET /api/v1/transactions/basket?limit=100&sort=-createdAt HTTP/1.0" 401 283 "-" "okhttp/4.9.2"
::1 - - [28/Jun/2022:07:54:19 +0000] "GET /api/v1/goods/user?limit=100 HTTP/1.0" 401 283 "-" "okhttp/4.9.2"
::ffff:127.0.0.1 - - [28/Jun/2022:07:54:19 +0000] "GET /api/v1/transactions/basket?limit=100&sort=-createdAt HTTP/1.0" 401 283 "-" "okhttp/4.9.2"
::ffff:127.0.0.1 - - [28/Jun/2022:07:54:19 +0000] "GET /api/v1/categories HTTP/1.0" 304 - "-" "okhttp/4.9.2"
::1 - - [28/Jun/2022:07:54:20 +0000] "GET /api/v1/categories HTTP/1.0" 304 - "-" "Expo/2.24.3.1014878 CFNetwork/1333.0.4 Darwin/21.5.0"
::ffff:127.0.0.1 - - [28/Jun/2022:07:54:20 +0000] "GET /api/v1/goods/user?limit=100 HTTP/1.0" 304 - "-" "Expo/2.24.3.1014878 CFNetwork/1333.0.4 Darwin/21.5.0"
::1 - - [28/Jun/2022:07:54:20 +0000] "GET /api/v1/transactions/basket?limit=100&sort=-createdAt HTTP/1.0" 304 - "-" "Expo/2.24.3.1014878 CFNetwork/1333.0.4 Darwin/21.5.0"
::ffff:127.0.0.1 - - [28/Jun/2022:07:54:53 +0000] "GET /api/v1/goods/user?limit=100 HTTP/1.0" 401 283 "-" "okhttp/4.9.2"
::1 - - [28/Jun/2022:07:54:53 +0000] "GET /api/v1/transactions/basket?limit=100&sort=-createdAt HTTP/1.0" 401 283 "-" "okhttp/4.9.2"
::ffff:127.0.0.1 - - [28/Jun/2022:07:54:53 +0000] "GET /api/v1/users/logout HTTP/1.0" 304 - "-" "okhttp/4.9.2"
::1 - - [28/Jun/2022:07:55:06 +0000] "POST /api/v1/users/login HTTP/1.0" 200 516 "-" "okhttp/4.9.2"
::ffff:127.0.0.1 - - [28/Jun/2022:07:55:07 +0000] "GET /api/v1/categories HTTP/1.0" 304 - "-" "okhttp/4.9.2"
::1 - - [28/Jun/2022:07:55:07 +0000] "GET /api/v1/goods/user?limit=100 HTTP/1.0" 200 107 "-" "okhttp/4.9.2"
::ffff:127.0.0.1 - - [28/Jun/2022:07:55:07 +0000] "GET /api/v1/transactions/basket?limit=100&sort=-createdAt HTTP/1.0" 200 107 "-" "okhttp/4.9.2"
::1 - - [28/Jun/2022:07:55:15 +0000] "GET /api/v1/goods/user?limit=100 HTTP/1.0" 304 - "-" "okhttp/4.9.2"
::ffff:127.0.0.1 - - [28/Jun/2022:07:55:15 +0000] "GET /api/v1/goods/user?limit=100 HTTP/1.0" 304 - "-" "okhttp/4.9.2"
::1 - - [28/Jun/2022:07:55:15 +0000] "GET /api/v1/transactions/basket?limit=100&sort=-createdAt HTTP/1.0" 304 - "-" "okhttp/4.9.2"
::ffff:127.0.0.1 - - [28/Jun/2022:07:55:17 +0000] "GET /api/v1/goods/user?limit=100 HTTP/1.0" 304 - "-" "okhttp/4.9.2"
::1 - - [28/Jun/2022:07:55:17 +0000] "GET /api/v1/goods/user?limit=100 HTTP/1.0" 304 - "-" "okhttp/4.9.2"
::ffff:127.0.0.1 - - [28/Jun/2022:07:55:17 +0000] "GET /api/v1/transactions/basket?limit=100&sort=-createdAt HTTP/1.0" 304 - "-" "okhttp/4.9.2"
::1 - - [28/Jun/2022:07:55:18 +0000] "GET /api/v1/transactions/basket?limit=100&sort=-createdAt HTTP/1.0" 304 - "-" "okhttp/4.9.2"
::ffff:127.0.0.1 - - [28/Jun/2022:07:55:18 +0000] "GET /api/v1/goods/user?limit=100 HTTP/1.0" 304 - "-" "okhttp/4.9.2"
::1 - - [28/Jun/2022:07:55:18 +0000] "GET /api/v1/goods/user?limit=100 HTTP/1.0" 304 - "-" "okhttp/4.9.2"
::ffff:127.0.0.1 - - [28/Jun/2022:07:55:18 +0000] "GET /api/v1/goods/user?limit=100 HTTP/1.0" 304 - "-" "okhttp/4.9.2"
::1 - - [28/Jun/2022:07:55:18 +0000] "GET /api/v1/goods/user?limit=100 HTTP/1.0" 304 - "-" "okhttp/4.9.2"
::ffff:127.0.0.1 - - [28/Jun/2022:07:55:18 +0000] "GET /api/v1/transactions/basket?limit=100&sort=-createdAt HTTP/1.0" 304 - "-" "okhttp/4.9.2"
::1 - - [28/Jun/2022:07:55:23 +0000] "GET /api/v1/goods/user?limit=100 HTTP/1.0" 304 - "-" "okhttp/4.9.2"
::ffff:127.0.0.1 - - [28/Jun/2022:07:55:23 +0000] "GET /api/v1/transactions/basket?limit=100&sort=-createdAt HTTP/1.0" 304 - "-" "okhttp/4.9.2"
::1 - - [28/Jun/2022:07:55:41 +0000] "GET /api/v1/transactions/basket?limit=100&sort=-createdAt HTTP/1.0" 304 - "-" "okhttp/4.9.2"
::ffff:127.0.0.1 - - [28/Jun/2022:07:55:41 +0000] "GET /api/v1/goods/user?limit=100 HTTP/1.0" 304 - "-" "okhttp/4.9.2"
::1 - - [28/Jun/2022:07:55:42 +0000] "GET /api/v1/categories HTTP/1.0" 304 - "-" "okhttp/4.9.2"
::ffff:127.0.0.1 - - [28/Jun/2022:07:55:42 +0000] "GET /api/v1/goods/user?limit=100 HTTP/1.0" 304 - "-" "okhttp/4.9.2"
::1 - - [28/Jun/2022:07:55:42 +0000] "GET /api/v1/transactions/basket?limit=100&sort=-createdAt HTTP/1.0" 304 - "-" "okhttp/4.9.2"
::ffff:127.0.0.1 - - [28/Jun/2022:07:56:16 +0000] "POST /api/v1/goods HTTP/1.0" 200 348 "-" "okhttp/4.9.2"
::1 - - [28/Jun/2022:07:56:23 +0000] "PUT /api/v1/goods/62bab420b4d2c43d2720b884/upload-photo HTTP/1.0" 200 60 "-" "okhttp/4.9.2"
::ffff:127.0.0.1 - - [28/Jun/2022:07:56:23 +0000] "GET /api/v1/transactions/basket?limit=100&sort=-createdAt HTTP/1.0" 304 - "-" "okhttp/4.9.2"
::1 - - [28/Jun/2022:07:56:24 +0000] "GET /api/v1/goods/user?limit=100 HTTP/1.0" 200 511 "-" "okhttp/4.9.2"
::ffff:127.0.0.1 - - [28/Jun/2022:07:56:40 +0000] "GET / HTTP/1.0" 404 139 "-" "Mozilla/5.0 (Macintosh; Intel Mac OS X 10_11_6) AppleWebKit/601.7.7 (KHTML, like Gecko) Version/9.1.2 Safari/601.7.7"
::1 - - [28/Jun/2022:07:56:44 +0000] "GET /.aws/credentials HTTP/1.0" 404 155 "-" "Mozilla/5.0 (X11; Linux x86_64) AppleWebKit/537.36 (KHTML, like Gecko) Chrome/81.0.4044.129 Safari/537.36"
::ffff:127.0.0.1 - - [28/Jun/2022:07:57:03 +0000] "POST /api/v1/transactions HTTP/1.0" 200 256 "-" "okhttp/4.9.2"
::1 - - [28/Jun/2022:07:57:04 +0000] "GET /api/v1/transactions/basket?limit=100&sort=-createdAt HTTP/1.0" 200 394 "-" "okhttp/4.9.2"
::ffff:127.0.0.1 - - [28/Jun/2022:07:57:04 +0000] "GET /api/v1/transactions/basket?limit=100&sort=-createdAt HTTP/1.0" 200 394 "-" "okhttp/4.9.2"
::1 - - [28/Jun/2022:07:57:14 +0000] "GET /api/v1/categories HTTP/1.0" 304 - "-" "okhttp/4.9.2"
::ffff:127.0.0.1 - - [28/Jun/2022:07:57:15 +0000] "GET /api/v1/goods/user?limit=100 HTTP/1.0" 304 - "-" "okhttp/4.9.2"
::1 - - [28/Jun/2022:07:57:15 +0000] "GET /api/v1/transactions/basket?limit=100&sort=-createdAt HTTP/1.0" 304 - "-" "okhttp/4.9.2"
::ffff:127.0.0.1 - - [28/Jun/2022:07:57:43 +0000] "GET /api/v1/goods/user?limit=100 HTTP/1.0" 200 8387 "-" "Expo/2.24.3.1014878 CFNetwork/1333.0.4 Darwin/21.5.0"
::1 - - [28/Jun/2022:07:57:43 +0000] "GET /api/v1/transactions/basket?limit=100&sort=-createdAt HTTP/1.0" 200 317 "-" "Expo/2.24.3.1014878 CFNetwork/1333.0.4 Darwin/21.5.0"
::ffff:127.0.0.1 - - [28/Jun/2022:07:57:44 +0000] "GET /api/v1/users/logout HTTP/1.0" 304 - "-" "Expo/2.24.3.1014878 CFNetwork/1333.0.4 Darwin/21.5.0"
::1 - - [28/Jun/2022:07:58:12 +0000] "POST /api/v1/users HTTP/1.0" 200 514 "-" "Expo/2.24.3.1014878 CFNetwork/1333.0.4 Darwin/21.5.0"
::1 - - [28/Jun/2022:07:58:12 +0000] "GET /api/v1/goods/user?limit=100 HTTP/1.0" 401 283 "-" "Expo/2.24.3.1014878 CFNetwork/1333.0.4 Darwin/21.5.0"
::ffff:127.0.0.1 - - [28/Jun/2022:07:58:12 +0000] "GET /api/v1/categories HTTP/1.0" 304 - "-" "Expo/2.24.3.1014878 CFNetwork/1333.0.4 Darwin/21.5.0"
::ffff:127.0.0.1 - - [28/Jun/2022:07:58:13 +0000] "GET /api/v1/transactions/basket?limit=100&sort=-createdAt HTTP/1.0" 401 283 "-" "Expo/2.24.3.1014878 CFNetwork/1333.0.4 Darwin/21.5.0"
::1 - - [28/Jun/2022:07:58:16 +0000] "GET /api/v1/goods/user?limit=100 HTTP/1.0" 401 283 "-" "Expo/2.24.3.1014878 CFNetwork/1333.0.4 Darwin/21.5.0"
::ffff:127.0.0.1 - - [28/Jun/2022:07:58:16 +0000] "GET /api/v1/transactions/basket?limit=100&sort=-createdAt HTTP/1.0" 401 283 "-" "Expo/2.24.3.1014878 CFNetwork/1333.0.4 Darwin/21.5.0"
::1 - - [28/Jun/2022:07:58:22 +0000] "POST /api/v1/goods HTTP/1.0" 200 350 "-" "okhttp/4.9.2"
::ffff:127.0.0.1 - - [28/Jun/2022:07:58:23 +0000] "POST /api/v1/transactions HTTP/1.0" 200 254 "-" "okhttp/4.9.2"
::1 - - [28/Jun/2022:07:58:29 +0000] "PUT /api/v1/goods/62bab49eb4d2c43d2720b8a8/upload-photo HTTP/1.0" 200 60 "-" "okhttp/4.9.2"
::ffff:127.0.0.1 - - [28/Jun/2022:07:58:30 +0000] "GET /api/v1/goods/user?limit=100 HTTP/1.0" 200 922 "-" "okhttp/4.9.2"
::1 - - [28/Jun/2022:07:58:30 +0000] "GET /api/v1/transactions/basket?limit=100&sort=-createdAt HTTP/1.0" 200 684 "-" "okhttp/4.9.2"
::ffff:127.0.0.1 - - [28/Jun/2022:07:58:39 +0000] "POST /api/v1/bills/receipt HTTP/1.0" 200 243 "-" "okhttp/4.9.2"
::1 - - [28/Jun/2022:07:58:39 +0000] "GET /api/v1/transactions/basket?limit=100&sort=-createdAt HTTP/1.0" 200 107 "-" "okhttp/4.9.2"
::ffff:127.0.0.1 - - [28/Jun/2022:07:58:40 +0000] "GET /api/v1/transactions/basket?limit=100&sort=-createdAt HTTP/1.0" 304 - "-" "okhttp/4.9.2"
::1 - - [28/Jun/2022:07:59:09 +0000] "GET /api/v1/goods/user?limit=100 HTTP/1.0" 401 283 "-" "Expo/2.24.3.1014878 CFNetwork/1333.0.4 Darwin/21.5.0"
::ffff:127.0.0.1 - - [28/Jun/2022:07:59:26 +0000] "POST /api/v1/transactions HTTP/1.0" 200 256 "-" "okhttp/4.9.2"
::1 - - [28/Jun/2022:07:59:27 +0000] "GET /api/v1/transactions/basket?limit=100&sort=-createdAt HTTP/1.0" 200 394 "-" "okhttp/4.9.2"
::ffff:127.0.0.1 - - [28/Jun/2022:07:59:27 +0000] "GET /api/v1/transactions/basket?limit=100&sort=-createdAt HTTP/1.0" 200 394 "-" "okhttp/4.9.2"
::ffff:127.0.0.1 - - [28/Jun/2022:07:59:54 +0000] "GET /api/v1/goods/user?limit=100 HTTP/1.0" 401 283 "-" "Expo/2.24.3.1014878 CFNetwork/1333.0.4 Darwin/21.5.0"
::1 - - [28/Jun/2022:07:59:54 +0000] "GET /api/v1/transactions/basket?limit=100&sort=-createdAt HTTP/1.0" 401 283 "-" "Expo/2.24.3.1014878 CFNetwork/1333.0.4 Darwin/21.5.0"
::1 - - [28/Jun/2022:07:59:55 +0000] "GET /api/v1/goods/user?limit=100 HTTP/1.0" 200 922 "-" "okhttp/4.9.2"
::ffff:127.0.0.1 - - [28/Jun/2022:07:59:55 +0000] "GET /api/v1/categories HTTP/1.0" 304 - "-" "Expo/2.24.3.1014878 CFNetwork/1333.0.4 Darwin/21.5.0"
::1 - - [28/Jun/2022:07:59:55 +0000] "GET /api/v1/goods/user?limit=100 HTTP/1.0" 401 283 "-" "Expo/2.24.3.1014878 CFNetwork/1333.0.4 Darwin/21.5.0"
::ffff:127.0.0.1 - - [28/Jun/2022:07:59:55 +0000] "GET /api/v1/transactions/basket?limit=100&sort=-createdAt HTTP/1.0" 401 283 "-" "Expo/2.24.3.1014878 CFNetwork/1333.0.4 Darwin/21.5.0"
::ffff:127.0.0.1 - - [28/Jun/2022:07:59:57 +0000] "GET /api/v1/transactions/basket?limit=100&sort=-createdAt HTTP/1.0" 401 283 "-" "Expo/2.24.3.1014878 CFNetwork/1333.0.4 Darwin/21.5.0"
::1 - - [28/Jun/2022:07:59:57 +0000] "GET /api/v1/goods/user?limit=100 HTTP/1.0" 401 283 "-" "Expo/2.24.3.1014878 CFNetwork/1333.0.4 Darwin/21.5.0"
::1 - - [28/Jun/2022:07:59:58 +0000] "GET /api/v1/transactions/basket?limit=100&sort=-createdAt HTTP/1.0" 401 283 "-" "Expo/2.24.3.1014878 CFNetwork/1333.0.4 Darwin/21.5.0"
::ffff:127.0.0.1 - - [28/Jun/2022:07:59:58 +0000] "GET /api/v1/goods/user?limit=100 HTTP/1.0" 401 283 "-" "Expo/2.24.3.1014878 CFNetwork/1333.0.4 Darwin/21.5.0"
::ffff:127.0.0.1 - - [28/Jun/2022:07:59:58 +0000] "GET /api/v1/transactions/basket?limit=100&sort=-createdAt HTTP/1.0" 401 283 "-" "Expo/2.24.3.1014878 CFNetwork/1333.0.4 Darwin/21.5.0"
::1 - - [28/Jun/2022:07:59:58 +0000] "GET /api/v1/goods/user?limit=100 HTTP/1.0" 401 283 "-" "Expo/2.24.3.1014878 CFNetwork/1333.0.4 Darwin/21.5.0"
::ffff:127.0.0.1 - - [28/Jun/2022:07:59:58 +0000] "GET /api/v1/goods/user?limit=100 HTTP/1.0" 401 283 "-" "Expo/2.24.3.1014878 CFNetwork/1333.0.4 Darwin/21.5.0"
::1 - - [28/Jun/2022:07:59:59 +0000] "GET /api/v1/transactions/basket?limit=100&sort=-createdAt HTTP/1.0" 401 283 "-" "Expo/2.24.3.1014878 CFNetwork/1333.0.4 Darwin/21.5.0"
::ffff:127.0.0.1 - - [28/Jun/2022:07:59:59 +0000] "GET /api/v1/goods/user?limit=100 HTTP/1.0" 401 283 "-" "Expo/2.24.3.1014878 CFNetwork/1333.0.4 Darwin/21.5.0"
::ffff:127.0.0.1 - - [28/Jun/2022:07:59:59 +0000] "GET /api/v1/transactions/basket?limit=100&sort=-createdAt HTTP/1.0" 401 283 "-" "Expo/2.24.3.1014878 CFNetwork/1333.0.4 Darwin/21.5.0"
::1 - - [28/Jun/2022:07:59:59 +0000] "GET /api/v1/goods/user?limit=100 HTTP/1.0" 401 283 "-" "Expo/2.24.3.1014878 CFNetwork/1333.0.4 Darwin/21.5.0"
::1 - - [28/Jun/2022:08:01:20 +0000] "GET /api/v1/categories HTTP/1.0" 304 - "-" "okhttp/4.9.2"
::ffff:127.0.0.1 - - [28/Jun/2022:08:01:21 +0000] "GET /api/v1/transactions/basket?limit=100&sort=-createdAt HTTP/1.0" 304 - "-" "okhttp/4.9.2"
::1 - - [28/Jun/2022:08:01:21 +0000] "GET /api/v1/goods/user?limit=100 HTTP/1.0" 304 - "-" "okhttp/4.9.2"
::ffff:127.0.0.1 - - [28/Jun/2022:08:03:05 +0000] "POST /api/v1/goods HTTP/1.0" 200 351 "-" "okhttp/4.9.2"
::1 - - [28/Jun/2022:08:03:05 +0000] "POST /api/v1/transactions HTTP/1.0" 200 254 "-" "okhttp/4.9.2"
::ffff:127.0.0.1 - - [28/Jun/2022:08:03:12 +0000] "PUT /api/v1/goods/62bab5b9b4d2c43d2720b8d7/upload-photo HTTP/1.0" 200 60 "-" "okhttp/4.9.2"
::1 - - [28/Jun/2022:08:03:13 +0000] "GET /api/v1/transactions/basket?limit=100&sort=-createdAt HTTP/1.0" 200 685 "-" "okhttp/4.9.2"
::ffff:127.0.0.1 - - [28/Jun/2022:08:03:13 +0000] "GET /api/v1/goods/user?limit=100 HTTP/1.0" 200 1334 "-" "okhttp/4.9.2"
::ffff:127.0.0.1 - - [28/Jun/2022:08:03:53 +0000] "GET /api/v1/goods/user?limit=100 HTTP/1.0" 401 283 "-" "Expo/2.24.3.1014878 CFNetwork/1333.0.4 Darwin/21.5.0"
::1 - - [28/Jun/2022:08:03:53 +0000] "GET /api/v1/transactions/basket?limit=100&sort=-createdAt HTTP/1.0" 401 283 "-" "Expo/2.24.3.1014878 CFNetwork/1333.0.4 Darwin/21.5.0"
::1 - - [28/Jun/2022:08:03:53 +0000] "GET /api/v1/categories HTTP/1.0" 304 - "-" "Expo/2.24.3.1014878 CFNetwork/1333.0.4 Darwin/21.5.0"
::ffff:127.0.0.1 - - [28/Jun/2022:08:03:53 +0000] "GET /api/v1/categories HTTP/1.0" 304 - "-" "okhttp/4.9.2"
::1 - - [28/Jun/2022:08:03:53 +0000] "GET /api/v1/goods/user?limit=100 HTTP/1.0" 304 - "-" "okhttp/4.9.2"
::ffff:127.0.0.1 - - [28/Jun/2022:08:03:53 +0000] "GET /api/v1/transactions/basket?limit=100&sort=-createdAt HTTP/1.0" 304 - "-" "okhttp/4.9.2"
::ffff:127.0.0.1 - - [28/Jun/2022:08:03:58 +0000] "GET /upload/undefined HTTP/1.0" 404 155 "-" "Dalvik/2.1.0 (Linux; U; Android 10; SM-A202K Build/QP1A.190711.020)"
