::ffff:127.0.0.1 - - [04/Jul/2022:00:09:37 +0000] "GET / HTTP/1.0" 404 139 "-" "python-requests/2.28.0"
::1 - - [04/Jul/2022:00:12:23 +0000] "GET /_ignition/execute-solution HTTP/1.0" 404 165 "-" "Mozilla/5.0 (Windows NT 10.0; Win64; x64) AppleWebKit/537.36 (KHTML, like Gecko) Chrome/78.0.3904.108 Safari/537.36"
::ffff:127.0.0.1 - - [04/Jul/2022:00:47:28 +0000] "GET / HTTP/1.0" 404 139 "-" "Mozilla/5.0 (Macintosh; Intel Mac OS X 10_15_7) AppleWebKit/537.36 (KHTML, like Gecko) Chrome/102.0.0.0 Safari/537.36"
::1 - - [04/Jul/2022:01:10:32 +0000] "GET / HTTP/1.0" 404 139 "-" "Mozilla/5.0 (Windows NT 10.0; Win64; x64) AppleWebKit/537.36 (KHTML, like Gecko) Chrome/78.0.3904.108 Safari/537.36"
::ffff:127.0.0.1 - - [04/Jul/2022:01:51:45 +0000] "GET / HTTP/1.0" 404 139 "-" "Mozilla/5.0 (Windows NT 10.0; Win64; x64) AppleWebKit/537.36 (KHTML, like Gecko) Chrome/74.0.3729.169 Safari/537.36"
::1 - - [04/Jul/2022:01:59:08 +0000] "GET / HTTP/1.0" 404 139 "-" "-"
::ffff:127.0.0.1 - - [04/Jul/2022:02:05:52 +0000] "GET /.env HTTP/1.0" 404 143 "-" "Mozilla/5.0 (X11; Linux x86_64) AppleWebKit/537.36 (KHTML, like Gecko) Chrome/81.0.4044.129 Safari/537.36"
::1 - - [04/Jul/2022:02:05:52 +0000] "POST / HTTP/1.0" 404 140 "-" "Mozilla/5.0 (X11; Linux x86_64) AppleWebKit/537.36 (KHTML, like Gecko) Chrome/81.0.4044.129 Safari/537.36"
::ffff:127.0.0.1 - - [04/Jul/2022:02:20:36 +0000] "GET / HTTP/1.0" 404 139 "-" "Mozilla/5.0 zgrab/0.x"
::1 - - [04/Jul/2022:02:23:31 +0000] "GET / HTTP/1.0" 404 139 "-" "Mozilla/5.0 (Windows NT 10.0; Win64; x64) AppleWebKit/537.36 (KHTML, like Gecko) Chrome/78.0.3904.108 Safari/537.36"
::ffff:127.0.0.1 - - [04/Jul/2022:02:34:34 +0000] "GET / HTTP/1.0" 404 139 "-" "-"
::1 - - [04/Jul/2022:02:53:32 +0000] "GET /ReportServer HTTP/1.0" 404 151 "-" "Mozilla/5.0 zgrab/0.x"
::ffff:127.0.0.1 - - [04/Jul/2022:03:00:55 +0000] "GET /actuator/gateway/routes HTTP/1.0" 404 162 "-" "Mozilla/5.0 (Windows NT 10.0; Win64; x64) AppleWebKit/537.36 (KHTML, like Gecko) Chrome/78.0.3904.108 Safari/537.36"
::1 - - [04/Jul/2022:03:15:12 +0000] "GET / HTTP/1.0" 404 139 "-" "-"
::ffff:127.0.0.1 - - [04/Jul/2022:03:15:13 +0000] "GET / HTTP/1.0" 404 139 "-" "Mozilla/5.0 (compatible; CensysInspect/1.1; +https://about.censys.io/)"
::1 - - [04/Jul/2022:04:05:04 +0000] "GET / HTTP/1.0" 404 139 "-" "Mozilla/5.0"
::ffff:127.0.0.1 - - [04/Jul/2022:04:11:32 +0000] "GET / HTTP/1.0" 404 139 "-" "-"
::1 - - [04/Jul/2022:05:05:42 +0000] "GET /.env HTTP/1.0" 404 143 "-" "Mozilla/5.0 (X11; Linux x86_64) AppleWebKit/537.36 (KHTML, like Gecko) Chrome/81.0.4044.129 Safari/537.36"
::ffff:127.0.0.1 - - [04/Jul/2022:05:05:44 +0000] "POST / HTTP/1.0" 404 140 "-" "Mozilla/5.0 (X11; Linux x86_64) AppleWebKit/537.36 (KHTML, like Gecko) Chrome/81.0.4044.129 Safari/537.36"
::1 - - [04/Jul/2022:05:09:31 +0000] "GET / HTTP/1.0" 404 139 "-" "Mozilla/5.0"
::ffff:127.0.0.1 - - [04/Jul/2022:06:08:24 +0000] "GET / HTTP/1.0" 404 139 "-" "Mozilla/5.0 (Windows NT 10.0; Win64; x64) AppleWebKit/537.36 (KHTML, like Gecko) Chrome/74.0.3729.131 Safari/537.36"
::1 - - [04/Jul/2022:06:17:48 +0000] "GET /.aws/credentials HTTP/1.0" 404 155 "-" "Mozilla/5.0 (X11; Linux x86_64) AppleWebKit/537.36 (KHTML, like Gecko) Chrome/81.0.4044.129 Safari/537.36"
::ffff:127.0.0.1 - - [04/Jul/2022:07:39:53 +0000] "GET / HTTP/1.0" 404 139 "-" "Mozilla/5.0 (Windows NT 6.1) AppleWebKit/537.36 (KHTML, like Gecko) Chrome/41.0.2228.0 Safari/537.36"
::1 - - [04/Jul/2022:07:39:53 +0000] "GET /robots.txt HTTP/1.0" 404 149 "-" "-"
::ffff:127.0.0.1 - - [04/Jul/2022:07:39:53 +0000] "GET /sitemap.xml HTTP/1.0" 404 150 "-" "-"
::1 - - [04/Jul/2022:07:39:54 +0000] "GET /.well-known/security.txt HTTP/1.0" 404 163 "-" "-"
::ffff:127.0.0.1 - - [04/Jul/2022:07:39:55 +0000] "GET /favicon.ico HTTP/1.0" 404 150 "-" "Mozilla/5.0 (Macintosh; Intel Mac OS X 10.15; rv:80.0) Gecko/20100101 Firefox/80.0"
::1 - - [04/Jul/2022:07:39:58 +0000] "GET / HTTP/1.0" 404 139 "-" "python-requests/2.28.0"
::ffff:127.0.0.1 - - [04/Jul/2022:07:49:27 +0000] "GET /manager/html HTTP/1.0" 404 151 "-" "Mozilla/5.0 zgrab/0.x"
::1 - - [04/Jul/2022:08:05:44 +0000] "GET /.env HTTP/1.0" 404 143 "-" "Mozilla/5.0 (X11; Linux x86_64) AppleWebKit/537.36 (KHTML, like Gecko) Chrome/81.0.4044.129 Safari/537.36"
::ffff:127.0.0.1 - - [04/Jul/2022:08:05:44 +0000] "POST / HTTP/1.0" 404 140 "-" "Mozilla/5.0 (X11; Linux x86_64) AppleWebKit/537.36 (KHTML, like Gecko) Chrome/81.0.4044.129 Safari/537.36"
::1 - - [04/Jul/2022:08:33:14 +0000] "GET / HTTP/1.0" 404 139 "-" "Mozilla/5.0 (Windows NT 6.1; WOW64; rv:8.0) Gecko/20100101 Firefox/8.0"
::ffff:127.0.0.1 - - [04/Jul/2022:08:50:33 +0000] "GET / HTTP/1.0" 404 139 "-" "-"
::1 - - [04/Jul/2022:09:07:32 +0000] "GET /config/getuser?index=0 HTTP/1.0" 404 153 "-" "Mozilla/5.0 (X11; Ubuntu; Linux x86_64; rv:76.0) Gecko/20100101 Firefox/76.0"
::ffff:127.0.0.1 - admin [04/Jul/2022:09:17:22 +0000] "POST /mgmt/tm/util/bash HTTP/1.0" 404 157 "-" "Mozilla/5.0 (Windows NT 10.0; Win64; x64) AppleWebKit/537.36 (KHTML, like Gecko) Chrome/63.0.3239.84 Safari/537.36"
::1 - - [04/Jul/2022:09:17:22 +0000] "GET / HTTP/1.0" 404 139 "-" "curl/7.58.0"
::ffff:127.0.0.1 - - [04/Jul/2022:09:24:45 +0000] "GET / HTTP/1.0" 404 139 "-" "-"
::1 - - [04/Jul/2022:09:25:14 +0000] "GET /favicon.ico HTTP/1.0" 404 150 "-" "Go-http-client/1.1"
::ffff:127.0.0.1 - - [04/Jul/2022:09:25:16 +0000] "GET /robots.txt HTTP/1.0" 404 149 "-" "Go-http-client/1.1"
::1 - - [04/Jul/2022:09:25:17 +0000] "GET /sitemap.xml HTTP/1.0" 404 150 "-" "Go-http-client/1.1"
::ffff:127.0.0.1 - - [04/Jul/2022:10:02:09 +0000] "GET / HTTP/1.0" 404 139 "-" "Mozilla/5.0 (Macintosh; Intel Mac OS X 10_15_7) AppleWebKit/537.36 (KHTML, like Gecko) Chrome/102.0.0.0 Safari/537.36"
::1 - - [04/Jul/2022:11:06:09 +0000] "GET /.env HTTP/1.0" 404 143 "-" "Mozilla/5.0 (X11; Linux x86_64) AppleWebKit/537.36 (KHTML, like Gecko) Chrome/81.0.4044.129 Safari/537.36"
::ffff:127.0.0.1 - - [04/Jul/2022:11:06:11 +0000] "POST / HTTP/1.0" 404 140 "-" "Mozilla/5.0 (X11; Linux x86_64) AppleWebKit/537.36 (KHTML, like Gecko) Chrome/81.0.4044.129 Safari/537.36"
::1 - - [04/Jul/2022:11:08:31 +0000] "GET /.env HTTP/1.0" 404 143 "-" "Mozilla/5.0 (Linux; U; Android 4.4.2; en-US; HM NOTE 1W Build/KOT49H) AppleWebKit/534.30 (KHTML, like Gecko) Version/4.0 UCBrowser/11.0.5.850 U3/0.8.0 Mobile Safari/534.30"
::ffff:127.0.0.1 - - [04/Jul/2022:11:08:32 +0000] "POST / HTTP/1.0" 404 140 "-" "Mozilla/5.0 (Linux; U; Android 4.4.2; en-US; HM NOTE 1W Build/KOT49H) AppleWebKit/534.30 (KHTML, like Gecko) Version/4.0 UCBrowser/11.0.5.850 U3/0.8.0 Mobile Safari/534.30"
::1 - - [04/Jul/2022:13:25:47 +0000] "GET /.env HTTP/1.0" 404 143 "-" "Mozilla/5.0 (X11; Linux x86_64) AppleWebKit/537.36 (KHTML, like Gecko) Chrome/81.0.4044.129 Safari/537.36"
::ffff:127.0.0.1 - - [04/Jul/2022:13:25:49 +0000] "POST / HTTP/1.0" 404 140 "-" "Mozilla/5.0 (X11; Linux x86_64) AppleWebKit/537.36 (KHTML, like Gecko) Chrome/81.0.4044.129 Safari/537.36"
::1 - - [04/Jul/2022:13:49:02 +0000] "GET /.git/config HTTP/1.0" 404 150 "-" "python-requests/2.22.0"
::ffff:127.0.0.1 - - [04/Jul/2022:14:07:06 +0000] "GET /.env HTTP/1.0" 404 143 "-" "Mozilla/5.0 (X11; Linux x86_64) AppleWebKit/537.36 (KHTML, like Gecko) Chrome/81.0.4044.129 Safari/537.36"
::1 - - [04/Jul/2022:14:07:06 +0000] "POST / HTTP/1.0" 404 140 "-" "Mozilla/5.0 (X11; Linux x86_64) AppleWebKit/537.36 (KHTML, like Gecko) Chrome/81.0.4044.129 Safari/537.36"
::ffff:127.0.0.1 - - [04/Jul/2022:14:24:41 +0000] "GET / HTTP/1.0" 404 139 "-" "Mozilla/5.0 (Windows NT 6.1; Win64; x64) AppleWebKit/537.36 (KHTML, like Gecko) Chrome/76.0.3809.132 Safari/537.36"
::1 - - [04/Jul/2022:15:01:50 +0000] "HEAD / HTTP/1.0" 404 140 "-" "Mozilla/5.0 (Linux; U; Android 4.4.2; en-US; HM NOTE 1W Build/KOT49H) AppleWebKit/534.30 (KHTML, like Gecko) Version/4.0 UCBrowser/11.0.5.850 U3/0.8.0 Mobile Safari/534.30"
::ffff:127.0.0.1 - - [04/Jul/2022:15:01:51 +0000] "GET /.env HTTP/1.0" 404 143 "-" "Mozilla/5.0 (Linux; U; Android 4.4.2; en-US; HM NOTE 1W Build/KOT49H) AppleWebKit/534.30 (KHTML, like Gecko) Version/4.0 UCBrowser/11.0.5.850 U3/0.8.0 Mobile Safari/534.30"
::1 - - [04/Jul/2022:15:01:51 +0000] "POST / HTTP/1.0" 404 140 "-" "Mozilla/5.0 (Linux; U; Android 4.4.2; en-US; HM NOTE 1W Build/KOT49H) AppleWebKit/534.30 (KHTML, like Gecko) Version/4.0 UCBrowser/11.0.5.850 U3/0.8.0 Mobile Safari/534.30"
::ffff:127.0.0.1 - - [04/Jul/2022:15:26:23 +0000] "GET / HTTP/1.0" 404 139 "-" "Mozilla/5.0 (Windows NT 6.1; WOW64) AppleWebKit/537.36 (KHTML, like Gecko) Chrome/51.0.2704.103 Safari/537.36"
::1 - - [04/Jul/2022:16:47:52 +0000] "GET / HTTP/1.0" 404 139 "-" "Linux Gnu (cow)"
::ffff:127.0.0.1 - - [04/Jul/2022:16:49:17 +0000] "GET / HTTP/1.0" 404 139 "-" "Mozilla/5.0 zgrab/0.x"
::1 - - [04/Jul/2022:16:58:24 +0000] "GET / HTTP/1.0" 404 139 "-" "Mozilla/5.0 (Macintosh; Intel Mac OS X 10_15_7) AppleWebKit/537.36 (KHTML, like Gecko) Chrome/102.0.0.0 Safari/537.36"
::ffff:127.0.0.1 - - [04/Jul/2022:17:06:15 +0000] "GET /test6956.php HTTP/1.0" 404 151 "-" "Mozilla/5.0 (Windows NT 10.0; Win64; x64) AppleWebKit/537.36 (KHTML, like Gecko) Chrome/87.0.4280.88 Safari/537.36"
::1 - - [04/Jul/2022:17:06:18 +0000] "GET /.env HTTP/1.0" 404 143 "-" "Mozilla/5.0 (X11; Linux x86_64) AppleWebKit/537.36 (KHTML, like Gecko) Chrome/81.0.4044.129 Safari/537.36"
::ffff:127.0.0.1 - - [04/Jul/2022:17:06:18 +0000] "POST / HTTP/1.0" 404 140 "-" "Mozilla/5.0 (X11; Linux x86_64) AppleWebKit/537.36 (KHTML, like Gecko) Chrome/81.0.4044.129 Safari/537.36"
::1 - - [04/Jul/2022:17:57:11 +0000] "POST /vendor/phpunit/phpunit/src/Util/PHP/eval-stdin.php HTTP/1.0" 404 190 "-" "Mozilla/5.0 (Windows NT 10.0; Win64; x64) AppleWebKit/537.36 (KHTML, like Gecko) Chrome/78.0.3904.108 Safari/537.36"
::ffff:127.0.0.1 - - [04/Jul/2022:18:18:41 +0000] "GET / HTTP/1.0" 404 139 "-" "Mozilla/5.0 (Windows NT 10.0; Win64; x64) AppleWebKit/537.36 (KHTML, like Gecko) Chrome/88.0.4324.190 Safari/537.36"
::ffff:127.0.0.1 - - [04/Jul/2022:19:03:01 +0000] "GET /vendor/phpunit/phpunit/src/Util/PHP/eval-stdin.php HTTP/1.0" 404 189 "-" "Mozilla/5.0 (Windows NT 10.0; Win64; x64) AppleWebKit/537.36 (KHTML, like Gecko) Chrome/78.0.3904.108 Safari/537.36"
::1 - - [04/Jul/2022:19:28:53 +0000] "GET /solr/admin/info/system?wt=json HTTP/1.0" 404 161 "-" "Mozilla/5.0 (Windows NT 10.0; Win64; x64) AppleWebKit/537.36 (KHTML, like Gecko) Chrome/78.0.3904.108 Safari/537.36"
::ffff:127.0.0.1 - - [04/Jul/2022:19:51:52 +0000] "GET / HTTP/1.0" 404 139 "-" "Mozilla/5.0 (compatible; MSIE 9.0; Windows NT 6.1; WOW64; Trident/5.0)"
::1 - - [04/Jul/2022:19:57:23 +0000] "GET / HTTP/1.0" 404 139 "-" "Mozilla/5.0 (Windows NT 10.0; Win64; x64) AppleWebKit/537.36 (KHTML, like Gecko) Chrome/95.0.4638.69 Safari/537.36"
::ffff:127.0.0.1 - - [04/Jul/2022:20:05:48 +0000] "GET /.env HTTP/1.0" 404 143 "-" "Mozilla/5.0 (X11; Linux x86_64) AppleWebKit/537.36 (KHTML, like Gecko) Chrome/81.0.4044.129 Safari/537.36"
::1 - - [04/Jul/2022:20:05:49 +0000] "POST / HTTP/1.0" 404 140 "-" "Mozilla/5.0 (X11; Linux x86_64) AppleWebKit/537.36 (KHTML, like Gecko) Chrome/81.0.4044.129 Safari/537.36"
::ffff:127.0.0.1 - - [04/Jul/2022:20:14:54 +0000] "GET / HTTP/1.0" 404 139 "-" "Mozilla/4.0 (compatible; MSIE 6.0; Windows CE; IEMobile 7.11) Sprint:PPC6800"
::1 - - [04/Jul/2022:20:30:09 +0000] "GET /index.php?s=/Index/\think\app/invokefunction&function=call_user_func_array&vars[0]=md5&vars[1][]=HelloThinkPHP21 HTTP/1.0" 404 148 "-" "Mozilla/5.0 (Windows NT 10.0; Win64; x64) AppleWebKit/537.36 (KHTML, like Gecko) Chrome/78.0.3904.108 Safari/537.36"
::ffff:127.0.0.1 - - [04/Jul/2022:20:32:12 +0000] "GET / HTTP/1.0" 404 139 "-" "Mozilla/5.0 zgrab/0.x"
::1 - - [04/Jul/2022:21:09:04 +0000] "GET /?a=fetch&content=<php>die(@md5(HelloThinkCMF))</php> HTTP/1.0" 404 139 "-" "Mozilla/5.0 (Windows NT 10.0; Win64; x64) AppleWebKit/537.36 (KHTML, like Gecko) Chrome/78.0.3904.108 Safari/537.36"
::ffff:127.0.0.1 - - [04/Jul/2022:21:12:48 +0000] "GET /boaform/admin/formLogin?username=admin&psd=admin HTTP/1.0" 404 162 "-" "-"
::1 - - [04/Jul/2022:21:15:53 +0000] "GET / HTTP/1.0" 404 139 "-" "-"
::ffff:127.0.0.1 - - [04/Jul/2022:21:39:27 +0000] "GET / HTTP/1.0" 404 139 "-" "Mozilla/5.0 (Windows NT 6.1; WOW64) AppleWebKit/537.36 (KHTML, like Gecko) Chrome/52.0.2743.116 Safari/537.36"
::1 - - [04/Jul/2022:21:47:20 +0000] "GET / HTTP/1.0" 404 139 "-" "Linux Gnu (cow)"
::ffff:127.0.0.1 - - [04/Jul/2022:22:02:46 +0000] "GET /.env HTTP/1.0" 404 143 "-" "Mozilla/5.0 (Linux; U; Android 4.4.2; en-US; HM NOTE 1W Build/KOT49H) AppleWebKit/534.30 (KHTML, like Gecko) Version/4.0 UCBrowser/11.0.5.850 U3/0.8.0 Mobile Safari/534.30"
::1 - - [04/Jul/2022:22:02:47 +0000] "POST / HTTP/1.0" 404 140 "-" "Mozilla/5.0 (Linux; U; Android 4.4.2; en-US; HM NOTE 1W Build/KOT49H) AppleWebKit/534.30 (KHTML, like Gecko) Version/4.0 UCBrowser/11.0.5.850 U3/0.8.0 Mobile Safari/534.30"
::ffff:127.0.0.1 - - [04/Jul/2022:22:03:53 +0000] "GET /?XDEBUG_SESSION_START=phpstorm HTTP/1.0" 404 139 "-" "Mozilla/5.0 (Windows NT 10.0; Win64; x64) AppleWebKit/537.36 (KHTML, like Gecko) Chrome/78.0.3904.108 Safari/537.36"
::1 - - [04/Jul/2022:22:21:24 +0000] "GET /.git/HEAD HTTP/1.0" 404 148 "-" "Mozilla/5.0 (X11; Linux x86_64; rv:98.0) Gecko/20100101 Firefox/98.0"
::ffff:127.0.0.1 - - [04/Jul/2022:22:26:29 +0000] "GET /console/ HTTP/1.0" 404 147 "-" "Mozilla/5.0 (Windows NT 10.0; Win64; x64) AppleWebKit/537.36 (KHTML, like Gecko) Chrome/78.0.3904.108 Safari/537.36"
::1 - - [04/Jul/2022:22:43:29 +0000] "GET / HTTP/1.0" 404 139 "-" "Mozilla/5.0 (Windows NT 6.1; WOW64) AppleWebKit/537.36 (KHTML, like Gecko) Chrome/51.0.2704.103 Safari/537.36"
::ffff:127.0.0.1 - - [04/Jul/2022:23:04:26 +0000] "GET /.env HTTP/1.0" 404 143 "-" "Mozilla/5.0 (X11; Linux x86_64) AppleWebKit/537.36 (KHTML, like Gecko) Chrome/81.0.4044.129 Safari/537.36"
::1 - - [04/Jul/2022:23:06:02 +0000] "GET /.env HTTP/1.0" 404 143 "-" "Mozilla/5.0 (X11; Linux x86_64) AppleWebKit/537.36 (KHTML, like Gecko) Chrome/81.0.4044.129 Safari/537.36"
::ffff:127.0.0.1 - - [04/Jul/2022:23:06:03 +0000] "POST / HTTP/1.0" 404 140 "-" "Mozilla/5.0 (X11; Linux x86_64) AppleWebKit/537.36 (KHTML, like Gecko) Chrome/81.0.4044.129 Safari/537.36"
::1 - - [04/Jul/2022:23:17:00 +0000] "POST /Autodiscover/Autodiscover.xml HTTP/1.0" 404 169 "-" "Mozilla/5.0 (Windows NT 10.0; Win64; x64) AppleWebKit/537.36 (KHTML, like Gecko) Chrome/78.0.3904.108 Safari/537.36"
::ffff:127.0.0.1 - - [04/Jul/2022:23:45:37 +0000] "GET /.env HTTP/1.0" 404 143 "-" "Mozilla/5.0 (X11; Linux x86_64) AppleWebKit/537.36 (KHTML, like Gecko) Chrome/81.0.4044.129 Safari/537.36"
::1 - - [04/Jul/2022:23:45:48 +0000] "GET / HTTP/1.0" 404 139 "-" "python-requests/2.28.0"
