::ffff:127.0.0.1 - - [24/Aug/2022:07:00:38 +0000] "GET /api/v1/goods/user?limit=100 HTTP/1.0" 304 - "-" "Expo/2.25.1.1015582 CFNetwork/1331.0.7 Darwin/21.4.0"
::1 - - [24/Aug/2022:07:01:14 +0000] "GET / HTTP/1.0" 404 139 "-" "Mozilla/5.0 (Windows NT 10.0; Win64; x64) AppleWebKit/537.36 (KHTML, like Gecko) Chrome/60.0.3112.113 Safari/537.36"
::ffff:127.0.0.1 - - [24/Aug/2022:07:02:27 +0000] "GET /api/v1/transactions/profit?limit=100 HTTP/1.0" 200 767 "-" "Expo/2.25.1.1015582 CFNetwork/1331.0.7 Darwin/21.4.0"
::1 - - [24/Aug/2022:07:02:46 +0000] "GET /api/v1/transactions/profit HTTP/1.0" 200 767 "-" "Expo/2.25.1.1015582 CFNetwork/1331.0.7 Darwin/21.4.0"
::ffff:127.0.0.1 - - [24/Aug/2022:07:03:10 +0000] "GET /api/v1/transactions/profit HTTP/1.0" 304 - "-" "Expo/2.25.1.1015582 CFNetwork/1331.0.7 Darwin/21.4.0"
::1 - - [24/Aug/2022:07:03:22 +0000] "GET /api/v1/transactions/profit HTTP/1.0" 304 - "-" "Expo/2.25.1.1015582 CFNetwork/1331.0.7 Darwin/21.4.0"
::ffff:127.0.0.1 - - [24/Aug/2022:07:03:40 +0000] "GET /api/v1/transactions/profit HTTP/1.0" 304 - "-" "Expo/2.25.1.1015582 CFNetwork/1331.0.7 Darwin/21.4.0"
::1 - - [24/Aug/2022:07:03:48 +0000] "GET /api/v1/transactions/profit HTTP/1.0" 304 - "-" "Expo/2.25.1.1015582 CFNetwork/1331.0.7 Darwin/21.4.0"
::ffff:127.0.0.1 - - [24/Aug/2022:07:03:56 +0000] "GET /api/v1/transactions/profit HTTP/1.0" 304 - "-" "Expo/2.25.1.1015582 CFNetwork/1331.0.7 Darwin/21.4.0"
::1 - - [24/Aug/2022:07:30:30 +0000] "GET /api/v1/transactions/basket?limit=100&sort=-createdAt HTTP/1.0" 304 - "-" "Expo/2.25.1.1015582 CFNetwork/1331.0.7 Darwin/21.4.0"
::ffff:127.0.0.1 - - [24/Aug/2022:07:30:30 +0000] "GET /api/v1/categories HTTP/1.0" 304 - "-" "Expo/2.25.1.1015582 CFNetwork/1331.0.7 Darwin/21.4.0"
::1 - - [24/Aug/2022:07:30:30 +0000] "GET /api/v1/goods/user?limit=100 HTTP/1.0" 304 - "-" "Expo/2.25.1.1015582 CFNetwork/1331.0.7 Darwin/21.4.0"
::1 - - [24/Aug/2022:07:30:33 +0000] "GET /api/v1/transactions/basket?limit=100&sort=-createdAt HTTP/1.0" 304 - "-" "Expo/2.25.1.1015582 CFNetwork/1331.0.7 Darwin/21.4.0"
::ffff:127.0.0.1 - - [24/Aug/2022:07:30:33 +0000] "GET /api/v1/goods/user?limit=100 HTTP/1.0" 304 - "-" "Expo/2.25.1.1015582 CFNetwork/1331.0.7 Darwin/21.4.0"
::ffff:127.0.0.1 - - [24/Aug/2022:07:30:34 +0000] "GET /api/v1/transactions/profit HTTP/1.0" 200 1003 "-" "Expo/2.25.1.1015582 CFNetwork/1331.0.7 Darwin/21.4.0"
::1 - - [24/Aug/2022:07:30:42 +0000] "GET /api/v1/transactions/profit HTTP/1.0" 304 - "-" "Expo/2.25.1.1015582 CFNetwork/1331.0.7 Darwin/21.4.0"
::ffff:127.0.0.1 - - [24/Aug/2022:07:30:47 +0000] "GET /api/v1/transactions/profit HTTP/1.0" 304 - "-" "Expo/2.25.1.1015582 CFNetwork/1331.0.7 Darwin/21.4.0"
::1 - - [24/Aug/2022:07:30:53 +0000] "GET / HTTP/1.0" 404 139 "-" "'Mozilla/5.0"
::ffff:127.0.0.1 - - [24/Aug/2022:07:31:33 +0000] "GET /api/v1/transactions/profit HTTP/1.0" 304 - "-" "Expo/2.25.1.1015582 CFNetwork/1331.0.7 Darwin/21.4.0"
::1 - - [24/Aug/2022:07:35:30 +0000] "GET /api/v1/transactions/profit HTTP/1.0" 304 - "-" "Expo/2.25.1.1015582 CFNetwork/1331.0.7 Darwin/21.4.0"
::ffff:127.0.0.1 - - [24/Aug/2022:07:37:48 +0000] "GET /api/v1/transactions/profit HTTP/1.0" 304 - "-" "Expo/2.25.1.1015582 CFNetwork/1331.0.7 Darwin/21.4.0"
::1 - - [24/Aug/2022:07:37:52 +0000] "GET /api/v1/transactions/profit HTTP/1.0" 304 - "-" "Expo/2.25.1.1015582 CFNetwork/1331.0.7 Darwin/21.4.0"
::ffff:127.0.0.1 - - [24/Aug/2022:07:38:04 +0000] "GET /api/v1/transactions/profit HTTP/1.0" 304 - "-" "Expo/2.25.1.1015582 CFNetwork/1331.0.7 Darwin/21.4.0"
::1 - - [24/Aug/2022:07:38:44 +0000] "GET /api/v1/transactions/profit HTTP/1.0" 304 - "-" "Expo/2.25.1.1015582 CFNetwork/1331.0.7 Darwin/21.4.0"
::ffff:127.0.0.1 - - [24/Aug/2022:07:39:09 +0000] "GET /api/v1/transactions/profit HTTP/1.0" 304 - "-" "Expo/2.25.1.1015582 CFNetwork/1331.0.7 Darwin/21.4.0"
::1 - - [24/Aug/2022:07:39:13 +0000] "GET /api/v1/transactions/profit HTTP/1.0" 304 - "-" "Expo/2.25.1.1015582 CFNetwork/1331.0.7 Darwin/21.4.0"
::ffff:127.0.0.1 - - [24/Aug/2022:07:39:25 +0000] "GET /api/v1/transactions/profit HTTP/1.0" 304 - "-" "Expo/2.25.1.1015582 CFNetwork/1331.0.7 Darwin/21.4.0"
::1 - - [24/Aug/2022:07:39:27 +0000] "GET /api/v1/transactions/profit HTTP/1.0" 304 - "-" "Expo/2.25.1.1015582 CFNetwork/1331.0.7 Darwin/21.4.0"
::ffff:127.0.0.1 - - [24/Aug/2022:07:39:40 +0000] "GET /api/v1/transactions/profit HTTP/1.0" 304 - "-" "Expo/2.25.1.1015582 CFNetwork/1331.0.7 Darwin/21.4.0"
::1 - - [24/Aug/2022:07:39:50 +0000] "GET /api/v1/transactions/profit HTTP/1.0" 304 - "-" "Expo/2.25.1.1015582 CFNetwork/1331.0.7 Darwin/21.4.0"
::ffff:127.0.0.1 - - [24/Aug/2022:07:40:11 +0000] "GET /api/v1/transactions/profit HTTP/1.0" 304 - "-" "Expo/2.25.1.1015582 CFNetwork/1331.0.7 Darwin/21.4.0"
::1 - - [24/Aug/2022:07:40:17 +0000] "GET /api/v1/transactions/profit HTTP/1.0" 304 - "-" "Expo/2.25.1.1015582 CFNetwork/1331.0.7 Darwin/21.4.0"
::ffff:127.0.0.1 - - [24/Aug/2022:07:40:21 +0000] "GET /api/v1/transactions/profit HTTP/1.0" 304 - "-" "Expo/2.25.1.1015582 CFNetwork/1331.0.7 Darwin/21.4.0"
::1 - - [24/Aug/2022:07:40:26 +0000] "GET /api/v1/transactions/profit HTTP/1.0" 304 - "-" "Expo/2.25.1.1015582 CFNetwork/1331.0.7 Darwin/21.4.0"
::ffff:127.0.0.1 - - [24/Aug/2022:07:40:35 +0000] "GET /api/v1/transactions/profit HTTP/1.0" 304 - "-" "Expo/2.25.1.1015582 CFNetwork/1331.0.7 Darwin/21.4.0"
::1 - - [24/Aug/2022:07:41:30 +0000] "GET /api/v1/transactions/profit HTTP/1.0" 304 - "-" "Expo/2.25.1.1015582 CFNetwork/1331.0.7 Darwin/21.4.0"
::ffff:127.0.0.1 - - [24/Aug/2022:07:42:14 +0000] "GET /api/v1/transactions/profit HTTP/1.0" 304 - "-" "Expo/2.25.1.1015582 CFNetwork/1331.0.7 Darwin/21.4.0"
::1 - - [24/Aug/2022:07:42:19 +0000] "GET /api/v1/transactions/profit HTTP/1.0" 304 - "-" "Expo/2.25.1.1015582 CFNetwork/1331.0.7 Darwin/21.4.0"
::ffff:127.0.0.1 - - [24/Aug/2022:07:42:23 +0000] "GET /api/v1/transactions/profit HTTP/1.0" 304 - "-" "Expo/2.25.1.1015582 CFNetwork/1331.0.7 Darwin/21.4.0"
::1 - - [24/Aug/2022:07:42:41 +0000] "GET /api/v1/transactions/profit HTTP/1.0" 304 - "-" "Expo/2.25.1.1015582 CFNetwork/1331.0.7 Darwin/21.4.0"
::ffff:127.0.0.1 - - [24/Aug/2022:07:42:49 +0000] "GET /api/v1/transactions/profit HTTP/1.0" 304 - "-" "Expo/2.25.1.1015582 CFNetwork/1331.0.7 Darwin/21.4.0"
::1 - - [24/Aug/2022:07:43:28 +0000] "GET /api/v1/transactions/profit HTTP/1.0" 304 - "-" "Expo/2.25.1.1015582 CFNetwork/1331.0.7 Darwin/21.4.0"
::ffff:127.0.0.1 - - [24/Aug/2022:07:43:31 +0000] "GET /api/v1/transactions/profit HTTP/1.0" 304 - "-" "Expo/2.25.1.1015582 CFNetwork/1331.0.7 Darwin/21.4.0"
::1 - - [24/Aug/2022:07:43:34 +0000] "GET /api/v1/transactions/profit HTTP/1.0" 304 - "-" "Expo/2.25.1.1015582 CFNetwork/1331.0.7 Darwin/21.4.0"
::ffff:127.0.0.1 - - [24/Aug/2022:07:43:39 +0000] "GET /api/v1/transactions/profit HTTP/1.0" 304 - "-" "Expo/2.25.1.1015582 CFNetwork/1331.0.7 Darwin/21.4.0"
::1 - - [24/Aug/2022:07:43:45 +0000] "GET /api/v1/transactions/profit HTTP/1.0" 304 - "-" "Expo/2.25.1.1015582 CFNetwork/1331.0.7 Darwin/21.4.0"
::ffff:127.0.0.1 - - [24/Aug/2022:07:45:57 +0000] "GET /api/v1/transactions/profit HTTP/1.0" 200 1198 "-" "Expo/2.25.1.1015582 CFNetwork/1331.0.7 Darwin/21.4.0"
::1 - - [24/Aug/2022:07:46:06 +0000] "GET /api/v1/categories HTTP/1.0" 304 - "-" "Expo/2.25.1.1015582 CFNetwork/1331.0.7 Darwin/21.4.0"
::1 - - [24/Aug/2022:07:46:07 +0000] "GET /api/v1/transactions/basket?limit=100&sort=-createdAt HTTP/1.0" 304 - "-" "Expo/2.25.1.1015582 CFNetwork/1331.0.7 Darwin/21.4.0"
::ffff:127.0.0.1 - - [24/Aug/2022:07:46:07 +0000] "GET /api/v1/goods/user?limit=100 HTTP/1.0" 304 - "-" "Expo/2.25.1.1015582 CFNetwork/1331.0.7 Darwin/21.4.0"
::ffff:127.0.0.1 - - [24/Aug/2022:07:46:08 +0000] "GET /api/v1/transactions/basket?limit=100&sort=-createdAt HTTP/1.0" 304 - "-" "Expo/2.25.1.1015582 CFNetwork/1331.0.7 Darwin/21.4.0"
::1 - - [24/Aug/2022:07:46:08 +0000] "GET /api/v1/goods/user?limit=100 HTTP/1.0" 304 - "-" "Expo/2.25.1.1015582 CFNetwork/1331.0.7 Darwin/21.4.0"
::ffff:127.0.0.1 - - [24/Aug/2022:07:46:09 +0000] "GET /api/v1/transactions/profit HTTP/1.0" 304 - "-" "Expo/2.25.1.1015582 CFNetwork/1331.0.7 Darwin/21.4.0"
::1 - - [24/Aug/2022:07:46:17 +0000] "GET /api/v1/transactions/profit HTTP/1.0" 304 - "-" "Expo/2.25.1.1015582 CFNetwork/1331.0.7 Darwin/21.4.0"
::ffff:127.0.0.1 - - [24/Aug/2022:07:46:42 +0000] "GET /api/v1/categories HTTP/1.0" 304 - "-" "Expo/2.25.1.1015582 CFNetwork/1331.0.7 Darwin/21.4.0"
::1 - - [24/Aug/2022:07:46:42 +0000] "GET /api/v1/transactions/basket?limit=100&sort=-createdAt HTTP/1.0" 304 - "-" "Expo/2.25.1.1015582 CFNetwork/1331.0.7 Darwin/21.4.0"
::ffff:127.0.0.1 - - [24/Aug/2022:07:46:43 +0000] "GET /api/v1/goods/user?limit=100 HTTP/1.0" 304 - "-" "Expo/2.25.1.1015582 CFNetwork/1331.0.7 Darwin/21.4.0"
::1 - - [24/Aug/2022:07:46:43 +0000] "GET /api/v1/transactions/basket?limit=100&sort=-createdAt HTTP/1.0" 304 - "-" "Expo/2.25.1.1015582 CFNetwork/1331.0.7 Darwin/21.4.0"
::ffff:127.0.0.1 - - [24/Aug/2022:07:46:44 +0000] "GET /api/v1/goods/user?limit=100 HTTP/1.0" 304 - "-" "Expo/2.25.1.1015582 CFNetwork/1331.0.7 Darwin/21.4.0"
::1 - - [24/Aug/2022:07:46:44 +0000] "GET /api/v1/transactions/profit HTTP/1.0" 304 - "-" "Expo/2.25.1.1015582 CFNetwork/1331.0.7 Darwin/21.4.0"
::ffff:127.0.0.1 - - [24/Aug/2022:07:46:47 +0000] "GET /api/v1/transactions/profit HTTP/1.0" 304 - "-" "Expo/2.25.1.1015582 CFNetwork/1331.0.7 Darwin/21.4.0"
::1 - - [24/Aug/2022:07:47:10 +0000] "GET /api/v1/transactions/profit HTTP/1.0" 304 - "-" "Expo/2.25.1.1015582 CFNetwork/1331.0.7 Darwin/21.4.0"
::ffff:127.0.0.1 - - [24/Aug/2022:07:47:27 +0000] "GET /api/v1/transactions/profit HTTP/1.0" 304 - "-" "Expo/2.25.1.1015582 CFNetwork/1331.0.7 Darwin/21.4.0"
::1 - - [24/Aug/2022:07:48:45 +0000] "GET /api/v1/transactions/basket?limit=100&sort=-createdAt HTTP/1.0" 304 - "-" "Expo/2.25.1.1015582 CFNetwork/1331.0.7 Darwin/21.4.0"
::ffff:127.0.0.1 - - [24/Aug/2022:07:48:45 +0000] "GET /api/v1/goods/user?limit=100 HTTP/1.0" 304 - "-" "Expo/2.25.1.1015582 CFNetwork/1331.0.7 Darwin/21.4.0"
::1 - - [24/Aug/2022:07:48:55 +0000] "POST /api/v1/transactions HTTP/1.0" 200 254 "-" "Expo/2.25.1.1015582 CFNetwork/1331.0.7 Darwin/21.4.0"
::ffff:127.0.0.1 - - [24/Aug/2022:07:48:56 +0000] "GET /api/v1/transactions/basket?limit=100&sort=-createdAt HTTP/1.0" 200 452 "-" "Expo/2.25.1.1015582 CFNetwork/1331.0.7 Darwin/21.4.0"
::1 - - [24/Aug/2022:07:48:56 +0000] "GET /api/v1/transactions/basket?limit=100&sort=-createdAt HTTP/1.0" 200 452 "-" "Expo/2.25.1.1015582 CFNetwork/1331.0.7 Darwin/21.4.0"
::ffff:127.0.0.1 - - [24/Aug/2022:07:50:12 +0000] "GET /api/v1/transactions/basket?limit=100&sort=-createdAt HTTP/1.0" 304 - "-" "Expo/2.25.1.1015582 CFNetwork/1331.0.7 Darwin/21.4.0"
::1 - - [24/Aug/2022:07:50:12 +0000] "GET /api/v1/goods/user?limit=100 HTTP/1.0" 304 - "-" "Expo/2.25.1.1015582 CFNetwork/1331.0.7 Darwin/21.4.0"
::ffff:127.0.0.1 - - [24/Aug/2022:07:50:12 +0000] "GET /api/v1/bills/user?limit=1000&sort=-createdAt&type=%D0%9E%D1%80%D0%BB%D0%BE%D0%B3%D0%BE HTTP/1.0" 304 - "-" "Expo/2.25.1.1015582 CFNetwork/1331.0.7 Darwin/21.4.0"
::1 - - [24/Aug/2022:07:50:15 +0000] "GET /api/v1/transactions/profit HTTP/1.0" 304 - "-" "Expo/2.25.1.1015582 CFNetwork/1331.0.7 Darwin/21.4.0"
::ffff:127.0.0.1 - - [24/Aug/2022:07:50:17 +0000] "GET /api/v1/goods/user?limit=100 HTTP/1.0" 304 - "-" "Expo/2.25.1.1015582 CFNetwork/1331.0.7 Darwin/21.4.0"
::1 - - [24/Aug/2022:07:50:20 +0000] "GET /.env HTTP/1.0" 404 143 "-" "Mozilla/5.0 (X11; Linux x86_64) AppleWebKit/537.36 (KHTML, like Gecko) Chrome/81.0.4044.129 Safari/537.36"
::ffff:127.0.0.1 - - [24/Aug/2022:07:50:50 +0000] "GET /api/v1/transactions/profit HTTP/1.0" 304 - "-" "Expo/2.25.1.1015582 CFNetwork/1331.0.7 Darwin/21.4.0"
::1 - - [24/Aug/2022:07:51:00 +0000] "GET /api/v1/transactions/profit HTTP/1.0" 304 - "-" "Expo/2.25.1.1015582 CFNetwork/1331.0.7 Darwin/21.4.0"
::ffff:127.0.0.1 - - [24/Aug/2022:07:51:05 +0000] "GET /api/v1/transactions/profit HTTP/1.0" 304 - "-" "Expo/2.25.1.1015582 CFNetwork/1331.0.7 Darwin/21.4.0"
::1 - - [24/Aug/2022:07:51:07 +0000] "GET /api/v1/goods/user?limit=100 HTTP/1.0" 304 - "-" "Expo/2.25.1.1015582 CFNetwork/1331.0.7 Darwin/21.4.0"
::ffff:127.0.0.1 - - [24/Aug/2022:07:51:11 +0000] "GET /api/v1/bills/user?limit=1000&sort=-createdAt&type=%D0%97%D0%B0%D1%80%D0%BB%D0%B0%D0%B3%D0%B0 HTTP/1.0" 200 388 "-" "Expo/2.25.1.1015582 CFNetwork/1331.0.7 Darwin/21.4.0"
::1 - - [24/Aug/2022:07:51:13 +0000] "GET /api/v1/goods/user?limit=100 HTTP/1.0" 304 - "-" "Expo/2.25.1.1015582 CFNetwork/1331.0.7 Darwin/21.4.0"
::ffff:127.0.0.1 - - [24/Aug/2022:07:51:15 +0000] "GET /api/v1/transactions/profit HTTP/1.0" 304 - "-" "Expo/2.25.1.1015582 CFNetwork/1331.0.7 Darwin/21.4.0"
::1 - - [24/Aug/2022:07:51:18 +0000] "GET /api/v1/transactions/profit HTTP/1.0" 304 - "-" "Expo/2.25.1.1015582 CFNetwork/1331.0.7 Darwin/21.4.0"
::ffff:127.0.0.1 - - [24/Aug/2022:07:51:21 +0000] "GET /api/v1/goods/user?limit=100 HTTP/1.0" 304 - "-" "Expo/2.25.1.1015582 CFNetwork/1331.0.7 Darwin/21.4.0"
::1 - - [24/Aug/2022:07:55:43 +0000] "GET /upload/undefined HTTP/1.0" 404 155 "-" "Expo/2.25.1.1015582 CFNetwork/1331.0.7 Darwin/21.4.0"
::ffff:127.0.0.1 - - [24/Aug/2022:07:55:43 +0000] "GET /api/v1/goods/62fbbc48fd2881af5a4e55aa HTTP/1.0" 200 475 "-" "Expo/2.25.1.1015582 CFNetwork/1331.0.7 Darwin/21.4.0"
::1 - - [24/Aug/2022:07:55:43 +0000] "GET /api/v1/transactions/user?good=62fbbc48fd2881af5a4e55aa&sort=-createdAt HTTP/1.0" 200 1427 "-" "Expo/2.25.1.1015582 CFNetwork/1331.0.7 Darwin/21.4.0"
::1 - - [24/Aug/2022:07:55:53 +0000] "GET /api/v1/transactions/profit HTTP/1.0" 304 - "-" "Expo/2.25.1.1015582 CFNetwork/1331.0.7 Darwin/21.4.0"
::ffff:127.0.0.1 - - [24/Aug/2022:07:56:14 +0000] "GET / HTTP/1.0" 404 139 "-" "Mozilla/5.0 (Windows NT 10.0; Win64; x64) AppleWebKit/537.36 (KHTML, like Gecko) Chrome/88.0.4324.190 Safari/537.36"
::1 - - [24/Aug/2022:07:56:47 +0000] "GET /api/v1/categories HTTP/1.0" 304 - "-" "Expo/2.25.1.1015582 CFNetwork/1331.0.7 Darwin/21.4.0"
::1 - - [24/Aug/2022:07:56:47 +0000] "GET /api/v1/goods/user?limit=100 HTTP/1.0" 304 - "-" "Expo/2.25.1.1015582 CFNetwork/1331.0.7 Darwin/21.4.0"
::ffff:127.0.0.1 - - [24/Aug/2022:07:56:47 +0000] "GET /api/v1/transactions/basket?limit=100&sort=-createdAt HTTP/1.0" 304 - "-" "Expo/2.25.1.1015582 CFNetwork/1331.0.7 Darwin/21.4.0"
::ffff:127.0.0.1 - - [24/Aug/2022:07:56:49 +0000] "GET /api/v1/goods/user?limit=100 HTTP/1.0" 304 - "-" "Expo/2.25.1.1015582 CFNetwork/1331.0.7 Darwin/21.4.0"
::1 - - [24/Aug/2022:07:56:49 +0000] "GET /api/v1/transactions/basket?limit=100&sort=-createdAt HTTP/1.0" 304 - "-" "Expo/2.25.1.1015582 CFNetwork/1331.0.7 Darwin/21.4.0"
::ffff:127.0.0.1 - - [24/Aug/2022:07:56:51 +0000] "GET /api/v1/transactions/profit HTTP/1.0" 304 - "-" "Expo/2.25.1.1015582 CFNetwork/1331.0.7 Darwin/21.4.0"
::1 - - [24/Aug/2022:07:57:03 +0000] "GET /api/v1/transactions/profit HTTP/1.0" 304 - "-" "Expo/2.25.1.1015582 CFNetwork/1331.0.7 Darwin/21.4.0"
::ffff:127.0.0.1 - - [24/Aug/2022:07:57:38 +0000] "GET /api/v1/categories HTTP/1.0" 304 - "-" "Expo/2.25.1.1015582 CFNetwork/1331.0.7 Darwin/21.4.0"
::ffff:127.0.0.1 - - [24/Aug/2022:07:57:38 +0000] "GET /api/v1/goods/user?limit=100 HTTP/1.0" 304 - "-" "Expo/2.25.1.1015582 CFNetwork/1331.0.7 Darwin/21.4.0"
::1 - - [24/Aug/2022:07:57:38 +0000] "GET /api/v1/transactions/basket?limit=100&sort=-createdAt HTTP/1.0" 304 - "-" "Expo/2.25.1.1015582 CFNetwork/1331.0.7 Darwin/21.4.0"
::1 - - [24/Aug/2022:07:57:43 +0000] "GET /api/v1/transactions/basket?limit=100&sort=-createdAt HTTP/1.0" 304 - "-" "Expo/2.25.1.1015582 CFNetwork/1331.0.7 Darwin/21.4.0"
::ffff:127.0.0.1 - - [24/Aug/2022:07:57:43 +0000] "GET /api/v1/goods/user?limit=100 HTTP/1.0" 304 - "-" "Expo/2.25.1.1015582 CFNetwork/1331.0.7 Darwin/21.4.0"
::1 - - [24/Aug/2022:07:57:45 +0000] "GET /api/v1/transactions/profit HTTP/1.0" 304 - "-" "Expo/2.25.1.1015582 CFNetwork/1331.0.7 Darwin/21.4.0"
::ffff:127.0.0.1 - - [24/Aug/2022:07:57:52 +0000] "GET /api/v1/transactions/profit HTTP/1.0" 304 - "-" "Expo/2.25.1.1015582 CFNetwork/1331.0.7 Darwin/21.4.0"
::1 - - [24/Aug/2022:07:57:58 +0000] "GET /api/v1/transactions/profit HTTP/1.0" 304 - "-" "Expo/2.25.1.1015582 CFNetwork/1331.0.7 Darwin/21.4.0"
::ffff:127.0.0.1 - - [24/Aug/2022:07:58:04 +0000] "GET /api/v1/transactions/profit HTTP/1.0" 304 - "-" "Expo/2.25.1.1015582 CFNetwork/1331.0.7 Darwin/21.4.0"
::1 - - [24/Aug/2022:07:58:06 +0000] "GET /api/v1/transactions/profit HTTP/1.0" 304 - "-" "Expo/2.25.1.1015582 CFNetwork/1331.0.7 Darwin/21.4.0"
::ffff:127.0.0.1 - - [24/Aug/2022:07:58:19 +0000] "GET /api/v1/categories HTTP/1.0" 304 - "-" "Expo/2.25.1.1015582 CFNetwork/1331.0.7 Darwin/21.4.0"
::1 - - [24/Aug/2022:07:58:19 +0000] "GET /api/v1/goods/user?limit=100 HTTP/1.0" 304 - "-" "Expo/2.25.1.1015582 CFNetwork/1331.0.7 Darwin/21.4.0"
::ffff:127.0.0.1 - - [24/Aug/2022:07:58:19 +0000] "GET /api/v1/transactions/basket?limit=100&sort=-createdAt HTTP/1.0" 304 - "-" "Expo/2.25.1.1015582 CFNetwork/1331.0.7 Darwin/21.4.0"
::1 - - [24/Aug/2022:07:58:20 +0000] "GET /api/v1/goods/user?limit=100 HTTP/1.0" 304 - "-" "Expo/2.25.1.1015582 CFNetwork/1331.0.7 Darwin/21.4.0"
::ffff:127.0.0.1 - - [24/Aug/2022:07:58:20 +0000] "GET /api/v1/transactions/basket?limit=100&sort=-createdAt HTTP/1.0" 304 - "-" "Expo/2.25.1.1015582 CFNetwork/1331.0.7 Darwin/21.4.0"
::1 - - [24/Aug/2022:07:58:37 +0000] "GET /api/v1/categories HTTP/1.0" 304 - "-" "Expo/2.25.1.1015582 CFNetwork/1331.0.7 Darwin/21.4.0"
::ffff:127.0.0.1 - - [24/Aug/2022:07:58:37 +0000] "GET /api/v1/goods/user?limit=100 HTTP/1.0" 304 - "-" "Expo/2.25.1.1015582 CFNetwork/1331.0.7 Darwin/21.4.0"
::1 - - [24/Aug/2022:07:58:37 +0000] "GET /api/v1/transactions/basket?limit=100&sort=-createdAt HTTP/1.0" 304 - "-" "Expo/2.25.1.1015582 CFNetwork/1331.0.7 Darwin/21.4.0"
::ffff:127.0.0.1 - - [24/Aug/2022:07:58:38 +0000] "GET /api/v1/goods/user?limit=100 HTTP/1.0" 304 - "-" "Expo/2.25.1.1015582 CFNetwork/1331.0.7 Darwin/21.4.0"
::1 - - [24/Aug/2022:07:58:38 +0000] "GET /api/v1/transactions/basket?limit=100&sort=-createdAt HTTP/1.0" 304 - "-" "Expo/2.25.1.1015582 CFNetwork/1331.0.7 Darwin/21.4.0"
::ffff:127.0.0.1 - - [24/Aug/2022:07:58:40 +0000] "GET /api/v1/transactions/profit HTTP/1.0" 304 - "-" "Expo/2.25.1.1015582 CFNetwork/1331.0.7 Darwin/21.4.0"
::1 - - [24/Aug/2022:07:58:46 +0000] "GET /api/v1/transactions/profit HTTP/1.0" 304 - "-" "Expo/2.25.1.1015582 CFNetwork/1331.0.7 Darwin/21.4.0"
::ffff:127.0.0.1 - - [24/Aug/2022:07:58:53 +0000] "GET /api/v1/transactions/profit HTTP/1.0" 304 - "-" "Expo/2.25.1.1015582 CFNetwork/1331.0.7 Darwin/21.4.0"
::1 - - [24/Aug/2022:07:58:55 +0000] "GET /api/v1/transactions/profit HTTP/1.0" 304 - "-" "Expo/2.25.1.1015582 CFNetwork/1331.0.7 Darwin/21.4.0"
::ffff:127.0.0.1 - - [24/Aug/2022:07:58:59 +0000] "GET /api/v1/transactions/profit HTTP/1.0" 304 - "-" "Expo/2.25.1.1015582 CFNetwork/1331.0.7 Darwin/21.4.0"
::1 - - [24/Aug/2022:07:59:46 +0000] "GET /api/v1/transactions/profit HTTP/1.0" 304 - "-" "Expo/2.25.1.1015582 CFNetwork/1331.0.7 Darwin/21.4.0"
::ffff:127.0.0.1 - - [24/Aug/2022:07:59:52 +0000] "GET /api/v1/transactions/profit HTTP/1.0" 304 - "-" "Expo/2.25.1.1015582 CFNetwork/1331.0.7 Darwin/21.4.0"
::1 - - [24/Aug/2022:07:59:55 +0000] "GET /api/v1/transactions/profit HTTP/1.0" 304 - "-" "Expo/2.25.1.1015582 CFNetwork/1331.0.7 Darwin/21.4.0"
::ffff:127.0.0.1 - - [24/Aug/2022:07:59:59 +0000] "GET /api/v1/categories HTTP/1.0" 304 - "-" "Expo/2.25.1.1015582 CFNetwork/1331.0.7 Darwin/21.4.0"
::1 - - [24/Aug/2022:07:59:59 +0000] "GET /api/v1/goods/user?limit=100 HTTP/1.0" 304 - "-" "Expo/2.25.1.1015582 CFNetwork/1331.0.7 Darwin/21.4.0"
::ffff:127.0.0.1 - - [24/Aug/2022:07:59:59 +0000] "GET /api/v1/transactions/basket?limit=100&sort=-createdAt HTTP/1.0" 304 - "-" "Expo/2.25.1.1015582 CFNetwork/1331.0.7 Darwin/21.4.0"
::1 - - [24/Aug/2022:08:00:01 +0000] "GET /api/v1/goods/user?limit=100 HTTP/1.0" 304 - "-" "Expo/2.25.1.1015582 CFNetwork/1331.0.7 Darwin/21.4.0"
::ffff:127.0.0.1 - - [24/Aug/2022:08:00:01 +0000] "GET /api/v1/transactions/basket?limit=100&sort=-createdAt HTTP/1.0" 304 - "-" "Expo/2.25.1.1015582 CFNetwork/1331.0.7 Darwin/21.4.0"
::1 - - [24/Aug/2022:08:00:02 +0000] "GET /api/v1/transactions/profit HTTP/1.0" 304 - "-" "Expo/2.25.1.1015582 CFNetwork/1331.0.7 Darwin/21.4.0"
::ffff:127.0.0.1 - - [24/Aug/2022:08:00:11 +0000] "GET /api/v1/transactions/profit HTTP/1.0" 304 - "-" "Expo/2.25.1.1015582 CFNetwork/1331.0.7 Darwin/21.4.0"
::1 - - [24/Aug/2022:08:00:55 +0000] "GET /api/v1/transactions/profit HTTP/1.0" 304 - "-" "Expo/2.25.1.1015582 CFNetwork/1331.0.7 Darwin/21.4.0"
::ffff:127.0.0.1 - - [24/Aug/2022:08:02:55 +0000] "GET /api/v1/transactions/profit HTTP/1.0" 304 - "-" "Expo/2.25.1.1015582 CFNetwork/1331.0.7 Darwin/21.4.0"
::1 - - [24/Aug/2022:08:03:09 +0000] "GET /api/v1/transactions/profit HTTP/1.0" 304 - "-" "Expo/2.25.1.1015582 CFNetwork/1331.0.7 Darwin/21.4.0"
::ffff:127.0.0.1 - - [24/Aug/2022:08:03:32 +0000] "GET /api/v1/transactions/profit HTTP/1.0" 304 - "-" "Expo/2.25.1.1015582 CFNetwork/1331.0.7 Darwin/21.4.0"
::1 - - [24/Aug/2022:08:04:14 +0000] "GET /.env HTTP/1.0" 404 143 "-" "Mozilla/5.0 (X11; Linux x86_64) AppleWebKit/537.36 (KHTML, like Gecko) Chrome/81.0.4044.129 Safari/537.36"
::ffff:127.0.0.1 - - [24/Aug/2022:08:04:15 +0000] "POST / HTTP/1.0" 404 140 "-" "Mozilla/5.0 (X11; Linux x86_64) AppleWebKit/537.36 (KHTML, like Gecko) Chrome/81.0.4044.129 Safari/537.36"
::1 - - [24/Aug/2022:08:04:24 +0000] "GET /api/v1/transactions/profit HTTP/1.0" 304 - "-" "Expo/2.25.1.1015582 CFNetwork/1331.0.7 Darwin/21.4.0"
::ffff:127.0.0.1 - - [24/Aug/2022:08:04:33 +0000] "GET / HTTP/1.0" 404 139 "-" "Mozilla/5.0 (Windows NT 10.0; Win64; x64) AppleWebKit/537.36 (KHTML, like Gecko) Chrome/78.0.3904.108 Safari/537.36"
::1 - - [24/Aug/2022:08:04:52 +0000] "GET /api/v1/transactions/profit HTTP/1.0" 304 - "-" "Expo/2.25.1.1015582 CFNetwork/1331.0.7 Darwin/21.4.0"
::ffff:127.0.0.1 - - [24/Aug/2022:08:04:56 +0000] "GET /api/v1/transactions/profit HTTP/1.0" 304 - "-" "Expo/2.25.1.1015582 CFNetwork/1331.0.7 Darwin/21.4.0"
::1 - - [24/Aug/2022:08:04:57 +0000] "GET /api/v1/goods/20000 HTTP/1.0" 500 238 "-" "Expo/2.25.1.1015582 CFNetwork/1331.0.7 Darwin/21.4.0"
::ffff:127.0.0.1 - - [24/Aug/2022:08:04:57 +0000] "GET /upload/undefined HTTP/1.0" 404 155 "-" "Expo/2.25.1.1015582 CFNetwork/1331.0.7 Darwin/21.4.0"
::1 - - [24/Aug/2022:08:04:57 +0000] "GET /api/v1/transactions/user?good=20000&sort=-createdAt HTTP/1.0" 500 247 "-" "Expo/2.25.1.1015582 CFNetwork/1331.0.7 Darwin/21.4.0"
::ffff:127.0.0.1 - - [24/Aug/2022:08:07:23 +0000] "GET /api/v1/transactions/profit HTTP/1.0" 304 - "-" "Expo/2.25.1.1015582 CFNetwork/1331.0.7 Darwin/21.4.0"
::1 - - [24/Aug/2022:08:07:52 +0000] "GET /api/v1/transactions/profit HTTP/1.0" 304 - "-" "Expo/2.25.1.1015582 CFNetwork/1331.0.7 Darwin/21.4.0"
::ffff:127.0.0.1 - - [24/Aug/2022:08:08:01 +0000] "GET /api/v1/transactions/profit HTTP/1.0" 304 - "-" "Expo/2.25.1.1015582 CFNetwork/1331.0.7 Darwin/21.4.0"
::1 - - [24/Aug/2022:08:08:05 +0000] "GET /api/v1/transactions/profit HTTP/1.0" 304 - "-" "Expo/2.25.1.1015582 CFNetwork/1331.0.7 Darwin/21.4.0"
::ffff:127.0.0.1 - - [24/Aug/2022:08:08:11 +0000] "GET /api/v1/transactions/profit HTTP/1.0" 200 1360 "-" "Expo/2.25.1.1015582 CFNetwork/1331.0.7 Darwin/21.4.0"
::1 - - [24/Aug/2022:08:08:50 +0000] "GET /api/v1/transactions/profit HTTP/1.0" 304 - "-" "Expo/2.25.1.1015582 CFNetwork/1331.0.7 Darwin/21.4.0"
::ffff:127.0.0.1 - - [24/Aug/2022:08:09:13 +0000] "GET /api/v1/users/goods HTTP/1.0" 500 238 "-" "Expo/2.25.1.1015582 CFNetwork/1331.0.7 Darwin/21.4.0"
::1 - - [24/Aug/2022:08:09:15 +0000] "GET /api/v1/users/goods HTTP/1.0" 500 238 "-" "Expo/2.25.1.1015582 CFNetwork/1331.0.7 Darwin/21.4.0"
::ffff:127.0.0.1 - - [24/Aug/2022:08:09:35 +0000] "GET /api/v1/goods/user HTTP/1.0" 200 1108 "-" "Expo/2.25.1.1015582 CFNetwork/1331.0.7 Darwin/21.4.0"
::1 - - [24/Aug/2022:08:09:45 +0000] "GET /api/v1/goods/user HTTP/1.0" 304 - "-" "Expo/2.25.1.1015582 CFNetwork/1331.0.7 Darwin/21.4.0"
::ffff:127.0.0.1 - - [24/Aug/2022:08:09:45 +0000] "GET /upload/undefined HTTP/1.0" 404 155 "-" "Expo/2.25.1.1015582 CFNetwork/1331.0.7 Darwin/21.4.0"
::ffff:127.0.0.1 - - [24/Aug/2022:08:09:45 +0000] "GET /api/v1/goods/62fbbc48fd2881af5a4e55aa HTTP/1.0" 304 - "-" "Expo/2.25.1.1015582 CFNetwork/1331.0.7 Darwin/21.4.0"
::1 - - [24/Aug/2022:08:09:46 +0000] "GET /api/v1/transactions/user?good=62fbbc48fd2881af5a4e55aa&sort=-createdAt HTTP/1.0" 304 - "-" "Expo/2.25.1.1015582 CFNetwork/1331.0.7 Darwin/21.4.0"
::ffff:127.0.0.1 - - [24/Aug/2022:08:09:48 +0000] "GET /upload/undefined HTTP/1.0" 404 155 "-" "Expo/2.25.1.1015582 CFNetwork/1331.0.7 Darwin/21.4.0"
::ffff:127.0.0.1 - - [24/Aug/2022:08:09:48 +0000] "GET /api/v1/goods/62fbbcb1fd2881af5a4e55bf HTTP/1.0" 200 454 "-" "Expo/2.25.1.1015582 CFNetwork/1331.0.7 Darwin/21.4.0"
::1 - - [24/Aug/2022:08:09:48 +0000] "GET /api/v1/transactions/user?good=62fbbcb1fd2881af5a4e55bf&sort=-createdAt HTTP/1.0" 200 1102 "-" "Expo/2.25.1.1015582 CFNetwork/1331.0.7 Darwin/21.4.0"
::ffff:127.0.0.1 - - [24/Aug/2022:08:09:53 +0000] "GET /api/v1/transactions/profit HTTP/1.0" 304 - "-" "Expo/2.25.1.1015582 CFNetwork/1331.0.7 Darwin/21.4.0"
::1 - - [24/Aug/2022:08:09:56 +0000] "GET /api/v1/transactions/profit HTTP/1.0" 304 - "-" "Expo/2.25.1.1015582 CFNetwork/1331.0.7 Darwin/21.4.0"
::ffff:127.0.0.1 - - [24/Aug/2022:08:10:14 +0000] "GET /api/v1/transactions/profit HTTP/1.0" 304 - "-" "Expo/2.25.1.1015582 CFNetwork/1331.0.7 Darwin/21.4.0"
::1 - - [24/Aug/2022:08:10:16 +0000] "GET /upload/undefined HTTP/1.0" 404 155 "-" "Expo/2.25.1.1015582 CFNetwork/1331.0.7 Darwin/21.4.0"
::1 - - [24/Aug/2022:08:10:16 +0000] "GET /api/v1/goods/62fbbc48fd2881af5a4e55aa HTTP/1.0" 304 - "-" "Expo/2.25.1.1015582 CFNetwork/1331.0.7 Darwin/21.4.0"
::ffff:127.0.0.1 - - [24/Aug/2022:08:10:16 +0000] "GET /api/v1/transactions/user?good=62fbbc48fd2881af5a4e55aa&sort=-createdAt HTTP/1.0" 304 - "-" "Expo/2.25.1.1015582 CFNetwork/1331.0.7 Darwin/21.4.0"
::1 - - [24/Aug/2022:08:10:17 +0000] "GET /upload/undefined HTTP/1.0" 404 155 "-" "Expo/2.25.1.1015582 CFNetwork/1331.0.7 Darwin/21.4.0"
::1 - - [24/Aug/2022:08:10:18 +0000] "GET /api/v1/goods/62fbbcb1fd2881af5a4e55bf HTTP/1.0" 304 - "-" "Expo/2.25.1.1015582 CFNetwork/1331.0.7 Darwin/21.4.0"
::ffff:127.0.0.1 - - [24/Aug/2022:08:10:18 +0000] "GET /api/v1/transactions/user?good=62fbbcb1fd2881af5a4e55bf&sort=-createdAt HTTP/1.0" 304 - "-" "Expo/2.25.1.1015582 CFNetwork/1331.0.7 Darwin/21.4.0"
::1 - - [24/Aug/2022:08:10:20 +0000] "GET /upload/undefined HTTP/1.0" 404 155 "-" "Expo/2.25.1.1015582 CFNetwork/1331.0.7 Darwin/21.4.0"
::1 - - [24/Aug/2022:08:10:20 +0000] "GET /api/v1/goods/62fbbcb1fd2881af5a4e55bf HTTP/1.0" 304 - "-" "Expo/2.25.1.1015582 CFNetwork/1331.0.7 Darwin/21.4.0"
::ffff:127.0.0.1 - - [24/Aug/2022:08:10:20 +0000] "GET /api/v1/transactions/user?good=62fbbcb1fd2881af5a4e55bf&sort=-createdAt HTTP/1.0" 304 - "-" "Expo/2.25.1.1015582 CFNetwork/1331.0.7 Darwin/21.4.0"
::1 - - [24/Aug/2022:08:10:24 +0000] "GET /api/v1/transactions/profit HTTP/1.0" 304 - "-" "Expo/2.25.1.1015582 CFNetwork/1331.0.7 Darwin/21.4.0"
::ffff:127.0.0.1 - - [24/Aug/2022:08:10:25 +0000] "GET /api/v1/goods/20000 HTTP/1.0" 500 238 "-" "Expo/2.25.1.1015582 CFNetwork/1331.0.7 Darwin/21.4.0"
::ffff:127.0.0.1 - - [24/Aug/2022:08:10:25 +0000] "GET /upload/undefined HTTP/1.0" 404 155 "-" "Expo/2.25.1.1015582 CFNetwork/1331.0.7 Darwin/21.4.0"
::1 - - [24/Aug/2022:08:10:25 +0000] "GET /api/v1/transactions/user?good=20000&sort=-createdAt HTTP/1.0" 500 247 "-" "Expo/2.25.1.1015582 CFNetwork/1331.0.7 Darwin/21.4.0"
::1 - - [24/Aug/2022:08:10:35 +0000] "GET /api/v1/transactions/profit HTTP/1.0" 304 - "-" "Expo/2.25.1.1015582 CFNetwork/1331.0.7 Darwin/21.4.0"
::ffff:127.0.0.1 - - [24/Aug/2022:08:10:36 +0000] "GET /upload/undefined HTTP/1.0" 404 155 "-" "Expo/2.25.1.1015582 CFNetwork/1331.0.7 Darwin/21.4.0"
::ffff:127.0.0.1 - - [24/Aug/2022:08:10:36 +0000] "GET /api/v1/goods/62fbbcb1fd2881af5a4e55bf HTTP/1.0" 304 - "-" "Expo/2.25.1.1015582 CFNetwork/1331.0.7 Darwin/21.4.0"
::1 - - [24/Aug/2022:08:10:37 +0000] "GET /api/v1/transactions/user?good=62fbbcb1fd2881af5a4e55bf&sort=-createdAt HTTP/1.0" 304 - "-" "Expo/2.25.1.1015582 CFNetwork/1331.0.7 Darwin/21.4.0"
::ffff:127.0.0.1 - - [24/Aug/2022:08:10:38 +0000] "GET /upload/undefined HTTP/1.0" 404 155 "-" "Expo/2.25.1.1015582 CFNetwork/1331.0.7 Darwin/21.4.0"
::ffff:127.0.0.1 - - [24/Aug/2022:08:10:38 +0000] "GET /api/v1/goods/62fbbc48fd2881af5a4e55aa HTTP/1.0" 304 - "-" "Expo/2.25.1.1015582 CFNetwork/1331.0.7 Darwin/21.4.0"
::1 - - [24/Aug/2022:08:10:38 +0000] "GET /api/v1/transactions/user?good=62fbbc48fd2881af5a4e55aa&sort=-createdAt HTTP/1.0" 304 - "-" "Expo/2.25.1.1015582 CFNetwork/1331.0.7 Darwin/21.4.0"
::ffff:127.0.0.1 - - [24/Aug/2022:08:10:42 +0000] "GET /api/v1/transactions/profit HTTP/1.0" 304 - "-" "Expo/2.25.1.1015582 CFNetwork/1331.0.7 Darwin/21.4.0"
::1 - - [24/Aug/2022:08:10:50 +0000] "GET /api/v1/transactions/profit HTTP/1.0" 304 - "-" "Expo/2.25.1.1015582 CFNetwork/1331.0.7 Darwin/21.4.0"
::ffff:127.0.0.1 - - [24/Aug/2022:08:10:51 +0000] "GET /upload/undefined HTTP/1.0" 404 155 "-" "Expo/2.25.1.1015582 CFNetwork/1331.0.7 Darwin/21.4.0"
::ffff:127.0.0.1 - - [24/Aug/2022:08:10:51 +0000] "GET /api/v1/goods/62fbbc48fd2881af5a4e55aa HTTP/1.0" 304 - "-" "Expo/2.25.1.1015582 CFNetwork/1331.0.7 Darwin/21.4.0"
::1 - - [24/Aug/2022:08:10:52 +0000] "GET /api/v1/transactions/user?good=62fbbc48fd2881af5a4e55aa&sort=-createdAt HTTP/1.0" 304 - "-" "Expo/2.25.1.1015582 CFNetwork/1331.0.7 Darwin/21.4.0"
::ffff:127.0.0.1 - - [24/Aug/2022:08:10:53 +0000] "GET /upload/undefined HTTP/1.0" 404 155 "-" "Expo/2.25.1.1015582 CFNetwork/1331.0.7 Darwin/21.4.0"
::ffff:127.0.0.1 - - [24/Aug/2022:08:10:53 +0000] "GET /api/v1/goods/62fbbcb1fd2881af5a4e55bf HTTP/1.0" 304 - "-" "Expo/2.25.1.1015582 CFNetwork/1331.0.7 Darwin/21.4.0"
::1 - - [24/Aug/2022:08:10:53 +0000] "GET /api/v1/transactions/user?good=62fbbcb1fd2881af5a4e55bf&sort=-createdAt HTTP/1.0" 304 - "-" "Expo/2.25.1.1015582 CFNetwork/1331.0.7 Darwin/21.4.0"
::ffff:127.0.0.1 - - [24/Aug/2022:08:10:59 +0000] "GET /api/v1/goods/user HTTP/1.0" 304 - "-" "Expo/2.25.1.1015582 CFNetwork/1331.0.7 Darwin/21.4.0"
::1 - - [24/Aug/2022:08:11:04 +0000] "GET /api/v1/transactions/profit HTTP/1.0" 304 - "-" "Expo/2.25.1.1015582 CFNetwork/1331.0.7 Darwin/21.4.0"
::1 - - [24/Aug/2022:08:13:17 +0000] "GET /api/v1/categories HTTP/1.0" 304 - "-" "Expo/2.25.1.1015582 CFNetwork/1331.0.7 Darwin/21.4.0"
::ffff:127.0.0.1 - - [24/Aug/2022:08:13:17 +0000] "GET /api/v1/goods/user?limit=100 HTTP/1.0" 200 1098 "-" "Expo/2.25.1.1015582 CFNetwork/1331.0.7 Darwin/21.4.0"
::ffff:127.0.0.1 - - [24/Aug/2022:08:13:17 +0000] "GET /api/v1/transactions/basket?limit=100&sort=-createdAt HTTP/1.0" 304 - "-" "Expo/2.25.1.1015582 CFNetwork/1331.0.7 Darwin/21.4.0"
::1 - - [24/Aug/2022:08:13:34 +0000] "GET /api/v1/goods/user?limit=100 HTTP/1.0" 304 - "-" "Expo/2.25.1.1015582 CFNetwork/1331.0.7 Darwin/21.4.0"
::ffff:127.0.0.1 - - [24/Aug/2022:08:13:34 +0000] "GET /api/v1/transactions/basket?limit=100&sort=-createdAt HTTP/1.0" 304 - "-" "Expo/2.25.1.1015582 CFNetwork/1331.0.7 Darwin/21.4.0"
::1 - - [24/Aug/2022:08:13:36 +0000] "GET /api/v1/transactions/profit HTTP/1.0" 304 - "-" "Expo/2.25.1.1015582 CFNetwork/1331.0.7 Darwin/21.4.0"
::ffff:127.0.0.1 - - [24/Aug/2022:08:13:38 +0000] "GET /api/v1/transactions/profit HTTP/1.0" 304 - "-" "Expo/2.25.1.1015582 CFNetwork/1331.0.7 Darwin/21.4.0"
::1 - - [24/Aug/2022:08:15:01 +0000] "GET /api/v1/transactions/profit HTTP/1.0" 304 - "-" "Expo/2.25.1.1015582 CFNetwork/1331.0.7 Darwin/21.4.0"
::ffff:127.0.0.1 - - [24/Aug/2022:08:15:40 +0000] "GET /api/v1/transactions/profit HTTP/1.0" 304 - "-" "Expo/2.25.1.1015582 CFNetwork/1331.0.7 Darwin/21.4.0"
::1 - - [24/Aug/2022:08:15:49 +0000] "GET /api/v1/transactions/profit HTTP/1.0" 304 - "-" "Expo/2.25.1.1015582 CFNetwork/1331.0.7 Darwin/21.4.0"
::ffff:127.0.0.1 - - [24/Aug/2022:08:17:55 +0000] "GET /api/v1/transactions/profit HTTP/1.0" 304 - "-" "Expo/2.25.1.1015582 CFNetwork/1331.0.7 Darwin/21.4.0"
::1 - - [24/Aug/2022:08:18:02 +0000] "GET /api/v1/transactions/profit HTTP/1.0" 304 - "-" "Expo/2.25.1.1015582 CFNetwork/1331.0.7 Darwin/21.4.0"
::ffff:127.0.0.1 - - [24/Aug/2022:08:18:32 +0000] "GET /api/v1/transactions/profit HTTP/1.0" 304 - "-" "Expo/2.25.1.1015582 CFNetwork/1331.0.7 Darwin/21.4.0"
::1 - - [24/Aug/2022:08:18:35 +0000] "GET /api/v1/transactions/profit HTTP/1.0" 304 - "-" "Expo/2.25.1.1015582 CFNetwork/1331.0.7 Darwin/21.4.0"
::ffff:127.0.0.1 - - [24/Aug/2022:08:18:48 +0000] "GET /api/v1/transactions/profit HTTP/1.0" 304 - "-" "Expo/2.25.1.1015582 CFNetwork/1331.0.7 Darwin/21.4.0"
::1 - - [24/Aug/2022:08:19:38 +0000] "GET /upload/undefined HTTP/1.0" 404 155 "-" "Expo/2.25.1.1015582 CFNetwork/1331.0.7 Darwin/21.4.0"
::ffff:127.0.0.1 - - [24/Aug/2022:08:19:38 +0000] "GET /api/v1/goods/62fbbc48fd2881af5a4e55aa HTTP/1.0" 304 - "-" "Expo/2.25.1.1015582 CFNetwork/1331.0.7 Darwin/21.4.0"
::1 - - [24/Aug/2022:08:19:38 +0000] "GET /api/v1/transactions/user?good=62fbbc48fd2881af5a4e55aa&sort=-createdAt HTTP/1.0" 304 - "-" "Expo/2.25.1.1015582 CFNetwork/1331.0.7 Darwin/21.4.0"
::1 - - [24/Aug/2022:08:20:10 +0000] "POST / HTTP/1.0" 404 140 "-" "Mozilla/5.0 (X11; Linux x86_64) AppleWebKit/537.36 (KHTML, like Gecko) Chrome/81.0.4044.129 Safari/537.36"
::ffff:127.0.0.1 - - [24/Aug/2022:08:20:10 +0000] "GET /.env HTTP/1.0" 404 143 "-" "Mozilla/5.0 (X11; Linux x86_64) AppleWebKit/537.36 (KHTML, like Gecko) Chrome/81.0.4044.129 Safari/537.36"
::1 - - [24/Aug/2022:08:21:58 +0000] "GET /upload/undefined HTTP/1.0" 404 155 "-" "Expo/2.25.1.1015582 CFNetwork/1331.0.7 Darwin/21.4.0"
::ffff:127.0.0.1 - - [24/Aug/2022:08:21:58 +0000] "GET /api/v1/goods/62fbbc48fd2881af5a4e55aa HTTP/1.0" 304 - "-" "Expo/2.25.1.1015582 CFNetwork/1331.0.7 Darwin/21.4.0"
::1 - - [24/Aug/2022:08:21:58 +0000] "GET /api/v1/transactions/user?good=62fbbc48fd2881af5a4e55aa&sort=-createdAt HTTP/1.0" 304 - "-" "Expo/2.25.1.1015582 CFNetwork/1331.0.7 Darwin/21.4.0"
::1 - - [24/Aug/2022:08:22:02 +0000] "GET /api/v1/transactions/profit HTTP/1.0" 304 - "-" "Expo/2.25.1.1015582 CFNetwork/1331.0.7 Darwin/21.4.0"
::ffff:127.0.0.1 - - [24/Aug/2022:08:35:07 +0000] "GET /api/v1/transactions/profit HTTP/1.0" 304 - "-" "Expo/2.25.1.1015582 CFNetwork/1331.0.7 Darwin/21.4.0"
::1 - - [24/Aug/2022:08:39:45 +0000] "GET /api/v1/transactions/profit HTTP/1.0" 304 - "-" "Expo/2.25.1.1015582 CFNetwork/1331.0.7 Darwin/21.4.0"
::ffff:127.0.0.1 - - [24/Aug/2022:08:39:55 +0000] "GET /api/v1/categories HTTP/1.0" 304 - "-" "Expo/2.25.1.1015582 CFNetwork/1331.0.7 Darwin/21.4.0"
::1 - - [24/Aug/2022:08:39:55 +0000] "GET /api/v1/goods/user?limit=100 HTTP/1.0" 304 - "-" "Expo/2.25.1.1015582 CFNetwork/1331.0.7 Darwin/21.4.0"
::ffff:127.0.0.1 - - [24/Aug/2022:08:39:55 +0000] "GET /api/v1/transactions/basket?limit=100&sort=-createdAt HTTP/1.0" 304 - "-" "Expo/2.25.1.1015582 CFNetwork/1331.0.7 Darwin/21.4.0"
::1 - - [24/Aug/2022:08:39:56 +0000] "GET /api/v1/goods/user?limit=100 HTTP/1.0" 304 - "-" "Expo/2.25.1.1015582 CFNetwork/1331.0.7 Darwin/21.4.0"
::ffff:127.0.0.1 - - [24/Aug/2022:08:39:56 +0000] "GET /api/v1/transactions/basket?limit=100&sort=-createdAt HTTP/1.0" 304 - "-" "Expo/2.25.1.1015582 CFNetwork/1331.0.7 Darwin/21.4.0"
::1 - - [24/Aug/2022:08:39:58 +0000] "GET /api/v1/transactions/profit HTTP/1.0" 304 - "-" "Expo/2.25.1.1015582 CFNetwork/1331.0.7 Darwin/21.4.0"
::ffff:127.0.0.1 - - [24/Aug/2022:08:44:25 +0000] "GET /api/v1/categories HTTP/1.0" 304 - "-" "Expo/2.25.1.1015582 CFNetwork/1331.0.7 Darwin/21.4.0"
::1 - - [24/Aug/2022:08:44:25 +0000] "GET /api/v1/transactions/basket?limit=100&sort=-createdAt HTTP/1.0" 304 - "-" "Expo/2.25.1.1015582 CFNetwork/1331.0.7 Darwin/21.4.0"
::ffff:127.0.0.1 - - [24/Aug/2022:08:44:25 +0000] "GET /api/v1/goods/user?limit=100 HTTP/1.0" 304 - "-" "Expo/2.25.1.1015582 CFNetwork/1331.0.7 Darwin/21.4.0"
::1 - - [24/Aug/2022:08:44:39 +0000] "GET /api/v1/goods/user?limit=100 HTTP/1.0" 304 - "-" "Expo/2.25.1.1015582 CFNetwork/1331.0.7 Darwin/21.4.0"
::ffff:127.0.0.1 - - [24/Aug/2022:08:44:39 +0000] "GET /api/v1/transactions/basket?limit=100&sort=-createdAt HTTP/1.0" 304 - "-" "Expo/2.25.1.1015582 CFNetwork/1331.0.7 Darwin/21.4.0"
::1 - - [24/Aug/2022:08:44:42 +0000] "GET /api/v1/transactions/profit HTTP/1.0" 304 - "-" "Expo/2.25.1.1015582 CFNetwork/1331.0.7 Darwin/21.4.0"
::ffff:127.0.0.1 - - [24/Aug/2022:08:45:08 +0000] "GET /api/v1/categories HTTP/1.0" 304 - "-" "Expo/2.25.1.1015582 CFNetwork/1331.0.7 Darwin/21.4.0"
::1 - - [24/Aug/2022:08:45:08 +0000] "GET /api/v1/goods/user?limit=100 HTTP/1.0" 304 - "-" "Expo/2.25.1.1015582 CFNetwork/1331.0.7 Darwin/21.4.0"
::ffff:127.0.0.1 - - [24/Aug/2022:08:45:08 +0000] "GET /api/v1/transactions/basket?limit=100&sort=-createdAt HTTP/1.0" 304 - "-" "Expo/2.25.1.1015582 CFNetwork/1331.0.7 Darwin/21.4.0"
::1 - - [24/Aug/2022:08:45:09 +0000] "GET /api/v1/goods/user?limit=100 HTTP/1.0" 304 - "-" "Expo/2.25.1.1015582 CFNetwork/1331.0.7 Darwin/21.4.0"
::ffff:127.0.0.1 - - [24/Aug/2022:08:45:09 +0000] "GET /api/v1/transactions/basket?limit=100&sort=-createdAt HTTP/1.0" 304 - "-" "Expo/2.25.1.1015582 CFNetwork/1331.0.7 Darwin/21.4.0"
::1 - - [24/Aug/2022:08:45:11 +0000] "GET /api/v1/transactions/profit HTTP/1.0" 304 - "-" "Expo/2.25.1.1015582 CFNetwork/1331.0.7 Darwin/21.4.0"
::ffff:127.0.0.1 - - [24/Aug/2022:08:47:49 +0000] "GET /api/v1/bills/debt?type=%D0%9E%D1%80%D0%BB%D0%BE%D0%B3%D0%BE HTTP/1.0" 200 134 "-" "Expo/2.25.1.1015582 CFNetwork/1331.0.7 Darwin/21.4.0"
::1 - - [24/Aug/2022:08:47:55 +0000] "GET /api/v1/bills/debt?type=%D0%9E%D1%80%D0%BB%D0%BE%D0%B3%D0%BE HTTP/1.0" 304 - "-" "Expo/2.25.1.1015582 CFNetwork/1331.0.7 Darwin/21.4.0"
::ffff:127.0.0.1 - - [24/Aug/2022:08:48:01 +0000] "GET /api/v1/bills/debt?type=%D0%9E%D1%80%D0%BB%D0%BE%D0%B3%D0%BE HTTP/1.0" 304 - "-" "Expo/2.25.1.1015582 CFNetwork/1331.0.7 Darwin/21.4.0"
::1 - - [24/Aug/2022:08:48:05 +0000] "GET /api/v1/goods/user?limit=100 HTTP/1.0" 304 - "-" "Expo/2.25.1.1015582 CFNetwork/1331.0.7 Darwin/21.4.0"
::ffff:127.0.0.1 - - [24/Aug/2022:08:48:05 +0000] "GET /api/v1/transactions/basket?limit=100&sort=-createdAt HTTP/1.0" 304 - "-" "Expo/2.25.1.1015582 CFNetwork/1331.0.7 Darwin/21.4.0"
::1 - - [24/Aug/2022:08:48:28 +0000] "POST /api/v1/bills/receipt HTTP/1.0" 200 393 "-" "Expo/2.25.1.1015582 CFNetwork/1331.0.7 Darwin/21.4.0"
::ffff:127.0.0.1 - - [24/Aug/2022:08:48:29 +0000] "GET /api/v1/transactions/basket?limit=100&sort=-createdAt HTTP/1.0" 200 122 "-" "Expo/2.25.1.1015582 CFNetwork/1331.0.7 Darwin/21.4.0"
::1 - - [24/Aug/2022:08:48:29 +0000] "GET /api/v1/transactions/basket?limit=100&sort=-createdAt HTTP/1.0" 200 122 "-" "Expo/2.25.1.1015582 CFNetwork/1331.0.7 Darwin/21.4.0"
::ffff:127.0.0.1 - - [24/Aug/2022:08:48:34 +0000] "POST /api/v1/transactions HTTP/1.0" 200 255 "-" "Expo/2.25.1.1015582 CFNetwork/1331.0.7 Darwin/21.4.0"
::1 - - [24/Aug/2022:08:48:34 +0000] "GET /api/v1/transactions/basket?limit=100&sort=-createdAt HTTP/1.0" 200 453 "-" "Expo/2.25.1.1015582 CFNetwork/1331.0.7 Darwin/21.4.0"
::ffff:127.0.0.1 - - [24/Aug/2022:08:48:34 +0000] "GET /api/v1/transactions/basket?limit=100&sort=-createdAt HTTP/1.0" 200 453 "-" "Expo/2.25.1.1015582 CFNetwork/1331.0.7 Darwin/21.4.0"
::1 - - [24/Aug/2022:08:48:37 +0000] "POST /api/v1/bills/receipt HTTP/1.0" 200 394 "-" "Expo/2.25.1.1015582 CFNetwork/1331.0.7 Darwin/21.4.0"
::ffff:127.0.0.1 - - [24/Aug/2022:08:48:38 +0000] "GET /api/v1/transactions/basket?limit=100&sort=-createdAt HTTP/1.0" 200 122 "-" "Expo/2.25.1.1015582 CFNetwork/1331.0.7 Darwin/21.4.0"
::1 - - [24/Aug/2022:08:48:38 +0000] "GET /api/v1/transactions/basket?limit=100&sort=-createdAt HTTP/1.0" 200 122 "-" "Expo/2.25.1.1015582 CFNetwork/1331.0.7 Darwin/21.4.0"
::ffff:127.0.0.1 - - [24/Aug/2022:08:48:42 +0000] "POST /api/v1/transactions HTTP/1.0" 200 255 "-" "Expo/2.25.1.1015582 CFNetwork/1331.0.7 Darwin/21.4.0"
::1 - - [24/Aug/2022:08:48:43 +0000] "GET /api/v1/transactions/basket?limit=100&sort=-createdAt HTTP/1.0" 200 453 "-" "Expo/2.25.1.1015582 CFNetwork/1331.0.7 Darwin/21.4.0"
::ffff:127.0.0.1 - - [24/Aug/2022:08:48:43 +0000] "GET /api/v1/transactions/basket?limit=100&sort=-createdAt HTTP/1.0" 200 453 "-" "Expo/2.25.1.1015582 CFNetwork/1331.0.7 Darwin/21.4.0"
::1 - - [24/Aug/2022:08:49:11 +0000] "POST /api/v1/bills/drain HTTP/1.0" 200 396 "-" "Expo/2.25.1.1015582 CFNetwork/1331.0.7 Darwin/21.4.0"
::ffff:127.0.0.1 - - [24/Aug/2022:08:49:11 +0000] "GET /api/v1/transactions/basket?limit=100&sort=-createdAt HTTP/1.0" 200 122 "-" "Expo/2.25.1.1015582 CFNetwork/1331.0.7 Darwin/21.4.0"
::1 - - [24/Aug/2022:08:49:11 +0000] "GET /api/v1/transactions/basket?limit=100&sort=-createdAt HTTP/1.0" 200 122 "-" "Expo/2.25.1.1015582 CFNetwork/1331.0.7 Darwin/21.4.0"
::ffff:127.0.0.1 - - [24/Aug/2022:08:49:17 +0000] "POST /api/v1/transactions HTTP/1.0" 200 254 "-" "Expo/2.25.1.1015582 CFNetwork/1331.0.7 Darwin/21.4.0"
::1 - - [24/Aug/2022:08:49:17 +0000] "GET /api/v1/transactions/basket?limit=100&sort=-createdAt HTTP/1.0" 200 452 "-" "Expo/2.25.1.1015582 CFNetwork/1331.0.7 Darwin/21.4.0"
::ffff:127.0.0.1 - - [24/Aug/2022:08:49:17 +0000] "GET /api/v1/transactions/basket?limit=100&sort=-createdAt HTTP/1.0" 200 452 "-" "Expo/2.25.1.1015582 CFNetwork/1331.0.7 Darwin/21.4.0"
::1 - - [24/Aug/2022:08:49:20 +0000] "POST /api/v1/bills/drain HTTP/1.0" 200 395 "-" "Expo/2.25.1.1015582 CFNetwork/1331.0.7 Darwin/21.4.0"
::ffff:127.0.0.1 - - [24/Aug/2022:08:49:20 +0000] "GET /api/v1/transactions/basket?limit=100&sort=-createdAt HTTP/1.0" 200 122 "-" "Expo/2.25.1.1015582 CFNetwork/1331.0.7 Darwin/21.4.0"
::1 - - [24/Aug/2022:08:49:20 +0000] "GET /api/v1/transactions/basket?limit=100&sort=-createdAt HTTP/1.0" 200 122 "-" "Expo/2.25.1.1015582 CFNetwork/1331.0.7 Darwin/21.4.0"
::ffff:127.0.0.1 - - [24/Aug/2022:08:49:21 +0000] "GET /api/v1/templates?createUser=62fbbc03fd2881af5a4e559a HTTP/1.0" 200 279 "-" "Expo/2.25.1.1015582 CFNetwork/1331.0.7 Darwin/21.4.0"
::1 - - [24/Aug/2022:08:49:21 +0000] "GET /api/v1/goods/user?limit=100 HTTP/1.0" 200 1100 "-" "Expo/2.25.1.1015582 CFNetwork/1331.0.7 Darwin/21.4.0"
::ffff:127.0.0.1 - - [24/Aug/2022:08:49:21 +0000] "GET /api/v1/transactions/basket?limit=100&sort=-createdAt HTTP/1.0" 304 - "-" "Expo/2.25.1.1015582 CFNetwork/1331.0.7 Darwin/21.4.0"
::1 - - [24/Aug/2022:08:49:22 +0000] "GET /api/v1/templates?createUser=62fbbc03fd2881af5a4e559a HTTP/1.0" 304 - "-" "Expo/2.25.1.1015582 CFNetwork/1331.0.7 Darwin/21.4.0"
::ffff:127.0.0.1 - - [24/Aug/2022:08:49:23 +0000] "GET /api/v1/bills/debt?type=%D0%9E%D1%80%D0%BB%D0%BE%D0%B3%D0%BE HTTP/1.0" 200 1127 "-" "Expo/2.25.1.1015582 CFNetwork/1331.0.7 Darwin/21.4.0"
::1 - - [24/Aug/2022:08:49:30 +0000] "GET /api/v1/bills/debt?type=%D0%9E%D1%80%D0%BB%D0%BE%D0%B3%D0%BE HTTP/1.0" 304 - "-" "Expo/2.25.1.1015582 CFNetwork/1331.0.7 Darwin/21.4.0"
::ffff:127.0.0.1 - - [24/Aug/2022:08:50:08 +0000] "GET /api/v1/categories HTTP/1.0" 304 - "-" "Expo/2.25.1.1015582 CFNetwork/1331.0.7 Darwin/21.4.0"
::1 - - [24/Aug/2022:08:50:08 +0000] "GET /api/v1/transactions/basket?limit=100&sort=-createdAt HTTP/1.0" 304 - "-" "Expo/2.25.1.1015582 CFNetwork/1331.0.7 Darwin/21.4.0"
::ffff:127.0.0.1 - - [24/Aug/2022:08:50:08 +0000] "GET /api/v1/goods/user?limit=100 HTTP/1.0" 304 - "-" "Expo/2.25.1.1015582 CFNetwork/1331.0.7 Darwin/21.4.0"
::ffff:127.0.0.1 - - [24/Aug/2022:08:50:10 +0000] "GET /api/v1/transactions/basket?limit=100&sort=-createdAt HTTP/1.0" 304 - "-" "Expo/2.25.1.1015582 CFNetwork/1331.0.7 Darwin/21.4.0"
::1 - - [24/Aug/2022:08:50:11 +0000] "GET /api/v1/goods/user?limit=100 HTTP/1.0" 304 - "-" "Expo/2.25.1.1015582 CFNetwork/1331.0.7 Darwin/21.4.0"
::1 - - [24/Aug/2022:08:50:11 +0000] "GET /api/v1/bills/debt?type=%D0%9E%D1%80%D0%BB%D0%BE%D0%B3%D0%BE HTTP/1.0" 304 - "-" "Expo/2.25.1.1015582 CFNetwork/1331.0.7 Darwin/21.4.0"
::ffff:127.0.0.1 - - [24/Aug/2022:08:50:22 +0000] "GET /api/v1/categories HTTP/1.0" 304 - "-" "Expo/2.25.1.1015582 CFNetwork/1331.0.7 Darwin/21.4.0"
::1 - - [24/Aug/2022:08:50:22 +0000] "GET /api/v1/transactions/basket?limit=100&sort=-createdAt HTTP/1.0" 304 - "-" "Expo/2.25.1.1015582 CFNetwork/1331.0.7 Darwin/21.4.0"
::ffff:127.0.0.1 - - [24/Aug/2022:08:50:22 +0000] "GET /api/v1/goods/user?limit=100 HTTP/1.0" 304 - "-" "Expo/2.25.1.1015582 CFNetwork/1331.0.7 Darwin/21.4.0"
::ffff:127.0.0.1 - - [24/Aug/2022:08:50:24 +0000] "GET /api/v1/transactions/basket?limit=100&sort=-createdAt HTTP/1.0" 304 - "-" "Expo/2.25.1.1015582 CFNetwork/1331.0.7 Darwin/21.4.0"
::1 - - [24/Aug/2022:08:50:24 +0000] "GET /api/v1/goods/user?limit=100 HTTP/1.0" 304 - "-" "Expo/2.25.1.1015582 CFNetwork/1331.0.7 Darwin/21.4.0"
::1 - - [24/Aug/2022:08:50:24 +0000] "GET /api/v1/bills/debt?type=%D0%9E%D1%80%D0%BB%D0%BE%D0%B3%D0%BE HTTP/1.0" 304 - "-" "Expo/2.25.1.1015582 CFNetwork/1331.0.7 Darwin/21.4.0"
::ffff:127.0.0.1 - - [24/Aug/2022:08:50:32 +0000] "GET /api/v1/bills/debt?type=%D0%9E%D1%80%D0%BB%D0%BE%D0%B3%D0%BE HTTP/1.0" 304 - "-" "Expo/2.25.1.1015582 CFNetwork/1331.0.7 Darwin/21.4.0"
::1 - - [24/Aug/2022:08:50:39 +0000] "GET /api/v1/bills/debt?type=%D0%9E%D1%80%D0%BB%D0%BE%D0%B3%D0%BE HTTP/1.0" 304 - "-" "Expo/2.25.1.1015582 CFNetwork/1331.0.7 Darwin/21.4.0"
::ffff:127.0.0.1 - - [24/Aug/2022:08:50:42 +0000] "GET /api/v1/bills/debt?type=%D0%9E%D1%80%D0%BB%D0%BE%D0%B3%D0%BE HTTP/1.0" 304 - "-" "Expo/2.25.1.1015582 CFNetwork/1331.0.7 Darwin/21.4.0"
::1 - - [24/Aug/2022:08:51:20 +0000] "GET /api/v1/bills/debt?type=%D0%9E%D1%80%D0%BB%D0%BE%D0%B3%D0%BE HTTP/1.0" 304 - "-" "Expo/2.25.1.1015582 CFNetwork/1331.0.7 Darwin/21.4.0"
::ffff:127.0.0.1 - - [24/Aug/2022:08:51:36 +0000] "GET /api/v1/bills/debt?type=%D0%9E%D1%80%D0%BB%D0%BE%D0%B3%D0%BE HTTP/1.0" 304 - "-" "Expo/2.25.1.1015582 CFNetwork/1331.0.7 Darwin/21.4.0"
::1 - - [24/Aug/2022:08:51:45 +0000] "GET /api/v1/bills/debt?type=%D0%9E%D1%80%D0%BB%D0%BE%D0%B3%D0%BE HTTP/1.0" 304 - "-" "Expo/2.25.1.1015582 CFNetwork/1331.0.7 Darwin/21.4.0"
::1 - - [24/Aug/2022:08:52:14 +0000] "GET /api/v1/transactions/basket?limit=100&sort=-createdAt HTTP/1.0" 304 - "-" "Expo/2.25.1.1015582 CFNetwork/1331.0.7 Darwin/21.4.0"
::ffff:127.0.0.1 - - [24/Aug/2022:08:52:14 +0000] "GET /api/v1/categories HTTP/1.0" 304 - "-" "Expo/2.25.1.1015582 CFNetwork/1331.0.7 Darwin/21.4.0"
::ffff:127.0.0.1 - - [24/Aug/2022:08:52:14 +0000] "GET /api/v1/goods/user?limit=100 HTTP/1.0" 304 - "-" "Expo/2.25.1.1015582 CFNetwork/1331.0.7 Darwin/21.4.0"
::1 - - [24/Aug/2022:08:52:18 +0000] "POST /wp-comments-post.php HTTP/1.0" 404 160 "-" "1"
::1 - - [24/Aug/2022:08:52:22 +0000] "GET /api/v1/transactions/basket?limit=100&sort=-createdAt HTTP/1.0" 304 - "-" "Expo/2.25.1.1015582 CFNetwork/1331.0.7 Darwin/21.4.0"
::ffff:127.0.0.1 - - [24/Aug/2022:08:52:22 +0000] "GET /api/v1/goods/user?limit=100 HTTP/1.0" 304 - "-" "Expo/2.25.1.1015582 CFNetwork/1331.0.7 Darwin/21.4.0"
::ffff:127.0.0.1 - - [24/Aug/2022:08:52:23 +0000] "GET /api/v1/bills/debt?type=%D0%9E%D1%80%D0%BB%D0%BE%D0%B3%D0%BE HTTP/1.0" 304 - "-" "Expo/2.25.1.1015582 CFNetwork/1331.0.7 Darwin/21.4.0"
::1 - - [24/Aug/2022:08:52:35 +0000] "GET /api/v1/bills/debt?type=%D0%9E%D1%80%D0%BB%D0%BE%D0%B3%D0%BE HTTP/1.0" 304 - "-" "Expo/2.25.1.1015582 CFNetwork/1331.0.7 Darwin/21.4.0"
::ffff:127.0.0.1 - - [24/Aug/2022:08:52:54 +0000] "GET /api/v1/bills/debt?type=%D0%9E%D1%80%D0%BB%D0%BE%D0%B3%D0%BE HTTP/1.0" 304 - "-" "Expo/2.25.1.1015582 CFNetwork/1331.0.7 Darwin/21.4.0"
::1 - - [24/Aug/2022:08:52:56 +0000] "GET /api/v1/bills/debt?type=%D0%9E%D1%80%D0%BB%D0%BE%D0%B3%D0%BE HTTP/1.0" 304 - "-" "Expo/2.25.1.1015582 CFNetwork/1331.0.7 Darwin/21.4.0"
::ffff:127.0.0.1 - - [24/Aug/2022:08:53:52 +0000] "GET /api/v1/bills/debt?type=%D0%9E%D1%80%D0%BB%D0%BE%D0%B3%D0%BE HTTP/1.0" 304 - "-" "Expo/2.25.1.1015582 CFNetwork/1331.0.7 Darwin/21.4.0"
::1 - - [24/Aug/2022:08:56:08 +0000] "GET /api/v1/categories HTTP/1.0" 304 - "-" "Expo/2.25.1.1015582 CFNetwork/1331.0.7 Darwin/21.4.0"
::1 - - [24/Aug/2022:08:56:08 +0000] "GET /api/v1/transactions/basket?limit=100&sort=-createdAt HTTP/1.0" 304 - "-" "Expo/2.25.1.1015582 CFNetwork/1331.0.7 Darwin/21.4.0"
::ffff:127.0.0.1 - - [24/Aug/2022:08:56:08 +0000] "GET /api/v1/goods/user?limit=100 HTTP/1.0" 304 - "-" "Expo/2.25.1.1015582 CFNetwork/1331.0.7 Darwin/21.4.0"
::1 - - [24/Aug/2022:08:56:09 +0000] "GET /api/v1/transactions/basket?limit=100&sort=-createdAt HTTP/1.0" 304 - "-" "Expo/2.25.1.1015582 CFNetwork/1331.0.7 Darwin/21.4.0"
::ffff:127.0.0.1 - - [24/Aug/2022:08:56:09 +0000] "GET /api/v1/goods/user?limit=100 HTTP/1.0" 304 - "-" "Expo/2.25.1.1015582 CFNetwork/1331.0.7 Darwin/21.4.0"
::ffff:127.0.0.1 - - [24/Aug/2022:08:56:11 +0000] "GET /api/v1/bills/debt?type=%D0%9E%D1%80%D0%BB%D0%BE%D0%B3%D0%BE HTTP/1.0" 304 - "-" "Expo/2.25.1.1015582 CFNetwork/1331.0.7 Darwin/21.4.0"
::1 - - [24/Aug/2022:08:56:15 +0000] "GET /api/v1/bills/debt?type=%D0%97%D0%B0%D1%80%D0%BB%D0%B0%D0%B3%D0%B0 HTTP/1.0" 200 1129 "-" "Expo/2.25.1.1015582 CFNetwork/1331.0.7 Darwin/21.4.0"
::ffff:127.0.0.1 - - [24/Aug/2022:08:58:51 +0000] "GET /actuator/gateway/routes HTTP/1.0" 404 162 "-" "Mozilla/5.0 (Windows NT 10.0; Win64; x64) AppleWebKit/537.36 (KHTML, like Gecko) Chrome/78.0.3904.108 Safari/537.36"
::1 - - [24/Aug/2022:09:00:07 +0000] "GET /api/v1/transactions/basket?limit=100&sort=-createdAt HTTP/1.0" 304 - "-" "Expo/2.25.1.1015582 CFNetwork/1331.0.7 Darwin/21.4.0"
::1 - - [24/Aug/2022:09:00:07 +0000] "GET /api/v1/categories HTTP/1.0" 304 - "-" "Expo/2.25.1.1015582 CFNetwork/1331.0.7 Darwin/21.4.0"
::ffff:127.0.0.1 - - [24/Aug/2022:09:00:07 +0000] "GET /api/v1/goods/user?limit=100 HTTP/1.0" 304 - "-" "Expo/2.25.1.1015582 CFNetwork/1331.0.7 Darwin/21.4.0"
::ffff:127.0.0.1 - - [24/Aug/2022:09:00:19 +0000] "GET /api/v1/transactions/basket?limit=100&sort=-createdAt HTTP/1.0" 304 - "-" "Expo/2.25.1.1015582 CFNetwork/1331.0.7 Darwin/21.4.0"
::1 - - [24/Aug/2022:09:00:19 +0000] "GET /api/v1/goods/user?limit=100 HTTP/1.0" 304 - "-" "Expo/2.25.1.1015582 CFNetwork/1331.0.7 Darwin/21.4.0"
