::1 - - [16/Aug/2022:00:07:15 +0000] "GET /static../.git/config HTTP/1.0" 404 159 "-" "Mozilla/5.0 (iPhone; CPU iPhone OS 11_0 like Mac OS X) AppleWebKit/604.1.38 (KHTML, like Gecko) Version/11.0 Mobile/15A372 Safari/604.1"
::ffff:127.0.0.1 - - [16/Aug/2022:00:17:22 +0000] "GET / HTTP/1.0" 404 139 "-" "Mozilla/5.0 (Windows NT 10.0; Win64; x64) AppleWebKit/537.36 (KHTML, like Gecko) Chrome/78.0.3904.108 Safari/537.36"
::1 - - [16/Aug/2022:00:25:01 +0000] "GET / HTTP/1.0" 404 139 "-" "Mozilla/5.0 (Windows NT 6.1; WOW64; rv:8.0) Gecko/20100101 Firefox/8.0"
::ffff:127.0.0.1 - - [16/Aug/2022:01:02:54 +0000] "GET / HTTP/1.0" 404 139 "-" "Mozilla/5.0 (Windows NT 10.0; WOW64) AppleWebKit/537.36 (KHTML, like Gecko) Chrome/52.0.2743.116 Safari/537.36"
::ffff:127.0.0.1 - - [16/Aug/2022:01:47:24 +0000] "GET / HTTP/1.0" 404 139 "-" "Mozilla/5.0 (Windows NT 10.0; Win64; x64) AppleWebKit/537.36 (KHTML, like Gecko) Chrome/78.0.3904.108 Safari/537.36"
::1 - - [16/Aug/2022:01:48:52 +0000] "GET / HTTP/1.0" 404 139 "-" "Mozilla/5.0 (Macintosh; Intel Mac OS X 10_15_7) AppleWebKit/537.36 (KHTML, like Gecko) Chrome/102.0.0.0 Safari/537.36"
::ffff:127.0.0.1 - - [16/Aug/2022:01:58:30 +0000] "GET /actuator/gateway/routes HTTP/1.0" 404 162 "-" "Mozilla/5.0 (Windows NT 10.0; Win64; x64) AppleWebKit/537.36 (KHTML, like Gecko) Chrome/78.0.3904.108 Safari/537.36"
::1 - - [16/Aug/2022:02:06:18 +0000] "GET /.env HTTP/1.0" 404 143 "-" "Mozilla/5.0 (X11; Linux x86_64) AppleWebKit/537.36 (KHTML, like Gecko) Chrome/81.0.4044.129 Safari/537.36"
::ffff:127.0.0.1 - - [16/Aug/2022:02:06:19 +0000] "POST / HTTP/1.0" 404 140 "-" "Mozilla/5.0 (X11; Linux x86_64) AppleWebKit/537.36 (KHTML, like Gecko) Chrome/81.0.4044.129 Safari/537.36"
::1 - - [16/Aug/2022:02:33:37 +0000] "GET / HTTP/1.0" 404 139 "-" "Mozilla/5.0 (compatible; MSIE 9.0; Windows NT 6.1; WOW64; Trident/5.0)"
::ffff:127.0.0.1 - - [16/Aug/2022:02:40:39 +0000] "POST / HTTP/1.0" 404 140 "-" "Mozilla/5.0 (X11; Linux x86_64) AppleWebKit/537.36 (KHTML, like Gecko) Chrome/81.0.4044.129 Safari/537.36"
::1 - - [16/Aug/2022:02:40:40 +0000] "GET /.env HTTP/1.0" 404 143 "-" "Mozilla/5.0 (X11; Linux x86_64) AppleWebKit/537.36 (KHTML, like Gecko) Chrome/81.0.4044.129 Safari/537.36"
::ffff:127.0.0.1 - - [16/Aug/2022:02:48:29 +0000] "GET / HTTP/1.0" 404 139 "-" "Mozilla/5.0 zgrab/0.x"
::ffff:127.0.0.1 - - [16/Aug/2022:04:14:41 +0000] "GET / HTTP/1.0" 404 139 "-" "Mozilla/5.0 (Windows NT 10.0; WOW64) AppleWebKit/537.36 (KHTML, like Gecko) Chrome/52.0.2743.116 Safari/537.36"
::1 - - [16/Aug/2022:04:22:32 +0000] "GET / HTTP/1.0" 404 139 "-" "-"
::ffff:127.0.0.1 - - [16/Aug/2022:04:22:32 +0000] "POST /HNAP1/ HTTP/1.0" 404 146 "-" "Mozila/5.0"
::1 - - [16/Aug/2022:04:28:40 +0000] "GET / HTTP/1.0" 404 139 "http://159.223.82.71:80/left.html" "Mozilla/5.0 (X11; Ubuntu; Linux x86_64; rv:77.0) Gecko/20100101 Firefox/77.0"
::ffff:127.0.0.1 - - [16/Aug/2022:04:51:14 +0000] "GET / HTTP/1.0" 404 139 "-" "Mozilla/5.0 (Macintosh; Intel Mac OS X 10_11_6) AppleWebKit/601.7.7 (KHTML, like Gecko) Version/9.1.2 Safari/601.7.7"
::1 - - [16/Aug/2022:04:55:19 +0000] "GET /wp-load.php HTTP/1.0" 404 150 "www.bing.com" "wp_is_mobile"
::ffff:127.0.0.1 - - [16/Aug/2022:04:55:20 +0000] "GET /style.php HTTP/1.0" 404 148 "www.bing.com" "wp_is_mobile"
::1 - - [16/Aug/2022:04:55:20 +0000] "GET /wp-admin/style.php HTTP/1.0" 404 157 "www.bing.com" "wp_is_mobile"
::ffff:127.0.0.1 - - [16/Aug/2022:04:55:20 +0000] "GET /s_e.php HTTP/1.0" 404 146 "www.bing.com" "wp_is_mobile"
::1 - - [16/Aug/2022:04:55:21 +0000] "GET /s_ne.php HTTP/1.0" 404 147 "www.bing.com" "wp_is_mobile"
::ffff:127.0.0.1 - - [16/Aug/2022:04:55:21 +0000] "GET /1index.php HTTP/1.0" 404 149 "www.bing.com" "Mozilla/5.0 (Windows NT 10.0; Win64; x64) AppleWebKit/537.36 (KHTML, like Gecko) Chrome/90.0.4430.85 Safari/537.36"
::1 - - [16/Aug/2022:04:55:21 +0000] "GET /radio.php HTTP/1.0" 404 148 "www.bing.com" "wp_is_mobile"
::ffff:127.0.0.1 - - [16/Aug/2022:04:55:22 +0000] "GET /doc.php HTTP/1.0" 404 146 "www.bing.com" "wp_is_mobile"
::1 - - [16/Aug/2022:04:55:22 +0000] "GET /wp_wrong_datlib.php HTTP/1.0" 404 158 "www.bing.com" "Mozilla/5.0 (Windows NT 10.0; Win64; x64) AppleWebKit/537.36 (KHTML, like Gecko) Chrome/90.0.4430.85 Safari/537.36"
::ffff:127.0.0.1 - - [16/Aug/2022:04:55:22 +0000] "GET /beence.php HTTP/1.0" 404 149 "www.bing.com" "Mozilla/5.0 (Windows NT 10.0; Win64; x64) AppleWebKit/537.36 (KHTML, like Gecko) Chrome/90.0.4430.85 Safari/537.36"
::1 - - [16/Aug/2022:04:55:23 +0000] "GET /ups.php HTTP/1.0" 404 146 "www.bing.com" "wp_is_mobile"
::ffff:127.0.0.1 - - [16/Aug/2022:04:55:23 +0000] "GET /wp-signin.php?dizo&ping HTTP/1.0" 404 152 "www.bing.com" "wp_is_mobile"
::1 - - [16/Aug/2022:04:55:23 +0000] "GET /media-admin.php HTTP/1.0" 404 154 "www.bing.com" "wp_is_mobile"
::ffff:127.0.0.1 - - [16/Aug/2022:04:55:24 +0000] "GET /export.php HTTP/1.0" 404 149 "www.bing.com" "Mozilla/5.0 (Windows NT 10.0; Win64; x64) AppleWebKit/537.36 (KHTML, like Gecko) Chrome/90.0.4430.85 Safari/537.36"
::1 - - [16/Aug/2022:04:55:24 +0000] "GET /wp-content/export.php HTTP/1.0" 404 160 "www.bing.com" "Mozilla/5.0 (Windows NT 10.0; Win64; x64) AppleWebKit/537.36 (KHTML, like Gecko) Chrome/90.0.4430.85 Safari/537.36"
::ffff:127.0.0.1 - - [16/Aug/2022:04:55:24 +0000] "GET /wp-includes/wp-class.php HTTP/1.0" 404 163 "www.bing.com" "wp_is_mobile"
::1 - - [16/Aug/2022:04:55:25 +0000] "GET /wp-includes/wp-atom.php HTTP/1.0" 404 162 "www.bing.com" "Mozilla/5.0 (Windows NT 10.0; Win64; x64) AppleWebKit/537.36 (KHTML, like Gecko) Chrome/90.0.4430.85 Safari/537.36"
::ffff:127.0.0.1 - - [16/Aug/2022:04:55:25 +0000] "GET /wp-includes/images/css.php HTTP/1.0" 404 165 "www.bing.com" "Mozilla/5.0 (Windows NT 10.0; Win64; x64) AppleWebKit/537.36 (KHTML, like Gecko) Chrome/90.0.4430.85 Safari/537.36"
::1 - - [16/Aug/2022:04:55:25 +0000] "GET /wp-includes/css/css.php HTTP/1.0" 404 162 "www.bing.com" "Mozilla/5.0 (Windows NT 10.0; Win64; x64) AppleWebKit/537.36 (KHTML, like Gecko) Chrome/90.0.4430.85 Safari/537.36"
::ffff:127.0.0.1 - - [16/Aug/2022:04:55:26 +0000] "GET /defau1t.php HTTP/1.0" 404 150 "www.bing.com" "Mozilla/5.0 (Windows NT 10.0; Win64; x64) AppleWebKit/537.36 (KHTML, like Gecko) Chrome/90.0.4430.85 Safari/537.36"
::1 - - [16/Aug/2022:04:55:26 +0000] "GET /moduless.php HTTP/1.0" 404 151 "www.bing.com" "Mozilla/5.0 (Windows NT 10.0; Win64; x64) AppleWebKit/537.36 (KHTML, like Gecko) Chrome/90.0.4430.85 Safari/537.36"
::ffff:127.0.0.1 - - [16/Aug/2022:04:55:26 +0000] "GET /wp-booking.php HTTP/1.0" 404 153 "www.bing.com" "wp_is_mobile"
::1 - - [16/Aug/2022:04:55:27 +0000] "GET /wp-content/plugins/backup_index.php HTTP/1.0" 404 174 "www.bing.com" "wp_is_mobile"
::ffff:127.0.0.1 - - [16/Aug/2022:04:55:27 +0000] "GET /wp-content/mu-plugins/db-safe-mode.php HTTP/1.0" 404 177 "www.bing.com" "wp_is_mobile"
::1 - - [16/Aug/2022:04:55:27 +0000] "GET /wp-includes/css/wp-config.php HTTP/1.0" 404 168 "www.bing.com" "wp_is_mobile"
::ffff:127.0.0.1 - - [16/Aug/2022:04:55:28 +0000] "GET /config.bak.php HTTP/1.0" 404 153 "www.bing.com" "wp_is_mobile"
::1 - - [16/Aug/2022:04:55:28 +0000] "GET /wp-content/themes/config.bak.php HTTP/1.0" 404 171 "www.bing.com" "wp_is_mobile"
::ffff:127.0.0.1 - - [16/Aug/2022:04:55:28 +0000] "GET /legion.php HTTP/1.0" 404 149 "www.bing.com" "wp_is_mobile"
::1 - - [16/Aug/2022:04:55:29 +0000] "GET /wp-content/plugins/wpconfig.bak.php?act=sf HTTP/1.0" 404 174 "www.bing.com" "Mozilla/5.0 (Windows NT 10.0; Win64; x64) AppleWebKit/537.36 (KHTML, like Gecko) Chrome/90.0.4430.85 Safari/537.36"
::ffff:127.0.0.1 - - [16/Aug/2022:04:55:29 +0000] "GET /wp-plugins.php HTTP/1.0" 404 153 "www.bing.com" "wp_is_mobile"
::1 - - [16/Aug/2022:04:55:29 +0000] "GET /gank.php.PhP HTTP/1.0" 404 151 "www.bing.com" "wp_is_mobile"
::ffff:127.0.0.1 - - [16/Aug/2022:04:55:30 +0000] "GET /wp-content/db-cache.php HTTP/1.0" 404 162 "www.bing.com" "wp_is_mobile"
::1 - - [16/Aug/2022:04:55:30 +0000] "GET /archives.php HTTP/1.0" 404 151 "www.bing.com" "Mozilla/5.0 (Windows NT 10.0; Win64; x64) AppleWebKit/537.36 (KHTML, like Gecko) Chrome/90.0.4430.85 Safari/537.36"
::ffff:127.0.0.1 - - [16/Aug/2022:04:55:30 +0000] "GET /defau11.php HTTP/1.0" 404 150 "www.bing.com" "Mozilla/5.0 (Windows NT 10.0; Win64; x64) AppleWebKit/537.36 (KHTML, like Gecko) Chrome/90.0.4430.85 Safari/537.36"
::1 - - [16/Aug/2022:04:55:31 +0000] "GET /wp-content/outcms.php?up HTTP/1.0" 404 160 "www.bing.com" "wp_is_mobile"
::ffff:127.0.0.1 - - [16/Aug/2022:04:55:31 +0000] "GET /system_log.php?bala=up HTTP/1.0" 404 153 "www.bing.com" "wp_is_mobile"
::1 - - [16/Aug/2022:04:55:31 +0000] "GET /wp-backup-sql-302.php HTTP/1.0" 404 160 "www.bing.com" "wp_is_mobile"
::ffff:127.0.0.1 - - [16/Aug/2022:04:55:32 +0000] "GET /error.php?phpshells HTTP/1.0" 404 148 "www.bing.com" "wp_is_mobile"
::1 - - [16/Aug/2022:04:55:32 +0000] "GET /ALFA_DATA HTTP/1.0" 404 148 "www.bing.com" "wp_is_mobile"
::ffff:127.0.0.1 - - [16/Aug/2022:04:55:33 +0000] "GET /alfacgiapi HTTP/1.0" 404 149 "www.bing.com" "wp_is_mobile"
::1 - - [16/Aug/2022:04:55:33 +0000] "GET /cgialfa HTTP/1.0" 404 146 "www.bing.com" "wp_is_mobile"
::ffff:127.0.0.1 - - [16/Aug/2022:04:55:33 +0000] "GET /.well-known/ALFA_DATA HTTP/1.0" 404 160 "www.bing.com" "wp_is_mobile"
::1 - - [16/Aug/2022:04:55:34 +0000] "GET /.well-known/alfacgiapi HTTP/1.0" 404 161 "www.bing.com" "wp_is_mobile"
::ffff:127.0.0.1 - - [16/Aug/2022:04:55:34 +0000] "GET /.well-known/cgialfa HTTP/1.0" 404 158 "www.bing.com" "wp_is_mobile"
::1 - - [16/Aug/2022:04:55:34 +0000] "GET /wp-content/uploads/ALFA_DATA HTTP/1.0" 404 167 "www.bing.com" "wp_is_mobile"
::ffff:127.0.0.1 - - [16/Aug/2022:04:55:35 +0000] "GET /wp-content/uploads/alfacgiapi HTTP/1.0" 404 168 "www.bing.com" "wp_is_mobile"
::1 - - [16/Aug/2022:04:55:35 +0000] "GET /wp-content/uploads/cgialfa HTTP/1.0" 404 165 "www.bing.com" "wp_is_mobile"
::ffff:127.0.0.1 - - [16/Aug/2022:04:55:35 +0000] "GET /wp-includes/ALFA_DATA HTTP/1.0" 404 160 "www.bing.com" "wp_is_mobile"
::1 - - [16/Aug/2022:04:55:36 +0000] "GET /wp-includes/alfacgiapi HTTP/1.0" 404 161 "www.bing.com" "wp_is_mobile"
::ffff:127.0.0.1 - - [16/Aug/2022:04:55:36 +0000] "GET /wp-includes/cgialfa HTTP/1.0" 404 158 "www.bing.com" "wp_is_mobile"
::1 - - [16/Aug/2022:04:55:36 +0000] "GET /wp-admin/ALFA_DATA HTTP/1.0" 404 157 "www.bing.com" "wp_is_mobile"
::ffff:127.0.0.1 - - [16/Aug/2022:04:55:37 +0000] "GET /wp-admin/alfacgiapi HTTP/1.0" 404 158 "www.bing.com" "wp_is_mobile"
::1 - - [16/Aug/2022:04:55:37 +0000] "GET /wp-admin/cgialfa HTTP/1.0" 404 155 "www.bing.com" "wp_is_mobile"
::ffff:127.0.0.1 - - [16/Aug/2022:04:55:37 +0000] "GET /wp-content/ALFA_DATA HTTP/1.0" 404 159 "www.bing.com" "wp_is_mobile"
::1 - - [16/Aug/2022:04:55:38 +0000] "GET /wp-content/alfacgiapi HTTP/1.0" 404 160 "www.bing.com" "wp_is_mobile"
::ffff:127.0.0.1 - - [16/Aug/2022:04:55:38 +0000] "GET /wp-content/cgialfa HTTP/1.0" 404 157 "www.bing.com" "wp_is_mobile"
::1 - - [16/Aug/2022:04:55:39 +0000] "GET /templates/beez3/ALFA_DATA HTTP/1.0" 404 164 "www.bing.com" "wp_is_mobile"
::ffff:127.0.0.1 - - [16/Aug/2022:04:55:39 +0000] "GET /templates/beez3/alfacgiapi HTTP/1.0" 404 165 "www.bing.com" "wp_is_mobile"
::1 - - [16/Aug/2022:04:55:39 +0000] "GET /templates/beez3/cgialfa HTTP/1.0" 404 162 "www.bing.com" "wp_is_mobile"
::ffff:127.0.0.1 - - [16/Aug/2022:04:55:40 +0000] "GET /sites/default/files/ALFA_DATA HTTP/1.0" 404 168 "www.bing.com" "wp_is_mobile"
::1 - - [16/Aug/2022:04:55:40 +0000] "GET /sites/default/files/alfacgiapi HTTP/1.0" 404 169 "www.bing.com" "wp_is_mobile"
::ffff:127.0.0.1 - - [16/Aug/2022:04:55:40 +0000] "GET /sites/default/files/cgialfa HTTP/1.0" 404 166 "www.bing.com" "wp_is_mobile"
::1 - - [16/Aug/2022:04:55:41 +0000] "GET /admin/controller/extension/extension/ALFA_DATA HTTP/1.0" 404 185 "www.bing.com" "wp_is_mobile"
::ffff:127.0.0.1 - - [16/Aug/2022:04:55:41 +0000] "GET /admin/controller/extension/extension/alfacgiapi HTTP/1.0" 404 186 "www.bing.com" "wp_is_mobile"
::1 - - [16/Aug/2022:04:55:41 +0000] "GET /admin/controller/extension/extension/cgialfa HTTP/1.0" 404 183 "www.bing.com" "wp_is_mobile"
::ffff:127.0.0.1 - - [16/Aug/2022:04:55:42 +0000] "GET /wp-content/plugins/ubh/up.php HTTP/1.0" 404 168 "www.bing.com" "wp_is_mobile"
::1 - - [16/Aug/2022:04:55:42 +0000] "GET /index.php?3x=3x HTTP/1.0" 404 148 "www.bing.com" "wp_is_mobile"
::ffff:127.0.0.1 - - [16/Aug/2022:04:55:42 +0000] "GET /olux.php HTTP/1.0" 404 147 "www.bing.com" "wp_is_mobile"
::1 - - [16/Aug/2022:04:55:42 +0000] "GET /xleet.php HTTP/1.0" 404 148 "www.bing.com" "wp_is_mobile"
::ffff:127.0.0.1 - - [16/Aug/2022:04:55:42 +0000] "GET /wso.php HTTP/1.0" 404 146 "www.bing.com" "wp_is_mobile"
::1 - - [16/Aug/2022:04:55:42 +0000] "GET /shell.php HTTP/1.0" 404 148 "www.bing.com" "wp_is_mobile"
::ffff:127.0.0.1 - - [16/Aug/2022:04:55:43 +0000] "GET /up.php HTTP/1.0" 404 145 "www.bing.com" "wp_is_mobile"
::1 - - [16/Aug/2022:04:55:43 +0000] "GET /upload.php HTTP/1.0" 404 149 "www.bing.com" "wp_is_mobile"
::ffff:127.0.0.1 - - [16/Aug/2022:04:55:43 +0000] "GET /1.php HTTP/1.0" 404 144 "www.bing.com" "wp_is_mobile"
::1 - - [16/Aug/2022:04:55:43 +0000] "GET /x.php HTTP/1.0" 404 144 "www.bing.com" "wp_is_mobile"
::ffff:127.0.0.1 - - [16/Aug/2022:04:55:43 +0000] "GET /z.php HTTP/1.0" 404 144 "www.bing.com" "wp_is_mobile"
::1 - - [16/Aug/2022:04:55:43 +0000] "GET /a.php HTTP/1.0" 404 144 "www.bing.com" "wp_is_mobile"
::ffff:127.0.0.1 - - [16/Aug/2022:04:55:44 +0000] "GET /test.php HTTP/1.0" 404 147 "www.bing.com" "wp_is_mobile"
::1 - - [16/Aug/2022:04:55:44 +0000] "GET /wp.php HTTP/1.0" 404 145 "www.bing.com" "wp_is_mobile"
::ffff:127.0.0.1 - - [16/Aug/2022:04:55:44 +0000] "GET /alfa.php HTTP/1.0" 404 147 "www.bing.com" "wp_is_mobile"
::1 - - [16/Aug/2022:04:55:44 +0000] "GET /config.php HTTP/1.0" 404 149 "www.bing.com" "wp_is_mobile"
::ffff:127.0.0.1 - - [16/Aug/2022:04:55:44 +0000] "GET /templates/beez3/index.php HTTP/1.0" 404 164 "www.bing.com" "wp_is_mobile"
::1 - - [16/Aug/2022:04:55:44 +0000] "GET /about.php HTTP/1.0" 404 148 "www.bing.com" "wp_is_mobile"
::ffff:127.0.0.1 - - [16/Aug/2022:04:55:45 +0000] "GET /shells.php HTTP/1.0" 404 149 "www.bing.com" "wp_is_mobile"
::1 - - [16/Aug/2022:04:58:47 +0000] "POST / HTTP/1.0" 404 140 "-" "Mozilla/5.0 (X11; Linux x86_64) AppleWebKit/537.36 (KHTML, like Gecko) Chrome/81.0.4044.129 Safari/537.36"
::ffff:127.0.0.1 - - [16/Aug/2022:04:58:48 +0000] "GET /.env HTTP/1.0" 404 143 "-" "Mozilla/5.0 (X11; Linux x86_64) AppleWebKit/537.36 (KHTML, like Gecko) Chrome/81.0.4044.129 Safari/537.36"
::1 - - [16/Aug/2022:05:03:50 +0000] "GET / HTTP/1.0" 404 139 "-" "-"
::ffff:127.0.0.1 - - [16/Aug/2022:05:05:56 +0000] "GET /.env HTTP/1.0" 404 143 "-" "Mozilla/5.0 (X11; Linux x86_64) AppleWebKit/537.36 (KHTML, like Gecko) Chrome/81.0.4044.129 Safari/537.36"
::1 - - [16/Aug/2022:05:05:56 +0000] "POST / HTTP/1.0" 404 140 "-" "Mozilla/5.0 (X11; Linux x86_64) AppleWebKit/537.36 (KHTML, like Gecko) Chrome/81.0.4044.129 Safari/537.36"
::ffff:127.0.0.1 - - [16/Aug/2022:05:47:41 +0000] "GET / HTTP/1.0" 404 139 "-" "-"
::1 - - [16/Aug/2022:06:41:47 +0000] "GET / HTTP/1.0" 404 139 "-" "Mozilla/5.0 (Windows NT 10.0; WOW64) AppleWebKit/537.36 (KHTML, like Gecko) Chrome/51.0.2704.103 Safari/537.36"
::ffff:127.0.0.1 - - [16/Aug/2022:07:14:08 +0000] "POST / HTTP/1.0" 404 140 "-" "Mozilla/5.0 (X11; Linux x86_64) AppleWebKit/537.36 (KHTML, like Gecko) Chrome/81.0.4044.129 Safari/537.36"
::1 - - [16/Aug/2022:07:14:08 +0000] "GET /.env HTTP/1.0" 404 143 "-" "Mozilla/5.0 (X11; Linux x86_64) AppleWebKit/537.36 (KHTML, like Gecko) Chrome/81.0.4044.129 Safari/537.36"
::1 - - [16/Aug/2022:07:57:44 +0000] "GET /api/v1/categories HTTP/1.0" 304 - "-" "okhttp/4.9.2"
::ffff:127.0.0.1 - - [16/Aug/2022:07:57:44 +0000] "GET /api/v1/transactions/basket?limit=100&sort=-createdAt HTTP/1.0" 304 - "-" "okhttp/4.9.2"
::ffff:127.0.0.1 - - [16/Aug/2022:07:57:44 +0000] "GET /api/v1/goods/user?limit=100 HTTP/1.0" 304 - "-" "okhttp/4.9.2"
::ffff:127.0.0.1 - - [16/Aug/2022:07:57:49 +0000] "GET /api/v1/transactions/basket?limit=100&sort=-createdAt HTTP/1.0" 304 - "-" "okhttp/4.9.2"
::1 - - [16/Aug/2022:07:57:49 +0000] "GET /api/v1/goods/user?limit=100 HTTP/1.0" 304 - "-" "okhttp/4.9.2"
::1 - - [16/Aug/2022:07:57:51 +0000] "GET /api/v1/bills/user?limit=1000&sort=-createdAt&type=%D0%9E%D1%80%D0%BB%D0%BE%D0%B3%D0%BE HTTP/1.0" 304 - "-" "okhttp/4.9.2"
::ffff:127.0.0.1 - - [16/Aug/2022:07:57:59 +0000] "GET /api/v1/bills/user?limit=1000&sort=-createdAt&type=%D0%97%D0%B0%D1%80%D0%BB%D0%B0%D0%B3%D0%B0 HTTP/1.0" 200 635 "-" "okhttp/4.9.2"
::1 - - [16/Aug/2022:07:58:03 +0000] "GET /api/v1/goods/user?limit=100 HTTP/1.0" 304 - "-" "okhttp/4.9.2"
::1 - - [16/Aug/2022:07:58:05 +0000] "GET /api/v1/templates?createUser=62f4a1f38e470b4b6899ba02 HTTP/1.0" 304 - "-" "okhttp/4.9.2"
::ffff:127.0.0.1 - - [16/Aug/2022:07:58:05 +0000] "GET /api/v1/goods/user?limit=100 HTTP/1.0" 304 - "-" "okhttp/4.9.2"
::1 - - [16/Aug/2022:07:58:07 +0000] "GET /api/v1/users/62f4a1f38e470b4b6899ba02 HTTP/1.0" 304 - "-" "okhttp/4.9.2"
::ffff:127.0.0.1 - - [16/Aug/2022:07:58:07 +0000] "GET /api/v1/templates?createUser=62f4a1f38e470b4b6899ba02 HTTP/1.0" 304 - "-" "okhttp/4.9.2"
::1 - - [16/Aug/2022:07:58:09 +0000] "GET /api/v1/transactions/basket?limit=100&sort=-createdAt HTTP/1.0" 304 - "-" "okhttp/4.9.2"
::ffff:127.0.0.1 - - [16/Aug/2022:07:58:09 +0000] "GET /api/v1/goods/user?limit=100 HTTP/1.0" 304 - "-" "okhttp/4.9.2"
::1 - - [16/Aug/2022:07:58:11 +0000] "GET /api/v1/transactions/basket?limit=100&sort=-createdAt HTTP/1.0" 304 - "-" "okhttp/4.9.2"
::ffff:127.0.0.1 - - [16/Aug/2022:07:58:11 +0000] "GET /api/v1/goods/user?limit=100 HTTP/1.0" 304 - "-" "okhttp/4.9.2"
::ffff:127.0.0.1 - - [16/Aug/2022:07:58:11 +0000] "GET /api/v1/goods/user?limit=100 HTTP/1.0" 304 - "-" "okhttp/4.9.2"
::1 - - [16/Aug/2022:07:58:13 +0000] "GET /api/v1/transactions/basket?limit=100&sort=-createdAt HTTP/1.0" 304 - "-" "okhttp/4.9.2"
::1 - - [16/Aug/2022:07:58:13 +0000] "GET /api/v1/goods/user?limit=100 HTTP/1.0" 304 - "-" "okhttp/4.9.2"
::ffff:127.0.0.1 - - [16/Aug/2022:07:58:13 +0000] "GET /api/v1/goods/user?limit=100 HTTP/1.0" 304 - "-" "okhttp/4.9.2"
::1 - - [16/Aug/2022:07:58:15 +0000] "GET /api/v1/transactions/basket?limit=100&sort=-createdAt HTTP/1.0" 304 - "-" "okhttp/4.9.2"
::ffff:127.0.0.1 - - [16/Aug/2022:07:58:15 +0000] "GET /api/v1/goods/user?limit=100 HTTP/1.0" 304 - "-" "okhttp/4.9.2"
::ffff:127.0.0.1 - - [16/Aug/2022:07:58:16 +0000] "GET /api/v1/templates?createUser=62f4a1f38e470b4b6899ba02 HTTP/1.0" 304 - "-" "okhttp/4.9.2"
::1 - - [16/Aug/2022:07:58:17 +0000] "GET /api/v1/templates?createUser=62f4a1f38e470b4b6899ba02 HTTP/1.0" 304 - "-" "okhttp/4.9.2"
::ffff:127.0.0.1 - - [16/Aug/2022:07:58:26 +0000] "GET /api/v1/goods/user?limit=100 HTTP/1.0" 304 - "-" "okhttp/4.9.2"
::1 - - [16/Aug/2022:07:59:37 +0000] "GET / HTTP/1.0" 404 139 "-" "python-requests/2.28.1"
::ffff:127.0.0.1 - - [16/Aug/2022:08:06:25 +0000] "GET /.env HTTP/1.0" 404 143 "-" "Mozilla/5.0 (X11; Linux x86_64) AppleWebKit/537.36 (KHTML, like Gecko) Chrome/81.0.4044.129 Safari/537.36"
::1 - - [16/Aug/2022:08:06:25 +0000] "POST / HTTP/1.0" 404 140 "-" "Mozilla/5.0 (X11; Linux x86_64) AppleWebKit/537.36 (KHTML, like Gecko) Chrome/81.0.4044.129 Safari/537.36"
::ffff:127.0.0.1 - - [16/Aug/2022:08:08:07 +0000] "GET /api/v1/goods/user?limit=100 HTTP/1.0" 304 - "-" "okhttp/4.9.2"
::1 - - [16/Aug/2022:08:11:14 +0000] "GET / HTTP/1.0" 404 139 "-" "Linux Gnu (cow)"
::ffff:127.0.0.1 - - [16/Aug/2022:08:16:30 +0000] "GET /upload/undefined HTTP/1.0" 404 155 "-" "okhttp/4.9.2"
::ffff:127.0.0.1 - - [16/Aug/2022:08:16:31 +0000] "GET /api/v1/goods/62f4a2598e470b4b6899ba12 HTTP/1.0" 304 - "-" "okhttp/4.9.2"
::1 - - [16/Aug/2022:08:16:31 +0000] "GET /api/v1/transactions/user?good=62f4a2598e470b4b6899ba12&sort=-createdAt HTTP/1.0" 304 - "-" "okhttp/4.9.2"
::1 - - [16/Aug/2022:08:17:57 +0000] "GET /upload/undefined HTTP/1.0" 404 155 "-" "okhttp/4.9.2"
::ffff:127.0.0.1 - - [16/Aug/2022:08:17:57 +0000] "GET /api/v1/goods/62f99f4a8e470b4b6899c27c HTTP/1.0" 304 - "-" "okhttp/4.9.2"
::1 - - [16/Aug/2022:08:17:57 +0000] "GET /api/v1/transactions/user?good=62f99f4a8e470b4b6899c27c&sort=-createdAt HTTP/1.0" 200 1033 "-" "okhttp/4.9.2"
::1 - - [16/Aug/2022:08:18:48 +0000] "GET /api/v1/transactions/basket?limit=100&sort=-createdAt HTTP/1.0" 304 - "-" "okhttp/4.9.2"
::ffff:127.0.0.1 - - [16/Aug/2022:08:18:48 +0000] "GET /api/v1/goods/user?limit=100 HTTP/1.0" 304 - "-" "okhttp/4.9.2"
::1 - - [16/Aug/2022:08:18:50 +0000] "GET /api/v1/transactions/basket?limit=100&sort=-createdAt HTTP/1.0" 304 - "-" "okhttp/4.9.2"
::ffff:127.0.0.1 - - [16/Aug/2022:08:18:50 +0000] "GET /api/v1/goods/user?limit=100 HTTP/1.0" 304 - "-" "okhttp/4.9.2"
::ffff:127.0.0.1 - - [16/Aug/2022:08:25:10 +0000] "GET /api/v1/transactions/basket?limit=100&sort=-createdAt HTTP/1.0" 304 - "-" "okhttp/4.9.2"
::1 - - [16/Aug/2022:08:25:10 +0000] "GET /api/v1/goods/user?limit=100 HTTP/1.0" 304 - "-" "okhttp/4.9.2"
::1 - - [16/Aug/2022:08:25:31 +0000] "GET /api/v1/transactions/basket?limit=100&sort=-createdAt HTTP/1.0" 304 - "-" "okhttp/4.9.2"
::ffff:127.0.0.1 - - [16/Aug/2022:08:25:31 +0000] "GET /api/v1/goods/user?limit=100 HTTP/1.0" 304 - "-" "okhttp/4.9.2"
::ffff:127.0.0.1 - - [16/Aug/2022:08:31:04 +0000] "GET /api/v1/goods/user?limit=100 HTTP/1.0" 304 - "-" "okhttp/4.9.2"
::1 - - [16/Aug/2022:08:33:20 +0000] "GET /upload/undefined HTTP/1.0" 404 155 "-" "okhttp/4.9.2"
::ffff:127.0.0.1 - - [16/Aug/2022:08:33:20 +0000] "GET /api/v1/goods/62f4a2598e470b4b6899ba12 HTTP/1.0" 304 - "-" "okhttp/4.9.2"
::1 - - [16/Aug/2022:08:33:20 +0000] "GET /api/v1/transactions/user?good=62f4a2598e470b4b6899ba12&sort=-createdAt HTTP/1.0" 304 - "-" "okhttp/4.9.2"
::ffff:127.0.0.1 - - [16/Aug/2022:08:39:45 +0000] "GET / HTTP/1.0" 404 139 "-" "Mozilla/5.0 (Windows NT 10.0; Win64; x64) AppleWebKit/537.36 (KHTML, like Gecko) Chrome/88.0.4324.182 Safari/537.36"
::1 - - [16/Aug/2022:08:42:17 +0000] "GET / HTTP/1.0" 404 139 "-" "Mozilla/5.0 (Windows NT 10.0; WOW64) AppleWebKit/537.36 (KHTML, like Gecko) Chrome/51.0.2704.103 Safari/537.36"
::ffff:127.0.0.1 - - [16/Aug/2022:08:45:20 +0000] "GET / HTTP/1.0" 404 139 "-" "Mozilla/5.0 (compatible, MSIE 10.0, Windows NT, DigExt)"
::1 - - [16/Aug/2022:08:54:05 +0000] "GET / HTTP/1.0" 404 139 "-" "Mozilla/5.0 (Windows NT 10.0; Win64; x64) AppleWebKit/537.36 (KHTML, like Gecko) Chrome/60.0.3112.113 Safari/537.36"
::ffff:127.0.0.1 - - [16/Aug/2022:08:57:01 +0000] "GET / HTTP/1.0" 404 139 "-" "curl/7.64.1"
::1 - - [16/Aug/2022:08:57:11 +0000] "GET / HTTP/1.0" 404 139 "-" "Mozilla/5.0 (Macintosh; Intel Mac OS X 10_15_7) AppleWebKit/537.36 (KHTML, like Gecko) Chrome/96.0.4664.110 Safari/537.36"
::ffff:127.0.0.1 - - [16/Aug/2022:08:57:12 +0000] "GET /favicon.ico HTTP/1.0" 404 150 "-" "Mozilla/5.0 (Macintosh; Intel Mac OS X 10_15_7) AppleWebKit/537.36 (KHTML, like Gecko) Chrome/96.0.4664.110 Safari/537.36"
::1 - - [16/Aug/2022:08:59:57 +0000] "POST /api/v1/users/login HTTP/1.0" 401 123 "-" "okhttp/4.9.2"
::ffff:127.0.0.1 - - [16/Aug/2022:09:00:17 +0000] "POST /api/v1/users/login HTTP/1.0" 200 503 "-" "okhttp/4.9.2"
::1 - - [16/Aug/2022:09:00:18 +0000] "GET /api/v1/categories HTTP/1.0" 200 426 "-" "okhttp/4.9.2"
::1 - - [16/Aug/2022:09:00:18 +0000] "GET /api/v1/transactions/basket?limit=100&sort=-createdAt HTTP/1.0" 200 122 "-" "okhttp/4.9.2"
::ffff:127.0.0.1 - - [16/Aug/2022:09:00:18 +0000] "GET /api/v1/goods/user?limit=100 HTTP/1.0" 200 2670 "-" "okhttp/4.9.2"
::1 - - [16/Aug/2022:09:00:22 +0000] "GET /api/v1/transactions/basket?limit=100&sort=-createdAt HTTP/1.0" 304 - "-" "okhttp/4.9.2"
::ffff:127.0.0.1 - - [16/Aug/2022:09:00:22 +0000] "GET /api/v1/goods/user?limit=100 HTTP/1.0" 304 - "-" "okhttp/4.9.2"
::ffff:127.0.0.1 - - [16/Aug/2022:09:06:39 +0000] "GET /api/v1/goods/user?limit=100 HTTP/1.0" 304 - "-" "okhttp/4.9.2"
::1 - - [16/Aug/2022:09:21:40 +0000] "GET / HTTP/1.0" 404 139 "-" "Mozilla/5.0 (Macintosh; Intel Mac OS X 10_15_7) AppleWebKit/537.36 (KHTML, like Gecko) Chrome/102.0.0.0 Safari/537.36"
::ffff:127.0.0.1 - - [16/Aug/2022:09:24:07 +0000] "GET /api/v1/bills/user?limit=1000&sort=-createdAt&type=%D0%9E%D1%80%D0%BB%D0%BE%D0%B3%D0%BE HTTP/1.0" 200 1411 "-" "okhttp/4.9.2"
::1 - - [16/Aug/2022:09:24:10 +0000] "GET /api/v1/goods/user?limit=100 HTTP/1.0" 304 - "-" "okhttp/4.9.2"
::ffff:127.0.0.1 - - [16/Aug/2022:09:27:52 +0000] "POST / HTTP/1.0" 404 140 "-" "Mozilla/5.0 (X11; Linux x86_64) AppleWebKit/537.36 (KHTML, like Gecko) Chrome/81.0.4044.129 Safari/537.36"
::1 - - [16/Aug/2022:09:27:52 +0000] "GET /.env HTTP/1.0" 404 143 "-" "Mozilla/5.0 (X11; Linux x86_64) AppleWebKit/537.36 (KHTML, like Gecko) Chrome/81.0.4044.129 Safari/537.36"
::ffff:127.0.0.1 - - [16/Aug/2022:09:36:28 +0000] "POST /api/v1/users/login HTTP/1.0" 200 503 "-" "okhttp/4.9.2"
::1 - - [16/Aug/2022:09:36:29 +0000] "GET /api/v1/goods/user?limit=100 HTTP/1.0" 200 2670 "-" "okhttp/4.9.2"
::ffff:127.0.0.1 - - [16/Aug/2022:09:36:29 +0000] "GET /api/v1/categories HTTP/1.0" 200 426 "-" "okhttp/4.9.2"
::1 - - [16/Aug/2022:09:36:29 +0000] "GET /api/v1/transactions/basket?limit=100&sort=-createdAt HTTP/1.0" 200 122 "-" "okhttp/4.9.2"
::1 - - [16/Aug/2022:09:36:34 +0000] "GET /api/v1/transactions/basket?limit=100&sort=-createdAt HTTP/1.0" 304 - "-" "okhttp/4.9.2"
::ffff:127.0.0.1 - - [16/Aug/2022:09:36:34 +0000] "GET /api/v1/goods/user?limit=100 HTTP/1.0" 304 - "-" "okhttp/4.9.2"
::1 - - [16/Aug/2022:09:36:50 +0000] "GET /api/v1/categories HTTP/1.0" 304 - "-" "okhttp/4.9.2"
::ffff:127.0.0.1 - - [16/Aug/2022:09:36:50 +0000] "GET /api/v1/transactions/basket?limit=100&sort=-createdAt HTTP/1.0" 304 - "-" "okhttp/4.9.2"
::ffff:127.0.0.1 - - [16/Aug/2022:09:36:50 +0000] "GET /api/v1/goods/user?limit=100 HTTP/1.0" 304 - "-" "okhttp/4.9.2"
::1 - - [16/Aug/2022:09:37:18 +0000] "GET /api/v1/transactions/basket?limit=100&sort=-createdAt HTTP/1.0" 304 - "-" "okhttp/4.9.2"
::ffff:127.0.0.1 - - [16/Aug/2022:09:37:18 +0000] "GET /api/v1/goods/user?limit=100 HTTP/1.0" 304 - "-" "okhttp/4.9.2"
::ffff:127.0.0.1 - - [16/Aug/2022:10:04:35 +0000] "GET /api/v1/transactions/basket?limit=100&sort=-createdAt HTTP/1.0" 304 - "-" "okhttp/4.9.2"
::1 - - [16/Aug/2022:10:04:35 +0000] "GET /api/v1/goods/user?limit=100 HTTP/1.0" 304 - "-" "okhttp/4.9.2"
::1 - - [16/Aug/2022:10:04:44 +0000] "GET /api/v1/transactions/basket?limit=100&sort=-createdAt HTTP/1.0" 304 - "-" "okhttp/4.9.2"
::ffff:127.0.0.1 - - [16/Aug/2022:10:04:44 +0000] "GET /api/v1/categories HTTP/1.0" 304 - "-" "okhttp/4.9.2"
::1 - - [16/Aug/2022:10:04:44 +0000] "GET /api/v1/goods/user?limit=100 HTTP/1.0" 304 - "-" "okhttp/4.9.2"
::ffff:127.0.0.1 - - [16/Aug/2022:10:05:53 +0000] "GET /boaform/admin/formLogin?username=ec8&psd=ec8 HTTP/1.0" 404 162 "-" "-"
::1 - - [16/Aug/2022:10:06:38 +0000] "GET /api/v1/goods/user?barCode=4600680010632 HTTP/1.0" 200 544 "-" "okhttp/4.9.2"
::ffff:127.0.0.1 - - [16/Aug/2022:10:07:19 +0000] "GET /api/v1/goods/user?barCode=4311501713938 HTTP/1.0" 200 117 "-" "okhttp/4.9.2"
::1 - - [16/Aug/2022:10:07:44 +0000] "GET /api/v1/goods/user?barCode=4311501713938 HTTP/1.0" 304 - "-" "okhttp/4.9.2"
::1 - - [16/Aug/2022:10:38:38 +0000] "GET / HTTP/1.0" 404 139 "-" "Mozilla/5.0 (Windows NT 10.0; Win64; x64; rv:79.0) Gecko/20100101 Firefox/79.0"
::ffff:127.0.0.1 - - [16/Aug/2022:10:44:07 +0000] "GET / HTTP/1.0" 404 139 "-" "Expanse, a Palo Alto Networks company, searches across the global IPv4 space multiple times per day to identify customers&#39; presences on the Internet. If you would like to be excluded from our scans, please send IP addresses/domains to: scaninfo@paloaltonetworks.com"
::1 - - [16/Aug/2022:11:06:30 +0000] "GET /.env HTTP/1.0" 404 143 "-" "Mozilla/5.0 (X11; Linux x86_64) AppleWebKit/537.36 (KHTML, like Gecko) Chrome/81.0.4044.129 Safari/537.36"
::ffff:127.0.0.1 - - [16/Aug/2022:11:06:31 +0000] "POST / HTTP/1.0" 404 140 "-" "Mozilla/5.0 (X11; Linux x86_64) AppleWebKit/537.36 (KHTML, like Gecko) Chrome/81.0.4044.129 Safari/537.36"
::1 - - [16/Aug/2022:11:40:49 +0000] "POST / HTTP/1.0" 404 140 "-" "Mozilla/5.0 (X11; Linux x86_64) AppleWebKit/537.36 (KHTML, like Gecko) Chrome/81.0.4044.129 Safari/537.36"
::ffff:127.0.0.1 - - [16/Aug/2022:11:40:50 +0000] "GET /.env HTTP/1.0" 404 143 "-" "Mozilla/5.0 (X11; Linux x86_64) AppleWebKit/537.36 (KHTML, like Gecko) Chrome/81.0.4044.129 Safari/537.36"
::1 - - [16/Aug/2022:12:04:38 +0000] "GET / HTTP/1.0" 404 139 "-" "Mozilla/5.0 (Macintosh; U; Intel Mac OS X 10_6_8; en-us) AppleWebKit/534.50 (KHTML, like Gecko) Version/5.1 Safari/534.50"
::ffff:127.0.0.1 - - [16/Aug/2022:13:50:37 +0000] "POST / HTTP/1.0" 404 140 "-" "Mozilla/5.0 (X11; Linux x86_64) AppleWebKit/537.36 (KHTML, like Gecko) Chrome/81.0.4044.129 Safari/537.36"
::1 - - [16/Aug/2022:13:50:37 +0000] "GET /.env HTTP/1.0" 404 143 "-" "Mozilla/5.0 (X11; Linux x86_64) AppleWebKit/537.36 (KHTML, like Gecko) Chrome/81.0.4044.129 Safari/537.36"
::ffff:127.0.0.1 - - [16/Aug/2022:13:59:05 +0000] "GET / HTTP/1.0" 404 139 "-" "Linux Gnu (cow)"
::1 - - [16/Aug/2022:14:07:01 +0000] "GET /.env HTTP/1.0" 404 143 "-" "Mozilla/5.0 (X11; Linux x86_64) AppleWebKit/537.36 (KHTML, like Gecko) Chrome/81.0.4044.129 Safari/537.36"
::ffff:127.0.0.1 - - [16/Aug/2022:14:07:03 +0000] "POST / HTTP/1.0" 404 140 "-" "Mozilla/5.0 (X11; Linux x86_64) AppleWebKit/537.36 (KHTML, like Gecko) Chrome/81.0.4044.129 Safari/537.36"
::1 - - [16/Aug/2022:14:45:05 +0000] "POST /vendor/phpunit/phpunit/src/Util/PHP/eval-stdin.php HTTP/1.0" 404 190 "-" "Mozilla/5.0 (Windows NT 10.0; Win64; x64) AppleWebKit/537.36 (KHTML, like Gecko) Chrome/78.0.3904.108 Safari/537.36"
::ffff:127.0.0.1 - - [16/Aug/2022:14:55:56 +0000] "GET / HTTP/1.0" 404 139 "-" "-"
::1 - - [16/Aug/2022:14:56:01 +0000] "GET /favicon.ico HTTP/1.0" 404 150 "-" "Mozilla/5.0 (X11; Linux x86_64) AppleWebKit/537.36 (KHTML, like Gecko) Chrome/86.0.4 240.111 Safari/537.36"
::ffff:127.0.0.1 - - [16/Aug/2022:14:56:05 +0000] "GET /robots.txt HTTP/1.0" 404 149 "-" "Mozilla/5.0 (X11; Linux x86_64) AppleWebKit/537.36 (KHTML, like Gecko) Chrome/86.0.4 240.111 Safari/537.36"
::1 - - [16/Aug/2022:14:56:08 +0000] "GET /.well-known/security.txt HTTP/1.0" 404 163 "-" "Mozilla/5.0 (X11; Linux x86_64) AppleWebKit/537.36 (KHTML, like Gecko) Chrome/86.0.4 240.111 Safari/537.36"
::ffff:127.0.0.1 - - [16/Aug/2022:15:34:14 +0000] "GET /vendor/phpunit/phpunit/src/Util/PHP/eval-stdin.php HTTP/1.0" 404 189 "-" "Mozilla/5.0 (Windows NT 10.0; Win64; x64) AppleWebKit/537.36 (KHTML, like Gecko) Chrome/78.0.3904.108 Safari/537.36"
::1 - - [16/Aug/2022:15:47:16 +0000] "POST /api/v1/users HTTP/1.0" 200 532 "-" "Expo/2.25.1.1015582 CFNetwork/1331.0.7 Darwin/21.4.0"
::ffff:127.0.0.1 - - [16/Aug/2022:15:47:30 +0000] "POST /api/v1/users/login HTTP/1.0" 200 532 "-" "Expo/2.25.1.1015582 CFNetwork/1331.0.7 Darwin/21.4.0"
::1 - - [16/Aug/2022:15:47:30 +0000] "GET /api/v1/categories HTTP/1.0" 200 426 "-" "Expo/2.25.1.1015582 CFNetwork/1331.0.7 Darwin/21.4.0"
::ffff:127.0.0.1 - - [16/Aug/2022:15:47:30 +0000] "GET /api/v1/transactions/basket?limit=100&sort=-createdAt HTTP/1.0" 200 122 "-" "Expo/2.25.1.1015582 CFNetwork/1331.0.7 Darwin/21.4.0"
::1 - - [16/Aug/2022:15:47:30 +0000] "GET /api/v1/goods/user?limit=100 HTTP/1.0" 200 107 "-" "Expo/2.25.1.1015582 CFNetwork/1331.0.7 Darwin/21.4.0"
::ffff:127.0.0.1 - - [16/Aug/2022:15:47:34 +0000] "GET /api/v1/goods/user?limit=100 HTTP/1.0" 304 - "-" "Expo/2.25.1.1015582 CFNetwork/1331.0.7 Darwin/21.4.0"
::1 - - [16/Aug/2022:15:47:34 +0000] "GET /api/v1/categories HTTP/1.0" 304 - "-" "Expo/2.25.1.1015582 CFNetwork/1331.0.7 Darwin/21.4.0"
::1 - - [16/Aug/2022:15:48:24 +0000] "POST /api/v1/goods HTTP/1.0" 200 368 "-" "Expo/2.25.1.1015582 CFNetwork/1331.0.7 Darwin/21.4.0"
::ffff:127.0.0.1 - - [16/Aug/2022:15:48:24 +0000] "POST /api/v1/transactions HTTP/1.0" 200 256 "-" "Expo/2.25.1.1015582 CFNetwork/1331.0.7 Darwin/21.4.0"
::1 - - [16/Aug/2022:15:48:24 +0000] "GET /api/v1/transactions/basket?limit=100&sort=-createdAt HTTP/1.0" 200 432 "-" "Expo/2.25.1.1015582 CFNetwork/1331.0.7 Darwin/21.4.0"
::ffff:127.0.0.1 - - [16/Aug/2022:15:48:24 +0000] "GET /api/v1/goods/user?limit=100 HTTP/1.0" 200 532 "-" "Expo/2.25.1.1015582 CFNetwork/1331.0.7 Darwin/21.4.0"
::1 - - [16/Aug/2022:15:48:27 +0000] "PUT /api/v1/goods/62fbbc48fd2881af5a4e55aa/upload-photo HTTP/1.0" 200 60 "-" "Expo/2.25.1.1015582 CFNetwork/1331.0.7 Darwin/21.4.0"
::ffff:127.0.0.1 - - [16/Aug/2022:15:48:42 +0000] "GET /api/v1/categories HTTP/1.0" 304 - "-" "Expo/2.25.1.1015582 CFNetwork/1331.0.7 Darwin/21.4.0"
::1 - - [16/Aug/2022:15:48:42 +0000] "GET /api/v1/goods/user?limit=100 HTTP/1.0" 200 554 "-" "Expo/2.25.1.1015582 CFNetwork/1331.0.7 Darwin/21.4.0"
::ffff:127.0.0.1 - - [16/Aug/2022:15:48:42 +0000] "GET /api/v1/transactions/basket?limit=100&sort=-createdAt HTTP/1.0" 200 454 "-" "Expo/2.25.1.1015582 CFNetwork/1331.0.7 Darwin/21.4.0"
::1 - - [16/Aug/2022:15:50:10 +0000] "POST /api/v1/goods HTTP/1.0" 200 371 "-" "Expo/2.25.1.1015582 CFNetwork/1331.0.7 Darwin/21.4.0"
::ffff:127.0.0.1 - - [16/Aug/2022:15:50:10 +0000] "POST /api/v1/transactions HTTP/1.0" 200 256 "-" "Expo/2.25.1.1015582 CFNetwork/1331.0.7 Darwin/21.4.0"
::1 - - [16/Aug/2022:15:50:10 +0000] "GET /api/v1/transactions/basket?limit=100&sort=-createdAt HTTP/1.0" 200 767 "-" "Expo/2.25.1.1015582 CFNetwork/1331.0.7 Darwin/21.4.0"
::ffff:127.0.0.1 - - [16/Aug/2022:15:50:10 +0000] "GET /api/v1/goods/user?limit=100 HTTP/1.0" 200 960 "-" "Expo/2.25.1.1015582 CFNetwork/1331.0.7 Darwin/21.4.0"
::1 - - [16/Aug/2022:15:50:11 +0000] "PUT /api/v1/goods/62fbbcb1fd2881af5a4e55bf/upload-photo HTTP/1.0" 200 60 "-" "Expo/2.25.1.1015582 CFNetwork/1331.0.7 Darwin/21.4.0"
::ffff:127.0.0.1 - - [16/Aug/2022:15:50:20 +0000] "POST /api/v1/templates HTTP/1.0" 200 194 "-" "Expo/2.25.1.1015582 CFNetwork/1331.0.7 Darwin/21.4.0"
::1 - - [16/Aug/2022:15:50:20 +0000] "POST /api/v1/bills/receipt HTTP/1.0" 200 285 "-" "Expo/2.25.1.1015582 CFNetwork/1331.0.7 Darwin/21.4.0"
::ffff:127.0.0.1 - - [16/Aug/2022:15:50:20 +0000] "GET /api/v1/transactions/basket?limit=100&sort=-createdAt HTTP/1.0" 200 122 "-" "Expo/2.25.1.1015582 CFNetwork/1331.0.7 Darwin/21.4.0"
::1 - - [16/Aug/2022:15:50:20 +0000] "GET /api/v1/transactions/basket?limit=100&sort=-createdAt HTTP/1.0" 200 122 "-" "Expo/2.25.1.1015582 CFNetwork/1331.0.7 Darwin/21.4.0"
::ffff:127.0.0.1 - - [16/Aug/2022:15:50:37 +0000] "GET /api/v1/transactions/basket?limit=100&sort=-createdAt HTTP/1.0" 304 - "-" "Expo/2.25.1.1015582 CFNetwork/1331.0.7 Darwin/21.4.0"
::ffff:127.0.0.1 - - [16/Aug/2022:15:50:37 +0000] "GET /api/v1/goods/user?limit=100 HTTP/1.0" 200 988 "-" "Expo/2.25.1.1015582 CFNetwork/1331.0.7 Darwin/21.4.0"
::1 - - [16/Aug/2022:15:50:37 +0000] "GET /api/v1/goods/user?limit=100 HTTP/1.0" 200 988 "-" "Expo/2.25.1.1015582 CFNetwork/1331.0.7 Darwin/21.4.0"
::1 - - [16/Aug/2022:15:50:38 +0000] "GET /api/v1/transactions/basket?limit=100&sort=-createdAt HTTP/1.0" 304 - "-" "Expo/2.25.1.1015582 CFNetwork/1331.0.7 Darwin/21.4.0"
::1 - - [16/Aug/2022:15:50:38 +0000] "GET /api/v1/goods/user?limit=100 HTTP/1.0" 304 - "-" "Expo/2.25.1.1015582 CFNetwork/1331.0.7 Darwin/21.4.0"
::ffff:127.0.0.1 - - [16/Aug/2022:15:50:38 +0000] "GET /api/v1/goods/user?limit=100 HTTP/1.0" 304 - "-" "Expo/2.25.1.1015582 CFNetwork/1331.0.7 Darwin/21.4.0"
::ffff:127.0.0.1 - - [16/Aug/2022:15:51:00 +0000] "POST /api/v1/transactions HTTP/1.0" 200 255 "-" "Expo/2.25.1.1015582 CFNetwork/1331.0.7 Darwin/21.4.0"
::ffff:127.0.0.1 - - [16/Aug/2022:15:51:00 +0000] "GET /api/v1/transactions/basket?limit=100&sort=-createdAt HTTP/1.0" 200 453 "-" "Expo/2.25.1.1015582 CFNetwork/1331.0.7 Darwin/21.4.0"
::1 - - [16/Aug/2022:15:51:00 +0000] "GET /api/v1/transactions/basket?limit=100&sort=-createdAt HTTP/1.0" 200 453 "-" "Expo/2.25.1.1015582 CFNetwork/1331.0.7 Darwin/21.4.0"
::1 - - [16/Aug/2022:15:51:11 +0000] "POST /api/v1/transactions HTTP/1.0" 200 256 "-" "Expo/2.25.1.1015582 CFNetwork/1331.0.7 Darwin/21.4.0"
::ffff:127.0.0.1 - - [16/Aug/2022:15:51:11 +0000] "GET /api/v1/transactions/basket?limit=100&sort=-createdAt HTTP/1.0" 200 788 "-" "Expo/2.25.1.1015582 CFNetwork/1331.0.7 Darwin/21.4.0"
::1 - - [16/Aug/2022:15:51:11 +0000] "GET /api/v1/transactions/basket?limit=100&sort=-createdAt HTTP/1.0" 200 788 "-" "Expo/2.25.1.1015582 CFNetwork/1331.0.7 Darwin/21.4.0"
::ffff:127.0.0.1 - - [16/Aug/2022:15:51:14 +0000] "POST /api/v1/bills/drain HTTP/1.0" 200 287 "-" "Expo/2.25.1.1015582 CFNetwork/1331.0.7 Darwin/21.4.0"
::1 - - [16/Aug/2022:15:51:15 +0000] "GET /api/v1/transactions/basket?limit=100&sort=-createdAt HTTP/1.0" 200 122 "-" "Expo/2.25.1.1015582 CFNetwork/1331.0.7 Darwin/21.4.0"
::ffff:127.0.0.1 - - [16/Aug/2022:15:51:15 +0000] "GET /api/v1/transactions/basket?limit=100&sort=-createdAt HTTP/1.0" 200 122 "-" "Expo/2.25.1.1015582 CFNetwork/1331.0.7 Darwin/21.4.0"
::1 - - [16/Aug/2022:15:51:17 +0000] "GET /api/v1/templates?createUser=62fbbc03fd2881af5a4e559a HTTP/1.0" 200 279 "-" "Expo/2.25.1.1015582 CFNetwork/1331.0.7 Darwin/21.4.0"
::ffff:127.0.0.1 - - [16/Aug/2022:15:51:17 +0000] "GET /api/v1/goods/user?limit=100 HTTP/1.0" 200 989 "-" "Expo/2.25.1.1015582 CFNetwork/1331.0.7 Darwin/21.4.0"
::1 - - [16/Aug/2022:15:51:17 +0000] "GET /api/v1/transactions/basket?limit=100&sort=-createdAt HTTP/1.0" 304 - "-" "Expo/2.25.1.1015582 CFNetwork/1331.0.7 Darwin/21.4.0"
::1 - - [16/Aug/2022:15:51:19 +0000] "GET /api/v1/templates?createUser=62fbbc03fd2881af5a4e559a HTTP/1.0" 304 - "-" "Expo/2.25.1.1015582 CFNetwork/1331.0.7 Darwin/21.4.0"
::ffff:127.0.0.1 - - [16/Aug/2022:15:51:19 +0000] "GET /api/v1/transactions/user?template=62fbbcbbfd2881af5a4e55cb HTTP/1.0" 200 1162 "-" "Expo/2.25.1.1015582 CFNetwork/1331.0.7 Darwin/21.4.0"
::ffff:127.0.0.1 - - [16/Aug/2022:15:51:20 +0000] "GET /api/v1/templates?createUser=62fbbc03fd2881af5a4e559a HTTP/1.0" 304 - "-" "Expo/2.25.1.1015582 CFNetwork/1331.0.7 Darwin/21.4.0"
::1 - - [16/Aug/2022:15:51:21 +0000] "GET /api/v1/templates?createUser=62fbbc03fd2881af5a4e559a HTTP/1.0" 304 - "-" "Expo/2.25.1.1015582 CFNetwork/1331.0.7 Darwin/21.4.0"
::ffff:127.0.0.1 - - [16/Aug/2022:15:51:25 +0000] "GET /api/v1/bills/user?limit=1000&sort=-createdAt&type=%D0%9E%D1%80%D0%BB%D0%BE%D0%B3%D0%BE HTTP/1.0" 200 371 "-" "Expo/2.25.1.1015582 CFNetwork/1331.0.7 Darwin/21.4.0"
::1 - - [16/Aug/2022:15:51:30 +0000] "GET /api/v1/bills/user?limit=1000&sort=-createdAt&type=%D0%97%D0%B0%D1%80%D0%BB%D0%B0%D0%B3%D0%B0 HTTP/1.0" 200 373 "-" "Expo/2.25.1.1015582 CFNetwork/1331.0.7 Darwin/21.4.0"
::ffff:127.0.0.1 - - [16/Aug/2022:15:51:33 +0000] "GET /api/v1/goods/user?limit=100 HTTP/1.0" 304 - "-" "Expo/2.25.1.1015582 CFNetwork/1331.0.7 Darwin/21.4.0"
::1 - - [16/Aug/2022:15:51:38 +0000] "GET /api/v1/goods/user?limit=100 HTTP/1.0" 304 - "-" "Expo/2.25.1.1015582 CFNetwork/1331.0.7 Darwin/21.4.0"
::ffff:127.0.0.1 - - [16/Aug/2022:15:51:40 +0000] "GET /api/v1/bills/user?limit=1000&sort=-createdAt&type=%D0%97%D0%B0%D1%80%D0%BB%D0%B0%D0%B3%D0%B0 HTTP/1.0" 304 - "-" "Expo/2.25.1.1015582 CFNetwork/1331.0.7 Darwin/21.4.0"
::1 - - [16/Aug/2022:15:51:42 +0000] "GET /api/v1/goods/user?limit=100 HTTP/1.0" 304 - "-" "Expo/2.25.1.1015582 CFNetwork/1331.0.7 Darwin/21.4.0"
::ffff:127.0.0.1 - - [16/Aug/2022:15:52:00 +0000] "GET /api/v1/goods/user?limit=100 HTTP/1.0" 304 - "-" "Expo/2.25.1.1015582 CFNetwork/1331.0.7 Darwin/21.4.0"
::1 - - [16/Aug/2022:15:52:02 +0000] "GET /api/v1/goods/user?limit=100 HTTP/1.0" 304 - "-" "Expo/2.25.1.1015582 CFNetwork/1331.0.7 Darwin/21.4.0"
::ffff:127.0.0.1 - - [16/Aug/2022:15:52:02 +0000] "GET /api/v1/transactions/basket?limit=100&sort=-createdAt HTTP/1.0" 304 - "-" "Expo/2.25.1.1015582 CFNetwork/1331.0.7 Darwin/21.4.0"
::1 - - [16/Aug/2022:15:52:02 +0000] "GET /api/v1/goods/user?limit=100 HTTP/1.0" 304 - "-" "Expo/2.25.1.1015582 CFNetwork/1331.0.7 Darwin/21.4.0"
::ffff:127.0.0.1 - - [16/Aug/2022:15:52:03 +0000] "GET /api/v1/transactions/basket?limit=100&sort=-createdAt HTTP/1.0" 304 - "-" "Expo/2.25.1.1015582 CFNetwork/1331.0.7 Darwin/21.4.0"
::ffff:127.0.0.1 - - [16/Aug/2022:15:52:03 +0000] "GET /api/v1/goods/user?limit=100 HTTP/1.0" 304 - "-" "Expo/2.25.1.1015582 CFNetwork/1331.0.7 Darwin/21.4.0"
::1 - - [16/Aug/2022:15:52:03 +0000] "GET /api/v1/goods/user?limit=100 HTTP/1.0" 304 - "-" "Expo/2.25.1.1015582 CFNetwork/1331.0.7 Darwin/21.4.0"
::1 - - [16/Aug/2022:15:52:04 +0000] "GET /api/v1/goods/user?limit=100 HTTP/1.0" 304 - "-" "Expo/2.25.1.1015582 CFNetwork/1331.0.7 Darwin/21.4.0"
::ffff:127.0.0.1 - - [16/Aug/2022:15:52:05 +0000] "GET /api/v1/templates?createUser=62fbbc03fd2881af5a4e559a HTTP/1.0" 304 - "-" "Expo/2.25.1.1015582 CFNetwork/1331.0.7 Darwin/21.4.0"
::1 - - [16/Aug/2022:15:52:06 +0000] "GET /api/v1/users/62fbbc03fd2881af5a4e559a HTTP/1.0" 200 258 "-" "Expo/2.25.1.1015582 CFNetwork/1331.0.7 Darwin/21.4.0"
::ffff:127.0.0.1 - - [16/Aug/2022:15:52:06 +0000] "GET /api/v1/templates?createUser=62fbbc03fd2881af5a4e559a HTTP/1.0" 304 - "-" "Expo/2.25.1.1015582 CFNetwork/1331.0.7 Darwin/21.4.0"
::1 - - [16/Aug/2022:15:54:31 +0000] "GET /api/v1/users/62fbbc03fd2881af5a4e559a HTTP/1.0" 304 - "-" "Expo/2.25.1.1015582 CFNetwork/1331.0.7 Darwin/21.4.0"
::ffff:127.0.0.1 - - [16/Aug/2022:15:54:35 +0000] "GET /api/v1/users/62fbbc03fd2881af5a4e559a HTTP/1.0" 304 - "-" "Expo/2.25.1.1015582 CFNetwork/1331.0.7 Darwin/21.4.0"
::1 - - [16/Aug/2022:15:54:45 +0000] "GET /api/v1/users/62fbbc03fd2881af5a4e559a HTTP/1.0" 304 - "-" "Expo/2.25.1.1015582 CFNetwork/1331.0.7 Darwin/21.4.0"
::ffff:127.0.0.1 - - [16/Aug/2022:15:54:49 +0000] "GET /api/v1/goods/user?limit=100 HTTP/1.0" 304 - "-" "Expo/2.25.1.1015582 CFNetwork/1331.0.7 Darwin/21.4.0"
::1 - - [16/Aug/2022:15:54:49 +0000] "GET /api/v1/transactions/basket?limit=100&sort=-createdAt HTTP/1.0" 304 - "-" "Expo/2.25.1.1015582 CFNetwork/1331.0.7 Darwin/21.4.0"
::ffff:127.0.0.1 - - [16/Aug/2022:15:54:50 +0000] "GET /api/v1/transactions/basket?limit=100&sort=-createdAt HTTP/1.0" 304 - "-" "Expo/2.25.1.1015582 CFNetwork/1331.0.7 Darwin/21.4.0"
::1 - - [16/Aug/2022:15:54:51 +0000] "GET /api/v1/goods/user?limit=100 HTTP/1.0" 304 - "-" "Expo/2.25.1.1015582 CFNetwork/1331.0.7 Darwin/21.4.0"
::ffff:127.0.0.1 - - [16/Aug/2022:15:54:52 +0000] "GET /api/v1/bills/user?limit=1000&sort=-createdAt&type=%D0%9E%D1%80%D0%BB%D0%BE%D0%B3%D0%BE HTTP/1.0" 304 - "-" "Expo/2.25.1.1015582 CFNetwork/1331.0.7 Darwin/21.4.0"
::1 - - [16/Aug/2022:15:54:55 +0000] "GET /api/v1/bills/user?limit=1000&sort=-createdAt&type=%D0%97%D0%B0%D1%80%D0%BB%D0%B0%D0%B3%D0%B0 HTTP/1.0" 304 - "-" "Expo/2.25.1.1015582 CFNetwork/1331.0.7 Darwin/21.4.0"
::ffff:127.0.0.1 - - [16/Aug/2022:15:54:57 +0000] "GET /api/v1/goods/user?limit=100 HTTP/1.0" 304 - "-" "Expo/2.25.1.1015582 CFNetwork/1331.0.7 Darwin/21.4.0"
::1 - - [16/Aug/2022:15:55:00 +0000] "GET /api/v1/goods/user?limit=100 HTTP/1.0" 304 - "-" "Expo/2.25.1.1015582 CFNetwork/1331.0.7 Darwin/21.4.0"
::ffff:127.0.0.1 - - [16/Aug/2022:15:55:01 +0000] "GET /upload/undefined HTTP/1.0" 404 155 "-" "Expo/2.25.1.1015582 CFNetwork/1331.0.7 Darwin/21.4.0"
::1 - - [16/Aug/2022:15:55:01 +0000] "GET /api/v1/goods/62fbbc48fd2881af5a4e55aa HTTP/1.0" 200 475 "-" "Expo/2.25.1.1015582 CFNetwork/1331.0.7 Darwin/21.4.0"
::ffff:127.0.0.1 - - [16/Aug/2022:15:55:01 +0000] "GET /api/v1/transactions/user?good=62fbbc48fd2881af5a4e55aa&sort=-createdAt HTTP/1.0" 200 1096 "-" "Expo/2.25.1.1015582 CFNetwork/1331.0.7 Darwin/21.4.0"
::ffff:127.0.0.1 - - [16/Aug/2022:15:57:23 +0000] "GET /api/v1/transactions/profit HTTP/1.0" 200 285 "-" "Expo/2.25.1.1015582 CFNetwork/1331.0.7 Darwin/21.4.0"
::1 - - [16/Aug/2022:15:57:29 +0000] "GET /api/v1/transactions/profit HTTP/1.0" 304 - "-" "Expo/2.25.1.1015582 CFNetwork/1331.0.7 Darwin/21.4.0"
::ffff:127.0.0.1 - - [16/Aug/2022:15:57:57 +0000] "POST / HTTP/1.0" 404 140 "-" "Mozilla/5.0 (X11; Linux x86_64) AppleWebKit/537.36 (KHTML, like Gecko) Chrome/81.0.4044.129 Safari/537.36"
::1 - - [16/Aug/2022:15:57:57 +0000] "GET /.env HTTP/1.0" 404 143 "-" "Mozilla/5.0 (X11; Linux x86_64) AppleWebKit/537.36 (KHTML, like Gecko) Chrome/81.0.4044.129 Safari/537.36"
::ffff:127.0.0.1 - - [16/Aug/2022:15:59:47 +0000] "GET /api/v1/transactions/profit HTTP/1.0" 304 - "-" "Expo/2.25.1.1015582 CFNetwork/1331.0.7 Darwin/21.4.0"
::1 - - [16/Aug/2022:15:59:53 +0000] "GET /api/v1/transactions/profit HTTP/1.0" 304 - "-" "Expo/2.25.1.1015582 CFNetwork/1331.0.7 Darwin/21.4.0"
::ffff:127.0.0.1 - - [16/Aug/2022:16:00:05 +0000] "GET /api/v1/transactions/profit HTTP/1.0" 304 - "-" "Expo/2.25.1.1015582 CFNetwork/1331.0.7 Darwin/21.4.0"
::ffff:127.0.0.1 - - [16/Aug/2022:16:00:36 +0000] "GET /api/v1/transactions/basket?limit=100&sort=-createdAt HTTP/1.0" 304 - "-" "Expo/2.25.1.1015582 CFNetwork/1331.0.7 Darwin/21.4.0"
::1 - - [16/Aug/2022:16:00:36 +0000] "GET /api/v1/categories HTTP/1.0" 304 - "-" "Expo/2.25.1.1015582 CFNetwork/1331.0.7 Darwin/21.4.0"
::1 - - [16/Aug/2022:16:00:36 +0000] "GET /api/v1/goods/user?limit=100 HTTP/1.0" 304 - "-" "Expo/2.25.1.1015582 CFNetwork/1331.0.7 Darwin/21.4.0"
::1 - - [16/Aug/2022:16:00:38 +0000] "GET /api/v1/transactions/basket?limit=100&sort=-createdAt HTTP/1.0" 304 - "-" "Expo/2.25.1.1015582 CFNetwork/1331.0.7 Darwin/21.4.0"
::ffff:127.0.0.1 - - [16/Aug/2022:16:00:38 +0000] "GET /api/v1/goods/user?limit=100 HTTP/1.0" 304 - "-" "Expo/2.25.1.1015582 CFNetwork/1331.0.7 Darwin/21.4.0"
::ffff:127.0.0.1 - - [16/Aug/2022:16:00:50 +0000] "GET /api/v1/categories HTTP/1.0" 304 - "-" "Expo/2.25.1.1015582 CFNetwork/1331.0.7 Darwin/21.4.0"
::1 - - [16/Aug/2022:16:00:50 +0000] "GET /api/v1/transactions/basket?limit=100&sort=-createdAt HTTP/1.0" 304 - "-" "Expo/2.25.1.1015582 CFNetwork/1331.0.7 Darwin/21.4.0"
::ffff:127.0.0.1 - - [16/Aug/2022:16:00:50 +0000] "GET /api/v1/goods/user?limit=100 HTTP/1.0" 304 - "-" "Expo/2.25.1.1015582 CFNetwork/1331.0.7 Darwin/21.4.0"
::1 - - [16/Aug/2022:16:01:30 +0000] "GET /api/v1/transactions/basket?limit=100&sort=-createdAt HTTP/1.0" 304 - "-" "Expo/2.25.1.1015582 CFNetwork/1331.0.7 Darwin/21.4.0"
::ffff:127.0.0.1 - - [16/Aug/2022:16:01:30 +0000] "GET /api/v1/goods/user?limit=100 HTTP/1.0" 304 - "-" "Expo/2.25.1.1015582 CFNetwork/1331.0.7 Darwin/21.4.0"
::1 - - [16/Aug/2022:16:01:31 +0000] "GET /api/v1/transactions/profit HTTP/1.0" 304 - "-" "Expo/2.25.1.1015582 CFNetwork/1331.0.7 Darwin/21.4.0"
::ffff:127.0.0.1 - - [16/Aug/2022:16:02:14 +0000] "GET /solr/admin/info/system?wt=json HTTP/1.0" 404 161 "-" "Mozilla/5.0 (Windows NT 10.0; Win64; x64) AppleWebKit/537.36 (KHTML, like Gecko) Chrome/78.0.3904.108 Safari/537.36"
::1 - - [16/Aug/2022:16:02:42 +0000] "GET /api/v1/transactions/profit HTTP/1.0" 304 - "-" "Expo/2.25.1.1015582 CFNetwork/1331.0.7 Darwin/21.4.0"
::ffff:127.0.0.1 - - [16/Aug/2022:16:03:33 +0000] "GET /api/v1/transactions/profit HTTP/1.0" 304 - "-" "Expo/2.25.1.1015582 CFNetwork/1331.0.7 Darwin/21.4.0"
::1 - - [16/Aug/2022:16:03:39 +0000] "GET /api/v1/transactions/profit HTTP/1.0" 304 - "-" "Expo/2.25.1.1015582 CFNetwork/1331.0.7 Darwin/21.4.0"
::ffff:127.0.0.1 - - [16/Aug/2022:16:04:08 +0000] "GET /api/v1/transactions/profit HTTP/1.0" 304 - "-" "Expo/2.25.1.1015582 CFNetwork/1331.0.7 Darwin/21.4.0"
::1 - - [16/Aug/2022:16:04:48 +0000] "GET /api/v1/transactions/profit HTTP/1.0" 304 - "-" "Expo/2.25.1.1015582 CFNetwork/1331.0.7 Darwin/21.4.0"
::ffff:127.0.0.1 - - [16/Aug/2022:16:05:06 +0000] "GET /api/v1/transactions/profit HTTP/1.0" 304 - "-" "Expo/2.25.1.1015582 CFNetwork/1331.0.7 Darwin/21.4.0"
::1 - - [16/Aug/2022:16:05:32 +0000] "GET /api/v1/transactions/profit HTTP/1.0" 304 - "-" "Expo/2.25.1.1015582 CFNetwork/1331.0.7 Darwin/21.4.0"
::ffff:127.0.0.1 - - [16/Aug/2022:16:05:34 +0000] "GET /api/v1/transactions/profit HTTP/1.0" 304 - "-" "Expo/2.25.1.1015582 CFNetwork/1331.0.7 Darwin/21.4.0"
::1 - - [16/Aug/2022:16:05:57 +0000] "GET /api/v1/transactions/profit HTTP/1.0" 304 - "-" "Expo/2.25.1.1015582 CFNetwork/1331.0.7 Darwin/21.4.0"
::ffff:127.0.0.1 - - [16/Aug/2022:16:06:03 +0000] "GET /api/v1/transactions/profit HTTP/1.0" 304 - "-" "Expo/2.25.1.1015582 CFNetwork/1331.0.7 Darwin/21.4.0"
::1 - - [16/Aug/2022:16:07:29 +0000] "GET /api/v1/transactions/profit HTTP/1.0" 304 - "-" "Expo/2.25.1.1015582 CFNetwork/1331.0.7 Darwin/21.4.0"
::ffff:127.0.0.1 - - [16/Aug/2022:16:10:14 +0000] "GET /api/v1/categories HTTP/1.0" 304 - "-" "Expo/2.25.1.1015582 CFNetwork/1331.0.7 Darwin/21.4.0"
::ffff:127.0.0.1 - - [16/Aug/2022:16:10:14 +0000] "GET /api/v1/transactions/basket?limit=100&sort=-createdAt HTTP/1.0" 304 - "-" "Expo/2.25.1.1015582 CFNetwork/1331.0.7 Darwin/21.4.0"
::1 - - [16/Aug/2022:16:10:14 +0000] "GET /api/v1/goods/user?limit=100 HTTP/1.0" 304 - "-" "Expo/2.25.1.1015582 CFNetwork/1331.0.7 Darwin/21.4.0"
::ffff:127.0.0.1 - - [16/Aug/2022:16:10:39 +0000] "GET /api/v1/transactions/basket?limit=100&sort=-createdAt HTTP/1.0" 304 - "-" "Expo/2.25.1.1015582 CFNetwork/1331.0.7 Darwin/21.4.0"
::1 - - [16/Aug/2022:16:10:39 +0000] "GET /api/v1/goods/user?limit=100 HTTP/1.0" 304 - "-" "Expo/2.25.1.1015582 CFNetwork/1331.0.7 Darwin/21.4.0"
::ffff:127.0.0.1 - - [16/Aug/2022:16:11:56 +0000] "GET /api/v1/transactions/basket?limit=100&sort=-createdAt HTTP/1.0" 304 - "-" "Expo/2.25.1.1015582 CFNetwork/1331.0.7 Darwin/21.4.0"
::1 - - [16/Aug/2022:16:11:56 +0000] "GET /api/v1/categories HTTP/1.0" 304 - "-" "Expo/2.25.1.1015582 CFNetwork/1331.0.7 Darwin/21.4.0"
::1 - - [16/Aug/2022:16:11:56 +0000] "GET /api/v1/goods/user?limit=100 HTTP/1.0" 304 - "-" "Expo/2.25.1.1015582 CFNetwork/1331.0.7 Darwin/21.4.0"
::ffff:127.0.0.1 - - [16/Aug/2022:16:13:31 +0000] "GET /api/v1/transactions/basket?limit=100&sort=-createdAt HTTP/1.0" 304 - "-" "Expo/2.25.1.1015582 CFNetwork/1331.0.7 Darwin/21.4.0"
::1 - - [16/Aug/2022:16:13:31 +0000] "GET /api/v1/goods/user?limit=100 HTTP/1.0" 304 - "-" "Expo/2.25.1.1015582 CFNetwork/1331.0.7 Darwin/21.4.0"
::ffff:127.0.0.1 - - [16/Aug/2022:16:14:45 +0000] "GET /api/v1/transactions/basket?limit=100&sort=-createdAt HTTP/1.0" 304 - "-" "Expo/2.25.1.1015582 CFNetwork/1331.0.7 Darwin/21.4.0"
::1 - - [16/Aug/2022:16:14:45 +0000] "GET /api/v1/categories HTTP/1.0" 304 - "-" "Expo/2.25.1.1015582 CFNetwork/1331.0.7 Darwin/21.4.0"
