::ffff:127.0.0.1 - - [07/Aug/2022:12:29:51 +0000] "GET /api/v1/users/62ef94bc99e2a94b91d43463 HTTP/1.0" 403 150 "-" "Expo/2.25.1.1015582 CFNetwork/1325.0.1 Darwin/21.1.0"
::1 - - [07/Aug/2022:12:30:00 +0000] "GET /api/v1/users/62ef94bc99e2a94b91d43463 HTTP/1.0" 403 150 "-" "Expo/2.25.1.1015582 CFNetwork/1325.0.1 Darwin/21.1.0"
::ffff:127.0.0.1 - - [07/Aug/2022:12:30:05 +0000] "GET /api/v1/users/62ef94bc99e2a94b91d43463 HTTP/1.0" 403 150 "-" "Expo/2.25.1.1015582 CFNetwork/1325.0.1 Darwin/21.1.0"
::1 - - [07/Aug/2022:12:30:09 +0000] "GET /api/v1/users/62ef94bc99e2a94b91d43463 HTTP/1.0" 403 150 "-" "Expo/2.25.1.1015582 CFNetwork/1325.0.1 Darwin/21.1.0"
::ffff:127.0.0.1 - - [07/Aug/2022:12:30:13 +0000] "GET /api/v1/users/62ef94bc99e2a94b91d43463 HTTP/1.0" 403 150 "-" "Expo/2.25.1.1015582 CFNetwork/1325.0.1 Darwin/21.1.0"
::1 - - [07/Aug/2022:12:30:15 +0000] "GET /api/v1/users/62ef94bc99e2a94b91d43463 HTTP/1.0" 403 150 "-" "Expo/2.25.1.1015582 CFNetwork/1325.0.1 Darwin/21.1.0"
::ffff:127.0.0.1 - - [07/Aug/2022:12:30:20 +0000] "GET /api/v1/users/62ef94bc99e2a94b91d43463 HTTP/1.0" 403 150 "-" "Expo/2.25.1.1015582 CFNetwork/1325.0.1 Darwin/21.1.0"
::1 - - [07/Aug/2022:12:30:29 +0000] "GET /api/v1/users/62ef94bc99e2a94b91d43463 HTTP/1.0" 403 150 "-" "Expo/2.25.1.1015582 CFNetwork/1325.0.1 Darwin/21.1.0"
::ffff:127.0.0.1 - - [07/Aug/2022:12:30:39 +0000] "GET /api/v1/users/62ef94bc99e2a94b91d43463 HTTP/1.0" 403 150 "-" "Expo/2.25.1.1015582 CFNetwork/1325.0.1 Darwin/21.1.0"
::1 - - [07/Aug/2022:12:30:45 +0000] "GET /api/v1/users/62ef94bc99e2a94b91d43463 HTTP/1.0" 403 150 "-" "Expo/2.25.1.1015582 CFNetwork/1325.0.1 Darwin/21.1.0"
::ffff:127.0.0.1 - - [07/Aug/2022:12:30:54 +0000] "GET /api/v1/users/62ef94bc99e2a94b91d43463 HTTP/1.0" 403 150 "-" "Expo/2.25.1.1015582 CFNetwork/1325.0.1 Darwin/21.1.0"
::1 - - [07/Aug/2022:12:30:58 +0000] "GET /api/v1/goods/user?limit=100 HTTP/1.0" 304 - "-" "Expo/2.25.1.1015582 CFNetwork/1325.0.1 Darwin/21.1.0"
::ffff:127.0.0.1 - - [07/Aug/2022:12:30:59 +0000] "GET /api/v1/transactions/basket?limit=100&sort=-createdAt HTTP/1.0" 304 - "-" "Expo/2.25.1.1015582 CFNetwork/1325.0.1 Darwin/21.1.0"
::1 - - [07/Aug/2022:12:30:59 +0000] "GET /api/v1/goods/user?limit=100 HTTP/1.0" 304 - "-" "Expo/2.25.1.1015582 CFNetwork/1325.0.1 Darwin/21.1.0"
::ffff:127.0.0.1 - - [07/Aug/2022:12:30:59 +0000] "GET /api/v1/goods/user?limit=100 HTTP/1.0" 304 - "-" "Expo/2.25.1.1015582 CFNetwork/1325.0.1 Darwin/21.1.0"
::1 - - [07/Aug/2022:12:30:59 +0000] "GET /api/v1/transactions/basket?limit=100&sort=-createdAt HTTP/1.0" 304 - "-" "Expo/2.25.1.1015582 CFNetwork/1325.0.1 Darwin/21.1.0"
::ffff:127.0.0.1 - - [07/Aug/2022:12:31:00 +0000] "GET /api/v1/bills/user?limit=1000&sort=-createdAt HTTP/1.0" 304 - "-" "Expo/2.25.1.1015582 CFNetwork/1325.0.1 Darwin/21.1.0"
::1 - - [07/Aug/2022:12:31:00 +0000] "GET /api/v1/goods/user?limit=100 HTTP/1.0" 304 - "-" "Expo/2.25.1.1015582 CFNetwork/1325.0.1 Darwin/21.1.0"
::ffff:127.0.0.1 - - [07/Aug/2022:12:31:00 +0000] "GET /api/v1/templates?createUser=62ef94bc99e2a94b91d43463 HTTP/1.0" 304 - "-" "Expo/2.25.1.1015582 CFNetwork/1325.0.1 Darwin/21.1.0"
::1 - - [07/Aug/2022:12:31:00 +0000] "GET /api/v1/bills/user?limit=1000&sort=-createdAt HTTP/1.0" 304 - "-" "Expo/2.25.1.1015582 CFNetwork/1325.0.1 Darwin/21.1.0"
::ffff:127.0.0.1 - - [07/Aug/2022:12:31:03 +0000] "GET /api/v1/transactions/user?template=62ef9c1e99e2a94b91d43530 HTTP/1.0" 304 - "-" "Expo/2.25.1.1015582 CFNetwork/1325.0.1 Darwin/21.1.0"
::1 - - [07/Aug/2022:12:31:03 +0000] "GET /api/v1/templates?createUser=62ef94bc99e2a94b91d43463 HTTP/1.0" 304 - "-" "Expo/2.25.1.1015582 CFNetwork/1325.0.1 Darwin/21.1.0"
::ffff:127.0.0.1 - - [07/Aug/2022:12:31:10 +0000] "GET /api/v1/templates?createUser=62ef94bc99e2a94b91d43463 HTTP/1.0" 304 - "-" "Expo/2.25.1.1015582 CFNetwork/1325.0.1 Darwin/21.1.0"
::1 - - [07/Aug/2022:12:31:11 +0000] "GET /api/v1/bills/user?limit=1000&sort=-createdAt HTTP/1.0" 304 - "-" "Expo/2.25.1.1015582 CFNetwork/1325.0.1 Darwin/21.1.0"
::ffff:127.0.0.1 - - [07/Aug/2022:12:31:11 +0000] "GET /api/v1/templates?createUser=62ef94bc99e2a94b91d43463 HTTP/1.0" 304 - "-" "Expo/2.25.1.1015582 CFNetwork/1325.0.1 Darwin/21.1.0"
::1 - - [07/Aug/2022:12:31:11 +0000] "GET /api/v1/bills/user?limit=1000&sort=-createdAt HTTP/1.0" 304 - "-" "Expo/2.25.1.1015582 CFNetwork/1325.0.1 Darwin/21.1.0"
::ffff:127.0.0.1 - - [07/Aug/2022:12:31:13 +0000] "GET /api/v1/users/logout HTTP/1.0" 304 - "-" "Expo/2.25.1.1015582 CFNetwork/1325.0.1 Darwin/21.1.0"
::1 - - [07/Aug/2022:12:33:41 +0000] "GET / HTTP/1.0" 404 139 "-" "Mozilla/5.0 (Windows NT 10.0; Win64; x64) AppleWebKit/537.36 (KHTML, like Gecko) Chrome/78.0.3904.108 Safari/537.36"
::ffff:127.0.0.1 - - [07/Aug/2022:13:04:00 +0000] "GET /actuator/gateway/routes HTTP/1.0" 404 162 "-" "Mozilla/5.0 (Windows NT 10.0; Win64; x64) AppleWebKit/537.36 (KHTML, like Gecko) Chrome/78.0.3904.108 Safari/537.36"
::1 - - [07/Aug/2022:14:05:44 +0000] "GET /.env HTTP/1.0" 404 143 "-" "Mozilla/5.0 (X11; Linux x86_64) AppleWebKit/537.36 (KHTML, like Gecko) Chrome/81.0.4044.129 Safari/537.36"
::ffff:127.0.0.1 - - [07/Aug/2022:14:05:45 +0000] "POST / HTTP/1.0" 404 140 "-" "Mozilla/5.0 (X11; Linux x86_64) AppleWebKit/537.36 (KHTML, like Gecko) Chrome/81.0.4044.129 Safari/537.36"
::1 - - [07/Aug/2022:14:07:52 +0000] "GET / HTTP/1.0" 404 139 "-" "Mozilla/5.0 (Windows NT 10.0; WOW64) AppleWebKit/537.36 (KHTML, like Gecko) Chrome/52.0.2743.116 Safari/537.36"
::ffff:127.0.0.1 - - [07/Aug/2022:14:07:52 +0000] "GET / HTTP/1.0" 404 139 "-" "Mozilla/5.0 (Windows NT 10.0; WOW64) AppleWebKit/537.36 (KHTML, like Gecko) Chrome/52.0.2743.116 Safari/537.36"
::1 - - [07/Aug/2022:14:07:52 +0000] "GET / HTTP/1.0" 404 139 "-" "Mozilla/5.0 (Windows NT 10.0; WOW64) AppleWebKit/537.36 (KHTML, like Gecko) Chrome/52.0.2743.116 Safari/537.36"
::ffff:127.0.0.1 - - [07/Aug/2022:14:07:52 +0000] "GET / HTTP/1.0" 404 139 "-" "Mozilla/5.0 (Windows NT 10.0; WOW64) AppleWebKit/537.36 (KHTML, like Gecko) Chrome/52.0.2743.116 Safari/537.36"
::1 - - [07/Aug/2022:14:07:52 +0000] "GET / HTTP/1.0" 404 139 "-" "Mozilla/5.0 (Windows NT 6.1; WOW64) AppleWebKit/537.36 (KHTML, like Gecko) Chrome/52.0.2743.116 Safari/537.36"
::ffff:127.0.0.1 - - [07/Aug/2022:14:07:55 +0000] "GET / HTTP/1.0" 404 139 "-" "Mozilla/5.0 (Windows NT 10.0; WOW64) AppleWebKit/537.36 (KHTML, like Gecko) Chrome/51.0.2704.103 Safari/537.36"
::1 - - [07/Aug/2022:14:07:55 +0000] "GET / HTTP/1.0" 404 139 "-" "Mozilla/5.0 (Windows NT 10.0; WOW64) AppleWebKit/537.36 (KHTML, like Gecko) Chrome/52.0.2743.116 Safari/537.36"
::ffff:127.0.0.1 - - [07/Aug/2022:14:07:55 +0000] "GET / HTTP/1.0" 404 139 "-" "Mozilla/5.0 (Windows NT 6.1; WOW64) AppleWebKit/537.36 (KHTML, like Gecko) Chrome/51.0.2704.103 Safari/537.36"
::1 - - [07/Aug/2022:14:07:55 +0000] "GET / HTTP/1.0" 404 139 "-" "Mozilla/5.0 (Windows NT 10.0; WOW64) AppleWebKit/537.36 (KHTML, like Gecko) Chrome/51.0.2704.103 Safari/537.36"
::ffff:127.0.0.1 - - [07/Aug/2022:14:14:24 +0000] "POST / HTTP/1.0" 404 140 "-" "Mozilla/5.0 (X11; Linux x86_64) AppleWebKit/537.36 (KHTML, like Gecko) Chrome/81.0.4044.129 Safari/537.36"
::1 - - [07/Aug/2022:14:14:25 +0000] "GET /.env HTTP/1.0" 404 143 "-" "Mozilla/5.0 (X11; Linux x86_64) AppleWebKit/537.36 (KHTML, like Gecko) Chrome/81.0.4044.129 Safari/537.36"
::ffff:127.0.0.1 - - [07/Aug/2022:14:16:06 +0000] "GET / HTTP/1.0" 404 139 "-" "-"
::1 - - [07/Aug/2022:14:16:06 +0000] "GET / HTTP/1.0" 404 139 "-" "Mozilla/5.0 (compatible; CensysInspect/1.1; +https://about.censys.io/)"
::ffff:127.0.0.1 - - [07/Aug/2022:14:43:38 +0000] "GET / HTTP/1.0" 404 139 "-" "Mozilla/5.0 (Windows NT 10.0; Win64; x64) AppleWebKit/537.36 (KHTML, like Gecko) Chrome/70.0.3538.77 Safari/537.36"
::1 - - [07/Aug/2022:14:46:12 +0000] "GET / HTTP/1.0" 404 139 "-" "Mozilla/5.0 (Macintosh; Intel Mac OS X 10_15_7) AppleWebKit/537.36 (KHTML, like Gecko) Chrome/96.0.4664.110 Safari/537.36"
::ffff:127.0.0.1 - - [07/Aug/2022:14:46:12 +0000] "GET /favicon.ico HTTP/1.0" 404 150 "-" "Mozilla/5.0 (Macintosh; Intel Mac OS X 10_15_7) AppleWebKit/537.36 (KHTML, like Gecko) Chrome/96.0.4664.110 Safari/537.36"
::1 - - [07/Aug/2022:14:51:44 +0000] "POST /api/v1/users/login HTTP/1.0" 200 533 "-" "Expo/2.25.1.1015582 CFNetwork/1325.0.1 Darwin/21.1.0"
::ffff:127.0.0.1 - - [07/Aug/2022:14:51:45 +0000] "GET /api/v1/categories HTTP/1.0" 304 - "-" "Expo/2.25.1.1015582 CFNetwork/1325.0.1 Darwin/21.1.0"
::ffff:127.0.0.1 - - [07/Aug/2022:14:51:45 +0000] "GET /api/v1/transactions/basket?limit=100&sort=-createdAt HTTP/1.0" 304 - "-" "Expo/2.25.1.1015582 CFNetwork/1325.0.1 Darwin/21.1.0"
::1 - - [07/Aug/2022:14:51:45 +0000] "GET /api/v1/goods/user?limit=100 HTTP/1.0" 200 881 "-" "Expo/2.25.1.1015582 CFNetwork/1325.0.1 Darwin/21.1.0"
::1 - - [07/Aug/2022:14:51:48 +0000] "GET /api/v1/transactions/basket?limit=100&sort=-createdAt HTTP/1.0" 304 - "-" "Expo/2.25.1.1015582 CFNetwork/1325.0.1 Darwin/21.1.0"
::1 - - [07/Aug/2022:14:51:48 +0000] "GET /api/v1/goods/user?limit=100 HTTP/1.0" 304 - "-" "Expo/2.25.1.1015582 CFNetwork/1325.0.1 Darwin/21.1.0"
::ffff:127.0.0.1 - - [07/Aug/2022:14:51:48 +0000] "GET /api/v1/goods/user?limit=100 HTTP/1.0" 304 - "-" "Expo/2.25.1.1015582 CFNetwork/1325.0.1 Darwin/21.1.0"
::1 - - [07/Aug/2022:14:51:50 +0000] "GET /api/v1/bills/user?limit=1000&sort=-createdAt HTTP/1.0" 200 2597 "-" "Expo/2.25.1.1015582 CFNetwork/1325.0.1 Darwin/21.1.0"
::ffff:127.0.0.1 - - [07/Aug/2022:14:51:50 +0000] "GET /api/v1/goods/user?limit=100 HTTP/1.0" 304 - "-" "Expo/2.25.1.1015582 CFNetwork/1325.0.1 Darwin/21.1.0"
::ffff:127.0.0.1 - - [07/Aug/2022:14:51:52 +0000] "GET /api/v1/users/62e190554b89a6d4c7411f08 HTTP/1.0" 403 150 "-" "Expo/2.25.1.1015582 CFNetwork/1325.0.1 Darwin/21.1.0"
::1 - - [07/Aug/2022:14:51:53 +0000] "GET /api/v1/bills/user?limit=1000&sort=-createdAt HTTP/1.0" 304 - "-" "Expo/2.25.1.1015582 CFNetwork/1325.0.1 Darwin/21.1.0"
::ffff:127.0.0.1 - - [07/Aug/2022:14:51:55 +0000] "GET /api/v1/goods/user?limit=100 HTTP/1.0" 304 - "-" "Expo/2.25.1.1015582 CFNetwork/1325.0.1 Darwin/21.1.0"
::1 - - [07/Aug/2022:15:19:15 +0000] "GET / HTTP/1.0" 404 139 "-" "Linux Gnu (cow)"
::1 - - [07/Aug/2022:16:26:08 +0000] "POST /api/v1/users/login HTTP/1.0" 200 533 "-" "Naimaa/0.0.1 CFNetwork/1335.0.3 Darwin/21.6.0"
::ffff:127.0.0.1 - - [07/Aug/2022:16:26:09 +0000] "GET /api/v1/categories HTTP/1.0" 200 407 "-" "Naimaa/0.0.1 CFNetwork/1335.0.3 Darwin/21.6.0"
::ffff:127.0.0.1 - - [07/Aug/2022:16:26:09 +0000] "GET /api/v1/transactions/basket?limit=100&sort=-createdAt HTTP/1.0" 200 107 "-" "Naimaa/0.0.1 CFNetwork/1335.0.3 Darwin/21.6.0"
::1 - - [07/Aug/2022:16:26:09 +0000] "GET /api/v1/goods/user?limit=100 HTTP/1.0" 200 881 "-" "Naimaa/0.0.1 CFNetwork/1335.0.3 Darwin/21.6.0"
::1 - - [07/Aug/2022:16:51:36 +0000] "POST / HTTP/1.0" 404 140 "-" "Mozilla/5.0 (X11; Linux x86_64) AppleWebKit/537.36 (KHTML, like Gecko) Chrome/81.0.4044.129 Safari/537.36"
::ffff:127.0.0.1 - - [07/Aug/2022:16:51:37 +0000] "GET /.env HTTP/1.0" 404 143 "-" "Mozilla/5.0 (X11; Linux x86_64) AppleWebKit/537.36 (KHTML, like Gecko) Chrome/81.0.4044.129 Safari/537.36"
::1 - - [07/Aug/2022:17:05:33 +0000] "GET /.env HTTP/1.0" 404 143 "-" "Mozilla/5.0 (X11; Linux x86_64) AppleWebKit/537.36 (KHTML, like Gecko) Chrome/81.0.4044.129 Safari/537.36"
::ffff:127.0.0.1 - - [07/Aug/2022:17:05:34 +0000] "POST / HTTP/1.0" 404 140 "-" "Mozilla/5.0 (X11; Linux x86_64) AppleWebKit/537.36 (KHTML, like Gecko) Chrome/81.0.4044.129 Safari/537.36"
::1 - - [07/Aug/2022:17:35:53 +0000] "GET / HTTP/1.0" 404 139 "-" "Mozilla/5.0 (Macintosh; Intel Mac OS X 10_15_7) AppleWebKit/537.36 (KHTML, like Gecko) Chrome/102.0.0.0 Safari/537.36"
::ffff:127.0.0.1 - - [07/Aug/2022:17:38:28 +0000] "GET / HTTP/1.0" 404 139 "-" "Linux Gnu (cow)"
::1 - - [07/Aug/2022:18:53:44 +0000] "GET / HTTP/1.0" 404 139 "-" "Mozilla/5.0 (Windows NT 6.2;en-US) AppleWebKit/537.32.36 (KHTML, live Gecko) Chrome/56.0.3024.104 Safari/537.32"
::ffff:127.0.0.1 - - [07/Aug/2022:19:33:35 +0000] "POST / HTTP/1.0" 404 140 "-" "Mozilla/5.0 (X11; Linux x86_64) AppleWebKit/537.36 (KHTML, like Gecko) Chrome/81.0.4044.129 Safari/537.36"
::1 - - [07/Aug/2022:19:33:36 +0000] "GET /.env HTTP/1.0" 404 143 "-" "Mozilla/5.0 (X11; Linux x86_64) AppleWebKit/537.36 (KHTML, like Gecko) Chrome/81.0.4044.129 Safari/537.36"
::ffff:127.0.0.1 - - [07/Aug/2022:19:34:21 +0000] "GET / HTTP/1.0" 404 139 "-" "Mozilla/5.0 (Windows NT 10.0; Win64; x64) AppleWebKit/537.36 (KHTML, like Gecko) Chrome/60.0.3112.113 Safari/537.36"
::ffff:127.0.0.1 - - [07/Aug/2022:20:05:35 +0000] "GET /.env HTTP/1.0" 404 143 "-" "Mozilla/5.0 (X11; Linux x86_64) AppleWebKit/537.36 (KHTML, like Gecko) Chrome/81.0.4044.129 Safari/537.36"
::1 - - [07/Aug/2022:20:05:36 +0000] "POST / HTTP/1.0" 404 140 "-" "Mozilla/5.0 (X11; Linux x86_64) AppleWebKit/537.36 (KHTML, like Gecko) Chrome/81.0.4044.129 Safari/537.36"
::1 - - [07/Aug/2022:20:45:50 +0000] "GET / HTTP/1.0" 404 139 "-" "Mozilla/5.0 (Windows NT 10.0; WOW64) AppleWebKit/537.36 (KHTML, like Gecko) Chrome/51.0.2704.103 Safari/537.36"
::ffff:127.0.0.1 - - [07/Aug/2022:22:05:25 +0000] "GET / HTTP/1.0" 404 139 "-" "-"
::1 - - [07/Aug/2022:22:19:26 +0000] "POST / HTTP/1.0" 404 140 "-" "Mozilla/5.0 (X11; Linux x86_64) AppleWebKit/537.36 (KHTML, like Gecko) Chrome/81.0.4044.129 Safari/537.36"
::ffff:127.0.0.1 - - [07/Aug/2022:22:19:27 +0000] "GET /.env HTTP/1.0" 404 143 "-" "Mozilla/5.0 (X11; Linux x86_64) AppleWebKit/537.36 (KHTML, like Gecko) Chrome/81.0.4044.129 Safari/537.36"
::1 - - [07/Aug/2022:23:05:50 +0000] "GET /.env HTTP/1.0" 404 143 "-" "Mozilla/5.0 (X11; Linux x86_64) AppleWebKit/537.36 (KHTML, like Gecko) Chrome/81.0.4044.129 Safari/537.36"
::ffff:127.0.0.1 - - [07/Aug/2022:23:05:50 +0000] "POST / HTTP/1.0" 404 140 "-" "Mozilla/5.0 (X11; Linux x86_64) AppleWebKit/537.36 (KHTML, like Gecko) Chrome/81.0.4044.129 Safari/537.36"
