::ffff:127.0.0.1 - - [29/Aug/2022:00:16:46 +0000] "GET / HTTP/1.0" 404 139 "-" "Mozilla/5.0 (Windows NT 10.0; Win64; x64) AppleWebKit/537.36 (KHTML, like Gecko) Chrome/90.0.4430.85 Safari/537.36 Edg/90.0.818.46"
::1 - - [29/Aug/2022:00:46:45 +0000] "GET /.env HTTP/1.0" 404 143 "-" "Mozilla/5.0 (X11; Linux x86_64) AppleWebKit/537.36 (KHTML, like Gecko) Chrome/81.0.4044.129 Safari/537.36"
::ffff:127.0.0.1 - - [29/Aug/2022:00:51:04 +0000] "GET / HTTP/1.0" 404 139 "-" "Mozilla/5.0 (Macintosh; Intel Mac OS X 10_15_7) AppleWebKit/537.36 (KHTML, like Gecko) Chrome/102.0.0.0 Safari/537.36"
::1 - - [29/Aug/2022:01:01:22 +0000] "POST /api/v1/users/login HTTP/1.0" 200 535 "-" "Naimaa/0.0.6 CFNetwork/1335.0.3 Darwin/21.6.0"
::ffff:127.0.0.1 - - [29/Aug/2022:01:01:22 +0000] "GET /api/v1/categories HTTP/1.0" 304 - "-" "Naimaa/0.0.6 CFNetwork/1335.0.3 Darwin/21.6.0"
::1 - - [29/Aug/2022:01:01:22 +0000] "GET /api/v1/transactions/basket?limit=100&sort=-createdAt HTTP/1.0" 304 - "-" "Naimaa/0.0.6 CFNetwork/1335.0.3 Darwin/21.6.0"
::ffff:127.0.0.1 - - [29/Aug/2022:01:01:22 +0000] "GET /api/v1/goods/user?limit=100 HTTP/1.0" 304 - "-" "Naimaa/0.0.6 CFNetwork/1335.0.3 Darwin/21.6.0"
::1 - - [29/Aug/2022:01:01:34 +0000] "GET /api/v1/categories HTTP/1.0" 304 - "-" "Naimaa/0.0.6 CFNetwork/1335.0.3 Darwin/21.6.0"
::ffff:127.0.0.1 - - [29/Aug/2022:01:01:34 +0000] "GET /api/v1/transactions/basket?limit=100&sort=-createdAt HTTP/1.0" 304 - "-" "Naimaa/0.0.6 CFNetwork/1335.0.3 Darwin/21.6.0"
::1 - - [29/Aug/2022:01:01:34 +0000] "GET /api/v1/goods/user?limit=100 HTTP/1.0" 304 - "-" "Naimaa/0.0.6 CFNetwork/1335.0.3 Darwin/21.6.0"
::ffff:127.0.0.1 - - [29/Aug/2022:01:02:41 +0000] "POST /api/v1/goods HTTP/1.0" 200 368 "-" "Naimaa/0.0.6 CFNetwork/1335.0.3 Darwin/21.6.0"
::1 - - [29/Aug/2022:01:02:42 +0000] "GET /api/v1/goods/user?limit=100 HTTP/1.0" 200 2476 "-" "Naimaa/0.0.6 CFNetwork/1335.0.3 Darwin/21.6.0"
::ffff:127.0.0.1 - - [29/Aug/2022:01:02:42 +0000] "GET /api/v1/transactions/basket?limit=100&sort=-createdAt HTTP/1.0" 304 - "-" "Naimaa/0.0.6 CFNetwork/1335.0.3 Darwin/21.6.0"
::ffff:127.0.0.1 - - [29/Aug/2022:01:02:53 +0000] "GET /upload/undefined HTTP/1.0" 404 155 "-" "Naimaa/0.0.6 CFNetwork/1335.0.3 Darwin/21.6.0"
::ffff:127.0.0.1 - - [29/Aug/2022:01:02:53 +0000] "GET /api/v1/transactions/basket?limit=100&sort=-createdAt HTTP/1.0" 304 - "-" "Naimaa/0.0.6 CFNetwork/1335.0.3 Darwin/21.6.0"
::1 - - [29/Aug/2022:01:02:53 +0000] "GET /api/v1/goods/630c10315b09e9ce75258468 HTTP/1.0" 200 426 "-" "Naimaa/0.0.6 CFNetwork/1335.0.3 Darwin/21.6.0"
::1 - - [29/Aug/2022:01:02:53 +0000] "GET /api/v1/transactions/user?good=630c10315b09e9ce75258468&sort=-createdAt HTTP/1.0" 200 119 "-" "Naimaa/0.0.6 CFNetwork/1335.0.3 Darwin/21.6.0"
::1 - - [29/Aug/2022:01:02:53 +0000] "GET /api/v1/goods/user?limit=100 HTTP/1.0" 304 - "-" "Naimaa/0.0.6 CFNetwork/1335.0.3 Darwin/21.6.0"
::ffff:127.0.0.1 - - [29/Aug/2022:01:02:55 +0000] "PUT /api/v1/goods/630c10315b09e9ce75258468/upload-photo HTTP/1.0" 200 60 "-" "Naimaa/0.0.6 CFNetwork/1335.0.3 Darwin/21.6.0"
::1 - - [29/Aug/2022:01:02:56 +0000] "GET /api/v1/categories HTTP/1.0" 304 - "-" "Naimaa/0.0.6 CFNetwork/1335.0.3 Darwin/21.6.0"
::ffff:127.0.0.1 - - [29/Aug/2022:01:03:08 +0000] "PUT /api/v1/goods/630c10315b09e9ce75258468 HTTP/1.0" 200 390 "-" "Naimaa/0.0.6 CFNetwork/1335.0.3 Darwin/21.6.0"
::1 - - [29/Aug/2022:01:03:10 +0000] "PUT /api/v1/goods/630c10315b09e9ce75258468 HTTP/1.0" 200 390 "-" "Naimaa/0.0.6 CFNetwork/1335.0.3 Darwin/21.6.0"
::ffff:127.0.0.1 - - [29/Aug/2022:01:03:26 +0000] "PUT /api/v1/goods/630c10315b09e9ce75258468 HTTP/1.0" 200 390 "-" "Naimaa/0.0.6 CFNetwork/1335.0.3 Darwin/21.6.0"
::1 - - [29/Aug/2022:01:03:33 +0000] "GET /api/v1/transactions/basket?limit=100&sort=-createdAt HTTP/1.0" 304 - "-" "Naimaa/0.0.6 CFNetwork/1335.0.3 Darwin/21.6.0"
::ffff:127.0.0.1 - - [29/Aug/2022:01:03:33 +0000] "GET /api/v1/goods/user?limit=100 HTTP/1.0" 200 2498 "-" "Naimaa/0.0.6 CFNetwork/1335.0.3 Darwin/21.6.0"
::1 - - [29/Aug/2022:01:03:49 +0000] "POST /api/v1/transactions HTTP/1.0" 200 257 "-" "Naimaa/0.0.6 CFNetwork/1335.0.3 Darwin/21.6.0"
::ffff:127.0.0.1 - - [29/Aug/2022:01:03:49 +0000] "GET /api/v1/transactions/basket?limit=100&sort=-createdAt HTTP/1.0" 200 454 "-" "Naimaa/0.0.6 CFNetwork/1335.0.3 Darwin/21.6.0"
::1 - - [29/Aug/2022:01:03:50 +0000] "GET /api/v1/transactions/basket?limit=100&sort=-createdAt HTTP/1.0" 200 454 "-" "Naimaa/0.0.6 CFNetwork/1335.0.3 Darwin/21.6.0"
::ffff:127.0.0.1 - - [29/Aug/2022:01:04:05 +0000] "POST /api/v1/bills/receipt HTTP/1.0" 200 317 "-" "Naimaa/0.0.6 CFNetwork/1335.0.3 Darwin/21.6.0"
::1 - - [29/Aug/2022:01:04:06 +0000] "GET /api/v1/transactions/basket?limit=100&sort=-createdAt HTTP/1.0" 200 122 "-" "Naimaa/0.0.6 CFNetwork/1335.0.3 Darwin/21.6.0"
::ffff:127.0.0.1 - - [29/Aug/2022:01:04:06 +0000] "GET /api/v1/transactions/basket?limit=100&sort=-createdAt HTTP/1.0" 200 122 "-" "Naimaa/0.0.6 CFNetwork/1335.0.3 Darwin/21.6.0"
::1 - - [29/Aug/2022:01:04:21 +0000] "POST /api/v1/transactions HTTP/1.0" 200 257 "-" "Naimaa/0.0.6 CFNetwork/1335.0.3 Darwin/21.6.0"
::ffff:127.0.0.1 - - [29/Aug/2022:01:04:21 +0000] "GET /api/v1/transactions/basket?limit=100&sort=-createdAt HTTP/1.0" 200 454 "-" "Naimaa/0.0.6 CFNetwork/1335.0.3 Darwin/21.6.0"
::1 - - [29/Aug/2022:01:04:21 +0000] "GET /api/v1/transactions/basket?limit=100&sort=-createdAt HTTP/1.0" 200 454 "-" "Naimaa/0.0.6 CFNetwork/1335.0.3 Darwin/21.6.0"
::ffff:127.0.0.1 - - [29/Aug/2022:01:04:30 +0000] "POST /api/v1/bills/receipt HTTP/1.0" 200 317 "-" "Naimaa/0.0.6 CFNetwork/1335.0.3 Darwin/21.6.0"
::1 - - [29/Aug/2022:01:04:31 +0000] "GET /api/v1/transactions/basket?limit=100&sort=-createdAt HTTP/1.0" 200 122 "-" "Naimaa/0.0.6 CFNetwork/1335.0.3 Darwin/21.6.0"
::ffff:127.0.0.1 - - [29/Aug/2022:01:04:31 +0000] "GET /api/v1/transactions/basket?limit=100&sort=-createdAt HTTP/1.0" 200 122 "-" "Naimaa/0.0.6 CFNetwork/1335.0.3 Darwin/21.6.0"
::1 - - [29/Aug/2022:01:12:40 +0000] "GET / HTTP/1.0" 404 139 "-" "-"
::ffff:127.0.0.1 - - [29/Aug/2022:01:12:40 +0000] "GET / HTTP/1.0" 404 139 "-" "Mozilla/5.0 (compatible; CensysInspect/1.1; +https://about.censys.io/)"
::1 - - [29/Aug/2022:01:19:17 +0000] "GET / HTTP/1.0" 404 139 "-" "<title>(.*?)<\/title>"
::ffff:127.0.0.1 - - [29/Aug/2022:01:40:00 +0000] "GET / HTTP/1.0" 404 139 "-" "Mozilla/5.0"
::1 - - [29/Aug/2022:01:49:46 +0000] "POST / HTTP/1.0" 404 140 "-" "Mozilla/5.0 (X11; Linux x86_64) AppleWebKit/537.36 (KHTML, like Gecko) Chrome/81.0.4044.129 Safari/537.36"
::ffff:127.0.0.1 - - [29/Aug/2022:01:49:47 +0000] "GET /.env HTTP/1.0" 404 143 "-" "Mozilla/5.0 (X11; Linux x86_64) AppleWebKit/537.36 (KHTML, like Gecko) Chrome/81.0.4044.129 Safari/537.36"
::1 - - [29/Aug/2022:02:05:41 +0000] "GET /.env HTTP/1.0" 404 143 "-" "Mozilla/5.0 (X11; Linux x86_64) AppleWebKit/537.36 (KHTML, like Gecko) Chrome/81.0.4044.129 Safari/537.36"
::ffff:127.0.0.1 - - [29/Aug/2022:02:05:43 +0000] "POST / HTTP/1.0" 404 140 "-" "Mozilla/5.0 (X11; Linux x86_64) AppleWebKit/537.36 (KHTML, like Gecko) Chrome/81.0.4044.129 Safari/537.36"
::1 - - [29/Aug/2022:02:10:52 +0000] "GET / HTTP/1.0" 404 139 "-" "Mozilla/5.0 (Windows NT 6.1; WOW64) AppleWebKit/537.36 (KHTML, like Gecko) Chrome/51.0.2704.103 Safari/537.36"
::ffff:127.0.0.1 - - [29/Aug/2022:02:15:22 +0000] "GET /?XDEBUG_SESSION_START=phpstorm HTTP/1.0" 404 139 "-" "Mozilla/5.0 (Windows NT 10.0; Win64; x64) AppleWebKit/537.36 (KHTML, like Gecko) Chrome/78.0.3904.108 Safari/537.36"
::1 - - [29/Aug/2022:02:31:38 +0000] "POST / HTTP/1.0" 404 140 "-" "Mozilla/5.0 (X11; Linux x86_64) AppleWebKit/537.36 (KHTML, like Gecko) Chrome/81.0.4044.129 Safari/537.36"
::ffff:127.0.0.1 - - [29/Aug/2022:02:31:38 +0000] "GET /.env HTTP/1.0" 404 143 "-" "Mozilla/5.0 (X11; Linux x86_64) AppleWebKit/537.36 (KHTML, like Gecko) Chrome/81.0.4044.129 Safari/537.36"
::1 - - [29/Aug/2022:02:44:43 +0000] "GET / HTTP/1.0" 404 139 "-" "python-requests/2.28.1"
::ffff:127.0.0.1 - - [29/Aug/2022:02:57:08 +0000] "GET / HTTP/1.0" 404 139 "-" "Go-http-client/1.1"
::1 - - [29/Aug/2022:03:08:18 +0000] "GET / HTTP/1.0" 404 139 "-" "Mozilla/5.0 (Windows NT 6.1; WOW64) AppleWebKit/537.36 (KHTML, like Gecko) Chrome/51.0.2704.103 Safari/537.36"
::ffff:127.0.0.1 - - [29/Aug/2022:03:12:10 +0000] "GET /actuator/gateway/routes HTTP/1.0" 404 162 "-" "Mozilla/5.0 (Windows NT 10.0; Win64; x64) AppleWebKit/537.36 (KHTML, like Gecko) Chrome/78.0.3904.108 Safari/537.36"
::1 - - [29/Aug/2022:03:28:09 +0000] "GET / HTTP/1.0" 404 139 "-" "Mozilla/5.0 (Windows NT 10.0; Win64; x64) AppleWebKit/537.36 (KHTML, like Gecko) Chrome/90.0.4430.85 Safari/537.36 Edg/90.0.818.46"
::ffff:127.0.0.1 - - [29/Aug/2022:03:33:16 +0000] "GET /phpmyadmin/index.php HTTP/1.0" 404 159 "-" "Mozilla/5.0 (Windows NT 10.0; WOW64) AppleWebKit/537.36 (KHTML, like Gecko) Chrome/69.0.3464.0 Safari/537.36"
::1 - - [29/Aug/2022:03:33:17 +0000] "GET /pmd/index.php HTTP/1.0" 404 152 "-" "Mozilla/5.0 (Windows NT 10.0; WOW64) AppleWebKit/537.36 (KHTML, like Gecko) Chrome/69.0.3464.0 Safari/537.36"
::ffff:127.0.0.1 - - [29/Aug/2022:03:33:17 +0000] "GET /phpmyadmin4.8.5/index.php HTTP/1.0" 404 164 "-" "Mozilla/5.0 (Windows NT 10.0; WOW64) AppleWebKit/537.36 (KHTML, like Gecko) Chrome/69.0.3464.0 Safari/537.36"
::1 - - [29/Aug/2022:03:35:45 +0000] "GET / HTTP/1.0" 404 139 "-" "-"
::ffff:127.0.0.1 - - [29/Aug/2022:03:48:01 +0000] "GET / HTTP/1.0" 404 139 "-" "Mozilla/5.0 (Macintosh; Intel Mac OS X 10_11_6) AppleWebKit/601.7.7 (KHTML, like Gecko) Version/9.1.2 Safari/601.7.7"
::1 - - [29/Aug/2022:04:12:23 +0000] "GET /ReportServer HTTP/1.0" 404 151 "-" "Mozilla/5.0 zgrab/0.x"
::ffff:127.0.0.1 - - [29/Aug/2022:04:13:48 +0000] "POST / HTTP/1.0" 404 140 "-" "Mozilla/5.0 (X11; Linux x86_64) AppleWebKit/537.36 (KHTML, like Gecko) Chrome/81.0.4044.129 Safari/537.36"
::1 - - [29/Aug/2022:04:13:49 +0000] "GET /.env HTTP/1.0" 404 143 "-" "Mozilla/5.0 (X11; Linux x86_64) AppleWebKit/537.36 (KHTML, like Gecko) Chrome/81.0.4044.129 Safari/537.36"
::1 - - [29/Aug/2022:04:26:11 +0000] "POST / HTTP/1.0" 404 140 "-" "Mozilla/5.0 (X11; Linux x86_64) AppleWebKit/537.36 (KHTML, like Gecko) Chrome/81.0.4044.129 Safari/537.36"
::ffff:127.0.0.1 - - [29/Aug/2022:04:26:12 +0000] "GET /.env HTTP/1.0" 404 143 "-" "Mozilla/5.0 (X11; Linux x86_64) AppleWebKit/537.36 (KHTML, like Gecko) Chrome/81.0.4044.129 Safari/537.36"
::1 - - [29/Aug/2022:04:30:50 +0000] "POST /api/v1/users/login HTTP/1.0" 200 532 "-" "Expo/2.25.1.1015582 CFNetwork/1333.0.4 Darwin/21.5.0"
::ffff:127.0.0.1 - - [29/Aug/2022:04:30:51 +0000] "GET /api/v1/categories HTTP/1.0" 200 426 "-" "Expo/2.25.1.1015582 CFNetwork/1333.0.4 Darwin/21.5.0"
::ffff:127.0.0.1 - - [29/Aug/2022:04:30:51 +0000] "GET /api/v1/transactions/basket?limit=100&sort=-createdAt HTTP/1.0" 200 122 "-" "Expo/2.25.1.1015582 CFNetwork/1333.0.4 Darwin/21.5.0"
::1 - - [29/Aug/2022:04:30:51 +0000] "GET /api/v1/goods/user?limit=100 HTTP/1.0" 200 1100 "-" "Expo/2.25.1.1015582 CFNetwork/1333.0.4 Darwin/21.5.0"
::1 - - [29/Aug/2022:04:31:02 +0000] "GET /api/v1/transactions/basket?limit=100&sort=-createdAt HTTP/1.0" 304 - "-" "Expo/2.25.1.1015582 CFNetwork/1333.0.4 Darwin/21.5.0"
::ffff:127.0.0.1 - - [29/Aug/2022:04:31:02 +0000] "GET /api/v1/goods/user?limit=100 HTTP/1.0" 304 - "-" "Expo/2.25.1.1015582 CFNetwork/1333.0.4 Darwin/21.5.0"
::1 - - [29/Aug/2022:04:31:03 +0000] "GET /api/v1/bills/debt?type=%D0%9E%D1%80%D0%BB%D0%BE%D0%B3%D0%BE HTTP/1.0" 200 1131 "-" "Expo/2.25.1.1015582 CFNetwork/1333.0.4 Darwin/21.5.0"
::ffff:127.0.0.1 - - [29/Aug/2022:04:31:23 +0000] "GET /api/v1/bills/debt?type=%D0%9E%D1%80%D0%BB%D0%BE%D0%B3%D0%BE HTTP/1.0" 304 - "-" "Expo/2.25.1.1015582 CFNetwork/1333.0.4 Darwin/21.5.0"
::1 - - [29/Aug/2022:04:31:37 +0000] "GET /api/v1/bills/debt?type=%D0%9E%D1%80%D0%BB%D0%BE%D0%B3%D0%BE HTTP/1.0" 304 - "-" "Expo/2.25.1.1015582 CFNetwork/1333.0.4 Darwin/21.5.0"
::ffff:127.0.0.1 - - [29/Aug/2022:04:31:42 +0000] "GET /api/v1/bills/debt?type=%D0%9E%D1%80%D0%BB%D0%BE%D0%B3%D0%BE HTTP/1.0" 304 - "-" "Expo/2.25.1.1015582 CFNetwork/1333.0.4 Darwin/21.5.0"
::1 - - [29/Aug/2022:04:31:53 +0000] "GET /api/v1/bills/debt?type=%D0%9E%D1%80%D0%BB%D0%BE%D0%B3%D0%BE HTTP/1.0" 304 - "-" "Expo/2.25.1.1015582 CFNetwork/1333.0.4 Darwin/21.5.0"
::ffff:127.0.0.1 - - [29/Aug/2022:04:32:05 +0000] "GET /api/v1/bills/6305e5dc43757ac992de3dc0 HTTP/1.0" 200 440 "-" "Expo/2.25.1.1015582 CFNetwork/1333.0.4 Darwin/21.5.0"
::1 - - [29/Aug/2022:04:34:29 +0000] "GET /api/v1/bills/6305e5dc43757ac992de3dc0 HTTP/1.0" 304 - "-" "Expo/2.25.1.1015582 CFNetwork/1333.0.4 Darwin/21.5.0"
::ffff:127.0.0.1 - - [29/Aug/2022:04:34:34 +0000] "GET /api/v1/bills/6305e5dc43757ac992de3dc0 HTTP/1.0" 304 - "-" "Expo/2.25.1.1015582 CFNetwork/1333.0.4 Darwin/21.5.0"
::1 - - [29/Aug/2022:04:34:44 +0000] "GET /api/v1/bills/6305e5dc43757ac992de3dc0 HTTP/1.0" 304 - "-" "Expo/2.25.1.1015582 CFNetwork/1333.0.4 Darwin/21.5.0"
::ffff:127.0.0.1 - - [29/Aug/2022:04:35:14 +0000] "GET /api/v1/bills/6305e5dc43757ac992de3dc0 HTTP/1.0" 304 - "-" "Expo/2.25.1.1015582 CFNetwork/1333.0.4 Darwin/21.5.0"
::1 - - [29/Aug/2022:04:36:49 +0000] "GET /api/v1/bills/debt?type=%D0%97%D0%B0%D1%80%D0%BB%D0%B0%D0%B3%D0%B0 HTTP/1.0" 200 1133 "-" "Expo/2.25.1.1015582 CFNetwork/1333.0.4 Darwin/21.5.0"
::ffff:127.0.0.1 - - [29/Aug/2022:04:36:58 +0000] "GET /api/v1/bills/user?limit=1000&sort=-createdAt&type=%D0%9E%D1%80%D0%BB%D0%BE%D0%B3%D0%BE HTTP/1.0" 200 1178 "-" "Expo/2.25.1.1015582 CFNetwork/1333.0.4 Darwin/21.5.0"
::1 - - [29/Aug/2022:04:36:59 +0000] "GET /api/v1/bills/user?limit=1000&sort=-createdAt&type=%D0%97%D0%B0%D1%80%D0%BB%D0%B0%D0%B3%D0%B0 HTTP/1.0" 200 1184 "-" "Expo/2.25.1.1015582 CFNetwork/1333.0.4 Darwin/21.5.0"
::ffff:127.0.0.1 - - [29/Aug/2022:04:37:01 +0000] "GET /api/v1/goods/user HTTP/1.0" 200 1110 "-" "Expo/2.25.1.1015582 CFNetwork/1333.0.4 Darwin/21.5.0"
::1 - - [29/Aug/2022:04:37:45 +0000] "GET /api/v1/goods/user HTTP/1.0" 304 - "-" "Expo/2.25.1.1015582 CFNetwork/1333.0.4 Darwin/21.5.0"
::ffff:127.0.0.1 - - [29/Aug/2022:04:37:50 +0000] "GET /api/v1/transactions/profit HTTP/1.0" 200 1427 "-" "Expo/2.25.1.1015582 CFNetwork/1333.0.4 Darwin/21.5.0"
::1 - - [29/Aug/2022:04:37:58 +0000] "GET /api/v1/transactions/profit HTTP/1.0" 304 - "-" "Expo/2.25.1.1015582 CFNetwork/1333.0.4 Darwin/21.5.0"
::ffff:127.0.0.1 - - [29/Aug/2022:04:38:06 +0000] "GET /api/v1/transactions/profit HTTP/1.0" 304 - "-" "Expo/2.25.1.1015582 CFNetwork/1333.0.4 Darwin/21.5.0"
::1 - - [29/Aug/2022:04:38:21 +0000] "GET /api/v1/transactions/profit HTTP/1.0" 304 - "-" "Expo/2.25.1.1015582 CFNetwork/1333.0.4 Darwin/21.5.0"
::ffff:127.0.0.1 - - [29/Aug/2022:04:38:32 +0000] "GET /api/v1/transactions/profit HTTP/1.0" 304 - "-" "Expo/2.25.1.1015582 CFNetwork/1333.0.4 Darwin/21.5.0"
::1 - - [29/Aug/2022:04:38:40 +0000] "GET /api/v1/transactions/profit HTTP/1.0" 304 - "-" "Expo/2.25.1.1015582 CFNetwork/1333.0.4 Darwin/21.5.0"
::ffff:127.0.0.1 - - [29/Aug/2022:04:38:42 +0000] "GET /upload/undefined HTTP/1.0" 404 155 "-" "Expo/2.25.1.1015582 CFNetwork/1333.0.4 Darwin/21.5.0"
::ffff:127.0.0.1 - - [29/Aug/2022:04:38:42 +0000] "GET /api/v1/goods/62fbbc48fd2881af5a4e55aa HTTP/1.0" 200 476 "-" "Expo/2.25.1.1015582 CFNetwork/1333.0.4 Darwin/21.5.0"
::1 - - [29/Aug/2022:04:38:42 +0000] "GET /api/v1/transactions/user?good=62fbbc48fd2881af5a4e55aa&sort=-createdAt HTTP/1.0" 200 2392 "-" "Expo/2.25.1.1015582 CFNetwork/1333.0.4 Darwin/21.5.0"
::ffff:127.0.0.1 - - [29/Aug/2022:04:39:03 +0000] "GET /api/v1/bills/debt?type=%D0%9E%D1%80%D0%BB%D0%BE%D0%B3%D0%BE HTTP/1.0" 304 - "-" "Expo/2.25.1.1015582 CFNetwork/1333.0.4 Darwin/21.5.0"
::1 - - [29/Aug/2022:04:39:16 +0000] "GET /api/v1/bills/debt?type=%D0%97%D0%B0%D1%80%D0%BB%D0%B0%D0%B3%D0%B0 HTTP/1.0" 304 - "-" "Expo/2.25.1.1015582 CFNetwork/1333.0.4 Darwin/21.5.0"
::ffff:127.0.0.1 - - [29/Aug/2022:04:39:16 +0000] "GET /api/v1/bills/debt?type=%D0%97%D0%B0%D1%80%D0%BB%D0%B0%D0%B3%D0%B0 HTTP/1.0" 304 - "-" "Expo/2.25.1.1015582 CFNetwork/1333.0.4 Darwin/21.5.0"
::1 - - [29/Aug/2022:04:39:20 +0000] "GET /api/v1/transactions/basket?limit=100&sort=-createdAt HTTP/1.0" 304 - "-" "Expo/2.25.1.1015582 CFNetwork/1333.0.4 Darwin/21.5.0"
::ffff:127.0.0.1 - - [29/Aug/2022:04:39:20 +0000] "GET /api/v1/goods/user?limit=100 HTTP/1.0" 304 - "-" "Expo/2.25.1.1015582 CFNetwork/1333.0.4 Darwin/21.5.0"
::1 - - [29/Aug/2022:04:39:25 +0000] "GET /api/v1/categories HTTP/1.0" 304 - "-" "Expo/2.25.1.1015582 CFNetwork/1333.0.4 Darwin/21.5.0"
::ffff:127.0.0.1 - - [29/Aug/2022:04:39:25 +0000] "GET /api/v1/goods/user?limit=100 HTTP/1.0" 304 - "-" "Expo/2.25.1.1015582 CFNetwork/1333.0.4 Darwin/21.5.0"
::1 - - [29/Aug/2022:04:39:25 +0000] "GET /api/v1/transactions/basket?limit=100&sort=-createdAt HTTP/1.0" 304 - "-" "Expo/2.25.1.1015582 CFNetwork/1333.0.4 Darwin/21.5.0"
::ffff:127.0.0.1 - - [29/Aug/2022:04:42:49 +0000] "GET /api/v1/categories HTTP/1.0" 304 - "-" "Expo/2.25.1.1015582 CFNetwork/1333.0.4 Darwin/21.5.0"
::1 - - [29/Aug/2022:04:42:58 +0000] "GET /api/v1/transactions/basket?limit=100&sort=-createdAt HTTP/1.0" 304 - "-" "Expo/2.25.1.1015582 CFNetwork/1333.0.4 Darwin/21.5.0"
::ffff:127.0.0.1 - - [29/Aug/2022:04:42:59 +0000] "GET /api/v1/goods/user?limit=100 HTTP/1.0" 304 - "-" "Expo/2.25.1.1015582 CFNetwork/1333.0.4 Darwin/21.5.0"
::1 - - [29/Aug/2022:04:42:59 +0000] "GET /api/v1/categories HTTP/1.0" 304 - "-" "Expo/2.25.1.1015582 CFNetwork/1333.0.4 Darwin/21.5.0"
::ffff:127.0.0.1 - - [29/Aug/2022:04:42:59 +0000] "GET /api/v1/goods/user?limit=100 HTTP/1.0" 304 - "-" "Expo/2.25.1.1015582 CFNetwork/1333.0.4 Darwin/21.5.0"
::1 - - [29/Aug/2022:04:42:59 +0000] "GET /api/v1/transactions/basket?limit=100&sort=-createdAt HTTP/1.0" 304 - "-" "Expo/2.25.1.1015582 CFNetwork/1333.0.4 Darwin/21.5.0"
::ffff:127.0.0.1 - - [29/Aug/2022:04:43:14 +0000] "GET /api/v1/categories HTTP/1.0" 304 - "-" "Expo/2.25.1.1015582 CFNetwork/1333.0.4 Darwin/21.5.0"
::ffff:127.0.0.1 - - [29/Aug/2022:04:43:21 +0000] "GET /api/v1/transactions/basket?limit=100&sort=-createdAt HTTP/1.0" 304 - "-" "Expo/2.25.1.1015582 CFNetwork/1333.0.4 Darwin/21.5.0"
::1 - - [29/Aug/2022:04:43:21 +0000] "GET /api/v1/goods/user?limit=100 HTTP/1.0" 304 - "-" "Expo/2.25.1.1015582 CFNetwork/1333.0.4 Darwin/21.5.0"
::1 - - [29/Aug/2022:04:43:24 +0000] "GET /api/v1/categories HTTP/1.0" 304 - "-" "Expo/2.25.1.1015582 CFNetwork/1333.0.4 Darwin/21.5.0"
::ffff:127.0.0.1 - - [29/Aug/2022:04:43:24 +0000] "GET /api/v1/transactions/basket?limit=100&sort=-createdAt HTTP/1.0" 304 - "-" "Expo/2.25.1.1015582 CFNetwork/1333.0.4 Darwin/21.5.0"
::1 - - [29/Aug/2022:04:43:24 +0000] "GET /api/v1/goods/user?limit=100 HTTP/1.0" 304 - "-" "Expo/2.25.1.1015582 CFNetwork/1333.0.4 Darwin/21.5.0"
::ffff:127.0.0.1 - - [29/Aug/2022:04:44:00 +0000] "GET /api/v1/categories HTTP/1.0" 304 - "-" "Expo/2.25.1.1015582 CFNetwork/1333.0.4 Darwin/21.5.0"
::1 - - [29/Aug/2022:04:44:02 +0000] "GET /api/v1/goods/user?limit=100 HTTP/1.0" 304 - "-" "Expo/2.25.1.1015582 CFNetwork/1333.0.4 Darwin/21.5.0"
::ffff:127.0.0.1 - - [29/Aug/2022:04:44:02 +0000] "GET /api/v1/transactions/basket?limit=100&sort=-createdAt HTTP/1.0" 304 - "-" "Expo/2.25.1.1015582 CFNetwork/1333.0.4 Darwin/21.5.0"
::ffff:127.0.0.1 - - [29/Aug/2022:04:44:06 +0000] "GET /api/v1/categories HTTP/1.0" 304 - "-" "Expo/2.25.1.1015582 CFNetwork/1333.0.4 Darwin/21.5.0"
::1 - - [29/Aug/2022:04:44:06 +0000] "GET /api/v1/transactions/basket?limit=100&sort=-createdAt HTTP/1.0" 304 - "-" "Expo/2.25.1.1015582 CFNetwork/1333.0.4 Darwin/21.5.0"
::1 - - [29/Aug/2022:04:44:07 +0000] "GET /api/v1/goods/user?limit=100 HTTP/1.0" 304 - "-" "Expo/2.25.1.1015582 CFNetwork/1333.0.4 Darwin/21.5.0"
::ffff:127.0.0.1 - - [29/Aug/2022:04:44:11 +0000] "GET /api/v1/categories HTTP/1.0" 304 - "-" "Expo/2.25.1.1015582 CFNetwork/1333.0.4 Darwin/21.5.0"
::1 - - [29/Aug/2022:04:44:11 +0000] "GET /api/v1/transactions/basket?limit=100&sort=-createdAt HTTP/1.0" 304 - "-" "Expo/2.25.1.1015582 CFNetwork/1333.0.4 Darwin/21.5.0"
::ffff:127.0.0.1 - - [29/Aug/2022:04:44:11 +0000] "GET /api/v1/goods/user?limit=100 HTTP/1.0" 304 - "-" "Expo/2.25.1.1015582 CFNetwork/1333.0.4 Darwin/21.5.0"
::1 - - [29/Aug/2022:04:44:39 +0000] "GET /api/v1/categories HTTP/1.0" 304 - "-" "Expo/2.25.1.1015582 CFNetwork/1333.0.4 Darwin/21.5.0"
::1 - - [29/Aug/2022:04:44:40 +0000] "GET /api/v1/transactions/basket?limit=100&sort=-createdAt HTTP/1.0" 304 - "-" "Expo/2.25.1.1015582 CFNetwork/1333.0.4 Darwin/21.5.0"
::ffff:127.0.0.1 - - [29/Aug/2022:04:44:40 +0000] "GET /api/v1/goods/user?limit=100 HTTP/1.0" 304 - "-" "Expo/2.25.1.1015582 CFNetwork/1333.0.4 Darwin/21.5.0"
::ffff:127.0.0.1 - - [29/Aug/2022:04:44:41 +0000] "GET /api/v1/categories HTTP/1.0" 304 - "-" "Expo/2.25.1.1015582 CFNetwork/1333.0.4 Darwin/21.5.0"
::1 - - [29/Aug/2022:04:44:41 +0000] "GET /api/v1/transactions/basket?limit=100&sort=-createdAt HTTP/1.0" 304 - "-" "Expo/2.25.1.1015582 CFNetwork/1333.0.4 Darwin/21.5.0"
::ffff:127.0.0.1 - - [29/Aug/2022:04:44:41 +0000] "GET /api/v1/goods/user?limit=100 HTTP/1.0" 304 - "-" "Expo/2.25.1.1015582 CFNetwork/1333.0.4 Darwin/21.5.0"
::1 - - [29/Aug/2022:04:48:02 +0000] "GET /api/v1/categories HTTP/1.0" 304 - "-" "Expo/2.25.1.1015582 CFNetwork/1333.0.4 Darwin/21.5.0"
::ffff:127.0.0.1 - - [29/Aug/2022:05:05:25 +0000] "GET /.env HTTP/1.0" 404 143 "-" "Mozilla/5.0 (X11; Linux x86_64) AppleWebKit/537.36 (KHTML, like Gecko) Chrome/81.0.4044.129 Safari/537.36"
::1 - - [29/Aug/2022:05:05:27 +0000] "POST / HTTP/1.0" 404 140 "-" "Mozilla/5.0 (X11; Linux x86_64) AppleWebKit/537.36 (KHTML, like Gecko) Chrome/81.0.4044.129 Safari/537.36"
::ffff:127.0.0.1 - - [29/Aug/2022:05:11:39 +0000] "GET / HTTP/1.0" 404 139 "-" "Mozilla/5.0"
::1 - - [29/Aug/2022:05:22:30 +0000] "GET /.git/config HTTP/1.0" 404 150 "-" "python-requests/2.28.1"
::ffff:127.0.0.1 - - [29/Aug/2022:05:37:37 +0000] "GET / HTTP/1.0" 404 139 "-" "Mozilla/5.0 (Windows NT 10.0; Win64; x64) AppleWebKit/537.36 (KHTML, like Gecko) Chrome/90.0.4430.85 Safari/537.36 Edg/90.0.818.46"
::1 - - [29/Aug/2022:05:41:37 +0000] "POST / HTTP/1.0" 404 140 "-" "Mozilla/5.0 (X11; Linux x86_64) AppleWebKit/537.36 (KHTML, like Gecko) Chrome/81.0.4044.129 Safari/537.36"
::ffff:127.0.0.1 - - [29/Aug/2022:05:41:37 +0000] "GET /.env HTTP/1.0" 404 143 "-" "Mozilla/5.0 (X11; Linux x86_64) AppleWebKit/537.36 (KHTML, like Gecko) Chrome/81.0.4044.129 Safari/537.36"
::ffff:127.0.0.1 - - [29/Aug/2022:05:50:56 +0000] "GET /api/v1/categories HTTP/1.0" 304 - "-" "Expo/2.25.1.1015582 CFNetwork/1333.0.4 Darwin/21.5.0"
::1 - - [29/Aug/2022:05:50:56 +0000] "GET /api/v1/transactions/basket?limit=100&sort=-createdAt HTTP/1.0" 304 - "-" "Expo/2.25.1.1015582 CFNetwork/1333.0.4 Darwin/21.5.0"
::1 - - [29/Aug/2022:05:50:56 +0000] "GET /api/v1/goods/user?limit=100 HTTP/1.0" 304 - "-" "Expo/2.25.1.1015582 CFNetwork/1333.0.4 Darwin/21.5.0"
::ffff:127.0.0.1 - - [29/Aug/2022:05:51:34 +0000] "GET /api/v1/goods/user?limit=100 HTTP/1.0" 304 - "-" "Expo/2.25.1.1015582 CFNetwork/1333.0.4 Darwin/21.5.0"
::1 - - [29/Aug/2022:05:51:35 +0000] "GET /api/v1/transactions/basket?limit=100&sort=-createdAt HTTP/1.0" 304 - "-" "Expo/2.25.1.1015582 CFNetwork/1333.0.4 Darwin/21.5.0"
::ffff:127.0.0.1 - - [29/Aug/2022:05:51:37 +0000] "GET /api/v1/bills/debt?type=%D0%9E%D1%80%D0%BB%D0%BE%D0%B3%D0%BE HTTP/1.0" 304 - "-" "Expo/2.25.1.1015582 CFNetwork/1333.0.4 Darwin/21.5.0"
::1 - - [29/Aug/2022:05:51:38 +0000] "GET /api/v1/bills/6305e5dc43757ac992de3dc0 HTTP/1.0" 304 - "-" "Expo/2.25.1.1015582 CFNetwork/1333.0.4 Darwin/21.5.0"
::ffff:127.0.0.1 - - [29/Aug/2022:05:51:59 +0000] "GET /api/v1/bills/6305e5dc43757ac992de3dc0 HTTP/1.0" 304 - "-" "Expo/2.25.1.1015582 CFNetwork/1333.0.4 Darwin/21.5.0"
::1 - - [29/Aug/2022:05:52:30 +0000] "GET /api/v1/bills/6305e5dc43757ac992de3dc0 HTTP/1.0" 304 - "-" "Expo/2.25.1.1015582 CFNetwork/1333.0.4 Darwin/21.5.0"
::ffff:127.0.0.1 - - [29/Aug/2022:05:53:11 +0000] "POST /api/v1/bills/debt/6305e5dc43757ac992de3dc0 HTTP/1.0" 200 513 "-" "Expo/2.25.1.1015582 CFNetwork/1333.0.4 Darwin/21.5.0"
::1 - - [29/Aug/2022:05:53:18 +0000] "GET /api/v1/categories HTTP/1.0" 304 - "-" "Expo/2.25.1.1015582 CFNetwork/1333.0.4 Darwin/21.5.0"
::ffff:127.0.0.1 - - [29/Aug/2022:05:53:18 +0000] "GET /api/v1/transactions/basket?limit=100&sort=-createdAt HTTP/1.0" 304 - "-" "Expo/2.25.1.1015582 CFNetwork/1333.0.4 Darwin/21.5.0"
::1 - - [29/Aug/2022:05:53:18 +0000] "GET /api/v1/goods/user?limit=100 HTTP/1.0" 304 - "-" "Expo/2.25.1.1015582 CFNetwork/1333.0.4 Darwin/21.5.0"
::1 - - [29/Aug/2022:05:53:21 +0000] "GET /api/v1/transactions/basket?limit=100&sort=-createdAt HTTP/1.0" 304 - "-" "Expo/2.25.1.1015582 CFNetwork/1333.0.4 Darwin/21.5.0"
::ffff:127.0.0.1 - - [29/Aug/2022:05:53:21 +0000] "GET /api/v1/goods/user?limit=100 HTTP/1.0" 304 - "-" "Expo/2.25.1.1015582 CFNetwork/1333.0.4 Darwin/21.5.0"
::ffff:127.0.0.1 - - [29/Aug/2022:05:53:22 +0000] "GET /api/v1/bills/debt?type=%D0%9E%D1%80%D0%BB%D0%BE%D0%B3%D0%BE HTTP/1.0" 200 1234 "-" "Expo/2.25.1.1015582 CFNetwork/1333.0.4 Darwin/21.5.0"
::1 - - [29/Aug/2022:05:53:23 +0000] "GET /api/v1/bills/6305e5dc43757ac992de3dc0 HTTP/1.0" 200 543 "-" "Expo/2.25.1.1015582 CFNetwork/1333.0.4 Darwin/21.5.0"
::1 - - [29/Aug/2022:05:54:13 +0000] "GET /api/v1/categories HTTP/1.0" 304 - "-" "Expo/2.25.1.1015582 CFNetwork/1333.0.4 Darwin/21.5.0"
::ffff:127.0.0.1 - - [29/Aug/2022:05:54:13 +0000] "GET /api/v1/transactions/basket?limit=100&sort=-createdAt HTTP/1.0" 304 - "-" "Expo/2.25.1.1015582 CFNetwork/1333.0.4 Darwin/21.5.0"
::ffff:127.0.0.1 - - [29/Aug/2022:05:54:13 +0000] "GET /api/v1/goods/user?limit=100 HTTP/1.0" 304 - "-" "Expo/2.25.1.1015582 CFNetwork/1333.0.4 Darwin/21.5.0"
::ffff:127.0.0.1 - - [29/Aug/2022:05:54:22 +0000] "GET /api/v1/transactions/basket?limit=100&sort=-createdAt HTTP/1.0" 304 - "-" "Expo/2.25.1.1015582 CFNetwork/1333.0.4 Darwin/21.5.0"
::1 - - [29/Aug/2022:05:54:22 +0000] "GET /api/v1/goods/user?limit=100 HTTP/1.0" 304 - "-" "Expo/2.25.1.1015582 CFNetwork/1333.0.4 Darwin/21.5.0"
::1 - - [29/Aug/2022:05:54:22 +0000] "GET /api/v1/bills/debt?type=%D0%9E%D1%80%D0%BB%D0%BE%D0%B3%D0%BE HTTP/1.0" 304 - "-" "Expo/2.25.1.1015582 CFNetwork/1333.0.4 Darwin/21.5.0"
::ffff:127.0.0.1 - - [29/Aug/2022:05:54:23 +0000] "GET /api/v1/bills/6305e5dc43757ac992de3dc0 HTTP/1.0" 304 - "-" "Expo/2.25.1.1015582 CFNetwork/1333.0.4 Darwin/21.5.0"
::1 - - [29/Aug/2022:05:54:32 +0000] "GET /api/v1/bills/6305e5dc43757ac992de3dc0 HTTP/1.0" 304 - "-" "Expo/2.25.1.1015582 CFNetwork/1333.0.4 Darwin/21.5.0"
::ffff:127.0.0.1 - - [29/Aug/2022:05:54:54 +0000] "GET /api/v1/bills/6305e5dc43757ac992de3dc0 HTTP/1.0" 304 - "-" "Expo/2.25.1.1015582 CFNetwork/1333.0.4 Darwin/21.5.0"
::1 - - [29/Aug/2022:05:55:41 +0000] "GET /api/v1/bills/6305e5dc43757ac992de3dc0 HTTP/1.0" 304 - "-" "Expo/2.25.1.1015582 CFNetwork/1333.0.4 Darwin/21.5.0"
::ffff:127.0.0.1 - - [29/Aug/2022:05:55:55 +0000] "GET /api/v1/bills/6305e5dc43757ac992de3dc0 HTTP/1.0" 304 - "-" "Expo/2.25.1.1015582 CFNetwork/1333.0.4 Darwin/21.5.0"
::1 - - [29/Aug/2022:05:56:20 +0000] "GET /api/v1/bills/6305e5dc43757ac992de3dc0 HTTP/1.0" 304 - "-" "Expo/2.25.1.1015582 CFNetwork/1333.0.4 Darwin/21.5.0"
::ffff:127.0.0.1 - - [29/Aug/2022:05:56:40 +0000] "GET /api/v1/bills/6305e5dc43757ac992de3dc0 HTTP/1.0" 304 - "-" "Expo/2.25.1.1015582 CFNetwork/1333.0.4 Darwin/21.5.0"
::1 - - [29/Aug/2022:05:57:11 +0000] "GET /api/v1/bills/6305e5dc43757ac992de3dc0 HTTP/1.0" 304 - "-" "Expo/2.25.1.1015582 CFNetwork/1333.0.4 Darwin/21.5.0"
::ffff:127.0.0.1 - - [29/Aug/2022:05:57:16 +0000] "GET /api/v1/bills/6305e5dc43757ac992de3dc0 HTTP/1.0" 304 - "-" "Expo/2.25.1.1015582 CFNetwork/1333.0.4 Darwin/21.5.0"
::1 - - [29/Aug/2022:05:57:28 +0000] "GET /api/v1/bills/6305e5dc43757ac992de3dc0 HTTP/1.0" 304 - "-" "Expo/2.25.1.1015582 CFNetwork/1333.0.4 Darwin/21.5.0"
::ffff:127.0.0.1 - - [29/Aug/2022:05:57:32 +0000] "GET /api/v1/bills/6305e5dc43757ac992de3dc0 HTTP/1.0" 304 - "-" "Expo/2.25.1.1015582 CFNetwork/1333.0.4 Darwin/21.5.0"
::1 - - [29/Aug/2022:05:58:30 +0000] "GET /api/v1/bills/6305e5dc43757ac992de3dc0 HTTP/1.0" 304 - "-" "Expo/2.25.1.1015582 CFNetwork/1333.0.4 Darwin/21.5.0"
::ffff:127.0.0.1 - - [29/Aug/2022:05:58:56 +0000] "POST /api/v1/bills/debt/6305e5dc43757ac992de3dc0 HTTP/1.0" 200 616 "-" "Expo/2.25.1.1015582 CFNetwork/1333.0.4 Darwin/21.5.0"
::1 - - [29/Aug/2022:05:59:02 +0000] "GET /api/v1/transactions/basket?limit=100&sort=-createdAt HTTP/1.0" 304 - "-" "Expo/2.25.1.1015582 CFNetwork/1333.0.4 Darwin/21.5.0"
::ffff:127.0.0.1 - - [29/Aug/2022:05:59:02 +0000] "GET /api/v1/categories HTTP/1.0" 304 - "-" "Expo/2.25.1.1015582 CFNetwork/1333.0.4 Darwin/21.5.0"
::1 - - [29/Aug/2022:05:59:02 +0000] "GET /api/v1/goods/user?limit=100 HTTP/1.0" 304 - "-" "Expo/2.25.1.1015582 CFNetwork/1333.0.4 Darwin/21.5.0"
::ffff:127.0.0.1 - - [29/Aug/2022:05:59:03 +0000] "GET /api/v1/transactions/basket?limit=100&sort=-createdAt HTTP/1.0" 304 - "-" "Expo/2.25.1.1015582 CFNetwork/1333.0.4 Darwin/21.5.0"
::1 - - [29/Aug/2022:05:59:03 +0000] "GET /api/v1/goods/user?limit=100 HTTP/1.0" 304 - "-" "Expo/2.25.1.1015582 CFNetwork/1333.0.4 Darwin/21.5.0"
::ffff:127.0.0.1 - - [29/Aug/2022:05:59:03 +0000] "GET /api/v1/bills/debt?type=%D0%9E%D1%80%D0%BB%D0%BE%D0%B3%D0%BE HTTP/1.0" 200 1337 "-" "Expo/2.25.1.1015582 CFNetwork/1333.0.4 Darwin/21.5.0"
::1 - - [29/Aug/2022:05:59:05 +0000] "GET /api/v1/bills/6305e5dc43757ac992de3dc0 HTTP/1.0" 200 646 "-" "Expo/2.25.1.1015582 CFNetwork/1333.0.4 Darwin/21.5.0"
::ffff:127.0.0.1 - - [29/Aug/2022:05:59:17 +0000] "GET /api/v1/bills/6305e5dc43757ac992de3dc0 HTTP/1.0" 304 - "-" "Expo/2.25.1.1015582 CFNetwork/1333.0.4 Darwin/21.5.0"
::1 - - [29/Aug/2022:05:59:33 +0000] "GET /api/v1/bills/6305e5dc43757ac992de3dc0 HTTP/1.0" 304 - "-" "Expo/2.25.1.1015582 CFNetwork/1333.0.4 Darwin/21.5.0"
::ffff:127.0.0.1 - - [29/Aug/2022:05:59:38 +0000] "POST /api/v1/bills/debt/[object%20Object] HTTP/1.0" 500 268 "-" "Expo/2.25.1.1015582 CFNetwork/1333.0.4 Darwin/21.5.0"
::1 - - [29/Aug/2022:06:00:15 +0000] "GET /api/v1/bills/6305e5dc43757ac992de3dc0 HTTP/1.0" 304 - "-" "Expo/2.25.1.1015582 CFNetwork/1333.0.4 Darwin/21.5.0"
::1 - - [29/Aug/2022:06:00:19 +0000] "GET /api/v1/transactions/basket?limit=100&sort=-createdAt HTTP/1.0" 304 - "-" "Expo/2.25.1.1015582 CFNetwork/1333.0.4 Darwin/21.5.0"
::ffff:127.0.0.1 - - [29/Aug/2022:06:00:19 +0000] "GET /api/v1/categories HTTP/1.0" 304 - "-" "Expo/2.25.1.1015582 CFNetwork/1333.0.4 Darwin/21.5.0"
::ffff:127.0.0.1 - - [29/Aug/2022:06:00:19 +0000] "GET /api/v1/goods/user?limit=100 HTTP/1.0" 304 - "-" "Expo/2.25.1.1015582 CFNetwork/1333.0.4 Darwin/21.5.0"
::ffff:127.0.0.1 - - [29/Aug/2022:06:00:25 +0000] "GET /api/v1/transactions/basket?limit=100&sort=-createdAt HTTP/1.0" 304 - "-" "Expo/2.25.1.1015582 CFNetwork/1333.0.4 Darwin/21.5.0"
::1 - - [29/Aug/2022:06:00:25 +0000] "GET /api/v1/goods/user?limit=100 HTTP/1.0" 304 - "-" "Expo/2.25.1.1015582 CFNetwork/1333.0.4 Darwin/21.5.0"
::1 - - [29/Aug/2022:06:00:26 +0000] "GET /api/v1/bills/debt?type=%D0%9E%D1%80%D0%BB%D0%BE%D0%B3%D0%BE HTTP/1.0" 304 - "-" "Expo/2.25.1.1015582 CFNetwork/1333.0.4 Darwin/21.5.0"
::ffff:127.0.0.1 - - [29/Aug/2022:06:00:27 +0000] "GET /api/v1/bills/6305e5dc43757ac992de3dc0 HTTP/1.0" 304 - "-" "Expo/2.25.1.1015582 CFNetwork/1333.0.4 Darwin/21.5.0"
::1 - - [29/Aug/2022:06:00:53 +0000] "GET /api/v1/bills/6305e5dc43757ac992de3dc0 HTTP/1.0" 304 - "-" "Expo/2.25.1.1015582 CFNetwork/1333.0.4 Darwin/21.5.0"
::ffff:127.0.0.1 - - [29/Aug/2022:06:00:55 +0000] "GET /api/v1/bills/6305e5dc43757ac992de3dc0 HTTP/1.0" 304 - "-" "Expo/2.25.1.1015582 CFNetwork/1333.0.4 Darwin/21.5.0"
::1 - - [29/Aug/2022:06:00:59 +0000] "POST /api/v1/bills/debt/6305e5dc43757ac992de3dc0/630c54475b09e9ce7525858f HTTP/1.0" 404 207 "-" "Expo/2.25.1.1015582 CFNetwork/1333.0.4 Darwin/21.5.0"
::ffff:127.0.0.1 - - [29/Aug/2022:06:01:24 +0000] "GET /api/v1/categories HTTP/1.0" 304 - "-" "Expo/2.25.1.1015582 CFNetwork/1333.0.4 Darwin/21.5.0"
::ffff:127.0.0.1 - - [29/Aug/2022:06:01:24 +0000] "GET /api/v1/transactions/basket?limit=100&sort=-createdAt HTTP/1.0" 304 - "-" "Expo/2.25.1.1015582 CFNetwork/1333.0.4 Darwin/21.5.0"
::1 - - [29/Aug/2022:06:01:24 +0000] "GET /api/v1/goods/user?limit=100 HTTP/1.0" 304 - "-" "Expo/2.25.1.1015582 CFNetwork/1333.0.4 Darwin/21.5.0"
::ffff:127.0.0.1 - - [29/Aug/2022:06:01:34 +0000] "GET /api/v1/transactions/basket?limit=100&sort=-createdAt HTTP/1.0" 304 - "-" "Expo/2.25.1.1015582 CFNetwork/1333.0.4 Darwin/21.5.0"
::1 - - [29/Aug/2022:06:01:34 +0000] "GET /api/v1/goods/user?limit=100 HTTP/1.0" 304 - "-" "Expo/2.25.1.1015582 CFNetwork/1333.0.4 Darwin/21.5.0"
::1 - - [29/Aug/2022:06:01:34 +0000] "GET /api/v1/bills/debt?type=%D0%9E%D1%80%D0%BB%D0%BE%D0%B3%D0%BE HTTP/1.0" 304 - "-" "Expo/2.25.1.1015582 CFNetwork/1333.0.4 Darwin/21.5.0"
::ffff:127.0.0.1 - - [29/Aug/2022:06:01:35 +0000] "GET /api/v1/bills/6305e5dc43757ac992de3dc0 HTTP/1.0" 304 - "-" "Expo/2.25.1.1015582 CFNetwork/1333.0.4 Darwin/21.5.0"
::1 - - [29/Aug/2022:06:01:40 +0000] "DELETE /api/v1/bills/debt/6305e5dc43757ac992de3dc0/630c55a05b09e9ce752585d5 HTTP/1.0" 200 513 "-" "Expo/2.25.1.1015582 CFNetwork/1333.0.4 Darwin/21.5.0"
::ffff:127.0.0.1 - - [29/Aug/2022:06:01:44 +0000] "GET /api/v1/transactions/basket?limit=100&sort=-createdAt HTTP/1.0" 304 - "-" "Expo/2.25.1.1015582 CFNetwork/1333.0.4 Darwin/21.5.0"
::ffff:127.0.0.1 - - [29/Aug/2022:06:01:44 +0000] "GET /api/v1/categories HTTP/1.0" 304 - "-" "Expo/2.25.1.1015582 CFNetwork/1333.0.4 Darwin/21.5.0"
::1 - - [29/Aug/2022:06:01:44 +0000] "GET /api/v1/goods/user?limit=100 HTTP/1.0" 304 - "-" "Expo/2.25.1.1015582 CFNetwork/1333.0.4 Darwin/21.5.0"
::ffff:127.0.0.1 - - [29/Aug/2022:06:01:45 +0000] "GET /api/v1/transactions/basket?limit=100&sort=-createdAt HTTP/1.0" 304 - "-" "Expo/2.25.1.1015582 CFNetwork/1333.0.4 Darwin/21.5.0"
::1 - - [29/Aug/2022:06:01:45 +0000] "GET /api/v1/goods/user?limit=100 HTTP/1.0" 304 - "-" "Expo/2.25.1.1015582 CFNetwork/1333.0.4 Darwin/21.5.0"
::1 - - [29/Aug/2022:06:01:46 +0000] "GET /api/v1/bills/debt?type=%D0%9E%D1%80%D0%BB%D0%BE%D0%B3%D0%BE HTTP/1.0" 200 1234 "-" "Expo/2.25.1.1015582 CFNetwork/1333.0.4 Darwin/21.5.0"
::ffff:127.0.0.1 - - [29/Aug/2022:06:01:47 +0000] "GET /api/v1/bills/6305e5dc43757ac992de3dc0 HTTP/1.0" 200 543 "-" "Expo/2.25.1.1015582 CFNetwork/1333.0.4 Darwin/21.5.0"
::1 - - [29/Aug/2022:06:01:51 +0000] "GET / HTTP/1.0" 404 139 "-" "Mozilla/5.0 (Windows NT 10.0; Win64; x64) AppleWebKit/537.36 (KHTML, like Gecko) Chrome/60.0.3112.113 Safari/537.36"
::ffff:127.0.0.1 - - [29/Aug/2022:06:02:30 +0000] "GET /api/v1/bills/6305e5dc43757ac992de3dc0 HTTP/1.0" 304 - "-" "Expo/2.25.1.1015582 CFNetwork/1333.0.4 Darwin/21.5.0"
::1 - - [29/Aug/2022:06:02:58 +0000] "GET /api/v1/bills/6305e5e543757ac992de3dd5 HTTP/1.0" 200 441 "-" "Expo/2.25.1.1015582 CFNetwork/1333.0.4 Darwin/21.5.0"
::ffff:127.0.0.1 - - [29/Aug/2022:06:03:32 +0000] "GET /api/v1/bills/6305e5e543757ac992de3dd5 HTTP/1.0" 304 - "-" "Expo/2.25.1.1015582 CFNetwork/1333.0.4 Darwin/21.5.0"
::1 - - [29/Aug/2022:06:04:10 +0000] "GET /api/v1/bills/6305e5e543757ac992de3dd5 HTTP/1.0" 304 - "-" "Expo/2.25.1.1015582 CFNetwork/1333.0.4 Darwin/21.5.0"
::ffff:127.0.0.1 - - [29/Aug/2022:06:05:29 +0000] "GET /api/v1/bills/6305e5e543757ac992de3dd5 HTTP/1.0" 304 - "-" "Expo/2.25.1.1015582 CFNetwork/1333.0.4 Darwin/21.5.0"
::1 - - [29/Aug/2022:06:05:36 +0000] "GET /api/v1/bills/6305e5e543757ac992de3dd5 HTTP/1.0" 304 - "-" "Expo/2.25.1.1015582 CFNetwork/1333.0.4 Darwin/21.5.0"
::ffff:127.0.0.1 - - [29/Aug/2022:06:05:40 +0000] "POST /api/v1/bills/debt/6305e5e543757ac992de3dd5 HTTP/1.0" 200 509 "-" "Expo/2.25.1.1015582 CFNetwork/1333.0.4 Darwin/21.5.0"
::1 - - [29/Aug/2022:06:05:47 +0000] "GET /api/v1/bills/6305e5e543757ac992de3dd5 HTTP/1.0" 200 539 "-" "Expo/2.25.1.1015582 CFNetwork/1333.0.4 Darwin/21.5.0"
::ffff:127.0.0.1 - - [29/Aug/2022:06:06:04 +0000] "GET /api/v1/transactions/basket?limit=100&sort=-createdAt HTTP/1.0" 304 - "-" "Expo/2.25.1.1015582 CFNetwork/1333.0.4 Darwin/21.5.0"
::ffff:127.0.0.1 - - [29/Aug/2022:06:06:04 +0000] "GET /api/v1/categories HTTP/1.0" 304 - "-" "Expo/2.25.1.1015582 CFNetwork/1333.0.4 Darwin/21.5.0"
::1 - - [29/Aug/2022:06:06:04 +0000] "GET /api/v1/goods/user?limit=100 HTTP/1.0" 304 - "-" "Expo/2.25.1.1015582 CFNetwork/1333.0.4 Darwin/21.5.0"
::ffff:127.0.0.1 - - [29/Aug/2022:06:06:05 +0000] "GET /api/v1/transactions/basket?limit=100&sort=-createdAt HTTP/1.0" 304 - "-" "Expo/2.25.1.1015582 CFNetwork/1333.0.4 Darwin/21.5.0"
::1 - - [29/Aug/2022:06:06:05 +0000] "GET /api/v1/goods/user?limit=100 HTTP/1.0" 304 - "-" "Expo/2.25.1.1015582 CFNetwork/1333.0.4 Darwin/21.5.0"
::1 - - [29/Aug/2022:06:06:06 +0000] "GET /api/v1/bills/debt?type=%D0%9E%D1%80%D0%BB%D0%BE%D0%B3%D0%BE HTTP/1.0" 200 1324 "-" "Expo/2.25.1.1015582 CFNetwork/1333.0.4 Darwin/21.5.0"
::ffff:127.0.0.1 - - [29/Aug/2022:06:06:23 +0000] "GET /api/v1/bills/debt?type=%D0%9E%D1%80%D0%BB%D0%BE%D0%B3%D0%BE HTTP/1.0" 304 - "-" "Expo/2.25.1.1015582 CFNetwork/1333.0.4 Darwin/21.5.0"
::1 - - [29/Aug/2022:06:06:26 +0000] "GET /api/v1/bills/debt?type=%D0%97%D0%B0%D1%80%D0%BB%D0%B0%D0%B3%D0%B0 HTTP/1.0" 304 - "-" "Expo/2.25.1.1015582 CFNetwork/1333.0.4 Darwin/21.5.0"
::ffff:127.0.0.1 - - [29/Aug/2022:06:06:37 +0000] "GET /api/v1/bills/6305e60643757ac992de3dec HTTP/1.0" 200 443 "-" "Expo/2.25.1.1015582 CFNetwork/1333.0.4 Darwin/21.5.0"
::1 - - [29/Aug/2022:06:06:47 +0000] "POST /api/v1/bills/debt/6305e60643757ac992de3dec HTTP/1.0" 200 511 "-" "Expo/2.25.1.1015582 CFNetwork/1333.0.4 Darwin/21.5.0"
::ffff:127.0.0.1 - - [29/Aug/2022:06:06:54 +0000] "GET /api/v1/transactions/basket?limit=100&sort=-createdAt HTTP/1.0" 304 - "-" "Expo/2.25.1.1015582 CFNetwork/1333.0.4 Darwin/21.5.0"
::ffff:127.0.0.1 - - [29/Aug/2022:06:06:54 +0000] "GET /api/v1/categories HTTP/1.0" 304 - "-" "Expo/2.25.1.1015582 CFNetwork/1333.0.4 Darwin/21.5.0"
::1 - - [29/Aug/2022:06:06:54 +0000] "GET /api/v1/goods/user?limit=100 HTTP/1.0" 304 - "-" "Expo/2.25.1.1015582 CFNetwork/1333.0.4 Darwin/21.5.0"
::ffff:127.0.0.1 - - [29/Aug/2022:06:06:57 +0000] "GET /api/v1/transactions/basket?limit=100&sort=-createdAt HTTP/1.0" 304 - "-" "Expo/2.25.1.1015582 CFNetwork/1333.0.4 Darwin/21.5.0"
::1 - - [29/Aug/2022:06:06:57 +0000] "GET /api/v1/goods/user?limit=100 HTTP/1.0" 304 - "-" "Expo/2.25.1.1015582 CFNetwork/1333.0.4 Darwin/21.5.0"
::1 - - [29/Aug/2022:06:06:57 +0000] "GET /api/v1/bills/debt?type=%D0%97%D0%B0%D1%80%D0%BB%D0%B0%D0%B3%D0%B0 HTTP/1.0" 200 1223 "-" "Expo/2.25.1.1015582 CFNetwork/1333.0.4 Darwin/21.5.0"
::ffff:127.0.0.1 - - [29/Aug/2022:06:06:58 +0000] "GET /api/v1/bills/6305e60643757ac992de3dec HTTP/1.0" 200 540 "-" "Expo/2.25.1.1015582 CFNetwork/1333.0.4 Darwin/21.5.0"
::1 - - [29/Aug/2022:06:09:31 +0000] "GET /api/v1/categories HTTP/1.0" 304 - "-" "Expo/2.25.1.1015582 CFNetwork/1333.0.4 Darwin/21.5.0"
::ffff:127.0.0.1 - - [29/Aug/2022:06:09:31 +0000] "GET /api/v1/transactions/basket?limit=100&sort=-createdAt HTTP/1.0" 304 - "-" "Expo/2.25.1.1015582 CFNetwork/1333.0.4 Darwin/21.5.0"
::1 - - [29/Aug/2022:06:09:32 +0000] "GET /api/v1/goods/user?limit=100 HTTP/1.0" 304 - "-" "Expo/2.25.1.1015582 CFNetwork/1333.0.4 Darwin/21.5.0"
::ffff:127.0.0.1 - - [29/Aug/2022:06:09:35 +0000] "GET /api/v1/users/62fbbc03fd2881af5a4e559a HTTP/1.0" 200 258 "-" "Expo/2.25.1.1015582 CFNetwork/1333.0.4 Darwin/21.5.0"
::ffff:127.0.0.1 - - [29/Aug/2022:06:09:36 +0000] "GET /api/v1/transactions/basket?limit=100&sort=-createdAt HTTP/1.0" 304 - "-" "Expo/2.25.1.1015582 CFNetwork/1333.0.4 Darwin/21.5.0"
::1 - - [29/Aug/2022:06:09:36 +0000] "GET /api/v1/goods/user?limit=100 HTTP/1.0" 304 - "-" "Expo/2.25.1.1015582 CFNetwork/1333.0.4 Darwin/21.5.0"
::1 - - [29/Aug/2022:06:09:58 +0000] "GET /api/v1/transactions/basket?limit=100&sort=-createdAt HTTP/1.0" 304 - "-" "Expo/2.25.1.1015582 CFNetwork/1333.0.4 Darwin/21.5.0"
::ffff:127.0.0.1 - - [29/Aug/2022:06:09:58 +0000] "GET /api/v1/goods/user?limit=100 HTTP/1.0" 304 - "-" "Expo/2.25.1.1015582 CFNetwork/1333.0.4 Darwin/21.5.0"
::ffff:127.0.0.1 - - [29/Aug/2022:06:09:59 +0000] "GET /api/v1/transactions/basket?limit=100&sort=-createdAt HTTP/1.0" 304 - "-" "Expo/2.25.1.1015582 CFNetwork/1333.0.4 Darwin/21.5.0"
::1 - - [29/Aug/2022:06:09:59 +0000] "GET /api/v1/goods/user?limit=100 HTTP/1.0" 304 - "-" "Expo/2.25.1.1015582 CFNetwork/1333.0.4 Darwin/21.5.0"
::1 - - [29/Aug/2022:06:10:01 +0000] "GET /api/v1/goods/user?limit=100 HTTP/1.0" 304 - "-" "Expo/2.25.1.1015582 CFNetwork/1333.0.4 Darwin/21.5.0"
::ffff:127.0.0.1 - - [29/Aug/2022:06:10:02 +0000] "GET /api/v1/goods/user?limit=100 HTTP/1.0" 304 - "-" "Expo/2.25.1.1015582 CFNetwork/1333.0.4 Darwin/21.5.0"
::1 - - [29/Aug/2022:06:10:06 +0000] "GET /api/v1/goods/user?limit=100 HTTP/1.0" 304 - "-" "Expo/2.25.1.1015582 CFNetwork/1333.0.4 Darwin/21.5.0"
::ffff:127.0.0.1 - - [29/Aug/2022:06:10:06 +0000] "GET /api/v1/goods/user?limit=100 HTTP/1.0" 304 - "-" "Expo/2.25.1.1015582 CFNetwork/1333.0.4 Darwin/21.5.0"
::1 - - [29/Aug/2022:06:10:07 +0000] "GET /api/v1/transactions/basket?limit=100&sort=-createdAt HTTP/1.0" 304 - "-" "Expo/2.25.1.1015582 CFNetwork/1333.0.4 Darwin/21.5.0"
::ffff:127.0.0.1 - - [29/Aug/2022:06:10:07 +0000] "GET /api/v1/goods/user?limit=100 HTTP/1.0" 304 - "-" "Expo/2.25.1.1015582 CFNetwork/1333.0.4 Darwin/21.5.0"
::1 - - [29/Aug/2022:06:10:08 +0000] "GET /api/v1/transactions/basket?limit=100&sort=-createdAt HTTP/1.0" 304 - "-" "Expo/2.25.1.1015582 CFNetwork/1333.0.4 Darwin/21.5.0"
::ffff:127.0.0.1 - - [29/Aug/2022:06:10:08 +0000] "GET /api/v1/goods/user?limit=100 HTTP/1.0" 304 - "-" "Expo/2.25.1.1015582 CFNetwork/1333.0.4 Darwin/21.5.0"
::1 - - [29/Aug/2022:06:10:08 +0000] "GET /api/v1/goods/user?limit=100 HTTP/1.0" 304 - "-" "Expo/2.25.1.1015582 CFNetwork/1333.0.4 Darwin/21.5.0"
::ffff:127.0.0.1 - - [29/Aug/2022:06:10:09 +0000] "GET /api/v1/goods/user?limit=100 HTTP/1.0" 304 - "-" "Expo/2.25.1.1015582 CFNetwork/1333.0.4 Darwin/21.5.0"
::1 - - [29/Aug/2022:06:10:09 +0000] "GET /api/v1/templates?createUser=62fbbc03fd2881af5a4e559a HTTP/1.0" 200 279 "-" "Expo/2.25.1.1015582 CFNetwork/1333.0.4 Darwin/21.5.0"
::ffff:127.0.0.1 - - [29/Aug/2022:06:10:10 +0000] "GET /api/v1/templates?createUser=62fbbc03fd2881af5a4e559a HTTP/1.0" 304 - "-" "Expo/2.25.1.1015582 CFNetwork/1333.0.4 Darwin/21.5.0"
::1 - - [29/Aug/2022:06:10:11 +0000] "GET /api/v1/goods/user?limit=100 HTTP/1.0" 304 - "-" "Expo/2.25.1.1015582 CFNetwork/1333.0.4 Darwin/21.5.0"
::1 - - [29/Aug/2022:06:10:12 +0000] "GET /api/v1/transactions/basket?limit=100&sort=-createdAt HTTP/1.0" 304 - "-" "Expo/2.25.1.1015582 CFNetwork/1333.0.4 Darwin/21.5.0"
::ffff:127.0.0.1 - - [29/Aug/2022:06:10:12 +0000] "GET /api/v1/goods/user?limit=100 HTTP/1.0" 304 - "-" "Expo/2.25.1.1015582 CFNetwork/1333.0.4 Darwin/21.5.0"
::ffff:127.0.0.1 - - [29/Aug/2022:06:10:12 +0000] "GET /api/v1/goods/user?limit=100 HTTP/1.0" 304 - "-" "Expo/2.25.1.1015582 CFNetwork/1333.0.4 Darwin/21.5.0"
::1 - - [29/Aug/2022:06:10:28 +0000] "GET /api/v1/transactions/basket?limit=100&sort=-createdAt HTTP/1.0" 304 - "-" "Expo/2.25.1.1015582 CFNetwork/1333.0.4 Darwin/21.5.0"
::1 - - [29/Aug/2022:06:10:28 +0000] "GET /api/v1/goods/user?limit=100 HTTP/1.0" 304 - "-" "Expo/2.25.1.1015582 CFNetwork/1333.0.4 Darwin/21.5.0"
::ffff:127.0.0.1 - - [29/Aug/2022:06:10:28 +0000] "GET /api/v1/goods/user?limit=100 HTTP/1.0" 304 - "-" "Expo/2.25.1.1015582 CFNetwork/1333.0.4 Darwin/21.5.0"
::ffff:127.0.0.1 - - [29/Aug/2022:06:10:29 +0000] "GET /api/v1/goods/user?limit=100 HTTP/1.0" 304 - "-" "Expo/2.25.1.1015582 CFNetwork/1333.0.4 Darwin/21.5.0"
::1 - - [29/Aug/2022:06:10:29 +0000] "GET /api/v1/templates?createUser=62fbbc03fd2881af5a4e559a HTTP/1.0" 304 - "-" "Expo/2.25.1.1015582 CFNetwork/1333.0.4 Darwin/21.5.0"
::ffff:127.0.0.1 - - [29/Aug/2022:06:10:41 +0000] "GET /api/v1/templates?createUser=62fbbc03fd2881af5a4e559a HTTP/1.0" 304 - "-" "Expo/2.25.1.1015582 CFNetwork/1333.0.4 Darwin/21.5.0"
::1 - - [29/Aug/2022:06:10:44 +0000] "GET /api/v1/templates?createUser=62fbbc03fd2881af5a4e559a HTTP/1.0" 304 - "-" "Expo/2.25.1.1015582 CFNetwork/1333.0.4 Darwin/21.5.0"
::ffff:127.0.0.1 - - [29/Aug/2022:06:10:44 +0000] "GET /api/v1/templates?createUser=62fbbc03fd2881af5a4e559a HTTP/1.0" 304 - "-" "Expo/2.25.1.1015582 CFNetwork/1333.0.4 Darwin/21.5.0"
::1 - - [29/Aug/2022:06:10:45 +0000] "GET /api/v1/goods/user?limit=100 HTTP/1.0" 304 - "-" "Expo/2.25.1.1015582 CFNetwork/1333.0.4 Darwin/21.5.0"
::1 - - [29/Aug/2022:06:10:46 +0000] "GET /api/v1/transactions/basket?limit=100&sort=-createdAt HTTP/1.0" 304 - "-" "Expo/2.25.1.1015582 CFNetwork/1333.0.4 Darwin/21.5.0"
::ffff:127.0.0.1 - - [29/Aug/2022:06:10:46 +0000] "GET /api/v1/goods/user?limit=100 HTTP/1.0" 304 - "-" "Expo/2.25.1.1015582 CFNetwork/1333.0.4 Darwin/21.5.0"
::ffff:127.0.0.1 - - [29/Aug/2022:06:10:46 +0000] "GET /api/v1/goods/user?limit=100 HTTP/1.0" 304 - "-" "Expo/2.25.1.1015582 CFNetwork/1333.0.4 Darwin/21.5.0"
::ffff:127.0.0.1 - - [29/Aug/2022:06:10:46 +0000] "GET /api/v1/transactions/basket?limit=100&sort=-createdAt HTTP/1.0" 304 - "-" "Expo/2.25.1.1015582 CFNetwork/1333.0.4 Darwin/21.5.0"
::1 - - [29/Aug/2022:06:10:46 +0000] "GET /api/v1/goods/user?limit=100 HTTP/1.0" 304 - "-" "Expo/2.25.1.1015582 CFNetwork/1333.0.4 Darwin/21.5.0"
::1 - - [29/Aug/2022:06:10:46 +0000] "GET /api/v1/goods/user?limit=100 HTTP/1.0" 304 - "-" "Expo/2.25.1.1015582 CFNetwork/1333.0.4 Darwin/21.5.0"
::ffff:127.0.0.1 - - [29/Aug/2022:06:10:58 +0000] "GET /api/v1/transactions/basket?limit=100&sort=-createdAt HTTP/1.0" 304 - "-" "Expo/2.25.1.1015582 CFNetwork/1333.0.4 Darwin/21.5.0"
::ffff:127.0.0.1 - - [29/Aug/2022:06:10:58 +0000] "GET /api/v1/goods/user?limit=100 HTTP/1.0" 304 - "-" "Expo/2.25.1.1015582 CFNetwork/1333.0.4 Darwin/21.5.0"
::1 - - [29/Aug/2022:06:10:58 +0000] "GET /api/v1/goods/user?limit=100 HTTP/1.0" 304 - "-" "Expo/2.25.1.1015582 CFNetwork/1333.0.4 Darwin/21.5.0"
::ffff:127.0.0.1 - - [29/Aug/2022:06:10:59 +0000] "GET /api/v1/transactions/basket?limit=100&sort=-createdAt HTTP/1.0" 304 - "-" "Expo/2.25.1.1015582 CFNetwork/1333.0.4 Darwin/21.5.0"
::1 - - [29/Aug/2022:06:10:59 +0000] "GET /api/v1/goods/user?limit=100 HTTP/1.0" 304 - "-" "Expo/2.25.1.1015582 CFNetwork/1333.0.4 Darwin/21.5.0"
::1 - - [29/Aug/2022:06:10:59 +0000] "GET /api/v1/goods/user?limit=100 HTTP/1.0" 304 - "-" "Expo/2.25.1.1015582 CFNetwork/1333.0.4 Darwin/21.5.0"
::ffff:127.0.0.1 - - [29/Aug/2022:06:10:59 +0000] "GET /api/v1/goods/user?limit=100 HTTP/1.0" 304 - "-" "Expo/2.25.1.1015582 CFNetwork/1333.0.4 Darwin/21.5.0"
::1 - - [29/Aug/2022:06:11:00 +0000] "GET /api/v1/templates?createUser=62fbbc03fd2881af5a4e559a HTTP/1.0" 304 - "-" "Expo/2.25.1.1015582 CFNetwork/1333.0.4 Darwin/21.5.0"
::ffff:127.0.0.1 - - [29/Aug/2022:06:11:06 +0000] "GET /api/v1/transactions/basket?limit=100&sort=-createdAt HTTP/1.0" 304 - "-" "Expo/2.25.1.1015582 CFNetwork/1333.0.4 Darwin/21.5.0"
::ffff:127.0.0.1 - - [29/Aug/2022:06:11:06 +0000] "GET /api/v1/templates?createUser=62fbbc03fd2881af5a4e559a HTTP/1.0" 304 - "-" "Expo/2.25.1.1015582 CFNetwork/1333.0.4 Darwin/21.5.0"
::1 - - [29/Aug/2022:06:11:06 +0000] "GET /api/v1/goods/user?limit=100 HTTP/1.0" 304 - "-" "Expo/2.25.1.1015582 CFNetwork/1333.0.4 Darwin/21.5.0"
::ffff:127.0.0.1 - - [29/Aug/2022:06:11:12 +0000] "GET /api/v1/transactions/basket?limit=100&sort=-createdAt HTTP/1.0" 304 - "-" "Expo/2.25.1.1015582 CFNetwork/1333.0.4 Darwin/21.5.0"
::1 - - [29/Aug/2022:06:11:12 +0000] "GET /api/v1/goods/user?limit=100 HTTP/1.0" 304 - "-" "Expo/2.25.1.1015582 CFNetwork/1333.0.4 Darwin/21.5.0"
::1 - - [29/Aug/2022:06:11:12 +0000] "GET /api/v1/goods/user?limit=100 HTTP/1.0" 304 - "-" "Expo/2.25.1.1015582 CFNetwork/1333.0.4 Darwin/21.5.0"
::ffff:127.0.0.1 - - [29/Aug/2022:06:11:12 +0000] "GET /api/v1/goods/user?limit=100 HTTP/1.0" 304 - "-" "Expo/2.25.1.1015582 CFNetwork/1333.0.4 Darwin/21.5.0"
::1 - - [29/Aug/2022:06:11:13 +0000] "GET /api/v1/templates?createUser=62fbbc03fd2881af5a4e559a HTTP/1.0" 304 - "-" "Expo/2.25.1.1015582 CFNetwork/1333.0.4 Darwin/21.5.0"
::ffff:127.0.0.1 - - [29/Aug/2022:06:11:14 +0000] "GET /api/v1/templates?createUser=62fbbc03fd2881af5a4e559a HTTP/1.0" 304 - "-" "Expo/2.25.1.1015582 CFNetwork/1333.0.4 Darwin/21.5.0"
::ffff:127.0.0.1 - - [29/Aug/2022:06:11:15 +0000] "GET /api/v1/transactions/basket?limit=100&sort=-createdAt HTTP/1.0" 304 - "-" "Expo/2.25.1.1015582 CFNetwork/1333.0.4 Darwin/21.5.0"
::1 - - [29/Aug/2022:06:11:15 +0000] "GET /api/v1/goods/user?limit=100 HTTP/1.0" 304 - "-" "Expo/2.25.1.1015582 CFNetwork/1333.0.4 Darwin/21.5.0"
::1 - - [29/Aug/2022:06:11:33 +0000] "GET /api/v1/transactions/basket?limit=100&sort=-createdAt HTTP/1.0" 304 - "-" "Expo/2.25.1.1015582 CFNetwork/1333.0.4 Darwin/21.5.0"
::1 - - [29/Aug/2022:06:11:33 +0000] "GET /api/v1/goods/user?limit=100 HTTP/1.0" 304 - "-" "Expo/2.25.1.1015582 CFNetwork/1333.0.4 Darwin/21.5.0"
::ffff:127.0.0.1 - - [29/Aug/2022:06:11:33 +0000] "GET /api/v1/goods/user?limit=100 HTTP/1.0" 304 - "-" "Expo/2.25.1.1015582 CFNetwork/1333.0.4 Darwin/21.5.0"
::ffff:127.0.0.1 - - [29/Aug/2022:06:11:34 +0000] "GET /api/v1/goods/user?limit=100 HTTP/1.0" 304 - "-" "Expo/2.25.1.1015582 CFNetwork/1333.0.4 Darwin/21.5.0"
::1 - - [29/Aug/2022:06:11:34 +0000] "GET /api/v1/templates?createUser=62fbbc03fd2881af5a4e559a HTTP/1.0" 304 - "-" "Expo/2.25.1.1015582 CFNetwork/1333.0.4 Darwin/21.5.0"
::ffff:127.0.0.1 - - [29/Aug/2022:06:11:36 +0000] "GET /api/v1/templates?createUser=62fbbc03fd2881af5a4e559a HTTP/1.0" 304 - "-" "Expo/2.25.1.1015582 CFNetwork/1333.0.4 Darwin/21.5.0"
::1 - - [29/Aug/2022:06:11:38 +0000] "GET /api/v1/templates?createUser=62fbbc03fd2881af5a4e559a HTTP/1.0" 304 - "-" "Expo/2.25.1.1015582 CFNetwork/1333.0.4 Darwin/21.5.0"
::ffff:127.0.0.1 - - [29/Aug/2022:06:11:38 +0000] "GET /api/v1/templates?createUser=62fbbc03fd2881af5a4e559a HTTP/1.0" 304 - "-" "Expo/2.25.1.1015582 CFNetwork/1333.0.4 Darwin/21.5.0"
::1 - - [29/Aug/2022:06:11:39 +0000] "GET /api/v1/bills/debt?type=%D0%97%D0%B0%D1%80%D0%BB%D0%B0%D0%B3%D0%B0 HTTP/1.0" 304 - "-" "Expo/2.25.1.1015582 CFNetwork/1333.0.4 Darwin/21.5.0"
