::1 - - [09/Aug/2022:00:41:07 +0000] "POST /vendor/phpunit/phpunit/src/Util/PHP/eval-stdin.php HTTP/1.0" 404 190 "-" "Mozilla/5.0 (Windows NT 10.0; Win64; x64) AppleWebKit/537.36 (KHTML, like Gecko) Chrome/78.0.3904.108 Safari/537.36"
::ffff:127.0.0.1 - - [09/Aug/2022:01:08:34 +0000] "POST / HTTP/1.0" 404 140 "-" "Mozilla/5.0 (X11; Linux x86_64) AppleWebKit/537.36 (KHTML, like Gecko) Chrome/81.0.4044.129 Safari/537.36"
::1 - - [09/Aug/2022:01:08:34 +0000] "GET /.env HTTP/1.0" 404 143 "-" "Mozilla/5.0 (X11; Linux x86_64) AppleWebKit/537.36 (KHTML, like Gecko) Chrome/81.0.4044.129 Safari/537.36"
::ffff:127.0.0.1 - - [09/Aug/2022:01:10:04 +0000] "GET / HTTP/1.0" 404 139 "-" "Mozilla/5.0 (X11; Ubuntu; Linux x86_64; rv:76.0) Gecko/20100101 Firefox/76.0"
::1 - - [09/Aug/2022:01:29:11 +0000] "GET / HTTP/1.0" 404 139 "-" "Mozilla/5.0 (X11; Ubuntu; Linux x86_64; rv:76.0) Gecko/20100101 Firefox/76.0"
::ffff:127.0.0.1 - - [09/Aug/2022:01:42:03 +0000] "GET /vendor/phpunit/phpunit/src/Util/PHP/eval-stdin.php HTTP/1.0" 404 189 "-" "Mozilla/5.0 (Windows NT 10.0; Win64; x64) AppleWebKit/537.36 (KHTML, like Gecko) Chrome/78.0.3904.108 Safari/537.36"
::1 - - [09/Aug/2022:01:44:25 +0000] "GET / HTTP/1.0" 404 139 "-" "Mozilla/5.0 (Macintosh; Intel Mac OS X 10_15_7) AppleWebKit/537.36 (KHTML, like Gecko) Chrome/102.0.0.0 Safari/537.36"
::ffff:127.0.0.1 - - [09/Aug/2022:02:01:51 +0000] "GET / HTTP/1.0" 404 139 "-" "Linux Gnu (cow)"
::1 - - [09/Aug/2022:02:01:57 +0000] "GET /solr/admin/info/system?wt=json HTTP/1.0" 404 161 "-" "Mozilla/5.0 (Windows NT 10.0; Win64; x64) AppleWebKit/537.36 (KHTML, like Gecko) Chrome/78.0.3904.108 Safari/537.36"
::ffff:127.0.0.1 - - [09/Aug/2022:02:05:52 +0000] "GET /.env HTTP/1.0" 404 143 "-" "Mozilla/5.0 (X11; Linux x86_64) AppleWebKit/537.36 (KHTML, like Gecko) Chrome/81.0.4044.129 Safari/537.36"
::1 - - [09/Aug/2022:02:05:53 +0000] "POST / HTTP/1.0" 404 140 "-" "Mozilla/5.0 (X11; Linux x86_64) AppleWebKit/537.36 (KHTML, like Gecko) Chrome/81.0.4044.129 Safari/537.36"
::ffff:127.0.0.1 - - [09/Aug/2022:02:08:00 +0000] "GET /.env HTTP/1.0" 404 143 "-" "Mozilla/5.0 (Linux; U; Android 4.4.2; en-US; HM NOTE 1W Build/KOT49H) AppleWebKit/534.30 (KHTML, like Gecko) Version/4.0 UCBrowser/11.0.5.850 U3/0.8.0 Mobile Safari/534.30"
::1 - - [09/Aug/2022:02:08:01 +0000] "POST / HTTP/1.0" 404 140 "-" "Mozilla/5.0 (Linux; U; Android 4.4.2; en-US; HM NOTE 1W Build/KOT49H) AppleWebKit/534.30 (KHTML, like Gecko) Version/4.0 UCBrowser/11.0.5.850 U3/0.8.0 Mobile Safari/534.30"
::ffff:127.0.0.1 - - [09/Aug/2022:02:45:14 +0000] "GET / HTTP/1.0" 404 139 "-" "Mozilla/5.0 zgrab/0.x"
::1 - - [09/Aug/2022:02:49:57 +0000] "GET / HTTP/1.0" 404 139 "-" "Mozilla/5.0 (Windows NT 10.0; Win64; x64) AppleWebKit/537.36 (KHTML, like Gecko) Chrome/60.0.3112.113 Safari/537.36"
::ffff:127.0.0.1 - - [09/Aug/2022:02:56:42 +0000] "GET /index.php?s=/Index/\think\app/invokefunction&function=call_user_func_array&vars[0]=md5&vars[1][]=HelloThinkPHP21 HTTP/1.0" 404 148 "-" "Mozilla/5.0 (Windows NT 10.0; Win64; x64) AppleWebKit/537.36 (KHTML, like Gecko) Chrome/78.0.3904.108 Safari/537.36"
::1 - - [09/Aug/2022:03:07:28 +0000] "GET / HTTP/1.0" 404 139 "-" "-"
::ffff:127.0.0.1 - - [09/Aug/2022:03:13:55 +0000] "GET / HTTP/1.0" 404 139 "-" "-"
::1 - - [09/Aug/2022:03:50:44 +0000] "GET /?a=fetch&content=<php>die(@md5(HelloThinkCMF))</php> HTTP/1.0" 404 139 "-" "Mozilla/5.0 (Windows NT 10.0; Win64; x64) AppleWebKit/537.36 (KHTML, like Gecko) Chrome/78.0.3904.108 Safari/537.36"
::ffff:127.0.0.1 - - [09/Aug/2022:03:58:51 +0000] "GET / HTTP/1.0" 404 139 "-" "fasthttp"
::1 - - [09/Aug/2022:04:02:42 +0000] "GET /aaa9 HTTP/1.0" 404 143 "-" "Mozilla/5.0 (Windows NT 10.0; Win64; x64) AppleWebKit/537.36 (KHTML, like Gecko) Chrome/70.0.3538.77 Safari/537.36"
::ffff:127.0.0.1 - - [09/Aug/2022:04:02:43 +0000] "GET /aab9 HTTP/1.0" 404 143 "-" "Mozilla/5.0 (Windows NT 10.0; Win64; x64) AppleWebKit/537.36 (KHTML, like Gecko) Chrome/70.0.3538.77 Safari/537.36"
::1 - - [09/Aug/2022:04:02:44 +0000] "GET /aaa9 HTTP/1.0" 404 143 "-" "Mozilla/5.0 (Windows NT 10.0; Win64; x64) AppleWebKit/537.36 (KHTML, like Gecko) Chrome/70.0.3538.77 Safari/537.36"
::ffff:127.0.0.1 - - [09/Aug/2022:04:02:45 +0000] "GET /aab9 HTTP/1.0" 404 143 "-" "Mozilla/5.0 (Windows NT 10.0; Win64; x64) AppleWebKit/537.36 (KHTML, like Gecko) Chrome/70.0.3538.77 Safari/537.36"
::1 - - [09/Aug/2022:04:07:33 +0000] "POST / HTTP/1.0" 404 140 "-" "Mozilla/5.0 (X11; Linux x86_64) AppleWebKit/537.36 (KHTML, like Gecko) Chrome/81.0.4044.129 Safari/537.36"
::ffff:127.0.0.1 - - [09/Aug/2022:04:07:34 +0000] "GET /.env HTTP/1.0" 404 143 "-" "Mozilla/5.0 (X11; Linux x86_64) AppleWebKit/537.36 (KHTML, like Gecko) Chrome/81.0.4044.129 Safari/537.36"
::1 - - [09/Aug/2022:04:11:17 +0000] "GET / HTTP/1.0" 404 139 "-" "-"
::ffff:127.0.0.1 - - [09/Aug/2022:04:19:47 +0000] "GET /?XDEBUG_SESSION_START=phpstorm HTTP/1.0" 404 139 "-" "Mozilla/5.0 (Windows NT 10.0; Win64; x64) AppleWebKit/537.36 (KHTML, like Gecko) Chrome/78.0.3904.108 Safari/537.36"
::1 - - [09/Aug/2022:04:42:00 +0000] "GET /.git/HEAD HTTP/1.0" 404 148 "-" "Mozilla/5.0 (X11; Linux x86_64; rv:98.0) Gecko/20100101 Firefox/98.0"
::ffff:127.0.0.1 - - [09/Aug/2022:05:06:08 +0000] "GET /.env HTTP/1.0" 404 143 "-" "Mozilla/5.0 (X11; Linux x86_64) AppleWebKit/537.36 (KHTML, like Gecko) Chrome/81.0.4044.129 Safari/537.36"
::1 - - [09/Aug/2022:05:06:09 +0000] "POST / HTTP/1.0" 404 140 "-" "Mozilla/5.0 (X11; Linux x86_64) AppleWebKit/537.36 (KHTML, like Gecko) Chrome/81.0.4044.129 Safari/537.36"
::ffff:127.0.0.1 - - [09/Aug/2022:05:14:42 +0000] "GET / HTTP/1.0" 404 139 "-" "Mozilla/5.0 zgrab/0.x"
::1 - - [09/Aug/2022:05:31:36 +0000] "GET /console/ HTTP/1.0" 404 147 "-" "Mozilla/5.0 (Windows NT 10.0; Win64; x64) AppleWebKit/537.36 (KHTML, like Gecko) Chrome/78.0.3904.108 Safari/537.36"
::ffff:127.0.0.1 - - [09/Aug/2022:06:02:34 +0000] "POST /Autodiscover/Autodiscover.xml HTTP/1.0" 404 169 "-" "Mozilla/5.0 (Windows NT 10.0; Win64; x64) AppleWebKit/537.36 (KHTML, like Gecko) Chrome/78.0.3904.108 Safari/537.36"
::1 - - [09/Aug/2022:06:21:43 +0000] "POST / HTTP/1.0" 404 140 "-" "Mozilla/5.0 (X11; Linux x86_64) AppleWebKit/537.36 (KHTML, like Gecko) Chrome/81.0.4044.129 Safari/537.36"
::ffff:127.0.0.1 - - [09/Aug/2022:06:21:43 +0000] "GET /.env HTTP/1.0" 404 143 "-" "Mozilla/5.0 (X11; Linux x86_64) AppleWebKit/537.36 (KHTML, like Gecko) Chrome/81.0.4044.129 Safari/537.36"
::1 - - [09/Aug/2022:07:17:52 +0000] "GET / HTTP/1.0" 404 139 "-" "-"
::ffff:127.0.0.1 - - [09/Aug/2022:07:18:51 +0000] "GET / HTTP/1.0" 404 139 "-" "Mozilla/5.0 (Windows NT 6.1) AppleWebKit/537.36 (KHTML, like Gecko) Chrome/41.0.2228.0 Safari/537.36"
::1 - - [09/Aug/2022:07:36:20 +0000] "GET / HTTP/1.0" 404 139 "-" "Mozilla/5.0 (Windows NT 10.0; Win64; x64) AppleWebKit/537.36 (KHTML, like Gecko) Chrome/78.0.3904.108 Safari/537.36"
::ffff:127.0.0.1 - - [09/Aug/2022:08:06:00 +0000] "GET /.env HTTP/1.0" 404 143 "-" "Mozilla/5.0 (X11; Linux x86_64) AppleWebKit/537.36 (KHTML, like Gecko) Chrome/81.0.4044.129 Safari/537.36"
::1 - - [09/Aug/2022:08:06:01 +0000] "POST / HTTP/1.0" 404 140 "-" "Mozilla/5.0 (X11; Linux x86_64) AppleWebKit/537.36 (KHTML, like Gecko) Chrome/81.0.4044.129 Safari/537.36"
::ffff:127.0.0.1 - - [09/Aug/2022:08:09:28 +0000] "GET / HTTP/1.0" 404 139 "-" "Mozilla/5.0 (Windows NT 10.0; Win64; x64) AppleWebKit/537.36 (KHTML, like Gecko) Chrome/60.0.3112.113 Safari/537.36"
::1 - - [09/Aug/2022:08:30:12 +0000] "GET /.env HTTP/1.0" 404 143 "-" "Mozilla/5.0 (X11; Linux x86_64) AppleWebKit/537.36 (KHTML, like Gecko) Chrome/81.0.4044.129 Safari/537.36"
::ffff:127.0.0.1 - - [09/Aug/2022:08:33:58 +0000] "POST / HTTP/1.0" 404 140 "-" "Mozilla/5.0 (X11; Linux x86_64) AppleWebKit/537.36 (KHTML, like Gecko) Chrome/81.0.4044.129 Safari/537.36"
::1 - - [09/Aug/2022:08:33:58 +0000] "GET /.env HTTP/1.0" 404 143 "-" "Mozilla/5.0 (X11; Linux x86_64) AppleWebKit/537.36 (KHTML, like Gecko) Chrome/81.0.4044.129 Safari/537.36"
::ffff:127.0.0.1 - - [09/Aug/2022:08:43:20 +0000] "GET / HTTP/1.0" 404 139 "-" "Go-http-client/1.1"
::1 - - [09/Aug/2022:08:48:24 +0000] "GET / HTTP/1.0" 404 139 "-" "Mozilla/5.0 (Macintosh; Intel Mac OS X 10_15_7) AppleWebKit/537.36 (KHTML, like Gecko) Chrome/102.0.0.0 Safari/537.36"
::ffff:127.0.0.1 - - [09/Aug/2022:09:11:46 +0000] "GET / HTTP/1.0" 404 139 "-" "Linux Gnu (cow)"
::1 - - [09/Aug/2022:09:30:01 +0000] "GET / HTTP/1.0" 404 139 "-" "Mozilla/5.0 (Windows NT 10.0; Win64; x64) AppleWebKit/537.36 (KHTML, like Gecko) Chrome/78.0.3904.108 Safari/537.36"
::ffff:127.0.0.1 - - [09/Aug/2022:10:08:36 +0000] "GET /actuator/gateway/routes HTTP/1.0" 404 162 "-" "Mozilla/5.0 (Windows NT 10.0; Win64; x64) AppleWebKit/537.36 (KHTML, like Gecko) Chrome/78.0.3904.108 Safari/537.36"
::1 - - [09/Aug/2022:10:12:26 +0000] "GET / HTTP/1.0" 404 139 "-" "python-requests/2.28.1"
::ffff:127.0.0.1 - - [09/Aug/2022:10:32:29 +0000] "GET / HTTP/1.0" 404 139 "-" "Mozilla/5.0 (Windows NT 10.0; Win64; x64) AppleWebKit/537.36 (KHTML, like Gecko) Chrome/88.0.4324.190 Safari/537.36"
::1 - - [09/Aug/2022:10:33:33 +0000] "GET / HTTP/1.0" 404 139 "-" "python-requests/2.28.1"
::ffff:127.0.0.1 - - [09/Aug/2022:10:37:07 +0000] "GET / HTTP/1.0" 404 139 "-" "Mozilla/5.0 (Windows NT 10.0; Win64; x64; rv:79.0) Gecko/20100101 Firefox/79.0"
::1 - - [09/Aug/2022:10:42:29 +0000] "GET /config/getuser?index=0 HTTP/1.0" 404 153 "-" "Mozilla/5.0 (X11; Ubuntu; Linux x86_64; rv:76.0) Gecko/20100101 Firefox/76.0"
::ffff:127.0.0.1 - - [09/Aug/2022:10:44:27 +0000] "POST / HTTP/1.0" 404 140 "-" "Mozilla/5.0 (X11; Linux x86_64) AppleWebKit/537.36 (KHTML, like Gecko) Chrome/81.0.4044.129 Safari/537.36"
::1 - - [09/Aug/2022:10:44:28 +0000] "GET /.env HTTP/1.0" 404 143 "-" "Mozilla/5.0 (X11; Linux x86_64) AppleWebKit/537.36 (KHTML, like Gecko) Chrome/81.0.4044.129 Safari/537.36"
::ffff:127.0.0.1 - - [09/Aug/2022:10:47:45 +0000] "GET / HTTP/1.0" 404 139 "-" "Mozilla/5.0"
::1 - - [09/Aug/2022:11:05:59 +0000] "GET /.env HTTP/1.0" 404 143 "-" "Mozilla/5.0 (X11; Linux x86_64) AppleWebKit/537.36 (KHTML, like Gecko) Chrome/81.0.4044.129 Safari/537.36"
::ffff:127.0.0.1 - - [09/Aug/2022:11:06:00 +0000] "POST / HTTP/1.0" 404 140 "-" "Mozilla/5.0 (X11; Linux x86_64) AppleWebKit/537.36 (KHTML, like Gecko) Chrome/81.0.4044.129 Safari/537.36"
::1 - - [09/Aug/2022:12:54:24 +0000] "POST / HTTP/1.0" 404 140 "-" "Mozilla/5.0 (X11; Linux x86_64) AppleWebKit/537.36 (KHTML, like Gecko) Chrome/81.0.4044.129 Safari/537.36"
::ffff:127.0.0.1 - - [09/Aug/2022:12:54:25 +0000] "GET /.env HTTP/1.0" 404 143 "-" "Mozilla/5.0 (X11; Linux x86_64) AppleWebKit/537.36 (KHTML, like Gecko) Chrome/81.0.4044.129 Safari/537.36"
::1 - - [09/Aug/2022:13:01:23 +0000] "GET / HTTP/1.0" 404 139 "-" "Go-http-client/1.1"
::ffff:127.0.0.1 - - [09/Aug/2022:13:43:34 +0000] "GET / HTTP/1.0" 404 139 "-" "Linux Gnu (cow)"
::1 - - [09/Aug/2022:13:46:51 +0000] "POST /api/v1/users/login HTTP/1.0" 400 120 "-" "okhttp/4.9.2"
::ffff:127.0.0.1 - - [09/Aug/2022:13:47:21 +0000] "POST /api/v1/users/login HTTP/1.0" 401 123 "-" "okhttp/4.9.2"
::1 - - [09/Aug/2022:13:49:39 +0000] "POST /api/v1/users/login HTTP/1.0" 401 123 "-" "okhttp/4.9.2"
::ffff:127.0.0.1 - - [09/Aug/2022:13:49:56 +0000] "POST /api/v1/users/login HTTP/1.0" 401 123 "-" "okhttp/4.9.2"
::1 - - [09/Aug/2022:13:50:05 +0000] "POST /api/v1/users/login HTTP/1.0" 500 403 "-" "okhttp/4.9.2"
::ffff:127.0.0.1 - - [09/Aug/2022:13:51:13 +0000] "POST /api/v1/users HTTP/1.0" 200 585 "-" "okhttp/4.9.2"
::1 - - [09/Aug/2022:13:51:16 +0000] "POST /api/v1/users/login HTTP/1.0" 400 120 "-" "okhttp/4.9.2"
::ffff:127.0.0.1 - - [09/Aug/2022:13:51:26 +0000] "POST /api/v1/users/login HTTP/1.0" 200 585 "-" "okhttp/4.9.2"
::1 - - [09/Aug/2022:13:51:27 +0000] "GET /api/v1/categories HTTP/1.0" 200 407 "-" "okhttp/4.9.2"
::ffff:127.0.0.1 - - [09/Aug/2022:13:51:27 +0000] "GET /api/v1/goods/user?limit=100 HTTP/1.0" 200 107 "-" "okhttp/4.9.2"
::1 - - [09/Aug/2022:13:51:27 +0000] "GET /api/v1/transactions/basket?limit=100&sort=-createdAt HTTP/1.0" 200 107 "-" "okhttp/4.9.2"
::1 - - [09/Aug/2022:13:51:50 +0000] "GET /api/v1/goods/user?limit=100 HTTP/1.0" 304 - "-" "okhttp/4.9.2"
::ffff:127.0.0.1 - - [09/Aug/2022:13:51:50 +0000] "GET /api/v1/goods/user?limit=100 HTTP/1.0" 304 - "-" "okhttp/4.9.2"
::ffff:127.0.0.1 - - [09/Aug/2022:13:51:50 +0000] "GET /api/v1/transactions/basket?limit=100&sort=-createdAt HTTP/1.0" 304 - "-" "okhttp/4.9.2"
::1 - - [09/Aug/2022:13:51:52 +0000] "GET /api/v1/bills/user?limit=1000&sort=-createdAt HTTP/1.0" 200 108 "-" "okhttp/4.9.2"
::ffff:127.0.0.1 - - [09/Aug/2022:13:51:52 +0000] "GET /api/v1/goods/user?limit=100 HTTP/1.0" 304 - "-" "okhttp/4.9.2"
::1 - - [09/Aug/2022:13:51:56 +0000] "GET /api/v1/templates?createUser=62f2665099e2a94b91d436bb HTTP/1.0" 200 109 "-" "okhttp/4.9.2"
::ffff:127.0.0.1 - - [09/Aug/2022:13:51:56 +0000] "GET /api/v1/bills/user?limit=1000&sort=-createdAt HTTP/1.0" 304 - "-" "okhttp/4.9.2"
::1 - - [09/Aug/2022:13:51:57 +0000] "GET /api/v1/templates?createUser=62f2665099e2a94b91d436bb HTTP/1.0" 304 - "-" "okhttp/4.9.2"
::ffff:127.0.0.1 - - [09/Aug/2022:13:51:58 +0000] "GET /api/v1/templates?createUser=62f2665099e2a94b91d436bb HTTP/1.0" 304 - "-" "okhttp/4.9.2"
::1 - - [09/Aug/2022:13:52:02 +0000] "GET /api/v1/bills/user?limit=1000&sort=-createdAt HTTP/1.0" 304 - "-" "okhttp/4.9.2"
::ffff:127.0.0.1 - - [09/Aug/2022:13:52:02 +0000] "GET /api/v1/templates?createUser=62f2665099e2a94b91d436bb HTTP/1.0" 304 - "-" "okhttp/4.9.2"
::ffff:127.0.0.1 - - [09/Aug/2022:13:52:04 +0000] "GET /api/v1/bills/user?limit=1000&sort=-createdAt HTTP/1.0" 304 - "-" "okhttp/4.9.2"
::1 - - [09/Aug/2022:13:52:04 +0000] "GET /api/v1/goods/user?limit=100 HTTP/1.0" 304 - "-" "okhttp/4.9.2"
::ffff:127.0.0.1 - - [09/Aug/2022:13:52:05 +0000] "GET /api/v1/goods/user?limit=100 HTTP/1.0" 304 - "-" "okhttp/4.9.2"
::1 - - [09/Aug/2022:13:52:05 +0000] "GET /api/v1/goods/user?limit=100 HTTP/1.0" 304 - "-" "okhttp/4.9.2"
::1 - - [09/Aug/2022:13:52:05 +0000] "GET /api/v1/transactions/basket?limit=100&sort=-createdAt HTTP/1.0" 304 - "-" "okhttp/4.9.2"
::ffff:127.0.0.1 - - [09/Aug/2022:13:52:44 +0000] "GET /api/v1/categories HTTP/1.0" 304 - "-" "okhttp/4.9.2"
::1 - - [09/Aug/2022:13:52:44 +0000] "GET /api/v1/transactions/basket?limit=100&sort=-createdAt HTTP/1.0" 304 - "-" "okhttp/4.9.2"
::ffff:127.0.0.1 - - [09/Aug/2022:13:52:44 +0000] "GET /api/v1/goods/user?limit=100 HTTP/1.0" 304 - "-" "okhttp/4.9.2"
::1 - - [09/Aug/2022:13:52:56 +0000] "GET /api/v1/transactions/basket?limit=100&sort=-createdAt HTTP/1.0" 304 - "-" "okhttp/4.9.2"
::ffff:127.0.0.1 - - [09/Aug/2022:13:52:56 +0000] "GET /api/v1/goods/user?limit=100 HTTP/1.0" 304 - "-" "okhttp/4.9.2"
::1 - - [09/Aug/2022:13:52:59 +0000] "GET /api/v1/goods/user?limit=100 HTTP/1.0" 304 - "-" "okhttp/4.9.2"
::1 - - [09/Aug/2022:13:52:59 +0000] "GET /api/v1/goods/user?limit=100&select=quantity%20price%20photo%20name HTTP/1.0" 200 107 "-" "okhttp/4.9.2"
::ffff:127.0.0.1 - - [09/Aug/2022:13:52:59 +0000] "GET /api/v1/transactions/basket?limit=100&sort=-createdAt HTTP/1.0" 304 - "-" "okhttp/4.9.2"
::ffff:127.0.0.1 - - [09/Aug/2022:13:53:01 +0000] "GET /api/v1/goods/user?limit=100 HTTP/1.0" 304 - "-" "okhttp/4.9.2"
::1 - - [09/Aug/2022:13:53:01 +0000] "GET /api/v1/transactions/basket?limit=100&sort=-createdAt HTTP/1.0" 304 - "-" "okhttp/4.9.2"
::ffff:127.0.0.1 - - [09/Aug/2022:13:53:06 +0000] "GET /api/v1/transactions/basket?limit=100&sort=-createdAt HTTP/1.0" 304 - "-" "okhttp/4.9.2"
::1 - - [09/Aug/2022:13:53:06 +0000] "GET /api/v1/goods/user?limit=100 HTTP/1.0" 304 - "-" "okhttp/4.9.2"
::ffff:127.0.0.1 - - [09/Aug/2022:13:53:06 +0000] "GET /api/v1/goods/user?limit=100 HTTP/1.0" 304 - "-" "okhttp/4.9.2"
::1 - - [09/Aug/2022:13:53:08 +0000] "GET /api/v1/categories HTTP/1.0" 304 - "-" "okhttp/4.9.2"
::ffff:127.0.0.1 - - [09/Aug/2022:13:53:08 +0000] "GET /api/v1/goods/user?limit=100 HTTP/1.0" 304 - "-" "okhttp/4.9.2"
::1 - - [09/Aug/2022:13:53:10 +0000] "GET /api/v1/goods/user?limit=100 HTTP/1.0" 304 - "-" "okhttp/4.9.2"
::ffff:127.0.0.1 - - [09/Aug/2022:13:53:10 +0000] "GET /api/v1/goods/user?limit=100 HTTP/1.0" 304 - "-" "okhttp/4.9.2"
::1 - - [09/Aug/2022:13:53:10 +0000] "GET /api/v1/transactions/basket?limit=100&sort=-createdAt HTTP/1.0" 304 - "-" "okhttp/4.9.2"
::ffff:127.0.0.1 - - [09/Aug/2022:13:53:10 +0000] "GET /api/v1/goods/user?limit=100 HTTP/1.0" 304 - "-" "okhttp/4.9.2"
::1 - - [09/Aug/2022:13:53:11 +0000] "GET /api/v1/goods/user?limit=100 HTTP/1.0" 304 - "-" "okhttp/4.9.2"
::1 - - [09/Aug/2022:13:53:11 +0000] "GET /api/v1/bills/user?limit=1000&sort=-createdAt HTTP/1.0" 304 - "-" "okhttp/4.9.2"
::ffff:127.0.0.1 - - [09/Aug/2022:13:53:11 +0000] "GET /api/v1/transactions/basket?limit=100&sort=-createdAt HTTP/1.0" 304 - "-" "okhttp/4.9.2"
::1 - - [09/Aug/2022:13:53:12 +0000] "GET /api/v1/bills/user?limit=1000&sort=-createdAt HTTP/1.0" 304 - "-" "okhttp/4.9.2"
::ffff:127.0.0.1 - - [09/Aug/2022:13:53:12 +0000] "GET /api/v1/templates?createUser=62f2665099e2a94b91d436bb HTTP/1.0" 304 - "-" "okhttp/4.9.2"
::ffff:127.0.0.1 - - [09/Aug/2022:13:53:14 +0000] "GET /api/v1/templates?createUser=62f2665099e2a94b91d436bb HTTP/1.0" 304 - "-" "okhttp/4.9.2"
::ffff:127.0.0.1 - - [09/Aug/2022:13:53:15 +0000] "GET /api/v1/transactions/basket?limit=100&sort=-createdAt HTTP/1.0" 304 - "-" "okhttp/4.9.2"
::1 - - [09/Aug/2022:13:53:15 +0000] "GET /api/v1/goods/user?limit=100 HTTP/1.0" 304 - "-" "okhttp/4.9.2"
::ffff:127.0.0.1 - - [09/Aug/2022:13:54:03 +0000] "GET /api/v1/transactions/basket?limit=100&sort=-createdAt HTTP/1.0" 304 - "-" "okhttp/4.9.2"
::1 - - [09/Aug/2022:13:54:03 +0000] "GET /api/v1/goods/user?limit=100 HTTP/1.0" 304 - "-" "okhttp/4.9.2"
::1 - - [09/Aug/2022:13:54:03 +0000] "GET /api/v1/goods/user?limit=100 HTTP/1.0" 304 - "-" "okhttp/4.9.2"
::ffff:127.0.0.1 - - [09/Aug/2022:13:54:11 +0000] "GET /api/v1/goods/user?limit=100 HTTP/1.0" 304 - "-" "okhttp/4.9.2"
::1 - - [09/Aug/2022:13:54:11 +0000] "GET /api/v1/bills/user?limit=1000&sort=-createdAt HTTP/1.0" 304 - "-" "okhttp/4.9.2"
::1 - - [09/Aug/2022:13:54:17 +0000] "GET /api/v1/templates?createUser=62f2665099e2a94b91d436bb HTTP/1.0" 304 - "-" "okhttp/4.9.2"
::ffff:127.0.0.1 - - [09/Aug/2022:13:54:17 +0000] "GET /api/v1/bills/user?limit=1000&sort=-createdAt HTTP/1.0" 304 - "-" "okhttp/4.9.2"
::ffff:127.0.0.1 - - [09/Aug/2022:13:54:20 +0000] "GET /api/v1/templates?createUser=62f2665099e2a94b91d436bb HTTP/1.0" 304 - "-" "okhttp/4.9.2"
::1 - - [09/Aug/2022:13:54:23 +0000] "GET /api/v1/goods/user?limit=100 HTTP/1.0" 304 - "-" "okhttp/4.9.2"
::ffff:127.0.0.1 - - [09/Aug/2022:13:54:23 +0000] "GET /api/v1/transactions/basket?limit=100&sort=-createdAt HTTP/1.0" 304 - "-" "okhttp/4.9.2"
::1 - - [09/Aug/2022:13:56:57 +0000] "GET /api/v1/categories HTTP/1.0" 304 - "-" "okhttp/4.9.2"
::ffff:127.0.0.1 - - [09/Aug/2022:13:56:57 +0000] "GET /api/v1/transactions/basket?limit=100&sort=-createdAt HTTP/1.0" 304 - "-" "okhttp/4.9.2"
::1 - - [09/Aug/2022:13:56:57 +0000] "GET /api/v1/goods/user?limit=100 HTTP/1.0" 304 - "-" "okhttp/4.9.2"
::ffff:127.0.0.1 - - [09/Aug/2022:13:56:58 +0000] "GET /api/v1/categories HTTP/1.0" 304 - "-" "okhttp/4.9.2"
::1 - - [09/Aug/2022:13:56:58 +0000] "GET /api/v1/goods/user?limit=100 HTTP/1.0" 304 - "-" "okhttp/4.9.2"
::ffff:127.0.0.1 - - [09/Aug/2022:13:56:58 +0000] "GET /api/v1/transactions/basket?limit=100&sort=-createdAt HTTP/1.0" 304 - "-" "okhttp/4.9.2"
::1 - - [09/Aug/2022:13:57:10 +0000] "POST /api/v1/users/login HTTP/1.0" 200 585 "-" "okhttp/4.9.2"
::ffff:127.0.0.1 - - [09/Aug/2022:13:57:11 +0000] "GET /api/v1/categories HTTP/1.0" 200 407 "-" "okhttp/4.9.2"
::1 - - [09/Aug/2022:13:57:11 +0000] "GET /api/v1/goods/user?limit=100 HTTP/1.0" 200 107 "-" "okhttp/4.9.2"
::ffff:127.0.0.1 - - [09/Aug/2022:13:57:11 +0000] "GET /api/v1/transactions/basket?limit=100&sort=-createdAt HTTP/1.0" 200 107 "-" "okhttp/4.9.2"
::ffff:127.0.0.1 - - [09/Aug/2022:13:57:17 +0000] "GET /api/v1/transactions/basket?limit=100&sort=-createdAt HTTP/1.0" 304 - "-" "okhttp/4.9.2"
::1 - - [09/Aug/2022:13:57:17 +0000] "GET /api/v1/goods/user?limit=100 HTTP/1.0" 304 - "-" "okhttp/4.9.2"
::1 - - [09/Aug/2022:13:57:19 +0000] "GET /api/v1/users/logout HTTP/1.0" 200 39 "-" "okhttp/4.9.2"
::ffff:127.0.0.1 - - [09/Aug/2022:13:58:03 +0000] "POST /api/v1/users HTTP/1.0" 200 585 "-" "okhttp/4.9.2"
::1 - - [09/Aug/2022:13:58:19 +0000] "POST /api/v1/users/login HTTP/1.0" 401 123 "-" "okhttp/4.9.2"
::ffff:127.0.0.1 - - [09/Aug/2022:13:58:27 +0000] "POST /api/v1/users/login HTTP/1.0" 200 585 "-" "okhttp/4.9.2"
::1 - - [09/Aug/2022:13:58:27 +0000] "GET /api/v1/categories HTTP/1.0" 304 - "-" "okhttp/4.9.2"
::1 - - [09/Aug/2022:13:58:28 +0000] "GET /api/v1/goods/user?limit=100 HTTP/1.0" 304 - "-" "okhttp/4.9.2"
::ffff:127.0.0.1 - - [09/Aug/2022:13:58:28 +0000] "GET /api/v1/transactions/basket?limit=100&sort=-createdAt HTTP/1.0" 304 - "-" "okhttp/4.9.2"
::ffff:127.0.0.1 - - [09/Aug/2022:13:58:32 +0000] "GET /api/v1/transactions/basket?limit=100&sort=-createdAt HTTP/1.0" 304 - "-" "okhttp/4.9.2"
::1 - - [09/Aug/2022:13:58:32 +0000] "GET /api/v1/categories HTTP/1.0" 304 - "-" "okhttp/4.9.2"
::ffff:127.0.0.1 - - [09/Aug/2022:13:58:32 +0000] "GET /api/v1/goods/user?limit=100 HTTP/1.0" 304 - "-" "okhttp/4.9.2"
::1 - - [09/Aug/2022:13:58:40 +0000] "GET /api/v1/goods/user?limit=100 HTTP/1.0" 304 - "-" "okhttp/4.9.2"
::ffff:127.0.0.1 - - [09/Aug/2022:13:58:40 +0000] "GET /api/v1/transactions/basket?limit=100&sort=-createdAt HTTP/1.0" 304 - "-" "okhttp/4.9.2"
::1 - - [09/Aug/2022:13:58:41 +0000] "GET /api/v1/bills/user?limit=1000&sort=-createdAt HTTP/1.0" 200 108 "-" "okhttp/4.9.2"
::1 - - [09/Aug/2022:13:58:41 +0000] "GET /api/v1/transactions/basket?limit=100&sort=-createdAt HTTP/1.0" 304 - "-" "okhttp/4.9.2"
::ffff:127.0.0.1 - - [09/Aug/2022:13:58:41 +0000] "GET /api/v1/goods/user?limit=100 HTTP/1.0" 304 - "-" "okhttp/4.9.2"
::ffff:127.0.0.1 - - [09/Aug/2022:13:58:42 +0000] "GET /api/v1/goods/user?limit=100 HTTP/1.0" 304 - "-" "okhttp/4.9.2"
::1 - - [09/Aug/2022:13:58:42 +0000] "GET /api/v1/bills/user?limit=1000&sort=-createdAt HTTP/1.0" 304 - "-" "okhttp/4.9.2"
::ffff:127.0.0.1 - - [09/Aug/2022:13:58:42 +0000] "GET /api/v1/goods/user?limit=100 HTTP/1.0" 304 - "-" "okhttp/4.9.2"
::1 - - [09/Aug/2022:13:58:42 +0000] "GET /api/v1/templates?createUser=62f267eb99e2a94b91d43745 HTTP/1.0" 200 109 "-" "okhttp/4.9.2"
::ffff:127.0.0.1 - - [09/Aug/2022:13:58:44 +0000] "GET /api/v1/templates?createUser=62f267eb99e2a94b91d43745 HTTP/1.0" 304 - "-" "okhttp/4.9.2"
::ffff:127.0.0.1 - - [09/Aug/2022:13:58:45 +0000] "GET /api/v1/goods/user?limit=100 HTTP/1.0" 304 - "-" "okhttp/4.9.2"
::1 - - [09/Aug/2022:13:58:45 +0000] "GET /api/v1/transactions/basket?limit=100&sort=-createdAt HTTP/1.0" 304 - "-" "okhttp/4.9.2"
::1 - - [09/Aug/2022:13:58:46 +0000] "GET /api/v1/transactions/basket?limit=100&sort=-createdAt HTTP/1.0" 304 - "-" "okhttp/4.9.2"
::ffff:127.0.0.1 - - [09/Aug/2022:13:58:46 +0000] "GET /api/v1/goods/user?limit=100 HTTP/1.0" 304 - "-" "okhttp/4.9.2"
::1 - - [09/Aug/2022:13:58:46 +0000] "GET /api/v1/categories HTTP/1.0" 304 - "-" "okhttp/4.9.2"
::ffff:127.0.0.1 - - [09/Aug/2022:13:58:48 +0000] "GET /api/v1/transactions/basket?limit=100&sort=-createdAt HTTP/1.0" 304 - "-" "okhttp/4.9.2"
::1 - - [09/Aug/2022:13:58:48 +0000] "GET /api/v1/goods/user?limit=100 HTTP/1.0" 304 - "-" "okhttp/4.9.2"
::ffff:127.0.0.1 - - [09/Aug/2022:14:00:32 +0000] "POST /api/v1/users HTTP/1.0" 200 556 "-" "okhttp/4.9.2"
::1 - - [09/Aug/2022:14:00:41 +0000] "POST /api/v1/goods HTTP/1.0" 200 359 "-" "okhttp/4.9.2"
::ffff:127.0.0.1 - - [09/Aug/2022:14:00:41 +0000] "POST /api/v1/transactions HTTP/1.0" 200 255 "-" "okhttp/4.9.2"
::1 - - [09/Aug/2022:14:00:42 +0000] "GET /api/v1/transactions/basket?limit=100&sort=-createdAt HTTP/1.0" 200 428 "-" "okhttp/4.9.2"
::ffff:127.0.0.1 - - [09/Aug/2022:14:00:42 +0000] "GET /api/v1/goods/user?limit=100 HTTP/1.0" 200 500 "-" "okhttp/4.9.2"
::1 - - [09/Aug/2022:14:00:52 +0000] "POST /api/v1/users/login HTTP/1.0" 200 556 "-" "okhttp/4.9.2"
::ffff:127.0.0.1 - - [09/Aug/2022:14:00:53 +0000] "GET /api/v1/categories HTTP/1.0" 200 407 "-" "okhttp/4.9.2"
::1 - - [09/Aug/2022:14:00:53 +0000] "GET /api/v1/goods/user?limit=100 HTTP/1.0" 200 107 "-" "okhttp/4.9.2"
::ffff:127.0.0.1 - - [09/Aug/2022:14:00:53 +0000] "GET /api/v1/transactions/basket?limit=100&sort=-createdAt HTTP/1.0" 200 107 "-" "okhttp/4.9.2"
::1 - - [09/Aug/2022:14:00:53 +0000] "GET /api/v1/categories HTTP/1.0" 304 - "-" "okhttp/4.9.2"
::ffff:127.0.0.1 - - [09/Aug/2022:14:00:53 +0000] "GET /api/v1/transactions/basket?limit=100&sort=-createdAt HTTP/1.0" 200 107 "-" "okhttp/4.9.2"
::1 - - [09/Aug/2022:14:00:53 +0000] "GET /api/v1/goods/user?limit=100 HTTP/1.0" 200 107 "-" "okhttp/4.9.2"
::ffff:127.0.0.1 - - [09/Aug/2022:14:00:54 +0000] "POST /api/v1/bills/receipt HTTP/1.0" 200 284 "-" "okhttp/4.9.2"
::1 - - [09/Aug/2022:14:00:54 +0000] "GET /api/v1/transactions/basket?limit=100&sort=-createdAt HTTP/1.0" 200 107 "-" "okhttp/4.9.2"
::ffff:127.0.0.1 - - [09/Aug/2022:14:00:54 +0000] "GET /api/v1/transactions/basket?limit=100&sort=-createdAt HTTP/1.0" 200 107 "-" "okhttp/4.9.2"
::1 - - [09/Aug/2022:14:00:54 +0000] "GET /api/v1/transactions/basket?limit=100&sort=-createdAt HTTP/1.0" 304 - "-" "okhttp/4.9.2"
::ffff:127.0.0.1 - - [09/Aug/2022:14:00:54 +0000] "GET /api/v1/goods/user?limit=100 HTTP/1.0" 304 - "-" "okhttp/4.9.2"
::ffff:127.0.0.1 - - [09/Aug/2022:14:00:58 +0000] "GET /api/v1/transactions/basket?limit=100&sort=-createdAt HTTP/1.0" 304 - "-" "okhttp/4.9.2"
::1 - - [09/Aug/2022:14:00:58 +0000] "GET /api/v1/goods/user?limit=100 HTTP/1.0" 200 500 "-" "okhttp/4.9.2"
::1 - - [09/Aug/2022:14:00:58 +0000] "GET /api/v1/goods/user?limit=100 HTTP/1.0" 200 500 "-" "okhttp/4.9.2"
::ffff:127.0.0.1 - - [09/Aug/2022:14:01:01 +0000] "GET /api/v1/bills/user?limit=1000&sort=-createdAt HTTP/1.0" 200 368 "-" "okhttp/4.9.2"
::1 - - [09/Aug/2022:14:01:01 +0000] "GET /api/v1/goods/user?limit=100 HTTP/1.0" 304 - "-" "okhttp/4.9.2"
::ffff:127.0.0.1 - - [09/Aug/2022:14:01:04 +0000] "GET /api/v1/goods/user?limit=100 HTTP/1.0" 304 - "-" "okhttp/4.9.2"
::1 - - [09/Aug/2022:14:01:04 +0000] "GET /api/v1/categories HTTP/1.0" 304 - "-" "okhttp/4.9.2"
::ffff:127.0.0.1 - - [09/Aug/2022:14:01:04 +0000] "GET /api/v1/transactions/basket?limit=100&sort=-createdAt HTTP/1.0" 304 - "-" "okhttp/4.9.2"
::1 - - [09/Aug/2022:14:01:07 +0000] "GET /api/v1/bills/user?limit=1000&sort=-createdAt HTTP/1.0" 304 - "-" "okhttp/4.9.2"
::ffff:127.0.0.1 - - [09/Aug/2022:14:01:07 +0000] "GET /api/v1/transactions/basket?limit=100&sort=-createdAt HTTP/1.0" 304 - "-" "okhttp/4.9.2"
::1 - - [09/Aug/2022:14:01:07 +0000] "GET /api/v1/goods/user?limit=100 HTTP/1.0" 304 - "-" "okhttp/4.9.2"
::ffff:127.0.0.1 - - [09/Aug/2022:14:01:10 +0000] "GET /api/v1/transactions/basket?limit=100&sort=-createdAt HTTP/1.0" 304 - "-" "okhttp/4.9.2"
::1 - - [09/Aug/2022:14:01:10 +0000] "GET /api/v1/goods/user?limit=100 HTTP/1.0" 304 - "-" "okhttp/4.9.2"
::ffff:127.0.0.1 - - [09/Aug/2022:14:01:24 +0000] "GET /api/v1/goods/user?limit=100 HTTP/1.0" 304 - "-" "okhttp/4.9.2"
::1 - - [09/Aug/2022:14:01:24 +0000] "GET /api/v1/transactions/basket?limit=100&sort=-createdAt HTTP/1.0" 304 - "-" "okhttp/4.9.2"
::ffff:127.0.0.1 - - [09/Aug/2022:14:01:24 +0000] "GET /api/v1/goods/user?limit=100 HTTP/1.0" 304 - "-" "okhttp/4.9.2"
::1 - - [09/Aug/2022:14:01:24 +0000] "GET /api/v1/goods/user?limit=100 HTTP/1.0" 304 - "-" "okhttp/4.9.2"
::ffff:127.0.0.1 - - [09/Aug/2022:14:01:24 +0000] "GET /api/v1/bills/user?limit=1000&sort=-createdAt HTTP/1.0" 200 108 "-" "okhttp/4.9.2"
::1 - - [09/Aug/2022:14:01:25 +0000] "GET /api/v1/goods/user?limit=100 HTTP/1.0" 304 - "-" "okhttp/4.9.2"
::ffff:127.0.0.1 - - [09/Aug/2022:14:01:25 +0000] "GET /api/v1/bills/user?limit=1000&sort=-createdAt HTTP/1.0" 304 - "-" "okhttp/4.9.2"
::1 - - [09/Aug/2022:14:01:25 +0000] "GET /api/v1/transactions/basket?limit=100&sort=-createdAt HTTP/1.0" 304 - "-" "okhttp/4.9.2"
::ffff:127.0.0.1 - - [09/Aug/2022:14:01:29 +0000] "GET / HTTP/1.0" 404 139 "-" "Mozilla/5.0 zgrab/0.x"
::1 - - [09/Aug/2022:14:01:49 +0000] "GET /api/v1/goods/user?limit=100 HTTP/1.0" 304 - "-" "okhttp/4.9.2"
::ffff:127.0.0.1 - - [09/Aug/2022:14:01:49 +0000] "GET /api/v1/goods/user?limit=100 HTTP/1.0" 304 - "-" "okhttp/4.9.2"
::1 - - [09/Aug/2022:14:01:49 +0000] "GET /api/v1/transactions/basket?limit=100&sort=-createdAt HTTP/1.0" 304 - "-" "okhttp/4.9.2"
::ffff:127.0.0.1 - - [09/Aug/2022:14:02:01 +0000] "GET /api/v1/transactions/basket?limit=100&sort=-createdAt HTTP/1.0" 304 - "-" "okhttp/4.9.2"
::1 - - [09/Aug/2022:14:02:01 +0000] "GET /api/v1/goods/user?limit=100 HTTP/1.0" 304 - "-" "okhttp/4.9.2"
::ffff:127.0.0.1 - - [09/Aug/2022:14:02:01 +0000] "GET /api/v1/goods/user?limit=100 HTTP/1.0" 304 - "-" "okhttp/4.9.2"
::1 - - [09/Aug/2022:14:02:01 +0000] "GET /api/v1/transactions/basket?limit=100&sort=-createdAt HTTP/1.0" 304 - "-" "okhttp/4.9.2"
::1 - - [09/Aug/2022:14:02:01 +0000] "GET /api/v1/goods/user?limit=100 HTTP/1.0" 304 - "-" "okhttp/4.9.2"
::ffff:127.0.0.1 - - [09/Aug/2022:14:02:01 +0000] "GET /api/v1/goods/user?limit=100 HTTP/1.0" 304 - "-" "okhttp/4.9.2"
::ffff:127.0.0.1 - - [09/Aug/2022:14:02:03 +0000] "GET /api/v1/transactions/basket?limit=100&sort=-createdAt HTTP/1.0" 304 - "-" "okhttp/4.9.2"
::1 - - [09/Aug/2022:14:02:03 +0000] "GET /api/v1/goods/user?limit=100 HTTP/1.0" 304 - "-" "okhttp/4.9.2"
::ffff:127.0.0.1 - - [09/Aug/2022:14:02:03 +0000] "GET /api/v1/goods/user?limit=100 HTTP/1.0" 304 - "-" "okhttp/4.9.2"
::1 - - [09/Aug/2022:14:02:05 +0000] "GET /api/v1/categories HTTP/1.0" 304 - "-" "okhttp/4.9.2"
::1 - - [09/Aug/2022:14:02:05 +0000] "GET /api/v1/transactions/basket?limit=100&sort=-createdAt HTTP/1.0" 304 - "-" "okhttp/4.9.2"
::ffff:127.0.0.1 - - [09/Aug/2022:14:02:05 +0000] "GET /api/v1/goods/user?limit=100 HTTP/1.0" 304 - "-" "okhttp/4.9.2"
::ffff:127.0.0.1 - - [09/Aug/2022:14:02:16 +0000] "GET /api/v1/transactions/basket?limit=100&sort=-createdAt HTTP/1.0" 304 - "-" "okhttp/4.9.2"
::1 - - [09/Aug/2022:14:02:16 +0000] "GET /api/v1/goods/user?limit=100 HTTP/1.0" 304 - "-" "okhttp/4.9.2"
::1 - - [09/Aug/2022:14:02:22 +0000] "GET /api/v1/categories HTTP/1.0" 304 - "-" "okhttp/4.9.2"
::ffff:127.0.0.1 - - [09/Aug/2022:14:02:22 +0000] "GET /api/v1/transactions/basket?limit=100&sort=-createdAt HTTP/1.0" 304 - "-" "okhttp/4.9.2"
::ffff:127.0.0.1 - - [09/Aug/2022:14:02:22 +0000] "GET /api/v1/goods/user?limit=100 HTTP/1.0" 304 - "-" "okhttp/4.9.2"
::1 - - [09/Aug/2022:14:02:23 +0000] "GET /api/v1/transactions/basket?limit=100&sort=-createdAt HTTP/1.0" 304 - "-" "okhttp/4.9.2"
::ffff:127.0.0.1 - - [09/Aug/2022:14:02:24 +0000] "GET /api/v1/goods/user?limit=100 HTTP/1.0" 304 - "-" "okhttp/4.9.2"
::1 - - [09/Aug/2022:14:02:26 +0000] "GET /api/v1/categories HTTP/1.0" 304 - "-" "okhttp/4.9.2"
::1 - - [09/Aug/2022:14:02:26 +0000] "GET /api/v1/transactions/basket?limit=100&sort=-createdAt HTTP/1.0" 304 - "-" "okhttp/4.9.2"
::ffff:127.0.0.1 - - [09/Aug/2022:14:02:26 +0000] "GET /api/v1/goods/user?limit=100 HTTP/1.0" 304 - "-" "okhttp/4.9.2"
::1 - - [09/Aug/2022:14:02:30 +0000] "GET /api/v1/goods/user?limit=100 HTTP/1.0" 304 - "-" "okhttp/4.9.2"
::ffff:127.0.0.1 - - [09/Aug/2022:14:02:30 +0000] "GET /api/v1/categories HTTP/1.0" 304 - "-" "okhttp/4.9.2"
::ffff:127.0.0.1 - - [09/Aug/2022:14:02:30 +0000] "GET /api/v1/transactions/basket?limit=100&sort=-createdAt HTTP/1.0" 304 - "-" "okhttp/4.9.2"
::1 - - [09/Aug/2022:14:03:02 +0000] "GET /api/v1/transactions/basket?limit=100&sort=-createdAt HTTP/1.0" 304 - "-" "okhttp/4.9.2"
::ffff:127.0.0.1 - - [09/Aug/2022:14:03:02 +0000] "GET /api/v1/goods/user?limit=100 HTTP/1.0" 304 - "-" "okhttp/4.9.2"
::1 - - [09/Aug/2022:14:03:22 +0000] "GET /api/v1/goods/user?limit=100 HTTP/1.0" 304 - "-" "okhttp/4.9.2"
::1 - - [09/Aug/2022:14:03:24 +0000] "GET /api/v1/goods/62f2688999e2a94b91d4377a HTTP/1.0" 200 417 "-" "okhttp/4.9.2"
::1 - - [09/Aug/2022:14:03:24 +0000] "GET /upload/undefined HTTP/1.0" 404 155 "-" "okhttp/4.9.2"
::ffff:127.0.0.1 - - [09/Aug/2022:14:03:24 +0000] "GET /api/v1/transactions/user?good=62f2688999e2a94b91d4377a&sort=-createdAt HTTP/1.0" 200 562 "-" "okhttp/4.9.2"
::ffff:127.0.0.1 - - [09/Aug/2022:14:03:24 +0000] "GET /api/v1/goods/user?limit=100 HTTP/1.0" 304 - "-" "okhttp/4.9.2"
::ffff:127.0.0.1 - - [09/Aug/2022:14:03:28 +0000] "DELETE /api/v1/goods/62f2688999e2a94b91d4377a HTTP/1.0" 200 359 "-" "okhttp/4.9.2"
::1 - - [09/Aug/2022:14:03:28 +0000] "GET /api/v1/goods/user?limit=100 HTTP/1.0" 200 107 "-" "okhttp/4.9.2"
::ffff:127.0.0.1 - - [09/Aug/2022:14:03:31 +0000] "GET /api/v1/goods/user?limit=100 HTTP/1.0" 304 - "-" "okhttp/4.9.2"
::1 - - [09/Aug/2022:14:03:34 +0000] "GET /api/v1/goods/user?limit=100 HTTP/1.0" 304 - "-" "okhttp/4.9.2"
::ffff:127.0.0.1 - - [09/Aug/2022:14:03:34 +0000] "GET /api/v1/transactions/basket?limit=100&sort=-createdAt HTTP/1.0" 200 107 "-" "okhttp/4.9.2"
::ffff:127.0.0.1 - - [09/Aug/2022:14:03:36 +0000] "GET /api/v1/categories HTTP/1.0" 304 - "-" "okhttp/4.9.2"
::1 - - [09/Aug/2022:14:03:36 +0000] "GET /api/v1/goods/user?limit=100 HTTP/1.0" 304 - "-" "okhttp/4.9.2"
::1 - - [09/Aug/2022:14:03:36 +0000] "GET /api/v1/transactions/basket?limit=100&sort=-createdAt HTTP/1.0" 304 - "-" "okhttp/4.9.2"
::ffff:127.0.0.1 - - [09/Aug/2022:14:03:38 +0000] "GET /api/v1/transactions/basket?limit=100&sort=-createdAt HTTP/1.0" 304 - "-" "okhttp/4.9.2"
::1 - - [09/Aug/2022:14:03:38 +0000] "GET /api/v1/goods/user?limit=100 HTTP/1.0" 304 - "-" "okhttp/4.9.2"
::ffff:127.0.0.1 - - [09/Aug/2022:14:03:39 +0000] "GET /api/v1/categories HTTP/1.0" 304 - "-" "okhttp/4.9.2"
::1 - - [09/Aug/2022:14:03:39 +0000] "GET /api/v1/goods/user?limit=100 HTTP/1.0" 304 - "-" "okhttp/4.9.2"
::ffff:127.0.0.1 - - [09/Aug/2022:14:03:39 +0000] "GET /api/v1/transactions/basket?limit=100&sort=-createdAt HTTP/1.0" 304 - "-" "okhttp/4.9.2"
::1 - - [09/Aug/2022:14:03:40 +0000] "GET /api/v1/transactions/basket?limit=100&sort=-createdAt HTTP/1.0" 304 - "-" "okhttp/4.9.2"
::ffff:127.0.0.1 - - [09/Aug/2022:14:03:40 +0000] "GET /api/v1/goods/user?limit=100 HTTP/1.0" 304 - "-" "okhttp/4.9.2"
::1 - - [09/Aug/2022:14:03:41 +0000] "GET /api/v1/categories HTTP/1.0" 304 - "-" "okhttp/4.9.2"
::ffff:127.0.0.1 - - [09/Aug/2022:14:03:41 +0000] "GET /api/v1/goods/user?limit=100 HTTP/1.0" 304 - "-" "okhttp/4.9.2"
::1 - - [09/Aug/2022:14:03:41 +0000] "GET /api/v1/transactions/basket?limit=100&sort=-createdAt HTTP/1.0" 304 - "-" "okhttp/4.9.2"
::ffff:127.0.0.1 - - [09/Aug/2022:14:03:43 +0000] "GET /api/v1/transactions/basket?limit=100&sort=-createdAt HTTP/1.0" 304 - "-" "okhttp/4.9.2"
::1 - - [09/Aug/2022:14:03:43 +0000] "GET /api/v1/goods/user?limit=100 HTTP/1.0" 304 - "-" "okhttp/4.9.2"
::ffff:127.0.0.1 - - [09/Aug/2022:14:04:03 +0000] "GET /api/v1/categories HTTP/1.0" 304 - "-" "okhttp/4.9.2"
::1 - - [09/Aug/2022:14:04:03 +0000] "GET /api/v1/goods/user?limit=100 HTTP/1.0" 304 - "-" "okhttp/4.9.2"
::ffff:127.0.0.1 - - [09/Aug/2022:14:04:03 +0000] "GET /api/v1/transactions/basket?limit=100&sort=-createdAt HTTP/1.0" 304 - "-" "okhttp/4.9.2"
::1 - - [09/Aug/2022:14:04:04 +0000] "GET /api/v1/transactions/basket?limit=100&sort=-createdAt HTTP/1.0" 304 - "-" "okhttp/4.9.2"
::ffff:127.0.0.1 - - [09/Aug/2022:14:04:04 +0000] "GET /api/v1/goods/user?limit=100 HTTP/1.0" 304 - "-" "okhttp/4.9.2"
::1 - - [09/Aug/2022:14:04:35 +0000] "GET /api/v1/transactions/basket?limit=100&sort=-createdAt HTTP/1.0" 200 107 "-" "okhttp/4.9.2"
::ffff:127.0.0.1 - - [09/Aug/2022:14:04:35 +0000] "GET /api/v1/goods/user?limit=100 HTTP/1.0" 200 107 "-" "okhttp/4.9.2"
::1 - - [09/Aug/2022:14:04:35 +0000] "GET /api/v1/templates?createUser=62f2688099e2a94b91d43777 HTTP/1.0" 200 109 "-" "okhttp/4.9.2"
::ffff:127.0.0.1 - - [09/Aug/2022:14:04:36 +0000] "GET /api/v1/templates?createUser=62f2688099e2a94b91d43777 HTTP/1.0" 304 - "-" "okhttp/4.9.2"
::1 - - [09/Aug/2022:14:04:37 +0000] "GET /api/v1/templates?createUser=62f2688099e2a94b91d43777 HTTP/1.0" 304 - "-" "okhttp/4.9.2"
::ffff:127.0.0.1 - - [09/Aug/2022:14:04:38 +0000] "GET /api/v1/templates?createUser=62f2688099e2a94b91d43777 HTTP/1.0" 304 - "-" "okhttp/4.9.2"
::1 - - [09/Aug/2022:14:04:38 +0000] "GET /api/v1/bills/user?limit=1000&sort=-createdAt HTTP/1.0" 200 108 "-" "okhttp/4.9.2"
::ffff:127.0.0.1 - - [09/Aug/2022:14:04:42 +0000] "GET /api/v1/goods/user?limit=100 HTTP/1.0" 304 - "-" "okhttp/4.9.2"
::1 - - [09/Aug/2022:14:04:42 +0000] "GET /api/v1/bills/user?limit=1000&sort=-createdAt HTTP/1.0" 304 - "-" "okhttp/4.9.2"
::ffff:127.0.0.1 - - [09/Aug/2022:14:04:45 +0000] "GET /api/v1/transactions/basket?limit=100&sort=-createdAt HTTP/1.0" 304 - "-" "okhttp/4.9.2"
::1 - - [09/Aug/2022:14:04:45 +0000] "GET /api/v1/goods/user?limit=100 HTTP/1.0" 304 - "-" "okhttp/4.9.2"
::ffff:127.0.0.1 - - [09/Aug/2022:14:04:45 +0000] "GET /api/v1/goods/user?limit=100 HTTP/1.0" 304 - "-" "okhttp/4.9.2"
::1 - - [09/Aug/2022:14:05:44 +0000] "GET /api/v1/transactions/basket?limit=100&sort=-createdAt HTTP/1.0" 304 - "-" "okhttp/4.9.2"
::1 - - [09/Aug/2022:14:05:44 +0000] "GET /api/v1/goods/user?limit=100&select=quantity%20price%20photo%20name HTTP/1.0" 200 107 "-" "okhttp/4.9.2"
::ffff:127.0.0.1 - - [09/Aug/2022:14:05:44 +0000] "GET /api/v1/goods/user?limit=100 HTTP/1.0" 304 - "-" "okhttp/4.9.2"
::1 - - [09/Aug/2022:14:05:53 +0000] "GET /api/v1/transactions/basket?limit=100&sort=-createdAt HTTP/1.0" 304 - "-" "okhttp/4.9.2"
::ffff:127.0.0.1 - - [09/Aug/2022:14:05:53 +0000] "GET /api/v1/goods/user?limit=100 HTTP/1.0" 304 - "-" "okhttp/4.9.2"
::ffff:127.0.0.1 - - [09/Aug/2022:14:05:55 +0000] "GET /.env HTTP/1.0" 404 143 "-" "Mozilla/5.0 (X11; Linux x86_64) AppleWebKit/537.36 (KHTML, like Gecko) Chrome/81.0.4044.129 Safari/537.36"
::1 - - [09/Aug/2022:14:05:56 +0000] "POST / HTTP/1.0" 404 140 "-" "Mozilla/5.0 (X11; Linux x86_64) AppleWebKit/537.36 (KHTML, like Gecko) Chrome/81.0.4044.129 Safari/537.36"
::ffff:127.0.0.1 - - [09/Aug/2022:14:06:12 +0000] "GET /api/v1/goods/user?limit=100 HTTP/1.0" 304 - "-" "okhttp/4.9.2"
::1 - - [09/Aug/2022:14:06:12 +0000] "GET /api/v1/transactions/basket?limit=100&sort=-createdAt HTTP/1.0" 304 - "-" "okhttp/4.9.2"
::ffff:127.0.0.1 - - [09/Aug/2022:14:06:12 +0000] "GET /api/v1/goods/user?limit=100 HTTP/1.0" 304 - "-" "okhttp/4.9.2"
::1 - - [09/Aug/2022:14:06:21 +0000] "GET /api/v1/goods/user?limit=100 HTTP/1.0" 304 - "-" "okhttp/4.9.2"
::ffff:127.0.0.1 - - [09/Aug/2022:14:06:21 +0000] "GET /api/v1/bills/user?limit=1000&sort=-createdAt HTTP/1.0" 304 - "-" "okhttp/4.9.2"
::1 - - [09/Aug/2022:14:07:15 +0000] "GET /api/v1/goods/user?limit=100 HTTP/1.0" 304 - "-" "okhttp/4.9.2"
::ffff:127.0.0.1 - - [09/Aug/2022:14:07:15 +0000] "GET /api/v1/bills/user?limit=1000&sort=-createdAt HTTP/1.0" 304 - "-" "okhttp/4.9.2"
::1 - - [09/Aug/2022:14:07:15 +0000] "GET /api/v1/transactions/basket?limit=100&sort=-createdAt HTTP/1.0" 304 - "-" "okhttp/4.9.2"
::ffff:127.0.0.1 - - [09/Aug/2022:14:07:35 +0000] "GET /api/v1/transactions/basket?limit=100&sort=-createdAt HTTP/1.0" 304 - "-" "okhttp/4.9.2"
::ffff:127.0.0.1 - - [09/Aug/2022:14:07:35 +0000] "GET /api/v1/goods/user?limit=100 HTTP/1.0" 304 - "-" "okhttp/4.9.2"
::1 - - [09/Aug/2022:14:07:35 +0000] "GET /api/v1/bills/user?limit=1000&sort=-createdAt HTTP/1.0" 304 - "-" "okhttp/4.9.2"
::1 - - [09/Aug/2022:14:07:38 +0000] "GET /api/v1/templates?createUser=62f2688099e2a94b91d43777 HTTP/1.0" 304 - "-" "okhttp/4.9.2"
::ffff:127.0.0.1 - - [09/Aug/2022:14:07:38 +0000] "GET /api/v1/bills/user?limit=1000&sort=-createdAt HTTP/1.0" 304 - "-" "okhttp/4.9.2"
::1 - - [09/Aug/2022:14:07:41 +0000] "GET /api/v1/templates?createUser=62f2688099e2a94b91d43777 HTTP/1.0" 304 - "-" "okhttp/4.9.2"
::1 - - [09/Aug/2022:14:07:42 +0000] "GET /api/v1/goods/user?limit=100 HTTP/1.0" 304 - "-" "okhttp/4.9.2"
::ffff:127.0.0.1 - - [09/Aug/2022:14:07:42 +0000] "GET /api/v1/transactions/basket?limit=100&sort=-createdAt HTTP/1.0" 304 - "-" "okhttp/4.9.2"
::ffff:127.0.0.1 - - [09/Aug/2022:14:07:46 +0000] "GET /api/v1/transactions/basket?limit=100&sort=-createdAt HTTP/1.0" 304 - "-" "okhttp/4.9.2"
::1 - - [09/Aug/2022:14:07:46 +0000] "GET /api/v1/goods/user?limit=100 HTTP/1.0" 304 - "-" "okhttp/4.9.2"
::ffff:127.0.0.1 - - [09/Aug/2022:14:07:46 +0000] "GET /api/v1/goods/user?limit=100 HTTP/1.0" 304 - "-" "okhttp/4.9.2"
::1 - - [09/Aug/2022:14:07:48 +0000] "GET /api/v1/categories HTTP/1.0" 304 - "-" "okhttp/4.9.2"
::ffff:127.0.0.1 - - [09/Aug/2022:14:07:48 +0000] "GET /api/v1/goods/user?limit=100 HTTP/1.0" 304 - "-" "okhttp/4.9.2"
::1 - - [09/Aug/2022:14:07:51 +0000] "GET /api/v1/goods/user?limit=100 HTTP/1.0" 304 - "-" "okhttp/4.9.2"
::ffff:127.0.0.1 - - [09/Aug/2022:14:07:54 +0000] "GET /api/v1/goods/user?limit=100 HTTP/1.0" 304 - "-" "okhttp/4.9.2"
::1 - - [09/Aug/2022:14:07:54 +0000] "GET /api/v1/transactions/basket?limit=100&sort=-createdAt HTTP/1.0" 304 - "-" "okhttp/4.9.2"
::ffff:127.0.0.1 - - [09/Aug/2022:14:07:54 +0000] "GET /api/v1/goods/user?limit=100 HTTP/1.0" 304 - "-" "okhttp/4.9.2"
::1 - - [09/Aug/2022:14:07:57 +0000] "GET /api/v1/goods/user?limit=100 HTTP/1.0" 304 - "-" "okhttp/4.9.2"
::ffff:127.0.0.1 - - [09/Aug/2022:14:07:57 +0000] "GET /api/v1/transactions/basket?limit=100&sort=-createdAt HTTP/1.0" 304 - "-" "okhttp/4.9.2"
::1 - - [09/Aug/2022:14:08:00 +0000] "GET /api/v1/users/logout HTTP/1.0" 200 39 "-" "okhttp/4.9.2"
::ffff:127.0.0.1 - - [09/Aug/2022:14:09:00 +0000] "POST /api/v1/users HTTP/1.0" 500 251 "-" "okhttp/4.9.2"
::1 - - [09/Aug/2022:14:09:06 +0000] "POST /api/v1/users HTTP/1.0" 500 251 "-" "okhttp/4.9.2"
::ffff:127.0.0.1 - - [09/Aug/2022:14:09:25 +0000] "POST /api/v1/users/login HTTP/1.0" 401 123 "-" "okhttp/4.9.2"
::1 - - [09/Aug/2022:14:09:42 +0000] "POST /api/v1/users/login HTTP/1.0" 200 556 "-" "okhttp/4.9.2"
::ffff:127.0.0.1 - - [09/Aug/2022:14:09:43 +0000] "GET /api/v1/categories HTTP/1.0" 304 - "-" "okhttp/4.9.2"
::1 - - [09/Aug/2022:14:09:43 +0000] "GET /api/v1/transactions/basket?limit=100&sort=-createdAt HTTP/1.0" 304 - "-" "okhttp/4.9.2"
::ffff:127.0.0.1 - - [09/Aug/2022:14:09:43 +0000] "GET /api/v1/goods/user?limit=100 HTTP/1.0" 304 - "-" "okhttp/4.9.2"
::1 - - [09/Aug/2022:14:09:49 +0000] "GET /api/v1/bills/user?limit=1000&sort=-createdAt HTTP/1.0" 304 - "-" "okhttp/4.9.2"
::1 - - [09/Aug/2022:14:09:49 +0000] "GET /api/v1/goods/user?limit=100 HTTP/1.0" 304 - "-" "okhttp/4.9.2"
::ffff:127.0.0.1 - - [09/Aug/2022:14:09:49 +0000] "GET /api/v1/transactions/basket?limit=100&sort=-createdAt HTTP/1.0" 304 - "-" "okhttp/4.9.2"
::ffff:127.0.0.1 - - [09/Aug/2022:14:09:52 +0000] "GET /api/v1/goods/user?limit=100 HTTP/1.0" 304 - "-" "okhttp/4.9.2"
::1 - - [09/Aug/2022:14:09:52 +0000] "GET /api/v1/bills/user?limit=1000&sort=-createdAt HTTP/1.0" 304 - "-" "okhttp/4.9.2"
::ffff:127.0.0.1 - - [09/Aug/2022:14:09:58 +0000] "GET /api/v1/templates?createUser=62f2688099e2a94b91d43777 HTTP/1.0" 304 - "-" "okhttp/4.9.2"
::1 - - [09/Aug/2022:14:09:58 +0000] "GET /api/v1/goods/user?limit=100 HTTP/1.0" 304 - "-" "okhttp/4.9.2"
::ffff:127.0.0.1 - - [09/Aug/2022:14:09:59 +0000] "GET /api/v1/bills/user?limit=1000&sort=-createdAt HTTP/1.0" 304 - "-" "okhttp/4.9.2"
::1 - - [09/Aug/2022:14:09:59 +0000] "GET /api/v1/templates?createUser=62f2688099e2a94b91d43777 HTTP/1.0" 304 - "-" "okhttp/4.9.2"
::ffff:127.0.0.1 - - [09/Aug/2022:14:10:03 +0000] "GET /api/v1/bills/user?limit=1000&sort=-createdAt HTTP/1.0" 304 - "-" "okhttp/4.9.2"
::1 - - [09/Aug/2022:14:10:04 +0000] "GET /api/v1/templates?createUser=62f2688099e2a94b91d43777 HTTP/1.0" 304 - "-" "okhttp/4.9.2"
::ffff:127.0.0.1 - - [09/Aug/2022:14:10:07 +0000] "GET /api/v1/templates?createUser=62f2688099e2a94b91d43777 HTTP/1.0" 304 - "-" "okhttp/4.9.2"
::1 - - [09/Aug/2022:14:10:07 +0000] "GET /api/v1/goods/user?limit=100 HTTP/1.0" 304 - "-" "okhttp/4.9.2"
::ffff:127.0.0.1 - - [09/Aug/2022:14:10:08 +0000] "GET /api/v1/goods/user?limit=100 HTTP/1.0" 304 - "-" "okhttp/4.9.2"
::1 - - [09/Aug/2022:14:10:08 +0000] "GET /api/v1/transactions/basket?limit=100&sort=-createdAt HTTP/1.0" 304 - "-" "okhttp/4.9.2"
::ffff:127.0.0.1 - - [09/Aug/2022:14:10:08 +0000] "GET /api/v1/goods/user?limit=100 HTTP/1.0" 304 - "-" "okhttp/4.9.2"
::1 - - [09/Aug/2022:14:10:10 +0000] "GET /api/v1/categories HTTP/1.0" 304 - "-" "okhttp/4.9.2"
::ffff:127.0.0.1 - - [09/Aug/2022:14:10:10 +0000] "GET /api/v1/goods/user?limit=100 HTTP/1.0" 304 - "-" "okhttp/4.9.2"
::1 - - [09/Aug/2022:14:10:10 +0000] "GET /api/v1/transactions/basket?limit=100&sort=-createdAt HTTP/1.0" 304 - "-" "okhttp/4.9.2"
::ffff:127.0.0.1 - - [09/Aug/2022:14:10:14 +0000] "GET /api/v1/goods/user?limit=100 HTTP/1.0" 304 - "-" "okhttp/4.9.2"
::1 - - [09/Aug/2022:14:10:23 +0000] "GET /api/v1/goods/user?limit=100 HTTP/1.0" 304 - "-" "okhttp/4.9.2"
::ffff:127.0.0.1 - - [09/Aug/2022:14:10:23 +0000] "GET /api/v1/transactions/basket?limit=100&sort=-createdAt HTTP/1.0" 304 - "-" "okhttp/4.9.2"
::1 - - [09/Aug/2022:14:10:23 +0000] "GET /api/v1/goods/user?limit=100 HTTP/1.0" 304 - "-" "okhttp/4.9.2"
::ffff:127.0.0.1 - - [09/Aug/2022:14:10:25 +0000] "GET /api/v1/transactions/basket?limit=100&sort=-createdAt HTTP/1.0" 304 - "-" "okhttp/4.9.2"
::ffff:127.0.0.1 - - [09/Aug/2022:14:10:25 +0000] "GET /api/v1/goods/user?limit=100 HTTP/1.0" 304 - "-" "okhttp/4.9.2"
::1 - - [09/Aug/2022:14:10:25 +0000] "GET /api/v1/goods/user?limit=100 HTTP/1.0" 304 - "-" "okhttp/4.9.2"
::1 - - [09/Aug/2022:14:10:26 +0000] "GET /api/v1/goods/user?limit=100 HTTP/1.0" 304 - "-" "okhttp/4.9.2"
::ffff:127.0.0.1 - - [09/Aug/2022:14:10:26 +0000] "GET /api/v1/bills/user?limit=1000&sort=-createdAt HTTP/1.0" 304 - "-" "okhttp/4.9.2"
::ffff:127.0.0.1 - - [09/Aug/2022:14:10:28 +0000] "GET /api/v1/bills/user?limit=1000&sort=-createdAt HTTP/1.0" 304 - "-" "okhttp/4.9.2"
::1 - - [09/Aug/2022:14:10:28 +0000] "GET /api/v1/templates?createUser=62f2688099e2a94b91d43777 HTTP/1.0" 304 - "-" "okhttp/4.9.2"
::1 - - [09/Aug/2022:14:10:28 +0000] "GET /api/v1/templates?createUser=62f2688099e2a94b91d43777 HTTP/1.0" 304 - "-" "okhttp/4.9.2"
::ffff:127.0.0.1 - - [09/Aug/2022:14:10:29 +0000] "GET /api/v1/goods/user?limit=100 HTTP/1.0" 304 - "-" "okhttp/4.9.2"
::1 - - [09/Aug/2022:14:10:30 +0000] "GET /api/v1/goods/user?limit=100 HTTP/1.0" 304 - "-" "okhttp/4.9.2"
::ffff:127.0.0.1 - - [09/Aug/2022:14:10:30 +0000] "GET /api/v1/transactions/basket?limit=100&sort=-createdAt HTTP/1.0" 304 - "-" "okhttp/4.9.2"
::1 - - [09/Aug/2022:14:10:30 +0000] "GET /api/v1/goods/user?limit=100 HTTP/1.0" 304 - "-" "okhttp/4.9.2"
::ffff:127.0.0.1 - - [09/Aug/2022:14:10:35 +0000] "GET /api/v1/goods/user?limit=100 HTTP/1.0" 304 - "-" "okhttp/4.9.2"
::1 - - [09/Aug/2022:14:10:35 +0000] "GET /api/v1/transactions/basket?limit=100&sort=-createdAt HTTP/1.0" 304 - "-" "okhttp/4.9.2"
::ffff:127.0.0.1 - - [09/Aug/2022:14:10:35 +0000] "GET /api/v1/goods/user?limit=100 HTTP/1.0" 304 - "-" "okhttp/4.9.2"
::1 - - [09/Aug/2022:14:10:36 +0000] "GET /api/v1/bills/user?limit=1000&sort=-createdAt HTTP/1.0" 304 - "-" "okhttp/4.9.2"
::ffff:127.0.0.1 - - [09/Aug/2022:14:10:36 +0000] "GET /api/v1/goods/user?limit=100 HTTP/1.0" 304 - "-" "okhttp/4.9.2"
::1 - - [09/Aug/2022:14:10:37 +0000] "GET /api/v1/templates?createUser=62f2688099e2a94b91d43777 HTTP/1.0" 304 - "-" "okhttp/4.9.2"
::ffff:127.0.0.1 - - [09/Aug/2022:14:10:37 +0000] "GET /api/v1/bills/user?limit=1000&sort=-createdAt HTTP/1.0" 304 - "-" "okhttp/4.9.2"
::ffff:127.0.0.1 - - [09/Aug/2022:14:10:37 +0000] "GET /api/v1/templates?createUser=62f2688099e2a94b91d43777 HTTP/1.0" 304 - "-" "okhttp/4.9.2"
::1 - - [09/Aug/2022:14:10:37 +0000] "GET /api/v1/goods/user?limit=100 HTTP/1.0" 304 - "-" "okhttp/4.9.2"
::1 - - [09/Aug/2022:14:10:38 +0000] "GET /api/v1/bills/user?limit=1000&sort=-createdAt HTTP/1.0" 304 - "-" "okhttp/4.9.2"
::ffff:127.0.0.1 - - [09/Aug/2022:14:10:38 +0000] "GET /api/v1/goods/user?limit=100 HTTP/1.0" 304 - "-" "okhttp/4.9.2"
::ffff:127.0.0.1 - - [09/Aug/2022:14:10:38 +0000] "GET /api/v1/bills/user?limit=1000&sort=-createdAt HTTP/1.0" 304 - "-" "okhttp/4.9.2"
::1 - - [09/Aug/2022:14:10:38 +0000] "GET /api/v1/templates?createUser=62f2688099e2a94b91d43777 HTTP/1.0" 304 - "-" "okhttp/4.9.2"
::1 - - [09/Aug/2022:14:10:41 +0000] "GET /api/v1/goods/user?limit=100 HTTP/1.0" 304 - "-" "okhttp/4.9.2"
::ffff:127.0.0.1 - - [09/Aug/2022:14:10:41 +0000] "GET /api/v1/templates?createUser=62f2688099e2a94b91d43777 HTTP/1.0" 304 - "-" "okhttp/4.9.2"
::1 - - [09/Aug/2022:14:10:41 +0000] "GET /api/v1/goods/user?limit=100 HTTP/1.0" 304 - "-" "okhttp/4.9.2"
::ffff:127.0.0.1 - - [09/Aug/2022:14:10:41 +0000] "GET /api/v1/bills/user?limit=1000&sort=-createdAt HTTP/1.0" 304 - "-" "okhttp/4.9.2"
::1 - - [09/Aug/2022:14:10:42 +0000] "GET /api/v1/bills/user?limit=1000&sort=-createdAt HTTP/1.0" 304 - "-" "okhttp/4.9.2"
::ffff:127.0.0.1 - - [09/Aug/2022:14:10:42 +0000] "GET /api/v1/templates?createUser=62f2688099e2a94b91d43777 HTTP/1.0" 304 - "-" "okhttp/4.9.2"
::1 - - [09/Aug/2022:14:10:42 +0000] "GET /api/v1/goods/user?limit=100 HTTP/1.0" 304 - "-" "okhttp/4.9.2"
::ffff:127.0.0.1 - - [09/Aug/2022:14:10:42 +0000] "GET /api/v1/templates?createUser=62f2688099e2a94b91d43777 HTTP/1.0" 304 - "-" "okhttp/4.9.2"
::1 - - [09/Aug/2022:14:10:43 +0000] "GET /api/v1/goods/user?limit=100 HTTP/1.0" 304 - "-" "okhttp/4.9.2"
::ffff:127.0.0.1 - - [09/Aug/2022:14:10:43 +0000] "GET /api/v1/bills/user?limit=1000&sort=-createdAt HTTP/1.0" 304 - "-" "okhttp/4.9.2"
::1 - - [09/Aug/2022:14:10:44 +0000] "GET /api/v1/bills/user?limit=1000&sort=-createdAt HTTP/1.0" 304 - "-" "okhttp/4.9.2"
::ffff:127.0.0.1 - - [09/Aug/2022:14:10:44 +0000] "GET /api/v1/templates?createUser=62f2688099e2a94b91d43777 HTTP/1.0" 304 - "-" "okhttp/4.9.2"
::1 - - [09/Aug/2022:14:10:45 +0000] "GET /api/v1/templates?createUser=62f2688099e2a94b91d43777 HTTP/1.0" 304 - "-" "okhttp/4.9.2"
::ffff:127.0.0.1 - - [09/Aug/2022:14:10:45 +0000] "GET /api/v1/goods/user?limit=100 HTTP/1.0" 304 - "-" "okhttp/4.9.2"
::1 - - [09/Aug/2022:14:10:45 +0000] "GET /api/v1/bills/user?limit=1000&sort=-createdAt HTTP/1.0" 304 - "-" "okhttp/4.9.2"
::ffff:127.0.0.1 - - [09/Aug/2022:14:10:45 +0000] "GET /api/v1/goods/user?limit=100 HTTP/1.0" 304 - "-" "okhttp/4.9.2"
