::ffff:127.0.0.1 - - [20/Jun/2022:08:35:09 +0000] "DELETE /api/v1/transactions/62b031395b4c7dacd78ca0eb HTTP/1.0" 200 255 "-" "Expo/2.24.3.1014878 CFNetwork/1333.0.4 Darwin/21.5.0"
::1 - - [20/Jun/2022:08:35:10 +0000] "GET /api/v1/transactions/basket?limit=100&sort=-createdAt HTTP/1.0" 304 - "-" "Expo/2.24.3.1014878 CFNetwork/1333.0.4 Darwin/21.5.0"
::ffff:127.0.0.1 - - [20/Jun/2022:08:35:10 +0000] "GET /api/v1/transactions/basket?limit=100&sort=-createdAt HTTP/1.0" 200 401 "-" "Expo/2.24.3.1014878 CFNetwork/1333.0.4 Darwin/21.5.0"
::1 - - [20/Jun/2022:08:35:11 +0000] "DELETE /api/v1/transactions/62b031385b4c7dacd78ca0e3 HTTP/1.0" 200 254 "-" "Expo/2.24.3.1014878 CFNetwork/1333.0.4 Darwin/21.5.0"
::ffff:127.0.0.1 - - [20/Jun/2022:08:35:11 +0000] "GET /api/v1/transactions/basket?limit=100&sort=-createdAt HTTP/1.0" 200 401 "-" "Expo/2.24.3.1014878 CFNetwork/1333.0.4 Darwin/21.5.0"
::1 - - [20/Jun/2022:08:35:11 +0000] "GET /api/v1/transactions/basket?limit=100&sort=-createdAt HTTP/1.0" 200 401 "-" "Expo/2.24.3.1014878 CFNetwork/1333.0.4 Darwin/21.5.0"
::ffff:127.0.0.1 - - [20/Jun/2022:08:35:15 +0000] "DELETE /api/v1/transactions/62b031385b4c7dacd78ca0e3 HTTP/1.0" 404 125 "-" "Expo/2.24.3.1014878 CFNetwork/1333.0.4 Darwin/21.5.0"
::1 - - [20/Jun/2022:08:35:15 +0000] "GET /api/v1/transactions/basket?limit=100&sort=-createdAt HTTP/1.0" 200 107 "-" "Expo/2.24.3.1014878 CFNetwork/1333.0.4 Darwin/21.5.0"
::ffff:127.0.0.1 - - [20/Jun/2022:08:35:15 +0000] "GET /api/v1/transactions/basket?limit=100&sort=-createdAt HTTP/1.0" 200 107 "-" "Expo/2.24.3.1014878 CFNetwork/1333.0.4 Darwin/21.5.0"
::1 - - [20/Jun/2022:08:35:18 +0000] "POST /api/v1/transactions HTTP/1.0" 200 255 "-" "Expo/2.24.3.1014878 CFNetwork/1333.0.4 Darwin/21.5.0"
::1 - - [20/Jun/2022:08:35:19 +0000] "GET /api/v1/transactions/basket?limit=100&sort=-createdAt HTTP/1.0" 200 402 "-" "Expo/2.24.3.1014878 CFNetwork/1333.0.4 Darwin/21.5.0"
::ffff:127.0.0.1 - - [20/Jun/2022:08:35:19 +0000] "GET /api/v1/transactions/basket?limit=100&sort=-createdAt HTTP/1.0" 200 402 "-" "Expo/2.24.3.1014878 CFNetwork/1333.0.4 Darwin/21.5.0"
::ffff:127.0.0.1 - - [20/Jun/2022:08:35:21 +0000] "POST /api/v1/transactions HTTP/1.0" 200 254 "-" "Expo/2.24.3.1014878 CFNetwork/1333.0.4 Darwin/21.5.0"
::1 - - [20/Jun/2022:08:35:21 +0000] "GET /api/v1/transactions/basket?limit=100&sort=-createdAt HTTP/1.0" 200 697 "-" "Expo/2.24.3.1014878 CFNetwork/1333.0.4 Darwin/21.5.0"
::ffff:127.0.0.1 - - [20/Jun/2022:08:35:21 +0000] "GET /api/v1/transactions/basket?limit=100&sort=-createdAt HTTP/1.0" 200 697 "-" "Expo/2.24.3.1014878 CFNetwork/1333.0.4 Darwin/21.5.0"
::1 - - [20/Jun/2022:08:35:22 +0000] "POST /api/v1/transactions HTTP/1.0" 200 255 "-" "Expo/2.24.3.1014878 CFNetwork/1333.0.4 Darwin/21.5.0"
::ffff:127.0.0.1 - - [20/Jun/2022:08:35:23 +0000] "GET /api/v1/transactions/basket?limit=100&sort=-createdAt HTTP/1.0" 200 993 "-" "Expo/2.24.3.1014878 CFNetwork/1333.0.4 Darwin/21.5.0"
::1 - - [20/Jun/2022:08:35:23 +0000] "GET /api/v1/transactions/basket?limit=100&sort=-createdAt HTTP/1.0" 200 993 "-" "Expo/2.24.3.1014878 CFNetwork/1333.0.4 Darwin/21.5.0"
::ffff:127.0.0.1 - - [20/Jun/2022:08:35:24 +0000] "POST /api/v1/transactions HTTP/1.0" 200 254 "-" "Expo/2.24.3.1014878 CFNetwork/1333.0.4 Darwin/21.5.0"
::1 - - [20/Jun/2022:08:35:25 +0000] "GET /api/v1/transactions/basket?limit=100&sort=-createdAt HTTP/1.0" 200 1288 "-" "Expo/2.24.3.1014878 CFNetwork/1333.0.4 Darwin/21.5.0"
::ffff:127.0.0.1 - - [20/Jun/2022:08:35:25 +0000] "GET /api/v1/transactions/basket?limit=100&sort=-createdAt HTTP/1.0" 200 1288 "-" "Expo/2.24.3.1014878 CFNetwork/1333.0.4 Darwin/21.5.0"
::1 - - [20/Jun/2022:08:35:26 +0000] "DELETE /api/v1/transactions/62b0314c5b4c7dacd78ca122 HTTP/1.0" 200 254 "-" "Expo/2.24.3.1014878 CFNetwork/1333.0.4 Darwin/21.5.0"
::ffff:127.0.0.1 - - [20/Jun/2022:08:35:26 +0000] "GET /api/v1/transactions/basket?limit=100&sort=-createdAt HTTP/1.0" 200 993 "-" "Expo/2.24.3.1014878 CFNetwork/1333.0.4 Darwin/21.5.0"
::1 - - [20/Jun/2022:08:35:26 +0000] "GET /api/v1/transactions/basket?limit=100&sort=-createdAt HTTP/1.0" 200 993 "-" "Expo/2.24.3.1014878 CFNetwork/1333.0.4 Darwin/21.5.0"
::ffff:127.0.0.1 - - [20/Jun/2022:08:35:29 +0000] "DELETE /api/v1/transactions/62b0314a5b4c7dacd78ca11a HTTP/1.0" 200 255 "-" "Expo/2.24.3.1014878 CFNetwork/1333.0.4 Darwin/21.5.0"
::1 - - [20/Jun/2022:08:35:29 +0000] "GET /api/v1/transactions/basket?limit=100&sort=-createdAt HTTP/1.0" 200 697 "-" "Expo/2.24.3.1014878 CFNetwork/1333.0.4 Darwin/21.5.0"
::ffff:127.0.0.1 - - [20/Jun/2022:08:35:29 +0000] "GET /api/v1/transactions/basket?limit=100&sort=-createdAt HTTP/1.0" 200 697 "-" "Expo/2.24.3.1014878 CFNetwork/1333.0.4 Darwin/21.5.0"
::1 - - [20/Jun/2022:08:35:31 +0000] "DELETE /api/v1/transactions/62b031465b4c7dacd78ca10a HTTP/1.0" 200 255 "-" "Expo/2.24.3.1014878 CFNetwork/1333.0.4 Darwin/21.5.0"
::ffff:127.0.0.1 - - [20/Jun/2022:08:35:31 +0000] "GET /api/v1/transactions/basket?limit=100&sort=-createdAt HTTP/1.0" 200 401 "-" "Expo/2.24.3.1014878 CFNetwork/1333.0.4 Darwin/21.5.0"
::1 - - [20/Jun/2022:08:35:31 +0000] "GET /api/v1/transactions/basket?limit=100&sort=-createdAt HTTP/1.0" 200 401 "-" "Expo/2.24.3.1014878 CFNetwork/1333.0.4 Darwin/21.5.0"
::ffff:127.0.0.1 - - [20/Jun/2022:08:35:33 +0000] "DELETE /api/v1/transactions/62b031485b4c7dacd78ca112 HTTP/1.0" 200 254 "-" "Expo/2.24.3.1014878 CFNetwork/1333.0.4 Darwin/21.5.0"
::1 - - [20/Jun/2022:08:35:33 +0000] "GET /api/v1/transactions/basket?limit=100&sort=-createdAt HTTP/1.0" 200 107 "-" "Expo/2.24.3.1014878 CFNetwork/1333.0.4 Darwin/21.5.0"
::ffff:127.0.0.1 - - [20/Jun/2022:08:35:33 +0000] "GET /api/v1/transactions/basket?limit=100&sort=-createdAt HTTP/1.0" 200 107 "-" "Expo/2.24.3.1014878 CFNetwork/1333.0.4 Darwin/21.5.0"
::1 - - [20/Jun/2022:08:35:43 +0000] "GET /api/v1/transactions/basket?limit=100&sort=-createdAt HTTP/1.0" 200 107 "-" "Expo/2.24.3.1014878 CFNetwork/1333.0.4 Darwin/21.5.0"
::ffff:127.0.0.1 - - [20/Jun/2022:08:35:45 +0000] "POST /api/v1/transactions HTTP/1.0" 200 255 "-" "Expo/2.24.3.1014878 CFNetwork/1333.0.4 Darwin/21.5.0"
::1 - - [20/Jun/2022:08:35:45 +0000] "GET /api/v1/transactions/basket?limit=100&sort=-createdAt HTTP/1.0" 200 402 "-" "Expo/2.24.3.1014878 CFNetwork/1333.0.4 Darwin/21.5.0"
::ffff:127.0.0.1 - - [20/Jun/2022:08:35:48 +0000] "POST /api/v1/transactions HTTP/1.0" 200 255 "-" "Expo/2.24.3.1014878 CFNetwork/1333.0.4 Darwin/21.5.0"
::1 - - [20/Jun/2022:08:35:54 +0000] "POST /api/v1/transactions HTTP/1.0" 200 254 "-" "Expo/2.24.3.1014878 CFNetwork/1333.0.4 Darwin/21.5.0"
::ffff:127.0.0.1 - - [20/Jun/2022:08:36:07 +0000] "GET /api/v1/transactions/basket?limit=100&sort=-createdAt HTTP/1.0" 200 993 "-" "Expo/2.24.3.1014878 CFNetwork/1333.0.4 Darwin/21.5.0"
::1 - - [20/Jun/2022:08:36:12 +0000] "POST /api/v1/transactions HTTP/1.0" 200 255 "-" "Expo/2.24.3.1014878 CFNetwork/1333.0.4 Darwin/21.5.0"
::ffff:127.0.0.1 - - [20/Jun/2022:08:36:16 +0000] "DELETE /api/v1/transactions/62b031695b4c7dacd78ca155 HTTP/1.0" 200 254 "-" "Expo/2.24.3.1014878 CFNetwork/1333.0.4 Darwin/21.5.0"
::1 - - [20/Jun/2022:08:36:32 +0000] "GET /api/v1/transactions/basket?limit=100&sort=-createdAt HTTP/1.0" 200 994 "-" "Expo/2.24.3.1014878 CFNetwork/1333.0.4 Darwin/21.5.0"
::ffff:127.0.0.1 - - [20/Jun/2022:08:36:32 +0000] "GET /api/v1/transactions/basket?limit=100&sort=-createdAt HTTP/1.0" 200 994 "-" "Expo/2.24.3.1014878 CFNetwork/1333.0.4 Darwin/21.5.0"
::1 - - [20/Jun/2022:08:36:36 +0000] "DELETE /api/v1/transactions/62b0317c5b4c7dacd78ca15a HTTP/1.0" 200 255 "-" "Expo/2.24.3.1014878 CFNetwork/1333.0.4 Darwin/21.5.0"
::ffff:127.0.0.1 - - [20/Jun/2022:08:36:36 +0000] "GET /api/v1/transactions/basket?limit=100&sort=-createdAt HTTP/1.0" 200 698 "-" "Expo/2.24.3.1014878 CFNetwork/1333.0.4 Darwin/21.5.0"
::1 - - [20/Jun/2022:08:36:36 +0000] "GET /api/v1/transactions/basket?limit=100&sort=-createdAt HTTP/1.0" 200 698 "-" "Expo/2.24.3.1014878 CFNetwork/1333.0.4 Darwin/21.5.0"
::ffff:127.0.0.1 - - [20/Jun/2022:08:36:40 +0000] "DELETE /api/v1/transactions/62b031615b4c7dacd78ca14e HTTP/1.0" 200 255 "-" "Expo/2.24.3.1014878 CFNetwork/1333.0.4 Darwin/21.5.0"
::1 - - [20/Jun/2022:08:36:40 +0000] "GET /api/v1/transactions/basket?limit=100&sort=-createdAt HTTP/1.0" 200 698 "-" "Expo/2.24.3.1014878 CFNetwork/1333.0.4 Darwin/21.5.0"
::ffff:127.0.0.1 - - [20/Jun/2022:08:36:40 +0000] "GET /api/v1/transactions/basket?limit=100&sort=-createdAt HTTP/1.0" 200 402 "-" "Expo/2.24.3.1014878 CFNetwork/1333.0.4 Darwin/21.5.0"
::1 - - [20/Jun/2022:08:36:43 +0000] "DELETE /api/v1/transactions/62b031645b4c7dacd78ca153 HTTP/1.0" 200 255 "-" "Expo/2.24.3.1014878 CFNetwork/1333.0.4 Darwin/21.5.0"
::ffff:127.0.0.1 - - [20/Jun/2022:08:36:43 +0000] "GET /api/v1/transactions/basket?limit=100&sort=-createdAt HTTP/1.0" 200 402 "-" "Expo/2.24.3.1014878 CFNetwork/1333.0.4 Darwin/21.5.0"
::1 - - [20/Jun/2022:08:36:43 +0000] "GET /api/v1/transactions/basket?limit=100&sort=-createdAt HTTP/1.0" 200 402 "-" "Expo/2.24.3.1014878 CFNetwork/1333.0.4 Darwin/21.5.0"
::ffff:127.0.0.1 - - [20/Jun/2022:08:36:48 +0000] "POST /api/v1/transactions HTTP/1.0" 200 255 "-" "Expo/2.24.3.1014878 CFNetwork/1333.0.4 Darwin/21.5.0"
::1 - - [20/Jun/2022:08:36:48 +0000] "GET /api/v1/transactions/basket?limit=100&sort=-createdAt HTTP/1.0" 200 402 "-" "Expo/2.24.3.1014878 CFNetwork/1333.0.4 Darwin/21.5.0"
::ffff:127.0.0.1 - - [20/Jun/2022:08:36:48 +0000] "GET /api/v1/transactions/basket?limit=100&sort=-createdAt HTTP/1.0" 200 402 "-" "Expo/2.24.3.1014878 CFNetwork/1333.0.4 Darwin/21.5.0"
::1 - - [20/Jun/2022:08:36:53 +0000] "POST /api/v1/transactions HTTP/1.0" 200 254 "-" "Expo/2.24.3.1014878 CFNetwork/1333.0.4 Darwin/21.5.0"
::ffff:127.0.0.1 - - [20/Jun/2022:08:36:53 +0000] "GET /api/v1/transactions/basket?limit=100&sort=-createdAt HTTP/1.0" 200 697 "-" "Expo/2.24.3.1014878 CFNetwork/1333.0.4 Darwin/21.5.0"
::1 - - [20/Jun/2022:08:36:53 +0000] "GET /api/v1/transactions/basket?limit=100&sort=-createdAt HTTP/1.0" 200 697 "-" "Expo/2.24.3.1014878 CFNetwork/1333.0.4 Darwin/21.5.0"
::ffff:127.0.0.1 - - [20/Jun/2022:08:37:08 +0000] "POST /api/v1/transactions HTTP/1.0" 200 257 "-" "Expo/2.24.3.1014878 CFNetwork/1333.0.4 Darwin/21.5.0"
::1 - - [20/Jun/2022:08:37:09 +0000] "GET /api/v1/transactions/basket?limit=100&sort=-createdAt HTTP/1.0" 200 995 "-" "Expo/2.24.3.1014878 CFNetwork/1333.0.4 Darwin/21.5.0"
::ffff:127.0.0.1 - - [20/Jun/2022:08:37:09 +0000] "GET /api/v1/transactions/basket?limit=100&sort=-createdAt HTTP/1.0" 200 995 "-" "Expo/2.24.3.1014878 CFNetwork/1333.0.4 Darwin/21.5.0"
::1 - - [20/Jun/2022:08:37:20 +0000] "POST /api/v1/transactions HTTP/1.0" 200 258 "-" "Expo/2.24.3.1014878 CFNetwork/1333.0.4 Darwin/21.5.0"
::ffff:127.0.0.1 - - [20/Jun/2022:08:37:21 +0000] "GET /api/v1/transactions/basket?limit=100&sort=-createdAt HTTP/1.0" 200 1294 "-" "Expo/2.24.3.1014878 CFNetwork/1333.0.4 Darwin/21.5.0"
::1 - - [20/Jun/2022:08:37:21 +0000] "GET /api/v1/transactions/basket?limit=100&sort=-createdAt HTTP/1.0" 200 1294 "-" "Expo/2.24.3.1014878 CFNetwork/1333.0.4 Darwin/21.5.0"
::ffff:127.0.0.1 - - [20/Jun/2022:08:37:33 +0000] "POST /api/v1/transactions HTTP/1.0" 200 257 "-" "Expo/2.24.3.1014878 CFNetwork/1333.0.4 Darwin/21.5.0"
::1 - - [20/Jun/2022:08:37:33 +0000] "GET /api/v1/transactions/basket?limit=100&sort=-createdAt HTTP/1.0" 200 1592 "-" "Expo/2.24.3.1014878 CFNetwork/1333.0.4 Darwin/21.5.0"
::ffff:127.0.0.1 - - [20/Jun/2022:08:37:33 +0000] "GET /api/v1/transactions/basket?limit=100&sort=-createdAt HTTP/1.0" 200 1592 "-" "Expo/2.24.3.1014878 CFNetwork/1333.0.4 Darwin/21.5.0"
::1 - - [20/Jun/2022:08:37:38 +0000] "DELETE /api/v1/transactions/62b031cd5b4c7dacd78ca1a0 HTTP/1.0" 200 257 "-" "Expo/2.24.3.1014878 CFNetwork/1333.0.4 Darwin/21.5.0"
::ffff:127.0.0.1 - - [20/Jun/2022:08:37:38 +0000] "GET /api/v1/transactions/basket?limit=100&sort=-createdAt HTTP/1.0" 200 1294 "-" "Expo/2.24.3.1014878 CFNetwork/1333.0.4 Darwin/21.5.0"
::1 - - [20/Jun/2022:08:37:38 +0000] "GET /api/v1/transactions/basket?limit=100&sort=-createdAt HTTP/1.0" 200 1294 "-" "Expo/2.24.3.1014878 CFNetwork/1333.0.4 Darwin/21.5.0"
::ffff:127.0.0.1 - - [20/Jun/2022:08:37:41 +0000] "DELETE /api/v1/transactions/62b031a45b4c7dacd78ca188 HTTP/1.0" 200 254 "-" "Expo/2.24.3.1014878 CFNetwork/1333.0.4 Darwin/21.5.0"
::1 - - [20/Jun/2022:08:37:41 +0000] "GET /api/v1/transactions/basket?limit=100&sort=-createdAt HTTP/1.0" 200 1294 "-" "Expo/2.24.3.1014878 CFNetwork/1333.0.4 Darwin/21.5.0"
::ffff:127.0.0.1 - - [20/Jun/2022:08:37:41 +0000] "GET /api/v1/transactions/basket?limit=100&sort=-createdAt HTTP/1.0" 200 1294 "-" "Expo/2.24.3.1014878 CFNetwork/1333.0.4 Darwin/21.5.0"
::1 - - [20/Jun/2022:08:37:51 +0000] "DELETE /api/v1/transactions/62b031a45b4c7dacd78ca188 HTTP/1.0" 404 125 "-" "Expo/2.24.3.1014878 CFNetwork/1333.0.4 Darwin/21.5.0"
::ffff:127.0.0.1 - - [20/Jun/2022:08:37:54 +0000] "DELETE /api/v1/transactions/62b031a05b4c7dacd78ca180 HTTP/1.0" 200 255 "-" "Expo/2.24.3.1014878 CFNetwork/1333.0.4 Darwin/21.5.0"
::1 - - [20/Jun/2022:08:37:54 +0000] "GET /api/v1/transactions/basket?limit=100&sort=-createdAt HTTP/1.0" 200 703 "-" "Expo/2.24.3.1014878 CFNetwork/1333.0.4 Darwin/21.5.0"
::ffff:127.0.0.1 - - [20/Jun/2022:08:37:54 +0000] "GET /api/v1/transactions/basket?limit=100&sort=-createdAt HTTP/1.0" 200 703 "-" "Expo/2.24.3.1014878 CFNetwork/1333.0.4 Darwin/21.5.0"
::1 - - [20/Jun/2022:08:37:58 +0000] "DELETE /api/v1/transactions/62b031c05b4c7dacd78ca198 HTTP/1.0" 200 258 "-" "Expo/2.24.3.1014878 CFNetwork/1333.0.4 Darwin/21.5.0"
::ffff:127.0.0.1 - - [20/Jun/2022:08:37:58 +0000] "GET /api/v1/transactions/basket?limit=100&sort=-createdAt HTTP/1.0" 200 404 "-" "Expo/2.24.3.1014878 CFNetwork/1333.0.4 Darwin/21.5.0"
::1 - - [20/Jun/2022:08:37:58 +0000] "GET /api/v1/transactions/basket?limit=100&sort=-createdAt HTTP/1.0" 200 404 "-" "Expo/2.24.3.1014878 CFNetwork/1333.0.4 Darwin/21.5.0"
::ffff:127.0.0.1 - - [20/Jun/2022:08:38:02 +0000] "DELETE /api/v1/transactions/62b031b45b4c7dacd78ca190 HTTP/1.0" 200 257 "-" "Expo/2.24.3.1014878 CFNetwork/1333.0.4 Darwin/21.5.0"
::1 - - [20/Jun/2022:08:38:03 +0000] "GET /api/v1/transactions/basket?limit=100&sort=-createdAt HTTP/1.0" 200 107 "-" "Expo/2.24.3.1014878 CFNetwork/1333.0.4 Darwin/21.5.0"
::ffff:127.0.0.1 - - [20/Jun/2022:08:38:03 +0000] "GET /api/v1/transactions/basket?limit=100&sort=-createdAt HTTP/1.0" 200 107 "-" "Expo/2.24.3.1014878 CFNetwork/1333.0.4 Darwin/21.5.0"
::1 - - [20/Jun/2022:08:38:19 +0000] "POST /api/v1/transactions HTTP/1.0" 200 255 "-" "Expo/2.24.3.1014878 CFNetwork/1333.0.4 Darwin/21.5.0"
::ffff:127.0.0.1 - - [20/Jun/2022:08:38:20 +0000] "GET /api/v1/transactions/basket?limit=100&sort=-createdAt HTTP/1.0" 200 402 "-" "Expo/2.24.3.1014878 CFNetwork/1333.0.4 Darwin/21.5.0"
::1 - - [20/Jun/2022:08:38:20 +0000] "GET /api/v1/transactions/basket?limit=100&sort=-createdAt HTTP/1.0" 200 402 "-" "Expo/2.24.3.1014878 CFNetwork/1333.0.4 Darwin/21.5.0"
::ffff:127.0.0.1 - - [20/Jun/2022:08:38:59 +0000] "GET /api/v1/transactions/basket?limit=100&sort=-createdAt HTTP/1.0" 304 - "-" "Expo/2.24.3.1014878 CFNetwork/1333.0.4 Darwin/21.5.0"
::1 - - [20/Jun/2022:08:39:42 +0000] "GET /api/v1/transactions/basket?limit=100&sort=-createdAt HTTP/1.0" 304 - "-" "Expo/2.24.3.1014878 CFNetwork/1333.0.4 Darwin/21.5.0"
::ffff:127.0.0.1 - - [20/Jun/2022:08:40:28 +0000] "GET /api/v1/transactions/basket?limit=100&sort=-createdAt HTTP/1.0" 304 - "-" "Expo/2.24.3.1014878 CFNetwork/1333.0.4 Darwin/21.5.0"
::1 - - [20/Jun/2022:08:40:41 +0000] "GET /api/v1/transactions/basket?limit=100&sort=-createdAt HTTP/1.0" 304 - "-" "Expo/2.24.3.1014878 CFNetwork/1333.0.4 Darwin/21.5.0"
::ffff:127.0.0.1 - - [20/Jun/2022:08:40:46 +0000] "GET /api/v1/transactions/basket?limit=100&sort=-createdAt HTTP/1.0" 304 - "-" "Expo/2.24.3.1014878 CFNetwork/1333.0.4 Darwin/21.5.0"
::1 - - [20/Jun/2022:08:40:50 +0000] "GET /api/v1/transactions/basket?limit=100&sort=-createdAt HTTP/1.0" 304 - "-" "Expo/2.24.3.1014878 CFNetwork/1333.0.4 Darwin/21.5.0"
::ffff:127.0.0.1 - - [20/Jun/2022:08:41:02 +0000] "GET /api/v1/transactions/basket?limit=100&sort=-createdAt HTTP/1.0" 304 - "-" "Expo/2.24.3.1014878 CFNetwork/1333.0.4 Darwin/21.5.0"
::1 - - [20/Jun/2022:08:41:11 +0000] "GET /api/v1/transactions/basket?limit=100&sort=-createdAt HTTP/1.0" 304 - "-" "Expo/2.24.3.1014878 CFNetwork/1333.0.4 Darwin/21.5.0"
::ffff:127.0.0.1 - - [20/Jun/2022:08:41:23 +0000] "GET /api/v1/transactions/basket?limit=100&sort=-createdAt HTTP/1.0" 304 - "-" "Expo/2.24.3.1014878 CFNetwork/1333.0.4 Darwin/21.5.0"
::1 - - [20/Jun/2022:08:41:34 +0000] "GET /api/v1/transactions/basket?limit=100&sort=-createdAt HTTP/1.0" 304 - "-" "Expo/2.24.3.1014878 CFNetwork/1333.0.4 Darwin/21.5.0"
::ffff:127.0.0.1 - - [20/Jun/2022:08:41:56 +0000] "GET /api/v1/transactions/basket?limit=100&sort=-createdAt HTTP/1.0" 304 - "-" "Expo/2.24.3.1014878 CFNetwork/1333.0.4 Darwin/21.5.0"
::1 - - [20/Jun/2022:08:42:04 +0000] "GET /api/v1/transactions/basket?limit=100&sort=-createdAt HTTP/1.0" 304 - "-" "Expo/2.24.3.1014878 CFNetwork/1333.0.4 Darwin/21.5.0"
::ffff:127.0.0.1 - - [20/Jun/2022:08:42:12 +0000] "GET /api/v1/transactions/basket?limit=100&sort=-createdAt HTTP/1.0" 304 - "-" "Expo/2.24.3.1014878 CFNetwork/1333.0.4 Darwin/21.5.0"
::1 - - [20/Jun/2022:08:42:18 +0000] "GET /api/v1/transactions/basket?limit=100&sort=-createdAt HTTP/1.0" 304 - "-" "Expo/2.24.3.1014878 CFNetwork/1333.0.4 Darwin/21.5.0"
::ffff:127.0.0.1 - - [20/Jun/2022:08:42:32 +0000] "GET /api/v1/transactions/basket?limit=100&sort=-createdAt HTTP/1.0" 304 - "-" "Expo/2.24.3.1014878 CFNetwork/1333.0.4 Darwin/21.5.0"
::1 - - [20/Jun/2022:08:42:36 +0000] "GET /api/v1/transactions/basket?limit=100&sort=-createdAt HTTP/1.0" 304 - "-" "Expo/2.24.3.1014878 CFNetwork/1333.0.4 Darwin/21.5.0"
::ffff:127.0.0.1 - - [20/Jun/2022:08:42:46 +0000] "GET /api/v1/transactions/basket?limit=100&sort=-createdAt HTTP/1.0" 304 - "-" "Expo/2.24.3.1014878 CFNetwork/1333.0.4 Darwin/21.5.0"
::1 - - [20/Jun/2022:08:43:39 +0000] "POST /api/v1/transactions HTTP/1.0" 200 255 "-" "Expo/2.24.3.1014878 CFNetwork/1333.0.4 Darwin/21.5.0"
::ffff:127.0.0.1 - - [20/Jun/2022:08:43:40 +0000] "GET /api/v1/transactions/basket?limit=100&sort=-createdAt HTTP/1.0" 200 698 "-" "Expo/2.24.3.1014878 CFNetwork/1333.0.4 Darwin/21.5.0"
::1 - - [20/Jun/2022:08:43:40 +0000] "GET /api/v1/transactions/basket?limit=100&sort=-createdAt HTTP/1.0" 200 698 "-" "Expo/2.24.3.1014878 CFNetwork/1333.0.4 Darwin/21.5.0"
::1 - - [20/Jun/2022:08:44:39 +0000] "GET /api/v1/goods/user?limit=2 HTTP/1.0" 304 - "-" "Expo/2.24.3.1014878 CFNetwork/1333.0.4 Darwin/21.5.0"
::ffff:127.0.0.1 - - [20/Jun/2022:08:44:39 +0000] "GET /api/v1/categories HTTP/1.0" 304 - "-" "Expo/2.24.3.1014878 CFNetwork/1333.0.4 Darwin/21.5.0"
::ffff:127.0.0.1 - - [20/Jun/2022:08:44:39 +0000] "GET /api/v1/transactions/basket?limit=100&sort=-createdAt HTTP/1.0" 304 - "-" "Expo/2.24.3.1014878 CFNetwork/1333.0.4 Darwin/21.5.0"
::1 - - [20/Jun/2022:08:45:29 +0000] "GET / HTTP/1.0" 404 139 "-" "Mozilla/5.0 (Windows NT 10.0; Win64; x64) AppleWebKit/537.36 (KHTML, like Gecko) Chrome/78.0.3904.108 Safari/537.36"
::ffff:127.0.0.1 - - [20/Jun/2022:08:47:25 +0000] "GET /api/v1/goods/user?limit=2 HTTP/1.0" 304 - "-" "Expo/2.24.3.1014878 CFNetwork/1333.0.4 Darwin/21.5.0"
::1 - - [20/Jun/2022:08:47:25 +0000] "GET /api/v1/categories HTTP/1.0" 304 - "-" "Expo/2.24.3.1014878 CFNetwork/1333.0.4 Darwin/21.5.0"
::ffff:127.0.0.1 - - [20/Jun/2022:08:47:25 +0000] "GET /api/v1/transactions/basket?limit=100&sort=-createdAt HTTP/1.0" 304 - "-" "Expo/2.24.3.1014878 CFNetwork/1333.0.4 Darwin/21.5.0"
::1 - - [20/Jun/2022:08:48:03 +0000] "POST /api/v1/users/login HTTP/1.0" 200 547 "-" "Expo/2.24.3.1014878 CFNetwork/1333.0.4 Darwin/21.5.0"
::ffff:127.0.0.1 - - [20/Jun/2022:08:48:03 +0000] "GET /api/v1/categories HTTP/1.0" 304 - "-" "Expo/2.24.3.1014878 CFNetwork/1333.0.4 Darwin/21.5.0"
::1 - - [20/Jun/2022:08:48:03 +0000] "GET /api/v1/goods/user?limit=2 HTTP/1.0" 304 - "-" "Expo/2.24.3.1014878 CFNetwork/1333.0.4 Darwin/21.5.0"
::ffff:127.0.0.1 - - [20/Jun/2022:08:48:04 +0000] "GET /api/v1/transactions/basket?limit=100&sort=-createdAt HTTP/1.0" 304 - "-" "Expo/2.24.3.1014878 CFNetwork/1333.0.4 Darwin/21.5.0"
::1 - - [20/Jun/2022:08:48:18 +0000] "GET /api/v1/transactions/basket?limit=100&sort=-createdAt HTTP/1.0" 304 - "-" "Expo/2.24.3.1014878 CFNetwork/1333.0.4 Darwin/21.5.0"
::ffff:127.0.0.1 - - [20/Jun/2022:08:48:30 +0000] "GET /api/v1/transactions/basket?limit=100&sort=-createdAt HTTP/1.0" 304 - "-" "Expo/2.24.3.1014878 CFNetwork/1333.0.4 Darwin/21.5.0"
::1 - - [20/Jun/2022:08:48:39 +0000] "POST /api/v1/users/login HTTP/1.0" 200 547 "-" "Expo/2.24.3.1014878 CFNetwork/1333.0.4 Darwin/21.5.0"
::ffff:127.0.0.1 - - [20/Jun/2022:08:48:40 +0000] "GET /api/v1/categories HTTP/1.0" 304 - "-" "Expo/2.24.3.1014878 CFNetwork/1333.0.4 Darwin/21.5.0"
::1 - - [20/Jun/2022:08:48:40 +0000] "GET /api/v1/goods/user?limit=2 HTTP/1.0" 304 - "-" "Expo/2.24.3.1014878 CFNetwork/1333.0.4 Darwin/21.5.0"
::ffff:127.0.0.1 - - [20/Jun/2022:08:48:40 +0000] "GET /api/v1/transactions/basket?limit=100&sort=-createdAt HTTP/1.0" 304 - "-" "Expo/2.24.3.1014878 CFNetwork/1333.0.4 Darwin/21.5.0"
::1 - - [20/Jun/2022:08:53:29 +0000] "GET / HTTP/1.0" 404 139 "-" "Mozilla/5.0"
::ffff:127.0.0.1 - - [20/Jun/2022:09:04:23 +0000] "POST /api/v1/users/login HTTP/1.0" 200 547 "-" "Expo/2.24.3.1014878 CFNetwork/1333.0.4 Darwin/21.5.0"
::1 - - [20/Jun/2022:09:04:23 +0000] "GET /api/v1/categories HTTP/1.0" 304 - "-" "Expo/2.24.3.1014878 CFNetwork/1333.0.4 Darwin/21.5.0"
::ffff:127.0.0.1 - - [20/Jun/2022:09:04:23 +0000] "GET /api/v1/goods/user?limit=2 HTTP/1.0" 304 - "-" "Expo/2.24.3.1014878 CFNetwork/1333.0.4 Darwin/21.5.0"
::1 - - [20/Jun/2022:09:04:23 +0000] "GET /api/v1/transactions/basket?limit=100&sort=-createdAt HTTP/1.0" 304 - "-" "Expo/2.24.3.1014878 CFNetwork/1333.0.4 Darwin/21.5.0"
::ffff:127.0.0.1 - - [20/Jun/2022:09:05:13 +0000] "POST /api/v1/bills/receipt HTTP/1.0" 200 243 "-" "Expo/2.24.3.1014878 CFNetwork/1333.0.4 Darwin/21.5.0"
::1 - - [20/Jun/2022:09:05:20 +0000] "POST /api/v1/users/login HTTP/1.0" 200 547 "-" "Expo/2.24.3.1014878 CFNetwork/1333.0.4 Darwin/21.5.0"
::ffff:127.0.0.1 - - [20/Jun/2022:09:05:21 +0000] "GET /api/v1/goods/user?limit=2 HTTP/1.0" 200 804 "-" "Expo/2.24.3.1014878 CFNetwork/1333.0.4 Darwin/21.5.0"
::1 - - [20/Jun/2022:09:05:21 +0000] "GET /api/v1/categories HTTP/1.0" 304 - "-" "Expo/2.24.3.1014878 CFNetwork/1333.0.4 Darwin/21.5.0"
::ffff:127.0.0.1 - - [20/Jun/2022:09:05:21 +0000] "GET /api/v1/transactions/basket?limit=100&sort=-createdAt HTTP/1.0" 200 107 "-" "Expo/2.24.3.1014878 CFNetwork/1333.0.4 Darwin/21.5.0"
::1 - - [20/Jun/2022:09:05:25 +0000] "POST /api/v1/transactions HTTP/1.0" 200 255 "-" "Expo/2.24.3.1014878 CFNetwork/1333.0.4 Darwin/21.5.0"
::ffff:127.0.0.1 - - [20/Jun/2022:09:05:26 +0000] "GET /api/v1/transactions/basket?limit=100&sort=-createdAt HTTP/1.0" 200 402 "-" "Expo/2.24.3.1014878 CFNetwork/1333.0.4 Darwin/21.5.0"
::1 - - [20/Jun/2022:09:05:26 +0000] "GET /api/v1/transactions/basket?limit=100&sort=-createdAt HTTP/1.0" 200 402 "-" "Expo/2.24.3.1014878 CFNetwork/1333.0.4 Darwin/21.5.0"
::ffff:127.0.0.1 - - [20/Jun/2022:09:05:29 +0000] "POST /api/v1/bills/receipt HTTP/1.0" 200 243 "-" "Expo/2.24.3.1014878 CFNetwork/1333.0.4 Darwin/21.5.0"
::1 - - [20/Jun/2022:09:05:36 +0000] "POST /api/v1/users/login HTTP/1.0" 200 547 "-" "Expo/2.24.3.1014878 CFNetwork/1333.0.4 Darwin/21.5.0"
::ffff:127.0.0.1 - - [20/Jun/2022:09:05:36 +0000] "GET /api/v1/categories HTTP/1.0" 304 - "-" "Expo/2.24.3.1014878 CFNetwork/1333.0.4 Darwin/21.5.0"
::1 - - [20/Jun/2022:09:05:36 +0000] "GET /api/v1/transactions/basket?limit=100&sort=-createdAt HTTP/1.0" 200 107 "-" "Expo/2.24.3.1014878 CFNetwork/1333.0.4 Darwin/21.5.0"
::ffff:127.0.0.1 - - [20/Jun/2022:09:05:36 +0000] "GET /api/v1/goods/user?limit=2 HTTP/1.0" 200 804 "-" "Expo/2.24.3.1014878 CFNetwork/1333.0.4 Darwin/21.5.0"
::1 - - [20/Jun/2022:09:06:23 +0000] "GET /api/v1/transactions/basket?limit=100&sort=-createdAt HTTP/1.0" 304 - "-" "Expo/2.24.3.1014878 CFNetwork/1333.0.4 Darwin/21.5.0"
::ffff:127.0.0.1 - - [20/Jun/2022:09:06:47 +0000] "POST /api/v1/transactions HTTP/1.0" 200 255 "-" "Expo/2.24.3.1014878 CFNetwork/1333.0.4 Darwin/21.5.0"
::1 - - [20/Jun/2022:09:06:47 +0000] "GET /api/v1/transactions/basket?limit=100&sort=-createdAt HTTP/1.0" 200 402 "-" "Expo/2.24.3.1014878 CFNetwork/1333.0.4 Darwin/21.5.0"
::ffff:127.0.0.1 - - [20/Jun/2022:09:06:47 +0000] "GET /api/v1/transactions/basket?limit=100&sort=-createdAt HTTP/1.0" 200 402 "-" "Expo/2.24.3.1014878 CFNetwork/1333.0.4 Darwin/21.5.0"
::1 - - [20/Jun/2022:09:06:50 +0000] "POST /api/v1/bills/receipt HTTP/1.0" 200 243 "-" "Expo/2.24.3.1014878 CFNetwork/1333.0.4 Darwin/21.5.0"
::ffff:127.0.0.1 - - [20/Jun/2022:09:07:07 +0000] "POST /api/v1/users/login HTTP/1.0" 200 547 "-" "Expo/2.24.3.1014878 CFNetwork/1333.0.4 Darwin/21.5.0"
::1 - - [20/Jun/2022:09:07:08 +0000] "GET /api/v1/categories HTTP/1.0" 304 - "-" "Expo/2.24.3.1014878 CFNetwork/1333.0.4 Darwin/21.5.0"
::ffff:127.0.0.1 - - [20/Jun/2022:09:07:08 +0000] "GET /api/v1/goods/user?limit=2 HTTP/1.0" 200 804 "-" "Expo/2.24.3.1014878 CFNetwork/1333.0.4 Darwin/21.5.0"
::1 - - [20/Jun/2022:09:07:08 +0000] "GET /api/v1/transactions/basket?limit=100&sort=-createdAt HTTP/1.0" 200 107 "-" "Expo/2.24.3.1014878 CFNetwork/1333.0.4 Darwin/21.5.0"
::ffff:127.0.0.1 - - [20/Jun/2022:09:07:10 +0000] "POST /api/v1/transactions HTTP/1.0" 200 255 "-" "Expo/2.24.3.1014878 CFNetwork/1333.0.4 Darwin/21.5.0"
::1 - - [20/Jun/2022:09:07:10 +0000] "GET /api/v1/transactions/basket?limit=100&sort=-createdAt HTTP/1.0" 200 402 "-" "Expo/2.24.3.1014878 CFNetwork/1333.0.4 Darwin/21.5.0"
::ffff:127.0.0.1 - - [20/Jun/2022:09:07:10 +0000] "GET /api/v1/transactions/basket?limit=100&sort=-createdAt HTTP/1.0" 200 402 "-" "Expo/2.24.3.1014878 CFNetwork/1333.0.4 Darwin/21.5.0"
::1 - - [20/Jun/2022:09:07:12 +0000] "POST /api/v1/bills/receipt HTTP/1.0" 200 243 "-" "Expo/2.24.3.1014878 CFNetwork/1333.0.4 Darwin/21.5.0"
::ffff:127.0.0.1 - - [20/Jun/2022:09:07:13 +0000] "GET /api/v1/transactions/basket?limit=100&sort=-createdAt HTTP/1.0" 200 107 "-" "Expo/2.24.3.1014878 CFNetwork/1333.0.4 Darwin/21.5.0"
::1 - - [20/Jun/2022:09:07:13 +0000] "GET /api/v1/transactions/basket?limit=100&sort=-createdAt HTTP/1.0" 200 107 "-" "Expo/2.24.3.1014878 CFNetwork/1333.0.4 Darwin/21.5.0"
::ffff:127.0.0.1 - - [20/Jun/2022:09:07:25 +0000] "POST /api/v1/users/login HTTP/1.0" 200 547 "-" "Expo/2.24.3.1014878 CFNetwork/1333.0.4 Darwin/21.5.0"
::1 - - [20/Jun/2022:09:07:26 +0000] "GET /api/v1/categories HTTP/1.0" 304 - "-" "Expo/2.24.3.1014878 CFNetwork/1333.0.4 Darwin/21.5.0"
::ffff:127.0.0.1 - - [20/Jun/2022:09:07:26 +0000] "GET /api/v1/goods/user?limit=2 HTTP/1.0" 200 805 "-" "Expo/2.24.3.1014878 CFNetwork/1333.0.4 Darwin/21.5.0"
::1 - - [20/Jun/2022:09:07:26 +0000] "GET /api/v1/transactions/basket?limit=100&sort=-createdAt HTTP/1.0" 304 - "-" "Expo/2.24.3.1014878 CFNetwork/1333.0.4 Darwin/21.5.0"
::ffff:127.0.0.1 - - [20/Jun/2022:09:09:47 +0000] "GET /api/v1/goods/user?limit=100 HTTP/1.0" 200 4472 "-" "Expo/2.24.3.1014878 CFNetwork/1333.0.4 Darwin/21.5.0"
::1 - - [20/Jun/2022:09:10:06 +0000] "POST /api/v1/transactions HTTP/1.0" 200 255 "-" "Expo/2.24.3.1014878 CFNetwork/1333.0.4 Darwin/21.5.0"
::ffff:127.0.0.1 - - [20/Jun/2022:09:10:07 +0000] "GET /api/v1/transactions/basket?limit=100&sort=-createdAt HTTP/1.0" 200 393 "-" "Expo/2.24.3.1014878 CFNetwork/1333.0.4 Darwin/21.5.0"
::1 - - [20/Jun/2022:09:10:07 +0000] "GET /api/v1/transactions/basket?limit=100&sort=-createdAt HTTP/1.0" 200 393 "-" "Expo/2.24.3.1014878 CFNetwork/1333.0.4 Darwin/21.5.0"
::ffff:127.0.0.1 - - [20/Jun/2022:09:10:11 +0000] "POST /api/v1/bills/receipt HTTP/1.0" 200 243 "-" "Expo/2.24.3.1014878 CFNetwork/1333.0.4 Darwin/21.5.0"
::1 - - [20/Jun/2022:09:10:12 +0000] "GET /api/v1/transactions/basket?limit=100&sort=-createdAt HTTP/1.0" 200 107 "-" "Expo/2.24.3.1014878 CFNetwork/1333.0.4 Darwin/21.5.0"
::ffff:127.0.0.1 - - [20/Jun/2022:09:10:12 +0000] "GET /api/v1/transactions/basket?limit=100&sort=-createdAt HTTP/1.0" 200 107 "-" "Expo/2.24.3.1014878 CFNetwork/1333.0.4 Darwin/21.5.0"
::1 - - [20/Jun/2022:09:13:24 +0000] "POST /api/v1/transactions HTTP/1.0" 200 256 "-" "Expo/2.24.3.1014878 CFNetwork/1333.0.4 Darwin/21.5.0"
::ffff:127.0.0.1 - - [20/Jun/2022:09:13:25 +0000] "GET /api/v1/transactions/basket?limit=100&sort=-createdAt HTTP/1.0" 200 403 "-" "Expo/2.24.3.1014878 CFNetwork/1333.0.4 Darwin/21.5.0"
::1 - - [20/Jun/2022:09:13:25 +0000] "GET /api/v1/transactions/basket?limit=100&sort=-createdAt HTTP/1.0" 200 403 "-" "Expo/2.24.3.1014878 CFNetwork/1333.0.4 Darwin/21.5.0"
::ffff:127.0.0.1 - - [20/Jun/2022:09:25:25 +0000] "POST /api/v1/users/login HTTP/1.0" 200 547 "-" "Expo/2.24.3.1014878 CFNetwork/1333.0.4 Darwin/21.5.0"
::1 - - [20/Jun/2022:09:25:26 +0000] "GET /api/v1/categories HTTP/1.0" 304 - "-" "Expo/2.24.3.1014878 CFNetwork/1333.0.4 Darwin/21.5.0"
::ffff:127.0.0.1 - - [20/Jun/2022:09:25:26 +0000] "GET /api/v1/goods/user?limit=100 HTTP/1.0" 200 4473 "-" "Expo/2.24.3.1014878 CFNetwork/1333.0.4 Darwin/21.5.0"
::1 - - [20/Jun/2022:09:25:26 +0000] "GET /api/v1/transactions/basket?limit=100&sort=-createdAt HTTP/1.0" 304 - "-" "Expo/2.24.3.1014878 CFNetwork/1333.0.4 Darwin/21.5.0"
::ffff:127.0.0.1 - - [20/Jun/2022:09:25:29 +0000] "GET /api/v1/transactions/basket?limit=100&sort=-createdAt HTTP/1.0" 304 - "-" "Expo/2.24.3.1014878 CFNetwork/1333.0.4 Darwin/21.5.0"
::1 - - [20/Jun/2022:09:25:40 +0000] "GET /api/v1/transactions/basket?limit=100&sort=-createdAt HTTP/1.0" 304 - "-" "Expo/2.24.3.1014878 CFNetwork/1333.0.4 Darwin/21.5.0"
::ffff:127.0.0.1 - - [20/Jun/2022:09:25:51 +0000] "GET /api/v1/transactions/basket?limit=100&sort=-createdAt HTTP/1.0" 304 - "-" "Expo/2.24.3.1014878 CFNetwork/1333.0.4 Darwin/21.5.0"
::1 - - [20/Jun/2022:09:25:57 +0000] "GET /api/v1/transactions/basket?limit=100&sort=-createdAt HTTP/1.0" 304 - "-" "Expo/2.24.3.1014878 CFNetwork/1333.0.4 Darwin/21.5.0"
::ffff:127.0.0.1 - - [20/Jun/2022:09:26:02 +0000] "DELETE /api/v1/transactions/62b03a345b4c7dacd78ca2ac HTTP/1.0" 200 256 "-" "Expo/2.24.3.1014878 CFNetwork/1333.0.4 Darwin/21.5.0"
::1 - - [20/Jun/2022:09:26:02 +0000] "GET /api/v1/transactions/basket?limit=100&sort=-createdAt HTTP/1.0" 200 107 "-" "Expo/2.24.3.1014878 CFNetwork/1333.0.4 Darwin/21.5.0"
::ffff:127.0.0.1 - - [20/Jun/2022:09:26:02 +0000] "GET /api/v1/transactions/basket?limit=100&sort=-createdAt HTTP/1.0" 200 107 "-" "Expo/2.24.3.1014878 CFNetwork/1333.0.4 Darwin/21.5.0"
::1 - - [20/Jun/2022:09:26:14 +0000] "GET /api/v1/transactions/basket?limit=100&sort=-createdAt HTTP/1.0" 304 - "-" "Expo/2.24.3.1014878 CFNetwork/1333.0.4 Darwin/21.5.0"
::ffff:127.0.0.1 - - [20/Jun/2022:09:26:18 +0000] "POST /api/v1/transactions HTTP/1.0" 200 256 "-" "Expo/2.24.3.1014878 CFNetwork/1333.0.4 Darwin/21.5.0"
::1 - - [20/Jun/2022:09:26:19 +0000] "GET /api/v1/transactions/basket?limit=100&sort=-createdAt HTTP/1.0" 200 400 "-" "Expo/2.24.3.1014878 CFNetwork/1333.0.4 Darwin/21.5.0"
::ffff:127.0.0.1 - - [20/Jun/2022:09:26:19 +0000] "GET /api/v1/transactions/basket?limit=100&sort=-createdAt HTTP/1.0" 200 400 "-" "Expo/2.24.3.1014878 CFNetwork/1333.0.4 Darwin/21.5.0"
::1 - - [20/Jun/2022:09:26:22 +0000] "DELETE /api/v1/transactions/62b03d3a5b4c7dacd78ca2d1 HTTP/1.0" 200 256 "-" "Expo/2.24.3.1014878 CFNetwork/1333.0.4 Darwin/21.5.0"
::ffff:127.0.0.1 - - [20/Jun/2022:09:26:23 +0000] "GET /api/v1/transactions/basket?limit=100&sort=-createdAt HTTP/1.0" 200 107 "-" "Expo/2.24.3.1014878 CFNetwork/1333.0.4 Darwin/21.5.0"
::1 - - [20/Jun/2022:09:26:23 +0000] "GET /api/v1/transactions/basket?limit=100&sort=-createdAt HTTP/1.0" 200 107 "-" "Expo/2.24.3.1014878 CFNetwork/1333.0.4 Darwin/21.5.0"
::ffff:127.0.0.1 - - [20/Jun/2022:09:27:12 +0000] "GET /api/v1/transactions/basket?limit=100&sort=-createdAt HTTP/1.0" 304 - "-" "Expo/2.24.3.1014878 CFNetwork/1333.0.4 Darwin/21.5.0"
::1 - - [20/Jun/2022:09:27:18 +0000] "GET /api/v1/transactions/basket?limit=100&sort=-createdAt HTTP/1.0" 304 - "-" "Expo/2.24.3.1014878 CFNetwork/1333.0.4 Darwin/21.5.0"
::ffff:127.0.0.1 - - [20/Jun/2022:09:27:38 +0000] "GET /api/v1/transactions/basket?limit=100&sort=-createdAt HTTP/1.0" 304 - "-" "Expo/2.24.3.1014878 CFNetwork/1333.0.4 Darwin/21.5.0"
::1 - - [20/Jun/2022:09:28:02 +0000] "GET /api/v1/transactions/basket?limit=100&sort=-createdAt HTTP/1.0" 304 - "-" "Expo/2.24.3.1014878 CFNetwork/1333.0.4 Darwin/21.5.0"
::ffff:127.0.0.1 - - [20/Jun/2022:09:28:38 +0000] "GET /api/v1/transactions/basket?limit=100&sort=-createdAt HTTP/1.0" 304 - "-" "Expo/2.24.3.1014878 CFNetwork/1333.0.4 Darwin/21.5.0"
::1 - - [20/Jun/2022:09:30:49 +0000] "POST /api/v1/transactions HTTP/1.0" 200 255 "-" "Expo/2.24.3.1014878 CFNetwork/1333.0.4 Darwin/21.5.0"
::ffff:127.0.0.1 - - [20/Jun/2022:09:30:49 +0000] "GET /api/v1/transactions/basket?limit=100&sort=-createdAt HTTP/1.0" 200 402 "-" "Expo/2.24.3.1014878 CFNetwork/1333.0.4 Darwin/21.5.0"
::1 - - [20/Jun/2022:09:30:49 +0000] "GET /api/v1/transactions/basket?limit=100&sort=-createdAt HTTP/1.0" 200 402 "-" "Expo/2.24.3.1014878 CFNetwork/1333.0.4 Darwin/21.5.0"
::ffff:127.0.0.1 - - [20/Jun/2022:09:30:53 +0000] "POST /api/v1/bills/receipt HTTP/1.0" 200 243 "-" "Expo/2.24.3.1014878 CFNetwork/1333.0.4 Darwin/21.5.0"
::1 - - [20/Jun/2022:09:30:53 +0000] "GET /api/v1/transactions/basket?limit=100&sort=-createdAt HTTP/1.0" 200 107 "-" "Expo/2.24.3.1014878 CFNetwork/1333.0.4 Darwin/21.5.0"
::ffff:127.0.0.1 - - [20/Jun/2022:09:30:53 +0000] "GET /api/v1/transactions/basket?limit=100&sort=-createdAt HTTP/1.0" 200 107 "-" "Expo/2.24.3.1014878 CFNetwork/1333.0.4 Darwin/21.5.0"
::1 - - [20/Jun/2022:10:07:55 +0000] "GET / HTTP/1.0" 404 139 "-" "Mozilla/5.0 (Windows NT 10.0; Win64; x64) AppleWebKit/537.36 (KHTML, like Gecko) Chrome/95.0.4638.69 Safari/537.36"
::ffff:127.0.0.1 - - [20/Jun/2022:10:14:05 +0000] "GET / HTTP/1.0" 404 139 "-" "Mozilla/5.0 (Macintosh; Intel Mac OS X 10_15_7) AppleWebKit/537.36 (KHTML, like Gecko) Chrome/102.0.0.0 Safari/537.36"
::1 - - [20/Jun/2022:10:16:28 +0000] "GET / HTTP/1.0" 404 139 "-" "-"
::ffff:127.0.0.1 - - [20/Jun/2022:10:35:14 +0000] "GET / HTTP/1.0" 404 139 "-" "Mozilla/5.0 (Windows NT 10.0; Win64; x64) AppleWebKit/537.36 (KHTML, like Gecko) Chrome/78.0.3904.108 Safari/537.36"
::1 - - [20/Jun/2022:10:42:00 +0000] "GET / HTTP/1.0" 404 139 "-" "Mozilla/5.0 (X11; Ubuntu; Linux x86_64; rv:76.0) Gecko/20100101 Firefox/76.0"
::ffff:127.0.0.1 - - [20/Jun/2022:11:05:45 +0000] "GET /.env HTTP/1.0" 404 143 "-" "Mozilla/5.0 (X11; Linux x86_64) AppleWebKit/537.36 (KHTML, like Gecko) Chrome/81.0.4044.129 Safari/537.36"
::1 - - [20/Jun/2022:11:05:46 +0000] "POST / HTTP/1.0" 404 140 "-" "Mozilla/5.0 (X11; Linux x86_64) AppleWebKit/537.36 (KHTML, like Gecko) Chrome/81.0.4044.129 Safari/537.36"
::ffff:127.0.0.1 - - [20/Jun/2022:11:31:19 +0000] "GET /actuator/gateway/routes HTTP/1.0" 404 162 "-" "Mozilla/5.0 (Windows NT 10.0; Win64; x64) AppleWebKit/537.36 (KHTML, like Gecko) Chrome/78.0.3904.108 Safari/537.36"
::1 - - [20/Jun/2022:13:03:45 +0000] "GET / HTTP/1.0" 404 139 "-" "Mozilla/5.0 (Windows NT 10.0; Win64; x64) AppleWebKit/537.36 (KHTML, like Gecko) Chrome/70.0.3538.102 Safari/537.36"
::ffff:127.0.0.1 - - [20/Jun/2022:14:05:57 +0000] "GET /.env HTTP/1.0" 404 143 "-" "Mozilla/5.0 (X11; Linux x86_64) AppleWebKit/537.36 (KHTML, like Gecko) Chrome/81.0.4044.129 Safari/537.36"
::1 - - [20/Jun/2022:14:05:58 +0000] "POST / HTTP/1.0" 404 140 "-" "Mozilla/5.0 (X11; Linux x86_64) AppleWebKit/537.36 (KHTML, like Gecko) Chrome/81.0.4044.129 Safari/537.36"
::ffff:127.0.0.1 - - [20/Jun/2022:14:06:32 +0000] "GET / HTTP/1.0" 404 139 "-" "Mozilla/5.0 (X11; Ubuntu; Linux x86_64; rv:76.0) Gecko/20100101 Firefox/76.0"
::1 - - [20/Jun/2022:15:32:38 +0000] "GET / HTTP/1.0" 404 139 "-" "Mozilla/5.0 (Windows NT 10.0; Win64; x64) AppleWebKit/537.36 (KHTML, like Gecko) Chrome/91.0.4472.77 Safari/537.36"
::ffff:127.0.0.1 - - [20/Jun/2022:16:28:28 +0000] "GET / HTTP/1.0" 404 139 "-" "Mozilla/5.0 (Windows NT 6.1; WOW64) AppleWebKit/537.36 (KHTML, like Gecko) Chrome/51.0.2704.103 Safari/537.36"
::1 - - [20/Jun/2022:16:35:13 +0000] "GET / HTTP/1.0" 404 139 "-" "Mozilla/5.0 (X11; Ubuntu; Linux x86_64; rv:76.0) Gecko/20100101 Firefox/76.0"
::ffff:127.0.0.1 - - [20/Jun/2022:17:05:39 +0000] "GET /.env HTTP/1.0" 404 143 "-" "Mozilla/5.0 (X11; Linux x86_64) AppleWebKit/537.36 (KHTML, like Gecko) Chrome/81.0.4044.129 Safari/537.36"
::1 - - [20/Jun/2022:17:05:40 +0000] "POST / HTTP/1.0" 404 140 "-" "Mozilla/5.0 (X11; Linux x86_64) AppleWebKit/537.36 (KHTML, like Gecko) Chrome/81.0.4044.129 Safari/537.36"
::ffff:127.0.0.1 - - [20/Jun/2022:17:53:19 +0000] "GET / HTTP/1.0" 404 139 "-" "Mozilla/5.0 (Macintosh; Intel Mac OS X 10_15_7) AppleWebKit/537.36 (KHTML, like Gecko) Chrome/102.0.0.0 Safari/537.36"
::ffff:127.0.0.1 - - [20/Jun/2022:19:40:37 +0000] "GET / HTTP/1.0" 404 139 "-" "Linux Gnu (cow)"
::1 - - [20/Jun/2022:19:45:26 +0000] "GET / HTTP/1.0" 404 139 "-" "Mozilla/5.0 (Windows NT 10.0; Win64; x64) AppleWebKit/537.36 (KHTML, like Gecko) Chrome/60.0.3112.113 Safari/537.36"
::ffff:127.0.0.1 - - [20/Jun/2022:20:05:36 +0000] "GET /.env HTTP/1.0" 404 143 "-" "Mozilla/5.0 (X11; Linux x86_64) AppleWebKit/537.36 (KHTML, like Gecko) Chrome/81.0.4044.129 Safari/537.36"
::1 - - [20/Jun/2022:20:05:37 +0000] "POST / HTTP/1.0" 404 140 "-" "Mozilla/5.0 (X11; Linux x86_64) AppleWebKit/537.36 (KHTML, like Gecko) Chrome/81.0.4044.129 Safari/537.36"
::1 - - [20/Jun/2022:20:42:54 +0000] "GET / HTTP/1.0" 404 139 "-" "Mozilla/5.0 (Macintosh; Intel Mac OS X 10.11; rv:47.0) Gecko/20100101 Firefox/47.0"
::ffff:127.0.0.1 - - [20/Jun/2022:21:09:58 +0000] "GET / HTTP/1.0" 404 139 "-" "-"
::1 - - [20/Jun/2022:21:09:58 +0000] "GET / HTTP/1.0" 404 139 "-" "Mozilla/5.0 (compatible; CensysInspect/1.1; +https://about.censys.io/)"
::ffff:127.0.0.1 - - [20/Jun/2022:21:25:29 +0000] "GET / HTTP/1.0" 404 139 "-" "Mozilla/5.0 (Windows NT 10.0; Win64; x64) AppleWebKit/537.36 (KHTML, like Gecko) Chrome/60.0.3112.113 Safari/537.36"
::1 - - [20/Jun/2022:21:49:59 +0000] "GET /.env HTTP/1.0" 404 143 "-" "Mozilla/5.0 (X11; Linux x86_64) AppleWebKit/537.36 (KHTML, like Gecko) Chrome/81.0.4044.129 Safari/537.36"
::ffff:127.0.0.1 - - [20/Jun/2022:21:50:01 +0000] "POST / HTTP/1.0" 404 140 "-" "Mozilla/5.0 (X11; Linux x86_64) AppleWebKit/537.36 (KHTML, like Gecko) Chrome/81.0.4044.129 Safari/537.36"
::1 - - [20/Jun/2022:22:43:33 +0000] "GET / HTTP/1.0" 404 139 "-" "Go-http-client/1.1"
::ffff:127.0.0.1 - - [20/Jun/2022:22:59:58 +0000] "GET / HTTP/1.0" 404 139 "-" "Mozilla/5.0 zgrab/0.x"
::1 - - [20/Jun/2022:23:06:41 +0000] "GET /.env HTTP/1.0" 404 143 "-" "Mozilla/5.0 (X11; Linux x86_64) AppleWebKit/537.36 (KHTML, like Gecko) Chrome/81.0.4044.129 Safari/537.36"
::ffff:127.0.0.1 - - [20/Jun/2022:23:06:43 +0000] "POST / HTTP/1.0" 404 140 "-" "Mozilla/5.0 (X11; Linux x86_64) AppleWebKit/537.36 (KHTML, like Gecko) Chrome/81.0.4044.129 Safari/537.36"
::ffff:127.0.0.1 - - [20/Jun/2022:23:15:22 +0000] "GET / HTTP/1.0" 404 139 "-" "Linux Gnu (cow)"
::1 - - [20/Jun/2022:23:44:48 +0000] "GET / HTTP/1.0" 404 139 "-" "-"
::ffff:127.0.0.1 - - [20/Jun/2022:23:49:19 +0000] "GET / HTTP/1.0" 404 139 "-" "Mozilla/5.0 (Windows NT 6.1) AppleWebKit/537.36 (KHTML, like Gecko) Chrome/41.0.2228.0 Safari/537.36"
::1 - - [20/Jun/2022:23:59:27 +0000] "GET / HTTP/1.0" 404 139 "-" "Mozilla/5.0 (Windows NT 10.0; WOW64) AppleWebKit/537.36 (KHTML, like Gecko) Chrome/51.0.2704.103 Safari/537.36"
