::ffff:127.0.0.1 - - [16/Aug/2022:19:05:16 +0000] "GET /api/v1/transactions/basket?limit=100&sort=-createdAt HTTP/1.0" 304 - "-" "Expo/2.25.1.1015582 CFNetwork/1331.0.7 Darwin/21.4.0"
::1 - - [16/Aug/2022:19:05:16 +0000] "GET /api/v1/goods/user?limit=100 HTTP/1.0" 304 - "-" "Expo/2.25.1.1015582 CFNetwork/1331.0.7 Darwin/21.4.0"
::ffff:127.0.0.1 - - [16/Aug/2022:19:05:18 +0000] "GET /api/v1/transactions/basket?limit=100&sort=-createdAt HTTP/1.0" 304 - "-" "Expo/2.25.1.1015582 CFNetwork/1331.0.7 Darwin/21.4.0"
::1 - - [16/Aug/2022:19:05:18 +0000] "GET /api/v1/goods/user?limit=100 HTTP/1.0" 304 - "-" "Expo/2.25.1.1015582 CFNetwork/1331.0.7 Darwin/21.4.0"
::1 - - [16/Aug/2022:19:05:19 +0000] "GET /api/v1/goods/user?limit=100 HTTP/1.0" 304 - "-" "Expo/2.25.1.1015582 CFNetwork/1331.0.7 Darwin/21.4.0"
::1 - - [16/Aug/2022:19:06:23 +0000] "GET /api/v1/transactions/basket?limit=100&sort=-createdAt HTTP/1.0" 304 - "-" "Expo/2.25.1.1015582 CFNetwork/1331.0.7 Darwin/21.4.0"
::ffff:127.0.0.1 - - [16/Aug/2022:19:06:23 +0000] "GET /api/v1/categories HTTP/1.0" 304 - "-" "Expo/2.25.1.1015582 CFNetwork/1331.0.7 Darwin/21.4.0"
::ffff:127.0.0.1 - - [16/Aug/2022:19:06:23 +0000] "GET /api/v1/goods/user?limit=100 HTTP/1.0" 304 - "-" "Expo/2.25.1.1015582 CFNetwork/1331.0.7 Darwin/21.4.0"
::ffff:127.0.0.1 - - [16/Aug/2022:19:06:25 +0000] "GET /api/v1/transactions/basket?limit=100&sort=-createdAt HTTP/1.0" 304 - "-" "Expo/2.25.1.1015582 CFNetwork/1331.0.7 Darwin/21.4.0"
::1 - - [16/Aug/2022:19:06:25 +0000] "GET /api/v1/goods/user?limit=100 HTTP/1.0" 304 - "-" "Expo/2.25.1.1015582 CFNetwork/1331.0.7 Darwin/21.4.0"
::1 - - [16/Aug/2022:19:06:38 +0000] "GET /api/v1/categories HTTP/1.0" 304 - "-" "Expo/2.25.1.1015582 CFNetwork/1331.0.7 Darwin/21.4.0"
::1 - - [16/Aug/2022:19:06:38 +0000] "GET /api/v1/transactions/basket?limit=100&sort=-createdAt HTTP/1.0" 304 - "-" "Expo/2.25.1.1015582 CFNetwork/1331.0.7 Darwin/21.4.0"
::ffff:127.0.0.1 - - [16/Aug/2022:19:06:38 +0000] "GET /api/v1/goods/user?limit=100 HTTP/1.0" 304 - "-" "Expo/2.25.1.1015582 CFNetwork/1331.0.7 Darwin/21.4.0"
::1 - - [16/Aug/2022:19:06:39 +0000] "GET /api/v1/transactions/basket?limit=100&sort=-createdAt HTTP/1.0" 304 - "-" "Expo/2.25.1.1015582 CFNetwork/1331.0.7 Darwin/21.4.0"
::ffff:127.0.0.1 - - [16/Aug/2022:19:06:39 +0000] "GET /api/v1/goods/user?limit=100 HTTP/1.0" 304 - "-" "Expo/2.25.1.1015582 CFNetwork/1331.0.7 Darwin/21.4.0"
::ffff:127.0.0.1 - - [16/Aug/2022:19:06:40 +0000] "GET /api/v1/goods/user?limit=100 HTTP/1.0" 304 - "-" "Expo/2.25.1.1015582 CFNetwork/1331.0.7 Darwin/21.4.0"
::1 - - [16/Aug/2022:19:07:33 +0000] "GET /api/v1/goods/user?limit=100 HTTP/1.0" 304 - "-" "Expo/2.25.1.1015582 CFNetwork/1331.0.7 Darwin/21.4.0"
::ffff:127.0.0.1 - - [16/Aug/2022:19:07:42 +0000] "GET /api/v1/goods/user?limit=100 HTTP/1.0" 304 - "-" "Expo/2.25.1.1015582 CFNetwork/1331.0.7 Darwin/21.4.0"
::1 - - [16/Aug/2022:19:07:45 +0000] "GET /api/v1/goods/user?limit=100 HTTP/1.0" 304 - "-" "Expo/2.25.1.1015582 CFNetwork/1331.0.7 Darwin/21.4.0"
::ffff:127.0.0.1 - - [16/Aug/2022:19:07:56 +0000] "GET /api/v1/goods/user?limit=100 HTTP/1.0" 304 - "-" "Expo/2.25.1.1015582 CFNetwork/1331.0.7 Darwin/21.4.0"
::1 - - [16/Aug/2022:19:08:01 +0000] "GET /api/v1/goods/user?limit=100 HTTP/1.0" 304 - "-" "Expo/2.25.1.1015582 CFNetwork/1331.0.7 Darwin/21.4.0"
::ffff:127.0.0.1 - - [16/Aug/2022:19:08:05 +0000] "GET /api/v1/goods/user?limit=100 HTTP/1.0" 304 - "-" "Expo/2.25.1.1015582 CFNetwork/1331.0.7 Darwin/21.4.0"
::1 - - [16/Aug/2022:19:08:11 +0000] "GET /api/v1/goods/user?limit=100 HTTP/1.0" 304 - "-" "Expo/2.25.1.1015582 CFNetwork/1331.0.7 Darwin/21.4.0"
::ffff:127.0.0.1 - - [16/Aug/2022:19:08:18 +0000] "GET /api/v1/goods/user?limit=100 HTTP/1.0" 304 - "-" "Expo/2.25.1.1015582 CFNetwork/1331.0.7 Darwin/21.4.0"
::1 - - [16/Aug/2022:19:08:58 +0000] "GET /api/v1/transactions/basket?limit=100&sort=-createdAt HTTP/1.0" 304 - "-" "Expo/2.25.1.1015582 CFNetwork/1331.0.7 Darwin/21.4.0"
::ffff:127.0.0.1 - - [16/Aug/2022:19:08:58 +0000] "GET /api/v1/categories HTTP/1.0" 304 - "-" "Expo/2.25.1.1015582 CFNetwork/1331.0.7 Darwin/21.4.0"
::1 - - [16/Aug/2022:19:08:58 +0000] "GET /api/v1/goods/user?limit=100 HTTP/1.0" 304 - "-" "Expo/2.25.1.1015582 CFNetwork/1331.0.7 Darwin/21.4.0"
::ffff:127.0.0.1 - - [16/Aug/2022:19:09:00 +0000] "GET /api/v1/transactions/basket?limit=100&sort=-createdAt HTTP/1.0" 304 - "-" "Expo/2.25.1.1015582 CFNetwork/1331.0.7 Darwin/21.4.0"
::1 - - [16/Aug/2022:19:09:00 +0000] "GET /api/v1/goods/user?limit=100 HTTP/1.0" 304 - "-" "Expo/2.25.1.1015582 CFNetwork/1331.0.7 Darwin/21.4.0"
::ffff:127.0.0.1 - - [16/Aug/2022:19:09:01 +0000] "GET /api/v1/goods/user?limit=100 HTTP/1.0" 304 - "-" "Expo/2.25.1.1015582 CFNetwork/1331.0.7 Darwin/21.4.0"
::1 - - [16/Aug/2022:19:09:04 +0000] "GET /api/v1/goods/user?limit=100 HTTP/1.0" 304 - "-" "Expo/2.25.1.1015582 CFNetwork/1331.0.7 Darwin/21.4.0"
::ffff:127.0.0.1 - - [16/Aug/2022:19:09:29 +0000] "GET /api/v1/goods/user?limit=100 HTTP/1.0" 304 - "-" "Expo/2.25.1.1015582 CFNetwork/1331.0.7 Darwin/21.4.0"
::1 - - [16/Aug/2022:19:09:44 +0000] "GET /api/v1/goods/user?limit=100 HTTP/1.0" 304 - "-" "Expo/2.25.1.1015582 CFNetwork/1331.0.7 Darwin/21.4.0"
::ffff:127.0.0.1 - - [16/Aug/2022:19:09:53 +0000] "GET /api/v1/goods/user?limit=100 HTTP/1.0" 304 - "-" "Expo/2.25.1.1015582 CFNetwork/1331.0.7 Darwin/21.4.0"
::1 - - [16/Aug/2022:19:10:36 +0000] "GET /api/v1/goods/user?limit=100 HTTP/1.0" 304 - "-" "Expo/2.25.1.1015582 CFNetwork/1331.0.7 Darwin/21.4.0"
::ffff:127.0.0.1 - - [16/Aug/2022:19:10:55 +0000] "GET /api/v1/goods/user?limit=100 HTTP/1.0" 304 - "-" "Expo/2.25.1.1015582 CFNetwork/1331.0.7 Darwin/21.4.0"
::1 - - [16/Aug/2022:19:11:15 +0000] "GET /api/v1/goods/user?limit=100 HTTP/1.0" 304 - "-" "Expo/2.25.1.1015582 CFNetwork/1331.0.7 Darwin/21.4.0"
::ffff:127.0.0.1 - - [16/Aug/2022:19:11:31 +0000] "GET /api/v1/goods/user?limit=100 HTTP/1.0" 304 - "-" "Expo/2.25.1.1015582 CFNetwork/1331.0.7 Darwin/21.4.0"
::1 - - [16/Aug/2022:19:11:42 +0000] "GET /api/v1/goods/user?limit=100 HTTP/1.0" 304 - "-" "Expo/2.25.1.1015582 CFNetwork/1331.0.7 Darwin/21.4.0"
::ffff:127.0.0.1 - - [16/Aug/2022:19:11:51 +0000] "GET /api/v1/goods/user?limit=100 HTTP/1.0" 304 - "-" "Expo/2.25.1.1015582 CFNetwork/1331.0.7 Darwin/21.4.0"
::1 - - [16/Aug/2022:19:12:00 +0000] "GET /api/v1/goods/user?limit=100 HTTP/1.0" 304 - "-" "Expo/2.25.1.1015582 CFNetwork/1331.0.7 Darwin/21.4.0"
::ffff:127.0.0.1 - - [16/Aug/2022:19:12:04 +0000] "GET /api/v1/goods/user?limit=100 HTTP/1.0" 304 - "-" "Expo/2.25.1.1015582 CFNetwork/1331.0.7 Darwin/21.4.0"
::1 - - [16/Aug/2022:19:12:12 +0000] "GET /api/v1/goods/user?limit=100 HTTP/1.0" 304 - "-" "Expo/2.25.1.1015582 CFNetwork/1331.0.7 Darwin/21.4.0"
::ffff:127.0.0.1 - - [16/Aug/2022:19:12:17 +0000] "GET /api/v1/goods/user?limit=100 HTTP/1.0" 304 - "-" "Expo/2.25.1.1015582 CFNetwork/1331.0.7 Darwin/21.4.0"
::1 - - [16/Aug/2022:19:12:20 +0000] "GET /api/v1/goods/user?limit=100 HTTP/1.0" 304 - "-" "Expo/2.25.1.1015582 CFNetwork/1331.0.7 Darwin/21.4.0"
::ffff:127.0.0.1 - - [16/Aug/2022:19:12:20 +0000] "GET /api/v1/goods/user?limit=100 HTTP/1.0" 304 - "-" "Expo/2.25.1.1015582 CFNetwork/1331.0.7 Darwin/21.4.0"
::1 - - [16/Aug/2022:19:12:21 +0000] "GET /api/v1/goods/user?limit=100 HTTP/1.0" 304 - "-" "Expo/2.25.1.1015582 CFNetwork/1331.0.7 Darwin/21.4.0"
::ffff:127.0.0.1 - - [16/Aug/2022:19:12:37 +0000] "GET /api/v1/goods/user?limit=100 HTTP/1.0" 304 - "-" "Expo/2.25.1.1015582 CFNetwork/1331.0.7 Darwin/21.4.0"
::1 - - [16/Aug/2022:19:13:05 +0000] "GET /api/v1/goods/user?limit=100 HTTP/1.0" 304 - "-" "Expo/2.25.1.1015582 CFNetwork/1331.0.7 Darwin/21.4.0"
::ffff:127.0.0.1 - - [16/Aug/2022:19:13:40 +0000] "GET /api/v1/goods/user?limit=100 HTTP/1.0" 304 - "-" "Expo/2.25.1.1015582 CFNetwork/1331.0.7 Darwin/21.4.0"
::1 - - [16/Aug/2022:19:13:47 +0000] "GET /api/v1/goods/user?limit=100 HTTP/1.0" 304 - "-" "Expo/2.25.1.1015582 CFNetwork/1331.0.7 Darwin/21.4.0"
::ffff:127.0.0.1 - - [16/Aug/2022:19:13:57 +0000] "GET /api/v1/goods/user?limit=100 HTTP/1.0" 304 - "-" "Expo/2.25.1.1015582 CFNetwork/1331.0.7 Darwin/21.4.0"
::1 - - [16/Aug/2022:19:14:16 +0000] "GET /api/v1/goods/user?limit=100 HTTP/1.0" 304 - "-" "Expo/2.25.1.1015582 CFNetwork/1331.0.7 Darwin/21.4.0"
::ffff:127.0.0.1 - - [16/Aug/2022:19:16:53 +0000] "GET /api/v1/goods/user?limit=100 HTTP/1.0" 304 - "-" "Expo/2.25.1.1015582 CFNetwork/1331.0.7 Darwin/21.4.0"
::1 - - [16/Aug/2022:19:17:45 +0000] "GET /api/v1/goods/user?limit=100 HTTP/1.0" 304 - "-" "Expo/2.25.1.1015582 CFNetwork/1331.0.7 Darwin/21.4.0"
::ffff:127.0.0.1 - - [16/Aug/2022:19:18:13 +0000] "GET /api/v1/goods/user?limit=100 HTTP/1.0" 304 - "-" "Expo/2.25.1.1015582 CFNetwork/1331.0.7 Darwin/21.4.0"
::1 - - [16/Aug/2022:19:18:29 +0000] "GET /api/v1/goods/user?limit=100 HTTP/1.0" 304 - "-" "Expo/2.25.1.1015582 CFNetwork/1331.0.7 Darwin/21.4.0"
::ffff:127.0.0.1 - - [16/Aug/2022:19:18:37 +0000] "GET /api/v1/goods/user?limit=100 HTTP/1.0" 304 - "-" "Expo/2.25.1.1015582 CFNetwork/1331.0.7 Darwin/21.4.0"
::1 - - [16/Aug/2022:19:18:51 +0000] "GET /api/v1/goods/user?limit=100 HTTP/1.0" 304 - "-" "Expo/2.25.1.1015582 CFNetwork/1331.0.7 Darwin/21.4.0"
::ffff:127.0.0.1 - - [16/Aug/2022:19:19:03 +0000] "GET /api/v1/goods/user?limit=100 HTTP/1.0" 304 - "-" "Expo/2.25.1.1015582 CFNetwork/1331.0.7 Darwin/21.4.0"
::1 - - [16/Aug/2022:19:19:35 +0000] "GET /console/ HTTP/1.0" 404 147 "-" "Mozilla/5.0 (Windows NT 10.0; Win64; x64) AppleWebKit/537.36 (KHTML, like Gecko) Chrome/78.0.3904.108 Safari/537.36"
::ffff:127.0.0.1 - - [16/Aug/2022:19:23:31 +0000] "GET /api/v1/transactions/basket?limit=100&sort=-createdAt HTTP/1.0" 304 - "-" "Expo/2.25.1.1015582 CFNetwork/1331.0.7 Darwin/21.4.0"
::ffff:127.0.0.1 - - [16/Aug/2022:19:23:31 +0000] "GET /api/v1/categories HTTP/1.0" 304 - "-" "Expo/2.25.1.1015582 CFNetwork/1331.0.7 Darwin/21.4.0"
::1 - - [16/Aug/2022:19:23:31 +0000] "GET /api/v1/goods/user?limit=100 HTTP/1.0" 304 - "-" "Expo/2.25.1.1015582 CFNetwork/1331.0.7 Darwin/21.4.0"
::ffff:127.0.0.1 - - [16/Aug/2022:19:24:22 +0000] "GET /api/v1/transactions/basket?limit=100&sort=-createdAt HTTP/1.0" 304 - "-" "Expo/2.25.1.1015582 CFNetwork/1331.0.7 Darwin/21.4.0"
::1 - - [16/Aug/2022:19:24:22 +0000] "GET /api/v1/goods/user?limit=100 HTTP/1.0" 304 - "-" "Expo/2.25.1.1015582 CFNetwork/1331.0.7 Darwin/21.4.0"
::1 - - [16/Aug/2022:19:30:52 +0000] "GET /api/v1/categories HTTP/1.0" 304 - "-" "Expo/2.25.1.1015582 CFNetwork/1331.0.7 Darwin/21.4.0"
::ffff:127.0.0.1 - - [16/Aug/2022:19:30:52 +0000] "GET /api/v1/transactions/basket?limit=100&sort=-createdAt HTTP/1.0" 304 - "-" "Expo/2.25.1.1015582 CFNetwork/1331.0.7 Darwin/21.4.0"
::1 - - [16/Aug/2022:19:30:52 +0000] "GET /api/v1/goods/user?limit=100 HTTP/1.0" 304 - "-" "Expo/2.25.1.1015582 CFNetwork/1331.0.7 Darwin/21.4.0"
::ffff:127.0.0.1 - - [16/Aug/2022:19:31:19 +0000] "GET /api/v1/categories HTTP/1.0" 304 - "-" "Expo/2.25.1.1015582 CFNetwork/1331.0.7 Darwin/21.4.0"
::1 - - [16/Aug/2022:19:31:19 +0000] "GET /api/v1/transactions/basket?limit=100&sort=-createdAt HTTP/1.0" 304 - "-" "Expo/2.25.1.1015582 CFNetwork/1331.0.7 Darwin/21.4.0"
::ffff:127.0.0.1 - - [16/Aug/2022:19:31:19 +0000] "GET /api/v1/goods/user?limit=100 HTTP/1.0" 304 - "-" "Expo/2.25.1.1015582 CFNetwork/1331.0.7 Darwin/21.4.0"
::ffff:127.0.0.1 - - [16/Aug/2022:19:31:21 +0000] "GET /api/v1/transactions/basket?limit=100&sort=-createdAt HTTP/1.0" 304 - "-" "Expo/2.25.1.1015582 CFNetwork/1331.0.7 Darwin/21.4.0"
::1 - - [16/Aug/2022:19:31:21 +0000] "GET /api/v1/goods/user?limit=100 HTTP/1.0" 304 - "-" "Expo/2.25.1.1015582 CFNetwork/1331.0.7 Darwin/21.4.0"
::1 - - [16/Aug/2022:19:31:44 +0000] "GET /api/v1/goods/user?limit=100 HTTP/1.0" 304 - "-" "Expo/2.25.1.1015582 CFNetwork/1331.0.7 Darwin/21.4.0"
::ffff:127.0.0.1 - - [16/Aug/2022:19:31:48 +0000] "GET /api/v1/bills/user?limit=1000&sort=-createdAt&type=%D0%97%D0%B0%D1%80%D0%BB%D0%B0%D0%B3%D0%B0 HTTP/1.0" 304 - "-" "Expo/2.25.1.1015582 CFNetwork/1331.0.7 Darwin/21.4.0"
::1 - - [16/Aug/2022:19:31:50 +0000] "GET /api/v1/bills/user?limit=1000&sort=-createdAt&type=%D0%9E%D1%80%D0%BB%D0%BE%D0%B3%D0%BE HTTP/1.0" 304 - "-" "Expo/2.25.1.1015582 CFNetwork/1331.0.7 Darwin/21.4.0"
::ffff:127.0.0.1 - - [16/Aug/2022:19:32:02 +0000] "GET /api/v1/templates?createUser=62fbbc03fd2881af5a4e559a HTTP/1.0" 304 - "-" "Expo/2.25.1.1015582 CFNetwork/1331.0.7 Darwin/21.4.0"
::1 - - [16/Aug/2022:19:32:04 +0000] "GET /api/v1/transactions/user?template=62fbbcbbfd2881af5a4e55cb HTTP/1.0" 304 - "-" "Expo/2.25.1.1015582 CFNetwork/1331.0.7 Darwin/21.4.0"
::ffff:127.0.0.1 - - [16/Aug/2022:19:32:04 +0000] "GET /api/v1/templates?createUser=62fbbc03fd2881af5a4e559a HTTP/1.0" 304 - "-" "Expo/2.25.1.1015582 CFNetwork/1331.0.7 Darwin/21.4.0"
::1 - - [16/Aug/2022:19:32:07 +0000] "GET /api/v1/templates?createUser=62fbbc03fd2881af5a4e559a HTTP/1.0" 304 - "-" "Expo/2.25.1.1015582 CFNetwork/1331.0.7 Darwin/21.4.0"
::ffff:127.0.0.1 - - [16/Aug/2022:19:32:08 +0000] "GET /api/v1/users/62fbbc03fd2881af5a4e559a HTTP/1.0" 304 - "-" "Expo/2.25.1.1015582 CFNetwork/1331.0.7 Darwin/21.4.0"
::1 - - [16/Aug/2022:19:32:08 +0000] "GET /api/v1/templates?createUser=62fbbc03fd2881af5a4e559a HTTP/1.0" 304 - "-" "Expo/2.25.1.1015582 CFNetwork/1331.0.7 Darwin/21.4.0"
::1 - - [16/Aug/2022:19:32:17 +0000] "GET /api/v1/transactions/basket?limit=100&sort=-createdAt HTTP/1.0" 304 - "-" "Expo/2.25.1.1015582 CFNetwork/1331.0.7 Darwin/21.4.0"
::ffff:127.0.0.1 - - [16/Aug/2022:19:32:17 +0000] "GET /api/v1/goods/user?limit=100 HTTP/1.0" 304 - "-" "Expo/2.25.1.1015582 CFNetwork/1331.0.7 Darwin/21.4.0"
::1 - - [16/Aug/2022:19:32:19 +0000] "GET /api/v1/transactions/basket?limit=100&sort=-createdAt HTTP/1.0" 304 - "-" "Expo/2.25.1.1015582 CFNetwork/1331.0.7 Darwin/21.4.0"
::ffff:127.0.0.1 - - [16/Aug/2022:19:32:19 +0000] "GET /api/v1/goods/user?limit=100 HTTP/1.0" 304 - "-" "Expo/2.25.1.1015582 CFNetwork/1331.0.7 Darwin/21.4.0"
::ffff:127.0.0.1 - - [16/Aug/2022:19:32:19 +0000] "GET /api/v1/goods/user?limit=100 HTTP/1.0" 304 - "-" "Expo/2.25.1.1015582 CFNetwork/1331.0.7 Darwin/21.4.0"
::ffff:127.0.0.1 - - [16/Aug/2022:19:32:21 +0000] "GET /upload/undefined HTTP/1.0" 404 155 "-" "Expo/2.25.1.1015582 CFNetwork/1331.0.7 Darwin/21.4.0"
::1 - - [16/Aug/2022:19:32:21 +0000] "GET /api/v1/goods/62fbbc48fd2881af5a4e55aa HTTP/1.0" 304 - "-" "Expo/2.25.1.1015582 CFNetwork/1331.0.7 Darwin/21.4.0"
::1 - - [16/Aug/2022:19:32:21 +0000] "GET /api/v1/transactions/user?good=62fbbc48fd2881af5a4e55aa&sort=-createdAt HTTP/1.0" 304 - "-" "Expo/2.25.1.1015582 CFNetwork/1331.0.7 Darwin/21.4.0"
::ffff:127.0.0.1 - - [16/Aug/2022:19:32:21 +0000] "GET /api/v1/goods/user?limit=100 HTTP/1.0" 304 - "-" "Expo/2.25.1.1015582 CFNetwork/1331.0.7 Darwin/21.4.0"
::ffff:127.0.0.1 - - [16/Aug/2022:19:50:15 +0000] "POST /Autodiscover/Autodiscover.xml HTTP/1.0" 404 169 "-" "Mozilla/5.0 (Windows NT 10.0; Win64; x64) AppleWebKit/537.36 (KHTML, like Gecko) Chrome/78.0.3904.108 Safari/537.36"
::1 - - [16/Aug/2022:19:58:37 +0000] "GET / HTTP/1.0" 404 139 "-" "Go-http-client/1.1"
::ffff:127.0.0.1 - - [16/Aug/2022:20:05:58 +0000] "GET /.env HTTP/1.0" 404 143 "-" "Mozilla/5.0 (X11; Linux x86_64) AppleWebKit/537.36 (KHTML, like Gecko) Chrome/81.0.4044.129 Safari/537.36"
::1 - - [16/Aug/2022:20:05:59 +0000] "POST / HTTP/1.0" 404 140 "-" "Mozilla/5.0 (X11; Linux x86_64) AppleWebKit/537.36 (KHTML, like Gecko) Chrome/81.0.4044.129 Safari/537.36"
::ffff:127.0.0.1 - - [16/Aug/2022:20:18:19 +0000] "POST / HTTP/1.0" 404 140 "-" "Mozilla/5.0 (X11; Linux x86_64) AppleWebKit/537.36 (KHTML, like Gecko) Chrome/81.0.4044.129 Safari/537.36"
::1 - - [16/Aug/2022:20:18:19 +0000] "GET /.env HTTP/1.0" 404 143 "-" "Mozilla/5.0 (X11; Linux x86_64) AppleWebKit/537.36 (KHTML, like Gecko) Chrome/81.0.4044.129 Safari/537.36"
::ffff:127.0.0.1 - - [16/Aug/2022:20:21:23 +0000] "GET / HTTP/1.0" 404 139 "-" "Mozilla/5.0 (Macintosh; Intel Mac OS X 10_11_6) AppleWebKit/601.7.7 (KHTML, like Gecko) Version/9.1.2 Safari/601.7.7"
::1 - - [16/Aug/2022:20:26:11 +0000] "GET /_ignition/execute-solution HTTP/1.0" 404 165 "-" "Mozilla/5.0 (Windows NT 10.0; Win64; x64) AppleWebKit/537.36 (KHTML, like Gecko) Chrome/78.0.3904.108 Safari/537.36"
::ffff:127.0.0.1 - admin [16/Aug/2022:20:40:53 +0000] "POST /mgmt/tm/util/bash HTTP/1.0" 404 157 "-" "Mozilla/5.0 (Windows NT 10.0; Win64; x64) AppleWebKit/537.36 (KHTML, like Gecko) Chrome/63.0.3239.84 Safari/537.36"
::1 - - [16/Aug/2022:20:40:54 +0000] "GET / HTTP/1.0" 404 139 "-" "curl/7.58.0"
::ffff:127.0.0.1 - - [16/Aug/2022:20:53:49 +0000] "GET / HTTP/1.0" 404 139 "-" "Mozilla/5.0 (Windows NT 5.1; Win64; x64) AppleWebKit/537.36 (KHTML, like Gecko) Chrome/60.0.3112.90 Safari/537.36"
::1 - - [16/Aug/2022:21:17:31 +0000] "GET / HTTP/1.0" 404 139 "-" "Mozilla/5.0 (Windows NT 10.0; Win64; x64) AppleWebKit/537.36 (KHTML, like Gecko) Chrome/78.0.3904.108 Safari/537.36"
::ffff:127.0.0.1 - - [16/Aug/2022:21:21:35 +0000] "GET / HTTP/1.0" 404 139 "-" "Linux Gnu (cow)"
::1 - - [16/Aug/2022:21:22:05 +0000] "GET /.env HTTP/1.0" 404 143 "-" "Mozilla/5.0 (X11; Linux x86_64) AppleWebKit/537.36 (KHTML, like Gecko) Chrome/81.0.4044.129 Safari/537.36"
::ffff:127.0.0.1 - - [16/Aug/2022:21:55:32 +0000] "GET / HTTP/1.0" 404 139 "-" "Mozilla/5.0 zgrab/0.x"
::1 - - [16/Aug/2022:22:34:38 +0000] "GET /.env HTTP/1.0" 404 143 "-" "Mozilla/5.0 (X11; Linux x86_64) AppleWebKit/537.36 (KHTML, like Gecko) Chrome/41.0.2227.0 Safari/537.36"
::ffff:127.0.0.1 - - [16/Aug/2022:22:35:38 +0000] "GET / HTTP/1.0" 404 139 "-" "Mozilla/5.0 (Windows NT 10.0; Win64; x64) AppleWebKit/537.36 (KHTML, like Gecko) Chrome/78.0.3904.108 Safari/537.36"
::1 - - [16/Aug/2022:23:05:58 +0000] "GET /.env HTTP/1.0" 404 143 "-" "Mozilla/5.0 (X11; Linux x86_64) AppleWebKit/537.36 (KHTML, like Gecko) Chrome/81.0.4044.129 Safari/537.36"
::ffff:127.0.0.1 - - [16/Aug/2022:23:05:59 +0000] "POST / HTTP/1.0" 404 140 "-" "Mozilla/5.0 (X11; Linux x86_64) AppleWebKit/537.36 (KHTML, like Gecko) Chrome/81.0.4044.129 Safari/537.36"
::1 - - [16/Aug/2022:23:09:13 +0000] "POST / HTTP/1.0" 404 140 "-" "Mozilla/5.0 (X11; Linux x86_64) AppleWebKit/537.36 (KHTML, like Gecko) Chrome/81.0.4044.129 Safari/537.36"
::ffff:127.0.0.1 - - [16/Aug/2022:23:09:13 +0000] "GET /.env HTTP/1.0" 404 143 "-" "Mozilla/5.0 (X11; Linux x86_64) AppleWebKit/537.36 (KHTML, like Gecko) Chrome/81.0.4044.129 Safari/537.36"
::ffff:127.0.0.1 - - [16/Aug/2022:23:23:40 +0000] "GET / HTTP/1.0" 404 139 "-" "Mozilla/5.0 (Windows NT 10.0; Win64; x64) AppleWebKit/537.36 (KHTML, like Gecko) Chrome/60.0.3112.113 Safari/537.36"
::1 - - [16/Aug/2022:23:46:21 +0000] "GET /actuator/gateway/routes HTTP/1.0" 404 162 "-" "Mozilla/5.0 (Windows NT 10.0; Win64; x64) AppleWebKit/537.36 (KHTML, like Gecko) Chrome/78.0.3904.108 Safari/537.36"
::ffff:127.0.0.1 - - [16/Aug/2022:23:53:17 +0000] "GET / HTTP/1.0" 404 139 "-" "Go-http-client/1.1"
::1 - - [16/Aug/2022:23:59:56 +0000] "GET / HTTP/1.0" 404 139 "-" "Mozilla/5.0 zgrab/0.x"
